2026-10-06 11:47:46.185 | INFO     | __main__:run_feature_engineering:473 - ============================================================
2026-10-06 11:47:46.185 | INFO     | __main__:run_feature_engineering:474 - STEP 3 — FEATURE ENGINEERING
2026-10-06 11:47:46.185 | INFO     | __main__:run_feature_engineering:475 - ============================================================
2026-10-06 11:47:46.185 | INFO     | __main__:run_feature_engineering:478 - Loading datasets...
2026-10-06 11:47:46.243 | INFO     | __main__:load_external_data:89 -   External data loaded:
2026-10-06 11:47:46.243 | INFO     | __main__:load_external_data:90 -     FX:        1,293 rows (2002-01-07 → 2026-10-12)
2026-10-06 11:47:46.244 | INFO     | __main__:load_external_data:91 -     Fuel:      141 rows (2014-05-15 → 2026-10-12)
2026-10-06 11:47:46.244 | INFO     | __main__:load_external_data:92 -     Inflation: 563 rows
2026-10-06 11:47:46.244 | INFO     | __main__:load_external_data:93 -     Seasons:   1,293 rows
2026-10-06 11:47:46.244 | INFO     | __main__:run_feature_engineering:482 - 
Building feature matrices for 17 commodities...
2026-10-06 11:47:46.244 | DEBUG    | __main__:run_feature_engineering:486 -   Processing: Hibiscus
2026-10-06 11:47:46.295 | DEBUG    | __main__:validate_features:382 -   [Hibiscus] All feature checks passed
2026-10-06 11:47:46.336 | DEBUG    | __main__:save_features:443 -     Saved: /home/runner/work/Agrolinking-Intelligence/Agrolinking-Intelligence/data/processed/features/features_hibiscus.csv
2026-10-06 11:47:46.338 | INFO     | __main__:print_feature_summary:454 -   Hibiscus             |  877 rows |  79 features | null: 3.9% | price: ₦   2,600,000/MT | last: 2026-10-05
2026-10-06 11:47:46.338 | DEBUG    | __main__:run_feature_engineering:486 -   Processing: Sesame
2026-10-06 11:47:46.386 | DEBUG    | __main__:validate_features:382 -   [Sesame] All feature checks passed
2026-10-06 11:47:46.429 | DEBUG    | __main__:save_features:443 -     Saved: /home/runner/work/Agrolinking-Intelligence/Agrolinking-Intelligence/data/processed/features/features_sesame.csv
2026-10-06 11:47:46.430 | INFO     | __main__:print_feature_summary:454 -   Sesame               |  855 rows |  79 features | null: 3.9% | price: ₦   1,400,000/MT | last: 2026-10-05
2026-10-06 11:47:46.430 | DEBUG    | __main__:run_feature_engineering:486 -   Processing: Ginger
2026-10-06 11:47:46.478 | DEBUG    | __main__:validate_features:382 -   [Ginger] All feature checks passed
2026-10-06 11:47:46.544 | DEBUG    | __main__:save_features:443 -     Saved: /home/runner/work/Agrolinking-Intelligence/Agrolinking-Intelligence/data/processed/features/features_ginger.csv
2026-10-06 11:47:46.546 | INFO     | __main__:print_feature_summary:454 -   Ginger               | 1399 rows |  79 features | null: 6.1% | price: ₦   8,000,000/MT | last: 2026-10-05
2026-10-06 11:47:46.546 | DEBUG    | __main__:run_feature_engineering:486 -   Processing: Cocoa
2026-10-06 11:47:46.595 | DEBUG    | __main__:validate_features:382 -   [Cocoa] All feature checks passed
2026-10-06 11:47:46.670 | DEBUG    | __main__:save_features:443 -     Saved: /home/runner/work/Agrolinking-Intelligence/Agrolinking-Intelligence/data/processed/features/features_cocoa.csv
2026-10-06 11:47:46.672 | INFO     | __main__:print_feature_summary:454 -   Cocoa                | 1399 rows |  79 features | null: 5.8% | price: ₦   6,400,000/MT | last: 2026-10-05
2026-10-06 11:47:46.672 | DEBUG    | __main__:run_feature_engineering:486 -   Processing: Soybeans
2026-10-06 11:47:46.720 | DEBUG    | __main__:validate_features:382 -   [Soybeans] All feature checks passed
2026-10-06 11:47:46.791 | DEBUG    | __main__:save_features:443 -     Saved: /home/runner/work/Agrolinking-Intelligence/Agrolinking-Intelligence/data/processed/features/features_soybeans.csv
2026-10-06 11:47:46.793 | INFO     | __main__:print_feature_summary:454 -   Soybeans             | 1399 rows |  79 features | null: 6.0% | price: ₦     790,000/MT | last: 2026-10-05
2026-10-06 11:47:46.793 | DEBUG    | __main__:run_feature_engineering:486 -   Processing: Cashew Nuts
2026-10-06 11:47:46.842 | DEBUG    | __main__:validate_features:382 -   [Cashew Nuts] All feature checks passed
2026-10-06 11:47:46.884 | DEBUG    | __main__:save_features:443 -     Saved: /home/runner/work/Agrolinking-Intelligence/Agrolinking-Intelligence/data/processed/features/features_cashew_nuts.csv
2026-10-06 11:47:46.886 | INFO     | __main__:print_feature_summary:454 -   Cashew Nuts          |  877 rows |  79 features | null: 3.8% | price: ₦   1,900,000/MT | last: 2026-10-05
2026-10-06 11:47:46.886 | DEBUG    | __main__:run_feature_engineering:486 -   Processing: Sorghum
2026-10-06 11:47:46.933 | DEBUG    | __main__:validate_features:382 -   [Sorghum] All feature checks passed
2026-10-06 11:47:46.996 | DEBUG    | __main__:save_features:443 -     Saved: /home/runner/work/Agrolinking-Intelligence/Agrolinking-Intelligence/data/processed/features/features_sorghum.csv
2026-10-06 11:47:46.998 | INFO     | __main__:print_feature_summary:454 -   Sorghum              | 1293 rows |  79 features | null: 4.9% | price: ₦     345,000/MT | last: 2026-10-05
2026-10-06 11:47:46.998 | DEBUG    | __main__:run_feature_engineering:486 -   Processing: Beans (white)
2026-10-06 11:47:47.047 | DEBUG    | __main__:validate_features:382 -   [Beans (white)] All feature checks passed
2026-10-06 11:47:47.120 | DEBUG    | __main__:save_features:443 -     Saved: /home/runner/work/Agrolinking-Intelligence/Agrolinking-Intelligence/data/processed/features/features_beans_white.csv
2026-10-06 11:47:47.122 | INFO     | __main__:print_feature_summary:454 -   Beans (white)        | 1281 rows |  79 features | null: 4.9% | price: ₦   1,000,000/MT | last: 2026-07-13
2026-10-06 11:47:47.122 | DEBUG    | __main__:run_feature_engineering:486 -   Processing: Beans (red)
2026-10-06 11:47:47.168 | DEBUG    | __main__:validate_features:382 -   [Beans (red)] All feature checks passed
2026-10-06 11:47:47.195 | DEBUG    | __main__:save_features:443 -     Saved: /home/runner/work/Agrolinking-Intelligence/Agrolinking-Intelligence/data/processed/features/features_beans_red.csv
2026-10-06 11:47:47.197 | INFO     | __main__:print_feature_summary:454 -   Beans (red)          |  551 rows |  79 features | null: 5.2% | price: ₦   1,000,000/MT | last: 2026-07-13
2026-10-06 11:47:47.197 | DEBUG    | __main__:run_feature_engineering:486 -   Processing: Maize (white)
2026-10-06 11:47:47.243 | DEBUG    | __main__:validate_features:382 -   [Maize (white)] All feature checks passed
2026-10-06 11:47:47.303 | DEBUG    | __main__:save_features:443 -     Saved: /home/runner/work/Agrolinking-Intelligence/Agrolinking-Intelligence/data/processed/features/features_maize_white.csv
2026-10-06 11:47:47.305 | INFO     | __main__:print_feature_summary:454 -   Maize (white)        | 1283 rows |  79 features | null: 4.9% | price: ₦     641,141/MT | last: 2026-07-27
2026-10-06 11:47:47.305 | DEBUG    | __main__:run_feature_engineering:486 -   Processing: Maize (yellow)
2026-10-06 11:47:47.350 | DEBUG    | __main__:validate_features:382 -   [Maize (yellow)] All feature checks passed
2026-10-06 11:47:47.381 | DEBUG    | __main__:save_features:443 -     Saved: /home/runner/work/Agrolinking-Intelligence/Agrolinking-Intelligence/data/processed/features/features_maize_yellow.csv
2026-10-06 11:47:47.383 | INFO     | __main__:print_feature_summary:454 -   Maize (yellow)       |  640 rows |  79 features | null: 5.1% | price: ₦     690,974/MT | last: 2026-07-27
2026-10-06 11:47:47.383 | DEBUG    | __main__:run_feature_engineering:486 -   Processing: Wheat
2026-10-06 11:47:47.427 | DEBUG    | __main__:validate_features:382 -   [Wheat] All feature checks passed
2026-10-06 11:47:47.462 | DEBUG    | __main__:save_features:443 -     Saved: /home/runner/work/Agrolinking-Intelligence/Agrolinking-Intelligence/data/processed/features/features_wheat.csv
2026-10-06 11:47:47.463 | INFO     | __main__:print_feature_summary:454 -   Wheat                |  850 rows |  79 features | null: 3.9% | price: ₦     706,833/MT | last: 2026-04-13
2026-10-06 11:47:47.463 | DEBUG    | __main__:run_feature_engineering:486 -   Processing: Rice
2026-10-06 11:47:47.509 | DEBUG    | __main__:validate_features:382 -   [Rice] All feature checks passed
2026-10-06 11:47:47.569 | DEBUG    | __main__:save_features:443 -     Saved: /home/runner/work/Agrolinking-Intelligence/Agrolinking-Intelligence/data/processed/features/features_rice.csv
2026-10-06 11:47:47.570 | INFO     | __main__:print_feature_summary:454 -   Rice                 | 1283 rows |  79 features | null: 4.9% | price: ₦   1,904,320/MT | last: 2026-07-27
2026-10-06 11:47:47.570 | DEBUG    | __main__:run_feature_engineering:486 -   Processing: Meat (beef)
2026-10-06 11:47:47.615 | DEBUG    | __main__:validate_features:382 -   [Meat (beef)] All feature checks passed
2026-10-06 11:47:47.640 | DEBUG    | __main__:save_features:443 -     Saved: /home/runner/work/Agrolinking-Intelligence/Agrolinking-Intelligence/data/processed/features/features_meat_beef.csv
2026-10-06 11:47:47.641 | INFO     | __main__:print_feature_summary:454 -   Meat (beef)          |  531 rows |  79 features | null: 5.2% | price: ₦   5,755,214/MT | last: 2026-07-27
2026-10-06 11:47:47.641 | DEBUG    | __main__:run_feature_engineering:486 -   Processing: Meat (goat)
2026-10-06 11:47:47.686 | DEBUG    | __main__:validate_features:382 -   [Meat (goat)] All feature checks passed
2026-10-06 11:47:47.712 | DEBUG    | __main__:save_features:443 -     Saved: /home/runner/work/Agrolinking-Intelligence/Agrolinking-Intelligence/data/processed/features/features_meat_goat.csv
2026-10-06 11:47:47.713 | INFO     | __main__:print_feature_summary:454 -   Meat (goat)          |  553 rows |  79 features | null: 5.2% | price: ₦   5,713,510/MT | last: 2026-07-27
2026-10-06 11:47:47.713 | DEBUG    | __main__:run_feature_engineering:486 -   Processing: Fish (dried)
2026-10-06 11:47:47.758 | DEBUG    | __main__:validate_features:382 -   [Fish (dried)] All feature checks passed
2026-10-06 11:47:47.783 | DEBUG    | __main__:save_features:443 -     Saved: /home/runner/work/Agrolinking-Intelligence/Agrolinking-Intelligence/data/processed/features/features_fish_dried.csv
2026-10-06 11:47:47.785 | INFO     | __main__:print_feature_summary:454 -   Fish (dried)         |  553 rows |  79 features | null: 5.2% | price: ₦   1,547,895/MT | last: 2026-07-27
2026-10-06 11:47:47.785 | DEBUG    | __main__:run_feature_engineering:486 -   Processing: Eggs
2026-10-06 11:47:47.829 | DEBUG    | __main__:validate_features:382 -   [Eggs] All feature checks passed
2026-10-06 11:47:47.853 | DEBUG    | __main__:save_features:443 -     Saved: /home/runner/work/Agrolinking-Intelligence/Agrolinking-Intelligence/data/processed/features/features_eggs.csv
2026-10-06 11:47:47.854 | INFO     | __main__:print_feature_summary:454 -   Eggs                 |  527 rows |  79 features | null: 5.2% | price: ₦       6,607/MT | last: 2026-07-27
2026-10-06 11:47:47.855 | INFO     | __main__:run_feature_engineering:498 - 
Feature columns (example — Sorghum):
2026-10-06 11:47:47.855 | INFO     | __main__:run_feature_engineering:501 -   Total: 84 columns
2026-10-06 11:47:47.855 | INFO     | __main__:run_feature_engineering:507 -   Model features: 71
2026-10-06 11:47:47.855 | DEBUG    | __main__:run_feature_engineering:509 -     ['price_ngn_mt', 'fx_rate', 'rainfall_index', 'data_quality_score', 'price_raw_ngn_mt']
2026-10-06 11:47:47.855 | DEBUG    | __main__:run_feature_engineering:509 -     ['fx_rate_usd_ngn', 'fuel_diesel_ngn_litre', 'fuel_petrol_ngn_litre', 'headline_inflation_yoy', 'food_inflation_yoy']
2026-10-06 11:47:47.855 | DEBUG    | __main__:run_feature_engineering:509 -     ['season_dry', 'season_rainy', 'season_planting', 'season_planting_early', 'season_planting_late']
2026-10-06 11:47:47.855 | DEBUG    | __main__:run_feature_engineering:509 -     ['season_harvesting', 'season_harvest_early', 'season_harvest_lean', 'cashew_harvest', 'cocoa_main_crop']
2026-10-06 11:47:47.855 | DEBUG    | __main__:run_feature_engineering:509 -     ['cocoa_mid_crop', 'sesame_harvest', 'ginger_harvest', 'hibiscus_harvest', 'sorghum_harvest']
2026-10-06 11:47:47.855 | DEBUG    | __main__:run_feature_engineering:509 -     ['maize_harvest', 'soybean_harvest', 'is_ramadan', 'is_lean_season', 'is_festive_period']
2026-10-06 11:47:47.855 | DEBUG    | __main__:run_feature_engineering:509 -     ['month_sin', 'month_cos', 'week_sin', 'week_cos', 'wheat_harvest']
2026-10-06 11:47:47.855 | DEBUG    | __main__:run_feature_engineering:509 -     ['price_usd_mt', 'price_lag_1w', 'price_lag_2w', 'price_lag_4w', 'price_lag_8w']
2026-10-06 11:47:47.856 | DEBUG    | __main__:run_feature_engineering:509 -     ['price_lag_12w', 'price_lag_26w', 'price_lag_52w', 'rolling_mean_4w', 'rolling_std_4w']
2026-10-06 11:47:47.856 | DEBUG    | __main__:run_feature_engineering:509 -     ['rolling_mean_8w', 'rolling_std_8w', 'rolling_mean_12w', 'rolling_std_12w', 'rolling_mean_26w']
2026-10-06 11:47:47.856 | DEBUG    | __main__:run_feature_engineering:509 -     ['rolling_std_26w', 'rolling_max_4w', 'rolling_min_4w', 'rolling_max_12w', 'rolling_min_12w']
2026-10-06 11:47:47.856 | DEBUG    | __main__:run_feature_engineering:509 -     ['pct_change_1w', 'pct_change_4w', 'pct_change_12w', 'pct_change_52w', 'momentum_4w_vs_26w']
2026-10-06 11:47:47.856 | DEBUG    | __main__:run_feature_engineering:509 -     ['acceleration_1w', 'price_zscore_52w', 'log_price', 'fuel_cost_index', 'shock_active']
2026-10-06 11:47:47.856 | DEBUG    | __main__:run_feature_engineering:509 -     ['shock_severity', 'commodity_season_score', 'price_real_ngn_mt', 'weeks_since_start', 'year']
2026-10-06 11:47:47.856 | DEBUG    | __main__:run_feature_engineering:509 -     ['quarter']
2026-10-06 11:47:47.856 | INFO     | __main__:run_feature_engineering:511 - ============================================================
2026-10-06 11:47:47.856 | SUCCESS  | __main__:run_feature_engineering:512 - FEATURE ENGINEERING COMPLETE — 17 commodities
2026-10-06 11:47:47.856 | INFO     | __main__:run_feature_engineering:513 - ============================================================
2026-10-06 11:55:26.002 | INFO     | __main__:run_feature_engineering:473 - ============================================================
2026-10-06 11:55:26.002 | INFO     | __main__:run_feature_engineering:474 - STEP 3 — FEATURE ENGINEERING
2026-10-06 11:55:26.002 | INFO     | __main__:run_feature_engineering:475 - ============================================================
2026-10-06 11:55:26.003 | INFO     | __main__:run_feature_engineering:478 - Loading datasets...
2026-10-06 11:55:26.057 | INFO     | __main__:load_external_data:89 -   External data loaded:
2026-10-06 11:55:26.058 | INFO     | __main__:load_external_data:90 -     FX:        1,293 rows (2002-01-07 → 2026-10-12)
2026-10-06 11:55:26.058 | INFO     | __main__:load_external_data:91 -     Fuel:      141 rows (2014-05-15 → 2026-10-12)
2026-10-06 11:55:26.058 | INFO     | __main__:load_external_data:92 -     Inflation: 563 rows
2026-10-06 11:55:26.059 | INFO     | __main__:load_external_data:93 -     Seasons:   1,293 rows
2026-10-06 11:55:26.059 | INFO     | __main__:run_feature_engineering:482 - 
Building feature matrices for 17 commodities...
2026-10-06 11:55:26.059 | DEBUG    | __main__:run_feature_engineering:486 -   Processing: Hibiscus
2026-10-06 11:55:26.110 | DEBUG    | __main__:validate_features:382 -   [Hibiscus] All feature checks passed
2026-10-06 11:55:26.153 | DEBUG    | __main__:save_features:443 -     Saved: /home/runner/work/Agrolinking-Intelligence/Agrolinking-Intelligence/data/processed/features/features_hibiscus.csv
2026-10-06 11:55:26.155 | INFO     | __main__:print_feature_summary:454 -   Hibiscus             |  877 rows |  79 features | null: 3.9% | price: ₦   2,600,000/MT | last: 2026-10-05
2026-10-06 11:55:26.155 | DEBUG    | __main__:run_feature_engineering:486 -   Processing: Sesame
2026-10-06 11:55:26.203 | DEBUG    | __main__:validate_features:382 -   [Sesame] All feature checks passed
2026-10-06 11:55:26.247 | DEBUG    | __main__:save_features:443 -     Saved: /home/runner/work/Agrolinking-Intelligence/Agrolinking-Intelligence/data/processed/features/features_sesame.csv
2026-10-06 11:55:26.249 | INFO     | __main__:print_feature_summary:454 -   Sesame               |  855 rows |  79 features | null: 3.9% | price: ₦   1,400,000/MT | last: 2026-10-05
2026-10-06 11:55:26.249 | DEBUG    | __main__:run_feature_engineering:486 -   Processing: Ginger
2026-10-06 11:55:26.297 | DEBUG    | __main__:validate_features:382 -   [Ginger] All feature checks passed
2026-10-06 11:55:26.368 | DEBUG    | __main__:save_features:443 -     Saved: /home/runner/work/Agrolinking-Intelligence/Agrolinking-Intelligence/data/processed/features/features_ginger.csv
2026-10-06 11:55:26.370 | INFO     | __main__:print_feature_summary:454 -   Ginger               | 1399 rows |  79 features | null: 6.1% | price: ₦   8,000,000/MT | last: 2026-10-05
2026-10-06 11:55:26.370 | DEBUG    | __main__:run_feature_engineering:486 -   Processing: Cocoa
2026-10-06 11:55:26.418 | DEBUG    | __main__:validate_features:382 -   [Cocoa] All feature checks passed
2026-10-06 11:55:26.496 | DEBUG    | __main__:save_features:443 -     Saved: /home/runner/work/Agrolinking-Intelligence/Agrolinking-Intelligence/data/processed/features/features_cocoa.csv
2026-10-06 11:55:26.498 | INFO     | __main__:print_feature_summary:454 -   Cocoa                | 1399 rows |  79 features | null: 5.8% | price: ₦   6,400,000/MT | last: 2026-10-05
2026-10-06 11:55:26.498 | DEBUG    | __main__:run_feature_engineering:486 -   Processing: Soybeans
2026-10-06 11:55:26.545 | DEBUG    | __main__:validate_features:382 -   [Soybeans] All feature checks passed
2026-10-06 11:55:26.618 | DEBUG    | __main__:save_features:443 -     Saved: /home/runner/work/Agrolinking-Intelligence/Agrolinking-Intelligence/data/processed/features/features_soybeans.csv
2026-10-06 11:55:26.620 | INFO     | __main__:print_feature_summary:454 -   Soybeans             | 1399 rows |  79 features | null: 6.0% | price: ₦     790,000/MT | last: 2026-10-05
2026-10-06 11:55:26.620 | DEBUG    | __main__:run_feature_engineering:486 -   Processing: Cashew Nuts
2026-10-06 11:55:26.668 | DEBUG    | __main__:validate_features:382 -   [Cashew Nuts] All feature checks passed
2026-10-06 11:55:26.711 | DEBUG    | __main__:save_features:443 -     Saved: /home/runner/work/Agrolinking-Intelligence/Agrolinking-Intelligence/data/processed/features/features_cashew_nuts.csv
2026-10-06 11:55:26.713 | INFO     | __main__:print_feature_summary:454 -   Cashew Nuts          |  877 rows |  79 features | null: 3.8% | price: ₦   1,900,000/MT | last: 2026-10-05
2026-10-06 11:55:26.713 | DEBUG    | __main__:run_feature_engineering:486 -   Processing: Sorghum
2026-10-06 11:55:26.761 | DEBUG    | __main__:validate_features:382 -   [Sorghum] All feature checks passed
2026-10-06 11:55:26.826 | DEBUG    | __main__:save_features:443 -     Saved: /home/runner/work/Agrolinking-Intelligence/Agrolinking-Intelligence/data/processed/features/features_sorghum.csv
2026-10-06 11:55:26.828 | INFO     | __main__:print_feature_summary:454 -   Sorghum              | 1293 rows |  79 features | null: 4.9% | price: ₦     345,000/MT | last: 2026-10-05
2026-10-06 11:55:26.828 | DEBUG    | __main__:run_feature_engineering:486 -   Processing: Beans (white)
2026-10-06 11:55:26.877 | DEBUG    | __main__:validate_features:382 -   [Beans (white)] All feature checks passed
2026-10-06 11:55:26.946 | DEBUG    | __main__:save_features:443 -     Saved: /home/runner/work/Agrolinking-Intelligence/Agrolinking-Intelligence/data/processed/features/features_beans_white.csv
2026-10-06 11:55:26.948 | INFO     | __main__:print_feature_summary:454 -   Beans (white)        | 1281 rows |  79 features | null: 4.9% | price: ₦   1,000,000/MT | last: 2026-07-13
2026-10-06 11:55:26.948 | DEBUG    | __main__:run_feature_engineering:486 -   Processing: Beans (red)
2026-10-06 11:55:26.994 | DEBUG    | __main__:validate_features:382 -   [Beans (red)] All feature checks passed
2026-10-06 11:55:27.022 | DEBUG    | __main__:save_features:443 -     Saved: /home/runner/work/Agrolinking-Intelligence/Agrolinking-Intelligence/data/processed/features/features_beans_red.csv
2026-10-06 11:55:27.023 | INFO     | __main__:print_feature_summary:454 -   Beans (red)          |  551 rows |  79 features | null: 5.2% | price: ₦   1,000,000/MT | last: 2026-07-13
2026-10-06 11:55:27.023 | DEBUG    | __main__:run_feature_engineering:486 -   Processing: Maize (white)
2026-10-06 11:55:27.071 | DEBUG    | __main__:validate_features:382 -   [Maize (white)] All feature checks passed
2026-10-06 11:55:27.134 | DEBUG    | __main__:save_features:443 -     Saved: /home/runner/work/Agrolinking-Intelligence/Agrolinking-Intelligence/data/processed/features/features_maize_white.csv
2026-10-06 11:55:27.136 | INFO     | __main__:print_feature_summary:454 -   Maize (white)        | 1283 rows |  79 features | null: 4.9% | price: ₦     641,141/MT | last: 2026-07-27
2026-10-06 11:55:27.136 | DEBUG    | __main__:run_feature_engineering:486 -   Processing: Maize (yellow)
2026-10-06 11:55:27.181 | DEBUG    | __main__:validate_features:382 -   [Maize (yellow)] All feature checks passed
2026-10-06 11:55:27.213 | DEBUG    | __main__:save_features:443 -     Saved: /home/runner/work/Agrolinking-Intelligence/Agrolinking-Intelligence/data/processed/features/features_maize_yellow.csv
2026-10-06 11:55:27.215 | INFO     | __main__:print_feature_summary:454 -   Maize (yellow)       |  640 rows |  79 features | null: 5.1% | price: ₦     690,974/MT | last: 2026-07-27
2026-10-06 11:55:27.215 | DEBUG    | __main__:run_feature_engineering:486 -   Processing: Wheat
2026-10-06 11:55:27.261 | DEBUG    | __main__:validate_features:382 -   [Wheat] All feature checks passed
2026-10-06 11:55:27.297 | DEBUG    | __main__:save_features:443 -     Saved: /home/runner/work/Agrolinking-Intelligence/Agrolinking-Intelligence/data/processed/features/features_wheat.csv
2026-10-06 11:55:27.298 | INFO     | __main__:print_feature_summary:454 -   Wheat                |  850 rows |  79 features | null: 3.9% | price: ₦     706,833/MT | last: 2026-04-13
2026-10-06 11:55:27.299 | DEBUG    | __main__:run_feature_engineering:486 -   Processing: Rice
2026-10-06 11:55:27.346 | DEBUG    | __main__:validate_features:382 -   [Rice] All feature checks passed
2026-10-06 11:55:27.408 | DEBUG    | __main__:save_features:443 -     Saved: /home/runner/work/Agrolinking-Intelligence/Agrolinking-Intelligence/data/processed/features/features_rice.csv
2026-10-06 11:55:27.410 | INFO     | __main__:print_feature_summary:454 -   Rice                 | 1283 rows |  79 features | null: 4.9% | price: ₦   1,904,320/MT | last: 2026-07-27
2026-10-06 11:55:27.410 | DEBUG    | __main__:run_feature_engineering:486 -   Processing: Meat (beef)
2026-10-06 11:55:27.456 | DEBUG    | __main__:validate_features:382 -   [Meat (beef)] All feature checks passed
2026-10-06 11:55:27.482 | DEBUG    | __main__:save_features:443 -     Saved: /home/runner/work/Agrolinking-Intelligence/Agrolinking-Intelligence/data/processed/features/features_meat_beef.csv
2026-10-06 11:55:27.484 | INFO     | __main__:print_feature_summary:454 -   Meat (beef)          |  531 rows |  79 features | null: 5.2% | price: ₦   5,755,214/MT | last: 2026-07-27
2026-10-06 11:55:27.484 | DEBUG    | __main__:run_feature_engineering:486 -   Processing: Meat (goat)
2026-10-06 11:55:27.530 | DEBUG    | __main__:validate_features:382 -   [Meat (goat)] All feature checks passed
2026-10-06 11:55:27.556 | DEBUG    | __main__:save_features:443 -     Saved: /home/runner/work/Agrolinking-Intelligence/Agrolinking-Intelligence/data/processed/features/features_meat_goat.csv
2026-10-06 11:55:27.558 | INFO     | __main__:print_feature_summary:454 -   Meat (goat)          |  553 rows |  79 features | null: 5.2% | price: ₦   5,713,510/MT | last: 2026-07-27
2026-10-06 11:55:27.558 | DEBUG    | __main__:run_feature_engineering:486 -   Processing: Fish (dried)
2026-10-06 11:55:27.604 | DEBUG    | __main__:validate_features:382 -   [Fish (dried)] All feature checks passed
2026-10-06 11:55:27.630 | DEBUG    | __main__:save_features:443 -     Saved: /home/runner/work/Agrolinking-Intelligence/Agrolinking-Intelligence/data/processed/features/features_fish_dried.csv
2026-10-06 11:55:27.632 | INFO     | __main__:print_feature_summary:454 -   Fish (dried)         |  553 rows |  79 features | null: 5.2% | price: ₦   1,547,895/MT | last: 2026-07-27
2026-10-06 11:55:27.632 | DEBUG    | __main__:run_feature_engineering:486 -   Processing: Eggs
2026-10-06 11:55:27.677 | DEBUG    | __main__:validate_features:382 -   [Eggs] All feature checks passed
2026-10-06 11:55:27.702 | DEBUG    | __main__:save_features:443 -     Saved: /home/runner/work/Agrolinking-Intelligence/Agrolinking-Intelligence/data/processed/features/features_eggs.csv
2026-10-06 11:55:27.704 | INFO     | __main__:print_feature_summary:454 -   Eggs                 |  527 rows |  79 features | null: 5.2% | price: ₦       6,607/MT | last: 2026-07-27
2026-10-06 11:55:27.704 | INFO     | __main__:run_feature_engineering:498 - 
Feature columns (example — Sorghum):
2026-10-06 11:55:27.704 | INFO     | __main__:run_feature_engineering:501 -   Total: 84 columns
2026-10-06 11:55:27.704 | INFO     | __main__:run_feature_engineering:507 -   Model features: 71
2026-10-06 11:55:27.704 | DEBUG    | __main__:run_feature_engineering:509 -     ['price_ngn_mt', 'fx_rate', 'rainfall_index', 'data_quality_score', 'price_raw_ngn_mt']
2026-10-06 11:55:27.704 | DEBUG    | __main__:run_feature_engineering:509 -     ['fx_rate_usd_ngn', 'fuel_diesel_ngn_litre', 'fuel_petrol_ngn_litre', 'headline_inflation_yoy', 'food_inflation_yoy']
2026-10-06 11:55:27.704 | DEBUG    | __main__:run_feature_engineering:509 -     ['season_dry', 'season_rainy', 'season_planting', 'season_planting_early', 'season_planting_late']
2026-10-06 11:55:27.704 | DEBUG    | __main__:run_feature_engineering:509 -     ['season_harvesting', 'season_harvest_early', 'season_harvest_lean', 'cashew_harvest', 'cocoa_main_crop']
2026-10-06 11:55:27.705 | DEBUG    | __main__:run_feature_engineering:509 -     ['cocoa_mid_crop', 'sesame_harvest', 'ginger_harvest', 'hibiscus_harvest', 'sorghum_harvest']
2026-10-06 11:55:27.705 | DEBUG    | __main__:run_feature_engineering:509 -     ['maize_harvest', 'soybean_harvest', 'is_ramadan', 'is_lean_season', 'is_festive_period']
2026-10-06 11:55:27.705 | DEBUG    | __main__:run_feature_engineering:509 -     ['month_sin', 'month_cos', 'week_sin', 'week_cos', 'wheat_harvest']
2026-10-06 11:55:27.705 | DEBUG    | __main__:run_feature_engineering:509 -     ['price_usd_mt', 'price_lag_1w', 'price_lag_2w', 'price_lag_4w', 'price_lag_8w']
2026-10-06 11:55:27.705 | DEBUG    | __main__:run_feature_engineering:509 -     ['price_lag_12w', 'price_lag_26w', 'price_lag_52w', 'rolling_mean_4w', 'rolling_std_4w']
2026-10-06 11:55:27.705 | DEBUG    | __main__:run_feature_engineering:509 -     ['rolling_mean_8w', 'rolling_std_8w', 'rolling_mean_12w', 'rolling_std_12w', 'rolling_mean_26w']
2026-10-06 11:55:27.705 | DEBUG    | __main__:run_feature_engineering:509 -     ['rolling_std_26w', 'rolling_max_4w', 'rolling_min_4w', 'rolling_max_12w', 'rolling_min_12w']
2026-10-06 11:55:27.705 | DEBUG    | __main__:run_feature_engineering:509 -     ['pct_change_1w', 'pct_change_4w', 'pct_change_12w', 'pct_change_52w', 'momentum_4w_vs_26w']
2026-10-06 11:55:27.705 | DEBUG    | __main__:run_feature_engineering:509 -     ['acceleration_1w', 'price_zscore_52w', 'log_price', 'fuel_cost_index', 'shock_active']
2026-10-06 11:55:27.705 | DEBUG    | __main__:run_feature_engineering:509 -     ['shock_severity', 'commodity_season_score', 'price_real_ngn_mt', 'weeks_since_start', 'year']
2026-10-06 11:55:27.705 | DEBUG    | __main__:run_feature_engineering:509 -     ['quarter']
2026-10-06 11:55:27.705 | INFO     | __main__:run_feature_engineering:511 - ============================================================
2026-10-06 11:55:27.706 | SUCCESS  | __main__:run_feature_engineering:512 - FEATURE ENGINEERING COMPLETE — 17 commodities
2026-10-06 11:55:27.706 | INFO     | __main__:run_feature_engineering:513 - ============================================================
