2026-09-25 10:06:48.603 | INFO     | __main__:run_feature_engineering:473 - ============================================================
2026-09-25 10:06:48.603 | INFO     | __main__:run_feature_engineering:474 - STEP 3 — FEATURE ENGINEERING
2026-09-25 10:06:48.603 | INFO     | __main__:run_feature_engineering:475 - ============================================================
2026-09-25 10:06:48.603 | INFO     | __main__:run_feature_engineering:478 - Loading datasets...
2026-09-25 10:06:48.650 | INFO     | __main__:load_external_data:89 -   External data loaded:
2026-09-25 10:06:48.650 | INFO     | __main__:load_external_data:90 -     FX:        1,293 rows (2002-01-07 → 2026-10-12)
2026-09-25 10:06:48.651 | INFO     | __main__:load_external_data:91 -     Fuel:      141 rows (2014-05-15 → 2026-10-12)
2026-09-25 10:06:48.651 | INFO     | __main__:load_external_data:92 -     Inflation: 563 rows
2026-09-25 10:06:48.651 | INFO     | __main__:load_external_data:93 -     Seasons:   1,293 rows
2026-09-25 10:06:48.651 | INFO     | __main__:run_feature_engineering:482 - 
Building feature matrices for 17 commodities...
2026-09-25 10:06:48.651 | DEBUG    | __main__:run_feature_engineering:486 -   Processing: Hibiscus
2026-09-25 10:06:48.692 | DEBUG    | __main__:validate_features:382 -   [Hibiscus] All feature checks passed
2026-09-25 10:06:48.735 | DEBUG    | __main__:save_features:443 -     Saved: /home/runner/work/Agrolinking-Intelligence/Agrolinking-Intelligence/data/processed/features/features_hibiscus.csv
2026-09-25 10:06:48.737 | INFO     | __main__:print_feature_summary:454 -   Hibiscus             |  871 rows |  79 features | null: 3.9% | price: ₦   2,550,000/MT | last: 2026-08-24
2026-09-25 10:06:48.737 | DEBUG    | __main__:run_feature_engineering:486 -   Processing: Sesame
2026-09-25 10:06:48.775 | DEBUG    | __main__:validate_features:382 -   [Sesame] All feature checks passed
2026-09-25 10:06:48.817 | DEBUG    | __main__:save_features:443 -     Saved: /home/runner/work/Agrolinking-Intelligence/Agrolinking-Intelligence/data/processed/features/features_sesame.csv
2026-09-25 10:06:48.818 | INFO     | __main__:print_feature_summary:454 -   Sesame               |  849 rows |  79 features | null: 3.9% | price: ₦   1,470,000/MT | last: 2026-08-24
2026-09-25 10:06:48.818 | DEBUG    | __main__:run_feature_engineering:486 -   Processing: Ginger
2026-09-25 10:06:48.858 | DEBUG    | __main__:validate_features:382 -   [Ginger] All feature checks passed
2026-09-25 10:06:48.925 | DEBUG    | __main__:save_features:443 -     Saved: /home/runner/work/Agrolinking-Intelligence/Agrolinking-Intelligence/data/processed/features/features_ginger.csv
2026-09-25 10:06:48.927 | INFO     | __main__:print_feature_summary:454 -   Ginger               | 1393 rows |  79 features | null: 6.1% | price: ₦   9,200,000/MT | last: 2026-08-24
2026-09-25 10:06:48.927 | DEBUG    | __main__:run_feature_engineering:486 -   Processing: Cocoa
2026-09-25 10:06:48.965 | DEBUG    | __main__:validate_features:382 -   [Cocoa] All feature checks passed
2026-09-25 10:06:49.033 | DEBUG    | __main__:save_features:443 -     Saved: /home/runner/work/Agrolinking-Intelligence/Agrolinking-Intelligence/data/processed/features/features_cocoa.csv
2026-09-25 10:06:49.034 | INFO     | __main__:print_feature_summary:454 -   Cocoa                | 1393 rows |  79 features | null: 5.8% | price: ₦   4,800,000/MT | last: 2026-08-24
2026-09-25 10:06:49.034 | DEBUG    | __main__:run_feature_engineering:486 -   Processing: Soybeans
2026-09-25 10:06:49.071 | DEBUG    | __main__:validate_features:382 -   [Soybeans] All feature checks passed
2026-09-25 10:06:49.136 | DEBUG    | __main__:save_features:443 -     Saved: /home/runner/work/Agrolinking-Intelligence/Agrolinking-Intelligence/data/processed/features/features_soybeans.csv
2026-09-25 10:06:49.137 | INFO     | __main__:print_feature_summary:454 -   Soybeans             | 1393 rows |  79 features | null: 6.0% | price: ₦     820,000/MT | last: 2026-08-24
2026-09-25 10:06:49.137 | DEBUG    | __main__:run_feature_engineering:486 -   Processing: Cashew Nuts
2026-09-25 10:06:49.174 | DEBUG    | __main__:validate_features:382 -   [Cashew Nuts] All feature checks passed
2026-09-25 10:06:49.214 | DEBUG    | __main__:save_features:443 -     Saved: /home/runner/work/Agrolinking-Intelligence/Agrolinking-Intelligence/data/processed/features/features_cashew_nuts.csv
2026-09-25 10:06:49.215 | INFO     | __main__:print_feature_summary:454 -   Cashew Nuts          |  871 rows |  79 features | null: 3.8% | price: ₦   1,900,000/MT | last: 2026-08-24
2026-09-25 10:06:49.215 | DEBUG    | __main__:run_feature_engineering:486 -   Processing: Sorghum
2026-09-25 10:06:49.253 | DEBUG    | __main__:validate_features:382 -   [Sorghum] All feature checks passed
2026-09-25 10:06:49.317 | DEBUG    | __main__:save_features:443 -     Saved: /home/runner/work/Agrolinking-Intelligence/Agrolinking-Intelligence/data/processed/features/features_sorghum.csv
2026-09-25 10:06:49.319 | INFO     | __main__:print_feature_summary:454 -   Sorghum              | 1287 rows |  79 features | null: 4.9% | price: ₦     344,000/MT | last: 2026-08-24
2026-09-25 10:06:49.319 | DEBUG    | __main__:run_feature_engineering:486 -   Processing: Beans (white)
2026-09-25 10:06:49.358 | DEBUG    | __main__:validate_features:382 -   [Beans (white)] All feature checks passed
2026-09-25 10:06:49.432 | DEBUG    | __main__:save_features:443 -     Saved: /home/runner/work/Agrolinking-Intelligence/Agrolinking-Intelligence/data/processed/features/features_beans_white.csv
2026-09-25 10:06:49.434 | INFO     | __main__:print_feature_summary:454 -   Beans (white)        | 1281 rows |  79 features | null: 4.9% | price: ₦   1,000,000/MT | last: 2026-07-13
2026-09-25 10:06:49.434 | DEBUG    | __main__:run_feature_engineering:486 -   Processing: Beans (red)
2026-09-25 10:06:49.471 | DEBUG    | __main__:validate_features:382 -   [Beans (red)] All feature checks passed
2026-09-25 10:06:49.500 | DEBUG    | __main__:save_features:443 -     Saved: /home/runner/work/Agrolinking-Intelligence/Agrolinking-Intelligence/data/processed/features/features_beans_red.csv
2026-09-25 10:06:49.501 | INFO     | __main__:print_feature_summary:454 -   Beans (red)          |  551 rows |  79 features | null: 5.2% | price: ₦   1,000,000/MT | last: 2026-07-13
2026-09-25 10:06:49.501 | DEBUG    | __main__:run_feature_engineering:486 -   Processing: Maize (white)
2026-09-25 10:06:49.540 | DEBUG    | __main__:validate_features:382 -   [Maize (white)] All feature checks passed
2026-09-25 10:06:49.605 | DEBUG    | __main__:save_features:443 -     Saved: /home/runner/work/Agrolinking-Intelligence/Agrolinking-Intelligence/data/processed/features/features_maize_white.csv
2026-09-25 10:06:49.607 | INFO     | __main__:print_feature_summary:454 -   Maize (white)        | 1283 rows |  79 features | null: 4.9% | price: ₦     641,141/MT | last: 2026-07-27
2026-09-25 10:06:49.607 | DEBUG    | __main__:run_feature_engineering:486 -   Processing: Maize (yellow)
2026-09-25 10:06:49.644 | DEBUG    | __main__:validate_features:382 -   [Maize (yellow)] All feature checks passed
2026-09-25 10:06:49.676 | DEBUG    | __main__:save_features:443 -     Saved: /home/runner/work/Agrolinking-Intelligence/Agrolinking-Intelligence/data/processed/features/features_maize_yellow.csv
2026-09-25 10:06:49.678 | INFO     | __main__:print_feature_summary:454 -   Maize (yellow)       |  640 rows |  79 features | null: 5.1% | price: ₦     690,974/MT | last: 2026-07-27
2026-09-25 10:06:49.678 | DEBUG    | __main__:run_feature_engineering:486 -   Processing: Wheat
2026-09-25 10:06:49.715 | DEBUG    | __main__:validate_features:382 -   [Wheat] All feature checks passed
2026-09-25 10:06:49.751 | DEBUG    | __main__:save_features:443 -     Saved: /home/runner/work/Agrolinking-Intelligence/Agrolinking-Intelligence/data/processed/features/features_wheat.csv
2026-09-25 10:06:49.752 | INFO     | __main__:print_feature_summary:454 -   Wheat                |  850 rows |  79 features | null: 3.9% | price: ₦     706,833/MT | last: 2026-04-13
2026-09-25 10:06:49.752 | DEBUG    | __main__:run_feature_engineering:486 -   Processing: Rice
2026-09-25 10:06:49.790 | DEBUG    | __main__:validate_features:382 -   [Rice] All feature checks passed
2026-09-25 10:06:49.852 | DEBUG    | __main__:save_features:443 -     Saved: /home/runner/work/Agrolinking-Intelligence/Agrolinking-Intelligence/data/processed/features/features_rice.csv
2026-09-25 10:06:49.854 | INFO     | __main__:print_feature_summary:454 -   Rice                 | 1283 rows |  79 features | null: 4.9% | price: ₦   1,904,320/MT | last: 2026-07-27
2026-09-25 10:06:49.854 | DEBUG    | __main__:run_feature_engineering:486 -   Processing: Meat (beef)
2026-09-25 10:06:49.890 | DEBUG    | __main__:validate_features:382 -   [Meat (beef)] All feature checks passed
2026-09-25 10:06:49.916 | DEBUG    | __main__:save_features:443 -     Saved: /home/runner/work/Agrolinking-Intelligence/Agrolinking-Intelligence/data/processed/features/features_meat_beef.csv
2026-09-25 10:06:49.917 | INFO     | __main__:print_feature_summary:454 -   Meat (beef)          |  531 rows |  79 features | null: 5.2% | price: ₦   5,755,214/MT | last: 2026-07-27
2026-09-25 10:06:49.917 | DEBUG    | __main__:run_feature_engineering:486 -   Processing: Meat (goat)
2026-09-25 10:06:49.953 | DEBUG    | __main__:validate_features:382 -   [Meat (goat)] All feature checks passed
2026-09-25 10:06:49.980 | DEBUG    | __main__:save_features:443 -     Saved: /home/runner/work/Agrolinking-Intelligence/Agrolinking-Intelligence/data/processed/features/features_meat_goat.csv
2026-09-25 10:06:49.981 | INFO     | __main__:print_feature_summary:454 -   Meat (goat)          |  553 rows |  79 features | null: 5.2% | price: ₦   5,713,510/MT | last: 2026-07-27
2026-09-25 10:06:49.981 | DEBUG    | __main__:run_feature_engineering:486 -   Processing: Fish (dried)
2026-09-25 10:06:50.017 | DEBUG    | __main__:validate_features:382 -   [Fish (dried)] All feature checks passed
2026-09-25 10:06:50.041 | DEBUG    | __main__:save_features:443 -     Saved: /home/runner/work/Agrolinking-Intelligence/Agrolinking-Intelligence/data/processed/features/features_fish_dried.csv
2026-09-25 10:06:50.042 | INFO     | __main__:print_feature_summary:454 -   Fish (dried)         |  553 rows |  79 features | null: 5.2% | price: ₦   1,547,895/MT | last: 2026-07-27
2026-09-25 10:06:50.042 | DEBUG    | __main__:run_feature_engineering:486 -   Processing: Eggs
2026-09-25 10:06:50.076 | DEBUG    | __main__:validate_features:382 -   [Eggs] All feature checks passed
2026-09-25 10:06:50.101 | DEBUG    | __main__:save_features:443 -     Saved: /home/runner/work/Agrolinking-Intelligence/Agrolinking-Intelligence/data/processed/features/features_eggs.csv
2026-09-25 10:06:50.102 | INFO     | __main__:print_feature_summary:454 -   Eggs                 |  527 rows |  79 features | null: 5.2% | price: ₦       6,607/MT | last: 2026-07-27
2026-09-25 10:06:50.102 | INFO     | __main__:run_feature_engineering:498 - 
Feature columns (example — Sorghum):
2026-09-25 10:06:50.102 | INFO     | __main__:run_feature_engineering:501 -   Total: 84 columns
2026-09-25 10:06:50.102 | INFO     | __main__:run_feature_engineering:507 -   Model features: 71
2026-09-25 10:06:50.103 | DEBUG    | __main__:run_feature_engineering:509 -     ['price_ngn_mt', 'fx_rate', 'rainfall_index', 'data_quality_score', 'price_raw_ngn_mt']
2026-09-25 10:06:50.103 | DEBUG    | __main__:run_feature_engineering:509 -     ['fx_rate_usd_ngn', 'fuel_diesel_ngn_litre', 'fuel_petrol_ngn_litre', 'headline_inflation_yoy', 'food_inflation_yoy']
2026-09-25 10:06:50.103 | DEBUG    | __main__:run_feature_engineering:509 -     ['season_dry', 'season_rainy', 'season_planting', 'season_planting_early', 'season_planting_late']
2026-09-25 10:06:50.103 | DEBUG    | __main__:run_feature_engineering:509 -     ['season_harvesting', 'season_harvest_early', 'season_harvest_lean', 'cashew_harvest', 'cocoa_main_crop']
2026-09-25 10:06:50.103 | DEBUG    | __main__:run_feature_engineering:509 -     ['cocoa_mid_crop', 'sesame_harvest', 'ginger_harvest', 'hibiscus_harvest', 'sorghum_harvest']
2026-09-25 10:06:50.103 | DEBUG    | __main__:run_feature_engineering:509 -     ['maize_harvest', 'soybean_harvest', 'is_ramadan', 'is_lean_season', 'is_festive_period']
2026-09-25 10:06:50.103 | DEBUG    | __main__:run_feature_engineering:509 -     ['month_sin', 'month_cos', 'week_sin', 'week_cos', 'wheat_harvest']
2026-09-25 10:06:50.103 | DEBUG    | __main__:run_feature_engineering:509 -     ['price_usd_mt', 'price_lag_1w', 'price_lag_2w', 'price_lag_4w', 'price_lag_8w']
2026-09-25 10:06:50.103 | DEBUG    | __main__:run_feature_engineering:509 -     ['price_lag_12w', 'price_lag_26w', 'price_lag_52w', 'rolling_mean_4w', 'rolling_std_4w']
2026-09-25 10:06:50.103 | DEBUG    | __main__:run_feature_engineering:509 -     ['rolling_mean_8w', 'rolling_std_8w', 'rolling_mean_12w', 'rolling_std_12w', 'rolling_mean_26w']
2026-09-25 10:06:50.103 | DEBUG    | __main__:run_feature_engineering:509 -     ['rolling_std_26w', 'rolling_max_4w', 'rolling_min_4w', 'rolling_max_12w', 'rolling_min_12w']
2026-09-25 10:06:50.103 | DEBUG    | __main__:run_feature_engineering:509 -     ['pct_change_1w', 'pct_change_4w', 'pct_change_12w', 'pct_change_52w', 'momentum_4w_vs_26w']
2026-09-25 10:06:50.103 | DEBUG    | __main__:run_feature_engineering:509 -     ['acceleration_1w', 'price_zscore_52w', 'log_price', 'fuel_cost_index', 'shock_active']
2026-09-25 10:06:50.103 | DEBUG    | __main__:run_feature_engineering:509 -     ['shock_severity', 'commodity_season_score', 'price_real_ngn_mt', 'weeks_since_start', 'year']
2026-09-25 10:06:50.103 | DEBUG    | __main__:run_feature_engineering:509 -     ['quarter']
2026-09-25 10:06:50.103 | INFO     | __main__:run_feature_engineering:511 - ============================================================
2026-09-25 10:06:50.103 | SUCCESS  | __main__:run_feature_engineering:512 - FEATURE ENGINEERING COMPLETE — 17 commodities
2026-09-25 10:06:50.103 | INFO     | __main__:run_feature_engineering:513 - ============================================================
