2026-04-16 13:35:39.730 | INFO     | __main__:run_step:29 - 
════════════════════════════════════════════════════════════
2026-04-16 13:35:39.733 | INFO     | __main__:run_step:30 -   RUNNING: Step 3 — Feature Engineering
2026-04-16 13:35:39.734 | INFO     | __main__:run_step:31 - ════════════════════════════════════════════════════════════
2026-04-16 13:35:39.735 | INFO     | features:run_feature_engineering:473 - ============================================================
2026-04-16 13:35:39.736 | INFO     | features:run_feature_engineering:474 - STEP 3 — FEATURE ENGINEERING
2026-04-16 13:35:39.736 | INFO     | features:run_feature_engineering:475 - ============================================================
2026-04-16 13:35:39.737 | INFO     | features:run_feature_engineering:478 - Loading datasets...
2026-04-16 13:35:40.097 | INFO     | features:load_external_data:89 -   External data loaded:
2026-04-16 13:35:40.100 | INFO     | features:load_external_data:90 -     FX:        1,293 rows (2002-01-07 → 2026-10-12)
2026-04-16 13:35:40.102 | INFO     | features:load_external_data:91 -     Fuel:      137 rows (2014-05-15 → 2026-10-12)
2026-04-16 13:35:40.103 | INFO     | features:load_external_data:92 -     Inflation: 563 rows
2026-04-16 13:35:40.104 | INFO     | features:load_external_data:93 -     Seasons:   1,293 rows
2026-04-16 13:35:40.105 | INFO     | features:run_feature_engineering:482 - 
Building feature matrices for 11 commodities...
2026-04-16 13:35:40.105 | DEBUG    | features:run_feature_engineering:486 -   Processing: Hibiscus
2026-04-16 13:35:40.376 | DEBUG    | features:validate_features:382 -   [Hibiscus] All feature checks passed
2026-04-16 13:35:40.408 | DEBUG    | features:save_features:443 -     Saved: c:\Users\USER\Downloads\agrolinking-intel-structure\agrolinking-intel\data\processed\features\features_hibiscus.csv
2026-04-16 13:35:40.420 | INFO     | features:print_feature_summary:454 -   Hibiscus             |   67 rows |  78 features | null: 6.5% | price: ₦   2,431,883/MT | last: 2026-04-13
2026-04-16 13:35:40.421 | DEBUG    | features:run_feature_engineering:486 -   Processing: Sesame
2026-04-16 13:35:40.704 | DEBUG    | features:validate_features:382 -   [Sesame] All feature checks passed
2026-04-16 13:35:40.734 | DEBUG    | features:save_features:443 -     Saved: c:\Users\USER\Downloads\agrolinking-intel-structure\agrolinking-intel\data\processed\features\features_sesame.csv
2026-04-16 13:35:40.746 | INFO     | features:print_feature_summary:454 -   Sesame               |   45 rows |  78 features | null: 7.6% | price: ₦   1,728,243/MT | last: 2026-04-13
2026-04-16 13:35:40.747 | DEBUG    | features:run_feature_engineering:486 -   Processing: Ginger
2026-04-16 13:35:41.042 | DEBUG    | features:validate_features:382 -   [Ginger] All feature checks passed
2026-04-16 13:35:41.076 | DEBUG    | features:save_features:443 -     Saved: c:\Users\USER\Downloads\agrolinking-intel-structure\agrolinking-intel\data\processed\features\features_ginger.csv
2026-04-16 13:35:41.088 | INFO     | features:print_feature_summary:454 -   Ginger               |   67 rows |  78 features | null: 6.5% | price: ₦   9,984,004/MT | last: 2026-04-13
2026-04-16 13:35:41.090 | DEBUG    | features:run_feature_engineering:486 -   Processing: Cocoa
2026-04-16 13:35:41.373 | DEBUG    | features:validate_features:382 -   [Cocoa] All feature checks passed
2026-04-16 13:35:41.408 | DEBUG    | features:save_features:443 -     Saved: c:\Users\USER\Downloads\agrolinking-intel-structure\agrolinking-intel\data\processed\features\features_cocoa.csv
2026-04-16 13:35:41.423 | INFO     | features:print_feature_summary:454 -   Cocoa                |   67 rows |  78 features | null: 6.4% | price: ₦   6,377,682/MT | last: 2026-04-13
2026-04-16 13:35:41.424 | DEBUG    | features:run_feature_engineering:486 -   Processing: Soybeans
2026-04-16 13:35:41.709 | DEBUG    | features:validate_features:382 -   [Soybeans] All feature checks passed
2026-04-16 13:35:41.744 | DEBUG    | features:save_features:443 -     Saved: c:\Users\USER\Downloads\agrolinking-intel-structure\agrolinking-intel\data\processed\features\features_soybeans.csv
2026-04-16 13:35:41.759 | INFO     | features:print_feature_summary:454 -   Soybeans             |   67 rows |  78 features | null: 6.4% | price: ₦     653,336/MT | last: 2026-04-13
2026-04-16 13:35:41.761 | DEBUG    | features:run_feature_engineering:486 -   Processing: Cashew Nuts
2026-04-16 13:35:42.073 | DEBUG    | features:validate_features:382 -   [Cashew Nuts] All feature checks passed
2026-04-16 13:35:42.108 | DEBUG    | features:save_features:443 -     Saved: c:\Users\USER\Downloads\agrolinking-intel-structure\agrolinking-intel\data\processed\features\features_cashew_nuts.csv
2026-04-16 13:35:42.125 | INFO     | features:print_feature_summary:454 -   Cashew Nuts          |   67 rows |  78 features | null: 6.4% | price: ₦   1,709,874/MT | last: 2026-04-13
2026-04-16 13:35:42.126 | DEBUG    | features:run_feature_engineering:486 -   Processing: Sorghum
2026-04-16 13:35:42.458 | DEBUG    | features:validate_features:382 -   [Sorghum] All feature checks passed
2026-04-16 13:35:42.894 | DEBUG    | features:save_features:443 -     Saved: c:\Users\USER\Downloads\agrolinking-intel-structure\agrolinking-intel\data\processed\features\features_sorghum.csv
2026-04-16 13:35:42.911 | INFO     | features:print_feature_summary:454 -   Sorghum              | 1266 rows |  78 features | null: 3.7% | price: ₦     300,591/MT | last: 2026-04-13
2026-04-16 13:35:42.912 | DEBUG    | features:run_feature_engineering:486 -   Processing: Beans (white)
2026-04-16 13:35:43.267 | DEBUG    | features:validate_features:382 -   [Beans (white)] All feature checks passed
2026-04-16 13:35:43.663 | DEBUG    | features:save_features:443 -     Saved: c:\Users\USER\Downloads\agrolinking-intel-structure\agrolinking-intel\data\processed\features\features_beans_white.csv
2026-04-16 13:35:43.678 | INFO     | features:print_feature_summary:454 -   Beans (white)        | 1266 rows |  78 features | null: 4.4% | price: ₦     783,677/MT | last: 2026-04-13
2026-04-16 13:35:43.680 | DEBUG    | features:run_feature_engineering:486 -   Processing: Beans (red)
2026-04-16 13:35:44.007 | DEBUG    | features:validate_features:382 -   [Beans (red)] All feature checks passed
2026-04-16 13:35:44.174 | DEBUG    | features:save_features:443 -     Saved: c:\Users\USER\Downloads\agrolinking-intel-structure\agrolinking-intel\data\processed\features\features_beans_red.csv
2026-04-16 13:35:44.194 | INFO     | features:print_feature_summary:454 -   Beans (red)          |  536 rows |  78 features | null: 4.1% | price: ₦     876,156/MT | last: 2026-04-13
2026-04-16 13:35:44.196 | DEBUG    | features:run_feature_engineering:486 -   Processing: Maize (white)
2026-04-16 13:35:44.526 | DEBUG    | features:validate_features:382 -   [Maize (white)] All feature checks passed
2026-04-16 13:35:44.935 | DEBUG    | features:save_features:443 -     Saved: c:\Users\USER\Downloads\agrolinking-intel-structure\agrolinking-intel\data\processed\features\features_maize_white.csv
2026-04-16 13:35:44.953 | INFO     | features:print_feature_summary:454 -   Maize (white)        | 1266 rows |  78 features | null: 3.9% | price: ₦     213,904/MT | last: 2026-04-13
2026-04-16 13:35:44.955 | DEBUG    | features:run_feature_engineering:486 -   Processing: Maize (yellow)
2026-04-16 13:35:45.289 | DEBUG    | features:validate_features:382 -   [Maize (yellow)] All feature checks passed
2026-04-16 13:35:45.508 | DEBUG    | features:save_features:443 -     Saved: c:\Users\USER\Downloads\agrolinking-intel-structure\agrolinking-intel\data\processed\features\features_maize_yellow.csv
2026-04-16 13:35:45.525 | INFO     | features:print_feature_summary:454 -   Maize (yellow)       |  623 rows |  78 features | null: 4.0% | price: ₦     230,600/MT | last: 2026-04-13
2026-04-16 13:35:45.526 | INFO     | features:run_feature_engineering:498 - 
Feature columns (example — Sorghum):
2026-04-16 13:35:45.528 | INFO     | features:run_feature_engineering:501 -   Total: 83 columns
2026-04-16 13:35:45.530 | INFO     | features:run_feature_engineering:507 -   Model features: 70
2026-04-16 13:35:45.531 | DEBUG    | features:run_feature_engineering:509 -     ['price_ngn_mt', 'fx_rate', 'rainfall_index', 'data_quality_score', 'price_raw_ngn_mt']
2026-04-16 13:35:45.532 | DEBUG    | features:run_feature_engineering:509 -     ['fx_rate_usd_ngn', 'fuel_diesel_ngn_litre', 'fuel_petrol_ngn_litre', 'headline_inflation_yoy', 'food_inflation_yoy']
2026-04-16 13:35:45.534 | DEBUG    | features:run_feature_engineering:509 -     ['season_dry', 'season_rainy', 'season_planting', 'season_planting_early', 'season_planting_late']
2026-04-16 13:35:45.538 | DEBUG    | features:run_feature_engineering:509 -     ['season_harvesting', 'season_harvest_early', 'season_harvest_lean', 'cashew_harvest', 'cocoa_main_crop']
2026-04-16 13:35:45.540 | DEBUG    | features:run_feature_engineering:509 -     ['cocoa_mid_crop', 'sesame_harvest', 'ginger_harvest', 'hibiscus_harvest', 'sorghum_harvest']
2026-04-16 13:35:45.542 | DEBUG    | features:run_feature_engineering:509 -     ['maize_harvest', 'soybean_harvest', 'is_ramadan', 'is_lean_season', 'is_festive_period']
2026-04-16 13:35:45.544 | DEBUG    | features:run_feature_engineering:509 -     ['month_sin', 'month_cos', 'week_sin', 'week_cos', 'price_usd_mt']
2026-04-16 13:35:45.546 | DEBUG    | features:run_feature_engineering:509 -     ['price_lag_1w', 'price_lag_2w', 'price_lag_4w', 'price_lag_8w', 'price_lag_12w']
2026-04-16 13:35:45.548 | DEBUG    | features:run_feature_engineering:509 -     ['price_lag_26w', 'price_lag_52w', 'rolling_mean_4w', 'rolling_std_4w', 'rolling_mean_8w']
2026-04-16 13:35:45.554 | DEBUG    | features:run_feature_engineering:509 -     ['rolling_std_8w', 'rolling_mean_12w', 'rolling_std_12w', 'rolling_mean_26w', 'rolling_std_26w']
2026-04-16 13:35:45.558 | DEBUG    | features:run_feature_engineering:509 -     ['rolling_max_4w', 'rolling_min_4w', 'rolling_max_12w', 'rolling_min_12w', 'pct_change_1w']
2026-04-16 13:35:45.558 | DEBUG    | features:run_feature_engineering:509 -     ['pct_change_4w', 'pct_change_12w', 'pct_change_52w', 'momentum_4w_vs_26w', 'acceleration_1w']
2026-04-16 13:35:45.561 | DEBUG    | features:run_feature_engineering:509 -     ['price_zscore_52w', 'log_price', 'fuel_cost_index', 'shock_active', 'shock_severity']
2026-04-16 13:35:45.562 | DEBUG    | features:run_feature_engineering:509 -     ['commodity_season_score', 'price_real_ngn_mt', 'weeks_since_start', 'year', 'quarter']
2026-04-16 13:35:45.564 | INFO     | features:run_feature_engineering:511 - ============================================================
2026-04-16 13:35:45.564 | SUCCESS  | features:run_feature_engineering:512 - FEATURE ENGINEERING COMPLETE — 11 commodities
2026-04-16 13:35:45.566 | INFO     | features:run_feature_engineering:513 - ============================================================
2026-04-16 13:35:45.569 | SUCCESS  | __main__:run_step:36 -   ✅ Step 3 — Feature Engineering completed in 5.8s
2026-04-16 13:35:45.573 | INFO     | __main__:run_full_pipeline:107 - 
  Step 4 — Model Training: SKIPPED (next Monday)
2026-04-16 13:35:46.000 | DEBUG    | __main__:run_full_pipeline:122 -   Cleared old forecast rows from master
2026-04-16 14:44:19.836 | INFO     | __main__:run_feature_engineering:473 - ============================================================
2026-04-16 14:44:19.839 | INFO     | __main__:run_feature_engineering:474 - STEP 3 — FEATURE ENGINEERING
2026-04-16 14:44:19.839 | INFO     | __main__:run_feature_engineering:475 - ============================================================
2026-04-16 14:44:19.839 | INFO     | __main__:run_feature_engineering:478 - Loading datasets...
2026-04-16 14:44:20.182 | INFO     | __main__:load_external_data:89 -   External data loaded:
2026-04-16 14:44:20.188 | INFO     | __main__:load_external_data:90 -     FX:        1,293 rows (2002-01-07 → 2026-10-12)
2026-04-16 14:44:20.191 | INFO     | __main__:load_external_data:91 -     Fuel:      137 rows (2014-05-15 → 2026-10-12)
2026-04-16 14:44:20.191 | INFO     | __main__:load_external_data:92 -     Inflation: 563 rows
2026-04-16 14:44:20.191 | INFO     | __main__:load_external_data:93 -     Seasons:   1,293 rows
2026-04-16 14:44:20.194 | INFO     | __main__:run_feature_engineering:482 - 
Building feature matrices for 12 commodities...
2026-04-16 14:44:20.195 | DEBUG    | __main__:run_feature_engineering:486 -   Processing: Hibiscus
2026-04-16 14:44:20.492 | DEBUG    | __main__:validate_features:382 -   [Hibiscus] All feature checks passed
2026-04-16 14:44:20.667 | DEBUG    | __main__:save_features:443 -     Saved: c:\Users\USER\Downloads\agrolinking-intel-structure\agrolinking-intel\data\processed\features\features_hibiscus.csv
2026-04-16 14:44:20.684 | INFO     | __main__:print_feature_summary:454 -   Hibiscus             |  846 rows |  78 features | null: 3.8% | price: ₦   2,550,000/MT | last: 2026-03-16
2026-04-16 14:44:20.684 | DEBUG    | __main__:run_feature_engineering:486 -   Processing: Sesame
2026-04-16 14:44:20.895 | DEBUG    | __main__:validate_features:382 -   [Sesame] All feature checks passed
2026-04-16 14:44:21.093 | DEBUG    | __main__:save_features:443 -     Saved: c:\Users\USER\Downloads\agrolinking-intel-structure\agrolinking-intel\data\processed\features\features_sesame.csv
2026-04-16 14:44:21.112 | INFO     | __main__:print_feature_summary:454 -   Sesame               |  846 rows |  78 features | null: 3.9% | price: ₦   1,280,000/MT | last: 2026-03-16
2026-04-16 14:44:21.114 | DEBUG    | __main__:run_feature_engineering:486 -   Processing: Ginger
2026-04-16 14:44:21.333 | DEBUG    | __main__:validate_features:382 -   [Ginger] All feature checks passed
2026-04-16 14:44:21.651 | DEBUG    | __main__:save_features:443 -     Saved: c:\Users\USER\Downloads\agrolinking-intel-structure\agrolinking-intel\data\processed\features\features_ginger.csv
2026-04-16 14:44:21.682 | INFO     | __main__:print_feature_summary:454 -   Ginger               | 1368 rows |  78 features | null: 6.0% | price: ₦   9,900,000/MT | last: 2026-03-16
2026-04-16 14:44:21.684 | DEBUG    | __main__:run_feature_engineering:486 -   Processing: Cocoa
2026-04-16 14:44:21.908 | DEBUG    | __main__:validate_features:382 -   [Cocoa] All feature checks passed
2026-04-16 14:44:22.242 | DEBUG    | __main__:save_features:443 -     Saved: c:\Users\USER\Downloads\agrolinking-intel-structure\agrolinking-intel\data\processed\features\features_cocoa.csv
2026-04-16 14:44:22.258 | INFO     | __main__:print_feature_summary:454 -   Cocoa                | 1368 rows |  78 features | null: 6.1% | price: ₦   5,700,000/MT | last: 2026-03-16
2026-04-16 14:44:22.260 | DEBUG    | __main__:run_feature_engineering:486 -   Processing: Soybeans
2026-04-16 14:44:22.506 | DEBUG    | __main__:validate_features:382 -   [Soybeans] All feature checks passed
2026-04-16 14:44:22.839 | DEBUG    | __main__:save_features:443 -     Saved: c:\Users\USER\Downloads\agrolinking-intel-structure\agrolinking-intel\data\processed\features\features_soybeans.csv
2026-04-16 14:44:22.857 | INFO     | __main__:print_feature_summary:454 -   Soybeans             | 1368 rows |  78 features | null: 6.1% | price: ₦     680,000/MT | last: 2026-03-16
2026-04-16 14:44:22.859 | DEBUG    | __main__:run_feature_engineering:486 -   Processing: Cashew Nuts
2026-04-16 14:44:23.083 | DEBUG    | __main__:validate_features:382 -   [Cashew Nuts] All feature checks passed
2026-04-16 14:44:23.295 | DEBUG    | __main__:save_features:443 -     Saved: c:\Users\USER\Downloads\agrolinking-intel-structure\agrolinking-intel\data\processed\features\features_cashew_nuts.csv
2026-04-16 14:44:23.365 | INFO     | __main__:print_feature_summary:454 -   Cashew Nuts          |  846 rows |  78 features | null: 3.8% | price: ₦   1,800,000/MT | last: 2026-03-16
2026-04-16 14:44:23.367 | DEBUG    | __main__:run_feature_engineering:486 -   Processing: Sorghum
2026-04-16 14:44:23.592 | DEBUG    | __main__:validate_features:382 -   [Sorghum] All feature checks passed
2026-04-16 14:44:23.869 | DEBUG    | __main__:save_features:443 -     Saved: c:\Users\USER\Downloads\agrolinking-intel-structure\agrolinking-intel\data\processed\features\features_sorghum.csv
2026-04-16 14:44:23.885 | INFO     | __main__:print_feature_summary:454 -   Sorghum              | 1262 rows |  78 features | null: 4.7% | price: ₦     280,000/MT | last: 2026-03-16
2026-04-16 14:44:23.885 | DEBUG    | __main__:run_feature_engineering:486 -   Processing: Beans (white)
2026-04-16 14:44:24.112 | DEBUG    | __main__:validate_features:382 -   [Beans (white)] All feature checks passed
2026-04-16 14:44:24.397 | DEBUG    | __main__:save_features:443 -     Saved: c:\Users\USER\Downloads\agrolinking-intel-structure\agrolinking-intel\data\processed\features\features_beans_white.csv
2026-04-16 14:44:24.414 | INFO     | __main__:print_feature_summary:454 -   Beans (white)        | 1262 rows |  78 features | null: 5.5% | price: ₦     813,334/MT | last: 2026-03-16
2026-04-16 14:44:24.414 | DEBUG    | __main__:run_feature_engineering:486 -   Processing: Beans (red)
2026-04-16 14:44:24.798 | DEBUG    | __main__:validate_features:382 -   [Beans (red)] All feature checks passed
2026-04-16 14:44:24.921 | DEBUG    | __main__:save_features:443 -     Saved: c:\Users\USER\Downloads\agrolinking-intel-structure\agrolinking-intel\data\processed\features\features_beans_red.csv
2026-04-16 14:44:24.926 | INFO     | __main__:print_feature_summary:454 -   Beans (red)          |  531 rows |  78 features | null: 5.0% | price: ₦     915,000/MT | last: 2026-03-16
2026-04-16 14:44:24.926 | DEBUG    | __main__:run_feature_engineering:486 -   Processing: Maize (white)
2026-04-16 14:44:25.141 | DEBUG    | __main__:validate_features:382 -   [Maize (white)] All feature checks passed
2026-04-16 14:44:25.569 | DEBUG    | __main__:save_features:443 -     Saved: c:\Users\USER\Downloads\agrolinking-intel-structure\agrolinking-intel\data\processed\features\features_maize_white.csv
2026-04-16 14:44:25.604 | INFO     | __main__:print_feature_summary:454 -   Maize (white)        | 1262 rows |  78 features | null: 4.7% | price: ₦     213,194/MT | last: 2026-03-16
2026-04-16 14:44:25.604 | DEBUG    | __main__:run_feature_engineering:486 -   Processing: Maize (yellow)
2026-04-16 14:44:25.953 | DEBUG    | __main__:validate_features:382 -   [Maize (yellow)] All feature checks passed
2026-04-16 14:44:26.081 | DEBUG    | __main__:save_features:443 -     Saved: c:\Users\USER\Downloads\agrolinking-intel-structure\agrolinking-intel\data\processed\features\features_maize_yellow.csv
2026-04-16 14:44:26.097 | INFO     | __main__:print_feature_summary:454 -   Maize (yellow)       |  618 rows |  78 features | null: 5.1% | price: ₦     230,040/MT | last: 2026-03-16
2026-04-16 14:44:26.097 | DEBUG    | __main__:run_feature_engineering:486 -   Processing: Wheat
2026-04-16 14:44:26.097 | WARNING  | __main__:build_features_for_commodity:408 -   [Wheat] Only 0 rows — skipping
2026-04-16 14:44:26.097 | INFO     | __main__:run_feature_engineering:498 - 
Feature columns (example — Sorghum):
2026-04-16 14:44:26.106 | INFO     | __main__:run_feature_engineering:501 -   Total: 83 columns
2026-04-16 14:44:26.106 | INFO     | __main__:run_feature_engineering:507 -   Model features: 70
2026-04-16 14:44:26.106 | DEBUG    | __main__:run_feature_engineering:509 -     ['price_ngn_mt', 'fx_rate', 'rainfall_index', 'data_quality_score', 'price_raw_ngn_mt']
2026-04-16 14:44:26.106 | DEBUG    | __main__:run_feature_engineering:509 -     ['fx_rate_usd_ngn', 'fuel_diesel_ngn_litre', 'fuel_petrol_ngn_litre', 'headline_inflation_yoy', 'food_inflation_yoy']
2026-04-16 14:44:26.106 | DEBUG    | __main__:run_feature_engineering:509 -     ['season_dry', 'season_rainy', 'season_planting', 'season_planting_early', 'season_planting_late']
2026-04-16 14:44:26.106 | DEBUG    | __main__:run_feature_engineering:509 -     ['season_harvesting', 'season_harvest_early', 'season_harvest_lean', 'cashew_harvest', 'cocoa_main_crop']
2026-04-16 14:44:26.106 | DEBUG    | __main__:run_feature_engineering:509 -     ['cocoa_mid_crop', 'sesame_harvest', 'ginger_harvest', 'hibiscus_harvest', 'sorghum_harvest']
2026-04-16 14:44:26.110 | DEBUG    | __main__:run_feature_engineering:509 -     ['maize_harvest', 'soybean_harvest', 'is_ramadan', 'is_lean_season', 'is_festive_period']
2026-04-16 14:44:26.110 | DEBUG    | __main__:run_feature_engineering:509 -     ['month_sin', 'month_cos', 'week_sin', 'week_cos', 'price_usd_mt']
2026-04-16 14:44:26.110 | DEBUG    | __main__:run_feature_engineering:509 -     ['price_lag_1w', 'price_lag_2w', 'price_lag_4w', 'price_lag_8w', 'price_lag_12w']
2026-04-16 14:44:26.110 | DEBUG    | __main__:run_feature_engineering:509 -     ['price_lag_26w', 'price_lag_52w', 'rolling_mean_4w', 'rolling_std_4w', 'rolling_mean_8w']
2026-04-16 14:44:26.112 | DEBUG    | __main__:run_feature_engineering:509 -     ['rolling_std_8w', 'rolling_mean_12w', 'rolling_std_12w', 'rolling_mean_26w', 'rolling_std_26w']
2026-04-16 14:44:26.112 | DEBUG    | __main__:run_feature_engineering:509 -     ['rolling_max_4w', 'rolling_min_4w', 'rolling_max_12w', 'rolling_min_12w', 'pct_change_1w']
2026-04-16 14:44:26.113 | DEBUG    | __main__:run_feature_engineering:509 -     ['pct_change_4w', 'pct_change_12w', 'pct_change_52w', 'momentum_4w_vs_26w', 'acceleration_1w']
2026-04-16 14:44:26.113 | DEBUG    | __main__:run_feature_engineering:509 -     ['price_zscore_52w', 'log_price', 'fuel_cost_index', 'shock_active', 'shock_severity']
2026-04-16 14:44:26.113 | DEBUG    | __main__:run_feature_engineering:509 -     ['commodity_season_score', 'price_real_ngn_mt', 'weeks_since_start', 'year', 'quarter']
2026-04-16 14:44:26.113 | INFO     | __main__:run_feature_engineering:511 - ============================================================
2026-04-16 14:44:26.113 | SUCCESS  | __main__:run_feature_engineering:512 - FEATURE ENGINEERING COMPLETE — 11 commodities
2026-04-16 14:44:26.113 | INFO     | __main__:run_feature_engineering:513 - ============================================================
2026-04-16 15:11:09.454 | INFO     | __main__:run_step:29 - 
════════════════════════════════════════════════════════════
2026-04-16 15:11:09.458 | INFO     | __main__:run_step:30 -   RUNNING: Step 3 — Feature Engineering
2026-04-16 15:11:09.458 | INFO     | __main__:run_step:31 - ════════════════════════════════════════════════════════════
2026-04-16 15:11:09.459 | INFO     | features:run_feature_engineering:473 - ============================================================
2026-04-16 15:11:09.461 | INFO     | features:run_feature_engineering:474 - STEP 3 — FEATURE ENGINEERING
2026-04-16 15:11:09.466 | INFO     | features:run_feature_engineering:475 - ============================================================
2026-04-16 15:11:09.466 | INFO     | features:run_feature_engineering:478 - Loading datasets...
2026-04-16 15:11:09.625 | INFO     | features:load_external_data:89 -   External data loaded:
2026-04-16 15:11:09.629 | INFO     | features:load_external_data:90 -     FX:        1,293 rows (2002-01-07 → 2026-10-12)
2026-04-16 15:11:09.633 | INFO     | features:load_external_data:91 -     Fuel:      137 rows (2014-05-15 → 2026-10-12)
2026-04-16 15:11:09.633 | INFO     | features:load_external_data:92 -     Inflation: 563 rows
2026-04-16 15:11:09.636 | INFO     | features:load_external_data:93 -     Seasons:   1,293 rows
2026-04-16 15:11:09.636 | INFO     | features:run_feature_engineering:482 - 
Building feature matrices for 12 commodities...
2026-04-16 15:11:09.636 | DEBUG    | features:run_feature_engineering:486 -   Processing: Hibiscus
2026-04-16 15:11:09.845 | DEBUG    | features:validate_features:382 -   [Hibiscus] All feature checks passed
2026-04-16 15:11:09.862 | DEBUG    | features:save_features:443 -     Saved: c:\Users\USER\Downloads\agrolinking-intel-structure\agrolinking-intel\data\processed\features\features_hibiscus.csv
2026-04-16 15:11:09.900 | INFO     | features:print_feature_summary:454 -   Hibiscus             |   67 rows |  78 features | null: 7.7% | price: ₦   2,237,318/MT | last: 2026-04-13
2026-04-16 15:11:09.900 | DEBUG    | features:run_feature_engineering:486 -   Processing: Sesame
2026-04-16 15:11:10.032 | DEBUG    | features:validate_features:382 -   [Sesame] All feature checks passed
2026-04-16 15:11:10.045 | DEBUG    | features:save_features:443 -     Saved: c:\Users\USER\Downloads\agrolinking-intel-structure\agrolinking-intel\data\processed\features\features_sesame.csv
2026-04-16 15:11:10.056 | INFO     | features:print_feature_summary:454 -   Sesame               |   45 rows |  78 features | null: 8.8% | price: ₦   1,284,959/MT | last: 2026-04-13
2026-04-16 15:11:10.056 | DEBUG    | features:run_feature_engineering:486 -   Processing: Ginger
2026-04-16 15:11:10.178 | DEBUG    | features:validate_features:382 -   [Ginger] All feature checks passed
2026-04-16 15:11:10.193 | DEBUG    | features:save_features:443 -     Saved: c:\Users\USER\Downloads\agrolinking-intel-structure\agrolinking-intel\data\processed\features\features_ginger.csv
2026-04-16 15:11:10.201 | INFO     | features:print_feature_summary:454 -   Ginger               |   67 rows |  78 features | null: 7.7% | price: ₦  10,149,714/MT | last: 2026-04-13
2026-04-16 15:11:10.203 | DEBUG    | features:run_feature_engineering:486 -   Processing: Cocoa
2026-04-16 15:11:10.359 | DEBUG    | features:validate_features:382 -   [Cocoa] All feature checks passed
2026-04-16 15:11:10.373 | DEBUG    | features:save_features:443 -     Saved: c:\Users\USER\Downloads\agrolinking-intel-structure\agrolinking-intel\data\processed\features\features_cocoa.csv
2026-04-16 15:11:10.390 | INFO     | features:print_feature_summary:454 -   Cocoa                |   67 rows |  78 features | null: 7.6% | price: ₦   6,263,846/MT | last: 2026-04-13
2026-04-16 15:11:10.390 | DEBUG    | features:run_feature_engineering:486 -   Processing: Soybeans
2026-04-16 15:11:10.540 | DEBUG    | features:validate_features:382 -   [Soybeans] All feature checks passed
2026-04-16 15:11:10.558 | DEBUG    | features:save_features:443 -     Saved: c:\Users\USER\Downloads\agrolinking-intel-structure\agrolinking-intel\data\processed\features\features_soybeans.csv
2026-04-16 15:11:10.568 | INFO     | features:print_feature_summary:454 -   Soybeans             |   67 rows |  78 features | null: 7.6% | price: ₦     775,083/MT | last: 2026-04-13
2026-04-16 15:11:10.568 | DEBUG    | features:run_feature_engineering:486 -   Processing: Cashew Nuts
2026-04-16 15:11:10.692 | DEBUG    | features:validate_features:382 -   [Cashew Nuts] All feature checks passed
2026-04-16 15:11:10.709 | DEBUG    | features:save_features:443 -     Saved: c:\Users\USER\Downloads\agrolinking-intel-structure\agrolinking-intel\data\processed\features\features_cashew_nuts.csv
2026-04-16 15:11:10.720 | INFO     | features:print_feature_summary:454 -   Cashew Nuts          |   67 rows |  78 features | null: 7.6% | price: ₦   2,016,066/MT | last: 2026-04-13
2026-04-16 15:11:10.720 | DEBUG    | features:run_feature_engineering:486 -   Processing: Sorghum
2026-04-16 15:11:10.874 | DEBUG    | features:validate_features:382 -   [Sorghum] All feature checks passed
2026-04-16 15:11:11.462 | DEBUG    | features:save_features:443 -     Saved: c:\Users\USER\Downloads\agrolinking-intel-structure\agrolinking-intel\data\processed\features\features_sorghum.csv
2026-04-16 15:11:11.566 | INFO     | features:print_feature_summary:454 -   Sorghum              | 1266 rows |  78 features | null: 5.0% | price: ₦     308,974/MT | last: 2026-04-13
2026-04-16 15:11:11.601 | DEBUG    | features:run_feature_engineering:486 -   Processing: Beans (white)
2026-04-16 15:11:11.914 | DEBUG    | features:validate_features:382 -   [Beans (white)] All feature checks passed
2026-04-16 15:11:12.128 | DEBUG    | features:save_features:443 -     Saved: c:\Users\USER\Downloads\agrolinking-intel-structure\agrolinking-intel\data\processed\features\features_beans_white.csv
2026-04-16 15:11:12.142 | INFO     | features:print_feature_summary:454 -   Beans (white)        | 1266 rows |  78 features | null: 5.6% | price: ₦     793,278/MT | last: 2026-04-13
2026-04-16 15:11:12.142 | DEBUG    | features:run_feature_engineering:486 -   Processing: Beans (red)
2026-04-16 15:11:12.358 | DEBUG    | features:validate_features:382 -   [Beans (red)] All feature checks passed
2026-04-16 15:11:12.476 | DEBUG    | features:save_features:443 -     Saved: c:\Users\USER\Downloads\agrolinking-intel-structure\agrolinking-intel\data\processed\features\features_beans_red.csv
2026-04-16 15:11:12.488 | INFO     | features:print_feature_summary:454 -   Beans (red)          |  536 rows |  78 features | null: 5.3% | price: ₦     913,024/MT | last: 2026-04-13
2026-04-16 15:11:12.488 | DEBUG    | features:run_feature_engineering:486 -   Processing: Maize (white)
2026-04-16 15:11:12.676 | DEBUG    | features:validate_features:382 -   [Maize (white)] All feature checks passed
2026-04-16 15:11:12.961 | DEBUG    | features:save_features:443 -     Saved: c:\Users\USER\Downloads\agrolinking-intel-structure\agrolinking-intel\data\processed\features\features_maize_white.csv
2026-04-16 15:11:13.008 | INFO     | features:print_feature_summary:454 -   Maize (white)        | 1266 rows |  78 features | null: 5.1% | price: ₦     213,310/MT | last: 2026-04-13
2026-04-16 15:11:13.010 | DEBUG    | features:run_feature_engineering:486 -   Processing: Maize (yellow)
2026-04-16 15:11:13.231 | DEBUG    | features:validate_features:382 -   [Maize (yellow)] All feature checks passed
2026-04-16 15:11:13.366 | DEBUG    | features:save_features:443 -     Saved: c:\Users\USER\Downloads\agrolinking-intel-structure\agrolinking-intel\data\processed\features\features_maize_yellow.csv
2026-04-16 15:11:13.390 | INFO     | features:print_feature_summary:454 -   Maize (yellow)       |  623 rows |  78 features | null: 5.4% | price: ₦     229,968/MT | last: 2026-04-13
2026-04-16 15:11:13.395 | DEBUG    | features:run_feature_engineering:486 -   Processing: Wheat
2026-04-16 15:11:13.407 | WARNING  | features:build_features_for_commodity:408 -   [Wheat] Only 0 rows — skipping
2026-04-16 15:11:13.409 | INFO     | features:run_feature_engineering:498 - 
Feature columns (example — Sorghum):
2026-04-16 15:11:13.409 | INFO     | features:run_feature_engineering:501 -   Total: 83 columns
2026-04-16 15:11:13.411 | INFO     | features:run_feature_engineering:507 -   Model features: 70
2026-04-16 15:11:13.411 | DEBUG    | features:run_feature_engineering:509 -     ['price_ngn_mt', 'fx_rate', 'rainfall_index', 'data_quality_score', 'price_raw_ngn_mt']
2026-04-16 15:11:13.413 | DEBUG    | features:run_feature_engineering:509 -     ['fx_rate_usd_ngn', 'fuel_diesel_ngn_litre', 'fuel_petrol_ngn_litre', 'headline_inflation_yoy', 'food_inflation_yoy']
2026-04-16 15:11:13.417 | DEBUG    | features:run_feature_engineering:509 -     ['season_dry', 'season_rainy', 'season_planting', 'season_planting_early', 'season_planting_late']
2026-04-16 15:11:13.419 | DEBUG    | features:run_feature_engineering:509 -     ['season_harvesting', 'season_harvest_early', 'season_harvest_lean', 'cashew_harvest', 'cocoa_main_crop']
2026-04-16 15:11:13.420 | DEBUG    | features:run_feature_engineering:509 -     ['cocoa_mid_crop', 'sesame_harvest', 'ginger_harvest', 'hibiscus_harvest', 'sorghum_harvest']
2026-04-16 15:11:13.420 | DEBUG    | features:run_feature_engineering:509 -     ['maize_harvest', 'soybean_harvest', 'is_ramadan', 'is_lean_season', 'is_festive_period']
2026-04-16 15:11:13.422 | DEBUG    | features:run_feature_engineering:509 -     ['month_sin', 'month_cos', 'week_sin', 'week_cos', 'price_usd_mt']
2026-04-16 15:11:13.422 | DEBUG    | features:run_feature_engineering:509 -     ['price_lag_1w', 'price_lag_2w', 'price_lag_4w', 'price_lag_8w', 'price_lag_12w']
2026-04-16 15:11:13.426 | DEBUG    | features:run_feature_engineering:509 -     ['price_lag_26w', 'price_lag_52w', 'rolling_mean_4w', 'rolling_std_4w', 'rolling_mean_8w']
2026-04-16 15:11:13.426 | DEBUG    | features:run_feature_engineering:509 -     ['rolling_std_8w', 'rolling_mean_12w', 'rolling_std_12w', 'rolling_mean_26w', 'rolling_std_26w']
2026-04-16 15:11:13.428 | DEBUG    | features:run_feature_engineering:509 -     ['rolling_max_4w', 'rolling_min_4w', 'rolling_max_12w', 'rolling_min_12w', 'pct_change_1w']
2026-04-16 15:11:13.428 | DEBUG    | features:run_feature_engineering:509 -     ['pct_change_4w', 'pct_change_12w', 'pct_change_52w', 'momentum_4w_vs_26w', 'acceleration_1w']
2026-04-16 15:11:13.430 | DEBUG    | features:run_feature_engineering:509 -     ['price_zscore_52w', 'log_price', 'fuel_cost_index', 'shock_active', 'shock_severity']
2026-04-16 15:11:13.430 | DEBUG    | features:run_feature_engineering:509 -     ['commodity_season_score', 'price_real_ngn_mt', 'weeks_since_start', 'year', 'quarter']
2026-04-16 15:11:13.431 | INFO     | features:run_feature_engineering:511 - ============================================================
2026-04-16 15:11:13.431 | SUCCESS  | features:run_feature_engineering:512 - FEATURE ENGINEERING COMPLETE — 11 commodities
2026-04-16 15:11:13.431 | INFO     | features:run_feature_engineering:513 - ============================================================
2026-04-16 15:11:13.433 | SUCCESS  | __main__:run_step:36 -   ✅ Step 3 — Feature Engineering completed in 4.0s
2026-04-16 15:11:13.433 | INFO     | __main__:run_full_pipeline:107 - 
  Step 4 — Model Training: SKIPPED (next Monday)
2026-04-16 15:11:13.724 | DEBUG    | __main__:run_full_pipeline:122 -   Cleared old forecast rows from master
2026-04-16 19:07:32.978 | INFO     | __main__:run_step:29 - 
════════════════════════════════════════════════════════════
2026-04-16 19:07:32.978 | INFO     | __main__:run_step:30 -   RUNNING: Step 3 — Feature Engineering
2026-04-16 19:07:32.985 | INFO     | __main__:run_step:31 - ════════════════════════════════════════════════════════════
2026-04-16 19:07:32.985 | INFO     | features:run_feature_engineering:473 - ============================================================
2026-04-16 19:07:32.985 | INFO     | features:run_feature_engineering:474 - STEP 3 — FEATURE ENGINEERING
2026-04-16 19:07:32.985 | INFO     | features:run_feature_engineering:475 - ============================================================
2026-04-16 19:07:32.985 | INFO     | features:run_feature_engineering:478 - Loading datasets...
2026-04-16 19:07:33.179 | INFO     | features:load_external_data:89 -   External data loaded:
2026-04-16 19:07:33.185 | INFO     | features:load_external_data:90 -     FX:        1,293 rows (2002-01-07 → 2026-10-12)
2026-04-16 19:07:33.185 | INFO     | features:load_external_data:91 -     Fuel:      137 rows (2014-05-15 → 2026-10-12)
2026-04-16 19:07:33.185 | INFO     | features:load_external_data:92 -     Inflation: 563 rows
2026-04-16 19:07:33.185 | INFO     | features:load_external_data:93 -     Seasons:   1,293 rows
2026-04-16 19:07:33.185 | INFO     | features:run_feature_engineering:482 - 
Building feature matrices for 12 commodities...
2026-04-16 19:07:33.185 | DEBUG    | features:run_feature_engineering:486 -   Processing: Hibiscus
2026-04-16 19:07:33.347 | DEBUG    | features:validate_features:382 -   [Hibiscus] All feature checks passed
2026-04-16 19:07:33.369 | DEBUG    | features:save_features:443 -     Saved: c:\Users\USER\Downloads\agrolinking-intel-structure\agrolinking-intel\data\processed\features\features_hibiscus.csv
2026-04-16 19:07:33.413 | INFO     | features:print_feature_summary:454 -   Hibiscus             |   67 rows |  78 features | null: 7.7% | price: ₦   2,222,837/MT | last: 2026-04-13
2026-04-16 19:07:33.413 | DEBUG    | features:run_feature_engineering:486 -   Processing: Sesame
2026-04-16 19:07:33.646 | DEBUG    | features:validate_features:382 -   [Sesame] All feature checks passed
2026-04-16 19:07:33.666 | DEBUG    | features:save_features:443 -     Saved: c:\Users\USER\Downloads\agrolinking-intel-structure\agrolinking-intel\data\processed\features\features_sesame.csv
2026-04-16 19:07:33.680 | INFO     | features:print_feature_summary:454 -   Sesame               |   45 rows |  78 features | null: 8.8% | price: ₦   1,289,237/MT | last: 2026-04-13
2026-04-16 19:07:33.681 | DEBUG    | features:run_feature_engineering:486 -   Processing: Ginger
2026-04-16 19:07:33.880 | DEBUG    | features:validate_features:382 -   [Ginger] All feature checks passed
2026-04-16 19:07:33.905 | DEBUG    | features:save_features:443 -     Saved: c:\Users\USER\Downloads\agrolinking-intel-structure\agrolinking-intel\data\processed\features\features_ginger.csv
2026-04-16 19:07:33.914 | INFO     | features:print_feature_summary:454 -   Ginger               |   67 rows |  78 features | null: 7.7% | price: ₦  10,170,831/MT | last: 2026-04-13
2026-04-16 19:07:33.916 | DEBUG    | features:run_feature_engineering:486 -   Processing: Cocoa
2026-04-16 19:07:34.113 | DEBUG    | features:validate_features:382 -   [Cocoa] All feature checks passed
2026-04-16 19:07:34.149 | DEBUG    | features:save_features:443 -     Saved: c:\Users\USER\Downloads\agrolinking-intel-structure\agrolinking-intel\data\processed\features\features_cocoa.csv
2026-04-16 19:07:34.165 | INFO     | features:print_feature_summary:454 -   Cocoa                |   67 rows |  78 features | null: 7.6% | price: ₦   5,891,671/MT | last: 2026-04-13
2026-04-16 19:07:34.165 | DEBUG    | features:run_feature_engineering:486 -   Processing: Soybeans
2026-04-16 19:07:34.331 | DEBUG    | features:validate_features:382 -   [Soybeans] All feature checks passed
2026-04-16 19:07:34.347 | DEBUG    | features:save_features:443 -     Saved: c:\Users\USER\Downloads\agrolinking-intel-structure\agrolinking-intel\data\processed\features\features_soybeans.csv
2026-04-16 19:07:34.362 | INFO     | features:print_feature_summary:454 -   Soybeans             |   67 rows |  78 features | null: 7.6% | price: ₦     759,204/MT | last: 2026-04-13
2026-04-16 19:07:34.362 | DEBUG    | features:run_feature_engineering:486 -   Processing: Cashew Nuts
2026-04-16 19:07:34.546 | DEBUG    | features:validate_features:382 -   [Cashew Nuts] All feature checks passed
2026-04-16 19:07:34.562 | DEBUG    | features:save_features:443 -     Saved: c:\Users\USER\Downloads\agrolinking-intel-structure\agrolinking-intel\data\processed\features\features_cashew_nuts.csv
2026-04-16 19:07:34.562 | INFO     | features:print_feature_summary:454 -   Cashew Nuts          |   67 rows |  78 features | null: 7.6% | price: ₦   1,979,971/MT | last: 2026-04-13
2026-04-16 19:07:34.562 | DEBUG    | features:run_feature_engineering:486 -   Processing: Sorghum
2026-04-16 19:07:34.718 | DEBUG    | features:validate_features:382 -   [Sorghum] All feature checks passed
2026-04-16 19:07:34.914 | DEBUG    | features:save_features:443 -     Saved: c:\Users\USER\Downloads\agrolinking-intel-structure\agrolinking-intel\data\processed\features\features_sorghum.csv
2026-04-16 19:07:34.927 | INFO     | features:print_feature_summary:454 -   Sorghum              | 1266 rows |  78 features | null: 5.0% | price: ₦     312,951/MT | last: 2026-04-13
2026-04-16 19:07:34.927 | DEBUG    | features:run_feature_engineering:486 -   Processing: Beans (white)
2026-04-16 19:07:35.123 | DEBUG    | features:validate_features:382 -   [Beans (white)] All feature checks passed
2026-04-16 19:07:35.347 | DEBUG    | features:save_features:443 -     Saved: c:\Users\USER\Downloads\agrolinking-intel-structure\agrolinking-intel\data\processed\features\features_beans_white.csv
2026-04-16 19:07:35.355 | INFO     | features:print_feature_summary:454 -   Beans (white)        | 1266 rows |  78 features | null: 5.6% | price: ₦     779,062/MT | last: 2026-04-13
2026-04-16 19:07:35.355 | DEBUG    | features:run_feature_engineering:486 -   Processing: Beans (red)
2026-04-16 19:07:35.522 | DEBUG    | features:validate_features:382 -   [Beans (red)] All feature checks passed
2026-04-16 19:07:35.618 | DEBUG    | features:save_features:443 -     Saved: c:\Users\USER\Downloads\agrolinking-intel-structure\agrolinking-intel\data\processed\features\features_beans_red.csv
2026-04-16 19:07:35.618 | INFO     | features:print_feature_summary:454 -   Beans (red)          |  536 rows |  78 features | null: 5.3% | price: ₦     911,469/MT | last: 2026-04-13
2026-04-16 19:07:35.634 | DEBUG    | features:run_feature_engineering:486 -   Processing: Maize (white)
2026-04-16 19:07:35.807 | DEBUG    | features:validate_features:382 -   [Maize (white)] All feature checks passed
2026-04-16 19:07:36.028 | DEBUG    | features:save_features:443 -     Saved: c:\Users\USER\Downloads\agrolinking-intel-structure\agrolinking-intel\data\processed\features\features_maize_white.csv
2026-04-16 19:07:36.048 | INFO     | features:print_feature_summary:454 -   Maize (white)        | 1266 rows |  78 features | null: 5.1% | price: ₦     213,891/MT | last: 2026-04-13
2026-04-16 19:07:36.048 | DEBUG    | features:run_feature_engineering:486 -   Processing: Maize (yellow)
2026-04-16 19:07:36.201 | DEBUG    | features:validate_features:382 -   [Maize (yellow)] All feature checks passed
2026-04-16 19:07:36.365 | DEBUG    | features:save_features:443 -     Saved: c:\Users\USER\Downloads\agrolinking-intel-structure\agrolinking-intel\data\processed\features\features_maize_yellow.csv
2026-04-16 19:07:36.371 | INFO     | features:print_feature_summary:454 -   Maize (yellow)       |  623 rows |  78 features | null: 5.4% | price: ₦     230,594/MT | last: 2026-04-13
2026-04-16 19:07:36.373 | DEBUG    | features:run_feature_engineering:486 -   Processing: Wheat
2026-04-16 19:07:36.373 | WARNING  | features:build_features_for_commodity:408 -   [Wheat] Only 0 rows — skipping
2026-04-16 19:07:36.373 | INFO     | features:run_feature_engineering:498 - 
Feature columns (example — Sorghum):
2026-04-16 19:07:36.373 | INFO     | features:run_feature_engineering:501 -   Total: 83 columns
2026-04-16 19:07:36.373 | INFO     | features:run_feature_engineering:507 -   Model features: 70
2026-04-16 19:07:36.373 | DEBUG    | features:run_feature_engineering:509 -     ['price_ngn_mt', 'fx_rate', 'rainfall_index', 'data_quality_score', 'price_raw_ngn_mt']
2026-04-16 19:07:36.373 | DEBUG    | features:run_feature_engineering:509 -     ['fx_rate_usd_ngn', 'fuel_diesel_ngn_litre', 'fuel_petrol_ngn_litre', 'headline_inflation_yoy', 'food_inflation_yoy']
2026-04-16 19:07:36.383 | DEBUG    | features:run_feature_engineering:509 -     ['season_dry', 'season_rainy', 'season_planting', 'season_planting_early', 'season_planting_late']
2026-04-16 19:07:36.383 | DEBUG    | features:run_feature_engineering:509 -     ['season_harvesting', 'season_harvest_early', 'season_harvest_lean', 'cashew_harvest', 'cocoa_main_crop']
2026-04-16 19:07:36.383 | DEBUG    | features:run_feature_engineering:509 -     ['cocoa_mid_crop', 'sesame_harvest', 'ginger_harvest', 'hibiscus_harvest', 'sorghum_harvest']
2026-04-16 19:07:36.383 | DEBUG    | features:run_feature_engineering:509 -     ['maize_harvest', 'soybean_harvest', 'is_ramadan', 'is_lean_season', 'is_festive_period']
2026-04-16 19:07:36.383 | DEBUG    | features:run_feature_engineering:509 -     ['month_sin', 'month_cos', 'week_sin', 'week_cos', 'price_usd_mt']
2026-04-16 19:07:36.383 | DEBUG    | features:run_feature_engineering:509 -     ['price_lag_1w', 'price_lag_2w', 'price_lag_4w', 'price_lag_8w', 'price_lag_12w']
2026-04-16 19:07:36.386 | DEBUG    | features:run_feature_engineering:509 -     ['price_lag_26w', 'price_lag_52w', 'rolling_mean_4w', 'rolling_std_4w', 'rolling_mean_8w']
2026-04-16 19:07:36.386 | DEBUG    | features:run_feature_engineering:509 -     ['rolling_std_8w', 'rolling_mean_12w', 'rolling_std_12w', 'rolling_mean_26w', 'rolling_std_26w']
2026-04-16 19:07:36.386 | DEBUG    | features:run_feature_engineering:509 -     ['rolling_max_4w', 'rolling_min_4w', 'rolling_max_12w', 'rolling_min_12w', 'pct_change_1w']
2026-04-16 19:07:36.386 | DEBUG    | features:run_feature_engineering:509 -     ['pct_change_4w', 'pct_change_12w', 'pct_change_52w', 'momentum_4w_vs_26w', 'acceleration_1w']
2026-04-16 19:07:36.386 | DEBUG    | features:run_feature_engineering:509 -     ['price_zscore_52w', 'log_price', 'fuel_cost_index', 'shock_active', 'shock_severity']
2026-04-16 19:07:36.386 | DEBUG    | features:run_feature_engineering:509 -     ['commodity_season_score', 'price_real_ngn_mt', 'weeks_since_start', 'year', 'quarter']
2026-04-16 19:07:36.386 | INFO     | features:run_feature_engineering:511 - ============================================================
2026-04-16 19:07:36.386 | SUCCESS  | features:run_feature_engineering:512 - FEATURE ENGINEERING COMPLETE — 11 commodities
2026-04-16 19:07:36.386 | INFO     | features:run_feature_engineering:513 - ============================================================
2026-04-16 19:07:36.386 | SUCCESS  | __main__:run_step:36 -   ✅ Step 3 — Feature Engineering completed in 3.4s
2026-04-16 19:07:36.386 | INFO     | __main__:run_full_pipeline:107 - 
  Step 4 — Model Training: SKIPPED (next Monday)
2026-04-16 19:07:36.644 | DEBUG    | __main__:run_full_pipeline:122 -   Cleared old forecast rows from master
2026-04-16 19:09:20.862 | INFO     | __main__:run_step:29 - 
════════════════════════════════════════════════════════════
2026-04-16 19:09:20.862 | INFO     | __main__:run_step:30 -   RUNNING: Step 3 — Feature Engineering
2026-04-16 19:09:20.862 | INFO     | __main__:run_step:31 - ════════════════════════════════════════════════════════════
2026-04-16 19:09:20.865 | INFO     | features:run_feature_engineering:473 - ============================================================
2026-04-16 19:09:20.865 | INFO     | features:run_feature_engineering:474 - STEP 3 — FEATURE ENGINEERING
2026-04-16 19:09:20.866 | INFO     | features:run_feature_engineering:475 - ============================================================
2026-04-16 19:09:20.873 | INFO     | features:run_feature_engineering:478 - Loading datasets...
2026-04-16 19:09:20.982 | INFO     | features:load_external_data:89 -   External data loaded:
2026-04-16 19:09:20.982 | INFO     | features:load_external_data:90 -     FX:        1,293 rows (2002-01-07 → 2026-10-12)
2026-04-16 19:09:20.982 | INFO     | features:load_external_data:91 -     Fuel:      137 rows (2014-05-15 → 2026-10-12)
2026-04-16 19:09:20.982 | INFO     | features:load_external_data:92 -     Inflation: 563 rows
2026-04-16 19:09:20.982 | INFO     | features:load_external_data:93 -     Seasons:   1,293 rows
2026-04-16 19:09:20.982 | INFO     | features:run_feature_engineering:482 - 
Building feature matrices for 12 commodities...
2026-04-16 19:09:20.982 | DEBUG    | features:run_feature_engineering:486 -   Processing: Hibiscus
2026-04-16 19:09:21.134 | DEBUG    | features:validate_features:382 -   [Hibiscus] All feature checks passed
2026-04-16 19:09:21.146 | DEBUG    | features:save_features:443 -     Saved: c:\Users\USER\Downloads\agrolinking-intel-structure\agrolinking-intel\data\processed\features\features_hibiscus.csv
2026-04-16 19:09:21.174 | INFO     | features:print_feature_summary:454 -   Hibiscus             |   67 rows |  78 features | null: 7.7% | price: ₦   2,222,230/MT | last: 2026-04-13
2026-04-16 19:09:21.174 | DEBUG    | features:run_feature_engineering:486 -   Processing: Sesame
2026-04-16 19:09:21.309 | DEBUG    | features:validate_features:382 -   [Sesame] All feature checks passed
2026-04-16 19:09:21.318 | DEBUG    | features:save_features:443 -     Saved: c:\Users\USER\Downloads\agrolinking-intel-structure\agrolinking-intel\data\processed\features\features_sesame.csv
2026-04-16 19:09:21.339 | INFO     | features:print_feature_summary:454 -   Sesame               |   45 rows |  78 features | null: 8.8% | price: ₦   1,289,750/MT | last: 2026-04-13
2026-04-16 19:09:21.339 | DEBUG    | features:run_feature_engineering:486 -   Processing: Ginger
2026-04-16 19:09:21.484 | DEBUG    | features:validate_features:382 -   [Ginger] All feature checks passed
2026-04-16 19:09:21.506 | DEBUG    | features:save_features:443 -     Saved: c:\Users\USER\Downloads\agrolinking-intel-structure\agrolinking-intel\data\processed\features\features_ginger.csv
2026-04-16 19:09:21.516 | INFO     | features:print_feature_summary:454 -   Ginger               |   67 rows |  78 features | null: 7.7% | price: ₦  10,171,783/MT | last: 2026-04-13
2026-04-16 19:09:21.517 | DEBUG    | features:run_feature_engineering:486 -   Processing: Cocoa
2026-04-16 19:09:21.632 | DEBUG    | features:validate_features:382 -   [Cocoa] All feature checks passed
2026-04-16 19:09:21.655 | DEBUG    | features:save_features:443 -     Saved: c:\Users\USER\Downloads\agrolinking-intel-structure\agrolinking-intel\data\processed\features\features_cocoa.csv
2026-04-16 19:09:21.662 | INFO     | features:print_feature_summary:454 -   Cocoa                |   67 rows |  78 features | null: 7.6% | price: ₦   5,884,522/MT | last: 2026-04-13
2026-04-16 19:09:21.663 | DEBUG    | features:run_feature_engineering:486 -   Processing: Soybeans
2026-04-16 19:09:21.788 | DEBUG    | features:validate_features:382 -   [Soybeans] All feature checks passed
2026-04-16 19:09:21.804 | DEBUG    | features:save_features:443 -     Saved: c:\Users\USER\Downloads\agrolinking-intel-structure\agrolinking-intel\data\processed\features\features_soybeans.csv
2026-04-16 19:09:21.816 | INFO     | features:print_feature_summary:454 -   Soybeans             |   67 rows |  78 features | null: 7.6% | price: ₦     758,569/MT | last: 2026-04-13
2026-04-16 19:09:21.816 | DEBUG    | features:run_feature_engineering:486 -   Processing: Cashew Nuts
2026-04-16 19:09:21.934 | DEBUG    | features:validate_features:382 -   [Cashew Nuts] All feature checks passed
2026-04-16 19:09:21.957 | DEBUG    | features:save_features:443 -     Saved: c:\Users\USER\Downloads\agrolinking-intel-structure\agrolinking-intel\data\processed\features\features_cashew_nuts.csv
2026-04-16 19:09:21.963 | INFO     | features:print_feature_summary:454 -   Cashew Nuts          |   67 rows |  78 features | null: 7.6% | price: ₦   2,035,398/MT | last: 2026-04-13
2026-04-16 19:09:21.963 | DEBUG    | features:run_feature_engineering:486 -   Processing: Sorghum
2026-04-16 19:09:22.099 | DEBUG    | features:validate_features:382 -   [Sorghum] All feature checks passed
2026-04-16 19:09:22.212 | DEBUG    | features:save_features:443 -     Saved: c:\Users\USER\Downloads\agrolinking-intel-structure\agrolinking-intel\data\processed\features\features_sorghum.csv
2026-04-16 19:09:22.212 | INFO     | features:print_feature_summary:454 -   Sorghum              | 1266 rows |  78 features | null: 5.0% | price: ₦     313,439/MT | last: 2026-04-13
2026-04-16 19:09:22.212 | DEBUG    | features:run_feature_engineering:486 -   Processing: Beans (white)
2026-04-16 19:09:22.350 | DEBUG    | features:validate_features:382 -   [Beans (white)] All feature checks passed
2026-04-16 19:09:22.462 | DEBUG    | features:save_features:443 -     Saved: c:\Users\USER\Downloads\agrolinking-intel-structure\agrolinking-intel\data\processed\features\features_beans_white.csv
2026-04-16 19:09:22.478 | INFO     | features:print_feature_summary:454 -   Beans (white)        | 1266 rows |  78 features | null: 5.6% | price: ₦     778,389/MT | last: 2026-04-13
2026-04-16 19:09:22.478 | DEBUG    | features:run_feature_engineering:486 -   Processing: Beans (red)
2026-04-16 19:09:22.611 | DEBUG    | features:validate_features:382 -   [Beans (red)] All feature checks passed
2026-04-16 19:09:22.681 | DEBUG    | features:save_features:443 -     Saved: c:\Users\USER\Downloads\agrolinking-intel-structure\agrolinking-intel\data\processed\features\features_beans_red.csv
2026-04-16 19:09:22.689 | INFO     | features:print_feature_summary:454 -   Beans (red)          |  536 rows |  78 features | null: 5.3% | price: ₦     911,469/MT | last: 2026-04-13
2026-04-16 19:09:22.689 | DEBUG    | features:run_feature_engineering:486 -   Processing: Maize (white)
2026-04-16 19:09:22.793 | DEBUG    | features:validate_features:382 -   [Maize (white)] All feature checks passed
2026-04-16 19:09:22.929 | DEBUG    | features:save_features:443 -     Saved: c:\Users\USER\Downloads\agrolinking-intel-structure\agrolinking-intel\data\processed\features\features_maize_white.csv
2026-04-16 19:09:22.933 | INFO     | features:print_feature_summary:454 -   Maize (white)        | 1266 rows |  78 features | null: 5.1% | price: ₦     213,891/MT | last: 2026-04-13
2026-04-16 19:09:22.933 | DEBUG    | features:run_feature_engineering:486 -   Processing: Maize (yellow)
2026-04-16 19:09:23.062 | DEBUG    | features:validate_features:382 -   [Maize (yellow)] All feature checks passed
2026-04-16 19:09:23.144 | DEBUG    | features:save_features:443 -     Saved: c:\Users\USER\Downloads\agrolinking-intel-structure\agrolinking-intel\data\processed\features\features_maize_yellow.csv
2026-04-16 19:09:23.144 | INFO     | features:print_feature_summary:454 -   Maize (yellow)       |  623 rows |  78 features | null: 5.4% | price: ₦     230,594/MT | last: 2026-04-13
2026-04-16 19:09:23.152 | DEBUG    | features:run_feature_engineering:486 -   Processing: Wheat
2026-04-16 19:09:23.157 | WARNING  | features:build_features_for_commodity:408 -   [Wheat] Only 0 rows — skipping
2026-04-16 19:09:23.157 | INFO     | features:run_feature_engineering:498 - 
Feature columns (example — Sorghum):
2026-04-16 19:09:23.159 | INFO     | features:run_feature_engineering:501 -   Total: 83 columns
2026-04-16 19:09:23.159 | INFO     | features:run_feature_engineering:507 -   Model features: 70
2026-04-16 19:09:23.159 | DEBUG    | features:run_feature_engineering:509 -     ['price_ngn_mt', 'fx_rate', 'rainfall_index', 'data_quality_score', 'price_raw_ngn_mt']
2026-04-16 19:09:23.161 | DEBUG    | features:run_feature_engineering:509 -     ['fx_rate_usd_ngn', 'fuel_diesel_ngn_litre', 'fuel_petrol_ngn_litre', 'headline_inflation_yoy', 'food_inflation_yoy']
2026-04-16 19:09:23.161 | DEBUG    | features:run_feature_engineering:509 -     ['season_dry', 'season_rainy', 'season_planting', 'season_planting_early', 'season_planting_late']
2026-04-16 19:09:23.161 | DEBUG    | features:run_feature_engineering:509 -     ['season_harvesting', 'season_harvest_early', 'season_harvest_lean', 'cashew_harvest', 'cocoa_main_crop']
2026-04-16 19:09:23.161 | DEBUG    | features:run_feature_engineering:509 -     ['cocoa_mid_crop', 'sesame_harvest', 'ginger_harvest', 'hibiscus_harvest', 'sorghum_harvest']
2026-04-16 19:09:23.161 | DEBUG    | features:run_feature_engineering:509 -     ['maize_harvest', 'soybean_harvest', 'is_ramadan', 'is_lean_season', 'is_festive_period']
2026-04-16 19:09:23.161 | DEBUG    | features:run_feature_engineering:509 -     ['month_sin', 'month_cos', 'week_sin', 'week_cos', 'price_usd_mt']
2026-04-16 19:09:23.161 | DEBUG    | features:run_feature_engineering:509 -     ['price_lag_1w', 'price_lag_2w', 'price_lag_4w', 'price_lag_8w', 'price_lag_12w']
2026-04-16 19:09:23.165 | DEBUG    | features:run_feature_engineering:509 -     ['price_lag_26w', 'price_lag_52w', 'rolling_mean_4w', 'rolling_std_4w', 'rolling_mean_8w']
2026-04-16 19:09:23.165 | DEBUG    | features:run_feature_engineering:509 -     ['rolling_std_8w', 'rolling_mean_12w', 'rolling_std_12w', 'rolling_mean_26w', 'rolling_std_26w']
2026-04-16 19:09:23.166 | DEBUG    | features:run_feature_engineering:509 -     ['rolling_max_4w', 'rolling_min_4w', 'rolling_max_12w', 'rolling_min_12w', 'pct_change_1w']
2026-04-16 19:09:23.166 | DEBUG    | features:run_feature_engineering:509 -     ['pct_change_4w', 'pct_change_12w', 'pct_change_52w', 'momentum_4w_vs_26w', 'acceleration_1w']
2026-04-16 19:09:23.166 | DEBUG    | features:run_feature_engineering:509 -     ['price_zscore_52w', 'log_price', 'fuel_cost_index', 'shock_active', 'shock_severity']
2026-04-16 19:09:23.168 | DEBUG    | features:run_feature_engineering:509 -     ['commodity_season_score', 'price_real_ngn_mt', 'weeks_since_start', 'year', 'quarter']
2026-04-16 19:09:23.168 | INFO     | features:run_feature_engineering:511 - ============================================================
2026-04-16 19:09:23.169 | SUCCESS  | features:run_feature_engineering:512 - FEATURE ENGINEERING COMPLETE — 11 commodities
2026-04-16 19:09:23.169 | INFO     | features:run_feature_engineering:513 - ============================================================
2026-04-16 19:09:23.169 | SUCCESS  | __main__:run_step:36 -   ✅ Step 3 — Feature Engineering completed in 2.3s
2026-04-16 19:09:23.171 | INFO     | __main__:run_full_pipeline:107 - 
  Step 4 — Model Training: SKIPPED (next Monday)
2026-04-16 19:09:23.336 | DEBUG    | __main__:run_full_pipeline:122 -   Cleared old forecast rows from master
2026-04-16 19:24:24.536 | INFO     | __main__:run_step:29 - 
════════════════════════════════════════════════════════════
2026-04-16 19:24:24.536 | INFO     | __main__:run_step:30 -   RUNNING: Step 3 — Feature Engineering
2026-04-16 19:24:24.536 | INFO     | __main__:run_step:31 - ════════════════════════════════════════════════════════════
2026-04-16 19:24:24.545 | INFO     | features:run_feature_engineering:473 - ============================================================
2026-04-16 19:24:24.545 | INFO     | features:run_feature_engineering:474 - STEP 3 — FEATURE ENGINEERING
2026-04-16 19:24:24.545 | INFO     | features:run_feature_engineering:475 - ============================================================
2026-04-16 19:24:24.545 | INFO     | features:run_feature_engineering:478 - Loading datasets...
2026-04-16 19:24:24.719 | INFO     | features:load_external_data:89 -   External data loaded:
2026-04-16 19:24:24.735 | INFO     | features:load_external_data:90 -     FX:        1,293 rows (2002-01-07 → 2026-10-12)
2026-04-16 19:24:24.735 | INFO     | features:load_external_data:91 -     Fuel:      137 rows (2014-05-15 → 2026-10-12)
2026-04-16 19:24:24.735 | INFO     | features:load_external_data:92 -     Inflation: 563 rows
2026-04-16 19:24:24.735 | INFO     | features:load_external_data:93 -     Seasons:   1,293 rows
2026-04-16 19:24:24.735 | INFO     | features:run_feature_engineering:482 - 
Building feature matrices for 12 commodities...
2026-04-16 19:24:24.735 | DEBUG    | features:run_feature_engineering:486 -   Processing: Hibiscus
2026-04-16 19:24:24.915 | DEBUG    | features:validate_features:382 -   [Hibiscus] All feature checks passed
2026-04-16 19:24:24.934 | DEBUG    | features:save_features:443 -     Saved: c:\Users\USER\Downloads\agrolinking-intel-structure\agrolinking-intel\data\processed\features\features_hibiscus.csv
2026-04-16 19:24:24.972 | INFO     | features:print_feature_summary:454 -   Hibiscus             |   67 rows |  79 features | null: 7.6% | price: ₦   2,222,204/MT | last: 2026-04-13
2026-04-16 19:24:24.972 | DEBUG    | features:run_feature_engineering:486 -   Processing: Sesame
2026-04-16 19:24:25.136 | DEBUG    | features:validate_features:382 -   [Sesame] All feature checks passed
2026-04-16 19:24:25.150 | DEBUG    | features:save_features:443 -     Saved: c:\Users\USER\Downloads\agrolinking-intel-structure\agrolinking-intel\data\processed\features\features_sesame.csv
2026-04-16 19:24:25.158 | INFO     | features:print_feature_summary:454 -   Sesame               |   45 rows |  79 features | null: 8.7% | price: ₦   1,289,811/MT | last: 2026-04-13
2026-04-16 19:24:25.160 | DEBUG    | features:run_feature_engineering:486 -   Processing: Ginger
2026-04-16 19:24:25.348 | DEBUG    | features:validate_features:382 -   [Ginger] All feature checks passed
2026-04-16 19:24:25.367 | DEBUG    | features:save_features:443 -     Saved: c:\Users\USER\Downloads\agrolinking-intel-structure\agrolinking-intel\data\processed\features\features_ginger.csv
2026-04-16 19:24:25.369 | INFO     | features:print_feature_summary:454 -   Ginger               |   67 rows |  79 features | null: 7.6% | price: ₦  10,171,826/MT | last: 2026-04-13
2026-04-16 19:24:25.380 | DEBUG    | features:run_feature_engineering:486 -   Processing: Cocoa
2026-04-16 19:24:25.573 | DEBUG    | features:validate_features:382 -   [Cocoa] All feature checks passed
2026-04-16 19:24:25.593 | DEBUG    | features:save_features:443 -     Saved: c:\Users\USER\Downloads\agrolinking-intel-structure\agrolinking-intel\data\processed\features\features_cocoa.csv
2026-04-16 19:24:25.601 | INFO     | features:print_feature_summary:454 -   Cocoa                |   67 rows |  79 features | null: 7.5% | price: ₦   5,884,385/MT | last: 2026-04-13
2026-04-16 19:24:25.601 | DEBUG    | features:run_feature_engineering:486 -   Processing: Soybeans
2026-04-16 19:24:25.780 | DEBUG    | features:validate_features:382 -   [Soybeans] All feature checks passed
2026-04-16 19:24:25.799 | DEBUG    | features:save_features:443 -     Saved: c:\Users\USER\Downloads\agrolinking-intel-structure\agrolinking-intel\data\processed\features\features_soybeans.csv
2026-04-16 19:24:25.812 | INFO     | features:print_feature_summary:454 -   Soybeans             |   67 rows |  79 features | null: 7.5% | price: ₦     758,544/MT | last: 2026-04-13
2026-04-16 19:24:25.812 | DEBUG    | features:run_feature_engineering:486 -   Processing: Cashew Nuts
2026-04-16 19:24:25.999 | DEBUG    | features:validate_features:382 -   [Cashew Nuts] All feature checks passed
2026-04-16 19:24:26.027 | DEBUG    | features:save_features:443 -     Saved: c:\Users\USER\Downloads\agrolinking-intel-structure\agrolinking-intel\data\processed\features\features_cashew_nuts.csv
2026-04-16 19:24:26.039 | INFO     | features:print_feature_summary:454 -   Cashew Nuts          |   67 rows |  79 features | null: 7.5% | price: ₦   1,981,188/MT | last: 2026-04-13
2026-04-16 19:24:26.039 | DEBUG    | features:run_feature_engineering:486 -   Processing: Sorghum
2026-04-16 19:24:26.257 | DEBUG    | features:validate_features:382 -   [Sorghum] All feature checks passed
2026-04-16 19:24:26.556 | DEBUG    | features:save_features:443 -     Saved: c:\Users\USER\Downloads\agrolinking-intel-structure\agrolinking-intel\data\processed\features\features_sorghum.csv
2026-04-16 19:24:26.567 | INFO     | features:print_feature_summary:454 -   Sorghum              | 1266 rows |  79 features | null: 4.9% | price: ₦     313,499/MT | last: 2026-04-13
2026-04-16 19:24:26.573 | DEBUG    | features:run_feature_engineering:486 -   Processing: Beans (white)
2026-04-16 19:24:26.750 | DEBUG    | features:validate_features:382 -   [Beans (white)] All feature checks passed
2026-04-16 19:24:26.942 | DEBUG    | features:save_features:443 -     Saved: c:\Users\USER\Downloads\agrolinking-intel-structure\agrolinking-intel\data\processed\features\features_beans_white.csv
2026-04-16 19:24:26.942 | INFO     | features:print_feature_summary:454 -   Beans (white)        | 1266 rows |  79 features | null: 5.5% | price: ₦     778,357/MT | last: 2026-04-13
2026-04-16 19:24:26.942 | DEBUG    | features:run_feature_engineering:486 -   Processing: Beans (red)
2026-04-16 19:24:27.175 | DEBUG    | features:validate_features:382 -   [Beans (red)] All feature checks passed
2026-04-16 19:24:27.268 | DEBUG    | features:save_features:443 -     Saved: c:\Users\USER\Downloads\agrolinking-intel-structure\agrolinking-intel\data\processed\features\features_beans_red.csv
2026-04-16 19:24:27.281 | INFO     | features:print_feature_summary:454 -   Beans (red)          |  536 rows |  79 features | null: 5.2% | price: ₦     911,469/MT | last: 2026-04-13
2026-04-16 19:24:27.281 | DEBUG    | features:run_feature_engineering:486 -   Processing: Maize (white)
2026-04-16 19:24:27.469 | DEBUG    | features:validate_features:382 -   [Maize (white)] All feature checks passed
2026-04-16 19:24:27.694 | DEBUG    | features:save_features:443 -     Saved: c:\Users\USER\Downloads\agrolinking-intel-structure\agrolinking-intel\data\processed\features\features_maize_white.csv
2026-04-16 19:24:27.701 | INFO     | features:print_feature_summary:454 -   Maize (white)        | 1266 rows |  79 features | null: 5.1% | price: ₦     213,891/MT | last: 2026-04-13
2026-04-16 19:24:27.703 | DEBUG    | features:run_feature_engineering:486 -   Processing: Maize (yellow)
2026-04-16 19:24:27.860 | DEBUG    | features:validate_features:382 -   [Maize (yellow)] All feature checks passed
2026-04-16 19:24:27.955 | DEBUG    | features:save_features:443 -     Saved: c:\Users\USER\Downloads\agrolinking-intel-structure\agrolinking-intel\data\processed\features\features_maize_yellow.csv
2026-04-16 19:24:27.971 | INFO     | features:print_feature_summary:454 -   Maize (yellow)       |  623 rows |  79 features | null: 5.4% | price: ₦     230,594/MT | last: 2026-04-13
2026-04-16 19:24:27.971 | DEBUG    | features:run_feature_engineering:486 -   Processing: Wheat
2026-04-16 19:24:27.971 | WARNING  | features:build_features_for_commodity:408 -   [Wheat] Only 0 rows — skipping
2026-04-16 19:24:27.987 | INFO     | features:run_feature_engineering:498 - 
Feature columns (example — Sorghum):
2026-04-16 19:24:27.988 | INFO     | features:run_feature_engineering:501 -   Total: 84 columns
2026-04-16 19:24:27.988 | INFO     | features:run_feature_engineering:507 -   Model features: 71
2026-04-16 19:24:27.988 | DEBUG    | features:run_feature_engineering:509 -     ['price_ngn_mt', 'fx_rate', 'rainfall_index', 'data_quality_score', 'price_raw_ngn_mt']
2026-04-16 19:24:27.990 | DEBUG    | features:run_feature_engineering:509 -     ['fx_rate_usd_ngn', 'fuel_diesel_ngn_litre', 'fuel_petrol_ngn_litre', 'headline_inflation_yoy', 'food_inflation_yoy']
2026-04-16 19:24:27.990 | DEBUG    | features:run_feature_engineering:509 -     ['season_dry', 'season_rainy', 'season_planting', 'season_planting_early', 'season_planting_late']
2026-04-16 19:24:27.990 | DEBUG    | features:run_feature_engineering:509 -     ['season_harvesting', 'season_harvest_early', 'season_harvest_lean', 'cashew_harvest', 'cocoa_main_crop']
2026-04-16 19:24:27.992 | DEBUG    | features:run_feature_engineering:509 -     ['cocoa_mid_crop', 'sesame_harvest', 'ginger_harvest', 'hibiscus_harvest', 'sorghum_harvest']
2026-04-16 19:24:27.992 | DEBUG    | features:run_feature_engineering:509 -     ['maize_harvest', 'soybean_harvest', 'is_ramadan', 'is_lean_season', 'is_festive_period']
2026-04-16 19:24:27.992 | DEBUG    | features:run_feature_engineering:509 -     ['month_sin', 'month_cos', 'week_sin', 'week_cos', 'wheat_harvest']
2026-04-16 19:24:27.994 | DEBUG    | features:run_feature_engineering:509 -     ['price_usd_mt', 'price_lag_1w', 'price_lag_2w', 'price_lag_4w', 'price_lag_8w']
2026-04-16 19:24:27.994 | DEBUG    | features:run_feature_engineering:509 -     ['price_lag_12w', 'price_lag_26w', 'price_lag_52w', 'rolling_mean_4w', 'rolling_std_4w']
2026-04-16 19:24:27.994 | DEBUG    | features:run_feature_engineering:509 -     ['rolling_mean_8w', 'rolling_std_8w', 'rolling_mean_12w', 'rolling_std_12w', 'rolling_mean_26w']
2026-04-16 19:24:27.996 | DEBUG    | features:run_feature_engineering:509 -     ['rolling_std_26w', 'rolling_max_4w', 'rolling_min_4w', 'rolling_max_12w', 'rolling_min_12w']
2026-04-16 19:24:27.996 | DEBUG    | features:run_feature_engineering:509 -     ['pct_change_1w', 'pct_change_4w', 'pct_change_12w', 'pct_change_52w', 'momentum_4w_vs_26w']
2026-04-16 19:24:27.996 | DEBUG    | features:run_feature_engineering:509 -     ['acceleration_1w', 'price_zscore_52w', 'log_price', 'fuel_cost_index', 'shock_active']
2026-04-16 19:24:27.998 | DEBUG    | features:run_feature_engineering:509 -     ['shock_severity', 'commodity_season_score', 'price_real_ngn_mt', 'weeks_since_start', 'year']
2026-04-16 19:24:27.999 | DEBUG    | features:run_feature_engineering:509 -     ['quarter']
2026-04-16 19:24:28.000 | INFO     | features:run_feature_engineering:511 - ============================================================
2026-04-16 19:24:28.000 | SUCCESS  | features:run_feature_engineering:512 - FEATURE ENGINEERING COMPLETE — 11 commodities
2026-04-16 19:24:28.000 | INFO     | features:run_feature_engineering:513 - ============================================================
2026-04-16 19:24:28.002 | SUCCESS  | __main__:run_step:36 -   ✅ Step 3 — Feature Engineering completed in 3.5s
2026-04-16 19:24:28.003 | INFO     | __main__:run_full_pipeline:107 - 
  Step 4 — Model Training: SKIPPED (next Monday)
2026-04-16 19:24:28.243 | DEBUG    | __main__:run_full_pipeline:122 -   Cleared old forecast rows from master
