2026-04-21 17:15:13.257 | INFO     | __main__:run_feature_engineering:473 - ============================================================
2026-04-21 17:15:13.266 | INFO     | __main__:run_feature_engineering:474 - STEP 3 — FEATURE ENGINEERING
2026-04-21 17:15:13.266 | INFO     | __main__:run_feature_engineering:475 - ============================================================
2026-04-21 17:15:13.267 | INFO     | __main__:run_feature_engineering:478 - Loading datasets...
2026-04-21 17:15:13.748 | INFO     | __main__:load_external_data:89 -   External data loaded:
2026-04-21 17:15:13.757 | INFO     | __main__:load_external_data:90 -     FX:        1,293 rows (2002-01-07 → 2026-10-12)
2026-04-21 17:15:13.757 | INFO     | __main__:load_external_data:91 -     Fuel:      137 rows (2014-05-15 → 2026-10-12)
2026-04-21 17:15:13.764 | INFO     | __main__:load_external_data:92 -     Inflation: 563 rows
2026-04-21 17:15:13.766 | INFO     | __main__:load_external_data:93 -     Seasons:   1,293 rows
2026-04-21 17:15:13.766 | INFO     | __main__:run_feature_engineering:482 - 
Building feature matrices for 12 commodities...
2026-04-21 17:15:13.767 | DEBUG    | __main__:run_feature_engineering:486 -   Processing: Hibiscus
2026-04-21 17:15:13.989 | DEBUG    | __main__:validate_features:382 -   [Hibiscus] All feature checks passed
2026-04-21 17:15:14.097 | DEBUG    | __main__:save_features:443 -     Saved: c:\Users\USER\Downloads\agrolinking-intel-structure\agrolinking-intel\data\processed\features\features_hibiscus.csv
2026-04-21 17:15:14.097 | INFO     | __main__:print_feature_summary:454 -   Hibiscus             |  846 rows |  79 features | null: 3.8% | price: ₦   2,550,000/MT | last: 2026-03-16
2026-04-21 17:15:14.106 | DEBUG    | __main__:run_feature_engineering:486 -   Processing: Sesame
2026-04-21 17:15:14.238 | DEBUG    | __main__:validate_features:382 -   [Sesame] All feature checks passed
2026-04-21 17:15:14.344 | DEBUG    | __main__:save_features:443 -     Saved: c:\Users\USER\Downloads\agrolinking-intel-structure\agrolinking-intel\data\processed\features\features_sesame.csv
2026-04-21 17:15:14.352 | INFO     | __main__:print_feature_summary:454 -   Sesame               |  824 rows |  79 features | null: 3.8% | price: ₦   1,280,000/MT | last: 2026-03-16
2026-04-21 17:15:14.352 | DEBUG    | __main__:run_feature_engineering:486 -   Processing: Ginger
2026-04-21 17:15:14.523 | DEBUG    | __main__:validate_features:382 -   [Ginger] All feature checks passed
2026-04-21 17:15:14.733 | DEBUG    | __main__:save_features:443 -     Saved: c:\Users\USER\Downloads\agrolinking-intel-structure\agrolinking-intel\data\processed\features\features_ginger.csv
2026-04-21 17:15:14.746 | INFO     | __main__:print_feature_summary:454 -   Ginger               | 1368 rows |  79 features | null: 6.1% | price: ₦   9,900,000/MT | last: 2026-03-16
2026-04-21 17:15:14.746 | DEBUG    | __main__:run_feature_engineering:486 -   Processing: Cocoa
2026-04-21 17:15:14.911 | DEBUG    | __main__:validate_features:382 -   [Cocoa] All feature checks passed
2026-04-21 17:15:15.283 | DEBUG    | __main__:save_features:443 -     Saved: c:\Users\USER\Downloads\agrolinking-intel-structure\agrolinking-intel\data\processed\features\features_cocoa.csv
2026-04-21 17:15:15.301 | INFO     | __main__:print_feature_summary:454 -   Cocoa                | 1368 rows |  79 features | null: 5.8% | price: ₦   5,700,000/MT | last: 2026-03-16
2026-04-21 17:15:15.301 | DEBUG    | __main__:run_feature_engineering:486 -   Processing: Soybeans
2026-04-21 17:15:15.436 | DEBUG    | __main__:validate_features:382 -   [Soybeans] All feature checks passed
2026-04-21 17:15:15.607 | DEBUG    | __main__:save_features:443 -     Saved: c:\Users\USER\Downloads\agrolinking-intel-structure\agrolinking-intel\data\processed\features\features_soybeans.csv
2026-04-21 17:15:15.618 | INFO     | __main__:print_feature_summary:454 -   Soybeans             | 1368 rows |  79 features | null: 6.0% | price: ₦     680,000/MT | last: 2026-03-16
2026-04-21 17:15:15.618 | DEBUG    | __main__:run_feature_engineering:486 -   Processing: Cashew Nuts
2026-04-21 17:15:15.770 | DEBUG    | __main__:validate_features:382 -   [Cashew Nuts] All feature checks passed
2026-04-21 17:15:15.886 | DEBUG    | __main__:save_features:443 -     Saved: c:\Users\USER\Downloads\agrolinking-intel-structure\agrolinking-intel\data\processed\features\features_cashew_nuts.csv
2026-04-21 17:15:15.899 | INFO     | __main__:print_feature_summary:454 -   Cashew Nuts          |  846 rows |  79 features | null: 3.7% | price: ₦   1,800,000/MT | last: 2026-03-16
2026-04-21 17:15:15.900 | DEBUG    | __main__:run_feature_engineering:486 -   Processing: Sorghum
2026-04-21 17:15:16.028 | DEBUG    | __main__:validate_features:382 -   [Sorghum] All feature checks passed
2026-04-21 17:15:16.224 | DEBUG    | __main__:save_features:443 -     Saved: c:\Users\USER\Downloads\agrolinking-intel-structure\agrolinking-intel\data\processed\features\features_sorghum.csv
2026-04-21 17:15:16.231 | INFO     | __main__:print_feature_summary:454 -   Sorghum              | 1262 rows |  79 features | null: 4.7% | price: ₦     280,000/MT | last: 2026-03-16
2026-04-21 17:15:16.231 | DEBUG    | __main__:run_feature_engineering:486 -   Processing: Beans (white)
2026-04-21 17:15:16.376 | DEBUG    | __main__:validate_features:382 -   [Beans (white)] All feature checks passed
2026-04-21 17:15:16.571 | DEBUG    | __main__:save_features:443 -     Saved: c:\Users\USER\Downloads\agrolinking-intel-structure\agrolinking-intel\data\processed\features\features_beans_white.csv
2026-04-21 17:15:16.575 | INFO     | __main__:print_feature_summary:454 -   Beans (white)        | 1262 rows |  79 features | null: 4.8% | price: ₦     813,334/MT | last: 2026-03-16
2026-04-21 17:15:16.575 | DEBUG    | __main__:run_feature_engineering:486 -   Processing: Beans (red)
2026-04-21 17:15:16.719 | DEBUG    | __main__:validate_features:382 -   [Beans (red)] All feature checks passed
2026-04-21 17:15:16.789 | DEBUG    | __main__:save_features:443 -     Saved: c:\Users\USER\Downloads\agrolinking-intel-structure\agrolinking-intel\data\processed\features\features_beans_red.csv
2026-04-21 17:15:16.797 | INFO     | __main__:print_feature_summary:454 -   Beans (red)          |  531 rows |  79 features | null: 5.0% | price: ₦     915,000/MT | last: 2026-03-16
2026-04-21 17:15:16.797 | DEBUG    | __main__:run_feature_engineering:486 -   Processing: Maize (white)
2026-04-21 17:15:16.946 | DEBUG    | __main__:validate_features:382 -   [Maize (white)] All feature checks passed
2026-04-21 17:15:17.103 | DEBUG    | __main__:save_features:443 -     Saved: c:\Users\USER\Downloads\agrolinking-intel-structure\agrolinking-intel\data\processed\features\features_maize_white.csv
2026-04-21 17:15:17.111 | INFO     | __main__:print_feature_summary:454 -   Maize (white)        | 1097 rows |  79 features | null: 4.5% | price: ₦     211,000/MT | last: 2023-01-16
2026-04-21 17:15:17.111 | DEBUG    | __main__:run_feature_engineering:486 -   Processing: Maize (yellow)
2026-04-21 17:15:17.277 | DEBUG    | __main__:validate_features:382 -   [Maize (yellow)] All feature checks passed
2026-04-21 17:15:17.380 | DEBUG    | __main__:save_features:443 -     Saved: c:\Users\USER\Downloads\agrolinking-intel-structure\agrolinking-intel\data\processed\features\features_maize_yellow.csv
2026-04-21 17:15:17.450 | INFO     | __main__:print_feature_summary:454 -   Maize (yellow)       |  453 rows |  79 features | null: 4.8% | price: ₦     227,400/MT | last: 2023-01-16
2026-04-21 17:15:17.452 | DEBUG    | __main__:run_feature_engineering:486 -   Processing: Wheat
2026-04-21 17:15:17.459 | WARNING  | __main__:build_features_for_commodity:408 -   [Wheat] Only 0 rows — skipping
2026-04-21 17:15:17.460 | INFO     | __main__:run_feature_engineering:498 - 
Feature columns (example — Sorghum):
2026-04-21 17:15:17.462 | INFO     | __main__:run_feature_engineering:501 -   Total: 84 columns
2026-04-21 17:15:17.463 | INFO     | __main__:run_feature_engineering:507 -   Model features: 71
2026-04-21 17:15:17.463 | DEBUG    | __main__:run_feature_engineering:509 -     ['price_ngn_mt', 'fx_rate', 'rainfall_index', 'data_quality_score', 'price_raw_ngn_mt']
2026-04-21 17:15:17.463 | DEBUG    | __main__:run_feature_engineering:509 -     ['fx_rate_usd_ngn', 'fuel_diesel_ngn_litre', 'fuel_petrol_ngn_litre', 'headline_inflation_yoy', 'food_inflation_yoy']
2026-04-21 17:15:17.463 | DEBUG    | __main__:run_feature_engineering:509 -     ['season_dry', 'season_rainy', 'season_planting', 'season_planting_early', 'season_planting_late']
2026-04-21 17:15:17.466 | DEBUG    | __main__:run_feature_engineering:509 -     ['season_harvesting', 'season_harvest_early', 'season_harvest_lean', 'cashew_harvest', 'cocoa_main_crop']
2026-04-21 17:15:17.466 | DEBUG    | __main__:run_feature_engineering:509 -     ['cocoa_mid_crop', 'sesame_harvest', 'ginger_harvest', 'hibiscus_harvest', 'sorghum_harvest']
2026-04-21 17:15:17.468 | DEBUG    | __main__:run_feature_engineering:509 -     ['maize_harvest', 'soybean_harvest', 'is_ramadan', 'is_lean_season', 'is_festive_period']
2026-04-21 17:15:17.468 | DEBUG    | __main__:run_feature_engineering:509 -     ['month_sin', 'month_cos', 'week_sin', 'week_cos', 'wheat_harvest']
2026-04-21 17:15:17.471 | DEBUG    | __main__:run_feature_engineering:509 -     ['price_usd_mt', 'price_lag_1w', 'price_lag_2w', 'price_lag_4w', 'price_lag_8w']
2026-04-21 17:15:17.471 | DEBUG    | __main__:run_feature_engineering:509 -     ['price_lag_12w', 'price_lag_26w', 'price_lag_52w', 'rolling_mean_4w', 'rolling_std_4w']
2026-04-21 17:15:17.472 | DEBUG    | __main__:run_feature_engineering:509 -     ['rolling_mean_8w', 'rolling_std_8w', 'rolling_mean_12w', 'rolling_std_12w', 'rolling_mean_26w']
2026-04-21 17:15:17.473 | DEBUG    | __main__:run_feature_engineering:509 -     ['rolling_std_26w', 'rolling_max_4w', 'rolling_min_4w', 'rolling_max_12w', 'rolling_min_12w']
2026-04-21 17:15:17.475 | DEBUG    | __main__:run_feature_engineering:509 -     ['pct_change_1w', 'pct_change_4w', 'pct_change_12w', 'pct_change_52w', 'momentum_4w_vs_26w']
2026-04-21 17:15:17.475 | DEBUG    | __main__:run_feature_engineering:509 -     ['acceleration_1w', 'price_zscore_52w', 'log_price', 'fuel_cost_index', 'shock_active']
2026-04-21 17:15:17.476 | DEBUG    | __main__:run_feature_engineering:509 -     ['shock_severity', 'commodity_season_score', 'price_real_ngn_mt', 'weeks_since_start', 'year']
2026-04-21 17:15:17.476 | DEBUG    | __main__:run_feature_engineering:509 -     ['quarter']
2026-04-21 17:15:17.478 | INFO     | __main__:run_feature_engineering:511 - ============================================================
2026-04-21 17:15:17.478 | SUCCESS  | __main__:run_feature_engineering:512 - FEATURE ENGINEERING COMPLETE — 11 commodities
2026-04-21 17:15:17.480 | INFO     | __main__:run_feature_engineering:513 - ============================================================
