2026-09-28 11:36:29.887 | INFO     | __main__:run_feature_engineering:473 - ============================================================
2026-09-28 11:36:29.887 | INFO     | __main__:run_feature_engineering:474 - STEP 3 — FEATURE ENGINEERING
2026-09-28 11:36:29.887 | INFO     | __main__:run_feature_engineering:475 - ============================================================
2026-09-28 11:36:29.888 | INFO     | __main__:run_feature_engineering:478 - Loading datasets...
2026-09-28 11:36:29.941 | INFO     | __main__:load_external_data:89 -   External data loaded:
2026-09-28 11:36:29.942 | INFO     | __main__:load_external_data:90 -     FX:        1,293 rows (2002-01-07 → 2026-10-12)
2026-09-28 11:36:29.942 | INFO     | __main__:load_external_data:91 -     Fuel:      141 rows (2014-05-15 → 2026-10-12)
2026-09-28 11:36:29.942 | INFO     | __main__:load_external_data:92 -     Inflation: 563 rows
2026-09-28 11:36:29.942 | INFO     | __main__:load_external_data:93 -     Seasons:   1,293 rows
2026-09-28 11:36:29.942 | INFO     | __main__:run_feature_engineering:482 - 
Building feature matrices for 17 commodities...
2026-09-28 11:36:29.943 | DEBUG    | __main__:run_feature_engineering:486 -   Processing: Hibiscus
2026-09-28 11:36:29.992 | DEBUG    | __main__:validate_features:382 -   [Hibiscus] All feature checks passed
2026-09-28 11:36:30.038 | DEBUG    | __main__:save_features:443 -     Saved: /home/runner/work/Agrolinking-Intelligence/Agrolinking-Intelligence/data/processed/features/features_hibiscus.csv
2026-09-28 11:36:30.040 | INFO     | __main__:print_feature_summary:454 -   Hibiscus             |  871 rows |  79 features | null: 3.9% | price: ₦   2,550,000/MT | last: 2026-08-24
2026-09-28 11:36:30.040 | DEBUG    | __main__:run_feature_engineering:486 -   Processing: Sesame
2026-09-28 11:36:30.086 | DEBUG    | __main__:validate_features:382 -   [Sesame] All feature checks passed
2026-09-28 11:36:30.132 | DEBUG    | __main__:save_features:443 -     Saved: /home/runner/work/Agrolinking-Intelligence/Agrolinking-Intelligence/data/processed/features/features_sesame.csv
2026-09-28 11:36:30.134 | INFO     | __main__:print_feature_summary:454 -   Sesame               |  849 rows |  79 features | null: 3.9% | price: ₦   1,470,000/MT | last: 2026-08-24
2026-09-28 11:36:30.135 | DEBUG    | __main__:run_feature_engineering:486 -   Processing: Ginger
2026-09-28 11:36:30.183 | DEBUG    | __main__:validate_features:382 -   [Ginger] All feature checks passed
2026-09-28 11:36:30.256 | DEBUG    | __main__:save_features:443 -     Saved: /home/runner/work/Agrolinking-Intelligence/Agrolinking-Intelligence/data/processed/features/features_ginger.csv
2026-09-28 11:36:30.258 | INFO     | __main__:print_feature_summary:454 -   Ginger               | 1393 rows |  79 features | null: 6.1% | price: ₦   9,200,000/MT | last: 2026-08-24
2026-09-28 11:36:30.258 | DEBUG    | __main__:run_feature_engineering:486 -   Processing: Cocoa
2026-09-28 11:36:30.307 | DEBUG    | __main__:validate_features:382 -   [Cocoa] All feature checks passed
2026-09-28 11:36:30.387 | DEBUG    | __main__:save_features:443 -     Saved: /home/runner/work/Agrolinking-Intelligence/Agrolinking-Intelligence/data/processed/features/features_cocoa.csv
2026-09-28 11:36:30.389 | INFO     | __main__:print_feature_summary:454 -   Cocoa                | 1393 rows |  79 features | null: 5.8% | price: ₦   4,800,000/MT | last: 2026-08-24
2026-09-28 11:36:30.389 | DEBUG    | __main__:run_feature_engineering:486 -   Processing: Soybeans
2026-09-28 11:36:30.438 | DEBUG    | __main__:validate_features:382 -   [Soybeans] All feature checks passed
2026-09-28 11:36:30.518 | DEBUG    | __main__:save_features:443 -     Saved: /home/runner/work/Agrolinking-Intelligence/Agrolinking-Intelligence/data/processed/features/features_soybeans.csv
2026-09-28 11:36:30.520 | INFO     | __main__:print_feature_summary:454 -   Soybeans             | 1393 rows |  79 features | null: 6.0% | price: ₦     820,000/MT | last: 2026-08-24
2026-09-28 11:36:30.521 | DEBUG    | __main__:run_feature_engineering:486 -   Processing: Cashew Nuts
2026-09-28 11:36:30.568 | DEBUG    | __main__:validate_features:382 -   [Cashew Nuts] All feature checks passed
2026-09-28 11:36:30.614 | DEBUG    | __main__:save_features:443 -     Saved: /home/runner/work/Agrolinking-Intelligence/Agrolinking-Intelligence/data/processed/features/features_cashew_nuts.csv
2026-09-28 11:36:30.616 | INFO     | __main__:print_feature_summary:454 -   Cashew Nuts          |  871 rows |  79 features | null: 3.8% | price: ₦   1,900,000/MT | last: 2026-08-24
2026-09-28 11:36:30.616 | DEBUG    | __main__:run_feature_engineering:486 -   Processing: Sorghum
2026-09-28 11:36:30.665 | DEBUG    | __main__:validate_features:382 -   [Sorghum] All feature checks passed
2026-09-28 11:36:30.738 | DEBUG    | __main__:save_features:443 -     Saved: /home/runner/work/Agrolinking-Intelligence/Agrolinking-Intelligence/data/processed/features/features_sorghum.csv
2026-09-28 11:36:30.740 | INFO     | __main__:print_feature_summary:454 -   Sorghum              | 1287 rows |  79 features | null: 4.9% | price: ₦     344,000/MT | last: 2026-08-24
2026-09-28 11:36:30.740 | DEBUG    | __main__:run_feature_engineering:486 -   Processing: Beans (white)
2026-09-28 11:36:30.789 | DEBUG    | __main__:validate_features:382 -   [Beans (white)] All feature checks passed
2026-09-28 11:36:30.857 | DEBUG    | __main__:save_features:443 -     Saved: /home/runner/work/Agrolinking-Intelligence/Agrolinking-Intelligence/data/processed/features/features_beans_white.csv
2026-09-28 11:36:30.859 | INFO     | __main__:print_feature_summary:454 -   Beans (white)        | 1281 rows |  79 features | null: 4.9% | price: ₦   1,000,000/MT | last: 2026-07-13
2026-09-28 11:36:30.859 | DEBUG    | __main__:run_feature_engineering:486 -   Processing: Beans (red)
2026-09-28 11:36:30.904 | DEBUG    | __main__:validate_features:382 -   [Beans (red)] All feature checks passed
2026-09-28 11:36:30.934 | DEBUG    | __main__:save_features:443 -     Saved: /home/runner/work/Agrolinking-Intelligence/Agrolinking-Intelligence/data/processed/features/features_beans_red.csv
2026-09-28 11:36:30.936 | INFO     | __main__:print_feature_summary:454 -   Beans (red)          |  551 rows |  79 features | null: 5.2% | price: ₦   1,000,000/MT | last: 2026-07-13
2026-09-28 11:36:30.936 | DEBUG    | __main__:run_feature_engineering:486 -   Processing: Maize (white)
2026-09-28 11:36:30.984 | DEBUG    | __main__:validate_features:382 -   [Maize (white)] All feature checks passed
2026-09-28 11:36:31.049 | DEBUG    | __main__:save_features:443 -     Saved: /home/runner/work/Agrolinking-Intelligence/Agrolinking-Intelligence/data/processed/features/features_maize_white.csv
2026-09-28 11:36:31.051 | INFO     | __main__:print_feature_summary:454 -   Maize (white)        | 1283 rows |  79 features | null: 4.9% | price: ₦     641,141/MT | last: 2026-07-27
2026-09-28 11:36:31.051 | DEBUG    | __main__:run_feature_engineering:486 -   Processing: Maize (yellow)
2026-09-28 11:36:31.096 | DEBUG    | __main__:validate_features:382 -   [Maize (yellow)] All feature checks passed
2026-09-28 11:36:31.130 | DEBUG    | __main__:save_features:443 -     Saved: /home/runner/work/Agrolinking-Intelligence/Agrolinking-Intelligence/data/processed/features/features_maize_yellow.csv
2026-09-28 11:36:31.132 | INFO     | __main__:print_feature_summary:454 -   Maize (yellow)       |  640 rows |  79 features | null: 5.1% | price: ₦     690,974/MT | last: 2026-07-27
2026-09-28 11:36:31.132 | DEBUG    | __main__:run_feature_engineering:486 -   Processing: Wheat
2026-09-28 11:36:31.177 | DEBUG    | __main__:validate_features:382 -   [Wheat] All feature checks passed
2026-09-28 11:36:31.214 | DEBUG    | __main__:save_features:443 -     Saved: /home/runner/work/Agrolinking-Intelligence/Agrolinking-Intelligence/data/processed/features/features_wheat.csv
2026-09-28 11:36:31.216 | INFO     | __main__:print_feature_summary:454 -   Wheat                |  850 rows |  79 features | null: 3.9% | price: ₦     706,833/MT | last: 2026-04-13
2026-09-28 11:36:31.216 | DEBUG    | __main__:run_feature_engineering:486 -   Processing: Rice
2026-09-28 11:36:31.264 | DEBUG    | __main__:validate_features:382 -   [Rice] All feature checks passed
2026-09-28 11:36:31.328 | DEBUG    | __main__:save_features:443 -     Saved: /home/runner/work/Agrolinking-Intelligence/Agrolinking-Intelligence/data/processed/features/features_rice.csv
2026-09-28 11:36:31.330 | INFO     | __main__:print_feature_summary:454 -   Rice                 | 1283 rows |  79 features | null: 4.9% | price: ₦   1,904,320/MT | last: 2026-07-27
2026-09-28 11:36:31.330 | DEBUG    | __main__:run_feature_engineering:486 -   Processing: Meat (beef)
2026-09-28 11:36:31.375 | DEBUG    | __main__:validate_features:382 -   [Meat (beef)] All feature checks passed
2026-09-28 11:36:31.402 | DEBUG    | __main__:save_features:443 -     Saved: /home/runner/work/Agrolinking-Intelligence/Agrolinking-Intelligence/data/processed/features/features_meat_beef.csv
2026-09-28 11:36:31.404 | INFO     | __main__:print_feature_summary:454 -   Meat (beef)          |  531 rows |  79 features | null: 5.2% | price: ₦   5,755,214/MT | last: 2026-07-27
2026-09-28 11:36:31.404 | DEBUG    | __main__:run_feature_engineering:486 -   Processing: Meat (goat)
2026-09-28 11:36:31.448 | DEBUG    | __main__:validate_features:382 -   [Meat (goat)] All feature checks passed
2026-09-28 11:36:31.477 | DEBUG    | __main__:save_features:443 -     Saved: /home/runner/work/Agrolinking-Intelligence/Agrolinking-Intelligence/data/processed/features/features_meat_goat.csv
2026-09-28 11:36:31.479 | INFO     | __main__:print_feature_summary:454 -   Meat (goat)          |  553 rows |  79 features | null: 5.2% | price: ₦   5,713,510/MT | last: 2026-07-27
2026-09-28 11:36:31.479 | DEBUG    | __main__:run_feature_engineering:486 -   Processing: Fish (dried)
2026-09-28 11:36:31.525 | DEBUG    | __main__:validate_features:382 -   [Fish (dried)] All feature checks passed
2026-09-28 11:36:31.552 | DEBUG    | __main__:save_features:443 -     Saved: /home/runner/work/Agrolinking-Intelligence/Agrolinking-Intelligence/data/processed/features/features_fish_dried.csv
2026-09-28 11:36:31.554 | INFO     | __main__:print_feature_summary:454 -   Fish (dried)         |  553 rows |  79 features | null: 5.2% | price: ₦   1,547,895/MT | last: 2026-07-27
2026-09-28 11:36:31.554 | DEBUG    | __main__:run_feature_engineering:486 -   Processing: Eggs
2026-09-28 11:36:31.599 | DEBUG    | __main__:validate_features:382 -   [Eggs] All feature checks passed
2026-09-28 11:36:31.624 | DEBUG    | __main__:save_features:443 -     Saved: /home/runner/work/Agrolinking-Intelligence/Agrolinking-Intelligence/data/processed/features/features_eggs.csv
2026-09-28 11:36:31.626 | INFO     | __main__:print_feature_summary:454 -   Eggs                 |  527 rows |  79 features | null: 5.2% | price: ₦       6,607/MT | last: 2026-07-27
2026-09-28 11:36:31.626 | INFO     | __main__:run_feature_engineering:498 - 
Feature columns (example — Sorghum):
2026-09-28 11:36:31.626 | INFO     | __main__:run_feature_engineering:501 -   Total: 84 columns
2026-09-28 11:36:31.626 | INFO     | __main__:run_feature_engineering:507 -   Model features: 71
2026-09-28 11:36:31.627 | DEBUG    | __main__:run_feature_engineering:509 -     ['price_ngn_mt', 'fx_rate', 'rainfall_index', 'data_quality_score', 'price_raw_ngn_mt']
2026-09-28 11:36:31.627 | DEBUG    | __main__:run_feature_engineering:509 -     ['fx_rate_usd_ngn', 'fuel_diesel_ngn_litre', 'fuel_petrol_ngn_litre', 'headline_inflation_yoy', 'food_inflation_yoy']
2026-09-28 11:36:31.627 | DEBUG    | __main__:run_feature_engineering:509 -     ['season_dry', 'season_rainy', 'season_planting', 'season_planting_early', 'season_planting_late']
2026-09-28 11:36:31.627 | DEBUG    | __main__:run_feature_engineering:509 -     ['season_harvesting', 'season_harvest_early', 'season_harvest_lean', 'cashew_harvest', 'cocoa_main_crop']
2026-09-28 11:36:31.627 | DEBUG    | __main__:run_feature_engineering:509 -     ['cocoa_mid_crop', 'sesame_harvest', 'ginger_harvest', 'hibiscus_harvest', 'sorghum_harvest']
2026-09-28 11:36:31.627 | DEBUG    | __main__:run_feature_engineering:509 -     ['maize_harvest', 'soybean_harvest', 'is_ramadan', 'is_lean_season', 'is_festive_period']
2026-09-28 11:36:31.627 | DEBUG    | __main__:run_feature_engineering:509 -     ['month_sin', 'month_cos', 'week_sin', 'week_cos', 'wheat_harvest']
2026-09-28 11:36:31.627 | DEBUG    | __main__:run_feature_engineering:509 -     ['price_usd_mt', 'price_lag_1w', 'price_lag_2w', 'price_lag_4w', 'price_lag_8w']
2026-09-28 11:36:31.627 | DEBUG    | __main__:run_feature_engineering:509 -     ['price_lag_12w', 'price_lag_26w', 'price_lag_52w', 'rolling_mean_4w', 'rolling_std_4w']
2026-09-28 11:36:31.627 | DEBUG    | __main__:run_feature_engineering:509 -     ['rolling_mean_8w', 'rolling_std_8w', 'rolling_mean_12w', 'rolling_std_12w', 'rolling_mean_26w']
2026-09-28 11:36:31.627 | DEBUG    | __main__:run_feature_engineering:509 -     ['rolling_std_26w', 'rolling_max_4w', 'rolling_min_4w', 'rolling_max_12w', 'rolling_min_12w']
2026-09-28 11:36:31.627 | DEBUG    | __main__:run_feature_engineering:509 -     ['pct_change_1w', 'pct_change_4w', 'pct_change_12w', 'pct_change_52w', 'momentum_4w_vs_26w']
2026-09-28 11:36:31.627 | DEBUG    | __main__:run_feature_engineering:509 -     ['acceleration_1w', 'price_zscore_52w', 'log_price', 'fuel_cost_index', 'shock_active']
2026-09-28 11:36:31.627 | DEBUG    | __main__:run_feature_engineering:509 -     ['shock_severity', 'commodity_season_score', 'price_real_ngn_mt', 'weeks_since_start', 'year']
2026-09-28 11:36:31.627 | DEBUG    | __main__:run_feature_engineering:509 -     ['quarter']
2026-09-28 11:36:31.627 | INFO     | __main__:run_feature_engineering:511 - ============================================================
2026-09-28 11:36:31.628 | SUCCESS  | __main__:run_feature_engineering:512 - FEATURE ENGINEERING COMPLETE — 17 commodities
2026-09-28 11:36:31.628 | INFO     | __main__:run_feature_engineering:513 - ============================================================
