2026-04-06 23:37:30.720 | INFO     | __main__:run_feature_engineering:473 - ============================================================
2026-04-06 23:37:30.720 | INFO     | __main__:run_feature_engineering:474 - STEP 3 — FEATURE ENGINEERING
2026-04-06 23:37:30.720 | INFO     | __main__:run_feature_engineering:475 - ============================================================
2026-04-06 23:37:30.720 | INFO     | __main__:run_feature_engineering:478 - Loading datasets...
2026-04-06 23:37:30.963 | INFO     | __main__:load_external_data:89 -   External data loaded:
2026-04-06 23:37:30.967 | INFO     | __main__:load_external_data:90 -     FX:        1,266 rows (2002-01-07 → 2026-04-06)
2026-04-06 23:37:30.970 | INFO     | __main__:load_external_data:91 -     Fuel:      111 rows (2014-05-15 → 2026-04-07)
2026-04-06 23:37:30.970 | INFO     | __main__:load_external_data:92 -     Inflation: 536 rows
2026-04-06 23:37:30.970 | INFO     | __main__:load_external_data:93 -     Seasons:   1,266 rows
2026-04-06 23:37:30.970 | INFO     | __main__:run_feature_engineering:482 - 
Building feature matrices for 11 commodities...
2026-04-06 23:37:30.972 | DEBUG    | __main__:run_feature_engineering:486 -   Processing: Hibiscus
2026-04-06 23:37:31.138 | DEBUG    | __main__:validate_features:382 -   [Hibiscus] All feature checks passed
2026-04-06 23:37:31.159 | DEBUG    | __main__:save_features:443 -     Saved: c:\Users\USER\Downloads\agrolinking-intel-structure\agrolinking-intel\data\processed\features\features_hibiscus.csv
2026-04-06 23:37:31.175 | INFO     | __main__:print_feature_summary:454 -   Hibiscus             |   63 rows |  78 features | null: 6.5% | price: ₦   1,950,000/MT | last: 2026-03-16
2026-04-06 23:37:31.176 | DEBUG    | __main__:run_feature_engineering:486 -   Processing: Sesame
2026-04-06 23:37:31.342 | DEBUG    | __main__:validate_features:382 -   [Sesame] All feature checks passed
2026-04-06 23:37:31.361 | DEBUG    | __main__:save_features:443 -     Saved: c:\Users\USER\Downloads\agrolinking-intel-structure\agrolinking-intel\data\processed\features\features_sesame.csv
2026-04-06 23:37:31.373 | INFO     | __main__:print_feature_summary:454 -   Sesame               |   41 rows |  78 features | null: 7.8% | price: ₦   1,280,000/MT | last: 2026-03-16
2026-04-06 23:37:31.373 | DEBUG    | __main__:run_feature_engineering:486 -   Processing: Ginger
2026-04-06 23:37:31.620 | DEBUG    | __main__:validate_features:382 -   [Ginger] All feature checks passed
2026-04-06 23:37:31.636 | DEBUG    | __main__:save_features:443 -     Saved: c:\Users\USER\Downloads\agrolinking-intel-structure\agrolinking-intel\data\processed\features\features_ginger.csv
2026-04-06 23:37:31.645 | INFO     | __main__:print_feature_summary:454 -   Ginger               |   63 rows |  78 features | null: 6.7% | price: ₦   9,900,000/MT | last: 2026-03-16
2026-04-06 23:37:31.647 | DEBUG    | __main__:run_feature_engineering:486 -   Processing: Cocoa
2026-04-06 23:37:31.798 | DEBUG    | __main__:validate_features:382 -   [Cocoa] All feature checks passed
2026-04-06 23:37:31.813 | DEBUG    | __main__:save_features:443 -     Saved: c:\Users\USER\Downloads\agrolinking-intel-structure\agrolinking-intel\data\processed\features\features_cocoa.csv
2026-04-06 23:37:31.822 | INFO     | __main__:print_feature_summary:454 -   Cocoa                |   63 rows |  78 features | null: 6.6% | price: ₦   5,798,861/MT | last: 2026-03-16
2026-04-06 23:37:31.822 | DEBUG    | __main__:run_feature_engineering:486 -   Processing: Soybeans
2026-04-06 23:37:31.959 | DEBUG    | __main__:validate_features:382 -   [Soybeans] All feature checks passed
2026-04-06 23:37:31.971 | DEBUG    | __main__:save_features:443 -     Saved: c:\Users\USER\Downloads\agrolinking-intel-structure\agrolinking-intel\data\processed\features\features_soybeans.csv
2026-04-06 23:37:31.981 | INFO     | __main__:print_feature_summary:454 -   Soybeans             |   63 rows |  78 features | null: 6.6% | price: ₦     679,710/MT | last: 2026-03-16
2026-04-06 23:37:31.984 | DEBUG    | __main__:run_feature_engineering:486 -   Processing: Cashew Nuts
2026-04-06 23:37:32.125 | DEBUG    | __main__:validate_features:382 -   [Cashew Nuts] All feature checks passed
2026-04-06 23:37:32.141 | DEBUG    | __main__:save_features:443 -     Saved: c:\Users\USER\Downloads\agrolinking-intel-structure\agrolinking-intel\data\processed\features\features_cashew_nuts.csv
2026-04-06 23:37:32.146 | INFO     | __main__:print_feature_summary:454 -   Cashew Nuts          |   63 rows |  78 features | null: 6.6% | price: ₦   1,800,000/MT | last: 2026-03-16
2026-04-06 23:37:32.146 | DEBUG    | __main__:run_feature_engineering:486 -   Processing: Sorghum
2026-04-06 23:37:32.332 | DEBUG    | __main__:validate_features:382 -   [Sorghum] All feature checks passed
2026-04-06 23:37:32.501 | DEBUG    | __main__:save_features:443 -     Saved: c:\Users\USER\Downloads\agrolinking-intel-structure\agrolinking-intel\data\processed\features\features_sorghum.csv
2026-04-06 23:37:32.510 | INFO     | __main__:print_feature_summary:454 -   Sorghum              | 1262 rows |  78 features | null: 3.8% | price: ₦     280,000/MT | last: 2026-03-16
2026-04-06 23:37:32.510 | DEBUG    | __main__:run_feature_engineering:486 -   Processing: Beans (white)
2026-04-06 23:37:32.686 | DEBUG    | __main__:validate_features:382 -   [Beans (white)] All feature checks passed
2026-04-06 23:37:32.858 | DEBUG    | __main__:save_features:443 -     Saved: c:\Users\USER\Downloads\agrolinking-intel-structure\agrolinking-intel\data\processed\features\features_beans_white.csv
2026-04-06 23:37:32.871 | INFO     | __main__:print_feature_summary:454 -   Beans (white)        | 1262 rows |  78 features | null: 3.7% | price: ₦     813,334/MT | last: 2026-03-16
2026-04-06 23:37:32.873 | DEBUG    | __main__:run_feature_engineering:486 -   Processing: Beans (red)
2026-04-06 23:37:33.020 | DEBUG    | __main__:validate_features:382 -   [Beans (red)] All feature checks passed
2026-04-06 23:37:33.089 | DEBUG    | __main__:save_features:443 -     Saved: c:\Users\USER\Downloads\agrolinking-intel-structure\agrolinking-intel\data\processed\features\features_beans_red.csv
2026-04-06 23:37:33.098 | INFO     | __main__:print_feature_summary:454 -   Beans (red)          |  531 rows |  78 features | null: 4.1% | price: ₦     915,000/MT | last: 2026-03-16
2026-04-06 23:37:33.098 | DEBUG    | __main__:run_feature_engineering:486 -   Processing: Maize (white)
2026-04-06 23:37:33.253 | DEBUG    | __main__:validate_features:382 -   [Maize (white)] All feature checks passed
2026-04-06 23:37:33.427 | DEBUG    | __main__:save_features:443 -     Saved: c:\Users\USER\Downloads\agrolinking-intel-structure\agrolinking-intel\data\processed\features\features_maize_white.csv
2026-04-06 23:37:33.438 | INFO     | __main__:print_feature_summary:454 -   Maize (white)        | 1262 rows |  78 features | null: 3.9% | price: ₦     213,194/MT | last: 2026-03-16
2026-04-06 23:37:33.438 | DEBUG    | __main__:run_feature_engineering:486 -   Processing: Maize (yellow)
2026-04-06 23:37:33.590 | DEBUG    | __main__:validate_features:382 -   [Maize (yellow)] All feature checks passed
2026-04-06 23:37:33.674 | DEBUG    | __main__:save_features:443 -     Saved: c:\Users\USER\Downloads\agrolinking-intel-structure\agrolinking-intel\data\processed\features\features_maize_yellow.csv
2026-04-06 23:37:33.681 | INFO     | __main__:print_feature_summary:454 -   Maize (yellow)       |  618 rows |  78 features | null: 4.0% | price: ₦     230,040/MT | last: 2026-03-16
2026-04-06 23:37:33.681 | INFO     | __main__:run_feature_engineering:498 - 
Feature columns (example — Sorghum):
2026-04-06 23:37:33.681 | INFO     | __main__:run_feature_engineering:501 -   Total: 83 columns
2026-04-06 23:37:33.687 | INFO     | __main__:run_feature_engineering:507 -   Model features: 70
2026-04-06 23:37:33.689 | DEBUG    | __main__:run_feature_engineering:509 -     ['price_ngn_mt', 'fx_rate', 'rainfall_index', 'data_quality_score', 'price_raw_ngn_mt']
2026-04-06 23:37:33.689 | DEBUG    | __main__:run_feature_engineering:509 -     ['fx_rate_usd_ngn', 'fuel_diesel_ngn_litre', 'fuel_petrol_ngn_litre', 'headline_inflation_yoy', 'food_inflation_yoy']
2026-04-06 23:37:33.690 | DEBUG    | __main__:run_feature_engineering:509 -     ['season_dry', 'season_rainy', 'season_planting', 'season_planting_early', 'season_planting_late']
2026-04-06 23:37:33.690 | DEBUG    | __main__:run_feature_engineering:509 -     ['season_harvesting', 'season_harvest_early', 'season_harvest_lean', 'cashew_harvest', 'cocoa_main_crop']
2026-04-06 23:37:33.691 | DEBUG    | __main__:run_feature_engineering:509 -     ['cocoa_mid_crop', 'sesame_harvest', 'ginger_harvest', 'hibiscus_harvest', 'sorghum_harvest']
2026-04-06 23:37:33.691 | DEBUG    | __main__:run_feature_engineering:509 -     ['maize_harvest', 'soybean_harvest', 'is_ramadan', 'is_lean_season', 'is_festive_period']
2026-04-06 23:37:33.693 | DEBUG    | __main__:run_feature_engineering:509 -     ['month_sin', 'month_cos', 'week_sin', 'week_cos', 'price_usd_mt']
2026-04-06 23:37:33.693 | DEBUG    | __main__:run_feature_engineering:509 -     ['price_lag_1w', 'price_lag_2w', 'price_lag_4w', 'price_lag_8w', 'price_lag_12w']
2026-04-06 23:37:33.693 | DEBUG    | __main__:run_feature_engineering:509 -     ['price_lag_26w', 'price_lag_52w', 'rolling_mean_4w', 'rolling_std_4w', 'rolling_mean_8w']
2026-04-06 23:37:33.695 | DEBUG    | __main__:run_feature_engineering:509 -     ['rolling_std_8w', 'rolling_mean_12w', 'rolling_std_12w', 'rolling_mean_26w', 'rolling_std_26w']
2026-04-06 23:37:33.695 | DEBUG    | __main__:run_feature_engineering:509 -     ['rolling_max_4w', 'rolling_min_4w', 'rolling_max_12w', 'rolling_min_12w', 'pct_change_1w']
2026-04-06 23:37:33.695 | DEBUG    | __main__:run_feature_engineering:509 -     ['pct_change_4w', 'pct_change_12w', 'pct_change_52w', 'momentum_4w_vs_26w', 'acceleration_1w']
2026-04-06 23:37:33.695 | DEBUG    | __main__:run_feature_engineering:509 -     ['price_zscore_52w', 'log_price', 'fuel_cost_index', 'shock_active', 'shock_severity']
2026-04-06 23:37:33.697 | DEBUG    | __main__:run_feature_engineering:509 -     ['commodity_season_score', 'price_real_ngn_mt', 'weeks_since_start', 'year', 'quarter']
2026-04-06 23:37:33.697 | INFO     | __main__:run_feature_engineering:511 - ============================================================
2026-04-06 23:37:33.697 | SUCCESS  | __main__:run_feature_engineering:512 - FEATURE ENGINEERING COMPLETE — 11 commodities
2026-04-06 23:37:33.699 | INFO     | __main__:run_feature_engineering:513 - ============================================================
2026-04-06 23:39:09.156 | INFO     | __main__:run_feature_engineering:473 - ============================================================
2026-04-06 23:39:09.158 | INFO     | __main__:run_feature_engineering:474 - STEP 3 — FEATURE ENGINEERING
2026-04-06 23:39:09.160 | INFO     | __main__:run_feature_engineering:475 - ============================================================
2026-04-06 23:39:09.160 | INFO     | __main__:run_feature_engineering:478 - Loading datasets...
2026-04-06 23:39:09.325 | INFO     | __main__:load_external_data:89 -   External data loaded:
2026-04-06 23:39:09.331 | INFO     | __main__:load_external_data:90 -     FX:        1,266 rows (2002-01-07 → 2026-04-06)
2026-04-06 23:39:09.333 | INFO     | __main__:load_external_data:91 -     Fuel:      111 rows (2014-05-15 → 2026-04-07)
2026-04-06 23:39:09.335 | INFO     | __main__:load_external_data:92 -     Inflation: 536 rows
2026-04-06 23:39:09.335 | INFO     | __main__:load_external_data:93 -     Seasons:   1,266 rows
2026-04-06 23:39:09.335 | INFO     | __main__:run_feature_engineering:482 - 
Building feature matrices for 11 commodities...
2026-04-06 23:39:09.337 | DEBUG    | __main__:run_feature_engineering:486 -   Processing: Hibiscus
2026-04-06 23:39:09.514 | DEBUG    | __main__:validate_features:382 -   [Hibiscus] All feature checks passed
2026-04-06 23:39:09.534 | DEBUG    | __main__:save_features:443 -     Saved: c:\Users\USER\Downloads\agrolinking-intel-structure\agrolinking-intel\data\processed\features\features_hibiscus.csv
2026-04-06 23:39:09.550 | INFO     | __main__:print_feature_summary:454 -   Hibiscus             |   63 rows |  78 features | null: 6.7% | price: ₦   2,550,000/MT | last: 2026-03-16
2026-04-06 23:39:09.550 | DEBUG    | __main__:run_feature_engineering:486 -   Processing: Sesame
2026-04-06 23:39:09.721 | DEBUG    | __main__:validate_features:382 -   [Sesame] All feature checks passed
2026-04-06 23:39:09.728 | DEBUG    | __main__:save_features:443 -     Saved: c:\Users\USER\Downloads\agrolinking-intel-structure\agrolinking-intel\data\processed\features\features_sesame.csv
2026-04-06 23:39:09.746 | INFO     | __main__:print_feature_summary:454 -   Sesame               |   41 rows |  78 features | null: 7.8% | price: ₦   1,280,000/MT | last: 2026-03-16
2026-04-06 23:39:09.748 | DEBUG    | __main__:run_feature_engineering:486 -   Processing: Ginger
2026-04-06 23:39:09.914 | DEBUG    | __main__:validate_features:382 -   [Ginger] All feature checks passed
2026-04-06 23:39:09.937 | DEBUG    | __main__:save_features:443 -     Saved: c:\Users\USER\Downloads\agrolinking-intel-structure\agrolinking-intel\data\processed\features\features_ginger.csv
2026-04-06 23:39:09.944 | INFO     | __main__:print_feature_summary:454 -   Ginger               |   63 rows |  78 features | null: 6.7% | price: ₦   9,900,000/MT | last: 2026-03-16
2026-04-06 23:39:09.946 | DEBUG    | __main__:run_feature_engineering:486 -   Processing: Cocoa
2026-04-06 23:39:10.094 | DEBUG    | __main__:validate_features:382 -   [Cocoa] All feature checks passed
2026-04-06 23:39:10.115 | DEBUG    | __main__:save_features:443 -     Saved: c:\Users\USER\Downloads\agrolinking-intel-structure\agrolinking-intel\data\processed\features\features_cocoa.csv
2026-04-06 23:39:10.123 | INFO     | __main__:print_feature_summary:454 -   Cocoa                |   63 rows |  78 features | null: 6.6% | price: ₦   5,850,000/MT | last: 2026-03-16
2026-04-06 23:39:10.124 | DEBUG    | __main__:run_feature_engineering:486 -   Processing: Soybeans
2026-04-06 23:39:10.239 | DEBUG    | __main__:validate_features:382 -   [Soybeans] All feature checks passed
2026-04-06 23:39:10.263 | DEBUG    | __main__:save_features:443 -     Saved: c:\Users\USER\Downloads\agrolinking-intel-structure\agrolinking-intel\data\processed\features\features_soybeans.csv
2026-04-06 23:39:10.270 | INFO     | __main__:print_feature_summary:454 -   Soybeans             |   63 rows |  78 features | null: 6.6% | price: ₦     675,000/MT | last: 2026-03-16
2026-04-06 23:39:10.270 | DEBUG    | __main__:run_feature_engineering:486 -   Processing: Cashew Nuts
2026-04-06 23:39:10.409 | DEBUG    | __main__:validate_features:382 -   [Cashew Nuts] All feature checks passed
2026-04-06 23:39:10.421 | DEBUG    | __main__:save_features:443 -     Saved: c:\Users\USER\Downloads\agrolinking-intel-structure\agrolinking-intel\data\processed\features\features_cashew_nuts.csv
2026-04-06 23:39:10.433 | INFO     | __main__:print_feature_summary:454 -   Cashew Nuts          |   63 rows |  78 features | null: 6.6% | price: ₦   1,800,000/MT | last: 2026-03-16
2026-04-06 23:39:10.435 | DEBUG    | __main__:run_feature_engineering:486 -   Processing: Sorghum
2026-04-06 23:39:10.581 | DEBUG    | __main__:validate_features:382 -   [Sorghum] All feature checks passed
2026-04-06 23:39:10.782 | DEBUG    | __main__:save_features:443 -     Saved: c:\Users\USER\Downloads\agrolinking-intel-structure\agrolinking-intel\data\processed\features\features_sorghum.csv
2026-04-06 23:39:10.788 | INFO     | __main__:print_feature_summary:454 -   Sorghum              | 1262 rows |  78 features | null: 3.7% | price: ₦     282,500/MT | last: 2026-03-16
2026-04-06 23:39:10.788 | DEBUG    | __main__:run_feature_engineering:486 -   Processing: Beans (white)
2026-04-06 23:39:10.922 | DEBUG    | __main__:validate_features:382 -   [Beans (white)] All feature checks passed
2026-04-06 23:39:11.068 | DEBUG    | __main__:save_features:443 -     Saved: c:\Users\USER\Downloads\agrolinking-intel-structure\agrolinking-intel\data\processed\features\features_beans_white.csv
2026-04-06 23:39:11.077 | INFO     | __main__:print_feature_summary:454 -   Beans (white)        | 1262 rows |  78 features | null: 4.4% | price: ₦     825,469/MT | last: 2026-03-16
2026-04-06 23:39:11.077 | DEBUG    | __main__:run_feature_engineering:486 -   Processing: Beans (red)
2026-04-06 23:39:11.201 | DEBUG    | __main__:validate_features:382 -   [Beans (red)] All feature checks passed
2026-04-06 23:39:11.292 | DEBUG    | __main__:save_features:443 -     Saved: c:\Users\USER\Downloads\agrolinking-intel-structure\agrolinking-intel\data\processed\features\features_beans_red.csv
2026-04-06 23:39:11.296 | INFO     | __main__:print_feature_summary:454 -   Beans (red)          |  532 rows |  78 features | null: 4.1% | price: ₦     893,854/MT | last: 2026-03-16
2026-04-06 23:39:11.296 | DEBUG    | __main__:run_feature_engineering:486 -   Processing: Maize (white)
2026-04-06 23:39:11.447 | DEBUG    | __main__:validate_features:382 -   [Maize (white)] All feature checks passed
2026-04-06 23:39:11.582 | DEBUG    | __main__:save_features:443 -     Saved: c:\Users\USER\Downloads\agrolinking-intel-structure\agrolinking-intel\data\processed\features\features_maize_white.csv
2026-04-06 23:39:11.584 | INFO     | __main__:print_feature_summary:454 -   Maize (white)        | 1097 rows |  78 features | null: 3.8% | price: ₦     208,850/MT | last: 2023-01-16
2026-04-06 23:39:11.584 | DEBUG    | __main__:run_feature_engineering:486 -   Processing: Maize (yellow)
2026-04-06 23:39:11.753 | DEBUG    | __main__:validate_features:382 -   [Maize (yellow)] All feature checks passed
2026-04-06 23:39:11.825 | DEBUG    | __main__:save_features:443 -     Saved: c:\Users\USER\Downloads\agrolinking-intel-structure\agrolinking-intel\data\processed\features\features_maize_yellow.csv
2026-04-06 23:39:11.834 | INFO     | __main__:print_feature_summary:454 -   Maize (yellow)       |  454 rows |  78 features | null: 4.1% | price: ₦     229,729/MT | last: 2023-01-16
2026-04-06 23:39:11.836 | INFO     | __main__:run_feature_engineering:498 - 
Feature columns (example — Sorghum):
2026-04-06 23:39:11.836 | INFO     | __main__:run_feature_engineering:501 -   Total: 83 columns
2026-04-06 23:39:11.838 | INFO     | __main__:run_feature_engineering:507 -   Model features: 70
2026-04-06 23:39:11.838 | DEBUG    | __main__:run_feature_engineering:509 -     ['price_ngn_mt', 'fx_rate', 'rainfall_index', 'data_quality_score', 'price_raw_ngn_mt']
2026-04-06 23:39:11.840 | DEBUG    | __main__:run_feature_engineering:509 -     ['fx_rate_usd_ngn', 'fuel_diesel_ngn_litre', 'fuel_petrol_ngn_litre', 'headline_inflation_yoy', 'food_inflation_yoy']
2026-04-06 23:39:11.841 | DEBUG    | __main__:run_feature_engineering:509 -     ['season_dry', 'season_rainy', 'season_planting', 'season_planting_early', 'season_planting_late']
2026-04-06 23:39:11.843 | DEBUG    | __main__:run_feature_engineering:509 -     ['season_harvesting', 'season_harvest_early', 'season_harvest_lean', 'cashew_harvest', 'cocoa_main_crop']
2026-04-06 23:39:11.844 | DEBUG    | __main__:run_feature_engineering:509 -     ['cocoa_mid_crop', 'sesame_harvest', 'ginger_harvest', 'hibiscus_harvest', 'sorghum_harvest']
2026-04-06 23:39:11.845 | DEBUG    | __main__:run_feature_engineering:509 -     ['maize_harvest', 'soybean_harvest', 'is_ramadan', 'is_lean_season', 'is_festive_period']
2026-04-06 23:39:11.846 | DEBUG    | __main__:run_feature_engineering:509 -     ['month_sin', 'month_cos', 'week_sin', 'week_cos', 'price_usd_mt']
2026-04-06 23:39:11.846 | DEBUG    | __main__:run_feature_engineering:509 -     ['price_lag_1w', 'price_lag_2w', 'price_lag_4w', 'price_lag_8w', 'price_lag_12w']
2026-04-06 23:39:11.848 | DEBUG    | __main__:run_feature_engineering:509 -     ['price_lag_26w', 'price_lag_52w', 'rolling_mean_4w', 'rolling_std_4w', 'rolling_mean_8w']
2026-04-06 23:39:11.848 | DEBUG    | __main__:run_feature_engineering:509 -     ['rolling_std_8w', 'rolling_mean_12w', 'rolling_std_12w', 'rolling_mean_26w', 'rolling_std_26w']
2026-04-06 23:39:11.848 | DEBUG    | __main__:run_feature_engineering:509 -     ['rolling_max_4w', 'rolling_min_4w', 'rolling_max_12w', 'rolling_min_12w', 'pct_change_1w']
2026-04-06 23:39:11.850 | DEBUG    | __main__:run_feature_engineering:509 -     ['pct_change_4w', 'pct_change_12w', 'pct_change_52w', 'momentum_4w_vs_26w', 'acceleration_1w']
2026-04-06 23:39:11.850 | DEBUG    | __main__:run_feature_engineering:509 -     ['price_zscore_52w', 'log_price', 'fuel_cost_index', 'shock_active', 'shock_severity']
2026-04-06 23:39:11.850 | DEBUG    | __main__:run_feature_engineering:509 -     ['commodity_season_score', 'price_real_ngn_mt', 'weeks_since_start', 'year', 'quarter']
2026-04-06 23:39:11.852 | INFO     | __main__:run_feature_engineering:511 - ============================================================
2026-04-06 23:39:11.852 | SUCCESS  | __main__:run_feature_engineering:512 - FEATURE ENGINEERING COMPLETE — 11 commodities
2026-04-06 23:39:11.852 | INFO     | __main__:run_feature_engineering:513 - ============================================================
