2026-06-23 03:16:09.473 | INFO     | __main__:run_forecasting:330 - =================================================================
2026-06-23 03:16:09.477 | INFO     | __main__:run_forecasting:331 - STEP 5 — FORECASTING ENGINE
2026-06-23 03:16:09.479 | INFO     | __main__:run_forecasting:332 -   Run date   : Tuesday, 23 June 2026
2026-06-23 03:16:09.481 | INFO     | __main__:run_forecasting:333 -   Commodities: 17
2026-06-23 03:16:09.488 | INFO     | __main__:run_forecasting:334 -   Horizons   : ['daily', 'weekly', '2_weeks', 'monthly', '3_months', '6_months']
2026-06-23 03:16:09.495 | INFO     | __main__:run_forecasting:335 -   Ensemble   : ARIMA + Prophet + Holt-Winters + XGBoost + LightGBM
2026-06-23 03:16:09.497 | INFO     | __main__:run_forecasting:336 - =================================================================
2026-06-23 03:16:10.755 | INFO     | __main__:run_forecasting:353 - 
[1/17] Forecasting Hibiscus...
2026-06-23 03:16:11.425 | WARNING  | __main__:load_models_and_meta:87 -   Could not load arima for Hibiscus: No module named 'pmdarima'
2026-06-23 03:16:25.173 | WARNING  | __main__:load_models_and_meta:87 -   Could not load prophet for Hibiscus: (dtype('<M8[us]'), array(['2010-01-04T00:00:00.000000', '2010-01-11T00:00:00.000000',
       '2010-01-18T00:00:00.000000', '2010-01-25T00:00:00.000000',
       '2010-02-01T00:00:00.000000', '2010-02-08T00:00:00.000000',
       '2010-02-15T00:00:00.000000', '2010-02-22T00:00:00.000000',
       '2010-03-01T00:00:00.000000', '2010-03-08T00:00:00.000000',
       '2010-03-15T00:00:00.000000', '2010-03-22T00:00:00.000000',
       '2010-03-29T00:00:00.000000', '2010-04-05T00:00:00.000000',
       '2010-04-12T00:00:00.000000', '2010-04-19T00:00:00.000000',
       '2010-04-26T00:00:00.000000', '2010-05-03T00:00:00.000000',
       '2010-05-10T00:00:00.000000', '2010-05-17T00:00:00.000000',
       '2010-05-24T00:00:00.000000', '2010-05-31T00:00:00.000000',
       '2010-06-07T00:00:00.000000', '2010-06-14T00:00:00.000000',
       '2010-06-21T00:00:00.000000', '2010-06-28T00:00:00.000000',
       '2010-07-05T00:00:00.000000', '2010-07-12T00:00:00.000000',
       '2010-07-19T00:00:00.000000', '2010-07-26T00:00:00.000000',
       '2010-08-02T00:00:00.000000', '2010-08-09T00:00:00.000000',
       '2010-08-16T00:00:00.000000', '2010-08-23T00:00:00.000000',
       '2010-08-30T00:00:00.000000', '2010-09-06T00:00:00.000000',
       '2010-09-13T00:00:00.000000', '2010-09-20T00:00:00.000000',
       '2010-09-27T00:00:00.000000', '2010-10-04T00:00:00.000000',
       '2010-10-11T00:00:00.000000', '2010-10-18T00:00:00.000000',
       '2010-10-25T00:00:00.000000', '2010-11-01T00:00:00.000000',
       '2010-11-08T00:00:00.000000', '2010-11-15T00:00:00.000000',
       '2010-11-22T00:00:00.000000', '2010-11-29T00:00:00.000000',
       '2010-12-06T00:00:00.000000', '2010-12-13T00:00:00.000000',
       '2010-12-20T00:00:00.000000', '2010-12-27T00:00:00.000000',
       '2011-01-03T00:00:00.000000', '2011-01-10T00:00:00.000000',
       '2011-01-17T00:00:00.000000', '2011-01-24T00:00:00.000000',
       '2011-01-31T00:00:00.000000', '2011-02-07T00:00:00.000000',
       '2011-02-14T00:00:00.000000', '2011-02-21T00:00:00.000000',
       '2011-02-28T00:00:00.000000', '2011-03-07T00:00:00.000000',
       '2011-03-14T00:00:00.000000', '2011-03-21T00:00:00.000000',
       '2011-03-28T00:00:00.000000', '2011-04-04T00:00:00.000000',
       '2011-04-11T00:00:00.000000', '2011-04-18T00:00:00.000000',
       '2011-04-25T00:00:00.000000', '2011-05-02T00:00:00.000000',
       '2011-05-09T00:00:00.000000', '2011-05-16T00:00:00.000000',
       '2011-05-23T00:00:00.000000', '2011-05-30T00:00:00.000000',
       '2011-06-06T00:00:00.000000', '2011-06-13T00:00:00.000000',
       '2011-06-20T00:00:00.000000', '2011-06-27T00:00:00.000000',
       '2011-07-04T00:00:00.000000', '2011-07-11T00:00:00.000000',
       '2011-07-18T00:00:00.000000', '2011-07-25T00:00:00.000000',
       '2011-08-01T00:00:00.000000', '2011-08-08T00:00:00.000000',
       '2011-08-15T00:00:00.000000', '2011-08-22T00:00:00.000000',
       '2011-08-29T00:00:00.000000', '2011-09-05T00:00:00.000000',
       '2011-09-12T00:00:00.000000', '2011-09-19T00:00:00.000000',
       '2011-09-26T00:00:00.000000', '2011-10-03T00:00:00.000000',
       '2011-10-10T00:00:00.000000', '2011-10-17T00:00:00.000000',
       '2011-10-24T00:00:00.000000', '2011-10-31T00:00:00.000000',
       '2011-11-07T00:00:00.000000', '2011-11-14T00:00:00.000000',
       '2011-11-21T00:00:00.000000', '2011-11-28T00:00:00.000000',
       '2011-12-05T00:00:00.000000', '2011-12-12T00:00:00.000000',
       '2011-12-19T00:00:00.000000', '2011-12-26T00:00:00.000000',
       '2012-01-02T00:00:00.000000', '2012-01-09T00:00:00.000000',
       '2012-01-16T00:00:00.000000', '2012-01-23T00:00:00.000000',
       '2012-01-30T00:00:00.000000', '2012-02-06T00:00:00.000000',
       '2012-02-13T00:00:00.000000', '2012-02-20T00:00:00.000000',
       '2012-02-27T00:00:00.000000', '2012-03-05T00:00:00.000000',
       '2012-03-12T00:00:00.000000', '2012-03-19T00:00:00.000000',
       '2012-03-26T00:00:00.000000', '2012-04-02T00:00:00.000000',
       '2012-04-09T00:00:00.000000', '2012-04-16T00:00:00.000000',
       '2012-04-23T00:00:00.000000', '2012-04-30T00:00:00.000000',
       '2012-05-07T00:00:00.000000', '2012-05-14T00:00:00.000000',
       '2012-05-21T00:00:00.000000', '2012-05-28T00:00:00.000000',
       '2012-06-04T00:00:00.000000', '2012-06-11T00:00:00.000000',
       '2012-06-18T00:00:00.000000', '2012-06-25T00:00:00.000000',
       '2012-07-02T00:00:00.000000', '2012-07-09T00:00:00.000000',
       '2012-07-16T00:00:00.000000', '2012-07-23T00:00:00.000000',
       '2012-07-30T00:00:00.000000', '2012-08-06T00:00:00.000000',
       '2012-08-13T00:00:00.000000', '2012-08-20T00:00:00.000000',
       '2012-08-27T00:00:00.000000', '2012-09-03T00:00:00.000000',
       '2012-09-10T00:00:00.000000', '2012-09-17T00:00:00.000000',
       '2012-09-24T00:00:00.000000', '2012-10-01T00:00:00.000000',
       '2012-10-08T00:00:00.000000', '2012-10-15T00:00:00.000000',
       '2012-10-22T00:00:00.000000', '2012-10-29T00:00:00.000000',
       '2012-11-05T00:00:00.000000', '2012-11-12T00:00:00.000000',
       '2012-11-19T00:00:00.000000', '2012-11-26T00:00:00.000000',
       '2012-12-03T00:00:00.000000', '2012-12-10T00:00:00.000000',
       '2012-12-17T00:00:00.000000', '2012-12-24T00:00:00.000000',
       '2012-12-31T00:00:00.000000', '2013-01-07T00:00:00.000000',
       '2013-01-14T00:00:00.000000', '2013-01-21T00:00:00.000000',
       '2013-01-28T00:00:00.000000', '2013-02-04T00:00:00.000000',
       '2013-02-11T00:00:00.000000', '2013-02-18T00:00:00.000000',
       '2013-02-25T00:00:00.000000', '2013-03-04T00:00:00.000000',
       '2013-03-11T00:00:00.000000', '2013-03-18T00:00:00.000000',
       '2013-03-25T00:00:00.000000', '2013-04-01T00:00:00.000000',
       '2013-04-08T00:00:00.000000', '2013-04-15T00:00:00.000000',
       '2013-04-22T00:00:00.000000', '2013-04-29T00:00:00.000000',
       '2013-05-06T00:00:00.000000', '2013-05-13T00:00:00.000000',
       '2013-05-20T00:00:00.000000', '2013-05-27T00:00:00.000000',
       '2013-06-03T00:00:00.000000', '2013-06-10T00:00:00.000000',
       '2013-06-17T00:00:00.000000', '2013-06-24T00:00:00.000000',
       '2013-07-01T00:00:00.000000', '2013-07-08T00:00:00.000000',
       '2013-07-15T00:00:00.000000', '2013-07-22T00:00:00.000000',
       '2013-07-29T00:00:00.000000', '2013-08-05T00:00:00.000000',
       '2013-08-12T00:00:00.000000', '2013-08-19T00:00:00.000000',
       '2013-08-26T00:00:00.000000', '2013-09-02T00:00:00.000000',
       '2013-09-09T00:00:00.000000', '2013-09-16T00:00:00.000000',
       '2013-09-23T00:00:00.000000', '2013-09-30T00:00:00.000000',
       '2013-10-07T00:00:00.000000', '2013-10-14T00:00:00.000000',
       '2013-10-21T00:00:00.000000', '2013-10-28T00:00:00.000000',
       '2013-11-04T00:00:00.000000', '2013-11-11T00:00:00.000000',
       '2013-11-18T00:00:00.000000', '2013-11-25T00:00:00.000000',
       '2013-12-02T00:00:00.000000', '2013-12-09T00:00:00.000000',
       '2013-12-16T00:00:00.000000', '2013-12-23T00:00:00.000000',
       '2013-12-30T00:00:00.000000', '2014-01-06T00:00:00.000000',
       '2014-01-13T00:00:00.000000', '2014-01-20T00:00:00.000000',
       '2014-01-27T00:00:00.000000', '2014-02-03T00:00:00.000000',
       '2014-02-10T00:00:00.000000', '2014-02-17T00:00:00.000000',
       '2014-02-24T00:00:00.000000', '2014-03-03T00:00:00.000000',
       '2014-03-10T00:00:00.000000', '2014-03-17T00:00:00.000000',
       '2014-03-24T00:00:00.000000', '2014-03-31T00:00:00.000000',
       '2014-04-07T00:00:00.000000', '2014-04-14T00:00:00.000000',
       '2014-04-21T00:00:00.000000', '2014-04-28T00:00:00.000000',
       '2014-05-05T00:00:00.000000', '2014-05-12T00:00:00.000000',
       '2014-05-19T00:00:00.000000', '2014-05-26T00:00:00.000000',
       '2014-06-02T00:00:00.000000', '2014-06-09T00:00:00.000000',
       '2014-06-16T00:00:00.000000', '2014-06-23T00:00:00.000000',
       '2014-06-30T00:00:00.000000', '2014-07-07T00:00:00.000000',
       '2014-07-14T00:00:00.000000', '2014-07-21T00:00:00.000000',
       '2014-07-28T00:00:00.000000', '2014-08-04T00:00:00.000000',
       '2014-08-11T00:00:00.000000', '2014-08-18T00:00:00.000000',
       '2014-08-25T00:00:00.000000', '2014-09-01T00:00:00.000000',
       '2014-09-08T00:00:00.000000', '2014-09-15T00:00:00.000000',
       '2014-09-22T00:00:00.000000', '2014-09-29T00:00:00.000000',
       '2014-10-06T00:00:00.000000', '2014-10-13T00:00:00.000000',
       '2014-10-20T00:00:00.000000', '2014-10-27T00:00:00.000000',
       '2014-11-03T00:00:00.000000', '2014-11-10T00:00:00.000000',
       '2014-11-17T00:00:00.000000', '2014-11-24T00:00:00.000000',
       '2014-12-01T00:00:00.000000', '2014-12-08T00:00:00.000000',
       '2014-12-15T00:00:00.000000', '2014-12-22T00:00:00.000000',
       '2014-12-29T00:00:00.000000', '2015-01-05T00:00:00.000000',
       '2015-01-12T00:00:00.000000', '2015-01-19T00:00:00.000000',
       '2015-01-26T00:00:00.000000', '2015-02-02T00:00:00.000000',
       '2015-02-09T00:00:00.000000', '2015-02-16T00:00:00.000000',
       '2015-02-23T00:00:00.000000', '2015-03-02T00:00:00.000000',
       '2015-03-09T00:00:00.000000', '2015-03-16T00:00:00.000000',
       '2015-03-23T00:00:00.000000', '2015-03-30T00:00:00.000000',
       '2015-04-06T00:00:00.000000', '2015-04-13T00:00:00.000000',
       '2015-04-20T00:00:00.000000', '2015-04-27T00:00:00.000000',
       '2015-05-04T00:00:00.000000', '2015-05-11T00:00:00.000000',
       '2015-05-18T00:00:00.000000', '2015-05-25T00:00:00.000000',
       '2015-06-01T00:00:00.000000', '2015-06-08T00:00:00.000000',
       '2015-06-15T00:00:00.000000', '2015-06-22T00:00:00.000000',
       '2015-06-29T00:00:00.000000', '2015-07-06T00:00:00.000000',
       '2015-07-13T00:00:00.000000', '2015-07-20T00:00:00.000000',
       '2015-07-27T00:00:00.000000', '2015-08-03T00:00:00.000000',
       '2015-08-10T00:00:00.000000', '2015-08-17T00:00:00.000000',
       '2015-08-24T00:00:00.000000', '2015-08-31T00:00:00.000000',
       '2015-09-07T00:00:00.000000', '2015-09-14T00:00:00.000000',
       '2015-09-21T00:00:00.000000', '2015-09-28T00:00:00.000000',
       '2015-10-05T00:00:00.000000', '2015-10-12T00:00:00.000000',
       '2015-10-19T00:00:00.000000', '2015-10-26T00:00:00.000000',
       '2015-11-02T00:00:00.000000', '2015-11-09T00:00:00.000000',
       '2015-11-16T00:00:00.000000', '2015-11-23T00:00:00.000000',
       '2015-11-30T00:00:00.000000', '2015-12-07T00:00:00.000000',
       '2015-12-14T00:00:00.000000', '2015-12-21T00:00:00.000000',
       '2015-12-28T00:00:00.000000', '2016-01-04T00:00:00.000000',
       '2016-01-11T00:00:00.000000', '2016-01-18T00:00:00.000000',
       '2016-01-25T00:00:00.000000', '2016-02-01T00:00:00.000000',
       '2016-02-08T00:00:00.000000', '2016-02-15T00:00:00.000000',
       '2016-02-22T00:00:00.000000', '2016-02-29T00:00:00.000000',
       '2016-03-07T00:00:00.000000', '2016-03-14T00:00:00.000000',
       '2016-03-21T00:00:00.000000', '2016-03-28T00:00:00.000000',
       '2016-04-04T00:00:00.000000', '2016-04-11T00:00:00.000000',
       '2016-04-18T00:00:00.000000', '2016-04-25T00:00:00.000000',
       '2016-05-02T00:00:00.000000', '2016-05-09T00:00:00.000000',
       '2016-05-16T00:00:00.000000', '2016-05-23T00:00:00.000000',
       '2016-05-30T00:00:00.000000', '2016-06-06T00:00:00.000000',
       '2016-06-13T00:00:00.000000', '2016-06-20T00:00:00.000000',
       '2016-06-27T00:00:00.000000', '2016-07-04T00:00:00.000000',
       '2016-07-11T00:00:00.000000', '2016-07-18T00:00:00.000000',
       '2016-07-25T00:00:00.000000', '2016-08-01T00:00:00.000000',
       '2016-08-08T00:00:00.000000', '2016-08-15T00:00:00.000000',
       '2016-08-22T00:00:00.000000', '2016-08-29T00:00:00.000000',
       '2016-09-05T00:00:00.000000', '2016-09-12T00:00:00.000000',
       '2016-09-19T00:00:00.000000', '2016-09-26T00:00:00.000000',
       '2016-10-03T00:00:00.000000', '2016-10-10T00:00:00.000000',
       '2016-10-17T00:00:00.000000', '2016-10-24T00:00:00.000000',
       '2016-10-31T00:00:00.000000', '2016-11-07T00:00:00.000000',
       '2016-11-14T00:00:00.000000', '2016-11-21T00:00:00.000000',
       '2016-11-28T00:00:00.000000', '2016-12-05T00:00:00.000000',
       '2016-12-12T00:00:00.000000', '2016-12-19T00:00:00.000000',
       '2016-12-26T00:00:00.000000', '2017-01-02T00:00:00.000000',
       '2017-01-09T00:00:00.000000', '2017-01-16T00:00:00.000000',
       '2017-01-23T00:00:00.000000', '2017-01-30T00:00:00.000000',
       '2017-02-06T00:00:00.000000', '2017-02-13T00:00:00.000000',
       '2017-02-20T00:00:00.000000', '2017-02-27T00:00:00.000000',
       '2017-03-06T00:00:00.000000', '2017-03-13T00:00:00.000000',
       '2017-03-20T00:00:00.000000', '2017-03-27T00:00:00.000000',
       '2017-04-03T00:00:00.000000', '2017-04-10T00:00:00.000000',
       '2017-04-17T00:00:00.000000', '2017-04-24T00:00:00.000000',
       '2017-05-01T00:00:00.000000', '2017-05-08T00:00:00.000000',
       '2017-05-15T00:00:00.000000', '2017-05-22T00:00:00.000000',
       '2017-05-29T00:00:00.000000', '2017-06-05T00:00:00.000000',
       '2017-06-12T00:00:00.000000', '2017-06-19T00:00:00.000000',
       '2017-06-26T00:00:00.000000', '2017-07-03T00:00:00.000000',
       '2017-07-10T00:00:00.000000', '2017-07-17T00:00:00.000000',
       '2017-07-24T00:00:00.000000', '2017-07-31T00:00:00.000000',
       '2017-08-07T00:00:00.000000', '2017-08-14T00:00:00.000000',
       '2017-08-21T00:00:00.000000', '2017-08-28T00:00:00.000000',
       '2017-09-04T00:00:00.000000', '2017-09-11T00:00:00.000000',
       '2017-09-18T00:00:00.000000', '2017-09-25T00:00:00.000000',
       '2017-10-02T00:00:00.000000', '2017-10-09T00:00:00.000000',
       '2017-10-16T00:00:00.000000', '2017-10-23T00:00:00.000000',
       '2017-10-30T00:00:00.000000', '2017-11-06T00:00:00.000000',
       '2017-11-13T00:00:00.000000', '2017-11-20T00:00:00.000000',
       '2017-11-27T00:00:00.000000', '2017-12-04T00:00:00.000000',
       '2017-12-11T00:00:00.000000', '2017-12-18T00:00:00.000000',
       '2017-12-25T00:00:00.000000', '2018-01-01T00:00:00.000000',
       '2018-01-08T00:00:00.000000', '2018-01-15T00:00:00.000000',
       '2018-01-22T00:00:00.000000', '2018-01-29T00:00:00.000000',
       '2018-02-05T00:00:00.000000', '2018-02-12T00:00:00.000000',
       '2018-02-19T00:00:00.000000', '2018-02-26T00:00:00.000000',
       '2018-03-05T00:00:00.000000', '2018-03-12T00:00:00.000000',
       '2018-03-19T00:00:00.000000', '2018-03-26T00:00:00.000000',
       '2018-04-02T00:00:00.000000', '2018-04-09T00:00:00.000000',
       '2018-04-16T00:00:00.000000', '2018-04-23T00:00:00.000000',
       '2018-04-30T00:00:00.000000', '2018-05-07T00:00:00.000000',
       '2018-05-14T00:00:00.000000', '2018-05-21T00:00:00.000000',
       '2018-05-28T00:00:00.000000', '2018-06-04T00:00:00.000000',
       '2018-06-11T00:00:00.000000', '2018-06-18T00:00:00.000000',
       '2018-06-25T00:00:00.000000', '2018-07-02T00:00:00.000000',
       '2018-07-09T00:00:00.000000', '2018-07-16T00:00:00.000000',
       '2018-07-23T00:00:00.000000', '2018-07-30T00:00:00.000000',
       '2018-08-06T00:00:00.000000', '2018-08-13T00:00:00.000000',
       '2018-08-20T00:00:00.000000', '2018-08-27T00:00:00.000000',
       '2018-09-03T00:00:00.000000', '2018-09-10T00:00:00.000000',
       '2018-09-17T00:00:00.000000', '2018-09-24T00:00:00.000000',
       '2018-10-01T00:00:00.000000', '2018-10-08T00:00:00.000000',
       '2018-10-15T00:00:00.000000', '2018-10-22T00:00:00.000000',
       '2018-10-29T00:00:00.000000', '2018-11-05T00:00:00.000000',
       '2018-11-12T00:00:00.000000', '2018-11-19T00:00:00.000000',
       '2018-11-26T00:00:00.000000', '2018-12-03T00:00:00.000000',
       '2018-12-10T00:00:00.000000', '2018-12-17T00:00:00.000000',
       '2018-12-24T00:00:00.000000', '2018-12-31T00:00:00.000000',
       '2019-01-07T00:00:00.000000', '2019-01-14T00:00:00.000000',
       '2019-01-21T00:00:00.000000', '2019-01-28T00:00:00.000000',
       '2019-02-04T00:00:00.000000', '2019-02-11T00:00:00.000000',
       '2019-02-18T00:00:00.000000', '2019-02-25T00:00:00.000000',
       '2019-03-04T00:00:00.000000', '2019-03-11T00:00:00.000000',
       '2019-03-18T00:00:00.000000', '2019-03-25T00:00:00.000000',
       '2019-04-01T00:00:00.000000', '2019-04-08T00:00:00.000000',
       '2019-04-15T00:00:00.000000', '2019-04-22T00:00:00.000000',
       '2019-04-29T00:00:00.000000', '2019-05-06T00:00:00.000000',
       '2019-05-13T00:00:00.000000', '2019-05-20T00:00:00.000000',
       '2019-05-27T00:00:00.000000', '2019-06-03T00:00:00.000000',
       '2019-06-10T00:00:00.000000', '2019-06-17T00:00:00.000000',
       '2019-06-24T00:00:00.000000', '2019-07-01T00:00:00.000000',
       '2019-07-08T00:00:00.000000', '2019-07-15T00:00:00.000000',
       '2019-07-22T00:00:00.000000', '2019-07-29T00:00:00.000000',
       '2019-08-05T00:00:00.000000', '2019-08-12T00:00:00.000000',
       '2019-08-19T00:00:00.000000', '2019-08-26T00:00:00.000000',
       '2019-09-02T00:00:00.000000', '2019-09-09T00:00:00.000000',
       '2019-09-16T00:00:00.000000', '2019-09-23T00:00:00.000000',
       '2019-09-30T00:00:00.000000', '2019-10-07T00:00:00.000000',
       '2019-10-14T00:00:00.000000', '2019-10-21T00:00:00.000000',
       '2019-10-28T00:00:00.000000', '2019-11-04T00:00:00.000000',
       '2019-11-11T00:00:00.000000', '2019-11-18T00:00:00.000000',
       '2019-11-25T00:00:00.000000', '2019-12-02T00:00:00.000000',
       '2019-12-09T00:00:00.000000', '2019-12-16T00:00:00.000000',
       '2019-12-23T00:00:00.000000', '2019-12-30T00:00:00.000000',
       '2020-01-06T00:00:00.000000', '2020-01-13T00:00:00.000000',
       '2020-01-20T00:00:00.000000', '2020-01-27T00:00:00.000000',
       '2020-02-03T00:00:00.000000', '2020-02-10T00:00:00.000000',
       '2020-02-17T00:00:00.000000', '2020-02-24T00:00:00.000000',
       '2020-03-02T00:00:00.000000', '2020-03-09T00:00:00.000000',
       '2020-03-16T00:00:00.000000', '2020-03-23T00:00:00.000000',
       '2020-03-30T00:00:00.000000', '2020-04-06T00:00:00.000000',
       '2020-04-13T00:00:00.000000', '2020-04-20T00:00:00.000000',
       '2020-04-27T00:00:00.000000', '2020-05-04T00:00:00.000000',
       '2020-05-11T00:00:00.000000', '2020-05-18T00:00:00.000000',
       '2020-05-25T00:00:00.000000', '2020-06-01T00:00:00.000000',
       '2020-06-08T00:00:00.000000', '2020-06-15T00:00:00.000000',
       '2020-06-22T00:00:00.000000', '2020-06-29T00:00:00.000000',
       '2020-07-06T00:00:00.000000', '2020-07-13T00:00:00.000000',
       '2020-07-20T00:00:00.000000', '2020-07-27T00:00:00.000000',
       '2020-08-03T00:00:00.000000', '2020-08-10T00:00:00.000000',
       '2020-08-17T00:00:00.000000', '2020-08-24T00:00:00.000000',
       '2020-08-31T00:00:00.000000', '2020-09-07T00:00:00.000000',
       '2020-09-14T00:00:00.000000', '2020-09-21T00:00:00.000000',
       '2020-09-28T00:00:00.000000', '2020-10-05T00:00:00.000000',
       '2020-10-12T00:00:00.000000', '2020-10-19T00:00:00.000000',
       '2020-10-26T00:00:00.000000', '2020-11-02T00:00:00.000000',
       '2020-11-09T00:00:00.000000', '2020-11-16T00:00:00.000000',
       '2020-11-23T00:00:00.000000', '2020-11-30T00:00:00.000000',
       '2020-12-07T00:00:00.000000', '2020-12-14T00:00:00.000000',
       '2020-12-21T00:00:00.000000', '2020-12-28T00:00:00.000000',
       '2021-01-04T00:00:00.000000', '2021-01-11T00:00:00.000000',
       '2021-01-18T00:00:00.000000', '2021-01-25T00:00:00.000000',
       '2021-02-01T00:00:00.000000', '2021-02-08T00:00:00.000000',
       '2021-02-15T00:00:00.000000', '2021-02-22T00:00:00.000000',
       '2021-03-01T00:00:00.000000', '2021-03-08T00:00:00.000000',
       '2021-03-15T00:00:00.000000', '2021-03-22T00:00:00.000000',
       '2021-03-29T00:00:00.000000', '2021-04-05T00:00:00.000000',
       '2021-04-12T00:00:00.000000', '2021-04-19T00:00:00.000000',
       '2021-04-26T00:00:00.000000', '2021-05-03T00:00:00.000000',
       '2021-05-10T00:00:00.000000', '2021-05-17T00:00:00.000000',
       '2021-05-24T00:00:00.000000', '2021-05-31T00:00:00.000000',
       '2021-06-07T00:00:00.000000', '2021-06-14T00:00:00.000000',
       '2021-06-21T00:00:00.000000', '2021-06-28T00:00:00.000000',
       '2021-07-05T00:00:00.000000', '2021-07-12T00:00:00.000000',
       '2021-07-19T00:00:00.000000', '2021-07-26T00:00:00.000000',
       '2021-08-02T00:00:00.000000', '2021-08-09T00:00:00.000000',
       '2021-08-16T00:00:00.000000', '2021-08-23T00:00:00.000000',
       '2021-08-30T00:00:00.000000', '2021-09-06T00:00:00.000000',
       '2021-09-13T00:00:00.000000', '2021-09-20T00:00:00.000000',
       '2021-09-27T00:00:00.000000', '2021-10-04T00:00:00.000000',
       '2021-10-11T00:00:00.000000', '2021-10-18T00:00:00.000000',
       '2021-10-25T00:00:00.000000', '2021-11-01T00:00:00.000000',
       '2021-11-08T00:00:00.000000', '2021-11-15T00:00:00.000000',
       '2021-11-22T00:00:00.000000', '2021-11-29T00:00:00.000000',
       '2021-12-06T00:00:00.000000', '2021-12-13T00:00:00.000000',
       '2021-12-20T00:00:00.000000', '2021-12-27T00:00:00.000000',
       '2022-01-03T00:00:00.000000', '2022-01-10T00:00:00.000000',
       '2022-01-17T00:00:00.000000', '2022-01-24T00:00:00.000000',
       '2022-01-31T00:00:00.000000', '2022-02-07T00:00:00.000000',
       '2022-02-14T00:00:00.000000', '2022-02-21T00:00:00.000000',
       '2022-02-28T00:00:00.000000', '2022-03-07T00:00:00.000000',
       '2022-03-14T00:00:00.000000', '2022-03-21T00:00:00.000000',
       '2022-03-28T00:00:00.000000', '2022-04-04T00:00:00.000000',
       '2022-04-11T00:00:00.000000', '2022-04-18T00:00:00.000000',
       '2022-04-25T00:00:00.000000', '2022-05-02T00:00:00.000000',
       '2022-05-09T00:00:00.000000', '2022-05-16T00:00:00.000000',
       '2022-05-23T00:00:00.000000', '2022-05-30T00:00:00.000000',
       '2022-06-06T00:00:00.000000', '2022-06-13T00:00:00.000000',
       '2022-06-20T00:00:00.000000', '2022-06-27T00:00:00.000000',
       '2022-07-04T00:00:00.000000', '2022-07-11T00:00:00.000000',
       '2022-07-18T00:00:00.000000', '2022-07-25T00:00:00.000000',
       '2022-08-01T00:00:00.000000', '2022-08-08T00:00:00.000000',
       '2022-08-15T00:00:00.000000', '2022-08-22T00:00:00.000000',
       '2022-08-29T00:00:00.000000', '2022-09-05T00:00:00.000000',
       '2022-09-12T00:00:00.000000', '2022-09-19T00:00:00.000000',
       '2022-09-26T00:00:00.000000', '2022-10-03T00:00:00.000000',
       '2022-10-10T00:00:00.000000', '2022-10-17T00:00:00.000000',
       '2022-10-24T00:00:00.000000', '2022-10-31T00:00:00.000000',
       '2022-11-07T00:00:00.000000', '2022-11-14T00:00:00.000000',
       '2022-11-21T00:00:00.000000', '2022-11-28T00:00:00.000000',
       '2022-12-05T00:00:00.000000', '2022-12-12T00:00:00.000000',
       '2022-12-19T00:00:00.000000', '2022-12-26T00:00:00.000000',
       '2023-01-02T00:00:00.000000', '2023-01-09T00:00:00.000000',
       '2023-01-16T00:00:00.000000', '2023-01-23T00:00:00.000000',
       '2023-01-30T00:00:00.000000', '2023-02-06T00:00:00.000000',
       '2023-02-13T00:00:00.000000', '2023-02-20T00:00:00.000000',
       '2023-02-27T00:00:00.000000', '2023-03-06T00:00:00.000000',
       '2023-03-13T00:00:00.000000', '2023-03-20T00:00:00.000000',
       '2023-03-27T00:00:00.000000', '2023-04-03T00:00:00.000000',
       '2023-04-10T00:00:00.000000', '2023-04-17T00:00:00.000000',
       '2023-04-24T00:00:00.000000', '2023-05-01T00:00:00.000000',
       '2023-05-08T00:00:00.000000', '2023-05-15T00:00:00.000000',
       '2023-05-22T00:00:00.000000', '2023-05-29T00:00:00.000000',
       '2023-06-05T00:00:00.000000', '2023-06-12T00:00:00.000000',
       '2023-06-19T00:00:00.000000', '2023-06-26T00:00:00.000000',
       '2023-07-03T00:00:00.000000', '2023-07-10T00:00:00.000000',
       '2023-07-17T00:00:00.000000', '2023-07-24T00:00:00.000000',
       '2023-07-31T00:00:00.000000', '2023-08-07T00:00:00.000000',
       '2023-08-14T00:00:00.000000', '2023-08-21T00:00:00.000000',
       '2023-08-28T00:00:00.000000', '2023-09-04T00:00:00.000000',
       '2023-09-11T00:00:00.000000', '2023-09-18T00:00:00.000000',
       '2023-09-25T00:00:00.000000', '2023-10-02T00:00:00.000000',
       '2023-10-09T00:00:00.000000', '2023-10-16T00:00:00.000000',
       '2023-10-23T00:00:00.000000', '2023-10-30T00:00:00.000000',
       '2023-11-06T00:00:00.000000', '2023-11-13T00:00:00.000000',
       '2023-11-20T00:00:00.000000', '2023-11-27T00:00:00.000000',
       '2023-12-04T00:00:00.000000', '2023-12-11T00:00:00.000000',
       '2023-12-18T00:00:00.000000', '2023-12-25T00:00:00.000000',
       '2024-01-01T00:00:00.000000', '2024-01-08T00:00:00.000000',
       '2024-01-15T00:00:00.000000', '2024-01-22T00:00:00.000000',
       '2024-01-29T00:00:00.000000', '2024-02-05T00:00:00.000000',
       '2024-02-12T00:00:00.000000', '2024-02-19T00:00:00.000000',
       '2024-02-26T00:00:00.000000', '2024-03-04T00:00:00.000000',
       '2024-03-11T00:00:00.000000', '2024-03-18T00:00:00.000000',
       '2024-03-25T00:00:00.000000', '2024-04-01T00:00:00.000000',
       '2024-04-08T00:00:00.000000', '2024-04-15T00:00:00.000000',
       '2024-04-22T00:00:00.000000', '2024-04-29T00:00:00.000000',
       '2024-05-06T00:00:00.000000', '2024-05-13T00:00:00.000000',
       '2024-05-20T00:00:00.000000', '2024-05-27T00:00:00.000000',
       '2024-06-03T00:00:00.000000', '2024-06-10T00:00:00.000000',
       '2024-06-17T00:00:00.000000', '2024-06-24T00:00:00.000000',
       '2024-07-01T00:00:00.000000', '2024-07-08T00:00:00.000000',
       '2024-07-15T00:00:00.000000', '2024-07-22T00:00:00.000000',
       '2024-07-29T00:00:00.000000', '2024-08-05T00:00:00.000000',
       '2024-08-12T00:00:00.000000', '2024-08-19T00:00:00.000000',
       '2024-08-26T00:00:00.000000', '2024-09-02T00:00:00.000000',
       '2024-09-09T00:00:00.000000', '2024-09-16T00:00:00.000000',
       '2024-09-23T00:00:00.000000', '2024-09-30T00:00:00.000000',
       '2024-10-07T00:00:00.000000', '2024-10-14T00:00:00.000000',
       '2024-10-21T00:00:00.000000', '2024-10-28T00:00:00.000000',
       '2024-11-04T00:00:00.000000', '2024-11-11T00:00:00.000000',
       '2024-11-18T00:00:00.000000', '2024-11-25T00:00:00.000000',
       '2024-12-02T00:00:00.000000', '2024-12-09T00:00:00.000000',
       '2024-12-16T00:00:00.000000', '2024-12-23T00:00:00.000000',
       '2024-12-30T00:00:00.000000', '2025-01-06T00:00:00.000000',
       '2025-01-13T00:00:00.000000', '2025-01-20T00:00:00.000000',
       '2025-01-27T00:00:00.000000', '2025-02-03T00:00:00.000000',
       '2025-02-10T00:00:00.000000', '2025-02-17T00:00:00.000000',
       '2025-02-24T00:00:00.000000', '2025-03-03T00:00:00.000000',
       '2025-03-10T00:00:00.000000', '2025-03-17T00:00:00.000000',
       '2025-03-24T00:00:00.000000', '2025-03-31T00:00:00.000000',
       '2025-04-07T00:00:00.000000', '2025-04-14T00:00:00.000000',
       '2025-04-21T00:00:00.000000', '2025-04-28T00:00:00.000000',
       '2025-05-05T00:00:00.000000', '2025-05-12T00:00:00.000000',
       '2025-05-19T00:00:00.000000', '2025-05-26T00:00:00.000000',
       '2025-06-02T00:00:00.000000', '2025-06-09T00:00:00.000000',
       '2025-06-16T00:00:00.000000', '2025-06-23T00:00:00.000000',
       '2025-06-30T00:00:00.000000', '2025-07-07T00:00:00.000000',
       '2025-07-14T00:00:00.000000', '2025-07-21T00:00:00.000000',
       '2025-07-28T00:00:00.000000', '2025-08-04T00:00:00.000000',
       '2025-08-11T00:00:00.000000', '2025-08-18T00:00:00.000000',
       '2025-08-25T00:00:00.000000', '2025-09-01T00:00:00.000000',
       '2025-09-08T00:00:00.000000', '2025-09-15T00:00:00.000000',
       '2025-09-22T00:00:00.000000', '2025-09-29T00:00:00.000000',
       '2025-10-06T00:00:00.000000', '2025-10-13T00:00:00.000000',
       '2025-10-20T00:00:00.000000', '2025-10-27T00:00:00.000000',
       '2025-11-03T00:00:00.000000', '2025-11-10T00:00:00.000000',
       '2025-11-17T00:00:00.000000', '2025-11-24T00:00:00.000000',
       '2025-12-01T00:00:00.000000', '2025-12-08T00:00:00.000000',
       '2025-12-15T00:00:00.000000', '2025-12-22T00:00:00.000000',
       '2025-12-29T00:00:00.000000', '2026-01-05T00:00:00.000000',
       '2026-01-12T00:00:00.000000', '2026-01-19T00:00:00.000000',
       '2026-01-26T00:00:00.000000', '2026-02-02T00:00:00.000000',
       '2026-02-09T00:00:00.000000', '2026-02-16T00:00:00.000000',
       '2026-02-23T00:00:00.000000', '2026-03-02T00:00:00.000000',
       '2026-03-09T00:00:00.000000', '2026-03-16T00:00:00.000000',
       '2026-03-23T00:00:00.000000', '2026-03-30T00:00:00.000000',
       '2026-04-06T00:00:00.000000', '2026-04-13T00:00:00.000000',
       '2026-05-25T00:00:00.000000', '2026-06-01T00:00:00.000000',
       '2026-06-08T00:00:00.000000', '2026-06-15T00:00:00.000000'],
      dtype='datetime64[us]'))
2026-06-23 03:23:33.933 | INFO     | __main__:run_forecasting:330 - =================================================================
2026-06-23 03:23:33.937 | INFO     | __main__:run_forecasting:331 - STEP 5 — FORECASTING ENGINE
2026-06-23 03:23:33.937 | INFO     | __main__:run_forecasting:332 -   Run date   : Tuesday, 23 June 2026
2026-06-23 03:23:33.939 | INFO     | __main__:run_forecasting:333 -   Commodities: 17
2026-06-23 03:23:33.940 | INFO     | __main__:run_forecasting:334 -   Horizons   : ['daily', 'weekly', '2_weeks', 'monthly', '3_months', '6_months']
2026-06-23 03:23:33.940 | INFO     | __main__:run_forecasting:335 -   Ensemble   : ARIMA + Prophet + Holt-Winters + XGBoost + LightGBM
2026-06-23 03:23:33.942 | INFO     | __main__:run_forecasting:336 - =================================================================
2026-06-23 03:23:34.422 | INFO     | __main__:run_forecasting:353 - 
[1/17] Forecasting Hibiscus...
2026-06-23 03:24:10.240 | DEBUG    | __main__:forecast_holt_winters:131 -     Holt-Winters forecast failed: positive() got an unexpected keyword argument 'lower'
2026-06-23 03:24:10.244 | DEBUG    | __main__:forecast_tree:163 -     Tree forecast failed: Feature shape mismatch, expected: 18, got 16
2026-06-23 03:24:10.248 | INFO     | __main__:forecast_commodity:294 -   daily        -> N   2,153,461/MT  -7.1%  (2026-06-29)
2026-06-23 03:24:10.249 | INFO     | __main__:forecast_commodity:294 -   weekly       -> N   2,153,461/MT  -7.1%  (2026-07-06)
2026-06-23 03:24:10.249 | INFO     | __main__:forecast_commodity:294 -   2_weeks      -> N   2,160,099/MT  -6.8%  (2026-07-13)
2026-06-23 03:24:10.249 | INFO     | __main__:forecast_commodity:294 -   monthly      -> N   2,125,431/MT  -8.3%  (2026-07-27)
2026-06-23 03:24:10.252 | INFO     | __main__:forecast_commodity:294 -   3_months     -> N   2,039,585/MT  -12.0%  (2026-09-28)
2026-06-23 03:24:10.254 | INFO     | __main__:forecast_commodity:294 -   6_months     -> N   1,932,209/MT  -16.7%  (2026-12-28)
2026-06-23 03:24:10.256 | INFO     | __main__:run_forecasting:359 -   Hibiscus
2026-06-23 03:24:10.259 | INFO     | __main__:run_forecasting:353 - 
[2/17] Forecasting Sesame...
2026-06-23 03:24:10.659 | DEBUG    | __main__:forecast_holt_winters:131 -     Holt-Winters forecast failed: positive() got an unexpected keyword argument 'lower'
2026-06-23 03:24:10.661 | DEBUG    | __main__:forecast_tree:163 -     Tree forecast failed: Feature shape mismatch, expected: 18, got 16
2026-06-23 03:24:10.663 | INFO     | __main__:forecast_commodity:294 -   daily        -> N   1,616,288/MT  -1.1%  (2026-06-29)
2026-06-23 03:24:10.663 | INFO     | __main__:forecast_commodity:294 -   weekly       -> N   1,616,288/MT  -1.1%  (2026-07-06)
2026-06-23 03:24:10.665 | INFO     | __main__:forecast_commodity:294 -   2_weeks      -> N   1,614,666/MT  -1.2%  (2026-07-13)
2026-06-23 03:24:10.665 | INFO     | __main__:forecast_commodity:294 -   monthly      -> N   1,559,480/MT  -4.6%  (2026-07-27)
2026-06-23 03:24:10.667 | INFO     | __main__:forecast_commodity:294 -   3_months     -> N   1,477,699/MT  -9.6%  (2026-09-28)
2026-06-23 03:24:10.667 | INFO     | __main__:forecast_commodity:294 -   6_months     -> N   1,474,150/MT  -9.8%  (2026-12-28)
2026-06-23 03:24:10.673 | INFO     | __main__:run_forecasting:359 -   Sesame
2026-06-23 03:24:10.678 | INFO     | __main__:run_forecasting:353 - 
[3/17] Forecasting Ginger...
2026-06-23 03:24:11.067 | DEBUG    | __main__:forecast_holt_winters:131 -     Holt-Winters forecast failed: positive() got an unexpected keyword argument 'lower'
2026-06-23 03:24:11.073 | DEBUG    | __main__:forecast_tree:163 -     Tree forecast failed: Feature shape mismatch, expected: 18, got 16
2026-06-23 03:24:11.074 | INFO     | __main__:forecast_commodity:294 -   daily        -> N  12,892,587/MT  +4.8%  (2026-06-29)
2026-06-23 03:24:11.077 | INFO     | __main__:forecast_commodity:294 -   weekly       -> N  12,892,587/MT  +4.8%  (2026-07-06)
2026-06-23 03:24:11.077 | INFO     | __main__:forecast_commodity:294 -   2_weeks      -> N  13,243,944/MT  +7.6%  (2026-07-13)
2026-06-23 03:24:11.080 | INFO     | __main__:forecast_commodity:294 -   monthly      -> N  12,533,773/MT  +1.8%  (2026-07-27)
2026-06-23 03:24:11.081 | INFO     | __main__:forecast_commodity:294 -   3_months     -> N  11,803,786/MT  -4.1%  (2026-09-28)
2026-06-23 03:24:11.083 | INFO     | __main__:forecast_commodity:294 -   6_months     -> N  11,186,822/MT  -9.1%  (2026-12-28)
2026-06-23 03:24:11.086 | INFO     | __main__:run_forecasting:359 -   Ginger
2026-06-23 03:24:11.088 | INFO     | __main__:run_forecasting:353 - 
[4/17] Forecasting Cocoa...
2026-06-23 03:24:11.493 | DEBUG    | __main__:forecast_holt_winters:131 -     Holt-Winters forecast failed: positive() got an unexpected keyword argument 'lower'
2026-06-23 03:24:11.499 | DEBUG    | __main__:forecast_tree:163 -     Tree forecast failed: Feature shape mismatch, expected: 18, got 16
2026-06-23 03:24:11.499 | INFO     | __main__:forecast_commodity:294 -   daily        -> N   8,949,442/MT  +55.4%  (2026-06-29)
2026-06-23 03:24:11.502 | INFO     | __main__:forecast_commodity:294 -   weekly       -> N   8,949,442/MT  +55.4%  (2026-07-06)
2026-06-23 03:24:11.502 | INFO     | __main__:forecast_commodity:294 -   2_weeks      -> N   9,679,203/MT  +68.0%  (2026-07-13)
2026-06-23 03:24:11.503 | INFO     | __main__:forecast_commodity:294 -   monthly      -> N   9,584,266/MT  +66.4%  (2026-07-27)
2026-06-23 03:24:11.505 | INFO     | __main__:forecast_commodity:294 -   3_months     -> N   8,707,746/MT  +51.2%  (2026-09-28)
2026-06-23 03:24:11.506 | INFO     | __main__:forecast_commodity:294 -   6_months     -> N   9,059,057/MT  +57.3%  (2026-12-28)
2026-06-23 03:24:11.519 | INFO     | __main__:run_forecasting:359 -   Cocoa
2026-06-23 03:24:11.519 | INFO     | __main__:run_forecasting:353 - 
[5/17] Forecasting Soybeans...
2026-06-23 03:24:11.916 | DEBUG    | __main__:forecast_holt_winters:131 -     Holt-Winters forecast failed: positive() got an unexpected keyword argument 'lower'
2026-06-23 03:24:11.922 | DEBUG    | __main__:forecast_tree:163 -     Tree forecast failed: Feature shape mismatch, expected: 18, got 16
2026-06-23 03:24:11.924 | INFO     | __main__:forecast_commodity:294 -   daily        -> N     854,990/MT  +13.7%  (2026-06-29)
2026-06-23 03:24:11.927 | INFO     | __main__:forecast_commodity:294 -   weekly       -> N     854,990/MT  +13.7%  (2026-07-06)
2026-06-23 03:24:11.929 | INFO     | __main__:forecast_commodity:294 -   2_weeks      -> N     858,466/MT  +14.1%  (2026-07-13)
2026-06-23 03:24:11.929 | INFO     | __main__:forecast_commodity:294 -   monthly      -> N     846,998/MT  +12.6%  (2026-07-27)
2026-06-23 03:24:11.932 | INFO     | __main__:forecast_commodity:294 -   3_months     -> N     823,810/MT  +9.5%  (2026-09-28)
2026-06-23 03:24:11.934 | INFO     | __main__:forecast_commodity:294 -   6_months     -> N     814,376/MT  +8.2%  (2026-12-28)
2026-06-23 03:24:11.941 | INFO     | __main__:run_forecasting:359 -   Soybeans
2026-06-23 03:24:11.941 | INFO     | __main__:run_forecasting:353 - 
[6/17] Forecasting Cashew Nuts...
2026-06-23 03:24:12.302 | DEBUG    | __main__:forecast_holt_winters:131 -     Holt-Winters forecast failed: positive() got an unexpected keyword argument 'lower'
2026-06-23 03:24:12.305 | DEBUG    | __main__:forecast_tree:163 -     Tree forecast failed: Feature shape mismatch, expected: 18, got 16
2026-06-23 03:24:12.306 | INFO     | __main__:forecast_commodity:294 -   daily        -> N   2,167,197/MT  +10.7%  (2026-06-29)
2026-06-23 03:24:12.306 | INFO     | __main__:forecast_commodity:294 -   weekly       -> N   2,167,197/MT  +10.7%  (2026-07-06)
2026-06-23 03:24:12.308 | INFO     | __main__:forecast_commodity:294 -   2_weeks      -> N   2,131,118/MT  +8.9%  (2026-07-13)
2026-06-23 03:24:12.310 | INFO     | __main__:forecast_commodity:294 -   monthly      -> N   2,139,928/MT  +9.3%  (2026-07-27)
2026-06-23 03:24:12.310 | INFO     | __main__:forecast_commodity:294 -   3_months     -> N   2,172,496/MT  +11.0%  (2026-09-28)
2026-06-23 03:24:12.312 | INFO     | __main__:forecast_commodity:294 -   6_months     -> N   2,088,004/MT  +6.7%  (2026-12-28)
2026-06-23 03:24:12.316 | INFO     | __main__:run_forecasting:359 -   Cashew Nuts
2026-06-23 03:24:12.319 | INFO     | __main__:run_forecasting:353 - 
[7/17] Forecasting Sorghum...
2026-06-23 03:24:12.718 | DEBUG    | __main__:forecast_holt_winters:131 -     Holt-Winters forecast failed: positive() got an unexpected keyword argument 'lower'
2026-06-23 03:24:12.723 | DEBUG    | __main__:forecast_tree:163 -     Tree forecast failed: Feature shape mismatch, expected: 18, got 16
2026-06-23 03:24:12.727 | INFO     | __main__:forecast_commodity:294 -   daily        -> N     458,398/MT  +7.3%  (2026-06-29)
2026-06-23 03:24:12.729 | INFO     | __main__:forecast_commodity:294 -   weekly       -> N     458,398/MT  +7.3%  (2026-07-06)
2026-06-23 03:24:12.730 | INFO     | __main__:forecast_commodity:294 -   2_weeks      -> N     468,830/MT  +9.8%  (2026-07-13)
2026-06-23 03:24:12.731 | INFO     | __main__:forecast_commodity:294 -   monthly      -> N     488,644/MT  +14.4%  (2026-07-27)
2026-06-23 03:24:12.734 | INFO     | __main__:forecast_commodity:294 -   3_months     -> N     482,289/MT  +12.9%  (2026-09-28)
2026-06-23 03:24:12.737 | INFO     | __main__:forecast_commodity:294 -   6_months     -> N     439,981/MT  +3.0%  (2026-12-28)
2026-06-23 03:24:12.747 | INFO     | __main__:run_forecasting:359 -   Sorghum
2026-06-23 03:24:12.752 | INFO     | __main__:run_forecasting:353 - 
[8/17] Forecasting Beans (white)...
2026-06-23 03:24:13.144 | DEBUG    | __main__:forecast_holt_winters:131 -     Holt-Winters forecast failed: positive() got an unexpected keyword argument 'lower'
2026-06-23 03:24:13.144 | DEBUG    | __main__:forecast_tree:163 -     Tree forecast failed: Feature shape mismatch, expected: 18, got 16
2026-06-23 03:24:13.149 | INFO     | __main__:forecast_commodity:294 -   daily        -> N     974,710/MT  +17.8%  (2026-06-29)
2026-06-23 03:24:13.149 | INFO     | __main__:forecast_commodity:294 -   weekly       -> N     974,710/MT  +17.8%  (2026-07-06)
2026-06-23 03:24:13.149 | INFO     | __main__:forecast_commodity:294 -   2_weeks      -> N   1,017,332/MT  +22.9%  (2026-07-13)
2026-06-23 03:24:13.152 | INFO     | __main__:forecast_commodity:294 -   monthly      -> N   1,039,071/MT  +25.5%  (2026-07-27)
2026-06-23 03:24:13.152 | INFO     | __main__:forecast_commodity:294 -   3_months     -> N   1,063,712/MT  +28.5%  (2026-09-28)
2026-06-23 03:24:13.154 | INFO     | __main__:forecast_commodity:294 -   6_months     -> N   1,067,246/MT  +28.9%  (2026-12-28)
2026-06-23 03:24:13.167 | INFO     | __main__:run_forecasting:359 -   Beans (white)
2026-06-23 03:24:13.168 | INFO     | __main__:run_forecasting:353 - 
[9/17] Forecasting Beans (red)...
2026-06-23 03:24:13.563 | DEBUG    | __main__:forecast_holt_winters:131 -     Holt-Winters forecast failed: positive() got an unexpected keyword argument 'lower'
2026-06-23 03:24:13.565 | DEBUG    | __main__:forecast_tree:163 -     Tree forecast failed: Feature shape mismatch, expected: 18, got 16
2026-06-23 03:24:13.570 | INFO     | __main__:forecast_commodity:294 -   daily        -> N     914,137/MT  -0.1%  (2026-06-29)
2026-06-23 03:24:13.570 | INFO     | __main__:forecast_commodity:294 -   weekly       -> N     914,137/MT  -0.1%  (2026-07-06)
2026-06-23 03:24:13.572 | INFO     | __main__:forecast_commodity:294 -   2_weeks      -> N     901,272/MT  -1.5%  (2026-07-13)
2026-06-23 03:24:13.574 | INFO     | __main__:forecast_commodity:294 -   monthly      -> N     924,905/MT  +1.1%  (2026-07-27)
2026-06-23 03:24:13.576 | INFO     | __main__:forecast_commodity:294 -   3_months     -> N     897,510/MT  -1.9%  (2026-09-28)
2026-06-23 03:24:13.578 | INFO     | __main__:forecast_commodity:294 -   6_months     -> N     769,176/MT  -15.9%  (2026-12-28)
2026-06-23 03:24:13.584 | INFO     | __main__:run_forecasting:359 -   Beans (red)
2026-06-23 03:24:13.587 | INFO     | __main__:run_forecasting:353 - 
[10/17] Forecasting Maize (white)...
2026-06-23 03:24:13.980 | DEBUG    | __main__:forecast_holt_winters:131 -     Holt-Winters forecast failed: positive() got an unexpected keyword argument 'lower'
2026-06-23 03:24:13.986 | DEBUG    | __main__:forecast_tree:163 -     Tree forecast failed: Feature shape mismatch, expected: 18, got 16
2026-06-23 03:24:13.986 | INFO     | __main__:forecast_commodity:294 -   daily        -> N     378,806/MT  +1.7%  (2026-06-29)
2026-06-23 03:24:13.988 | INFO     | __main__:forecast_commodity:294 -   weekly       -> N     378,806/MT  +1.7%  (2026-07-06)
2026-06-23 03:24:13.989 | INFO     | __main__:forecast_commodity:294 -   2_weeks      -> N     380,750/MT  +2.2%  (2026-07-13)
2026-06-23 03:24:13.991 | INFO     | __main__:forecast_commodity:294 -   monthly      -> N     375,226/MT  +0.8%  (2026-07-27)
2026-06-23 03:24:13.993 | INFO     | __main__:forecast_commodity:294 -   3_months     -> N     366,592/MT  -1.6%  (2026-09-28)
2026-06-23 03:24:13.997 | INFO     | __main__:forecast_commodity:294 -   6_months     -> N     369,153/MT  -0.9%  (2026-12-28)
2026-06-23 03:24:14.019 | INFO     | __main__:run_forecasting:359 -   Maize (white)
2026-06-23 03:24:14.020 | INFO     | __main__:run_forecasting:353 - 
[11/17] Forecasting Maize (yellow)...
2026-06-23 03:24:14.564 | DEBUG    | __main__:forecast_holt_winters:131 -     Holt-Winters forecast failed: positive() got an unexpected keyword argument 'lower'
2026-06-23 03:24:14.564 | DEBUG    | __main__:forecast_tree:163 -     Tree forecast failed: Feature shape mismatch, expected: 18, got 16
2026-06-23 03:24:14.568 | INFO     | __main__:forecast_commodity:294 -   daily        -> N     415,294/MT  +2.5%  (2026-06-29)
2026-06-23 03:24:14.570 | INFO     | __main__:forecast_commodity:294 -   weekly       -> N     415,294/MT  +2.5%  (2026-07-06)
2026-06-23 03:24:14.570 | INFO     | __main__:forecast_commodity:294 -   2_weeks      -> N     407,695/MT  +0.6%  (2026-07-13)
2026-06-23 03:24:14.572 | INFO     | __main__:forecast_commodity:294 -   monthly      -> N     415,163/MT  +2.5%  (2026-07-27)
2026-06-23 03:24:14.573 | INFO     | __main__:forecast_commodity:294 -   3_months     -> N     415,429/MT  +2.5%  (2026-09-28)
2026-06-23 03:24:14.580 | INFO     | __main__:forecast_commodity:294 -   6_months     -> N     418,641/MT  +3.3%  (2026-12-28)
2026-06-23 03:24:14.608 | INFO     | __main__:run_forecasting:359 -   Maize (yellow)
2026-06-23 03:24:14.615 | INFO     | __main__:run_forecasting:353 - 
[12/17] Forecasting Wheat...
2026-06-23 03:24:14.936 | DEBUG    | __main__:forecast_holt_winters:131 -     Holt-Winters forecast failed: positive() got an unexpected keyword argument 'lower'
2026-06-23 03:24:14.942 | DEBUG    | __main__:forecast_tree:163 -     Tree forecast failed: Feature shape mismatch, expected: 18, got 16
2026-06-23 03:24:14.946 | INFO     | __main__:forecast_commodity:294 -   daily        -> N     742,978/MT  +2.5%  (2026-06-29)
2026-06-23 03:24:14.946 | INFO     | __main__:forecast_commodity:294 -   weekly       -> N     742,978/MT  +2.5%  (2026-07-06)
2026-06-23 03:24:14.948 | INFO     | __main__:forecast_commodity:294 -   2_weeks      -> N     759,421/MT  +4.8%  (2026-07-13)
2026-06-23 03:24:14.948 | INFO     | __main__:forecast_commodity:294 -   monthly      -> N     770,325/MT  +6.3%  (2026-07-27)
2026-06-23 03:24:14.950 | INFO     | __main__:forecast_commodity:294 -   3_months     -> N     751,625/MT  +3.7%  (2026-09-28)
2026-06-23 03:24:14.951 | INFO     | __main__:forecast_commodity:294 -   6_months     -> N     768,205/MT  +6.0%  (2026-12-28)
2026-06-23 03:24:14.953 | INFO     | __main__:run_forecasting:359 -   Wheat
2026-06-23 03:24:14.955 | INFO     | __main__:run_forecasting:353 - 
[13/17] Forecasting Rice...
2026-06-23 03:24:15.348 | DEBUG    | __main__:forecast_holt_winters:131 -     Holt-Winters forecast failed: positive() got an unexpected keyword argument 'lower'
2026-06-23 03:24:15.355 | DEBUG    | __main__:forecast_tree:163 -     Tree forecast failed: Feature shape mismatch, expected: 18, got 16
2026-06-23 03:24:15.357 | INFO     | __main__:forecast_commodity:294 -   daily        -> N   1,677,384/MT  +6.0%  (2026-06-29)
2026-06-23 03:24:15.359 | INFO     | __main__:forecast_commodity:294 -   weekly       -> N   1,677,384/MT  +6.0%  (2026-07-06)
2026-06-23 03:24:15.361 | INFO     | __main__:forecast_commodity:294 -   2_weeks      -> N   1,671,934/MT  +5.7%  (2026-07-13)
2026-06-23 03:24:15.362 | INFO     | __main__:forecast_commodity:294 -   monthly      -> N   1,673,742/MT  +5.8%  (2026-07-27)
2026-06-23 03:24:15.363 | INFO     | __main__:forecast_commodity:294 -   3_months     -> N   1,700,970/MT  +7.5%  (2026-09-28)
2026-06-23 03:24:15.366 | INFO     | __main__:forecast_commodity:294 -   6_months     -> N   1,723,559/MT  +8.9%  (2026-12-28)
2026-06-23 03:24:15.376 | INFO     | __main__:run_forecasting:359 -   Rice
2026-06-23 03:24:15.381 | INFO     | __main__:run_forecasting:353 - 
[14/17] Forecasting Eggs...
2026-06-23 03:24:15.753 | DEBUG    | __main__:forecast_holt_winters:131 -     Holt-Winters forecast failed: positive() got an unexpected keyword argument 'lower'
2026-06-23 03:24:15.758 | DEBUG    | __main__:forecast_tree:163 -     Tree forecast failed: Feature shape mismatch, expected: 18, got 16
2026-06-23 03:24:15.761 | INFO     | __main__:forecast_commodity:294 -   daily        -> N       7,184/MT  +0.0%  (2026-06-29)
2026-06-23 03:24:15.761 | INFO     | __main__:forecast_commodity:294 -   weekly       -> N       7,184/MT  +0.0%  (2026-07-06)
2026-06-23 03:24:15.761 | INFO     | __main__:forecast_commodity:294 -   2_weeks      -> N       7,078/MT  -1.4%  (2026-07-13)
2026-06-23 03:24:15.763 | INFO     | __main__:forecast_commodity:294 -   monthly      -> N       7,210/MT  +0.4%  (2026-07-27)
2026-06-23 03:24:15.765 | INFO     | __main__:forecast_commodity:294 -   3_months     -> N       7,326/MT  +2.0%  (2026-09-28)
2026-06-23 03:24:15.767 | INFO     | __main__:forecast_commodity:294 -   6_months     -> N       7,753/MT  +8.0%  (2026-12-28)
2026-06-23 03:24:15.773 | INFO     | __main__:run_forecasting:359 -   Eggs
2026-06-23 03:24:15.775 | INFO     | __main__:run_forecasting:353 - 
[15/17] Forecasting Fish (dried)...
2026-06-23 03:24:16.126 | DEBUG    | __main__:forecast_holt_winters:131 -     Holt-Winters forecast failed: positive() got an unexpected keyword argument 'lower'
2026-06-23 03:24:16.126 | DEBUG    | __main__:forecast_tree:163 -     Tree forecast failed: Feature shape mismatch, expected: 18, got 16
2026-06-23 03:24:16.131 | INFO     | __main__:forecast_commodity:294 -   daily        -> N   2,223,443/MT  -18.9%  (2026-06-29)
2026-06-23 03:24:16.133 | INFO     | __main__:forecast_commodity:294 -   weekly       -> N   2,223,443/MT  -18.9%  (2026-07-06)
2026-06-23 03:24:16.133 | INFO     | __main__:forecast_commodity:294 -   2_weeks      -> N   2,132,142/MT  -22.2%  (2026-07-13)
2026-06-23 03:24:16.135 | INFO     | __main__:forecast_commodity:294 -   monthly      -> N   2,247,369/MT  -18.0%  (2026-07-27)
2026-06-23 03:24:16.137 | INFO     | __main__:forecast_commodity:294 -   3_months     -> N   2,404,702/MT  -12.2%  (2026-09-28)
2026-06-23 03:24:16.140 | INFO     | __main__:forecast_commodity:294 -   6_months     -> N   2,399,194/MT  -12.5%  (2026-12-28)
2026-06-23 03:24:16.145 | INFO     | __main__:run_forecasting:359 -   Fish (dried)
2026-06-23 03:24:16.149 | INFO     | __main__:run_forecasting:353 - 
[16/17] Forecasting Meat (goat)...
2026-06-23 03:24:16.528 | DEBUG    | __main__:forecast_holt_winters:131 -     Holt-Winters forecast failed: positive() got an unexpected keyword argument 'lower'
2026-06-23 03:24:16.533 | DEBUG    | __main__:forecast_tree:163 -     Tree forecast failed: Feature shape mismatch, expected: 18, got 16
2026-06-23 03:24:16.534 | INFO     | __main__:forecast_commodity:294 -   daily        -> N   5,635,388/MT  +22.2%  (2026-06-29)
2026-06-23 03:24:16.534 | INFO     | __main__:forecast_commodity:294 -   weekly       -> N   5,635,388/MT  +22.2%  (2026-07-06)
2026-06-23 03:24:16.536 | INFO     | __main__:forecast_commodity:294 -   2_weeks      -> N   5,784,350/MT  +25.4%  (2026-07-13)
2026-06-23 03:24:16.537 | INFO     | __main__:forecast_commodity:294 -   monthly      -> N   5,714,604/MT  +23.9%  (2026-07-27)
2026-06-23 03:24:16.538 | INFO     | __main__:forecast_commodity:294 -   3_months     -> N   6,005,229/MT  +30.2%  (2026-09-28)
2026-06-23 03:24:16.541 | INFO     | __main__:forecast_commodity:294 -   6_months     -> N   6,211,065/MT  +34.7%  (2026-12-28)
2026-06-23 03:24:16.544 | INFO     | __main__:run_forecasting:359 -   Meat (goat)
2026-06-23 03:24:16.546 | INFO     | __main__:run_forecasting:353 - 
[17/17] Forecasting Meat (beef)...
2026-06-23 03:24:16.910 | DEBUG    | __main__:forecast_holt_winters:131 -     Holt-Winters forecast failed: positive() got an unexpected keyword argument 'lower'
2026-06-23 03:24:16.916 | DEBUG    | __main__:forecast_tree:163 -     Tree forecast failed: Feature shape mismatch, expected: 18, got 16
2026-06-23 03:24:16.917 | INFO     | __main__:forecast_commodity:294 -   daily        -> N   5,338,859/MT  +25.9%  (2026-06-29)
2026-06-23 03:24:16.919 | INFO     | __main__:forecast_commodity:294 -   weekly       -> N   5,338,859/MT  +25.9%  (2026-07-06)
2026-06-23 03:24:16.919 | INFO     | __main__:forecast_commodity:294 -   2_weeks      -> N   5,504,110/MT  +29.8%  (2026-07-13)
2026-06-23 03:24:16.920 | INFO     | __main__:forecast_commodity:294 -   monthly      -> N   5,706,448/MT  +34.6%  (2026-07-27)
2026-06-23 03:24:16.922 | INFO     | __main__:forecast_commodity:294 -   3_months     -> N   5,740,774/MT  +35.4%  (2026-09-28)
2026-06-23 03:24:16.924 | INFO     | __main__:forecast_commodity:294 -   6_months     -> N   5,864,462/MT  +38.3%  (2026-12-28)
2026-06-23 03:24:16.928 | INFO     | __main__:run_forecasting:359 -   Meat (beef)
2026-06-23 03:24:17.010 | INFO     | __main__:run_forecasting:375 - 
  Forecast JSON saved -> C:\Users\USER\Downloads\agrolinking-intel-structure\agrolinking-intel\outputs\forecasts\forecast_2026-06-23.json
2026-06-23 03:24:17.015 | INFO     | __main__:run_forecasting:401 -   Daily alert saved -> C:\Users\USER\Downloads\agrolinking-intel-structure\agrolinking-intel\outputs\daily_alerts\alert_2026-06-23.txt
2026-06-23 03:24:17.015 | INFO     | __main__:run_forecasting:402 - 
=================================================================
2026-06-23 03:24:17.016 | INFO     | __main__:run_forecasting:403 -   DAILY PRICE ALERT
2026-06-23 03:24:17.018 | INFO     | __main__:run_forecasting:404 - =================================================================
2026-06-23 03:24:17.020 | INFO     | __main__:run_forecasting:406 -   AGROLINKING COMMODITY INTELLIGENCE ALERT
2026-06-23 03:24:17.020 | INFO     | __main__:run_forecasting:406 -   Tuesday, 23 June 2026
2026-06-23 03:24:17.021 | INFO     | __main__:run_forecasting:406 -   ─────────────────────────────────────────────
2026-06-23 03:24:17.021 | INFO     | __main__:run_forecasting:406 -   Hibiscus               N   2,153,461/MT  -7.1%
2026-06-23 03:24:17.021 | INFO     | __main__:run_forecasting:406 -   Sesame                 N   1,616,288/MT  -1.1%
2026-06-23 03:24:17.024 | INFO     | __main__:run_forecasting:406 -   Ginger                 N  12,892,587/MT  +4.8%
2026-06-23 03:24:17.024 | INFO     | __main__:run_forecasting:406 -   Cocoa                  N   8,949,442/MT  +55.4%
2026-06-23 03:24:17.026 | INFO     | __main__:run_forecasting:406 -   Soybeans               N     854,990/MT  +13.7%
2026-06-23 03:24:17.026 | INFO     | __main__:run_forecasting:406 -   Cashew Nuts            N   2,167,197/MT  +10.7%
2026-06-23 03:24:17.027 | INFO     | __main__:run_forecasting:406 -   Sorghum                N     458,398/MT  +7.3%
2026-06-23 03:24:17.027 | INFO     | __main__:run_forecasting:406 -   Beans (white)          N     974,710/MT  +17.8%
2026-06-23 03:24:17.027 | INFO     | __main__:run_forecasting:406 -   Beans (red)            N     914,137/MT  -0.1%
2026-06-23 03:24:17.027 | INFO     | __main__:run_forecasting:406 -   Maize (white)          N     378,806/MT  +1.7%
2026-06-23 03:24:17.029 | INFO     | __main__:run_forecasting:406 -   Maize (yellow)         N     415,294/MT  +2.5%
2026-06-23 03:24:17.029 | INFO     | __main__:run_forecasting:406 -   Wheat                  N     742,978/MT  +2.5%
2026-06-23 03:24:17.031 | INFO     | __main__:run_forecasting:406 -   Rice                   N   1,677,384/MT  +6.0%
2026-06-23 03:24:17.033 | INFO     | __main__:run_forecasting:406 -   Eggs                   N       7,184/MT  +0.0%
2026-06-23 03:24:17.034 | INFO     | __main__:run_forecasting:406 -   Fish (dried)           N   2,223,443/MT  -18.9%
2026-06-23 03:24:17.034 | INFO     | __main__:run_forecasting:406 -   Meat (goat)            N   5,635,388/MT  +22.2%
2026-06-23 03:24:17.036 | INFO     | __main__:run_forecasting:406 -   Meat (beef)            N   5,338,859/MT  +25.9%
2026-06-23 03:24:17.038 | INFO     | __main__:run_forecasting:406 -   ─────────────────────────────────────────────
2026-06-23 03:24:17.040 | INFO     | __main__:run_forecasting:406 -   Source: Agrolinking Intelligence Platform
2026-06-23 03:24:17.042 | INFO     | __main__:run_forecasting:406 -   Next update: 24 Jun 2026
2026-06-23 03:24:17.042 | INFO     | __main__:run_forecasting:409 - 
======================================================================
2026-06-23 03:24:17.044 | INFO     | __main__:run_forecasting:410 -   FORECAST SUMMARY
2026-06-23 03:24:17.044 | INFO     | __main__:run_forecasting:411 - ======================================================================
2026-06-23 03:24:17.044 | INFO     | __main__:run_forecasting:413 -   Commodity                      daily        weekly       monthly      3_months      6_months
2026-06-23 03:24:17.044 | INFO     | __main__:run_forecasting:414 -   ---------------------------------------------------------------------------
2026-06-23 03:24:17.044 | INFO     | __main__:run_forecasting:420 -   Hibiscus                N 2,153,461  N 2,153,461  N 2,125,431  N 2,039,585  N 1,932,209
2026-06-23 03:24:17.044 | INFO     | __main__:run_forecasting:420 -   Sesame                  N 1,616,288  N 1,616,288  N 1,559,480  N 1,477,699  N 1,474,150
2026-06-23 03:24:17.044 | INFO     | __main__:run_forecasting:420 -   Ginger                  N12,892,587  N12,892,587  N12,533,773  N11,803,786  N11,186,822
2026-06-23 03:24:17.048 | INFO     | __main__:run_forecasting:420 -   Cocoa                   N 8,949,442  N 8,949,442  N 9,584,266  N 8,707,746  N 9,059,057
2026-06-23 03:24:17.048 | INFO     | __main__:run_forecasting:420 -   Soybeans                N   854,990  N   854,990  N   846,998  N   823,810  N   814,376
2026-06-23 03:24:17.048 | INFO     | __main__:run_forecasting:420 -   Cashew Nuts             N 2,167,197  N 2,167,197  N 2,139,928  N 2,172,496  N 2,088,004
2026-06-23 03:24:17.048 | INFO     | __main__:run_forecasting:420 -   Sorghum                 N   458,398  N   458,398  N   488,644  N   482,289  N   439,981
2026-06-23 03:24:17.050 | INFO     | __main__:run_forecasting:420 -   Beans (white)           N   974,710  N   974,710  N 1,039,071  N 1,063,712  N 1,067,246
2026-06-23 03:24:17.050 | INFO     | __main__:run_forecasting:420 -   Beans (red)             N   914,137  N   914,137  N   924,905  N   897,510  N   769,176
2026-06-23 03:24:17.050 | INFO     | __main__:run_forecasting:420 -   Maize (white)           N   378,806  N   378,806  N   375,226  N   366,592  N   369,153
2026-06-23 03:24:17.056 | INFO     | __main__:run_forecasting:420 -   Maize (yellow)          N   415,294  N   415,294  N   415,163  N   415,429  N   418,641
2026-06-23 03:24:17.056 | INFO     | __main__:run_forecasting:420 -   Wheat                   N   742,978  N   742,978  N   770,325  N   751,625  N   768,205
2026-06-23 03:24:17.058 | INFO     | __main__:run_forecasting:420 -   Rice                    N 1,677,384  N 1,677,384  N 1,673,742  N 1,700,970  N 1,723,559
2026-06-23 03:24:17.058 | INFO     | __main__:run_forecasting:420 -   Eggs                    N     7,184  N     7,184  N     7,210  N     7,326  N     7,753
2026-06-23 03:24:17.058 | INFO     | __main__:run_forecasting:420 -   Fish (dried)            N 2,223,443  N 2,223,443  N 2,247,369  N 2,404,702  N 2,399,194
2026-06-23 03:24:17.058 | INFO     | __main__:run_forecasting:420 -   Meat (goat)             N 5,635,388  N 5,635,388  N 5,714,604  N 6,005,229  N 6,211,065
2026-06-23 03:24:17.060 | INFO     | __main__:run_forecasting:420 -   Meat (beef)             N 5,338,859  N 5,338,859  N 5,706,448  N 5,740,774  N 5,864,462
2026-06-23 03:24:17.060 | INFO     | __main__:run_forecasting:421 - ======================================================================
2026-06-23 03:24:17.060 | SUCCESS  | __main__:run_forecasting:425 - FORECASTING COMPLETE — 17/17 commodities
