2026-06-20 07:17:17.912 | INFO     | __main__:run_forecasting:330 - =================================================================
2026-06-20 07:17:17.946 | INFO     | __main__:run_forecasting:331 - STEP 5 — FORECASTING ENGINE
2026-06-20 07:17:17.964 | INFO     | __main__:run_forecasting:332 -   Run date   : Saturday, 20 June 2026
2026-06-20 07:17:17.972 | INFO     | __main__:run_forecasting:333 -   Commodities: 17
2026-06-20 07:17:17.972 | INFO     | __main__:run_forecasting:334 -   Horizons   : ['daily', 'weekly', '2_weeks', 'monthly', '3_months', '6_months']
2026-06-20 07:17:17.993 | INFO     | __main__:run_forecasting:335 -   Ensemble   : ARIMA + Prophet + Holt-Winters + XGBoost + LightGBM
2026-06-20 07:17:18.005 | INFO     | __main__:run_forecasting:336 - =================================================================
2026-06-20 07:17:20.019 | INFO     | __main__:run_forecasting:353 - 
[1/17] Forecasting Hibiscus...
2026-06-20 07:18:05.360 | DEBUG    | __main__:forecast_holt_winters:131 -     Holt-Winters forecast failed: positive() got an unexpected keyword argument 'lower'
2026-06-20 07:18:05.370 | DEBUG    | __main__:forecast_tree:163 -     Tree forecast failed: Feature shape mismatch, expected: 18, got 16
2026-06-20 07:18:05.370 | INFO     | __main__:forecast_commodity:294 -   daily        -> N   2,123,959/MT  -6.8%  (2026-06-22)
2026-06-20 07:18:05.387 | INFO     | __main__:forecast_commodity:294 -   weekly       -> N   2,123,959/MT  -6.8%  (2026-06-29)
2026-06-20 07:18:05.405 | INFO     | __main__:forecast_commodity:294 -   2_weeks      -> N   2,140,498/MT  -6.0%  (2026-07-06)
2026-06-20 07:18:05.420 | INFO     | __main__:forecast_commodity:294 -   monthly      -> N   2,110,444/MT  -7.3%  (2026-07-20)
2026-06-20 07:18:05.438 | INFO     | __main__:forecast_commodity:294 -   3_months     -> N   2,022,964/MT  -11.2%  (2026-09-21)
2026-06-20 07:18:05.455 | INFO     | __main__:forecast_commodity:294 -   6_months     -> N   1,925,168/MT  -15.5%  (2026-12-21)
2026-06-20 07:18:05.472 | INFO     | __main__:run_forecasting:359 -   Hibiscus
2026-06-20 07:18:05.489 | INFO     | __main__:run_forecasting:353 - 
[2/17] Forecasting Sesame...
2026-06-20 07:18:06.124 | DEBUG    | __main__:forecast_holt_winters:131 -     Holt-Winters forecast failed: positive() got an unexpected keyword argument 'lower'
2026-06-20 07:18:06.144 | DEBUG    | __main__:forecast_tree:163 -     Tree forecast failed: Feature shape mismatch, expected: 18, got 16
2026-06-20 07:18:06.150 | INFO     | __main__:forecast_commodity:294 -   daily        -> N   1,654,097/MT  +2.0%  (2026-06-22)
2026-06-20 07:18:06.154 | INFO     | __main__:forecast_commodity:294 -   weekly       -> N   1,654,097/MT  +2.0%  (2026-06-29)
2026-06-20 07:18:06.161 | INFO     | __main__:forecast_commodity:294 -   2_weeks      -> N   1,590,690/MT  -1.9%  (2026-07-06)
2026-06-20 07:18:06.166 | INFO     | __main__:forecast_commodity:294 -   monthly      -> N   1,554,414/MT  -4.2%  (2026-07-20)
2026-06-20 07:18:06.172 | INFO     | __main__:forecast_commodity:294 -   3_months     -> N   1,486,886/MT  -8.3%  (2026-09-21)
2026-06-20 07:18:06.188 | INFO     | __main__:forecast_commodity:294 -   6_months     -> N   1,478,031/MT  -8.9%  (2026-12-21)
2026-06-20 07:18:06.200 | INFO     | __main__:run_forecasting:359 -   Sesame
2026-06-20 07:18:06.214 | INFO     | __main__:run_forecasting:353 - 
[3/17] Forecasting Ginger...
2026-06-20 07:18:06.873 | DEBUG    | __main__:forecast_holt_winters:131 -     Holt-Winters forecast failed: positive() got an unexpected keyword argument 'lower'
2026-06-20 07:18:06.881 | DEBUG    | __main__:forecast_tree:163 -     Tree forecast failed: Feature shape mismatch, expected: 18, got 16
2026-06-20 07:18:06.882 | INFO     | __main__:forecast_commodity:294 -   daily        -> N  13,070,351/MT  +7.0%  (2026-06-22)
2026-06-20 07:18:06.886 | INFO     | __main__:forecast_commodity:294 -   weekly       -> N  13,070,351/MT  +7.0%  (2026-06-29)
2026-06-20 07:18:06.895 | INFO     | __main__:forecast_commodity:294 -   2_weeks      -> N  12,863,321/MT  +5.3%  (2026-07-06)
2026-06-20 07:18:06.901 | INFO     | __main__:forecast_commodity:294 -   monthly      -> N  12,808,312/MT  +4.8%  (2026-07-20)
2026-06-20 07:18:06.911 | INFO     | __main__:forecast_commodity:294 -   3_months     -> N  11,652,348/MT  -4.6%  (2026-09-21)
2026-06-20 07:18:06.917 | INFO     | __main__:forecast_commodity:294 -   6_months     -> N  11,184,414/MT  -8.5%  (2026-12-21)
2026-06-20 07:18:06.929 | INFO     | __main__:run_forecasting:359 -   Ginger
2026-06-20 07:18:06.933 | INFO     | __main__:run_forecasting:353 - 
[4/17] Forecasting Cocoa...
2026-06-20 07:18:07.602 | DEBUG    | __main__:forecast_holt_winters:131 -     Holt-Winters forecast failed: positive() got an unexpected keyword argument 'lower'
2026-06-20 07:18:07.608 | DEBUG    | __main__:forecast_tree:163 -     Tree forecast failed: Feature shape mismatch, expected: 18, got 16
2026-06-20 07:18:07.610 | INFO     | __main__:forecast_commodity:294 -   daily        -> N   9,226,633/MT  +59.5%  (2026-06-22)
2026-06-20 07:18:07.615 | INFO     | __main__:forecast_commodity:294 -   weekly       -> N   9,226,633/MT  +59.5%  (2026-06-29)
2026-06-20 07:18:07.622 | INFO     | __main__:forecast_commodity:294 -   2_weeks      -> N   9,646,067/MT  +66.7%  (2026-07-06)
2026-06-20 07:18:07.632 | INFO     | __main__:forecast_commodity:294 -   monthly      -> N   9,520,329/MT  +64.5%  (2026-07-20)
2026-06-20 07:18:07.642 | INFO     | __main__:forecast_commodity:294 -   3_months     -> N   8,722,080/MT  +50.7%  (2026-09-21)
2026-06-20 07:18:07.660 | INFO     | __main__:forecast_commodity:294 -   6_months     -> N   8,990,337/MT  +55.4%  (2026-12-21)
2026-06-20 07:18:07.687 | INFO     | __main__:run_forecasting:359 -   Cocoa
2026-06-20 07:18:07.697 | INFO     | __main__:run_forecasting:353 - 
[5/17] Forecasting Soybeans...
2026-06-20 07:18:08.292 | DEBUG    | __main__:forecast_holt_winters:131 -     Holt-Winters forecast failed: positive() got an unexpected keyword argument 'lower'
2026-06-20 07:18:08.300 | DEBUG    | __main__:forecast_tree:163 -     Tree forecast failed: Feature shape mismatch, expected: 18, got 16
2026-06-20 07:18:08.300 | INFO     | __main__:forecast_commodity:294 -   daily        -> N     861,489/MT  +14.1%  (2026-06-22)
2026-06-20 07:18:08.310 | INFO     | __main__:forecast_commodity:294 -   weekly       -> N     861,489/MT  +14.1%  (2026-06-29)
2026-06-20 07:18:08.317 | INFO     | __main__:forecast_commodity:294 -   2_weeks      -> N     872,884/MT  +15.6%  (2026-07-06)
2026-06-20 07:18:08.320 | INFO     | __main__:forecast_commodity:294 -   monthly      -> N     850,503/MT  +12.6%  (2026-07-20)
2026-06-20 07:18:08.328 | INFO     | __main__:forecast_commodity:294 -   3_months     -> N     822,121/MT  +8.8%  (2026-09-21)
2026-06-20 07:18:08.332 | INFO     | __main__:forecast_commodity:294 -   6_months     -> N     814,536/MT  +7.8%  (2026-12-21)
2026-06-20 07:18:08.348 | INFO     | __main__:run_forecasting:359 -   Soybeans
2026-06-20 07:18:08.354 | INFO     | __main__:run_forecasting:353 - 
[6/17] Forecasting Cashew Nuts...
2026-06-20 07:18:09.013 | DEBUG    | __main__:forecast_holt_winters:131 -     Holt-Winters forecast failed: positive() got an unexpected keyword argument 'lower'
2026-06-20 07:18:09.018 | DEBUG    | __main__:forecast_tree:163 -     Tree forecast failed: Feature shape mismatch, expected: 18, got 16
2026-06-20 07:18:09.020 | INFO     | __main__:forecast_commodity:294 -   daily        -> N   2,138,245/MT  +7.2%  (2026-06-22)
2026-06-20 07:18:09.025 | INFO     | __main__:forecast_commodity:294 -   weekly       -> N   2,138,245/MT  +7.2%  (2026-06-29)
2026-06-20 07:18:09.034 | INFO     | __main__:forecast_commodity:294 -   2_weeks      -> N   2,113,672/MT  +6.0%  (2026-07-06)
2026-06-20 07:18:09.039 | INFO     | __main__:forecast_commodity:294 -   monthly      -> N   2,174,539/MT  +9.0%  (2026-07-20)
2026-06-20 07:18:09.057 | INFO     | __main__:forecast_commodity:294 -   3_months     -> N   2,177,056/MT  +9.2%  (2026-09-21)
2026-06-20 07:18:09.062 | INFO     | __main__:forecast_commodity:294 -   6_months     -> N   2,080,376/MT  +4.3%  (2026-12-21)
2026-06-20 07:18:09.071 | INFO     | __main__:run_forecasting:359 -   Cashew Nuts
2026-06-20 07:18:09.090 | INFO     | __main__:run_forecasting:353 - 
[7/17] Forecasting Sorghum...
2026-06-20 07:18:09.737 | DEBUG    | __main__:forecast_holt_winters:131 -     Holt-Winters forecast failed: positive() got an unexpected keyword argument 'lower'
2026-06-20 07:18:09.742 | DEBUG    | __main__:forecast_tree:163 -     Tree forecast failed: Feature shape mismatch, expected: 18, got 16
2026-06-20 07:18:09.744 | INFO     | __main__:forecast_commodity:294 -   daily        -> N     470,530/MT  +10.9%  (2026-06-22)
2026-06-20 07:18:09.747 | INFO     | __main__:forecast_commodity:294 -   weekly       -> N     470,530/MT  +10.9%  (2026-06-29)
2026-06-20 07:18:09.748 | INFO     | __main__:forecast_commodity:294 -   2_weeks      -> N     478,434/MT  +12.8%  (2026-07-06)
2026-06-20 07:18:09.752 | INFO     | __main__:forecast_commodity:294 -   monthly      -> N     493,034/MT  +16.2%  (2026-07-20)
2026-06-20 07:18:09.754 | INFO     | __main__:forecast_commodity:294 -   3_months     -> N     485,868/MT  +14.5%  (2026-09-21)
2026-06-20 07:18:09.757 | INFO     | __main__:forecast_commodity:294 -   6_months     -> N     443,057/MT  +4.4%  (2026-12-21)
2026-06-20 07:18:09.774 | INFO     | __main__:run_forecasting:359 -   Sorghum
2026-06-20 07:18:09.779 | INFO     | __main__:run_forecasting:353 - 
[8/17] Forecasting Beans (white)...
2026-06-20 07:18:10.382 | DEBUG    | __main__:forecast_holt_winters:131 -     Holt-Winters forecast failed: positive() got an unexpected keyword argument 'lower'
2026-06-20 07:18:10.386 | DEBUG    | __main__:forecast_tree:163 -     Tree forecast failed: Feature shape mismatch, expected: 18, got 16
2026-06-20 07:18:10.388 | INFO     | __main__:forecast_commodity:294 -   daily        -> N     976,941/MT  +17.6%  (2026-06-22)
2026-06-20 07:18:10.398 | INFO     | __main__:forecast_commodity:294 -   weekly       -> N     976,941/MT  +17.6%  (2026-06-29)
2026-06-20 07:18:10.419 | INFO     | __main__:forecast_commodity:294 -   2_weeks      -> N   1,004,500/MT  +20.9%  (2026-07-06)
2026-06-20 07:18:10.431 | INFO     | __main__:forecast_commodity:294 -   monthly      -> N   1,009,290/MT  +21.5%  (2026-07-20)
2026-06-20 07:18:10.440 | INFO     | __main__:forecast_commodity:294 -   3_months     -> N   1,049,136/MT  +26.3%  (2026-09-21)
2026-06-20 07:18:10.462 | INFO     | __main__:forecast_commodity:294 -   6_months     -> N   1,068,976/MT  +28.7%  (2026-12-21)
2026-06-20 07:18:10.478 | INFO     | __main__:run_forecasting:359 -   Beans (white)
2026-06-20 07:18:10.498 | INFO     | __main__:run_forecasting:353 - 
[9/17] Forecasting Beans (red)...
2026-06-20 07:18:10.980 | DEBUG    | __main__:forecast_holt_winters:131 -     Holt-Winters forecast failed: positive() got an unexpected keyword argument 'lower'
2026-06-20 07:18:10.986 | DEBUG    | __main__:forecast_tree:163 -     Tree forecast failed: Feature shape mismatch, expected: 18, got 16
2026-06-20 07:18:10.986 | INFO     | __main__:forecast_commodity:294 -   daily        -> N     890,718/MT  -1.5%  (2026-06-22)
2026-06-20 07:18:10.990 | INFO     | __main__:forecast_commodity:294 -   weekly       -> N     890,718/MT  -1.5%  (2026-06-29)
2026-06-20 07:18:10.994 | INFO     | __main__:forecast_commodity:294 -   2_weeks      -> N     916,332/MT  +1.4%  (2026-07-06)
2026-06-20 07:18:10.999 | INFO     | __main__:forecast_commodity:294 -   monthly      -> N     934,434/MT  +3.4%  (2026-07-20)
2026-06-20 07:18:11.004 | INFO     | __main__:forecast_commodity:294 -   3_months     -> N     910,924/MT  +0.8%  (2026-09-21)
2026-06-20 07:18:11.010 | INFO     | __main__:forecast_commodity:294 -   6_months     -> N     771,948/MT  -14.6%  (2026-12-21)
2026-06-20 07:18:11.015 | INFO     | __main__:run_forecasting:359 -   Beans (red)
2026-06-20 07:18:11.018 | INFO     | __main__:run_forecasting:353 - 
[10/17] Forecasting Maize (white)...
2026-06-20 07:18:11.501 | DEBUG    | __main__:forecast_holt_winters:131 -     Holt-Winters forecast failed: positive() got an unexpected keyword argument 'lower'
2026-06-20 07:18:11.510 | DEBUG    | __main__:forecast_tree:163 -     Tree forecast failed: Feature shape mismatch, expected: 18, got 16
2026-06-20 07:18:11.513 | INFO     | __main__:forecast_commodity:294 -   daily        -> N     381,587/MT  +2.3%  (2026-06-22)
2026-06-20 07:18:11.517 | INFO     | __main__:forecast_commodity:294 -   weekly       -> N     381,587/MT  +2.3%  (2026-06-29)
2026-06-20 07:18:11.520 | INFO     | __main__:forecast_commodity:294 -   2_weeks      -> N     373,063/MT  +0.0%  (2026-07-06)
2026-06-20 07:18:11.525 | INFO     | __main__:forecast_commodity:294 -   monthly      -> N     377,649/MT  +1.3%  (2026-07-20)
2026-06-20 07:18:11.529 | INFO     | __main__:forecast_commodity:294 -   3_months     -> N     365,953/MT  -1.9%  (2026-09-21)
2026-06-20 07:18:11.538 | INFO     | __main__:forecast_commodity:294 -   6_months     -> N     370,899/MT  -0.6%  (2026-12-21)
2026-06-20 07:18:11.545 | INFO     | __main__:run_forecasting:359 -   Maize (white)
2026-06-20 07:18:11.550 | INFO     | __main__:run_forecasting:353 - 
[11/17] Forecasting Maize (yellow)...
2026-06-20 07:18:12.033 | DEBUG    | __main__:forecast_holt_winters:131 -     Holt-Winters forecast failed: positive() got an unexpected keyword argument 'lower'
2026-06-20 07:18:12.061 | DEBUG    | __main__:forecast_tree:163 -     Tree forecast failed: Feature shape mismatch, expected: 18, got 16
2026-06-20 07:18:12.063 | INFO     | __main__:forecast_commodity:294 -   daily        -> N     412,497/MT  +2.3%  (2026-06-22)
2026-06-20 07:18:12.063 | INFO     | __main__:forecast_commodity:294 -   weekly       -> N     412,497/MT  +2.3%  (2026-06-29)
2026-06-20 07:18:12.064 | INFO     | __main__:forecast_commodity:294 -   2_weeks      -> N     418,618/MT  +3.8%  (2026-07-06)
2026-06-20 07:18:12.066 | INFO     | __main__:forecast_commodity:294 -   monthly      -> N     419,219/MT  +3.9%  (2026-07-20)
2026-06-20 07:18:12.068 | INFO     | __main__:forecast_commodity:294 -   3_months     -> N     416,239/MT  +3.2%  (2026-09-21)
2026-06-20 07:18:12.076 | INFO     | __main__:forecast_commodity:294 -   6_months     -> N     414,803/MT  +2.9%  (2026-12-21)
2026-06-20 07:18:12.097 | INFO     | __main__:run_forecasting:359 -   Maize (yellow)
2026-06-20 07:18:12.099 | INFO     | __main__:run_forecasting:353 - 
[12/17] Forecasting Wheat...
2026-06-20 07:18:12.693 | DEBUG    | __main__:forecast_holt_winters:131 -     Holt-Winters forecast failed: positive() got an unexpected keyword argument 'lower'
2026-06-20 07:18:12.698 | DEBUG    | __main__:forecast_tree:163 -     Tree forecast failed: Feature shape mismatch, expected: 18, got 16
2026-06-20 07:18:12.699 | INFO     | __main__:forecast_commodity:294 -   daily        -> N     737,280/MT  +2.7%  (2026-06-22)
2026-06-20 07:18:12.701 | INFO     | __main__:forecast_commodity:294 -   weekly       -> N     737,280/MT  +2.7%  (2026-06-29)
2026-06-20 07:18:12.704 | INFO     | __main__:forecast_commodity:294 -   2_weeks      -> N     770,706/MT  +7.3%  (2026-07-06)
2026-06-20 07:18:12.706 | INFO     | __main__:forecast_commodity:294 -   monthly      -> N     769,882/MT  +7.2%  (2026-07-20)
2026-06-20 07:18:12.711 | INFO     | __main__:forecast_commodity:294 -   3_months     -> N     752,067/MT  +4.7%  (2026-09-21)
2026-06-20 07:18:12.713 | INFO     | __main__:forecast_commodity:294 -   6_months     -> N     765,280/MT  +6.6%  (2026-12-21)
2026-06-20 07:18:12.717 | INFO     | __main__:run_forecasting:359 -   Wheat
2026-06-20 07:18:12.721 | INFO     | __main__:run_forecasting:353 - 
[13/17] Forecasting Rice...
2026-06-20 07:18:13.227 | DEBUG    | __main__:forecast_holt_winters:131 -     Holt-Winters forecast failed: positive() got an unexpected keyword argument 'lower'
2026-06-20 07:18:13.228 | DEBUG    | __main__:forecast_tree:163 -     Tree forecast failed: Feature shape mismatch, expected: 18, got 16
2026-06-20 07:18:13.230 | INFO     | __main__:forecast_commodity:294 -   daily        -> N   1,647,372/MT  +4.1%  (2026-06-22)
2026-06-20 07:18:13.230 | INFO     | __main__:forecast_commodity:294 -   weekly       -> N   1,647,372/MT  +4.1%  (2026-06-29)
2026-06-20 07:18:13.232 | INFO     | __main__:forecast_commodity:294 -   2_weeks      -> N   1,687,655/MT  +6.7%  (2026-07-06)
2026-06-20 07:18:13.232 | INFO     | __main__:forecast_commodity:294 -   monthly      -> N   1,682,150/MT  +6.3%  (2026-07-20)
2026-06-20 07:18:13.234 | INFO     | __main__:forecast_commodity:294 -   3_months     -> N   1,707,687/MT  +8.0%  (2026-09-21)
2026-06-20 07:18:13.235 | INFO     | __main__:forecast_commodity:294 -   6_months     -> N   1,725,082/MT  +9.1%  (2026-12-21)
2026-06-20 07:18:13.244 | INFO     | __main__:run_forecasting:359 -   Rice
2026-06-20 07:18:13.245 | INFO     | __main__:run_forecasting:353 - 
[14/17] Forecasting Eggs...
2026-06-20 07:18:13.755 | DEBUG    | __main__:forecast_holt_winters:131 -     Holt-Winters forecast failed: positive() got an unexpected keyword argument 'lower'
2026-06-20 07:18:13.765 | DEBUG    | __main__:forecast_tree:163 -     Tree forecast failed: Feature shape mismatch, expected: 18, got 16
2026-06-20 07:18:13.767 | INFO     | __main__:forecast_commodity:294 -   daily        -> N       7,145/MT  +0.6%  (2026-06-22)
2026-06-20 07:18:13.803 | INFO     | __main__:forecast_commodity:294 -   weekly       -> N       7,145/MT  +0.6%  (2026-06-29)
2026-06-20 07:18:13.834 | INFO     | __main__:forecast_commodity:294 -   2_weeks      -> N       7,086/MT  -0.2%  (2026-07-06)
2026-06-20 07:18:13.838 | INFO     | __main__:forecast_commodity:294 -   monthly      -> N       7,245/MT  +2.0%  (2026-07-20)
2026-06-20 07:18:13.842 | INFO     | __main__:forecast_commodity:294 -   3_months     -> N       7,407/MT  +4.3%  (2026-09-21)
2026-06-20 07:18:13.846 | INFO     | __main__:forecast_commodity:294 -   6_months     -> N       7,755/MT  +9.2%  (2026-12-21)
2026-06-20 07:18:13.854 | INFO     | __main__:run_forecasting:359 -   Eggs
2026-06-20 07:18:13.858 | INFO     | __main__:run_forecasting:353 - 
[15/17] Forecasting Fish (dried)...
2026-06-20 07:18:14.346 | DEBUG    | __main__:forecast_holt_winters:131 -     Holt-Winters forecast failed: positive() got an unexpected keyword argument 'lower'
2026-06-20 07:18:14.350 | DEBUG    | __main__:forecast_tree:163 -     Tree forecast failed: Feature shape mismatch, expected: 18, got 16
2026-06-20 07:18:14.351 | INFO     | __main__:forecast_commodity:294 -   daily        -> N   2,226,047/MT  -18.9%  (2026-06-22)
2026-06-20 07:18:14.353 | INFO     | __main__:forecast_commodity:294 -   weekly       -> N   2,226,047/MT  -18.9%  (2026-06-29)
2026-06-20 07:18:14.361 | INFO     | __main__:forecast_commodity:294 -   2_weeks      -> N   2,167,012/MT  -21.0%  (2026-07-06)
2026-06-20 07:18:14.369 | INFO     | __main__:forecast_commodity:294 -   monthly      -> N   2,305,734/MT  -16.0%  (2026-07-20)
2026-06-20 07:18:14.378 | INFO     | __main__:forecast_commodity:294 -   3_months     -> N   2,410,891/MT  -12.1%  (2026-09-21)
2026-06-20 07:18:14.382 | INFO     | __main__:forecast_commodity:294 -   6_months     -> N   2,398,811/MT  -12.6%  (2026-12-21)
2026-06-20 07:18:14.391 | INFO     | __main__:run_forecasting:359 -   Fish (dried)
2026-06-20 07:18:14.395 | INFO     | __main__:run_forecasting:353 - 
[16/17] Forecasting Meat (goat)...
2026-06-20 07:18:15.057 | DEBUG    | __main__:forecast_holt_winters:131 -     Holt-Winters forecast failed: positive() got an unexpected keyword argument 'lower'
2026-06-20 07:18:15.065 | DEBUG    | __main__:forecast_tree:163 -     Tree forecast failed: Feature shape mismatch, expected: 18, got 16
2026-06-20 07:18:15.065 | INFO     | __main__:forecast_commodity:294 -   daily        -> N   5,596,943/MT  +21.5%  (2026-06-22)
2026-06-20 07:18:15.071 | INFO     | __main__:forecast_commodity:294 -   weekly       -> N   5,596,943/MT  +21.5%  (2026-06-29)
2026-06-20 07:18:15.073 | INFO     | __main__:forecast_commodity:294 -   2_weeks      -> N   5,650,879/MT  +22.6%  (2026-07-06)
2026-06-20 07:18:15.075 | INFO     | __main__:forecast_commodity:294 -   monthly      -> N   5,703,403/MT  +23.8%  (2026-07-20)
2026-06-20 07:18:15.104 | INFO     | __main__:forecast_commodity:294 -   3_months     -> N   5,941,872/MT  +29.0%  (2026-09-21)
2026-06-20 07:18:15.108 | INFO     | __main__:forecast_commodity:294 -   6_months     -> N   6,193,548/MT  +34.4%  (2026-12-21)
2026-06-20 07:18:15.116 | INFO     | __main__:run_forecasting:359 -   Meat (goat)
2026-06-20 07:18:15.116 | INFO     | __main__:run_forecasting:353 - 
[17/17] Forecasting Meat (beef)...
2026-06-20 07:18:15.611 | DEBUG    | __main__:forecast_holt_winters:131 -     Holt-Winters forecast failed: positive() got an unexpected keyword argument 'lower'
2026-06-20 07:18:15.615 | DEBUG    | __main__:forecast_tree:163 -     Tree forecast failed: Feature shape mismatch, expected: 18, got 16
2026-06-20 07:18:15.615 | INFO     | __main__:forecast_commodity:294 -   daily        -> N   5,311,329/MT  +23.0%  (2026-06-22)
2026-06-20 07:18:15.617 | INFO     | __main__:forecast_commodity:294 -   weekly       -> N   5,311,329/MT  +23.0%  (2026-06-29)
2026-06-20 07:18:15.619 | INFO     | __main__:forecast_commodity:294 -   2_weeks      -> N   5,513,832/MT  +27.7%  (2026-07-06)
2026-06-20 07:18:15.621 | INFO     | __main__:forecast_commodity:294 -   monthly      -> N   5,674,727/MT  +31.4%  (2026-07-20)
2026-06-20 07:18:15.625 | INFO     | __main__:forecast_commodity:294 -   3_months     -> N   5,679,128/MT  +31.5%  (2026-09-21)
2026-06-20 07:18:15.629 | INFO     | __main__:forecast_commodity:294 -   6_months     -> N   5,848,726/MT  +35.5%  (2026-12-21)
2026-06-20 07:18:15.631 | INFO     | __main__:run_forecasting:359 -   Meat (beef)
2026-06-20 07:18:15.732 | INFO     | __main__:run_forecasting:375 - 
  Forecast JSON saved -> C:\Users\USER\Downloads\agrolinking-intel-structure\agrolinking-intel\outputs\forecasts\forecast_2026-06-20.json
2026-06-20 07:18:15.738 | INFO     | __main__:run_forecasting:401 -   Daily alert saved -> C:\Users\USER\Downloads\agrolinking-intel-structure\agrolinking-intel\outputs\daily_alerts\alert_2026-06-20.txt
2026-06-20 07:18:15.739 | INFO     | __main__:run_forecasting:402 - 
=================================================================
2026-06-20 07:18:15.739 | INFO     | __main__:run_forecasting:403 -   DAILY PRICE ALERT
2026-06-20 07:18:15.739 | INFO     | __main__:run_forecasting:404 - =================================================================
2026-06-20 07:18:15.741 | INFO     | __main__:run_forecasting:406 -   AGROLINKING COMMODITY INTELLIGENCE ALERT
2026-06-20 07:18:15.742 | INFO     | __main__:run_forecasting:406 -   Saturday, 20 June 2026
2026-06-20 07:18:15.744 | INFO     | __main__:run_forecasting:406 -   ─────────────────────────────────────────────
2026-06-20 07:18:15.746 | INFO     | __main__:run_forecasting:406 -   Hibiscus               N   2,123,959/MT  -6.8%
2026-06-20 07:18:15.748 | INFO     | __main__:run_forecasting:406 -   Sesame                 N   1,654,097/MT  +2.0%
2026-06-20 07:18:15.748 | INFO     | __main__:run_forecasting:406 -   Ginger                 N  13,070,351/MT  +7.0%
2026-06-20 07:18:15.750 | INFO     | __main__:run_forecasting:406 -   Cocoa                  N   9,226,633/MT  +59.5%
2026-06-20 07:18:15.750 | INFO     | __main__:run_forecasting:406 -   Soybeans               N     861,489/MT  +14.1%
2026-06-20 07:18:15.750 | INFO     | __main__:run_forecasting:406 -   Cashew Nuts            N   2,138,245/MT  +7.2%
2026-06-20 07:18:15.752 | INFO     | __main__:run_forecasting:406 -   Sorghum                N     470,530/MT  +10.9%
2026-06-20 07:18:15.752 | INFO     | __main__:run_forecasting:406 -   Beans (white)          N     976,941/MT  +17.6%
2026-06-20 07:18:15.754 | INFO     | __main__:run_forecasting:406 -   Beans (red)            N     890,718/MT  -1.5%
2026-06-20 07:18:15.754 | INFO     | __main__:run_forecasting:406 -   Maize (white)          N     381,587/MT  +2.3%
2026-06-20 07:18:15.756 | INFO     | __main__:run_forecasting:406 -   Maize (yellow)         N     412,497/MT  +2.3%
2026-06-20 07:18:15.756 | INFO     | __main__:run_forecasting:406 -   Wheat                  N     737,280/MT  +2.7%
2026-06-20 07:18:15.756 | INFO     | __main__:run_forecasting:406 -   Rice                   N   1,647,372/MT  +4.1%
2026-06-20 07:18:15.758 | INFO     | __main__:run_forecasting:406 -   Eggs                   N       7,145/MT  +0.6%
2026-06-20 07:18:15.758 | INFO     | __main__:run_forecasting:406 -   Fish (dried)           N   2,226,047/MT  -18.9%
2026-06-20 07:18:15.760 | INFO     | __main__:run_forecasting:406 -   Meat (goat)            N   5,596,943/MT  +21.5%
2026-06-20 07:18:15.760 | INFO     | __main__:run_forecasting:406 -   Meat (beef)            N   5,311,329/MT  +23.0%
2026-06-20 07:18:15.763 | INFO     | __main__:run_forecasting:406 -   ─────────────────────────────────────────────
2026-06-20 07:18:15.763 | INFO     | __main__:run_forecasting:406 -   Source: Agrolinking Intelligence Platform
2026-06-20 07:18:15.763 | INFO     | __main__:run_forecasting:406 -   Next update: 21 Jun 2026
2026-06-20 07:18:15.765 | INFO     | __main__:run_forecasting:409 - 
======================================================================
2026-06-20 07:18:15.765 | INFO     | __main__:run_forecasting:410 -   FORECAST SUMMARY
2026-06-20 07:18:15.765 | INFO     | __main__:run_forecasting:411 - ======================================================================
2026-06-20 07:18:15.767 | INFO     | __main__:run_forecasting:413 -   Commodity                      daily        weekly       monthly      3_months      6_months
2026-06-20 07:18:15.767 | INFO     | __main__:run_forecasting:414 -   ---------------------------------------------------------------------------
2026-06-20 07:18:15.767 | INFO     | __main__:run_forecasting:420 -   Hibiscus                N 2,123,959  N 2,123,959  N 2,110,444  N 2,022,964  N 1,925,168
2026-06-20 07:18:15.769 | INFO     | __main__:run_forecasting:420 -   Sesame                  N 1,654,097  N 1,654,097  N 1,554,414  N 1,486,886  N 1,478,031
2026-06-20 07:18:15.771 | INFO     | __main__:run_forecasting:420 -   Ginger                  N13,070,351  N13,070,351  N12,808,312  N11,652,348  N11,184,414
2026-06-20 07:18:15.771 | INFO     | __main__:run_forecasting:420 -   Cocoa                   N 9,226,633  N 9,226,633  N 9,520,329  N 8,722,080  N 8,990,337
2026-06-20 07:18:15.773 | INFO     | __main__:run_forecasting:420 -   Soybeans                N   861,489  N   861,489  N   850,503  N   822,121  N   814,536
2026-06-20 07:18:15.773 | INFO     | __main__:run_forecasting:420 -   Cashew Nuts             N 2,138,245  N 2,138,245  N 2,174,539  N 2,177,056  N 2,080,376
2026-06-20 07:18:15.773 | INFO     | __main__:run_forecasting:420 -   Sorghum                 N   470,530  N   470,530  N   493,034  N   485,868  N   443,057
2026-06-20 07:18:15.775 | INFO     | __main__:run_forecasting:420 -   Beans (white)           N   976,941  N   976,941  N 1,009,290  N 1,049,136  N 1,068,976
2026-06-20 07:18:15.776 | INFO     | __main__:run_forecasting:420 -   Beans (red)             N   890,718  N   890,718  N   934,434  N   910,924  N   771,948
2026-06-20 07:18:15.777 | INFO     | __main__:run_forecasting:420 -   Maize (white)           N   381,587  N   381,587  N   377,649  N   365,953  N   370,899
2026-06-20 07:18:15.779 | INFO     | __main__:run_forecasting:420 -   Maize (yellow)          N   412,497  N   412,497  N   419,219  N   416,239  N   414,803
2026-06-20 07:18:15.781 | INFO     | __main__:run_forecasting:420 -   Wheat                   N   737,280  N   737,280  N   769,882  N   752,067  N   765,280
2026-06-20 07:18:15.783 | INFO     | __main__:run_forecasting:420 -   Rice                    N 1,647,372  N 1,647,372  N 1,682,150  N 1,707,687  N 1,725,082
2026-06-20 07:18:15.783 | INFO     | __main__:run_forecasting:420 -   Eggs                    N     7,145  N     7,145  N     7,245  N     7,407  N     7,755
2026-06-20 07:18:15.783 | INFO     | __main__:run_forecasting:420 -   Fish (dried)            N 2,226,047  N 2,226,047  N 2,305,734  N 2,410,891  N 2,398,811
2026-06-20 07:18:15.785 | INFO     | __main__:run_forecasting:420 -   Meat (goat)             N 5,596,943  N 5,596,943  N 5,703,403  N 5,941,872  N 6,193,548
2026-06-20 07:18:15.785 | INFO     | __main__:run_forecasting:420 -   Meat (beef)             N 5,311,329  N 5,311,329  N 5,674,727  N 5,679,128  N 5,848,726
2026-06-20 07:18:15.785 | INFO     | __main__:run_forecasting:421 - ======================================================================
2026-06-20 07:18:15.787 | SUCCESS  | __main__:run_forecasting:425 - FORECASTING COMPLETE — 17/17 commodities
