2026-04-17 05:53:21.864 | INFO     | __main__:run_step:29 - 
════════════════════════════════════════════════════════════
2026-04-17 05:53:21.866 | INFO     | __main__:run_step:30 -   RUNNING: Step 5 — Forecasting
2026-04-17 05:53:21.866 | INFO     | __main__:run_step:31 - ════════════════════════════════════════════════════════════
2026-04-17 05:53:21.866 | INFO     | forecast:run_forecasting:637 - ============================================================
2026-04-17 05:53:21.866 | INFO     | forecast:run_forecasting:638 - STEP 5 — FORECASTING ENGINE
2026-04-17 05:53:21.866 | INFO     | forecast:run_forecasting:639 -   Run date  : Friday, 17 April 2026
2026-04-17 05:53:21.868 | INFO     | forecast:run_forecasting:640 -   Commodities: 12
2026-04-17 05:53:21.868 | INFO     | forecast:run_forecasting:641 -   Horizons  : ['daily', 'weekly', '2_weeks', 'monthly', '3_months', '6_months']
2026-04-17 05:53:21.868 | INFO     | forecast:run_forecasting:642 - ============================================================
2026-04-17 05:53:21.868 | INFO     | forecast:run_forecasting:645 - 
[1/12] Forecasting Hibiscus...
2026-04-17 05:53:32.605 | DEBUG    | forecast:forecast_commodity:554 -   [Hibiscus] 3/3 models generated forecasts
2026-04-17 05:53:32.610 | INFO     | forecast:run_forecasting:655 -   daily        → ₦    1,581,435/MT  ↓ -28.8%  (2026-04-20)
2026-04-17 05:53:32.611 | INFO     | forecast:run_forecasting:655 -   weekly       → ₦    1,581,435/MT  ↓ -28.8%  (2026-04-20)
2026-04-17 05:53:32.611 | INFO     | forecast:run_forecasting:655 -   2_weeks      → ₦    1,511,755/MT  ↓ -32.0%  (2026-04-27)
2026-04-17 05:53:32.611 | INFO     | forecast:run_forecasting:655 -   monthly      → ₦    1,479,182/MT  ↓ -33.4%  (2026-05-11)
2026-04-17 05:53:32.611 | INFO     | forecast:run_forecasting:655 -   3_months     → ₦    1,515,271/MT  ↓ -31.8%  (2026-07-13)
2026-04-17 05:53:32.611 | INFO     | forecast:run_forecasting:655 -   6_months     → ₦    1,436,156/MT  ↓ -35.4%  (2026-10-12)
2026-04-17 05:53:32.611 | INFO     | forecast:run_forecasting:661 -   ✅ Hibiscus
2026-04-17 05:53:32.613 | INFO     | forecast:run_forecasting:645 - 
[2/12] Forecasting Sesame...
2026-04-17 05:53:33.720 | DEBUG    | forecast:forecast_commodity:554 -   [Sesame] 3/3 models generated forecasts
2026-04-17 05:53:33.725 | INFO     | forecast:run_forecasting:655 -   daily        → ₦      542,864/MT  ↓ -57.9%  (2026-04-20)
2026-04-17 05:53:33.727 | INFO     | forecast:run_forecasting:655 -   weekly       → ₦      542,864/MT  ↓ -57.9%  (2026-04-20)
2026-04-17 05:53:33.727 | INFO     | forecast:run_forecasting:655 -   2_weeks      → ₦      550,748/MT  ↓ -57.3%  (2026-04-27)
2026-04-17 05:53:33.728 | INFO     | forecast:run_forecasting:655 -   monthly      → ₦      566,328/MT  ↓ -56.1%  (2026-05-11)
2026-04-17 05:53:33.728 | INFO     | forecast:run_forecasting:655 -   3_months     → ₦      650,304/MT  ↓ -49.6%  (2026-07-13)
2026-04-17 05:53:33.728 | INFO     | forecast:run_forecasting:655 -   6_months     → ₦      803,572/MT  ↓ -37.7%  (2026-10-12)
2026-04-17 05:53:33.728 | INFO     | forecast:run_forecasting:661 -   ✅ Sesame
2026-04-17 05:53:33.728 | INFO     | forecast:run_forecasting:645 - 
[3/12] Forecasting Ginger...
2026-04-17 05:53:35.085 | DEBUG    | forecast:forecast_commodity:554 -   [Ginger] 3/3 models generated forecasts
2026-04-17 05:53:35.092 | INFO     | forecast:run_forecasting:655 -   daily        → ₦    9,195,523/MT  ↓ -9.6%  (2026-04-20)
2026-04-17 05:53:35.094 | INFO     | forecast:run_forecasting:655 -   weekly       → ₦    9,195,523/MT  ↓ -9.6%  (2026-04-20)
2026-04-17 05:53:35.094 | INFO     | forecast:run_forecasting:655 -   2_weeks      → ₦    8,945,381/MT  ↓ -12.1%  (2026-04-27)
2026-04-17 05:53:35.094 | INFO     | forecast:run_forecasting:655 -   monthly      → ₦    8,594,610/MT  ↓ -15.5%  (2026-05-11)
2026-04-17 05:53:35.094 | INFO     | forecast:run_forecasting:655 -   3_months     → ₦    7,352,554/MT  ↓ -27.7%  (2026-07-13)
2026-04-17 05:53:35.094 | INFO     | forecast:run_forecasting:655 -   6_months     → ₦    7,229,920/MT  ↓ -28.9%  (2026-10-12)
2026-04-17 05:53:35.096 | INFO     | forecast:run_forecasting:661 -   ✅ Ginger
2026-04-17 05:53:35.096 | INFO     | forecast:run_forecasting:645 - 
[4/12] Forecasting Cocoa...
2026-04-17 05:53:36.956 | DEBUG    | forecast:forecast_commodity:554 -   [Cocoa] 3/3 models generated forecasts
2026-04-17 05:53:36.965 | INFO     | forecast:run_forecasting:655 -   daily        → ₦    8,678,534/MT  ↑ +47.5%  (2026-04-20)
2026-04-17 05:53:36.965 | INFO     | forecast:run_forecasting:655 -   weekly       → ₦    8,678,534/MT  ↑ +47.5%  (2026-04-20)
2026-04-17 05:53:36.965 | INFO     | forecast:run_forecasting:655 -   2_weeks      → ₦    9,427,120/MT  ↑ +60.2%  (2026-04-27)
2026-04-17 05:53:36.967 | INFO     | forecast:run_forecasting:655 -   monthly      → ₦   10,618,384/MT  ↑ +80.5%  (2026-05-11)
2026-04-17 05:53:36.967 | INFO     | forecast:run_forecasting:655 -   3_months     → ₦    9,288,910/MT  ↑ +57.9%  (2026-07-13)
2026-04-17 05:53:36.967 | INFO     | forecast:run_forecasting:655 -   6_months     → ₦    8,517,324/MT  ↑ +44.7%  (2026-10-12)
2026-04-17 05:53:36.967 | INFO     | forecast:run_forecasting:661 -   ✅ Cocoa
2026-04-17 05:53:36.968 | INFO     | forecast:run_forecasting:645 - 
[5/12] Forecasting Soybeans...
2026-04-17 05:53:38.540 | DEBUG    | forecast:forecast_commodity:554 -   [Soybeans] 3/3 models generated forecasts
2026-04-17 05:53:38.546 | INFO     | forecast:run_forecasting:655 -   daily        → ₦      643,429/MT  ↓ -15.2%  (2026-04-20)
2026-04-17 05:53:38.546 | INFO     | forecast:run_forecasting:655 -   weekly       → ₦      643,429/MT  ↓ -15.2%  (2026-04-20)
2026-04-17 05:53:38.548 | INFO     | forecast:run_forecasting:655 -   2_weeks      → ₦      636,826/MT  ↓ -16.1%  (2026-04-27)
2026-04-17 05:53:38.548 | INFO     | forecast:run_forecasting:655 -   monthly      → ₦      636,570/MT  ↓ -16.1%  (2026-05-11)
2026-04-17 05:53:38.548 | INFO     | forecast:run_forecasting:655 -   3_months     → ₦      616,674/MT  ↓ -18.7%  (2026-07-13)
2026-04-17 05:53:38.548 | INFO     | forecast:run_forecasting:655 -   6_months     → ₦      609,112/MT  ↓ -19.7%  (2026-10-12)
2026-04-17 05:53:38.548 | INFO     | forecast:run_forecasting:661 -   ✅ Soybeans
2026-04-17 05:53:38.550 | INFO     | forecast:run_forecasting:645 - 
[6/12] Forecasting Cashew Nuts...
2026-04-17 05:53:40.107 | DEBUG    | forecast:forecast_commodity:554 -   [Cashew Nuts] 3/3 models generated forecasts
2026-04-17 05:53:40.114 | INFO     | forecast:run_forecasting:655 -   daily        → ₦    1,402,882/MT  ↓ -31.1%  (2026-04-20)
2026-04-17 05:53:40.116 | INFO     | forecast:run_forecasting:655 -   weekly       → ₦    1,402,882/MT  ↓ -31.1%  (2026-04-20)
2026-04-17 05:53:40.116 | INFO     | forecast:run_forecasting:655 -   2_weeks      → ₦    1,416,047/MT  ↓ -30.4%  (2026-04-27)
2026-04-17 05:53:40.116 | INFO     | forecast:run_forecasting:655 -   monthly      → ₦    1,440,561/MT  ↓ -29.2%  (2026-05-11)
2026-04-17 05:53:40.118 | INFO     | forecast:run_forecasting:655 -   3_months     → ₦    1,827,822/MT  ↓ -10.2%  (2026-07-13)
2026-04-17 05:53:40.118 | INFO     | forecast:run_forecasting:655 -   6_months     → ₦    5,482,743/MT  ↑ +169.3%  (2026-10-12)
2026-04-17 05:53:40.118 | INFO     | forecast:run_forecasting:661 -   ✅ Cashew Nuts
2026-04-17 05:53:40.118 | INFO     | forecast:run_forecasting:645 - 
[7/12] Forecasting Sorghum...
2026-04-17 05:53:41.881 | DEBUG    | forecast:forecast_commodity:554 -   [Sorghum] 3/3 models generated forecasts
2026-04-17 05:53:41.890 | INFO     | forecast:run_forecasting:655 -   daily        → ₦      317,118/MT  ↑ +1.1%  (2026-04-20)
2026-04-17 05:53:41.892 | INFO     | forecast:run_forecasting:655 -   weekly       → ₦      317,118/MT  ↑ +1.1%  (2026-04-20)
2026-04-17 05:53:41.892 | INFO     | forecast:run_forecasting:655 -   2_weeks      → ₦      307,112/MT  ↓ -2.0%  (2026-04-27)
2026-04-17 05:53:41.892 | INFO     | forecast:run_forecasting:655 -   monthly      → ₦      315,539/MT  ↑ +0.7%  (2026-05-11)
2026-04-17 05:53:41.894 | INFO     | forecast:run_forecasting:655 -   3_months     → ₦      335,720/MT  ↑ +7.1%  (2026-07-13)
2026-04-17 05:53:41.895 | INFO     | forecast:run_forecasting:655 -   6_months     → ₦      332,174/MT  ↑ +6.0%  (2026-10-12)
2026-04-17 05:53:41.895 | INFO     | forecast:run_forecasting:661 -   ✅ Sorghum
2026-04-17 05:53:41.895 | INFO     | forecast:run_forecasting:645 - 
[8/12] Forecasting Beans (white)...
2026-04-17 05:53:43.904 | DEBUG    | forecast:forecast_commodity:554 -   [Beans (white)] 3/3 models generated forecasts
2026-04-17 05:53:43.912 | INFO     | forecast:run_forecasting:655 -   daily        → ₦      584,379/MT  ↓ -24.9%  (2026-04-20)
2026-04-17 05:53:43.912 | INFO     | forecast:run_forecasting:655 -   weekly       → ₦      584,379/MT  ↓ -24.9%  (2026-04-20)
2026-04-17 05:53:43.914 | INFO     | forecast:run_forecasting:655 -   2_weeks      → ₦      559,151/MT  ↓ -28.2%  (2026-04-27)
2026-04-17 05:53:43.914 | INFO     | forecast:run_forecasting:655 -   monthly      → ₦      550,115/MT  ↓ -29.3%  (2026-05-11)
2026-04-17 05:53:43.914 | INFO     | forecast:run_forecasting:655 -   3_months     → ₦      491,667/MT  ↓ -36.8%  (2026-07-13)
2026-04-17 05:53:43.914 | INFO     | forecast:run_forecasting:655 -   6_months     → ₦      438,970/MT  ↓ -43.6%  (2026-10-12)
2026-04-17 05:53:43.916 | INFO     | forecast:run_forecasting:661 -   ✅ Beans (white)
2026-04-17 05:53:43.917 | INFO     | forecast:run_forecasting:645 - 
[9/12] Forecasting Beans (red)...
2026-04-17 05:53:45.388 | DEBUG    | forecast:forecast_commodity:554 -   [Beans (red)] 3/3 models generated forecasts
2026-04-17 05:53:45.396 | INFO     | forecast:run_forecasting:655 -   daily        → ₦      780,768/MT  ↓ -14.3%  (2026-04-20)
2026-04-17 05:53:45.398 | INFO     | forecast:run_forecasting:655 -   weekly       → ₦      780,768/MT  ↓ -14.3%  (2026-04-20)
2026-04-17 05:53:45.398 | INFO     | forecast:run_forecasting:655 -   2_weeks      → ₦      788,851/MT  ↓ -13.4%  (2026-04-27)
2026-04-17 05:53:45.398 | INFO     | forecast:run_forecasting:655 -   monthly      → ₦      769,653/MT  ↓ -15.6%  (2026-05-11)
2026-04-17 05:53:45.398 | INFO     | forecast:run_forecasting:655 -   3_months     → ₦      705,050/MT  ↓ -22.6%  (2026-07-13)
2026-04-17 05:53:45.400 | INFO     | forecast:run_forecasting:655 -   6_months     → ₦      633,395/MT  ↓ -30.5%  (2026-10-12)
2026-04-17 05:53:45.400 | INFO     | forecast:run_forecasting:661 -   ✅ Beans (red)
2026-04-17 05:53:45.400 | INFO     | forecast:run_forecasting:645 - 
[10/12] Forecasting Maize (white)...
2026-04-17 05:53:47.261 | DEBUG    | forecast:forecast_commodity:554 -   [Maize (white)] 3/3 models generated forecasts
2026-04-17 05:53:47.267 | INFO     | forecast:run_forecasting:655 -   daily        → ₦      151,852/MT  ↓ -29.0%  (2026-04-20)
2026-04-17 05:53:47.269 | INFO     | forecast:run_forecasting:655 -   weekly       → ₦      151,852/MT  ↓ -29.0%  (2026-04-20)
2026-04-17 05:53:47.269 | INFO     | forecast:run_forecasting:655 -   2_weeks      → ₦      152,263/MT  ↓ -28.8%  (2026-04-27)
2026-04-17 05:53:47.270 | INFO     | forecast:run_forecasting:655 -   monthly      → ₦      152,675/MT  ↓ -28.6%  (2026-05-11)
2026-04-17 05:53:47.270 | INFO     | forecast:run_forecasting:655 -   3_months     → ₦      154,616/MT  ↓ -27.7%  (2026-07-13)
2026-04-17 05:53:47.270 | INFO     | forecast:run_forecasting:655 -   6_months     → ₦      150,852/MT  ↓ -29.5%  (2026-10-12)
2026-04-17 05:53:47.271 | INFO     | forecast:run_forecasting:661 -   ✅ Maize (white)
2026-04-17 05:53:47.271 | INFO     | forecast:run_forecasting:645 - 
[11/12] Forecasting Maize (yellow)...
2026-04-17 05:53:48.945 | DEBUG    | forecast:forecast_commodity:554 -   [Maize (yellow)] 3/3 models generated forecasts
2026-04-17 05:53:48.961 | INFO     | forecast:run_forecasting:655 -   daily        → ₦      170,509/MT  ↓ -26.1%  (2026-04-20)
2026-04-17 05:53:48.961 | INFO     | forecast:run_forecasting:655 -   weekly       → ₦      170,509/MT  ↓ -26.1%  (2026-04-20)
2026-04-17 05:53:48.961 | INFO     | forecast:run_forecasting:655 -   2_weeks      → ₦      170,369/MT  ↓ -26.1%  (2026-04-27)
2026-04-17 05:53:48.963 | INFO     | forecast:run_forecasting:655 -   monthly      → ₦      170,086/MT  ↓ -26.2%  (2026-05-11)
2026-04-17 05:53:48.963 | INFO     | forecast:run_forecasting:655 -   3_months     → ₦      169,664/MT  ↓ -26.4%  (2026-07-13)
2026-04-17 05:53:48.963 | INFO     | forecast:run_forecasting:655 -   6_months     → ₦      169,428/MT  ↓ -26.5%  (2026-10-12)
2026-04-17 05:53:48.963 | INFO     | forecast:run_forecasting:661 -   ✅ Maize (yellow)
2026-04-17 05:53:48.963 | INFO     | forecast:run_forecasting:645 - 
[12/12] Forecasting Wheat...
2026-04-17 05:53:48.966 | ERROR    | forecast:run_forecasting:663 -   ❌ Wheat: [Errno 2] No such file or directory: 'c:\\Users\\USER\\Downloads\\agrolinking-intel-structure\\agrolinking-intel\\data\\processed\\features\\features_wheat.csv'
2026-04-17 05:53:49.110 | INFO     | forecast:run_forecasting:670 - 
  Forecast JSON saved → c:\Users\USER\Downloads\agrolinking-intel-structure\agrolinking-intel\outputs\forecasts\forecast_2026-04-17.json
2026-04-17 05:53:49.114 | INFO     | forecast:run_forecasting:678 -   Daily alert saved → c:\Users\USER\Downloads\agrolinking-intel-structure\agrolinking-intel\outputs\daily_alerts\alert_2026-04-17.txt
2026-04-17 05:53:49.114 | INFO     | forecast:run_forecasting:681 - 
============================================================
2026-04-17 05:53:49.114 | INFO     | forecast:run_forecasting:682 -   DAILY PRICE ALERT
2026-04-17 05:53:49.114 | INFO     | forecast:run_forecasting:683 - ============================================================
2026-04-17 05:53:49.114 | INFO     | forecast:run_forecasting:685 -   📊 AGROLINKING COMMODITY INTELLIGENCE ALERT
2026-04-17 05:53:49.114 | INFO     | forecast:run_forecasting:685 -   📅 Friday, 17 April 2026
2026-04-17 05:53:49.114 | INFO     | forecast:run_forecasting:685 -   ─────────────────────────────────────────────
2026-04-17 05:53:49.114 | INFO     | forecast:run_forecasting:685 -   ▼ Hibiscus           ₦    1,581,435/MT  -28.8%
2026-04-17 05:53:49.114 | INFO     | forecast:run_forecasting:685 -   ▼ Sesame             ₦      542,864/MT  -57.9%
2026-04-17 05:53:49.114 | INFO     | forecast:run_forecasting:685 -   ▼ Ginger             ₦    9,195,523/MT  -9.6%
2026-04-17 05:53:49.114 | INFO     | forecast:run_forecasting:685 -   ▲ Cocoa              ₦    8,678,534/MT  ++47.5%
2026-04-17 05:53:49.121 | INFO     | forecast:run_forecasting:685 -   ▼ Soybeans           ₦      643,429/MT  -15.2%
2026-04-17 05:53:49.121 | INFO     | forecast:run_forecasting:685 -   ▼ Cashew Nuts        ₦    1,402,882/MT  -31.1%
2026-04-17 05:53:49.121 | INFO     | forecast:run_forecasting:685 -   ▲ Sorghum            ₦      317,118/MT  ++1.2%
2026-04-17 05:53:49.121 | INFO     | forecast:run_forecasting:685 -   ▼ Beans (white)      ₦      584,379/MT  -24.9%
2026-04-17 05:53:49.121 | INFO     | forecast:run_forecasting:685 -   ▼ Beans (red)        ₦      780,768/MT  -14.3%
2026-04-17 05:53:49.121 | INFO     | forecast:run_forecasting:685 -   ▼ Maize (white)      ₦      151,852/MT  -29.0%
2026-04-17 05:53:49.121 | INFO     | forecast:run_forecasting:685 -   ▼ Maize (yellow)     ₦      170,509/MT  -26.1%
2026-04-17 05:53:49.121 | INFO     | forecast:run_forecasting:685 -   ─────────────────────────────────────────────
2026-04-17 05:53:49.121 | INFO     | forecast:run_forecasting:685 -   Source: Agrolinking Intelligence Platform
2026-04-17 05:53:49.121 | INFO     | forecast:run_forecasting:685 -   Next update: 18 Apr 2026
2026-04-17 05:53:49.121 | INFO     | forecast:run_forecasting:689 - 
  Note: master append handled by 06_validate.py (corrected prices).
2026-04-17 05:53:49.121 | INFO     | forecast:run_forecasting:693 - 
======================================================================
2026-04-17 05:53:49.121 | INFO     | forecast:run_forecasting:694 -   FORECAST SUMMARY — ALL COMMODITIES
2026-04-17 05:53:49.129 | INFO     | forecast:run_forecasting:695 - ======================================================================
2026-04-17 05:53:49.129 | INFO     | forecast:run_forecasting:696 -   Commodity                     Today         1 Week        1 Month       3 Months       6 Months
2026-04-17 05:53:49.129 | INFO     | forecast:run_forecasting:701 -   ----------------------------------------------------------------------------------
2026-04-17 05:53:49.129 | INFO     | forecast:run_forecasting:714 -   Hibiscus             ₦   1,581,435  ₦   1,581,435  ₦   1,479,182  ₦   1,515,271  ₦   1,436,156
2026-04-17 05:53:49.132 | INFO     | forecast:run_forecasting:714 -   Sesame               ₦     542,864  ₦     542,864  ₦     566,328  ₦     650,304  ₦     803,572
2026-04-17 05:53:49.132 | INFO     | forecast:run_forecasting:714 -   Ginger               ₦   9,195,523  ₦   9,195,523  ₦   8,594,610  ₦   7,352,554  ₦   7,229,920
2026-04-17 05:53:49.132 | INFO     | forecast:run_forecasting:714 -   Cocoa                ₦   8,678,534  ₦   8,678,534  ₦  10,618,384  ₦   9,288,910  ₦   8,517,324
2026-04-17 05:53:49.134 | INFO     | forecast:run_forecasting:714 -   Soybeans             ₦     643,429  ₦     643,429  ₦     636,570  ₦     616,674  ₦     609,112
2026-04-17 05:53:49.134 | INFO     | forecast:run_forecasting:714 -   Cashew Nuts          ₦   1,402,882  ₦   1,402,882  ₦   1,440,561  ₦   1,827,822  ₦   5,482,743
2026-04-17 05:53:49.134 | INFO     | forecast:run_forecasting:714 -   Sorghum              ₦     317,118  ₦     317,118  ₦     315,539  ₦     335,720  ₦     332,174
2026-04-17 05:53:49.136 | INFO     | forecast:run_forecasting:714 -   Beans (white)        ₦     584,379  ₦     584,379  ₦     550,115  ₦     491,667  ₦     438,970
2026-04-17 05:53:49.136 | INFO     | forecast:run_forecasting:714 -   Beans (red)          ₦     780,768  ₦     780,768  ₦     769,653  ₦     705,050  ₦     633,395
2026-04-17 05:53:49.138 | INFO     | forecast:run_forecasting:714 -   Maize (white)        ₦     151,852  ₦     151,852  ₦     152,675  ₦     154,616  ₦     150,852
2026-04-17 05:53:49.138 | INFO     | forecast:run_forecasting:714 -   Maize (yellow)       ₦     170,509  ₦     170,509  ₦     170,086  ₦     169,664  ₦     169,428
2026-04-17 05:53:49.138 | INFO     | forecast:run_forecasting:723 - ======================================================================
2026-04-17 05:53:49.139 | SUCCESS  | forecast:run_forecasting:724 - FORECASTING COMPLETE — 11/12 commodities
2026-04-17 05:53:49.139 | INFO     | forecast:run_forecasting:728 - ======================================================================
2026-04-17 05:53:49.139 | SUCCESS  | __main__:run_step:36 -   ✅ Step 5 — Forecasting completed in 27.3s
2026-04-17 13:35:06.136 | INFO     | __main__:run_step:29 - 
════════════════════════════════════════════════════════════
2026-04-17 13:35:06.140 | INFO     | __main__:run_step:30 -   RUNNING: Step 5 — Forecasting
2026-04-17 13:35:06.141 | INFO     | __main__:run_step:31 - ════════════════════════════════════════════════════════════
2026-04-17 13:35:06.142 | INFO     | forecast:run_forecasting:637 - ============================================================
2026-04-17 13:35:06.144 | INFO     | forecast:run_forecasting:638 - STEP 5 — FORECASTING ENGINE
2026-04-17 13:35:06.145 | INFO     | forecast:run_forecasting:639 -   Run date  : Friday, 17 April 2026
2026-04-17 13:35:06.146 | INFO     | forecast:run_forecasting:640 -   Commodities: 12
2026-04-17 13:35:06.147 | INFO     | forecast:run_forecasting:641 -   Horizons  : ['daily', 'weekly', '2_weeks', 'monthly', '3_months', '6_months']
2026-04-17 13:35:06.148 | INFO     | forecast:run_forecasting:642 - ============================================================
2026-04-17 13:35:06.149 | INFO     | forecast:run_forecasting:645 - 
[1/12] Forecasting Hibiscus...
2026-04-17 13:36:10.432 | DEBUG    | forecast:forecast_commodity:554 -   [Hibiscus] 3/3 models generated forecasts
2026-04-17 13:36:10.441 | INFO     | forecast:run_forecasting:655 -   daily        → ₦    1,575,815/MT  ↓ -28.6%  (2026-04-20)
2026-04-17 13:36:10.442 | INFO     | forecast:run_forecasting:655 -   weekly       → ₦    1,575,815/MT  ↓ -28.6%  (2026-04-20)
2026-04-17 13:36:10.442 | INFO     | forecast:run_forecasting:655 -   2_weeks      → ₦    1,511,818/MT  ↓ -31.5%  (2026-04-27)
2026-04-17 13:36:10.443 | INFO     | forecast:run_forecasting:655 -   monthly      → ₦    1,479,240/MT  ↓ -33.0%  (2026-05-11)
2026-04-17 13:36:10.444 | INFO     | forecast:run_forecasting:655 -   3_months     → ₦    1,515,405/MT  ↓ -31.3%  (2026-07-13)
2026-04-17 13:36:10.445 | INFO     | forecast:run_forecasting:655 -   6_months     → ₦    1,436,299/MT  ↓ -34.9%  (2026-10-12)
2026-04-17 13:36:10.446 | INFO     | forecast:run_forecasting:661 -   ✅ Hibiscus
2026-04-17 13:36:10.446 | INFO     | forecast:run_forecasting:645 - 
[2/12] Forecasting Sesame...
2026-04-17 13:36:13.617 | DEBUG    | forecast:forecast_commodity:554 -   [Sesame] 3/3 models generated forecasts
2026-04-17 13:36:13.632 | INFO     | forecast:run_forecasting:655 -   daily        → ₦      541,450/MT  ↓ -55.3%  (2026-04-20)
2026-04-17 13:36:13.746 | INFO     | forecast:run_forecasting:655 -   weekly       → ₦      541,450/MT  ↓ -55.3%  (2026-04-20)
2026-04-17 13:36:13.849 | INFO     | forecast:run_forecasting:655 -   2_weeks      → ₦      550,748/MT  ↓ -54.5%  (2026-04-27)
2026-04-17 13:36:13.917 | INFO     | forecast:run_forecasting:655 -   monthly      → ₦      566,328/MT  ↓ -53.2%  (2026-05-11)
2026-04-17 13:36:13.936 | INFO     | forecast:run_forecasting:655 -   3_months     → ₦      650,304/MT  ↓ -46.3%  (2026-07-13)
2026-04-17 13:36:13.960 | INFO     | forecast:run_forecasting:655 -   6_months     → ₦      803,572/MT  ↓ -33.6%  (2026-10-12)
2026-04-17 13:36:13.978 | INFO     | forecast:run_forecasting:661 -   ✅ Sesame
2026-04-17 13:36:13.996 | INFO     | forecast:run_forecasting:645 - 
[3/12] Forecasting Ginger...
2026-04-17 13:36:19.379 | DEBUG    | forecast:forecast_commodity:554 -   [Ginger] 3/3 models generated forecasts
2026-04-17 13:36:19.389 | INFO     | forecast:run_forecasting:655 -   daily        → ₦    9,165,034/MT  ↓ -3.9%  (2026-04-20)
2026-04-17 13:36:19.413 | INFO     | forecast:run_forecasting:655 -   weekly       → ₦    9,165,034/MT  ↓ -3.9%  (2026-04-20)
2026-04-17 13:36:19.437 | INFO     | forecast:run_forecasting:655 -   2_weeks      → ₦    8,914,424/MT  ↓ -6.5%  (2026-04-27)
2026-04-17 13:36:19.459 | INFO     | forecast:run_forecasting:655 -   monthly      → ₦    8,563,653/MT  ↓ -10.2%  (2026-05-11)
2026-04-17 13:36:19.474 | INFO     | forecast:run_forecasting:655 -   3_months     → ₦    7,322,614/MT  ↓ -23.2%  (2026-07-13)
2026-04-17 13:36:19.480 | INFO     | forecast:run_forecasting:655 -   6_months     → ₦    7,200,953/MT  ↓ -24.5%  (2026-10-12)
2026-04-17 13:36:19.486 | INFO     | forecast:run_forecasting:661 -   ✅ Ginger
2026-04-17 13:36:19.498 | INFO     | forecast:run_forecasting:645 - 
[4/12] Forecasting Cocoa...
2026-04-17 13:36:25.365 | DEBUG    | forecast:forecast_commodity:554 -   [Cocoa] 3/3 models generated forecasts
2026-04-17 13:36:25.376 | INFO     | forecast:run_forecasting:655 -   daily        → ₦    8,681,144/MT  ↑ +47.4%  (2026-04-20)
2026-04-17 13:36:25.393 | INFO     | forecast:run_forecasting:655 -   weekly       → ₦    8,681,144/MT  ↑ +47.4%  (2026-04-20)
2026-04-17 13:36:25.425 | INFO     | forecast:run_forecasting:655 -   2_weeks      → ₦    9,430,252/MT  ↑ +60.1%  (2026-04-27)
2026-04-17 13:36:25.448 | INFO     | forecast:run_forecasting:655 -   monthly      → ₦   10,618,384/MT  ↑ +80.3%  (2026-05-11)
2026-04-17 13:36:25.458 | INFO     | forecast:run_forecasting:655 -   3_months     → ₦    9,288,910/MT  ↑ +57.7%  (2026-07-13)
2026-04-17 13:36:25.476 | INFO     | forecast:run_forecasting:655 -   6_months     → ₦    8,517,324/MT  ↑ +44.6%  (2026-10-12)
2026-04-17 13:36:25.481 | INFO     | forecast:run_forecasting:661 -   ✅ Cocoa
2026-04-17 13:36:25.484 | INFO     | forecast:run_forecasting:645 - 
[5/12] Forecasting Soybeans...
2026-04-17 13:36:29.792 | DEBUG    | forecast:forecast_commodity:554 -   [Soybeans] 3/3 models generated forecasts
2026-04-17 13:36:29.802 | INFO     | forecast:run_forecasting:655 -   daily        → ₦      643,429/MT  ↓ -7.2%  (2026-04-20)
2026-04-17 13:36:29.808 | INFO     | forecast:run_forecasting:655 -   weekly       → ₦      643,429/MT  ↓ -7.2%  (2026-04-20)
2026-04-17 13:36:29.812 | INFO     | forecast:run_forecasting:655 -   2_weeks      → ₦      636,826/MT  ↓ -8.2%  (2026-04-27)
2026-04-17 13:36:29.817 | INFO     | forecast:run_forecasting:655 -   monthly      → ₦      636,570/MT  ↓ -8.2%  (2026-05-11)
2026-04-17 13:36:29.821 | INFO     | forecast:run_forecasting:655 -   3_months     → ₦      616,674/MT  ↓ -11.1%  (2026-07-13)
2026-04-17 13:36:29.825 | INFO     | forecast:run_forecasting:655 -   6_months     → ₦      609,112/MT  ↓ -12.2%  (2026-10-12)
2026-04-17 13:36:29.833 | INFO     | forecast:run_forecasting:661 -   ✅ Soybeans
2026-04-17 13:36:29.839 | INFO     | forecast:run_forecasting:645 - 
[6/12] Forecasting Cashew Nuts...
2026-04-17 13:36:32.619 | DEBUG    | forecast:forecast_commodity:554 -   [Cashew Nuts] 3/3 models generated forecasts
2026-04-17 13:36:32.628 | INFO     | forecast:run_forecasting:655 -   daily        → ₦    1,303,136/MT  ↓ -28.0%  (2026-04-20)
2026-04-17 13:36:32.630 | INFO     | forecast:run_forecasting:655 -   weekly       → ₦    1,303,136/MT  ↓ -28.0%  (2026-04-20)
2026-04-17 13:36:32.631 | INFO     | forecast:run_forecasting:655 -   2_weeks      → ₦    1,314,342/MT  ↓ -27.4%  (2026-04-27)
2026-04-17 13:36:32.632 | INFO     | forecast:run_forecasting:655 -   monthly      → ₦    1,333,844/MT  ↓ -26.3%  (2026-05-11)
2026-04-17 13:36:32.633 | INFO     | forecast:run_forecasting:655 -   3_months     → ₦    1,717,617/MT  ↓ -5.1%  (2026-07-13)
2026-04-17 13:36:32.634 | INFO     | forecast:run_forecasting:655 -   6_months     → ₦    5,371,150/MT  ↑ +196.7%  (2026-10-12)
2026-04-17 13:36:32.635 | INFO     | forecast:run_forecasting:661 -   ✅ Cashew Nuts
2026-04-17 13:36:32.642 | INFO     | forecast:run_forecasting:645 - 
[7/12] Forecasting Sorghum...
2026-04-17 13:36:35.356 | DEBUG    | forecast:forecast_commodity:554 -   [Sorghum] 3/3 models generated forecasts
2026-04-17 13:36:35.366 | INFO     | forecast:run_forecasting:655 -   daily        → ₦      318,301/MT  ↓ -0.2%  (2026-04-20)
2026-04-17 13:36:35.366 | INFO     | forecast:run_forecasting:655 -   weekly       → ₦      318,301/MT  ↓ -0.2%  (2026-04-20)
2026-04-17 13:36:35.368 | INFO     | forecast:run_forecasting:655 -   2_weeks      → ₦      307,280/MT  ↓ -3.6%  (2026-04-27)
2026-04-17 13:36:35.368 | INFO     | forecast:run_forecasting:655 -   monthly      → ₦      315,817/MT  ↓ -0.9%  (2026-05-11)
2026-04-17 13:36:35.370 | INFO     | forecast:run_forecasting:655 -   3_months     → ₦      335,834/MT  ↑ +5.3%  (2026-07-13)
2026-04-17 13:36:35.370 | INFO     | forecast:run_forecasting:655 -   6_months     → ₦      332,854/MT  ↑ +4.4%  (2026-10-12)
2026-04-17 13:36:35.370 | INFO     | forecast:run_forecasting:661 -   ✅ Sorghum
2026-04-17 13:36:35.372 | INFO     | forecast:run_forecasting:645 - 
[8/12] Forecasting Beans (white)...
2026-04-17 13:36:39.365 | DEBUG    | forecast:forecast_commodity:554 -   [Beans (white)] 3/3 models generated forecasts
2026-04-17 13:36:39.381 | INFO     | forecast:run_forecasting:655 -   daily        → ₦      587,834/MT  ↓ -25.6%  (2026-04-20)
2026-04-17 13:36:39.381 | INFO     | forecast:run_forecasting:655 -   weekly       → ₦      587,834/MT  ↓ -25.6%  (2026-04-20)
2026-04-17 13:36:39.383 | INFO     | forecast:run_forecasting:655 -   2_weeks      → ₦      559,349/MT  ↓ -29.2%  (2026-04-27)
2026-04-17 13:36:39.383 | INFO     | forecast:run_forecasting:655 -   monthly      → ₦      550,209/MT  ↓ -30.3%  (2026-05-11)
2026-04-17 13:36:39.385 | INFO     | forecast:run_forecasting:655 -   3_months     → ₦      492,413/MT  ↓ -37.6%  (2026-07-13)
2026-04-17 13:36:39.385 | INFO     | forecast:run_forecasting:655 -   6_months     → ₦      439,168/MT  ↓ -44.4%  (2026-10-12)
2026-04-17 13:36:39.385 | INFO     | forecast:run_forecasting:661 -   ✅ Beans (white)
2026-04-17 13:36:39.387 | INFO     | forecast:run_forecasting:645 - 
[9/12] Forecasting Beans (red)...
2026-04-17 13:36:42.504 | DEBUG    | forecast:forecast_commodity:554 -   [Beans (red)] 3/3 models generated forecasts
2026-04-17 13:36:42.514 | INFO     | forecast:run_forecasting:655 -   daily        → ₦      780,768/MT  ↓ -14.1%  (2026-04-20)
2026-04-17 13:36:42.514 | INFO     | forecast:run_forecasting:655 -   weekly       → ₦      780,768/MT  ↓ -14.1%  (2026-04-20)
2026-04-17 13:36:42.516 | INFO     | forecast:run_forecasting:655 -   2_weeks      → ₦      788,851/MT  ↓ -13.2%  (2026-04-27)
2026-04-17 13:36:42.516 | INFO     | forecast:run_forecasting:655 -   monthly      → ₦      769,536/MT  ↓ -15.4%  (2026-05-11)
2026-04-17 13:36:42.518 | INFO     | forecast:run_forecasting:655 -   3_months     → ₦      705,050/MT  ↓ -22.4%  (2026-07-13)
2026-04-17 13:36:42.518 | INFO     | forecast:run_forecasting:655 -   6_months     → ₦      633,395/MT  ↓ -30.3%  (2026-10-12)
2026-04-17 13:36:42.520 | INFO     | forecast:run_forecasting:661 -   ✅ Beans (red)
2026-04-17 13:36:42.525 | INFO     | forecast:run_forecasting:645 - 
[10/12] Forecasting Maize (white)...
2026-04-17 13:36:45.744 | DEBUG    | forecast:forecast_commodity:554 -   [Maize (white)] 3/3 models generated forecasts
2026-04-17 13:36:45.755 | INFO     | forecast:run_forecasting:655 -   daily        → ₦      151,852/MT  ↓ -29.0%  (2026-04-20)
2026-04-17 13:36:45.757 | INFO     | forecast:run_forecasting:655 -   weekly       → ₦      151,852/MT  ↓ -29.0%  (2026-04-20)
2026-04-17 13:36:45.758 | INFO     | forecast:run_forecasting:655 -   2_weeks      → ₦      152,263/MT  ↓ -28.8%  (2026-04-27)
2026-04-17 13:36:45.759 | INFO     | forecast:run_forecasting:655 -   monthly      → ₦      152,675/MT  ↓ -28.6%  (2026-05-11)
2026-04-17 13:36:45.759 | INFO     | forecast:run_forecasting:655 -   3_months     → ₦      154,616/MT  ↓ -27.7%  (2026-07-13)
2026-04-17 13:36:45.760 | INFO     | forecast:run_forecasting:655 -   6_months     → ₦      150,852/MT  ↓ -29.5%  (2026-10-12)
2026-04-17 13:36:45.761 | INFO     | forecast:run_forecasting:661 -   ✅ Maize (white)
2026-04-17 13:36:45.762 | INFO     | forecast:run_forecasting:645 - 
[11/12] Forecasting Maize (yellow)...
2026-04-17 13:36:48.583 | DEBUG    | forecast:forecast_commodity:554 -   [Maize (yellow)] 3/3 models generated forecasts
2026-04-17 13:36:48.593 | INFO     | forecast:run_forecasting:655 -   daily        → ₦      170,509/MT  ↓ -26.1%  (2026-04-20)
2026-04-17 13:36:48.594 | INFO     | forecast:run_forecasting:655 -   weekly       → ₦      170,509/MT  ↓ -26.1%  (2026-04-20)
2026-04-17 13:36:48.594 | INFO     | forecast:run_forecasting:655 -   2_weeks      → ₦      170,369/MT  ↓ -26.1%  (2026-04-27)
2026-04-17 13:36:48.595 | INFO     | forecast:run_forecasting:655 -   monthly      → ₦      170,086/MT  ↓ -26.2%  (2026-05-11)
2026-04-17 13:36:48.596 | INFO     | forecast:run_forecasting:655 -   3_months     → ₦      169,664/MT  ↓ -26.4%  (2026-07-13)
2026-04-17 13:36:48.597 | INFO     | forecast:run_forecasting:655 -   6_months     → ₦      169,428/MT  ↓ -26.5%  (2026-10-12)
2026-04-17 13:36:48.598 | INFO     | forecast:run_forecasting:661 -   ✅ Maize (yellow)
2026-04-17 13:36:48.599 | INFO     | forecast:run_forecasting:645 - 
[12/12] Forecasting Wheat...
2026-04-17 13:36:48.600 | ERROR    | forecast:run_forecasting:663 -   ❌ Wheat: [Errno 2] No such file or directory: 'c:\\Users\\USER\\Downloads\\agrolinking-intel-structure\\agrolinking-intel\\data\\processed\\features\\features_wheat.csv'
2026-04-17 13:36:49.109 | INFO     | forecast:run_forecasting:670 - 
  Forecast JSON saved → c:\Users\USER\Downloads\agrolinking-intel-structure\agrolinking-intel\outputs\forecasts\forecast_2026-04-17.json
2026-04-17 13:36:49.113 | INFO     | forecast:run_forecasting:678 -   Daily alert saved → c:\Users\USER\Downloads\agrolinking-intel-structure\agrolinking-intel\outputs\daily_alerts\alert_2026-04-17.txt
2026-04-17 13:36:49.114 | INFO     | forecast:run_forecasting:681 - 
============================================================
2026-04-17 13:36:49.115 | INFO     | forecast:run_forecasting:682 -   DAILY PRICE ALERT
2026-04-17 13:36:49.116 | INFO     | forecast:run_forecasting:683 - ============================================================
2026-04-17 13:36:49.117 | INFO     | forecast:run_forecasting:685 -   📊 AGROLINKING COMMODITY INTELLIGENCE ALERT
2026-04-17 13:36:49.118 | INFO     | forecast:run_forecasting:685 -   📅 Friday, 17 April 2026
2026-04-17 13:36:49.118 | INFO     | forecast:run_forecasting:685 -   ─────────────────────────────────────────────
2026-04-17 13:36:49.119 | INFO     | forecast:run_forecasting:685 -   ▼ Hibiscus           ₦    1,575,815/MT  -28.6%
2026-04-17 13:36:49.120 | INFO     | forecast:run_forecasting:685 -   ▼ Sesame             ₦      541,450/MT  -55.3%
2026-04-17 13:36:49.120 | INFO     | forecast:run_forecasting:685 -   ▼ Ginger             ₦    9,165,034/MT  -3.9%
2026-04-17 13:36:49.121 | INFO     | forecast:run_forecasting:685 -   ▲ Cocoa              ₦    8,681,144/MT  ++47.4%
2026-04-17 13:36:49.123 | INFO     | forecast:run_forecasting:685 -   ▼ Soybeans           ₦      643,429/MT  -7.2%
2026-04-17 13:36:49.124 | INFO     | forecast:run_forecasting:685 -   ▼ Cashew Nuts        ₦    1,303,136/MT  -28.0%
2026-04-17 13:36:49.125 | INFO     | forecast:run_forecasting:685 -   → Sorghum            ₦      318,301/MT  -0.2%
2026-04-17 13:36:49.126 | INFO     | forecast:run_forecasting:685 -   ▼ Beans (white)      ₦      587,834/MT  -25.5%
2026-04-17 13:36:49.127 | INFO     | forecast:run_forecasting:685 -   ▼ Beans (red)        ₦      780,768/MT  -14.1%
2026-04-17 13:36:49.128 | INFO     | forecast:run_forecasting:685 -   ▼ Maize (white)      ₦      151,852/MT  -29.0%
2026-04-17 13:36:49.129 | INFO     | forecast:run_forecasting:685 -   ▼ Maize (yellow)     ₦      170,509/MT  -26.1%
2026-04-17 13:36:49.130 | INFO     | forecast:run_forecasting:685 -   ─────────────────────────────────────────────
2026-04-17 13:36:49.130 | INFO     | forecast:run_forecasting:685 -   Source: Agrolinking Intelligence Platform
2026-04-17 13:36:49.131 | INFO     | forecast:run_forecasting:685 -   Next update: 18 Apr 2026
2026-04-17 13:36:49.132 | INFO     | forecast:run_forecasting:689 - 
  Note: master append handled by 06_validate.py (corrected prices).
2026-04-17 13:36:49.133 | INFO     | forecast:run_forecasting:693 - 
======================================================================
2026-04-17 13:36:49.134 | INFO     | forecast:run_forecasting:694 -   FORECAST SUMMARY — ALL COMMODITIES
2026-04-17 13:36:49.135 | INFO     | forecast:run_forecasting:695 - ======================================================================
2026-04-17 13:36:49.135 | INFO     | forecast:run_forecasting:696 -   Commodity                     Today         1 Week        1 Month       3 Months       6 Months
2026-04-17 13:36:49.136 | INFO     | forecast:run_forecasting:701 -   ----------------------------------------------------------------------------------
2026-04-17 13:36:49.137 | INFO     | forecast:run_forecasting:714 -   Hibiscus             ₦   1,575,815  ₦   1,575,815  ₦   1,479,240  ₦   1,515,405  ₦   1,436,299
2026-04-17 13:36:49.138 | INFO     | forecast:run_forecasting:714 -   Sesame               ₦     541,450  ₦     541,450  ₦     566,328  ₦     650,304  ₦     803,572
2026-04-17 13:36:49.140 | INFO     | forecast:run_forecasting:714 -   Ginger               ₦   9,165,034  ₦   9,165,034  ₦   8,563,653  ₦   7,322,614  ₦   7,200,953
2026-04-17 13:36:49.141 | INFO     | forecast:run_forecasting:714 -   Cocoa                ₦   8,681,144  ₦   8,681,144  ₦  10,618,384  ₦   9,288,910  ₦   8,517,324
2026-04-17 13:36:49.142 | INFO     | forecast:run_forecasting:714 -   Soybeans             ₦     643,429  ₦     643,429  ₦     636,570  ₦     616,674  ₦     609,112
2026-04-17 13:36:49.143 | INFO     | forecast:run_forecasting:714 -   Cashew Nuts          ₦   1,303,136  ₦   1,303,136  ₦   1,333,844  ₦   1,717,617  ₦   5,371,150
2026-04-17 13:36:49.144 | INFO     | forecast:run_forecasting:714 -   Sorghum              ₦     318,301  ₦     318,301  ₦     315,817  ₦     335,834  ₦     332,854
2026-04-17 13:36:49.145 | INFO     | forecast:run_forecasting:714 -   Beans (white)        ₦     587,834  ₦     587,834  ₦     550,209  ₦     492,413  ₦     439,168
2026-04-17 13:36:49.146 | INFO     | forecast:run_forecasting:714 -   Beans (red)          ₦     780,768  ₦     780,768  ₦     769,536  ₦     705,050  ₦     633,395
2026-04-17 13:36:49.148 | INFO     | forecast:run_forecasting:714 -   Maize (white)        ₦     151,852  ₦     151,852  ₦     152,675  ₦     154,616  ₦     150,852
2026-04-17 13:36:49.149 | INFO     | forecast:run_forecasting:714 -   Maize (yellow)       ₦     170,509  ₦     170,509  ₦     170,086  ₦     169,664  ₦     169,428
2026-04-17 13:36:49.149 | INFO     | forecast:run_forecasting:723 - ======================================================================
2026-04-17 13:36:49.152 | SUCCESS  | forecast:run_forecasting:724 - FORECASTING COMPLETE — 11/12 commodities
2026-04-17 13:36:49.154 | INFO     | forecast:run_forecasting:728 - ======================================================================
2026-04-17 13:36:49.156 | SUCCESS  | __main__:run_step:36 -   ✅ Step 5 — Forecasting completed in 103.0s
2026-04-17 21:46:41.640 | INFO     | __main__:run_forecasting:648 - ============================================================
2026-04-17 21:46:41.643 | INFO     | __main__:run_forecasting:649 - STEP 5 — FORECASTING ENGINE
2026-04-17 21:46:41.644 | INFO     | __main__:run_forecasting:650 -   Run date  : Friday, 17 April 2026
2026-04-17 21:46:41.645 | INFO     | __main__:run_forecasting:651 -   Commodities: 12
2026-04-17 21:46:41.645 | INFO     | __main__:run_forecasting:652 -   Horizons  : ['daily', 'weekly', '2_weeks', 'monthly', '3_months', '6_months']
2026-04-17 21:46:41.646 | INFO     | __main__:run_forecasting:653 - ============================================================
2026-04-17 21:46:41.647 | INFO     | __main__:run_forecasting:656 - 
[1/12] Forecasting Hibiscus...
2026-04-17 21:46:52.150 | DEBUG    | __main__:forecast_commodity:565 -   [Hibiscus] 3/3 models generated forecasts
2026-04-17 21:46:52.158 | INFO     | __main__:run_forecasting:666 -   daily        → ₦    2,235,712/MT  ↓ -3.8%  (2026-04-20)
2026-04-17 21:46:52.159 | INFO     | __main__:run_forecasting:666 -   weekly       → ₦    2,235,712/MT  ↓ -3.8%  (2026-04-20)
2026-04-17 21:46:52.160 | INFO     | __main__:run_forecasting:666 -   2_weeks      → ₦    2,245,386/MT  ↓ -3.4%  (2026-04-27)
2026-04-17 21:46:52.160 | INFO     | __main__:run_forecasting:666 -   monthly      → ₦    2,209,247/MT  ↓ -5.0%  (2026-05-11)
2026-04-17 21:46:52.161 | INFO     | __main__:run_forecasting:666 -   3_months     → ₦    2,120,091/MT  ↓ -8.8%  (2026-07-13)
2026-04-17 21:46:52.162 | INFO     | __main__:run_forecasting:666 -   6_months     → ₦    2,153,992/MT  ↓ -7.4%  (2026-10-12)
2026-04-17 21:46:52.162 | INFO     | __main__:run_forecasting:672 -   ✅ Hibiscus
2026-04-17 21:46:52.171 | INFO     | __main__:run_forecasting:656 - 
[2/12] Forecasting Sesame...
2026-04-17 21:46:54.008 | DEBUG    | __main__:forecast_commodity:565 -   [Sesame] 3/3 models generated forecasts
2026-04-17 21:46:54.018 | INFO     | __main__:run_forecasting:666 -   daily        → ₦    1,265,493/MT  ↑ +1.6%  (2026-04-20)
2026-04-17 21:46:54.020 | INFO     | __main__:run_forecasting:666 -   weekly       → ₦    1,265,493/MT  ↑ +1.6%  (2026-04-20)
2026-04-17 21:46:54.021 | INFO     | __main__:run_forecasting:666 -   2_weeks      → ₦    1,281,197/MT  ↑ +2.9%  (2026-04-27)
2026-04-17 21:46:54.023 | INFO     | __main__:run_forecasting:666 -   monthly      → ₦    1,276,324/MT  ↑ +2.5%  (2026-05-11)
2026-04-17 21:46:54.038 | INFO     | __main__:run_forecasting:666 -   3_months     → ₦    1,275,136/MT  ↑ +2.4%  (2026-07-13)
2026-04-17 21:46:54.077 | INFO     | __main__:run_forecasting:666 -   6_months     → ₦    1,263,939/MT  ↑ +1.5%  (2026-10-12)
2026-04-17 21:46:54.079 | INFO     | __main__:run_forecasting:672 -   ✅ Sesame
2026-04-17 21:46:54.080 | INFO     | __main__:run_forecasting:656 - 
[3/12] Forecasting Ginger...
2026-04-17 21:46:55.912 | DEBUG    | __main__:forecast_commodity:565 -   [Ginger] 3/3 models generated forecasts
2026-04-17 21:46:55.920 | INFO     | __main__:run_forecasting:666 -   daily        → ₦   11,614,377/MT  ↑ +19.7%  (2026-04-20)
2026-04-17 21:46:55.921 | INFO     | __main__:run_forecasting:666 -   weekly       → ₦   11,614,377/MT  ↑ +19.7%  (2026-04-20)
2026-04-17 21:46:55.922 | INFO     | __main__:run_forecasting:666 -   2_weeks      → ₦   11,200,315/MT  ↑ +15.5%  (2026-04-27)
2026-04-17 21:46:55.922 | INFO     | __main__:run_forecasting:666 -   monthly      → ₦   10,574,463/MT  ↑ +9.0%  (2026-05-11)
2026-04-17 21:46:55.923 | INFO     | __main__:run_forecasting:666 -   3_months     → ₦   10,056,032/MT  ↑ +3.7%  (2026-07-13)
2026-04-17 21:46:55.924 | INFO     | __main__:run_forecasting:666 -   6_months     → ₦   10,059,089/MT  ↑ +3.7%  (2026-10-12)
2026-04-17 21:46:55.924 | INFO     | __main__:run_forecasting:672 -   ✅ Ginger
2026-04-17 21:46:55.925 | INFO     | __main__:run_forecasting:656 - 
[4/12] Forecasting Cocoa...
2026-04-17 21:46:57.441 | DEBUG    | __main__:forecast_commodity:565 -   [Cocoa] 3/3 models generated forecasts
2026-04-17 21:46:57.448 | INFO     | __main__:run_forecasting:666 -   daily        → ₦    6,323,668/MT  ↑ +11.9%  (2026-04-20)
2026-04-17 21:46:57.449 | INFO     | __main__:run_forecasting:666 -   weekly       → ₦    6,323,668/MT  ↑ +11.9%  (2026-04-20)
2026-04-17 21:46:57.450 | INFO     | __main__:run_forecasting:666 -   2_weeks      → ₦    6,691,548/MT  ↑ +18.4%  (2026-04-27)
2026-04-17 21:46:57.450 | INFO     | __main__:run_forecasting:666 -   monthly      → ₦    7,007,153/MT  ↑ +24.0%  (2026-05-11)
2026-04-17 21:46:57.451 | INFO     | __main__:run_forecasting:666 -   3_months     → ₦    7,067,425/MT  ↑ +25.1%  (2026-07-13)
2026-04-17 21:46:57.451 | INFO     | __main__:run_forecasting:666 -   6_months     → ₦    6,917,416/MT  ↑ +22.4%  (2026-10-12)
2026-04-17 21:46:57.452 | INFO     | __main__:run_forecasting:672 -   ✅ Cocoa
2026-04-17 21:46:57.452 | INFO     | __main__:run_forecasting:656 - 
[5/12] Forecasting Soybeans...
2026-04-17 21:46:59.288 | DEBUG    | __main__:forecast_commodity:565 -   [Soybeans] 3/3 models generated forecasts
2026-04-17 21:46:59.299 | INFO     | __main__:run_forecasting:666 -   daily        → ₦      818,428/MT  ↑ +9.9%  (2026-04-20)
2026-04-17 21:46:59.300 | INFO     | __main__:run_forecasting:666 -   weekly       → ₦      818,428/MT  ↑ +9.9%  (2026-04-20)
2026-04-17 21:46:59.300 | INFO     | __main__:run_forecasting:666 -   2_weeks      → ₦      782,149/MT  ↑ +5.0%  (2026-04-27)
2026-04-17 21:46:59.301 | INFO     | __main__:run_forecasting:666 -   monthly      → ₦      719,089/MT  ↓ -3.5%  (2026-05-11)
2026-04-17 21:46:59.301 | INFO     | __main__:run_forecasting:666 -   3_months     → ₦      808,570/MT  ↑ +8.5%  (2026-07-13)
2026-04-17 21:46:59.302 | INFO     | __main__:run_forecasting:666 -   6_months     → ₦      757,008/MT  ↑ +1.6%  (2026-10-12)
2026-04-17 21:46:59.302 | INFO     | __main__:run_forecasting:672 -   ✅ Soybeans
2026-04-17 21:46:59.303 | INFO     | __main__:run_forecasting:656 - 
[6/12] Forecasting Cashew Nuts...
2026-04-17 21:47:00.860 | DEBUG    | __main__:forecast_commodity:565 -   [Cashew Nuts] 3/3 models generated forecasts
2026-04-17 21:47:00.870 | INFO     | __main__:run_forecasting:666 -   daily        → ₦    1,385,163/MT  ↓ -29.0%  (2026-04-20)
2026-04-17 21:47:00.871 | INFO     | __main__:run_forecasting:666 -   weekly       → ₦    1,385,163/MT  ↓ -29.0%  (2026-04-20)
2026-04-17 21:47:00.871 | INFO     | __main__:run_forecasting:666 -   2_weeks      → ₦    1,392,498/MT  ↓ -28.6%  (2026-04-27)
2026-04-17 21:47:00.872 | INFO     | __main__:run_forecasting:666 -   monthly      → ₦    1,449,881/MT  ↓ -25.6%  (2026-05-11)
2026-04-17 21:47:00.873 | INFO     | __main__:run_forecasting:666 -   3_months     → ₦    1,543,045/MT  ↓ -20.9%  (2026-07-13)
2026-04-17 21:47:00.874 | INFO     | __main__:run_forecasting:666 -   6_months     → ₦    1,770,370/MT  ↓ -9.2%  (2026-10-12)
2026-04-17 21:47:00.875 | INFO     | __main__:run_forecasting:672 -   ✅ Cashew Nuts
2026-04-17 21:47:00.876 | INFO     | __main__:run_forecasting:656 - 
[7/12] Forecasting Sorghum...
2026-04-17 21:47:02.769 | DEBUG    | __main__:forecast_commodity:565 -   [Sorghum] 3/3 models generated forecasts
2026-04-17 21:47:02.779 | INFO     | __main__:run_forecasting:666 -   daily        → ₦      316,627/MT  ↓ -5.5%  (2026-04-20)
2026-04-17 21:47:02.779 | INFO     | __main__:run_forecasting:666 -   weekly       → ₦      316,627/MT  ↓ -5.5%  (2026-04-20)
2026-04-17 21:47:02.780 | INFO     | __main__:run_forecasting:666 -   2_weeks      → ₦      296,806/MT  ↓ -11.4%  (2026-04-27)
2026-04-17 21:47:02.781 | INFO     | __main__:run_forecasting:666 -   monthly      → ₦      298,977/MT  ↓ -10.8%  (2026-05-11)
2026-04-17 21:47:02.781 | INFO     | __main__:run_forecasting:666 -   3_months     → ₦      348,561/MT  ↑ +4.0%  (2026-07-13)
2026-04-17 21:47:02.782 | INFO     | __main__:run_forecasting:666 -   6_months     → ₦      315,263/MT  ↓ -5.9%  (2026-10-12)
2026-04-17 21:47:02.783 | INFO     | __main__:run_forecasting:672 -   ✅ Sorghum
2026-04-17 21:47:02.783 | INFO     | __main__:run_forecasting:656 - 
[8/12] Forecasting Beans (white)...
2026-04-17 21:47:04.353 | DEBUG    | __main__:forecast_commodity:565 -   [Beans (white)] 3/3 models generated forecasts
2026-04-17 21:47:04.362 | INFO     | __main__:run_forecasting:666 -   daily        → ₦      524,752/MT  ↓ -35.5%  (2026-04-20)
2026-04-17 21:47:04.363 | INFO     | __main__:run_forecasting:666 -   weekly       → ₦      524,752/MT  ↓ -35.5%  (2026-04-20)
2026-04-17 21:47:04.363 | INFO     | __main__:run_forecasting:666 -   2_weeks      → ₦      510,068/MT  ↓ -37.3%  (2026-04-27)
2026-04-17 21:47:04.364 | INFO     | __main__:run_forecasting:666 -   monthly      → ₦      501,051/MT  ↓ -38.4%  (2026-05-11)
2026-04-17 21:47:04.364 | INFO     | __main__:run_forecasting:666 -   3_months     → ₦      474,377/MT  ↓ -41.7%  (2026-07-13)
2026-04-17 21:47:04.365 | INFO     | __main__:run_forecasting:666 -   6_months     → ₦      438,073/MT  ↓ -46.1%  (2026-10-12)
2026-04-17 21:47:04.365 | INFO     | __main__:run_forecasting:672 -   ✅ Beans (white)
2026-04-17 21:47:04.365 | INFO     | __main__:run_forecasting:656 - 
[9/12] Forecasting Beans (red)...
2026-04-17 21:47:05.966 | DEBUG    | __main__:forecast_commodity:565 -   [Beans (red)] 3/3 models generated forecasts
2026-04-17 21:47:05.974 | INFO     | __main__:run_forecasting:666 -   daily        → ₦      778,592/MT  ↓ -14.9%  (2026-04-20)
2026-04-17 21:47:05.975 | INFO     | __main__:run_forecasting:666 -   weekly       → ₦      778,592/MT  ↓ -14.9%  (2026-04-20)
2026-04-17 21:47:05.976 | INFO     | __main__:run_forecasting:666 -   2_weeks      → ₦      763,489/MT  ↓ -16.6%  (2026-04-27)
2026-04-17 21:47:05.976 | INFO     | __main__:run_forecasting:666 -   monthly      → ₦      773,988/MT  ↓ -15.4%  (2026-05-11)
2026-04-17 21:47:05.977 | INFO     | __main__:run_forecasting:666 -   3_months     → ₦      734,715/MT  ↓ -19.7%  (2026-07-13)
2026-04-17 21:47:05.978 | INFO     | __main__:run_forecasting:666 -   6_months     → ₦      735,681/MT  ↓ -19.6%  (2026-10-12)
2026-04-17 21:47:05.978 | INFO     | __main__:run_forecasting:672 -   ✅ Beans (red)
2026-04-17 21:47:05.979 | INFO     | __main__:run_forecasting:656 - 
[10/12] Forecasting Maize (white)...
2026-04-17 21:47:07.541 | DEBUG    | __main__:forecast_commodity:565 -   [Maize (white)] 3/3 models generated forecasts
2026-04-17 21:47:07.549 | INFO     | __main__:run_forecasting:666 -   daily        → ₦      345,482/MT  ↑ +63.7%  (2026-04-20)
2026-04-17 21:47:07.549 | INFO     | __main__:run_forecasting:666 -   weekly       → ₦      345,482/MT  ↑ +63.7%  (2026-04-20)
2026-04-17 21:47:07.550 | INFO     | __main__:run_forecasting:666 -   2_weeks      → ₦      344,499/MT  ↑ +63.3%  (2026-04-27)
2026-04-17 21:47:07.550 | INFO     | __main__:run_forecasting:666 -   monthly      → ₦      345,611/MT  ↑ +63.8%  (2026-05-11)
2026-04-17 21:47:07.551 | INFO     | __main__:run_forecasting:666 -   3_months     → ₦      354,920/MT  ↑ +68.2%  (2026-07-13)
2026-04-17 21:47:07.552 | INFO     | __main__:run_forecasting:666 -   6_months     → ₦      366,357/MT  ↑ +73.6%  (2026-10-12)
2026-04-17 21:47:07.552 | INFO     | __main__:run_forecasting:672 -   ✅ Maize (white)
2026-04-17 21:47:07.552 | INFO     | __main__:run_forecasting:656 - 
[11/12] Forecasting Maize (yellow)...
2026-04-17 21:47:09.368 | DEBUG    | __main__:forecast_commodity:565 -   [Maize (yellow)] 3/3 models generated forecasts
2026-04-17 21:47:09.378 | INFO     | __main__:run_forecasting:666 -   daily        → ₦      376,488/MT  ↑ +65.6%  (2026-04-20)
2026-04-17 21:47:09.379 | INFO     | __main__:run_forecasting:666 -   weekly       → ₦      376,488/MT  ↑ +65.6%  (2026-04-20)
2026-04-17 21:47:09.380 | INFO     | __main__:run_forecasting:666 -   2_weeks      → ₦      376,030/MT  ↑ +65.4%  (2026-04-27)
2026-04-17 21:47:09.380 | INFO     | __main__:run_forecasting:666 -   monthly      → ₦      377,974/MT  ↑ +66.2%  (2026-05-11)
2026-04-17 21:47:09.381 | INFO     | __main__:run_forecasting:666 -   3_months     → ₦      389,593/MT  ↑ +71.3%  (2026-07-13)
2026-04-17 21:47:09.381 | INFO     | __main__:run_forecasting:666 -   6_months     → ₦      400,182/MT  ↑ +76.0%  (2026-10-12)
2026-04-17 21:47:09.383 | INFO     | __main__:run_forecasting:672 -   ✅ Maize (yellow)
2026-04-17 21:47:09.383 | INFO     | __main__:run_forecasting:656 - 
[12/12] Forecasting Wheat...
2026-04-17 21:47:10.983 | DEBUG    | __main__:forecast_commodity:565 -   [Wheat] 3/3 models generated forecasts
2026-04-17 21:47:10.992 | INFO     | __main__:run_forecasting:666 -   daily        → ₦      701,968/MT  ↓ -0.7%  (2026-04-20)
2026-04-17 21:47:10.993 | INFO     | __main__:run_forecasting:666 -   weekly       → ₦      701,968/MT  ↓ -0.7%  (2026-04-20)
2026-04-17 21:47:10.994 | INFO     | __main__:run_forecasting:666 -   2_weeks      → ₦      707,022/MT  ↑ +0.0%  (2026-04-27)
2026-04-17 21:47:10.994 | INFO     | __main__:run_forecasting:666 -   monthly      → ₦      709,847/MT  ↑ +0.4%  (2026-05-11)
2026-04-17 21:47:10.995 | INFO     | __main__:run_forecasting:666 -   3_months     → ₦      696,830/MT  ↓ -1.4%  (2026-07-13)
2026-04-17 21:47:10.996 | INFO     | __main__:run_forecasting:666 -   6_months     → ₦      695,699/MT  ↓ -1.6%  (2026-10-12)
2026-04-17 21:47:10.997 | INFO     | __main__:run_forecasting:672 -   ✅ Wheat
2026-04-17 21:47:11.156 | INFO     | __main__:run_forecasting:681 - 
  Forecast JSON saved → c:\Users\USER\Downloads\agrolinking-intel-structure\agrolinking-intel\outputs\forecasts\forecast_2026-04-17.json
2026-04-17 21:47:11.160 | INFO     | __main__:run_forecasting:689 -   Daily alert saved → c:\Users\USER\Downloads\agrolinking-intel-structure\agrolinking-intel\outputs\daily_alerts\alert_2026-04-17.txt
2026-04-17 21:47:11.160 | INFO     | __main__:run_forecasting:692 - 
============================================================
2026-04-17 21:47:11.161 | INFO     | __main__:run_forecasting:693 -   DAILY PRICE ALERT
2026-04-17 21:47:11.161 | INFO     | __main__:run_forecasting:694 - ============================================================
2026-04-17 21:47:11.162 | INFO     | __main__:run_forecasting:696 -   📊 AGROLINKING COMMODITY INTELLIGENCE ALERT
2026-04-17 21:47:11.163 | INFO     | __main__:run_forecasting:696 -   📅 Friday, 17 April 2026
2026-04-17 21:47:11.163 | INFO     | __main__:run_forecasting:696 -   ─────────────────────────────────────────────
2026-04-17 21:47:11.164 | INFO     | __main__:run_forecasting:696 -   ▼ Hibiscus           ₦    2,235,712/MT  -3.8%
2026-04-17 21:47:11.164 | INFO     | __main__:run_forecasting:696 -   ▲ Sesame             ₦    1,265,493/MT  ++1.6%
2026-04-17 21:47:11.165 | INFO     | __main__:run_forecasting:696 -   ▲ Ginger             ₦   11,614,377/MT  ++19.7%
2026-04-17 21:47:11.165 | INFO     | __main__:run_forecasting:696 -   ▲ Cocoa              ₦    6,323,668/MT  ++11.9%
2026-04-17 21:47:11.166 | INFO     | __main__:run_forecasting:696 -   ▲ Soybeans           ₦      818,428/MT  ++9.9%
2026-04-17 21:47:11.166 | INFO     | __main__:run_forecasting:696 -   ▼ Cashew Nuts        ₦    1,385,163/MT  -29.0%
2026-04-17 21:47:11.167 | INFO     | __main__:run_forecasting:696 -   ▼ Sorghum            ₦      316,627/MT  -5.5%
2026-04-17 21:47:11.167 | INFO     | __main__:run_forecasting:696 -   ▼ Beans (white)      ₦      524,752/MT  -35.5%
2026-04-17 21:47:11.168 | INFO     | __main__:run_forecasting:696 -   ▼ Beans (red)        ₦      778,592/MT  -14.9%
2026-04-17 21:47:11.168 | INFO     | __main__:run_forecasting:696 -   ▲ Maize (white)      ₦      345,482/MT  ++63.7%
2026-04-17 21:47:11.169 | INFO     | __main__:run_forecasting:696 -   ▲ Maize (yellow)     ₦      376,488/MT  ++65.6%
2026-04-17 21:47:11.169 | INFO     | __main__:run_forecasting:696 -   ▼ Wheat              ₦      701,968/MT  -0.7%
2026-04-17 21:47:11.170 | INFO     | __main__:run_forecasting:696 -   ─────────────────────────────────────────────
2026-04-17 21:47:11.171 | INFO     | __main__:run_forecasting:696 -   Source: Agrolinking Intelligence Platform
2026-04-17 21:47:11.171 | INFO     | __main__:run_forecasting:696 -   Next update: 18 Apr 2026
2026-04-17 21:47:11.172 | INFO     | __main__:run_forecasting:700 - 
  Note: master append handled by 06_validate.py (corrected prices).
2026-04-17 21:47:11.173 | INFO     | __main__:run_forecasting:704 - 
======================================================================
2026-04-17 21:47:11.174 | INFO     | __main__:run_forecasting:705 -   FORECAST SUMMARY — ALL COMMODITIES
2026-04-17 21:47:11.175 | INFO     | __main__:run_forecasting:706 - ======================================================================
2026-04-17 21:47:11.176 | INFO     | __main__:run_forecasting:707 -   Commodity                     Today         1 Week        1 Month       3 Months       6 Months
2026-04-17 21:47:11.176 | INFO     | __main__:run_forecasting:712 -   ----------------------------------------------------------------------------------
2026-04-17 21:47:11.177 | INFO     | __main__:run_forecasting:725 -   Hibiscus             ₦   2,235,712  ₦   2,235,712  ₦   2,209,247  ₦   2,120,091  ₦   2,153,992
2026-04-17 21:47:11.178 | INFO     | __main__:run_forecasting:725 -   Sesame               ₦   1,265,493  ₦   1,265,493  ₦   1,276,324  ₦   1,275,136  ₦   1,263,939
2026-04-17 21:47:11.178 | INFO     | __main__:run_forecasting:725 -   Ginger               ₦  11,614,377  ₦  11,614,377  ₦  10,574,463  ₦  10,056,032  ₦  10,059,089
2026-04-17 21:47:11.179 | INFO     | __main__:run_forecasting:725 -   Cocoa                ₦   6,323,668  ₦   6,323,668  ₦   7,007,153  ₦   7,067,425  ₦   6,917,416
2026-04-17 21:47:11.181 | INFO     | __main__:run_forecasting:725 -   Soybeans             ₦     818,428  ₦     818,428  ₦     719,089  ₦     808,570  ₦     757,008
2026-04-17 21:47:11.181 | INFO     | __main__:run_forecasting:725 -   Cashew Nuts          ₦   1,385,163  ₦   1,385,163  ₦   1,449,881  ₦   1,543,045  ₦   1,770,370
2026-04-17 21:47:11.182 | INFO     | __main__:run_forecasting:725 -   Sorghum              ₦     316,627  ₦     316,627  ₦     298,977  ₦     348,561  ₦     315,263
2026-04-17 21:47:11.183 | INFO     | __main__:run_forecasting:725 -   Beans (white)        ₦     524,752  ₦     524,752  ₦     501,051  ₦     474,377  ₦     438,073
2026-04-17 21:47:11.183 | INFO     | __main__:run_forecasting:725 -   Beans (red)          ₦     778,592  ₦     778,592  ₦     773,988  ₦     734,715  ₦     735,681
2026-04-17 21:47:11.184 | INFO     | __main__:run_forecasting:725 -   Maize (white)        ₦     345,482  ₦     345,482  ₦     345,611  ₦     354,920  ₦     366,357
2026-04-17 21:47:11.184 | INFO     | __main__:run_forecasting:725 -   Maize (yellow)       ₦     376,488  ₦     376,488  ₦     377,974  ₦     389,593  ₦     400,182
2026-04-17 21:47:11.185 | INFO     | __main__:run_forecasting:725 -   Wheat                ₦     701,968  ₦     701,968  ₦     709,847  ₦     696,830  ₦     695,699
2026-04-17 21:47:11.186 | INFO     | __main__:run_forecasting:734 - ======================================================================
2026-04-17 21:47:11.186 | SUCCESS  | __main__:run_forecasting:735 - FORECASTING COMPLETE — 12/12 commodities
2026-04-17 21:47:11.188 | INFO     | __main__:run_forecasting:739 - ======================================================================
