2026-09-27 10:31:53.892 | INFO     | __main__:run_forecasting:752 - ============================================================
2026-09-27 10:31:53.893 | INFO     | __main__:run_forecasting:753 - STEP 5 — FORECASTING ENGINE
2026-09-27 10:31:53.893 | INFO     | __main__:run_forecasting:754 -   Run date  : Sunday, 27 September 2026
2026-09-27 10:31:53.893 | INFO     | __main__:run_forecasting:755 -   Commodities: 17
2026-09-27 10:31:53.893 | INFO     | __main__:run_forecasting:756 -   Horizons  : ['daily', 'weekly', '2_weeks', 'monthly', '3_months', '6_months']
2026-09-27 10:31:53.893 | INFO     | __main__:run_forecasting:757 - ============================================================
2026-09-27 10:31:53.893 | INFO     | __main__:run_forecasting:760 - 
[1/17] Forecasting Hibiscus...
2026-09-27 10:31:55.513 | DEBUG    | __main__:forecast_commodity:618 -   [Hibiscus] 3/3 models generated forecasts
2026-09-27 10:31:55.524 | INFO     | __main__:run_forecasting:770 -   daily        → ₦    2,208,962/MT  ↓ -1.0%  (2026-09-22)
2026-09-27 10:31:55.524 | INFO     | __main__:run_forecasting:770 -   weekly       → ₦    2,071,643/MT  ↓ -7.2%  (2026-09-28)
2026-09-27 10:31:55.524 | INFO     | __main__:run_forecasting:770 -   2_weeks      → ₦    2,033,049/MT  ↓ -8.9%  (2026-10-05)
2026-09-27 10:31:55.525 | INFO     | __main__:run_forecasting:770 -   monthly      → ₦    1,973,078/MT  ↓ -11.6%  (2026-10-21)
2026-09-27 10:31:55.525 | INFO     | __main__:run_forecasting:770 -   3_months     → ₦    2,027,705/MT  ↓ -9.2%  (2026-12-20)
2026-09-27 10:31:55.525 | INFO     | __main__:run_forecasting:770 -   6_months     → ₦    2,004,889/MT  ↓ -10.2%  (2027-03-20)
2026-09-27 10:31:55.525 | INFO     | __main__:run_forecasting:776 -   ✅ Hibiscus
2026-09-27 10:31:55.525 | INFO     | __main__:run_forecasting:760 - 
[2/17] Forecasting Sesame...
2026-09-27 10:31:55.970 | DEBUG    | __main__:forecast_commodity:618 -   [Sesame] 3/3 models generated forecasts
2026-09-27 10:31:55.981 | INFO     | __main__:run_forecasting:770 -   daily        → ₦    1,488,364/MT  ↓ -1.4%  (2026-09-22)
2026-09-27 10:31:55.981 | INFO     | __main__:run_forecasting:770 -   weekly       → ₦    1,362,948/MT  ↓ -9.7%  (2026-09-28)
2026-09-27 10:31:55.981 | INFO     | __main__:run_forecasting:770 -   2_weeks      → ₦    1,284,679/MT  ↓ -14.9%  (2026-10-05)
2026-09-27 10:31:55.981 | INFO     | __main__:run_forecasting:770 -   monthly      → ₦    1,268,335/MT  ↓ -16.0%  (2026-10-21)
2026-09-27 10:31:55.981 | INFO     | __main__:run_forecasting:770 -   3_months     → ₦    1,478,519/MT  ↓ -2.0%  (2026-12-20)
2026-09-27 10:31:55.981 | INFO     | __main__:run_forecasting:770 -   6_months     → ₦    1,409,021/MT  ↓ -6.6%  (2027-03-20)
2026-09-27 10:31:55.981 | INFO     | __main__:run_forecasting:776 -   ✅ Sesame
2026-09-27 10:31:55.981 | INFO     | __main__:run_forecasting:760 - 
[3/17] Forecasting Ginger...
2026-09-27 10:31:56.363 | DEBUG    | __main__:forecast_commodity:618 -   [Ginger] 3/3 models generated forecasts
2026-09-27 10:31:56.374 | INFO     | __main__:run_forecasting:770 -   daily        → ₦   11,940,477/MT  ↑ +0.0%  (2026-09-22)
2026-09-27 10:31:56.374 | INFO     | __main__:run_forecasting:770 -   weekly       → ₦   11,968,403/MT  ↑ +0.3%  (2026-09-28)
2026-09-27 10:31:56.374 | INFO     | __main__:run_forecasting:770 -   2_weeks      → ₦   11,930,319/MT  ↓ -0.1%  (2026-10-05)
2026-09-27 10:31:56.374 | INFO     | __main__:run_forecasting:770 -   monthly      → ₦   11,864,496/MT  ↓ -0.6%  (2026-10-21)
2026-09-27 10:31:56.374 | INFO     | __main__:run_forecasting:770 -   3_months     → ₦   11,595,104/MT  ↓ -2.9%  (2026-12-20)
2026-09-27 10:31:56.374 | INFO     | __main__:run_forecasting:770 -   6_months     → ₦   11,444,066/MT  ↓ -4.1%  (2027-03-20)
2026-09-27 10:31:56.374 | INFO     | __main__:run_forecasting:776 -   ✅ Ginger
2026-09-27 10:31:56.375 | INFO     | __main__:run_forecasting:760 - 
[4/17] Forecasting Cocoa...
2026-09-27 10:31:56.762 | DEBUG    | __main__:forecast_commodity:618 -   [Cocoa] 3/3 models generated forecasts
2026-09-27 10:31:56.773 | INFO     | __main__:run_forecasting:770 -   daily        → ₦    4,875,252/MT  ↑ +1.6%  (2026-09-22)
2026-09-27 10:31:56.773 | INFO     | __main__:run_forecasting:770 -   weekly       → ₦    5,326,765/MT  ↑ +11.0%  (2026-09-28)
2026-09-27 10:31:56.773 | INFO     | __main__:run_forecasting:770 -   2_weeks      → ₦    5,537,003/MT  ↑ +15.3%  (2026-10-05)
2026-09-27 10:31:56.773 | INFO     | __main__:run_forecasting:770 -   monthly      → ₦    5,636,638/MT  ↑ +17.4%  (2026-10-21)
2026-09-27 10:31:56.773 | INFO     | __main__:run_forecasting:770 -   3_months     → ₦    5,134,340/MT  ↑ +7.0%  (2026-12-20)
2026-09-27 10:31:56.773 | INFO     | __main__:run_forecasting:770 -   6_months     → ₦    4,769,267/MT  ↓ -0.6%  (2027-03-20)
2026-09-27 10:31:56.773 | INFO     | __main__:run_forecasting:776 -   ✅ Cocoa
2026-09-27 10:31:56.773 | INFO     | __main__:run_forecasting:760 - 
[5/17] Forecasting Soybeans...
2026-09-27 10:31:57.173 | DEBUG    | __main__:forecast_commodity:618 -   [Soybeans] 3/3 models generated forecasts
2026-09-27 10:31:57.184 | INFO     | __main__:run_forecasting:770 -   daily        → ₦      796,550/MT  ↓ -2.9%  (2026-09-22)
2026-09-27 10:31:57.184 | INFO     | __main__:run_forecasting:770 -   weekly       → ₦      655,849/MT  ↓ -20.0%  (2026-09-28)
2026-09-27 10:31:57.184 | INFO     | __main__:run_forecasting:770 -   2_weeks      → ₦      632,169/MT  ↓ -22.9%  (2026-10-05)
2026-09-27 10:31:57.184 | INFO     | __main__:run_forecasting:770 -   monthly      → ₦      584,844/MT  ↓ -28.7%  (2026-10-21)
2026-09-27 10:31:57.184 | INFO     | __main__:run_forecasting:770 -   3_months     → ₦      568,579/MT  ↓ -30.7%  (2026-12-20)
2026-09-27 10:31:57.184 | INFO     | __main__:run_forecasting:770 -   6_months     → ₦      555,247/MT  ↓ -32.3%  (2027-03-20)
2026-09-27 10:31:57.184 | INFO     | __main__:run_forecasting:776 -   ✅ Soybeans
2026-09-27 10:31:57.184 | INFO     | __main__:run_forecasting:760 - 
[6/17] Forecasting Cashew Nuts...
2026-09-27 10:31:57.560 | DEBUG    | __main__:forecast_commodity:618 -   [Cashew Nuts] 3/3 models generated forecasts
2026-09-27 10:31:57.570 | INFO     | __main__:run_forecasting:770 -   daily        → ₦    1,681,845/MT  ↓ -2.0%  (2026-09-22)
2026-09-27 10:31:57.571 | INFO     | __main__:run_forecasting:770 -   weekly       → ₦    1,478,071/MT  ↓ -13.9%  (2026-09-28)
2026-09-27 10:31:57.571 | INFO     | __main__:run_forecasting:770 -   2_weeks      → ₦    1,505,408/MT  ↓ -12.3%  (2026-10-05)
2026-09-27 10:31:57.571 | INFO     | __main__:run_forecasting:770 -   monthly      → ₦    1,522,116/MT  ↓ -11.3%  (2026-10-21)
2026-09-27 10:31:57.571 | INFO     | __main__:run_forecasting:770 -   3_months     → ₦    1,544,573/MT  ↓ -10.0%  (2026-12-20)
2026-09-27 10:31:57.571 | INFO     | __main__:run_forecasting:770 -   6_months     → ₦    1,557,056/MT  ↓ -9.2%  (2027-03-20)
2026-09-27 10:31:57.571 | INFO     | __main__:run_forecasting:776 -   ✅ Cashew Nuts
2026-09-27 10:31:57.571 | INFO     | __main__:run_forecasting:760 - 
[7/17] Forecasting Sorghum...
2026-09-27 10:31:57.963 | DEBUG    | __main__:forecast_commodity:618 -   [Sorghum] 3/3 models generated forecasts
2026-09-27 10:31:57.974 | INFO     | __main__:run_forecasting:770 -   daily        → ₦      373,298/MT  ↓ -4.4%  (2026-09-22)
2026-09-27 10:31:57.974 | INFO     | __main__:run_forecasting:770 -   weekly       → ₦      269,869/MT  ↓ -30.9%  (2026-09-28)
2026-09-27 10:31:57.974 | INFO     | __main__:run_forecasting:770 -   2_weeks      → ₦      258,925/MT  ↓ -33.7%  (2026-10-05)
2026-09-27 10:31:57.975 | INFO     | __main__:run_forecasting:770 -   monthly      → ₦      247,608/MT  ↓ -36.6%  (2026-10-21)
2026-09-27 10:31:57.975 | INFO     | __main__:run_forecasting:770 -   3_months     → ₦      223,265/MT  ↓ -42.8%  (2026-12-20)
2026-09-27 10:31:57.975 | INFO     | __main__:run_forecasting:770 -   6_months     → ₦      199,104/MT  ↓ -49.0%  (2027-03-20)
2026-09-27 10:31:57.975 | INFO     | __main__:run_forecasting:776 -   ✅ Sorghum
2026-09-27 10:31:57.975 | INFO     | __main__:run_forecasting:760 - 
[8/17] Forecasting Beans (white)...
2026-09-27 10:31:58.403 | DEBUG    | __main__:forecast_commodity:618 -   [Beans (white)] 3/3 models generated forecasts
2026-09-27 10:31:58.414 | INFO     | __main__:run_forecasting:770 -   daily        → ₦      562,647/MT  ↓ -4.6%  (2026-09-22)
2026-09-27 10:31:58.414 | INFO     | __main__:run_forecasting:770 -   weekly       → ₦      400,096/MT  ↓ -32.2%  (2026-09-28)
2026-09-27 10:31:58.414 | INFO     | __main__:run_forecasting:770 -   2_weeks      → ₦      399,091/MT  ↓ -32.3%  (2026-10-05)
2026-09-27 10:31:58.414 | INFO     | __main__:run_forecasting:770 -   monthly      → ₦      396,846/MT  ↓ -32.7%  (2026-10-21)
2026-09-27 10:31:58.414 | INFO     | __main__:run_forecasting:770 -   3_months     → ₦      407,659/MT  ↓ -30.9%  (2026-12-20)
2026-09-27 10:31:58.415 | INFO     | __main__:run_forecasting:770 -   6_months     → ₦      408,847/MT  ↓ -30.7%  (2027-03-20)
2026-09-27 10:31:58.415 | INFO     | __main__:run_forecasting:776 -   ✅ Beans (white)
2026-09-27 10:31:58.415 | INFO     | __main__:run_forecasting:760 - 
[9/17] Forecasting Beans (red)...
2026-09-27 10:31:58.832 | DEBUG    | __main__:forecast_commodity:618 -   [Beans (red)] 3/3 models generated forecasts
2026-09-27 10:31:58.843 | INFO     | __main__:run_forecasting:770 -   daily        → ₦      681,629/MT  ↓ -3.8%  (2026-09-22)
2026-09-27 10:31:58.843 | INFO     | __main__:run_forecasting:770 -   weekly       → ₦      522,254/MT  ↓ -26.3%  (2026-09-28)
2026-09-27 10:31:58.843 | INFO     | __main__:run_forecasting:770 -   2_weeks      → ₦      548,022/MT  ↓ -22.6%  (2026-10-05)
2026-09-27 10:31:58.843 | INFO     | __main__:run_forecasting:770 -   monthly      → ₦      621,436/MT  ↓ -12.2%  (2026-10-21)
2026-09-27 10:31:58.843 | INFO     | __main__:run_forecasting:770 -   3_months     → ₦      718,011/MT  ↑ +1.4%  (2026-12-20)
2026-09-27 10:31:58.843 | INFO     | __main__:run_forecasting:770 -   6_months     → ₦      713,433/MT  ↑ +0.7%  (2027-03-20)
2026-09-27 10:31:58.843 | INFO     | __main__:run_forecasting:776 -   ✅ Beans (red)
2026-09-27 10:31:58.843 | INFO     | __main__:run_forecasting:760 - 
[10/17] Forecasting Maize (white)...
2026-09-27 10:31:59.238 | DEBUG    | __main__:forecast_commodity:618 -   [Maize (white)] 3/3 models generated forecasts
2026-09-27 10:31:59.249 | INFO     | __main__:run_forecasting:770 -   daily        → ₦      359,834/MT  ↓ -2.0%  (2026-09-22)
2026-09-27 10:31:59.249 | INFO     | __main__:run_forecasting:770 -   weekly       → ₦      314,661/MT  ↓ -14.3%  (2026-09-28)
2026-09-27 10:31:59.249 | INFO     | __main__:run_forecasting:770 -   2_weeks      → ₦      315,679/MT  ↓ -14.1%  (2026-10-05)
2026-09-27 10:31:59.249 | INFO     | __main__:run_forecasting:770 -   monthly      → ₦      317,751/MT  ↓ -13.5%  (2026-10-21)
2026-09-27 10:31:59.249 | INFO     | __main__:run_forecasting:770 -   3_months     → ₦      331,697/MT  ↓ -9.7%  (2026-12-20)
2026-09-27 10:31:59.250 | INFO     | __main__:run_forecasting:770 -   6_months     → ₦      338,958/MT  ↓ -7.7%  (2027-03-20)
2026-09-27 10:31:59.250 | INFO     | __main__:run_forecasting:776 -   ✅ Maize (white)
2026-09-27 10:31:59.250 | INFO     | __main__:run_forecasting:760 - 
[11/17] Forecasting Maize (yellow)...
2026-09-27 10:31:59.704 | DEBUG    | __main__:forecast_commodity:618 -   [Maize (yellow)] 3/3 models generated forecasts
2026-09-27 10:31:59.715 | INFO     | __main__:run_forecasting:770 -   daily        → ₦      389,311/MT  ↓ -2.0%  (2026-09-22)
2026-09-27 10:31:59.715 | INFO     | __main__:run_forecasting:770 -   weekly       → ₦      341,710/MT  ↓ -14.0%  (2026-09-28)
2026-09-27 10:31:59.716 | INFO     | __main__:run_forecasting:770 -   2_weeks      → ₦      344,483/MT  ↓ -13.3%  (2026-10-05)
2026-09-27 10:31:59.716 | INFO     | __main__:run_forecasting:770 -   monthly      → ₦      350,809/MT  ↓ -11.7%  (2026-10-21)
2026-09-27 10:31:59.716 | INFO     | __main__:run_forecasting:770 -   3_months     → ₦      363,722/MT  ↓ -8.4%  (2026-12-20)
2026-09-27 10:31:59.716 | INFO     | __main__:run_forecasting:770 -   6_months     → ₦      370,461/MT  ↓ -6.7%  (2027-03-20)
2026-09-27 10:31:59.716 | INFO     | __main__:run_forecasting:776 -   ✅ Maize (yellow)
2026-09-27 10:31:59.716 | INFO     | __main__:run_forecasting:760 - 
[12/17] Forecasting Wheat...
2026-09-27 10:32:00.104 | DEBUG    | __main__:forecast_commodity:618 -   [Wheat] 3/3 models generated forecasts
2026-09-27 10:32:00.115 | INFO     | __main__:run_forecasting:770 -   daily        → ₦      688,336/MT  ↓ -1.7%  (2026-09-22)
2026-09-27 10:32:00.115 | INFO     | __main__:run_forecasting:770 -   weekly       → ₦      615,062/MT  ↓ -12.2%  (2026-09-28)
2026-09-27 10:32:00.115 | INFO     | __main__:run_forecasting:770 -   2_weeks      → ₦      609,088/MT  ↓ -13.1%  (2026-10-05)
2026-09-27 10:32:00.115 | INFO     | __main__:run_forecasting:770 -   monthly      → ₦      605,921/MT  ↓ -13.5%  (2026-10-21)
2026-09-27 10:32:00.115 | INFO     | __main__:run_forecasting:770 -   3_months     → ₦      615,618/MT  ↓ -12.1%  (2026-12-20)
2026-09-27 10:32:00.115 | INFO     | __main__:run_forecasting:770 -   6_months     → ₦      624,005/MT  ↓ -10.9%  (2027-03-20)
2026-09-27 10:32:00.115 | INFO     | __main__:run_forecasting:776 -   ✅ Wheat
2026-09-27 10:32:00.115 | INFO     | __main__:run_forecasting:760 - 
[13/17] Forecasting Rice...
2026-09-27 10:32:00.510 | DEBUG    | __main__:forecast_commodity:618 -   [Rice] 3/3 models generated forecasts
2026-09-27 10:32:00.521 | INFO     | __main__:run_forecasting:770 -   daily        → ₦    1,454,640/MT  ↓ -1.7%  (2026-09-22)
2026-09-27 10:32:00.521 | INFO     | __main__:run_forecasting:770 -   weekly       → ₦    1,304,758/MT  ↓ -11.8%  (2026-09-28)
2026-09-27 10:32:00.521 | INFO     | __main__:run_forecasting:770 -   2_weeks      → ₦    1,285,289/MT  ↓ -13.1%  (2026-10-05)
2026-09-27 10:32:00.521 | INFO     | __main__:run_forecasting:770 -   monthly      → ₦    1,268,107/MT  ↓ -14.3%  (2026-10-21)
2026-09-27 10:32:00.521 | INFO     | __main__:run_forecasting:770 -   3_months     → ₦    1,353,321/MT  ↓ -8.5%  (2026-12-20)
2026-09-27 10:32:00.521 | INFO     | __main__:run_forecasting:770 -   6_months     → ₦    1,490,913/MT  ↑ +0.8%  (2027-03-20)
2026-09-27 10:32:00.521 | INFO     | __main__:run_forecasting:776 -   ✅ Rice
2026-09-27 10:32:00.521 | INFO     | __main__:run_forecasting:760 - 
[14/17] Forecasting Meat (beef)...
2026-09-27 10:32:00.908 | DEBUG    | __main__:forecast_commodity:618 -   [Meat (beef)] 3/3 models generated forecasts
2026-09-27 10:32:00.919 | INFO     | __main__:run_forecasting:770 -   daily        → ₦    6,642,706/MT  ↑ +1.1%  (2026-09-22)
2026-09-27 10:32:00.919 | INFO     | __main__:run_forecasting:770 -   weekly       → ₦    7,074,131/MT  ↑ +7.7%  (2026-09-28)
2026-09-27 10:32:00.919 | INFO     | __main__:run_forecasting:770 -   2_weeks      → ₦    6,917,149/MT  ↑ +5.3%  (2026-10-05)
2026-09-27 10:32:00.919 | INFO     | __main__:run_forecasting:770 -   monthly      → ₦    6,953,724/MT  ↑ +5.8%  (2026-10-21)
2026-09-27 10:32:00.919 | INFO     | __main__:run_forecasting:770 -   3_months     → ₦    7,273,203/MT  ↑ +10.7%  (2026-12-20)
2026-09-27 10:32:00.919 | INFO     | __main__:run_forecasting:770 -   6_months     → ₦    7,431,636/MT  ↑ +13.1%  (2027-03-20)
2026-09-27 10:32:00.920 | INFO     | __main__:run_forecasting:776 -   ✅ Meat (beef)
2026-09-27 10:32:00.920 | INFO     | __main__:run_forecasting:760 - 
[15/17] Forecasting Meat (goat)...
2026-09-27 10:32:01.303 | DEBUG    | __main__:forecast_commodity:618 -   [Meat (goat)] 3/3 models generated forecasts
2026-09-27 10:32:01.314 | INFO     | __main__:run_forecasting:770 -   daily        → ₦    6,544,256/MT  ↑ +0.3%  (2026-09-22)
2026-09-27 10:32:01.314 | INFO     | __main__:run_forecasting:770 -   weekly       → ₦    6,674,416/MT  ↑ +2.3%  (2026-09-28)
2026-09-27 10:32:01.315 | INFO     | __main__:run_forecasting:770 -   2_weeks      → ₦    6,634,367/MT  ↑ +1.7%  (2026-10-05)
2026-09-27 10:32:01.315 | INFO     | __main__:run_forecasting:770 -   monthly      → ₦    6,642,274/MT  ↑ +1.8%  (2026-10-21)
2026-09-27 10:32:01.315 | INFO     | __main__:run_forecasting:770 -   3_months     → ₦    6,831,298/MT  ↑ +4.7%  (2026-12-20)
2026-09-27 10:32:01.315 | INFO     | __main__:run_forecasting:770 -   6_months     → ₦    6,835,951/MT  ↑ +4.8%  (2027-03-20)
2026-09-27 10:32:01.315 | INFO     | __main__:run_forecasting:776 -   ✅ Meat (goat)
2026-09-27 10:32:01.315 | INFO     | __main__:run_forecasting:760 - 
[16/17] Forecasting Fish (dried)...
2026-09-27 10:32:01.738 | DEBUG    | __main__:forecast_commodity:618 -   [Fish (dried)] 3/3 models generated forecasts
2026-09-27 10:32:01.749 | INFO     | __main__:run_forecasting:770 -   daily        → ₦    1,147,833/MT  ↓ -3.3%  (2026-09-22)
2026-09-27 10:32:01.749 | INFO     | __main__:run_forecasting:770 -   weekly       → ₦      910,344/MT  ↓ -23.3%  (2026-09-28)
2026-09-27 10:32:01.749 | INFO     | __main__:run_forecasting:770 -   2_weeks      → ₦      917,506/MT  ↓ -22.7%  (2026-10-05)
2026-09-27 10:32:01.749 | INFO     | __main__:run_forecasting:770 -   monthly      → ₦      891,503/MT  ↓ -24.9%  (2026-10-21)
2026-09-27 10:32:01.749 | INFO     | __main__:run_forecasting:770 -   3_months     → ₦      942,769/MT  ↓ -20.6%  (2026-12-20)
2026-09-27 10:32:01.749 | INFO     | __main__:run_forecasting:770 -   6_months     → ₦      947,520/MT  ↓ -20.2%  (2027-03-20)
2026-09-27 10:32:01.749 | INFO     | __main__:run_forecasting:776 -   ✅ Fish (dried)
2026-09-27 10:32:01.749 | INFO     | __main__:run_forecasting:760 - 
[17/17] Forecasting Eggs...
2026-09-27 10:32:02.171 | DEBUG    | __main__:forecast_commodity:618 -   [Eggs] 3/3 models generated forecasts
2026-09-27 10:32:02.182 | INFO     | __main__:run_forecasting:770 -   daily        → ₦        6,099/MT  ↓ -1.0%  (2026-09-22)
2026-09-27 10:32:02.182 | INFO     | __main__:run_forecasting:770 -   weekly       → ₦        5,715/MT  ↓ -7.3%  (2026-09-28)
2026-09-27 10:32:02.182 | INFO     | __main__:run_forecasting:770 -   2_weeks      → ₦        5,582/MT  ↓ -9.4%  (2026-10-05)
2026-09-27 10:32:02.182 | INFO     | __main__:run_forecasting:770 -   monthly      → ₦        5,605/MT  ↓ -9.1%  (2026-10-21)
2026-09-27 10:32:02.182 | INFO     | __main__:run_forecasting:770 -   3_months     → ₦        5,687/MT  ↓ -7.7%  (2026-12-20)
2026-09-27 10:32:02.182 | INFO     | __main__:run_forecasting:770 -   6_months     → ₦        5,501/MT  ↓ -10.7%  (2027-03-20)
2026-09-27 10:32:02.182 | INFO     | __main__:run_forecasting:776 -   ✅ Eggs
2026-09-27 10:32:02.292 | INFO     | __main__:run_forecasting:785 - 
  Forecast JSON saved → /home/runner/work/Agrolinking-Intelligence/Agrolinking-Intelligence/outputs/forecasts/forecast_2026-09-27.json
2026-09-27 10:32:02.293 | INFO     | __main__:run_forecasting:793 -   Daily alert saved → /home/runner/work/Agrolinking-Intelligence/Agrolinking-Intelligence/outputs/daily_alerts/alert_2026-09-27.txt
2026-09-27 10:32:02.293 | INFO     | __main__:run_forecasting:796 - 
============================================================
2026-09-27 10:32:02.293 | INFO     | __main__:run_forecasting:797 -   DAILY PRICE ALERT
2026-09-27 10:32:02.293 | INFO     | __main__:run_forecasting:798 - ============================================================
2026-09-27 10:32:02.293 | INFO     | __main__:run_forecasting:800 -   📊 AGROLINKING COMMODITY INTELLIGENCE ALERT
2026-09-27 10:32:02.293 | INFO     | __main__:run_forecasting:800 -   📅 Sunday, 27 September 2026
2026-09-27 10:32:02.293 | INFO     | __main__:run_forecasting:800 -   ─────────────────────────────────────────────
2026-09-27 10:32:02.293 | INFO     | __main__:run_forecasting:800 -   ▼ Hibiscus           ₦    2,208,962/MT  -1.03%
2026-09-27 10:32:02.293 | INFO     | __main__:run_forecasting:800 -   ▼ Sesame             ₦    1,488,364/MT  -1.38%
2026-09-27 10:32:02.294 | INFO     | __main__:run_forecasting:800 -   → Ginger             ₦   11,940,477/MT  +0.04%
2026-09-27 10:32:02.294 | INFO     | __main__:run_forecasting:800 -   ▲ Cocoa              ₦    4,875,252/MT  +1.57%
2026-09-27 10:32:02.294 | INFO     | __main__:run_forecasting:800 -   ▼ Soybeans           ₦      796,550/MT  -2.86%
2026-09-27 10:32:02.294 | INFO     | __main__:run_forecasting:800 -   ▼ Cashew Nuts        ₦    1,681,845/MT  -1.98%
2026-09-27 10:32:02.294 | INFO     | __main__:run_forecasting:800 -   ▼ Sorghum            ₦      373,298/MT  -4.41%
2026-09-27 10:32:02.294 | INFO     | __main__:run_forecasting:800 -   ▼ Beans (white)      ₦      562,647/MT  -4.59%
2026-09-27 10:32:02.294 | INFO     | __main__:run_forecasting:800 -   ▼ Beans (red)        ₦      681,629/MT  -3.75%
2026-09-27 10:32:02.294 | INFO     | __main__:run_forecasting:800 -   ▼ Maize (white)      ₦      359,834/MT  -2.05%
2026-09-27 10:32:02.294 | INFO     | __main__:run_forecasting:800 -   ▼ Maize (yellow)     ₦      389,311/MT  -2.00%
2026-09-27 10:32:02.294 | INFO     | __main__:run_forecasting:800 -   ▼ Wheat              ₦      688,336/MT  -1.74%
2026-09-27 10:32:02.294 | INFO     | __main__:run_forecasting:800 -   ▼ Rice               ₦    1,454,640/MT  -1.69%
2026-09-27 10:32:02.294 | INFO     | __main__:run_forecasting:800 -   ▲ Meat (beef)        ₦    6,642,706/MT  +1.09%
2026-09-27 10:32:02.294 | INFO     | __main__:run_forecasting:800 -   → Meat (goat)        ₦    6,544,256/MT  +0.33%
2026-09-27 10:32:02.295 | INFO     | __main__:run_forecasting:800 -   ▼ Fish (dried)       ₦    1,147,833/MT  -3.33%
2026-09-27 10:32:02.295 | INFO     | __main__:run_forecasting:800 -   ▼ Eggs               ₦        6,099/MT  -1.04%
2026-09-27 10:32:02.295 | INFO     | __main__:run_forecasting:800 -   ─────────────────────────────────────────────
2026-09-27 10:32:02.295 | INFO     | __main__:run_forecasting:800 -   Source: Agrolinking Intelligence Platform
2026-09-27 10:32:02.295 | INFO     | __main__:run_forecasting:800 -   Next update: 28 Sep 2026
2026-09-27 10:32:02.295 | INFO     | __main__:run_forecasting:804 - 
  Note: master append handled by 06_validate.py (corrected prices).
2026-09-27 10:32:02.295 | INFO     | __main__:run_forecasting:808 - 
======================================================================
2026-09-27 10:32:02.295 | INFO     | __main__:run_forecasting:809 -   FORECAST SUMMARY — ALL COMMODITIES
2026-09-27 10:32:02.295 | INFO     | __main__:run_forecasting:810 - ======================================================================
2026-09-27 10:32:02.295 | INFO     | __main__:run_forecasting:811 -   Commodity                     Today         1 Week        1 Month       3 Months       6 Months
2026-09-27 10:32:02.295 | INFO     | __main__:run_forecasting:816 -   ----------------------------------------------------------------------------------
2026-09-27 10:32:02.295 | INFO     | __main__:run_forecasting:829 -   Hibiscus             ₦   2,208,962  ₦   2,071,643  ₦   1,973,078  ₦   2,027,705  ₦   2,004,889
2026-09-27 10:32:02.296 | INFO     | __main__:run_forecasting:829 -   Sesame               ₦   1,488,364  ₦   1,362,948  ₦   1,268,335  ₦   1,478,519  ₦   1,409,021
2026-09-27 10:32:02.296 | INFO     | __main__:run_forecasting:829 -   Ginger               ₦  11,940,477  ₦  11,968,403  ₦  11,864,496  ₦  11,595,104  ₦  11,444,066
2026-09-27 10:32:02.296 | INFO     | __main__:run_forecasting:829 -   Cocoa                ₦   4,875,252  ₦   5,326,765  ₦   5,636,638  ₦   5,134,340  ₦   4,769,267
2026-09-27 10:32:02.296 | INFO     | __main__:run_forecasting:829 -   Soybeans             ₦     796,550  ₦     655,849  ₦     584,844  ₦     568,579  ₦     555,247
2026-09-27 10:32:02.296 | INFO     | __main__:run_forecasting:829 -   Cashew Nuts          ₦   1,681,845  ₦   1,478,071  ₦   1,522,116  ₦   1,544,573  ₦   1,557,056
2026-09-27 10:32:02.296 | INFO     | __main__:run_forecasting:829 -   Sorghum              ₦     373,298  ₦     269,869  ₦     247,608  ₦     223,265  ₦     199,104
2026-09-27 10:32:02.296 | INFO     | __main__:run_forecasting:829 -   Beans (white)        ₦     562,647  ₦     400,096  ₦     396,846  ₦     407,659  ₦     408,847
2026-09-27 10:32:02.296 | INFO     | __main__:run_forecasting:829 -   Beans (red)          ₦     681,629  ₦     522,254  ₦     621,436  ₦     718,011  ₦     713,433
2026-09-27 10:32:02.296 | INFO     | __main__:run_forecasting:829 -   Maize (white)        ₦     359,834  ₦     314,661  ₦     317,751  ₦     331,697  ₦     338,958
2026-09-27 10:32:02.296 | INFO     | __main__:run_forecasting:829 -   Maize (yellow)       ₦     389,311  ₦     341,710  ₦     350,809  ₦     363,722  ₦     370,461
2026-09-27 10:32:02.296 | INFO     | __main__:run_forecasting:829 -   Wheat                ₦     688,336  ₦     615,062  ₦     605,921  ₦     615,618  ₦     624,005
2026-09-27 10:32:02.297 | INFO     | __main__:run_forecasting:829 -   Rice                 ₦   1,454,640  ₦   1,304,758  ₦   1,268,107  ₦   1,353,321  ₦   1,490,913
2026-09-27 10:32:02.297 | INFO     | __main__:run_forecasting:829 -   Meat (beef)          ₦   6,642,706  ₦   7,074,131  ₦   6,953,724  ₦   7,273,203  ₦   7,431,636
2026-09-27 10:32:02.297 | INFO     | __main__:run_forecasting:829 -   Meat (goat)          ₦   6,544,256  ₦   6,674,416  ₦   6,642,274  ₦   6,831,298  ₦   6,835,951
2026-09-27 10:32:02.297 | INFO     | __main__:run_forecasting:829 -   Fish (dried)         ₦   1,147,833  ₦     910,344  ₦     891,503  ₦     942,769  ₦     947,520
2026-09-27 10:32:02.297 | INFO     | __main__:run_forecasting:829 -   Eggs                 ₦       6,099  ₦       5,715  ₦       5,605  ₦       5,687  ₦       5,501
2026-09-27 10:32:02.297 | INFO     | __main__:run_forecasting:838 - ======================================================================
2026-09-27 10:32:02.297 | SUCCESS  | __main__:run_forecasting:839 - FORECASTING COMPLETE — 17/17 commodities
2026-09-27 10:32:02.297 | INFO     | __main__:run_forecasting:843 - ======================================================================
