2026-07-20 07:20:17.030 | INFO     | __main__:run_forecasting:330 - =================================================================
2026-07-20 07:20:17.053 | INFO     | __main__:run_forecasting:331 - STEP 5 — FORECASTING ENGINE
2026-07-20 07:20:17.063 | INFO     | __main__:run_forecasting:332 -   Run date   : Monday, 20 July 2026
2026-07-20 07:20:17.070 | INFO     | __main__:run_forecasting:333 -   Commodities: 17
2026-07-20 07:20:17.080 | INFO     | __main__:run_forecasting:334 -   Horizons   : ['daily', 'weekly', '2_weeks', 'monthly', '3_months', '6_months']
2026-07-20 07:20:17.090 | INFO     | __main__:run_forecasting:335 -   Ensemble   : ARIMA + Prophet + Holt-Winters + XGBoost + LightGBM
2026-07-20 07:20:17.098 | INFO     | __main__:run_forecasting:336 - =================================================================
2026-07-20 07:20:17.963 | INFO     | __main__:run_forecasting:353 - 
[1/17] Forecasting Hibiscus...
2026-07-20 07:20:58.862 | DEBUG    | __main__:forecast_holt_winters:131 -     Holt-Winters forecast failed: positive() got an unexpected keyword argument 'lower'
2026-07-20 07:20:58.889 | DEBUG    | __main__:forecast_tree:163 -     Tree forecast failed: Feature shape mismatch, expected: 18, got 16
2026-07-20 07:20:58.893 | INFO     | __main__:forecast_commodity:294 -   daily        -> N   2,225,749/MT  -3.2%  (2026-07-27)
2026-07-20 07:20:58.898 | INFO     | __main__:forecast_commodity:294 -   weekly       -> N   2,225,749/MT  -3.2%  (2026-07-27)
2026-07-20 07:20:58.907 | INFO     | __main__:forecast_commodity:294 -   2_weeks      -> N   2,213,555/MT  -3.8%  (2026-08-03)
2026-07-20 07:20:58.913 | INFO     | __main__:forecast_commodity:294 -   monthly      -> N   2,184,076/MT  -5.0%  (2026-08-17)
2026-07-20 07:20:58.920 | INFO     | __main__:forecast_commodity:294 -   3_months     -> N   2,167,745/MT  -5.8%  (2026-10-19)
2026-07-20 07:20:58.935 | INFO     | __main__:forecast_commodity:294 -   6_months     -> N   2,366,111/MT  +2.9%  (2027-01-18)
2026-07-20 07:20:58.950 | INFO     | __main__:run_forecasting:359 -   Hibiscus
2026-07-20 07:20:58.957 | INFO     | __main__:run_forecasting:353 - 
[2/17] Forecasting Sesame...
2026-07-20 07:20:59.767 | DEBUG    | __main__:forecast_holt_winters:131 -     Holt-Winters forecast failed: positive() got an unexpected keyword argument 'lower'
2026-07-20 07:20:59.791 | DEBUG    | __main__:forecast_tree:163 -     Tree forecast failed: Feature shape mismatch, expected: 18, got 16
2026-07-20 07:20:59.793 | INFO     | __main__:forecast_commodity:294 -   daily        -> N   1,603,622/MT  -1.6%  (2026-07-27)
2026-07-20 07:20:59.802 | INFO     | __main__:forecast_commodity:294 -   weekly       -> N   1,603,622/MT  -1.6%  (2026-07-27)
2026-07-20 07:20:59.817 | INFO     | __main__:forecast_commodity:294 -   2_weeks      -> N   1,550,647/MT  -4.9%  (2026-08-03)
2026-07-20 07:20:59.825 | INFO     | __main__:forecast_commodity:294 -   monthly      -> N   1,594,300/MT  -2.2%  (2026-08-17)
2026-07-20 07:20:59.833 | INFO     | __main__:forecast_commodity:294 -   3_months     -> N   1,520,644/MT  -6.7%  (2026-10-19)
2026-07-20 07:20:59.843 | INFO     | __main__:forecast_commodity:294 -   6_months     -> N   1,675,144/MT  +2.8%  (2027-01-18)
2026-07-20 07:20:59.851 | INFO     | __main__:run_forecasting:359 -   Sesame
2026-07-20 07:20:59.860 | INFO     | __main__:run_forecasting:353 - 
[3/17] Forecasting Ginger...
2026-07-20 07:21:00.508 | DEBUG    | __main__:forecast_holt_winters:131 -     Holt-Winters forecast failed: positive() got an unexpected keyword argument 'lower'
2026-07-20 07:21:00.512 | DEBUG    | __main__:forecast_tree:163 -     Tree forecast failed: Feature shape mismatch, expected: 18, got 16
2026-07-20 07:21:00.514 | INFO     | __main__:forecast_commodity:294 -   daily        -> N  12,568,121/MT  +3.9%  (2026-07-27)
2026-07-20 07:21:00.517 | INFO     | __main__:forecast_commodity:294 -   weekly       -> N  12,568,121/MT  +3.9%  (2026-07-27)
2026-07-20 07:21:00.523 | INFO     | __main__:forecast_commodity:294 -   2_weeks      -> N  12,642,713/MT  +4.6%  (2026-08-03)
2026-07-20 07:21:00.533 | INFO     | __main__:forecast_commodity:294 -   monthly      -> N  12,824,345/MT  +6.1%  (2026-08-17)
2026-07-20 07:21:00.547 | INFO     | __main__:forecast_commodity:294 -   3_months     -> N  12,361,822/MT  +2.2%  (2026-10-19)
2026-07-20 07:21:00.562 | INFO     | __main__:forecast_commodity:294 -   6_months     -> N  13,972,017/MT  +15.6%  (2027-01-18)
2026-07-20 07:21:00.577 | INFO     | __main__:run_forecasting:359 -   Ginger
2026-07-20 07:21:00.583 | INFO     | __main__:run_forecasting:353 - 
[4/17] Forecasting Cocoa...
2026-07-20 07:21:01.072 | DEBUG    | __main__:forecast_holt_winters:131 -     Holt-Winters forecast failed: positive() got an unexpected keyword argument 'lower'
2026-07-20 07:21:01.076 | DEBUG    | __main__:forecast_tree:163 -     Tree forecast failed: Feature shape mismatch, expected: 18, got 16
2026-07-20 07:21:01.078 | INFO     | __main__:forecast_commodity:294 -   daily        -> N   8,394,668/MT  +45.8%  (2026-07-27)
2026-07-20 07:21:01.080 | INFO     | __main__:forecast_commodity:294 -   weekly       -> N   8,394,668/MT  +45.8%  (2026-07-27)
2026-07-20 07:21:01.085 | INFO     | __main__:forecast_commodity:294 -   2_weeks      -> N   9,414,974/MT  +63.5%  (2026-08-03)
2026-07-20 07:21:01.087 | INFO     | __main__:forecast_commodity:294 -   monthly      -> N  10,091,946/MT  +75.3%  (2026-08-17)
2026-07-20 07:21:01.090 | INFO     | __main__:forecast_commodity:294 -   3_months     -> N   9,824,546/MT  +70.6%  (2026-10-19)
2026-07-20 07:21:01.094 | INFO     | __main__:forecast_commodity:294 -   6_months     -> N  10,047,184/MT  +74.5%  (2027-01-18)
2026-07-20 07:21:01.100 | INFO     | __main__:run_forecasting:359 -   Cocoa
2026-07-20 07:21:01.102 | INFO     | __main__:run_forecasting:353 - 
[5/17] Forecasting Soybeans...
2026-07-20 07:21:01.531 | DEBUG    | __main__:forecast_holt_winters:131 -     Holt-Winters forecast failed: positive() got an unexpected keyword argument 'lower'
2026-07-20 07:21:01.537 | DEBUG    | __main__:forecast_tree:163 -     Tree forecast failed: Feature shape mismatch, expected: 18, got 16
2026-07-20 07:21:01.539 | INFO     | __main__:forecast_commodity:294 -   daily        -> N     851,136/MT  +12.9%  (2026-07-27)
2026-07-20 07:21:01.543 | INFO     | __main__:forecast_commodity:294 -   weekly       -> N     851,136/MT  +12.9%  (2026-07-27)
2026-07-20 07:21:01.545 | INFO     | __main__:forecast_commodity:294 -   2_weeks      -> N     866,188/MT  +14.9%  (2026-08-03)
2026-07-20 07:21:01.546 | INFO     | __main__:forecast_commodity:294 -   monthly      -> N     890,038/MT  +18.0%  (2026-08-17)
2026-07-20 07:21:01.549 | INFO     | __main__:forecast_commodity:294 -   3_months     -> N     871,936/MT  +15.6%  (2026-10-19)
2026-07-20 07:21:01.552 | INFO     | __main__:forecast_commodity:294 -   6_months     -> N     882,486/MT  +17.0%  (2027-01-18)
2026-07-20 07:21:01.558 | INFO     | __main__:run_forecasting:359 -   Soybeans
2026-07-20 07:21:01.558 | INFO     | __main__:run_forecasting:353 - 
[6/17] Forecasting Cashew Nuts...
2026-07-20 07:21:02.074 | DEBUG    | __main__:forecast_holt_winters:131 -     Holt-Winters forecast failed: positive() got an unexpected keyword argument 'lower'
2026-07-20 07:21:02.078 | DEBUG    | __main__:forecast_tree:163 -     Tree forecast failed: Feature shape mismatch, expected: 18, got 16
2026-07-20 07:21:02.080 | INFO     | __main__:forecast_commodity:294 -   daily        -> N   2,090,167/MT  +4.8%  (2026-07-27)
2026-07-20 07:21:02.082 | INFO     | __main__:forecast_commodity:294 -   weekly       -> N   2,090,167/MT  +4.8%  (2026-07-27)
2026-07-20 07:21:02.087 | INFO     | __main__:forecast_commodity:294 -   2_weeks      -> N   2,198,630/MT  +10.2%  (2026-08-03)
2026-07-20 07:21:02.094 | INFO     | __main__:forecast_commodity:294 -   monthly      -> N   2,260,659/MT  +13.4%  (2026-08-17)
2026-07-20 07:21:02.104 | INFO     | __main__:forecast_commodity:294 -   3_months     -> N   2,274,674/MT  +14.1%  (2026-10-19)
2026-07-20 07:21:02.108 | INFO     | __main__:forecast_commodity:294 -   6_months     -> N   2,308,309/MT  +15.7%  (2027-01-18)
2026-07-20 07:21:02.112 | INFO     | __main__:run_forecasting:359 -   Cashew Nuts
2026-07-20 07:21:02.113 | INFO     | __main__:run_forecasting:353 - 
[7/17] Forecasting Sorghum...
2026-07-20 07:21:02.589 | DEBUG    | __main__:forecast_holt_winters:131 -     Holt-Winters forecast failed: positive() got an unexpected keyword argument 'lower'
2026-07-20 07:21:02.597 | DEBUG    | __main__:forecast_tree:163 -     Tree forecast failed: Feature shape mismatch, expected: 18, got 16
2026-07-20 07:21:02.599 | INFO     | __main__:forecast_commodity:294 -   daily        -> N     509,280/MT  +18.8%  (2026-07-27)
2026-07-20 07:21:02.599 | INFO     | __main__:forecast_commodity:294 -   weekly       -> N     509,280/MT  +18.8%  (2026-07-27)
2026-07-20 07:21:02.603 | INFO     | __main__:forecast_commodity:294 -   2_weeks      -> N     531,573/MT  +24.0%  (2026-08-03)
2026-07-20 07:21:02.609 | INFO     | __main__:forecast_commodity:294 -   monthly      -> N     548,707/MT  +28.0%  (2026-08-17)
2026-07-20 07:21:02.611 | INFO     | __main__:forecast_commodity:294 -   3_months     -> N     525,970/MT  +22.7%  (2026-10-19)
2026-07-20 07:21:02.613 | INFO     | __main__:forecast_commodity:294 -   6_months     -> N     486,603/MT  +13.5%  (2027-01-18)
2026-07-20 07:21:02.623 | INFO     | __main__:run_forecasting:359 -   Sorghum
2026-07-20 07:21:02.623 | INFO     | __main__:run_forecasting:353 - 
[8/17] Forecasting Beans (white)...
2026-07-20 07:21:03.085 | DEBUG    | __main__:forecast_holt_winters:131 -     Holt-Winters forecast failed: positive() got an unexpected keyword argument 'lower'
2026-07-20 07:21:03.090 | DEBUG    | __main__:forecast_tree:163 -     Tree forecast failed: Feature shape mismatch, expected: 18, got 16
2026-07-20 07:21:03.091 | INFO     | __main__:forecast_commodity:294 -   daily        -> N     953,933/MT  +15.3%  (2026-07-27)
2026-07-20 07:21:03.093 | INFO     | __main__:forecast_commodity:294 -   weekly       -> N     953,933/MT  +15.3%  (2026-07-27)
2026-07-20 07:21:03.093 | INFO     | __main__:forecast_commodity:294 -   2_weeks      -> N     980,255/MT  +18.5%  (2026-08-03)
2026-07-20 07:21:03.096 | INFO     | __main__:forecast_commodity:294 -   monthly      -> N     992,585/MT  +20.0%  (2026-08-17)
2026-07-20 07:21:03.096 | INFO     | __main__:forecast_commodity:294 -   3_months     -> N     993,153/MT  +20.0%  (2026-10-19)
2026-07-20 07:21:03.103 | INFO     | __main__:forecast_commodity:294 -   6_months     -> N   1,007,157/MT  +21.7%  (2027-01-18)
2026-07-20 07:21:03.110 | INFO     | __main__:run_forecasting:359 -   Beans (white)
2026-07-20 07:21:03.112 | INFO     | __main__:run_forecasting:353 - 
[9/17] Forecasting Beans (red)...
2026-07-20 07:21:03.494 | DEBUG    | __main__:forecast_holt_winters:131 -     Holt-Winters forecast failed: positive() got an unexpected keyword argument 'lower'
2026-07-20 07:21:03.503 | DEBUG    | __main__:forecast_tree:163 -     Tree forecast failed: Feature shape mismatch, expected: 18, got 16
2026-07-20 07:21:03.505 | INFO     | __main__:forecast_commodity:294 -   daily        -> N     803,084/MT  -10.1%  (2026-07-27)
2026-07-20 07:21:03.505 | INFO     | __main__:forecast_commodity:294 -   weekly       -> N     803,084/MT  -10.1%  (2026-07-27)
2026-07-20 07:21:03.507 | INFO     | __main__:forecast_commodity:294 -   2_weeks      -> N     808,412/MT  -9.4%  (2026-08-03)
2026-07-20 07:21:03.507 | INFO     | __main__:forecast_commodity:294 -   monthly      -> N     778,955/MT  -12.8%  (2026-08-17)
2026-07-20 07:21:03.509 | INFO     | __main__:forecast_commodity:294 -   3_months     -> N     717,071/MT  -19.7%  (2026-10-19)
2026-07-20 07:21:03.511 | INFO     | __main__:forecast_commodity:294 -   6_months     -> N     641,094/MT  -28.2%  (2027-01-18)
2026-07-20 07:21:03.515 | INFO     | __main__:run_forecasting:359 -   Beans (red)
2026-07-20 07:21:03.515 | INFO     | __main__:run_forecasting:353 - 
[10/17] Forecasting Maize (white)...
2026-07-20 07:21:03.915 | DEBUG    | __main__:forecast_holt_winters:131 -     Holt-Winters forecast failed: positive() got an unexpected keyword argument 'lower'
2026-07-20 07:21:03.920 | DEBUG    | __main__:forecast_tree:163 -     Tree forecast failed: Feature shape mismatch, expected: 18, got 16
2026-07-20 07:21:03.921 | INFO     | __main__:forecast_commodity:294 -   daily        -> N     371,103/MT  -0.5%  (2026-07-27)
2026-07-20 07:21:03.921 | INFO     | __main__:forecast_commodity:294 -   weekly       -> N     371,103/MT  -0.5%  (2026-07-27)
2026-07-20 07:21:03.923 | INFO     | __main__:forecast_commodity:294 -   2_weeks      -> N     364,603/MT  -2.2%  (2026-08-03)
2026-07-20 07:21:03.923 | INFO     | __main__:forecast_commodity:294 -   monthly      -> N     379,839/MT  +1.9%  (2026-08-17)
2026-07-20 07:21:03.927 | INFO     | __main__:forecast_commodity:294 -   3_months     -> N     363,644/MT  -2.5%  (2026-10-19)
2026-07-20 07:21:03.931 | INFO     | __main__:forecast_commodity:294 -   6_months     -> N     375,545/MT  +0.7%  (2027-01-18)
2026-07-20 07:21:03.935 | INFO     | __main__:run_forecasting:359 -   Maize (white)
2026-07-20 07:21:03.937 | INFO     | __main__:run_forecasting:353 - 
[11/17] Forecasting Maize (yellow)...
2026-07-20 07:21:04.512 | DEBUG    | __main__:forecast_holt_winters:131 -     Holt-Winters forecast failed: positive() got an unexpected keyword argument 'lower'
2026-07-20 07:21:04.516 | DEBUG    | __main__:forecast_tree:163 -     Tree forecast failed: Feature shape mismatch, expected: 18, got 16
2026-07-20 07:21:04.516 | INFO     | __main__:forecast_commodity:294 -   daily        -> N     415,992/MT  +3.2%  (2026-07-27)
2026-07-20 07:21:04.519 | INFO     | __main__:forecast_commodity:294 -   weekly       -> N     415,992/MT  +3.2%  (2026-07-27)
2026-07-20 07:21:04.527 | INFO     | __main__:forecast_commodity:294 -   2_weeks      -> N     420,342/MT  +4.3%  (2026-08-03)
2026-07-20 07:21:04.535 | INFO     | __main__:forecast_commodity:294 -   monthly      -> N     418,376/MT  +3.8%  (2026-08-17)
2026-07-20 07:21:04.543 | INFO     | __main__:forecast_commodity:294 -   3_months     -> N     413,376/MT  +2.6%  (2026-10-19)
2026-07-20 07:21:04.547 | INFO     | __main__:forecast_commodity:294 -   6_months     -> N     427,987/MT  +6.2%  (2027-01-18)
2026-07-20 07:21:04.550 | INFO     | __main__:run_forecasting:359 -   Maize (yellow)
2026-07-20 07:21:04.557 | INFO     | __main__:run_forecasting:353 - 
[12/17] Forecasting Wheat...
2026-07-20 07:21:05.048 | DEBUG    | __main__:forecast_holt_winters:131 -     Holt-Winters forecast failed: positive() got an unexpected keyword argument 'lower'
2026-07-20 07:21:05.048 | DEBUG    | __main__:forecast_tree:163 -     Tree forecast failed: Feature shape mismatch, expected: 18, got 16
2026-07-20 07:21:05.053 | INFO     | __main__:forecast_commodity:294 -   daily        -> N     753,159/MT  +5.8%  (2026-07-27)
2026-07-20 07:21:05.053 | INFO     | __main__:forecast_commodity:294 -   weekly       -> N     753,159/MT  +5.8%  (2026-07-27)
2026-07-20 07:21:05.053 | INFO     | __main__:forecast_commodity:294 -   2_weeks      -> N     752,379/MT  +5.7%  (2026-08-03)
2026-07-20 07:21:05.055 | INFO     | __main__:forecast_commodity:294 -   monthly      -> N     754,921/MT  +6.1%  (2026-08-17)
2026-07-20 07:21:05.057 | INFO     | __main__:forecast_commodity:294 -   3_months     -> N     766,673/MT  +7.7%  (2026-10-19)
2026-07-20 07:21:05.059 | INFO     | __main__:forecast_commodity:294 -   6_months     -> N     792,711/MT  +11.4%  (2027-01-18)
2026-07-20 07:21:05.061 | INFO     | __main__:run_forecasting:359 -   Wheat
2026-07-20 07:21:05.063 | INFO     | __main__:run_forecasting:353 - 
[13/17] Forecasting Rice...
2026-07-20 07:21:05.471 | DEBUG    | __main__:forecast_holt_winters:131 -     Holt-Winters forecast failed: positive() got an unexpected keyword argument 'lower'
2026-07-20 07:21:05.471 | DEBUG    | __main__:forecast_tree:163 -     Tree forecast failed: Feature shape mismatch, expected: 18, got 16
2026-07-20 07:21:05.481 | INFO     | __main__:forecast_commodity:294 -   daily        -> N   1,667,256/MT  +5.7%  (2026-07-27)
2026-07-20 07:21:05.483 | INFO     | __main__:forecast_commodity:294 -   weekly       -> N   1,667,256/MT  +5.7%  (2026-07-27)
2026-07-20 07:21:05.483 | INFO     | __main__:forecast_commodity:294 -   2_weeks      -> N   1,714,987/MT  +8.7%  (2026-08-03)
2026-07-20 07:21:05.486 | INFO     | __main__:forecast_commodity:294 -   monthly      -> N   1,727,897/MT  +9.5%  (2026-08-17)
2026-07-20 07:21:05.488 | INFO     | __main__:forecast_commodity:294 -   3_months     -> N   1,701,293/MT  +7.8%  (2026-10-19)
2026-07-20 07:21:05.492 | INFO     | __main__:forecast_commodity:294 -   6_months     -> N   1,743,868/MT  +10.5%  (2027-01-18)
2026-07-20 07:21:05.494 | INFO     | __main__:run_forecasting:359 -   Rice
2026-07-20 07:21:05.494 | INFO     | __main__:run_forecasting:353 - 
[14/17] Forecasting Eggs...
2026-07-20 07:21:05.841 | DEBUG    | __main__:forecast_holt_winters:131 -     Holt-Winters forecast failed: positive() got an unexpected keyword argument 'lower'
2026-07-20 07:21:05.841 | DEBUG    | __main__:forecast_tree:163 -     Tree forecast failed: Feature shape mismatch, expected: 18, got 16
2026-07-20 07:21:05.853 | INFO     | __main__:forecast_commodity:294 -   daily        -> N       7,178/MT  +0.4%  (2026-07-27)
2026-07-20 07:21:05.853 | INFO     | __main__:forecast_commodity:294 -   weekly       -> N       7,178/MT  +0.4%  (2026-07-27)
2026-07-20 07:21:05.855 | INFO     | __main__:forecast_commodity:294 -   2_weeks      -> N       7,201/MT  +0.7%  (2026-08-03)
2026-07-20 07:21:05.855 | INFO     | __main__:forecast_commodity:294 -   monthly      -> N       6,992/MT  -2.2%  (2026-08-17)
2026-07-20 07:21:05.859 | INFO     | __main__:forecast_commodity:294 -   3_months     -> N       7,147/MT  -0.1%  (2026-10-19)
2026-07-20 07:21:05.861 | INFO     | __main__:forecast_commodity:294 -   6_months     -> N       7,461/MT  +4.3%  (2027-01-18)
2026-07-20 07:21:05.865 | INFO     | __main__:run_forecasting:359 -   Eggs
2026-07-20 07:21:05.865 | INFO     | __main__:run_forecasting:353 - 
[15/17] Forecasting Fish (dried)...
2026-07-20 07:21:06.243 | DEBUG    | __main__:forecast_holt_winters:131 -     Holt-Winters forecast failed: positive() got an unexpected keyword argument 'lower'
2026-07-20 07:21:06.246 | DEBUG    | __main__:forecast_tree:163 -     Tree forecast failed: Feature shape mismatch, expected: 18, got 16
2026-07-20 07:21:06.247 | INFO     | __main__:forecast_commodity:294 -   daily        -> N   2,555,886/MT  +0.8%  (2026-07-27)
2026-07-20 07:21:06.248 | INFO     | __main__:forecast_commodity:294 -   weekly       -> N   2,555,886/MT  +0.8%  (2026-07-27)
2026-07-20 07:21:06.248 | INFO     | __main__:forecast_commodity:294 -   2_weeks      -> N   2,480,722/MT  -2.1%  (2026-08-03)
2026-07-20 07:21:06.249 | INFO     | __main__:forecast_commodity:294 -   monthly      -> N   2,515,516/MT  -0.8%  (2026-08-17)
2026-07-20 07:21:06.251 | INFO     | __main__:forecast_commodity:294 -   3_months     -> N   2,499,271/MT  -1.4%  (2026-10-19)
2026-07-20 07:21:06.253 | INFO     | __main__:forecast_commodity:294 -   6_months     -> N   2,590,686/MT  +2.2%  (2027-01-18)
2026-07-20 07:21:06.257 | INFO     | __main__:run_forecasting:359 -   Fish (dried)
2026-07-20 07:21:06.259 | INFO     | __main__:run_forecasting:353 - 
[16/17] Forecasting Meat (goat)...
2026-07-20 07:21:06.694 | DEBUG    | __main__:forecast_holt_winters:131 -     Holt-Winters forecast failed: positive() got an unexpected keyword argument 'lower'
2026-07-20 07:21:06.694 | DEBUG    | __main__:forecast_tree:163 -     Tree forecast failed: Feature shape mismatch, expected: 18, got 16
2026-07-20 07:21:06.704 | INFO     | __main__:forecast_commodity:294 -   daily        -> N   5,217,390/MT  -1.9%  (2026-07-27)
2026-07-20 07:21:06.704 | INFO     | __main__:forecast_commodity:294 -   weekly       -> N   5,217,390/MT  -1.9%  (2026-07-27)
2026-07-20 07:21:06.706 | INFO     | __main__:forecast_commodity:294 -   2_weeks      -> N   5,548,260/MT  +4.3%  (2026-08-03)
2026-07-20 07:21:06.706 | INFO     | __main__:forecast_commodity:294 -   monthly      -> N   5,580,138/MT  +4.9%  (2026-08-17)
2026-07-20 07:21:06.708 | INFO     | __main__:forecast_commodity:294 -   3_months     -> N   5,413,632/MT  +1.8%  (2026-10-19)
2026-07-20 07:21:06.710 | INFO     | __main__:forecast_commodity:294 -   6_months     -> N   5,786,515/MT  +8.8%  (2027-01-18)
2026-07-20 07:21:06.714 | INFO     | __main__:run_forecasting:359 -   Meat (goat)
2026-07-20 07:21:06.716 | INFO     | __main__:run_forecasting:353 - 
[17/17] Forecasting Meat (beef)...
2026-07-20 07:21:07.256 | DEBUG    | __main__:forecast_holt_winters:131 -     Holt-Winters forecast failed: positive() got an unexpected keyword argument 'lower'
2026-07-20 07:21:07.256 | DEBUG    | __main__:forecast_tree:163 -     Tree forecast failed: Feature shape mismatch, expected: 18, got 16
2026-07-20 07:21:07.279 | INFO     | __main__:forecast_commodity:294 -   daily        -> N   5,064,559/MT  -0.6%  (2026-07-27)
2026-07-20 07:21:07.279 | INFO     | __main__:forecast_commodity:294 -   weekly       -> N   5,064,559/MT  -0.6%  (2026-07-27)
2026-07-20 07:21:07.281 | INFO     | __main__:forecast_commodity:294 -   2_weeks      -> N   5,126,856/MT  +0.6%  (2026-08-03)
2026-07-20 07:21:07.284 | INFO     | __main__:forecast_commodity:294 -   monthly      -> N   5,176,903/MT  +1.6%  (2026-08-17)
2026-07-20 07:21:07.285 | INFO     | __main__:forecast_commodity:294 -   3_months     -> N   5,108,574/MT  +0.2%  (2026-10-19)
2026-07-20 07:21:07.289 | INFO     | __main__:forecast_commodity:294 -   6_months     -> N   5,373,084/MT  +5.4%  (2027-01-18)
2026-07-20 07:21:07.292 | INFO     | __main__:run_forecasting:359 -   Meat (beef)
2026-07-20 07:21:07.383 | INFO     | __main__:run_forecasting:375 - 
  Forecast JSON saved -> C:\Users\USER\Downloads\agrolinking-intel-structure\agrolinking-intel\outputs\forecasts\forecast_2026-07-20.json
2026-07-20 07:21:07.387 | INFO     | __main__:run_forecasting:401 -   Daily alert saved -> C:\Users\USER\Downloads\agrolinking-intel-structure\agrolinking-intel\outputs\daily_alerts\alert_2026-07-20.txt
2026-07-20 07:21:07.387 | INFO     | __main__:run_forecasting:402 - 
=================================================================
2026-07-20 07:21:07.387 | INFO     | __main__:run_forecasting:403 -   DAILY PRICE ALERT
2026-07-20 07:21:07.394 | INFO     | __main__:run_forecasting:404 - =================================================================
2026-07-20 07:21:07.394 | INFO     | __main__:run_forecasting:406 -   AGROLINKING COMMODITY INTELLIGENCE ALERT
2026-07-20 07:21:07.396 | INFO     | __main__:run_forecasting:406 -   Monday, 20 July 2026
2026-07-20 07:21:07.397 | INFO     | __main__:run_forecasting:406 -   ─────────────────────────────────────────────
2026-07-20 07:21:07.397 | INFO     | __main__:run_forecasting:406 -   Hibiscus               N   2,225,749/MT  -3.2%
2026-07-20 07:21:07.399 | INFO     | __main__:run_forecasting:406 -   Sesame                 N   1,603,622/MT  -1.6%
2026-07-20 07:21:07.399 | INFO     | __main__:run_forecasting:406 -   Ginger                 N  12,568,121/MT  +3.9%
2026-07-20 07:21:07.401 | INFO     | __main__:run_forecasting:406 -   Cocoa                  N   8,394,668/MT  +45.8%
2026-07-20 07:21:07.403 | INFO     | __main__:run_forecasting:406 -   Soybeans               N     851,136/MT  +12.9%
2026-07-20 07:21:07.405 | INFO     | __main__:run_forecasting:406 -   Cashew Nuts            N   2,090,167/MT  +4.8%
2026-07-20 07:21:07.406 | INFO     | __main__:run_forecasting:406 -   Sorghum                N     509,280/MT  +18.8%
2026-07-20 07:21:07.408 | INFO     | __main__:run_forecasting:406 -   Beans (white)          N     953,933/MT  +15.3%
2026-07-20 07:21:07.408 | INFO     | __main__:run_forecasting:406 -   Beans (red)            N     803,084/MT  -10.1%
2026-07-20 07:21:07.408 | INFO     | __main__:run_forecasting:406 -   Maize (white)          N     371,103/MT  -0.5%
2026-07-20 07:21:07.410 | INFO     | __main__:run_forecasting:406 -   Maize (yellow)         N     415,992/MT  +3.2%
2026-07-20 07:21:07.410 | INFO     | __main__:run_forecasting:406 -   Wheat                  N     753,159/MT  +5.8%
2026-07-20 07:21:07.410 | INFO     | __main__:run_forecasting:406 -   Rice                   N   1,667,256/MT  +5.7%
2026-07-20 07:21:07.410 | INFO     | __main__:run_forecasting:406 -   Eggs                   N       7,178/MT  +0.4%
2026-07-20 07:21:07.410 | INFO     | __main__:run_forecasting:406 -   Fish (dried)           N   2,555,886/MT  +0.8%
2026-07-20 07:21:07.410 | INFO     | __main__:run_forecasting:406 -   Meat (goat)            N   5,217,390/MT  -1.9%
2026-07-20 07:21:07.414 | INFO     | __main__:run_forecasting:406 -   Meat (beef)            N   5,064,559/MT  -0.6%
2026-07-20 07:21:07.414 | INFO     | __main__:run_forecasting:406 -   ─────────────────────────────────────────────
2026-07-20 07:21:07.414 | INFO     | __main__:run_forecasting:406 -   Source: Agrolinking Intelligence Platform
2026-07-20 07:21:07.414 | INFO     | __main__:run_forecasting:406 -   Next update: 21 Jul 2026
2026-07-20 07:21:07.414 | INFO     | __main__:run_forecasting:409 - 
======================================================================
2026-07-20 07:21:07.418 | INFO     | __main__:run_forecasting:410 -   FORECAST SUMMARY
2026-07-20 07:21:07.420 | INFO     | __main__:run_forecasting:411 - ======================================================================
2026-07-20 07:21:07.420 | INFO     | __main__:run_forecasting:413 -   Commodity                      daily        weekly       monthly      3_months      6_months
2026-07-20 07:21:07.422 | INFO     | __main__:run_forecasting:414 -   ---------------------------------------------------------------------------
2026-07-20 07:21:07.422 | INFO     | __main__:run_forecasting:420 -   Hibiscus                N 2,225,749  N 2,225,749  N 2,184,076  N 2,167,745  N 2,366,111
2026-07-20 07:21:07.422 | INFO     | __main__:run_forecasting:420 -   Sesame                  N 1,603,622  N 1,603,622  N 1,594,300  N 1,520,644  N 1,675,144
2026-07-20 07:21:07.425 | INFO     | __main__:run_forecasting:420 -   Ginger                  N12,568,121  N12,568,121  N12,824,345  N12,361,822  N13,972,017
2026-07-20 07:21:07.426 | INFO     | __main__:run_forecasting:420 -   Cocoa                   N 8,394,668  N 8,394,668  N10,091,946  N 9,824,546  N10,047,184
2026-07-20 07:21:07.426 | INFO     | __main__:run_forecasting:420 -   Soybeans                N   851,136  N   851,136  N   890,038  N   871,936  N   882,486
2026-07-20 07:21:07.427 | INFO     | __main__:run_forecasting:420 -   Cashew Nuts             N 2,090,167  N 2,090,167  N 2,260,659  N 2,274,674  N 2,308,309
2026-07-20 07:21:07.427 | INFO     | __main__:run_forecasting:420 -   Sorghum                 N   509,280  N   509,280  N   548,707  N   525,970  N   486,603
2026-07-20 07:21:07.430 | INFO     | __main__:run_forecasting:420 -   Beans (white)           N   953,933  N   953,933  N   992,585  N   993,153  N 1,007,157
2026-07-20 07:21:07.430 | INFO     | __main__:run_forecasting:420 -   Beans (red)             N   803,084  N   803,084  N   778,955  N   717,071  N   641,094
2026-07-20 07:21:07.430 | INFO     | __main__:run_forecasting:420 -   Maize (white)           N   371,103  N   371,103  N   379,839  N   363,644  N   375,545
2026-07-20 07:21:07.432 | INFO     | __main__:run_forecasting:420 -   Maize (yellow)          N   415,992  N   415,992  N   418,376  N   413,376  N   427,987
2026-07-20 07:21:07.432 | INFO     | __main__:run_forecasting:420 -   Wheat                   N   753,159  N   753,159  N   754,921  N   766,673  N   792,711
2026-07-20 07:21:07.432 | INFO     | __main__:run_forecasting:420 -   Rice                    N 1,667,256  N 1,667,256  N 1,727,897  N 1,701,293  N 1,743,868
2026-07-20 07:21:07.432 | INFO     | __main__:run_forecasting:420 -   Eggs                    N     7,178  N     7,178  N     6,992  N     7,147  N     7,461
2026-07-20 07:21:07.434 | INFO     | __main__:run_forecasting:420 -   Fish (dried)            N 2,555,886  N 2,555,886  N 2,515,516  N 2,499,271  N 2,590,686
2026-07-20 07:21:07.436 | INFO     | __main__:run_forecasting:420 -   Meat (goat)             N 5,217,390  N 5,217,390  N 5,580,138  N 5,413,632  N 5,786,515
2026-07-20 07:21:07.437 | INFO     | __main__:run_forecasting:420 -   Meat (beef)             N 5,064,559  N 5,064,559  N 5,176,903  N 5,108,574  N 5,373,084
2026-07-20 07:21:07.437 | INFO     | __main__:run_forecasting:421 - ======================================================================
2026-07-20 07:21:07.437 | SUCCESS  | __main__:run_forecasting:425 - FORECASTING COMPLETE — 17/17 commodities
2026-07-20 07:33:41.488 | INFO     | __main__:run_forecasting:330 - =================================================================
2026-07-20 07:33:41.496 | INFO     | __main__:run_forecasting:331 - STEP 5 — FORECASTING ENGINE
2026-07-20 07:33:41.496 | INFO     | __main__:run_forecasting:332 -   Run date   : Monday, 20 July 2026
2026-07-20 07:33:41.496 | INFO     | __main__:run_forecasting:333 -   Commodities: 17
2026-07-20 07:33:41.496 | INFO     | __main__:run_forecasting:334 -   Horizons   : ['daily', 'weekly', '2_weeks', 'monthly', '3_months', '6_months']
2026-07-20 07:33:41.496 | INFO     | __main__:run_forecasting:335 -   Ensemble   : ARIMA + Prophet + Holt-Winters + XGBoost + LightGBM
2026-07-20 07:33:41.496 | INFO     | __main__:run_forecasting:336 - =================================================================
2026-07-20 07:33:41.789 | INFO     | __main__:run_forecasting:353 - 
[1/17] Forecasting Hibiscus...
2026-07-20 07:33:54.635 | DEBUG    | __main__:forecast_holt_winters:131 -     Holt-Winters forecast failed: positive() got an unexpected keyword argument 'lower'
2026-07-20 07:33:54.643 | DEBUG    | __main__:forecast_tree:163 -     Tree forecast failed: Feature shape mismatch, expected: 18, got 16
2026-07-20 07:33:54.643 | INFO     | __main__:forecast_commodity:294 -   daily        -> N   2,246,510/MT  -2.4%  (2026-07-27)
2026-07-20 07:33:54.645 | INFO     | __main__:forecast_commodity:294 -   weekly       -> N   2,246,510/MT  -2.4%  (2026-07-27)
2026-07-20 07:33:54.645 | INFO     | __main__:forecast_commodity:294 -   2_weeks      -> N   2,171,855/MT  -5.6%  (2026-08-03)
2026-07-20 07:33:54.645 | INFO     | __main__:forecast_commodity:294 -   monthly      -> N   2,120,548/MT  -7.8%  (2026-08-17)
2026-07-20 07:33:54.647 | INFO     | __main__:forecast_commodity:294 -   3_months     -> N   2,125,105/MT  -7.7%  (2026-10-19)
2026-07-20 07:33:54.650 | INFO     | __main__:forecast_commodity:294 -   6_months     -> N   2,415,195/MT  +5.0%  (2027-01-18)
2026-07-20 07:33:54.655 | INFO     | __main__:run_forecasting:359 -   Hibiscus
2026-07-20 07:33:54.655 | INFO     | __main__:run_forecasting:353 - 
[2/17] Forecasting Sesame...
2026-07-20 07:33:55.068 | DEBUG    | __main__:forecast_holt_winters:131 -     Holt-Winters forecast failed: positive() got an unexpected keyword argument 'lower'
2026-07-20 07:33:55.077 | DEBUG    | __main__:forecast_tree:163 -     Tree forecast failed: Feature shape mismatch, expected: 18, got 16
2026-07-20 07:33:55.080 | INFO     | __main__:forecast_commodity:294 -   daily        -> N   1,561,546/MT  -4.6%  (2026-07-27)
2026-07-20 07:33:55.080 | INFO     | __main__:forecast_commodity:294 -   weekly       -> N   1,561,546/MT  -4.6%  (2026-07-27)
2026-07-20 07:33:55.082 | INFO     | __main__:forecast_commodity:294 -   2_weeks      -> N   1,576,162/MT  -3.7%  (2026-08-03)
2026-07-20 07:33:55.082 | INFO     | __main__:forecast_commodity:294 -   monthly      -> N   1,565,092/MT  -4.3%  (2026-08-17)
2026-07-20 07:33:55.084 | INFO     | __main__:forecast_commodity:294 -   3_months     -> N   1,501,563/MT  -8.2%  (2026-10-19)
2026-07-20 07:33:55.088 | INFO     | __main__:forecast_commodity:294 -   6_months     -> N   1,652,489/MT  +1.0%  (2027-01-18)
2026-07-20 07:33:55.089 | INFO     | __main__:run_forecasting:359 -   Sesame
2026-07-20 07:33:55.091 | INFO     | __main__:run_forecasting:353 - 
[3/17] Forecasting Ginger...
2026-07-20 07:33:55.719 | DEBUG    | __main__:forecast_holt_winters:131 -     Holt-Winters forecast failed: positive() got an unexpected keyword argument 'lower'
2026-07-20 07:33:55.723 | DEBUG    | __main__:forecast_tree:163 -     Tree forecast failed: Feature shape mismatch, expected: 18, got 16
2026-07-20 07:33:55.724 | INFO     | __main__:forecast_commodity:294 -   daily        -> N  12,368,779/MT  +2.0%  (2026-07-27)
2026-07-20 07:33:55.727 | INFO     | __main__:forecast_commodity:294 -   weekly       -> N  12,368,779/MT  +2.0%  (2026-07-27)
2026-07-20 07:33:55.730 | INFO     | __main__:forecast_commodity:294 -   2_weeks      -> N  12,602,851/MT  +3.9%  (2026-08-03)
2026-07-20 07:33:55.734 | INFO     | __main__:forecast_commodity:294 -   monthly      -> N  12,293,633/MT  +1.4%  (2026-08-17)
2026-07-20 07:33:55.744 | INFO     | __main__:forecast_commodity:294 -   3_months     -> N  12,058,933/MT  -0.6%  (2026-10-19)
2026-07-20 07:33:55.756 | INFO     | __main__:forecast_commodity:294 -   6_months     -> N  13,682,393/MT  +12.8%  (2027-01-18)
2026-07-20 07:33:55.804 | INFO     | __main__:run_forecasting:359 -   Ginger
2026-07-20 07:33:55.829 | INFO     | __main__:run_forecasting:353 - 
[4/17] Forecasting Cocoa...
2026-07-20 07:33:56.453 | DEBUG    | __main__:forecast_holt_winters:131 -     Holt-Winters forecast failed: positive() got an unexpected keyword argument 'lower'
2026-07-20 07:33:56.458 | DEBUG    | __main__:forecast_tree:163 -     Tree forecast failed: Feature shape mismatch, expected: 18, got 16
2026-07-20 07:33:56.460 | INFO     | __main__:forecast_commodity:294 -   daily        -> N   8,903,259/MT  +57.6%  (2026-07-27)
2026-07-20 07:33:56.461 | INFO     | __main__:forecast_commodity:294 -   weekly       -> N   8,903,259/MT  +57.6%  (2026-07-27)
2026-07-20 07:33:56.465 | INFO     | __main__:forecast_commodity:294 -   2_weeks      -> N   9,727,873/MT  +72.2%  (2026-08-03)
2026-07-20 07:33:56.470 | INFO     | __main__:forecast_commodity:294 -   monthly      -> N   9,432,260/MT  +66.9%  (2026-08-17)
2026-07-20 07:33:56.475 | INFO     | __main__:forecast_commodity:294 -   3_months     -> N   9,039,668/MT  +60.0%  (2026-10-19)
2026-07-20 07:33:56.481 | INFO     | __main__:forecast_commodity:294 -   6_months     -> N   9,456,097/MT  +67.4%  (2027-01-18)
2026-07-20 07:33:56.494 | INFO     | __main__:run_forecasting:359 -   Cocoa
2026-07-20 07:33:56.502 | INFO     | __main__:run_forecasting:353 - 
[5/17] Forecasting Soybeans...
2026-07-20 07:33:56.919 | DEBUG    | __main__:forecast_holt_winters:131 -     Holt-Winters forecast failed: positive() got an unexpected keyword argument 'lower'
2026-07-20 07:33:56.921 | DEBUG    | __main__:forecast_tree:163 -     Tree forecast failed: Feature shape mismatch, expected: 18, got 16
2026-07-20 07:33:56.923 | INFO     | __main__:forecast_commodity:294 -   daily        -> N     845,796/MT  +13.5%  (2026-07-27)
2026-07-20 07:33:56.923 | INFO     | __main__:forecast_commodity:294 -   weekly       -> N     845,796/MT  +13.5%  (2026-07-27)
2026-07-20 07:33:56.925 | INFO     | __main__:forecast_commodity:294 -   2_weeks      -> N     843,751/MT  +13.3%  (2026-08-03)
2026-07-20 07:33:56.927 | INFO     | __main__:forecast_commodity:294 -   monthly      -> N     857,006/MT  +15.0%  (2026-08-17)
2026-07-20 07:33:56.927 | INFO     | __main__:forecast_commodity:294 -   3_months     -> N     845,901/MT  +13.5%  (2026-10-19)
2026-07-20 07:33:56.933 | INFO     | __main__:forecast_commodity:294 -   6_months     -> N     859,942/MT  +15.4%  (2027-01-18)
2026-07-20 07:33:56.935 | INFO     | __main__:run_forecasting:359 -   Soybeans
2026-07-20 07:33:56.935 | INFO     | __main__:run_forecasting:353 - 
[6/17] Forecasting Cashew Nuts...
2026-07-20 07:33:57.350 | DEBUG    | __main__:forecast_holt_winters:131 -     Holt-Winters forecast failed: positive() got an unexpected keyword argument 'lower'
2026-07-20 07:33:57.350 | DEBUG    | __main__:forecast_tree:163 -     Tree forecast failed: Feature shape mismatch, expected: 18, got 16
2026-07-20 07:33:57.358 | INFO     | __main__:forecast_commodity:294 -   daily        -> N   2,133,452/MT  +7.1%  (2026-07-27)
2026-07-20 07:33:57.358 | INFO     | __main__:forecast_commodity:294 -   weekly       -> N   2,133,452/MT  +7.1%  (2026-07-27)
2026-07-20 07:33:57.361 | INFO     | __main__:forecast_commodity:294 -   2_weeks      -> N   2,242,208/MT  +12.6%  (2026-08-03)
2026-07-20 07:33:57.361 | INFO     | __main__:forecast_commodity:294 -   monthly      -> N   2,253,621/MT  +13.2%  (2026-08-17)
2026-07-20 07:33:57.363 | INFO     | __main__:forecast_commodity:294 -   3_months     -> N   2,187,682/MT  +9.9%  (2026-10-19)
2026-07-20 07:33:57.363 | INFO     | __main__:forecast_commodity:294 -   6_months     -> N   2,187,631/MT  +9.9%  (2027-01-18)
2026-07-20 07:33:57.367 | INFO     | __main__:run_forecasting:359 -   Cashew Nuts
2026-07-20 07:33:57.367 | INFO     | __main__:run_forecasting:353 - 
[7/17] Forecasting Sorghum...
2026-07-20 07:33:57.963 | DEBUG    | __main__:forecast_holt_winters:131 -     Holt-Winters forecast failed: positive() got an unexpected keyword argument 'lower'
2026-07-20 07:33:57.968 | DEBUG    | __main__:forecast_tree:163 -     Tree forecast failed: Feature shape mismatch, expected: 18, got 16
2026-07-20 07:33:57.971 | INFO     | __main__:forecast_commodity:294 -   daily        -> N     461,785/MT  +29.7%  (2026-07-27)
2026-07-20 07:33:57.973 | INFO     | __main__:forecast_commodity:294 -   weekly       -> N     461,785/MT  +29.7%  (2026-07-27)
2026-07-20 07:33:57.974 | INFO     | __main__:forecast_commodity:294 -   2_weeks      -> N     472,270/MT  +32.6%  (2026-08-03)
2026-07-20 07:33:57.975 | INFO     | __main__:forecast_commodity:294 -   monthly      -> N     474,341/MT  +33.2%  (2026-08-17)
2026-07-20 07:33:57.980 | INFO     | __main__:forecast_commodity:294 -   3_months     -> N     451,997/MT  +26.9%  (2026-10-19)
2026-07-20 07:33:57.988 | INFO     | __main__:forecast_commodity:294 -   6_months     -> N     420,753/MT  +18.1%  (2027-01-18)
2026-07-20 07:33:57.999 | INFO     | __main__:run_forecasting:359 -   Sorghum
2026-07-20 07:33:58.001 | INFO     | __main__:run_forecasting:353 - 
[8/17] Forecasting Beans (white)...
2026-07-20 07:33:58.630 | DEBUG    | __main__:forecast_holt_winters:131 -     Holt-Winters forecast failed: positive() got an unexpected keyword argument 'lower'
2026-07-20 07:33:58.633 | DEBUG    | __main__:forecast_tree:163 -     Tree forecast failed: Feature shape mismatch, expected: 18, got 16
2026-07-20 07:33:58.635 | INFO     | __main__:forecast_commodity:294 -   daily        -> N   1,007,928/MT  +21.7%  (2026-07-27)
2026-07-20 07:33:58.637 | INFO     | __main__:forecast_commodity:294 -   weekly       -> N   1,007,928/MT  +21.7%  (2026-07-27)
2026-07-20 07:33:58.643 | INFO     | __main__:forecast_commodity:294 -   2_weeks      -> N     991,285/MT  +19.7%  (2026-08-03)
2026-07-20 07:33:58.648 | INFO     | __main__:forecast_commodity:294 -   monthly      -> N     987,815/MT  +19.3%  (2026-08-17)
2026-07-20 07:33:58.655 | INFO     | __main__:forecast_commodity:294 -   3_months     -> N   1,010,549/MT  +22.0%  (2026-10-19)
2026-07-20 07:33:58.662 | INFO     | __main__:forecast_commodity:294 -   6_months     -> N   1,019,679/MT  +23.1%  (2027-01-18)
2026-07-20 07:33:58.668 | INFO     | __main__:run_forecasting:359 -   Beans (white)
2026-07-20 07:33:58.675 | INFO     | __main__:run_forecasting:353 - 
[9/17] Forecasting Beans (red)...
2026-07-20 07:33:59.292 | DEBUG    | __main__:forecast_holt_winters:131 -     Holt-Winters forecast failed: positive() got an unexpected keyword argument 'lower'
2026-07-20 07:33:59.298 | DEBUG    | __main__:forecast_tree:163 -     Tree forecast failed: Feature shape mismatch, expected: 18, got 16
2026-07-20 07:33:59.300 | INFO     | __main__:forecast_commodity:294 -   daily        -> N     834,698/MT  -7.7%  (2026-07-27)
2026-07-20 07:33:59.300 | INFO     | __main__:forecast_commodity:294 -   weekly       -> N     834,698/MT  -7.7%  (2026-07-27)
2026-07-20 07:33:59.302 | INFO     | __main__:forecast_commodity:294 -   2_weeks      -> N     852,102/MT  -5.8%  (2026-08-03)
2026-07-20 07:33:59.304 | INFO     | __main__:forecast_commodity:294 -   monthly      -> N     826,662/MT  -8.6%  (2026-08-17)
2026-07-20 07:33:59.308 | INFO     | __main__:forecast_commodity:294 -   3_months     -> N     761,106/MT  -15.9%  (2026-10-19)
2026-07-20 07:33:59.312 | INFO     | __main__:forecast_commodity:294 -   6_months     -> N     693,935/MT  -23.3%  (2027-01-18)
2026-07-20 07:33:59.318 | INFO     | __main__:run_forecasting:359 -   Beans (red)
2026-07-20 07:33:59.320 | INFO     | __main__:run_forecasting:353 - 
[10/17] Forecasting Maize (white)...
2026-07-20 07:33:59.905 | DEBUG    | __main__:forecast_holt_winters:131 -     Holt-Winters forecast failed: positive() got an unexpected keyword argument 'lower'
2026-07-20 07:33:59.911 | DEBUG    | __main__:forecast_tree:163 -     Tree forecast failed: Feature shape mismatch, expected: 18, got 16
2026-07-20 07:33:59.913 | INFO     | __main__:forecast_commodity:294 -   daily        -> N     371,183/MT  -0.2%  (2026-07-27)
2026-07-20 07:33:59.913 | INFO     | __main__:forecast_commodity:294 -   weekly       -> N     371,183/MT  -0.2%  (2026-07-27)
2026-07-20 07:33:59.915 | INFO     | __main__:forecast_commodity:294 -   2_weeks      -> N     380,533/MT  +2.3%  (2026-08-03)
2026-07-20 07:33:59.915 | INFO     | __main__:forecast_commodity:294 -   monthly      -> N     370,811/MT  -0.3%  (2026-08-17)
2026-07-20 07:33:59.917 | INFO     | __main__:forecast_commodity:294 -   3_months     -> N     364,351/MT  -2.1%  (2026-10-19)
2026-07-20 07:33:59.919 | INFO     | __main__:forecast_commodity:294 -   6_months     -> N     377,895/MT  +1.6%  (2027-01-18)
2026-07-20 07:33:59.931 | INFO     | __main__:run_forecasting:359 -   Maize (white)
2026-07-20 07:33:59.933 | INFO     | __main__:run_forecasting:353 - 
[11/17] Forecasting Maize (yellow)...
2026-07-20 07:34:00.482 | DEBUG    | __main__:forecast_holt_winters:131 -     Holt-Winters forecast failed: positive() got an unexpected keyword argument 'lower'
2026-07-20 07:34:00.486 | DEBUG    | __main__:forecast_tree:163 -     Tree forecast failed: Feature shape mismatch, expected: 18, got 16
2026-07-20 07:34:00.488 | INFO     | __main__:forecast_commodity:294 -   daily        -> N     414,049/MT  +2.4%  (2026-07-27)
2026-07-20 07:34:00.488 | INFO     | __main__:forecast_commodity:294 -   weekly       -> N     414,049/MT  +2.4%  (2026-07-27)
2026-07-20 07:34:00.490 | INFO     | __main__:forecast_commodity:294 -   2_weeks      -> N     422,839/MT  +4.6%  (2026-08-03)
2026-07-20 07:34:00.492 | INFO     | __main__:forecast_commodity:294 -   monthly      -> N     422,352/MT  +4.5%  (2026-08-17)
2026-07-20 07:34:00.500 | INFO     | __main__:forecast_commodity:294 -   3_months     -> N     412,269/MT  +2.0%  (2026-10-19)
2026-07-20 07:34:00.504 | INFO     | __main__:forecast_commodity:294 -   6_months     -> N     427,224/MT  +5.7%  (2027-01-18)
2026-07-20 07:34:00.508 | INFO     | __main__:run_forecasting:359 -   Maize (yellow)
2026-07-20 07:34:00.511 | INFO     | __main__:run_forecasting:353 - 
[12/17] Forecasting Wheat...
2026-07-20 07:34:01.126 | DEBUG    | __main__:forecast_holt_winters:131 -     Holt-Winters forecast failed: positive() got an unexpected keyword argument 'lower'
2026-07-20 07:34:01.127 | DEBUG    | __main__:forecast_tree:163 -     Tree forecast failed: Feature shape mismatch, expected: 18, got 16
2026-07-20 07:34:01.131 | INFO     | __main__:forecast_commodity:294 -   daily        -> N     766,155/MT  +6.9%  (2026-07-27)
2026-07-20 07:34:01.131 | INFO     | __main__:forecast_commodity:294 -   weekly       -> N     766,155/MT  +6.9%  (2026-07-27)
2026-07-20 07:34:01.131 | INFO     | __main__:forecast_commodity:294 -   2_weeks      -> N     741,830/MT  +3.5%  (2026-08-03)
2026-07-20 07:34:01.133 | INFO     | __main__:forecast_commodity:294 -   monthly      -> N     740,102/MT  +3.3%  (2026-08-17)
2026-07-20 07:34:01.133 | INFO     | __main__:forecast_commodity:294 -   3_months     -> N     761,616/MT  +6.3%  (2026-10-19)
2026-07-20 07:34:01.135 | INFO     | __main__:forecast_commodity:294 -   6_months     -> N     789,137/MT  +10.1%  (2027-01-18)
2026-07-20 07:34:01.141 | INFO     | __main__:run_forecasting:359 -   Wheat
2026-07-20 07:34:01.142 | INFO     | __main__:run_forecasting:353 - 
[13/17] Forecasting Rice...
2026-07-20 07:34:01.592 | DEBUG    | __main__:forecast_holt_winters:131 -     Holt-Winters forecast failed: positive() got an unexpected keyword argument 'lower'
2026-07-20 07:34:01.596 | DEBUG    | __main__:forecast_tree:163 -     Tree forecast failed: Feature shape mismatch, expected: 18, got 16
2026-07-20 07:34:01.598 | INFO     | __main__:forecast_commodity:294 -   daily        -> N   1,670,444/MT  +6.0%  (2026-07-27)
2026-07-20 07:34:01.600 | INFO     | __main__:forecast_commodity:294 -   weekly       -> N   1,670,444/MT  +6.0%  (2026-07-27)
2026-07-20 07:34:01.601 | INFO     | __main__:forecast_commodity:294 -   2_weeks      -> N   1,676,542/MT  +6.4%  (2026-08-03)
2026-07-20 07:34:01.608 | INFO     | __main__:forecast_commodity:294 -   monthly      -> N   1,699,444/MT  +7.9%  (2026-08-17)
2026-07-20 07:34:01.614 | INFO     | __main__:forecast_commodity:294 -   3_months     -> N   1,713,210/MT  +8.7%  (2026-10-19)
2026-07-20 07:34:01.617 | INFO     | __main__:forecast_commodity:294 -   6_months     -> N   1,755,840/MT  +11.4%  (2027-01-18)
2026-07-20 07:34:01.631 | INFO     | __main__:run_forecasting:359 -   Rice
2026-07-20 07:34:01.641 | INFO     | __main__:run_forecasting:353 - 
[14/17] Forecasting Eggs...
2026-07-20 07:34:02.113 | DEBUG    | __main__:forecast_holt_winters:131 -     Holt-Winters forecast failed: positive() got an unexpected keyword argument 'lower'
2026-07-20 07:34:02.116 | DEBUG    | __main__:forecast_tree:163 -     Tree forecast failed: Feature shape mismatch, expected: 18, got 16
2026-07-20 07:34:02.118 | INFO     | __main__:forecast_commodity:294 -   daily        -> N       6,988/MT  -2.6%  (2026-07-27)
2026-07-20 07:34:02.120 | INFO     | __main__:forecast_commodity:294 -   weekly       -> N       6,988/MT  -2.6%  (2026-07-27)
2026-07-20 07:34:02.121 | INFO     | __main__:forecast_commodity:294 -   2_weeks      -> N       6,843/MT  -4.6%  (2026-08-03)
2026-07-20 07:34:02.121 | INFO     | __main__:forecast_commodity:294 -   monthly      -> N       6,981/MT  -2.7%  (2026-08-17)
2026-07-20 07:34:02.123 | INFO     | __main__:forecast_commodity:294 -   3_months     -> N       7,483/MT  +4.3%  (2026-10-19)
2026-07-20 07:34:02.132 | INFO     | __main__:forecast_commodity:294 -   6_months     -> N       7,781/MT  +8.5%  (2027-01-18)
2026-07-20 07:34:02.140 | INFO     | __main__:run_forecasting:359 -   Eggs
2026-07-20 07:34:02.142 | INFO     | __main__:run_forecasting:353 - 
[15/17] Forecasting Fish (dried)...
2026-07-20 07:34:02.761 | DEBUG    | __main__:forecast_holt_winters:131 -     Holt-Winters forecast failed: positive() got an unexpected keyword argument 'lower'
2026-07-20 07:34:02.767 | DEBUG    | __main__:forecast_tree:163 -     Tree forecast failed: Feature shape mismatch, expected: 18, got 16
2026-07-20 07:34:02.769 | INFO     | __main__:forecast_commodity:294 -   daily        -> N   2,444,780/MT  -9.2%  (2026-07-27)
2026-07-20 07:34:02.770 | INFO     | __main__:forecast_commodity:294 -   weekly       -> N   2,444,780/MT  -9.2%  (2026-07-27)
2026-07-20 07:34:02.772 | INFO     | __main__:forecast_commodity:294 -   2_weeks      -> N   2,448,874/MT  -9.0%  (2026-08-03)
2026-07-20 07:34:02.774 | INFO     | __main__:forecast_commodity:294 -   monthly      -> N   2,434,615/MT  -9.6%  (2026-08-17)
2026-07-20 07:34:02.779 | INFO     | __main__:forecast_commodity:294 -   3_months     -> N   2,370,232/MT  -11.9%  (2026-10-19)
2026-07-20 07:34:02.786 | INFO     | __main__:forecast_commodity:294 -   6_months     -> N   2,524,788/MT  -6.2%  (2027-01-18)
2026-07-20 07:34:02.794 | INFO     | __main__:run_forecasting:359 -   Fish (dried)
2026-07-20 07:34:02.796 | INFO     | __main__:run_forecasting:353 - 
[16/17] Forecasting Meat (goat)...
2026-07-20 07:34:03.225 | DEBUG    | __main__:forecast_holt_winters:131 -     Holt-Winters forecast failed: positive() got an unexpected keyword argument 'lower'
2026-07-20 07:34:03.229 | DEBUG    | __main__:forecast_tree:163 -     Tree forecast failed: Feature shape mismatch, expected: 18, got 16
2026-07-20 07:34:03.230 | INFO     | __main__:forecast_commodity:294 -   daily        -> N   5,801,110/MT  +15.7%  (2026-07-27)
2026-07-20 07:34:03.231 | INFO     | __main__:forecast_commodity:294 -   weekly       -> N   5,801,110/MT  +15.7%  (2026-07-27)
2026-07-20 07:34:03.232 | INFO     | __main__:forecast_commodity:294 -   2_weeks      -> N   5,950,443/MT  +18.7%  (2026-08-03)
2026-07-20 07:34:03.232 | INFO     | __main__:forecast_commodity:294 -   monthly      -> N   5,836,070/MT  +16.4%  (2026-08-17)
2026-07-20 07:34:03.233 | INFO     | __main__:forecast_commodity:294 -   3_months     -> N   5,884,150/MT  +17.4%  (2026-10-19)
2026-07-20 07:34:03.234 | INFO     | __main__:forecast_commodity:294 -   6_months     -> N   6,368,834/MT  +27.1%  (2027-01-18)
2026-07-20 07:34:03.239 | INFO     | __main__:run_forecasting:359 -   Meat (goat)
2026-07-20 07:34:03.244 | INFO     | __main__:run_forecasting:353 - 
[17/17] Forecasting Meat (beef)...
2026-07-20 07:34:03.764 | DEBUG    | __main__:forecast_holt_winters:131 -     Holt-Winters forecast failed: positive() got an unexpected keyword argument 'lower'
2026-07-20 07:34:03.769 | DEBUG    | __main__:forecast_tree:163 -     Tree forecast failed: Feature shape mismatch, expected: 18, got 16
2026-07-20 07:34:03.772 | INFO     | __main__:forecast_commodity:294 -   daily        -> N   5,259,198/MT  +21.8%  (2026-07-27)
2026-07-20 07:34:03.774 | INFO     | __main__:forecast_commodity:294 -   weekly       -> N   5,259,198/MT  +21.8%  (2026-07-27)
2026-07-20 07:34:03.774 | INFO     | __main__:forecast_commodity:294 -   2_weeks      -> N   5,445,325/MT  +26.1%  (2026-08-03)
2026-07-20 07:34:03.776 | INFO     | __main__:forecast_commodity:294 -   monthly      -> N   5,543,515/MT  +28.4%  (2026-08-17)
2026-07-20 07:34:03.778 | INFO     | __main__:forecast_commodity:294 -   3_months     -> N   5,442,629/MT  +26.0%  (2026-10-19)
2026-07-20 07:34:03.780 | INFO     | __main__:forecast_commodity:294 -   6_months     -> N   5,804,830/MT  +34.4%  (2027-01-18)
2026-07-20 07:34:03.784 | INFO     | __main__:run_forecasting:359 -   Meat (beef)
2026-07-20 07:34:03.880 | INFO     | __main__:run_forecasting:375 - 
  Forecast JSON saved -> C:\Users\USER\Downloads\agrolinking-intel-structure\agrolinking-intel\outputs\forecasts\forecast_2026-07-20.json
2026-07-20 07:34:03.884 | INFO     | __main__:run_forecasting:401 -   Daily alert saved -> C:\Users\USER\Downloads\agrolinking-intel-structure\agrolinking-intel\outputs\daily_alerts\alert_2026-07-20.txt
2026-07-20 07:34:03.884 | INFO     | __main__:run_forecasting:402 - 
=================================================================
2026-07-20 07:34:03.892 | INFO     | __main__:run_forecasting:403 -   DAILY PRICE ALERT
2026-07-20 07:34:03.892 | INFO     | __main__:run_forecasting:404 - =================================================================
2026-07-20 07:34:03.892 | INFO     | __main__:run_forecasting:406 -   AGROLINKING COMMODITY INTELLIGENCE ALERT
2026-07-20 07:34:03.892 | INFO     | __main__:run_forecasting:406 -   Monday, 20 July 2026
2026-07-20 07:34:03.892 | INFO     | __main__:run_forecasting:406 -   ─────────────────────────────────────────────
2026-07-20 07:34:03.892 | INFO     | __main__:run_forecasting:406 -   Hibiscus               N   2,246,510/MT  -2.4%
2026-07-20 07:34:03.892 | INFO     | __main__:run_forecasting:406 -   Sesame                 N   1,561,546/MT  -4.6%
2026-07-20 07:34:03.892 | INFO     | __main__:run_forecasting:406 -   Ginger                 N  12,368,779/MT  +2.0%
2026-07-20 07:34:03.892 | INFO     | __main__:run_forecasting:406 -   Cocoa                  N   8,903,259/MT  +57.6%
2026-07-20 07:34:03.897 | INFO     | __main__:run_forecasting:406 -   Soybeans               N     845,796/MT  +13.5%
2026-07-20 07:34:03.898 | INFO     | __main__:run_forecasting:406 -   Cashew Nuts            N   2,133,452/MT  +7.1%
2026-07-20 07:34:03.899 | INFO     | __main__:run_forecasting:406 -   Sorghum                N     461,785/MT  +29.7%
2026-07-20 07:34:03.900 | INFO     | __main__:run_forecasting:406 -   Beans (white)          N   1,007,928/MT  +21.7%
2026-07-20 07:34:03.901 | INFO     | __main__:run_forecasting:406 -   Beans (red)            N     834,698/MT  -7.7%
2026-07-20 07:34:03.901 | INFO     | __main__:run_forecasting:406 -   Maize (white)          N     371,183/MT  -0.2%
2026-07-20 07:34:03.902 | INFO     | __main__:run_forecasting:406 -   Maize (yellow)         N     414,049/MT  +2.4%
2026-07-20 07:34:03.903 | INFO     | __main__:run_forecasting:406 -   Wheat                  N     766,155/MT  +6.9%
2026-07-20 07:34:03.904 | INFO     | __main__:run_forecasting:406 -   Rice                   N   1,670,444/MT  +6.0%
2026-07-20 07:34:03.904 | INFO     | __main__:run_forecasting:406 -   Eggs                   N       6,988/MT  -2.6%
2026-07-20 07:34:03.904 | INFO     | __main__:run_forecasting:406 -   Fish (dried)           N   2,444,780/MT  -9.2%
2026-07-20 07:34:03.905 | INFO     | __main__:run_forecasting:406 -   Meat (goat)            N   5,801,110/MT  +15.7%
2026-07-20 07:34:03.905 | INFO     | __main__:run_forecasting:406 -   Meat (beef)            N   5,259,198/MT  +21.8%
2026-07-20 07:34:03.907 | INFO     | __main__:run_forecasting:406 -   ─────────────────────────────────────────────
2026-07-20 07:34:03.907 | INFO     | __main__:run_forecasting:406 -   Source: Agrolinking Intelligence Platform
2026-07-20 07:34:03.907 | INFO     | __main__:run_forecasting:406 -   Next update: 21 Jul 2026
2026-07-20 07:34:03.908 | INFO     | __main__:run_forecasting:409 - 
======================================================================
2026-07-20 07:34:03.908 | INFO     | __main__:run_forecasting:410 -   FORECAST SUMMARY
2026-07-20 07:34:03.909 | INFO     | __main__:run_forecasting:411 - ======================================================================
2026-07-20 07:34:03.910 | INFO     | __main__:run_forecasting:413 -   Commodity                      daily        weekly       monthly      3_months      6_months
2026-07-20 07:34:03.912 | INFO     | __main__:run_forecasting:414 -   ---------------------------------------------------------------------------
2026-07-20 07:34:03.914 | INFO     | __main__:run_forecasting:420 -   Hibiscus                N 2,246,510  N 2,246,510  N 2,120,548  N 2,125,105  N 2,415,195
2026-07-20 07:34:03.915 | INFO     | __main__:run_forecasting:420 -   Sesame                  N 1,561,546  N 1,561,546  N 1,565,092  N 1,501,563  N 1,652,489
2026-07-20 07:34:03.920 | INFO     | __main__:run_forecasting:420 -   Ginger                  N12,368,779  N12,368,779  N12,293,633  N12,058,933  N13,682,393
2026-07-20 07:34:03.922 | INFO     | __main__:run_forecasting:420 -   Cocoa                   N 8,903,259  N 8,903,259  N 9,432,260  N 9,039,668  N 9,456,097
2026-07-20 07:34:03.923 | INFO     | __main__:run_forecasting:420 -   Soybeans                N   845,796  N   845,796  N   857,006  N   845,901  N   859,942
2026-07-20 07:34:03.924 | INFO     | __main__:run_forecasting:420 -   Cashew Nuts             N 2,133,452  N 2,133,452  N 2,253,621  N 2,187,682  N 2,187,631
2026-07-20 07:34:03.924 | INFO     | __main__:run_forecasting:420 -   Sorghum                 N   461,785  N   461,785  N   474,341  N   451,997  N   420,753
2026-07-20 07:34:03.925 | INFO     | __main__:run_forecasting:420 -   Beans (white)           N 1,007,928  N 1,007,928  N   987,815  N 1,010,549  N 1,019,679
2026-07-20 07:34:03.925 | INFO     | __main__:run_forecasting:420 -   Beans (red)             N   834,698  N   834,698  N   826,662  N   761,106  N   693,935
2026-07-20 07:34:03.926 | INFO     | __main__:run_forecasting:420 -   Maize (white)           N   371,183  N   371,183  N   370,811  N   364,351  N   377,895
2026-07-20 07:34:03.926 | INFO     | __main__:run_forecasting:420 -   Maize (yellow)          N   414,049  N   414,049  N   422,352  N   412,269  N   427,224
2026-07-20 07:34:03.927 | INFO     | __main__:run_forecasting:420 -   Wheat                   N   766,155  N   766,155  N   740,102  N   761,616  N   789,137
2026-07-20 07:34:03.928 | INFO     | __main__:run_forecasting:420 -   Rice                    N 1,670,444  N 1,670,444  N 1,699,444  N 1,713,210  N 1,755,840
2026-07-20 07:34:03.929 | INFO     | __main__:run_forecasting:420 -   Eggs                    N     6,988  N     6,988  N     6,981  N     7,483  N     7,781
2026-07-20 07:34:03.931 | INFO     | __main__:run_forecasting:420 -   Fish (dried)            N 2,444,780  N 2,444,780  N 2,434,615  N 2,370,232  N 2,524,788
2026-07-20 07:34:03.931 | INFO     | __main__:run_forecasting:420 -   Meat (goat)             N 5,801,110  N 5,801,110  N 5,836,070  N 5,884,150  N 6,368,834
2026-07-20 07:34:03.932 | INFO     | __main__:run_forecasting:420 -   Meat (beef)             N 5,259,198  N 5,259,198  N 5,543,515  N 5,442,629  N 5,804,830
2026-07-20 07:34:03.932 | INFO     | __main__:run_forecasting:421 - ======================================================================
2026-07-20 07:34:03.933 | SUCCESS  | __main__:run_forecasting:425 - FORECASTING COMPLETE — 17/17 commodities
