2026-05-15 02:00:30.285 | INFO     | __main__:run_forecasting:648 - ============================================================
2026-05-15 02:00:30.288 | INFO     | __main__:run_forecasting:649 - STEP 5 — FORECASTING ENGINE
2026-05-15 02:00:30.288 | INFO     | __main__:run_forecasting:650 -   Run date  : Friday, 15 May 2026
2026-05-15 02:00:30.290 | INFO     | __main__:run_forecasting:651 -   Commodities: 12
2026-05-15 02:00:30.290 | INFO     | __main__:run_forecasting:652 -   Horizons  : ['daily', 'weekly', '2_weeks', 'monthly', '3_months', '6_months']
2026-05-15 02:00:30.290 | INFO     | __main__:run_forecasting:653 - ============================================================
2026-05-15 02:00:30.290 | INFO     | __main__:run_forecasting:656 - 
[1/12] Forecasting Hibiscus...
2026-05-15 02:00:50.469 | DEBUG    | __main__:forecast_commodity:565 -   [Hibiscus] 3/3 models generated forecasts
2026-05-15 02:00:50.496 | INFO     | __main__:run_forecasting:666 -   daily        → ₦    2,208,081/MT  ↓ -5.0%  (2026-05-18)
2026-05-15 02:00:50.505 | INFO     | __main__:run_forecasting:666 -   weekly       → ₦    2,208,081/MT  ↓ -5.0%  (2026-05-18)
2026-05-15 02:00:50.539 | INFO     | __main__:run_forecasting:666 -   2_weeks      → ₦    2,227,226/MT  ↓ -4.2%  (2026-05-25)
2026-05-15 02:00:50.600 | INFO     | __main__:run_forecasting:666 -   monthly      → ₦    2,196,143/MT  ↓ -5.5%  (2026-06-08)
2026-05-15 02:00:50.615 | INFO     | __main__:run_forecasting:666 -   3_months     → ₦    2,110,058/MT  ↓ -9.2%  (2026-08-10)
2026-05-15 02:00:50.622 | INFO     | __main__:run_forecasting:666 -   6_months     → ₦    2,148,335/MT  ↓ -7.6%  (2026-11-09)
2026-05-15 02:00:50.634 | INFO     | __main__:run_forecasting:672 -   ✅ Hibiscus
2026-05-15 02:00:50.638 | INFO     | __main__:run_forecasting:656 - 
[2/12] Forecasting Sesame...
2026-05-15 02:00:53.766 | DEBUG    | __main__:forecast_commodity:565 -   [Sesame] 3/3 models generated forecasts
2026-05-15 02:00:53.775 | INFO     | __main__:run_forecasting:666 -   daily        → ₦    1,265,462/MT  ↑ +1.6%  (2026-05-18)
2026-05-15 02:00:53.776 | INFO     | __main__:run_forecasting:666 -   weekly       → ₦    1,265,462/MT  ↑ +1.6%  (2026-05-18)
2026-05-15 02:00:53.776 | INFO     | __main__:run_forecasting:666 -   2_weeks      → ₦    1,241,277/MT  ↓ -0.3%  (2026-05-25)
2026-05-15 02:00:53.778 | INFO     | __main__:run_forecasting:666 -   monthly      → ₦    1,289,739/MT  ↑ +3.6%  (2026-06-08)
2026-05-15 02:00:53.778 | INFO     | __main__:run_forecasting:666 -   3_months     → ₦    1,279,240/MT  ↑ +2.8%  (2026-08-10)
2026-05-15 02:00:53.778 | INFO     | __main__:run_forecasting:666 -   6_months     → ₦    1,267,211/MT  ↑ +1.8%  (2026-11-09)
2026-05-15 02:00:53.780 | INFO     | __main__:run_forecasting:672 -   ✅ Sesame
2026-05-15 02:00:53.780 | INFO     | __main__:run_forecasting:656 - 
[3/12] Forecasting Ginger...
2026-05-15 02:00:56.113 | DEBUG    | __main__:forecast_commodity:565 -   [Ginger] 3/3 models generated forecasts
2026-05-15 02:00:56.122 | INFO     | __main__:run_forecasting:666 -   daily        → ₦    9,492,574/MT  ↓ -2.1%  (2026-05-18)
2026-05-15 02:00:56.123 | INFO     | __main__:run_forecasting:666 -   weekly       → ₦    9,492,574/MT  ↓ -2.1%  (2026-05-18)
2026-05-15 02:00:56.123 | INFO     | __main__:run_forecasting:666 -   2_weeks      → ₦    9,456,921/MT  ↓ -2.5%  (2026-05-25)
2026-05-15 02:00:56.125 | INFO     | __main__:run_forecasting:666 -   monthly      → ₦    9,384,826/MT  ↓ -3.2%  (2026-06-08)
2026-05-15 02:00:56.125 | INFO     | __main__:run_forecasting:666 -   3_months     → ₦    9,010,336/MT  ↓ -7.1%  (2026-08-10)
2026-05-15 02:00:56.125 | INFO     | __main__:run_forecasting:666 -   6_months     → ₦    8,789,299/MT  ↓ -9.4%  (2026-11-09)
2026-05-15 02:00:56.127 | INFO     | __main__:run_forecasting:672 -   ✅ Ginger
2026-05-15 02:00:56.129 | INFO     | __main__:run_forecasting:656 - 
[4/12] Forecasting Cocoa...
2026-05-15 02:00:58.445 | DEBUG    | __main__:forecast_commodity:565 -   [Cocoa] 3/3 models generated forecasts
2026-05-15 02:00:58.456 | INFO     | __main__:run_forecasting:666 -   daily        → ₦    6,377,142/MT  ↑ +12.9%  (2026-05-18)
2026-05-15 02:00:58.456 | INFO     | __main__:run_forecasting:666 -   weekly       → ₦    6,377,142/MT  ↑ +12.9%  (2026-05-18)
2026-05-15 02:00:58.458 | INFO     | __main__:run_forecasting:666 -   2_weeks      → ₦    6,752,397/MT  ↑ +19.5%  (2026-05-25)
2026-05-15 02:00:58.458 | INFO     | __main__:run_forecasting:666 -   monthly      → ₦    7,042,024/MT  ↑ +24.6%  (2026-06-08)
2026-05-15 02:00:58.458 | INFO     | __main__:run_forecasting:666 -   3_months     → ₦    7,055,788/MT  ↑ +24.9%  (2026-08-10)
2026-05-15 02:00:58.460 | INFO     | __main__:run_forecasting:666 -   6_months     → ₦    6,956,051/MT  ↑ +23.1%  (2026-11-09)
2026-05-15 02:00:58.460 | INFO     | __main__:run_forecasting:672 -   ✅ Cocoa
2026-05-15 02:00:58.462 | INFO     | __main__:run_forecasting:656 - 
[5/12] Forecasting Soybeans...
2026-05-15 02:01:01.023 | DEBUG    | __main__:forecast_commodity:565 -   [Soybeans] 3/3 models generated forecasts
2026-05-15 02:01:01.036 | INFO     | __main__:run_forecasting:666 -   daily        → ₦      766,895/MT  ↑ +2.9%  (2026-05-18)
2026-05-15 02:01:01.036 | INFO     | __main__:run_forecasting:666 -   weekly       → ₦      766,895/MT  ↑ +2.9%  (2026-05-18)
2026-05-15 02:01:01.036 | INFO     | __main__:run_forecasting:666 -   2_weeks      → ₦      744,663/MT  ↓ -0.1%  (2026-05-25)
2026-05-15 02:01:01.039 | INFO     | __main__:run_forecasting:666 -   monthly      → ₦      718,571/MT  ↓ -3.5%  (2026-06-08)
2026-05-15 02:01:01.039 | INFO     | __main__:run_forecasting:666 -   3_months     → ₦      653,264/MT  ↓ -12.3%  (2026-08-10)
2026-05-15 02:01:01.040 | INFO     | __main__:run_forecasting:666 -   6_months     → ₦      634,077/MT  ↓ -14.9%  (2026-11-09)
2026-05-15 02:01:01.040 | INFO     | __main__:run_forecasting:672 -   ✅ Soybeans
2026-05-15 02:01:01.040 | INFO     | __main__:run_forecasting:656 - 
[6/12] Forecasting Cashew Nuts...
2026-05-15 02:01:03.295 | DEBUG    | __main__:forecast_commodity:565 -   [Cashew Nuts] 3/3 models generated forecasts
2026-05-15 02:01:03.305 | INFO     | __main__:run_forecasting:666 -   daily        → ₦    1,396,061/MT  ↓ -28.4%  (2026-05-18)
2026-05-15 02:01:03.305 | INFO     | __main__:run_forecasting:666 -   weekly       → ₦    1,396,061/MT  ↓ -28.4%  (2026-05-18)
2026-05-15 02:01:03.305 | INFO     | __main__:run_forecasting:666 -   2_weeks      → ₦    1,405,431/MT  ↓ -27.9%  (2026-05-25)
2026-05-15 02:01:03.307 | INFO     | __main__:run_forecasting:666 -   monthly      → ₦    1,500,244/MT  ↓ -23.1%  (2026-06-08)
2026-05-15 02:01:03.307 | INFO     | __main__:run_forecasting:666 -   3_months     → ₦    1,589,512/MT  ↓ -18.5%  (2026-08-10)
2026-05-15 02:01:03.308 | INFO     | __main__:run_forecasting:666 -   6_months     → ₦    1,794,830/MT  ↓ -8.0%  (2026-11-09)
2026-05-15 02:01:03.308 | INFO     | __main__:run_forecasting:672 -   ✅ Cashew Nuts
2026-05-15 02:01:03.308 | INFO     | __main__:run_forecasting:656 - 
[7/12] Forecasting Sorghum...
2026-05-15 02:01:07.425 | DEBUG    | __main__:forecast_commodity:565 -   [Sorghum] 3/3 models generated forecasts
2026-05-15 02:01:07.434 | INFO     | __main__:run_forecasting:666 -   daily        → ₦      372,845/MT  ↑ +11.3%  (2026-05-18)
2026-05-15 02:01:07.434 | INFO     | __main__:run_forecasting:666 -   weekly       → ₦      372,845/MT  ↑ +11.3%  (2026-05-18)
2026-05-15 02:01:07.436 | INFO     | __main__:run_forecasting:666 -   2_weeks      → ₦      357,263/MT  ↑ +6.7%  (2026-05-25)
2026-05-15 02:01:07.436 | INFO     | __main__:run_forecasting:666 -   monthly      → ₦      365,369/MT  ↑ +9.1%  (2026-06-08)
2026-05-15 02:01:07.436 | INFO     | __main__:run_forecasting:666 -   3_months     → ₦      369,972/MT  ↑ +10.4%  (2026-08-10)
2026-05-15 02:01:07.439 | INFO     | __main__:run_forecasting:666 -   6_months     → ₦      376,828/MT  ↑ +12.5%  (2026-11-09)
2026-05-15 02:01:07.442 | INFO     | __main__:run_forecasting:672 -   ✅ Sorghum
2026-05-15 02:01:07.446 | INFO     | __main__:run_forecasting:656 - 
[8/12] Forecasting Beans (white)...
2026-05-15 02:01:11.203 | DEBUG    | __main__:forecast_commodity:565 -   [Beans (white)] 3/3 models generated forecasts
2026-05-15 02:01:11.217 | INFO     | __main__:run_forecasting:666 -   daily        → ₦      669,939/MT  ↓ -17.6%  (2026-05-18)
2026-05-15 02:01:11.219 | INFO     | __main__:run_forecasting:666 -   weekly       → ₦      669,939/MT  ↓ -17.6%  (2026-05-18)
2026-05-15 02:01:11.221 | INFO     | __main__:run_forecasting:666 -   2_weeks      → ₦      658,840/MT  ↓ -19.0%  (2026-05-25)
2026-05-15 02:01:11.227 | INFO     | __main__:run_forecasting:666 -   monthly      → ₦      647,341/MT  ↓ -20.4%  (2026-06-08)
2026-05-15 02:01:11.229 | INFO     | __main__:run_forecasting:666 -   3_months     → ₦      627,815/MT  ↓ -22.8%  (2026-08-10)
2026-05-15 02:01:11.238 | INFO     | __main__:run_forecasting:666 -   6_months     → ₦      609,332/MT  ↓ -25.1%  (2026-11-09)
2026-05-15 02:01:11.243 | INFO     | __main__:run_forecasting:672 -   ✅ Beans (white)
2026-05-15 02:01:11.243 | INFO     | __main__:run_forecasting:656 - 
[9/12] Forecasting Beans (red)...
2026-05-15 02:01:14.783 | DEBUG    | __main__:forecast_commodity:565 -   [Beans (red)] 3/3 models generated forecasts
2026-05-15 02:01:14.795 | INFO     | __main__:run_forecasting:666 -   daily        → ₦      607,926/MT  ↓ -33.6%  (2026-05-18)
2026-05-15 02:01:14.796 | INFO     | __main__:run_forecasting:666 -   weekly       → ₦      607,926/MT  ↓ -33.6%  (2026-05-18)
2026-05-15 02:01:14.798 | INFO     | __main__:run_forecasting:666 -   2_weeks      → ₦      607,252/MT  ↓ -33.6%  (2026-05-25)
2026-05-15 02:01:14.798 | INFO     | __main__:run_forecasting:666 -   monthly      → ₦      608,046/MT  ↓ -33.5%  (2026-06-08)
2026-05-15 02:01:14.800 | INFO     | __main__:run_forecasting:666 -   3_months     → ₦      601,482/MT  ↓ -34.3%  (2026-08-10)
2026-05-15 02:01:14.804 | INFO     | __main__:run_forecasting:666 -   6_months     → ₦      593,908/MT  ↓ -35.1%  (2026-11-09)
2026-05-15 02:01:14.805 | INFO     | __main__:run_forecasting:672 -   ✅ Beans (red)
2026-05-15 02:01:14.811 | INFO     | __main__:run_forecasting:656 - 
[10/12] Forecasting Maize (white)...
2026-05-15 02:01:17.863 | DEBUG    | __main__:forecast_commodity:565 -   [Maize (white)] 3/3 models generated forecasts
2026-05-15 02:01:17.874 | INFO     | __main__:run_forecasting:666 -   daily        → ₦      342,812/MT  ↑ +62.5%  (2026-05-18)
2026-05-15 02:01:17.874 | INFO     | __main__:run_forecasting:666 -   weekly       → ₦      342,812/MT  ↑ +62.5%  (2026-05-18)
2026-05-15 02:01:17.876 | INFO     | __main__:run_forecasting:666 -   2_weeks      → ₦      340,825/MT  ↑ +61.5%  (2026-05-25)
2026-05-15 02:01:17.880 | INFO     | __main__:run_forecasting:666 -   monthly      → ₦      342,884/MT  ↑ +62.5%  (2026-06-08)
2026-05-15 02:01:17.880 | INFO     | __main__:run_forecasting:666 -   3_months     → ₦      353,142/MT  ↑ +67.4%  (2026-08-10)
2026-05-15 02:01:17.882 | INFO     | __main__:run_forecasting:666 -   6_months     → ₦      367,789/MT  ↑ +74.3%  (2026-11-09)
2026-05-15 02:01:17.884 | INFO     | __main__:run_forecasting:672 -   ✅ Maize (white)
2026-05-15 02:01:17.886 | INFO     | __main__:run_forecasting:656 - 
[11/12] Forecasting Maize (yellow)...
2026-05-15 02:01:20.596 | DEBUG    | __main__:forecast_commodity:565 -   [Maize (yellow)] 3/3 models generated forecasts
2026-05-15 02:01:20.608 | INFO     | __main__:run_forecasting:666 -   daily        → ₦      374,017/MT  ↑ +64.5%  (2026-05-18)
2026-05-15 02:01:20.610 | INFO     | __main__:run_forecasting:666 -   weekly       → ₦      374,017/MT  ↑ +64.5%  (2026-05-18)
2026-05-15 02:01:20.611 | INFO     | __main__:run_forecasting:666 -   2_weeks      → ₦      372,564/MT  ↑ +63.8%  (2026-05-25)
2026-05-15 02:01:20.612 | INFO     | __main__:run_forecasting:666 -   monthly      → ₦      376,817/MT  ↑ +65.7%  (2026-06-08)
2026-05-15 02:01:20.614 | INFO     | __main__:run_forecasting:666 -   3_months     → ₦      388,868/MT  ↑ +71.0%  (2026-08-10)
2026-05-15 02:01:20.615 | INFO     | __main__:run_forecasting:666 -   6_months     → ₦      401,947/MT  ↑ +76.8%  (2026-11-09)
2026-05-15 02:01:20.615 | INFO     | __main__:run_forecasting:672 -   ✅ Maize (yellow)
2026-05-15 02:01:20.617 | INFO     | __main__:run_forecasting:656 - 
[12/12] Forecasting Wheat...
2026-05-15 02:01:23.504 | DEBUG    | __main__:forecast_commodity:565 -   [Wheat] 3/3 models generated forecasts
2026-05-15 02:01:23.514 | INFO     | __main__:run_forecasting:666 -   daily        → ₦      668,554/MT  ↓ -5.4%  (2026-05-18)
2026-05-15 02:01:23.516 | INFO     | __main__:run_forecasting:666 -   weekly       → ₦      668,554/MT  ↓ -5.4%  (2026-05-18)
2026-05-15 02:01:23.516 | INFO     | __main__:run_forecasting:666 -   2_weeks      → ₦      661,036/MT  ↓ -6.5%  (2026-05-25)
2026-05-15 02:01:23.516 | INFO     | __main__:run_forecasting:666 -   monthly      → ₦      659,097/MT  ↓ -6.8%  (2026-06-08)
2026-05-15 02:01:23.518 | INFO     | __main__:run_forecasting:666 -   3_months     → ₦      653,255/MT  ↓ -7.6%  (2026-08-10)
2026-05-15 02:01:23.518 | INFO     | __main__:run_forecasting:666 -   6_months     → ₦      660,904/MT  ↓ -6.5%  (2026-11-09)
2026-05-15 02:01:23.519 | INFO     | __main__:run_forecasting:672 -   ✅ Wheat
2026-05-15 02:01:23.848 | INFO     | __main__:run_forecasting:681 - 
  Forecast JSON saved → C:\Users\USER\Downloads\agrolinking-intel-structure\agrolinking-intel\outputs\forecasts\forecast_2026-05-15.json
2026-05-15 02:01:23.855 | INFO     | __main__:run_forecasting:689 -   Daily alert saved → C:\Users\USER\Downloads\agrolinking-intel-structure\agrolinking-intel\outputs\daily_alerts\alert_2026-05-15.txt
2026-05-15 02:01:23.859 | INFO     | __main__:run_forecasting:692 - 
============================================================
2026-05-15 02:01:23.860 | INFO     | __main__:run_forecasting:693 -   DAILY PRICE ALERT
2026-05-15 02:01:23.863 | INFO     | __main__:run_forecasting:694 - ============================================================
2026-05-15 02:01:23.865 | INFO     | __main__:run_forecasting:696 -   📊 AGROLINKING COMMODITY INTELLIGENCE ALERT
2026-05-15 02:01:23.869 | INFO     | __main__:run_forecasting:696 -   📅 Friday, 15 May 2026
2026-05-15 02:01:23.872 | INFO     | __main__:run_forecasting:696 -   ─────────────────────────────────────────────
2026-05-15 02:01:23.873 | INFO     | __main__:run_forecasting:696 -   ▼ Hibiscus           ₦    2,208,081/MT  -5.0%
2026-05-15 02:01:23.875 | INFO     | __main__:run_forecasting:696 -   ▲ Sesame             ₦    1,265,462/MT  ++1.6%
2026-05-15 02:01:23.875 | INFO     | __main__:run_forecasting:696 -   ▼ Ginger             ₦    9,492,574/MT  -2.1%
2026-05-15 02:01:23.875 | INFO     | __main__:run_forecasting:696 -   ▲ Cocoa              ₦    6,377,142/MT  ++12.9%
2026-05-15 02:01:23.879 | INFO     | __main__:run_forecasting:696 -   ▲ Soybeans           ₦      766,895/MT  ++2.9%
2026-05-15 02:01:23.881 | INFO     | __main__:run_forecasting:696 -   ▼ Cashew Nuts        ₦    1,396,061/MT  -28.4%
2026-05-15 02:01:23.883 | INFO     | __main__:run_forecasting:696 -   ▲ Sorghum            ₦      372,845/MT  ++11.3%
2026-05-15 02:01:23.886 | INFO     | __main__:run_forecasting:696 -   ▼ Beans (white)      ₦      669,939/MT  -17.6%
2026-05-15 02:01:23.888 | INFO     | __main__:run_forecasting:696 -   ▼ Beans (red)        ₦      607,926/MT  -33.6%
2026-05-15 02:01:23.890 | INFO     | __main__:run_forecasting:696 -   ▲ Maize (white)      ₦      342,812/MT  ++62.5%
2026-05-15 02:01:23.890 | INFO     | __main__:run_forecasting:696 -   ▲ Maize (yellow)     ₦      374,017/MT  ++64.5%
2026-05-15 02:01:23.893 | INFO     | __main__:run_forecasting:696 -   ▼ Wheat              ₦      668,554/MT  -5.4%
2026-05-15 02:01:23.893 | INFO     | __main__:run_forecasting:696 -   ─────────────────────────────────────────────
2026-05-15 02:01:23.895 | INFO     | __main__:run_forecasting:696 -   Source: Agrolinking Intelligence Platform
2026-05-15 02:01:23.895 | INFO     | __main__:run_forecasting:696 -   Next update: 16 May 2026
2026-05-15 02:01:23.905 | INFO     | __main__:run_forecasting:700 - 
  Note: master append handled by 06_validate.py (corrected prices).
2026-05-15 02:01:23.907 | INFO     | __main__:run_forecasting:704 - 
======================================================================
2026-05-15 02:01:23.909 | INFO     | __main__:run_forecasting:705 -   FORECAST SUMMARY — ALL COMMODITIES
2026-05-15 02:01:23.909 | INFO     | __main__:run_forecasting:706 - ======================================================================
2026-05-15 02:01:23.911 | INFO     | __main__:run_forecasting:707 -   Commodity                     Today         1 Week        1 Month       3 Months       6 Months
2026-05-15 02:01:23.913 | INFO     | __main__:run_forecasting:712 -   ----------------------------------------------------------------------------------
2026-05-15 02:01:23.916 | INFO     | __main__:run_forecasting:725 -   Hibiscus             ₦   2,208,081  ₦   2,208,081  ₦   2,196,143  ₦   2,110,058  ₦   2,148,335
2026-05-15 02:01:23.918 | INFO     | __main__:run_forecasting:725 -   Sesame               ₦   1,265,462  ₦   1,265,462  ₦   1,289,739  ₦   1,279,240  ₦   1,267,211
2026-05-15 02:01:23.921 | INFO     | __main__:run_forecasting:725 -   Ginger               ₦   9,492,574  ₦   9,492,574  ₦   9,384,826  ₦   9,010,336  ₦   8,789,299
2026-05-15 02:01:23.929 | INFO     | __main__:run_forecasting:725 -   Cocoa                ₦   6,377,142  ₦   6,377,142  ₦   7,042,024  ₦   7,055,788  ₦   6,956,051
2026-05-15 02:01:23.931 | INFO     | __main__:run_forecasting:725 -   Soybeans             ₦     766,895  ₦     766,895  ₦     718,571  ₦     653,264  ₦     634,077
2026-05-15 02:01:23.934 | INFO     | __main__:run_forecasting:725 -   Cashew Nuts          ₦   1,396,061  ₦   1,396,061  ₦   1,500,244  ₦   1,589,512  ₦   1,794,830
2026-05-15 02:01:23.936 | INFO     | __main__:run_forecasting:725 -   Sorghum              ₦     372,845  ₦     372,845  ₦     365,369  ₦     369,972  ₦     376,828
2026-05-15 02:01:23.938 | INFO     | __main__:run_forecasting:725 -   Beans (white)        ₦     669,939  ₦     669,939  ₦     647,341  ₦     627,815  ₦     609,332
2026-05-15 02:01:23.942 | INFO     | __main__:run_forecasting:725 -   Beans (red)          ₦     607,926  ₦     607,926  ₦     608,046  ₦     601,482  ₦     593,908
2026-05-15 02:01:23.945 | INFO     | __main__:run_forecasting:725 -   Maize (white)        ₦     342,812  ₦     342,812  ₦     342,884  ₦     353,142  ₦     367,789
2026-05-15 02:01:23.948 | INFO     | __main__:run_forecasting:725 -   Maize (yellow)       ₦     374,017  ₦     374,017  ₦     376,817  ₦     388,868  ₦     401,947
2026-05-15 02:01:23.950 | INFO     | __main__:run_forecasting:725 -   Wheat                ₦     668,554  ₦     668,554  ₦     659,097  ₦     653,255  ₦     660,904
2026-05-15 02:01:23.950 | INFO     | __main__:run_forecasting:734 - ======================================================================
2026-05-15 02:01:23.952 | SUCCESS  | __main__:run_forecasting:735 - FORECASTING COMPLETE — 12/12 commodities
2026-05-15 02:01:23.956 | INFO     | __main__:run_forecasting:739 - ======================================================================
