2026-06-03 06:23:32.491 | INFO     | __main__:run_forecasting:302 - =================================================================
2026-06-03 06:23:32.491 | INFO     | __main__:run_forecasting:303 - STEP 5 — FORECASTING ENGINE
2026-06-03 06:23:32.495 | INFO     | __main__:run_forecasting:304 -   Run date   : Wednesday, 03 June 2026
2026-06-03 06:23:32.495 | INFO     | __main__:run_forecasting:305 -   Commodities: 13
2026-06-03 06:23:32.495 | INFO     | __main__:run_forecasting:306 -   Horizons   : ['daily', 'weekly', '2_weeks', 'monthly', '3_months', '6_months']
2026-06-03 06:23:32.497 | INFO     | __main__:run_forecasting:307 -   Ensemble   : ARIMA + Prophet + Holt-Winters + XGBoost + LightGBM
2026-06-03 06:23:32.497 | INFO     | __main__:run_forecasting:308 - =================================================================
2026-06-03 06:23:32.692 | INFO     | __main__:run_forecasting:325 - 
[1/13] Forecasting Hibiscus...
2026-06-03 06:23:41.795 | DEBUG    | __main__:forecast_holt_winters:131 -     Holt-Winters forecast failed: positive() got an unexpected keyword argument 'lower'
2026-06-03 06:23:41.800 | DEBUG    | __main__:forecast_tree:163 -     Tree forecast failed: Feature shape mismatch, expected: 18, got 16
2026-06-03 06:23:41.800 | INFO     | __main__:forecast_commodity:266 -   daily        -> N   2,188,767/MT  -4.4%  (2026-06-08)
2026-06-03 06:23:41.801 | INFO     | __main__:forecast_commodity:266 -   weekly       -> N   2,188,767/MT  -4.4%  (2026-06-15)
2026-06-03 06:23:41.802 | INFO     | __main__:forecast_commodity:266 -   2_weeks      -> N   2,173,619/MT  -5.0%  (2026-06-22)
2026-06-03 06:23:41.802 | INFO     | __main__:forecast_commodity:266 -   monthly      -> N   2,189,318/MT  -4.3%  (2026-07-06)
2026-06-03 06:23:41.803 | INFO     | __main__:forecast_commodity:266 -   3_months     -> N   2,119,055/MT  -7.4%  (2026-09-07)
2026-06-03 06:23:41.804 | INFO     | __main__:forecast_commodity:266 -   6_months     -> N   2,008,861/MT  -12.2%  (2026-12-07)
2026-06-03 06:23:41.806 | INFO     | __main__:run_forecasting:331 -   Hibiscus
2026-06-03 06:23:41.807 | INFO     | __main__:run_forecasting:325 - 
[2/13] Forecasting Sesame...
2026-06-03 06:23:42.203 | DEBUG    | __main__:forecast_holt_winters:131 -     Holt-Winters forecast failed: positive() got an unexpected keyword argument 'lower'
2026-06-03 06:23:42.212 | DEBUG    | __main__:forecast_tree:163 -     Tree forecast failed: Feature shape mismatch, expected: 18, got 16
2026-06-03 06:23:42.215 | INFO     | __main__:forecast_commodity:266 -   daily        -> N   1,606,193/MT  -0.9%  (2026-06-08)
2026-06-03 06:23:42.215 | INFO     | __main__:forecast_commodity:266 -   weekly       -> N   1,606,193/MT  -0.9%  (2026-06-15)
2026-06-03 06:23:42.217 | INFO     | __main__:forecast_commodity:266 -   2_weeks      -> N   1,621,244/MT  -0.0%  (2026-06-22)
2026-06-03 06:23:42.217 | INFO     | __main__:forecast_commodity:266 -   monthly      -> N   1,547,501/MT  -4.5%  (2026-07-06)
2026-06-03 06:23:42.219 | INFO     | __main__:forecast_commodity:266 -   3_months     -> N   1,523,681/MT  -6.0%  (2026-09-07)
2026-06-03 06:23:42.221 | INFO     | __main__:forecast_commodity:266 -   6_months     -> N   1,509,408/MT  -6.9%  (2026-12-07)
2026-06-03 06:23:42.223 | INFO     | __main__:run_forecasting:331 -   Sesame
2026-06-03 06:23:42.224 | INFO     | __main__:run_forecasting:325 - 
[3/13] Forecasting Ginger...
2026-06-03 06:23:42.713 | DEBUG    | __main__:forecast_holt_winters:131 -     Holt-Winters forecast failed: positive() got an unexpected keyword argument 'lower'
2026-06-03 06:23:42.713 | DEBUG    | __main__:forecast_tree:163 -     Tree forecast failed: Feature shape mismatch, expected: 18, got 16
2026-06-03 06:23:42.713 | INFO     | __main__:forecast_commodity:266 -   daily        -> N  12,450,577/MT  +3.7%  (2026-06-08)
2026-06-03 06:23:42.718 | INFO     | __main__:forecast_commodity:266 -   weekly       -> N  12,450,577/MT  +3.7%  (2026-06-15)
2026-06-03 06:23:42.719 | INFO     | __main__:forecast_commodity:266 -   2_weeks      -> N  13,039,776/MT  +8.6%  (2026-06-22)
2026-06-03 06:23:42.720 | INFO     | __main__:forecast_commodity:266 -   monthly      -> N  12,929,504/MT  +7.7%  (2026-07-06)
2026-06-03 06:23:42.720 | INFO     | __main__:forecast_commodity:266 -   3_months     -> N  12,018,898/MT  +0.1%  (2026-09-07)
2026-06-03 06:23:42.722 | INFO     | __main__:forecast_commodity:266 -   6_months     -> N  11,470,895/MT  -4.5%  (2026-12-07)
2026-06-03 06:23:42.724 | INFO     | __main__:run_forecasting:331 -   Ginger
2026-06-03 06:23:42.724 | INFO     | __main__:run_forecasting:325 - 
[4/13] Forecasting Cocoa...
2026-06-03 06:23:43.113 | DEBUG    | __main__:forecast_holt_winters:131 -     Holt-Winters forecast failed: positive() got an unexpected keyword argument 'lower'
2026-06-03 06:23:43.113 | DEBUG    | __main__:forecast_tree:163 -     Tree forecast failed: Feature shape mismatch, expected: 18, got 16
2026-06-03 06:23:43.113 | INFO     | __main__:forecast_commodity:266 -   daily        -> N   7,928,068/MT  +38.5%  (2026-06-08)
2026-06-03 06:23:43.113 | INFO     | __main__:forecast_commodity:266 -   weekly       -> N   7,928,068/MT  +38.5%  (2026-06-15)
2026-06-03 06:23:43.119 | INFO     | __main__:forecast_commodity:266 -   2_weeks      -> N   9,579,426/MT  +67.4%  (2026-06-22)
2026-06-03 06:23:43.119 | INFO     | __main__:forecast_commodity:266 -   monthly      -> N   9,767,612/MT  +70.7%  (2026-07-06)
2026-06-03 06:23:43.119 | INFO     | __main__:forecast_commodity:266 -   3_months     -> N   9,040,845/MT  +58.0%  (2026-09-07)
2026-06-03 06:23:43.121 | INFO     | __main__:forecast_commodity:266 -   6_months     -> N   9,087,073/MT  +58.8%  (2026-12-07)
2026-06-03 06:23:43.126 | INFO     | __main__:run_forecasting:331 -   Cocoa
2026-06-03 06:23:43.127 | INFO     | __main__:run_forecasting:325 - 
[5/13] Forecasting Soybeans...
2026-06-03 06:23:43.553 | DEBUG    | __main__:forecast_holt_winters:131 -     Holt-Winters forecast failed: positive() got an unexpected keyword argument 'lower'
2026-06-03 06:23:43.569 | DEBUG    | __main__:forecast_tree:163 -     Tree forecast failed: Feature shape mismatch, expected: 18, got 16
2026-06-03 06:23:43.571 | INFO     | __main__:forecast_commodity:266 -   daily        -> N     831,846/MT  +10.4%  (2026-06-08)
2026-06-03 06:23:43.577 | INFO     | __main__:forecast_commodity:266 -   weekly       -> N     831,846/MT  +10.4%  (2026-06-15)
2026-06-03 06:23:43.579 | INFO     | __main__:forecast_commodity:266 -   2_weeks      -> N     872,388/MT  +15.7%  (2026-06-22)
2026-06-03 06:23:43.579 | INFO     | __main__:forecast_commodity:266 -   monthly      -> N     878,569/MT  +16.6%  (2026-07-06)
2026-06-03 06:23:43.580 | INFO     | __main__:forecast_commodity:266 -   3_months     -> N     846,268/MT  +12.3%  (2026-09-07)
2026-06-03 06:23:43.586 | INFO     | __main__:forecast_commodity:266 -   6_months     -> N     821,802/MT  +9.0%  (2026-12-07)
2026-06-03 06:23:43.590 | INFO     | __main__:run_forecasting:331 -   Soybeans
2026-06-03 06:23:43.596 | INFO     | __main__:run_forecasting:325 - 
[6/13] Forecasting Cashew Nuts...
2026-06-03 06:23:44.060 | DEBUG    | __main__:forecast_holt_winters:131 -     Holt-Winters forecast failed: positive() got an unexpected keyword argument 'lower'
2026-06-03 06:23:44.063 | DEBUG    | __main__:forecast_tree:163 -     Tree forecast failed: Feature shape mismatch, expected: 18, got 16
2026-06-03 06:23:44.065 | INFO     | __main__:forecast_commodity:266 -   daily        -> N   2,071,577/MT  +4.4%  (2026-06-08)
2026-06-03 06:23:44.074 | INFO     | __main__:forecast_commodity:266 -   weekly       -> N   2,071,577/MT  +4.4%  (2026-06-15)
2026-06-03 06:23:44.082 | INFO     | __main__:forecast_commodity:266 -   2_weeks      -> N   2,138,084/MT  +7.7%  (2026-06-22)
2026-06-03 06:23:44.095 | INFO     | __main__:forecast_commodity:266 -   monthly      -> N   2,131,155/MT  +7.4%  (2026-07-06)
2026-06-03 06:23:44.104 | INFO     | __main__:forecast_commodity:266 -   3_months     -> N   2,182,983/MT  +10.0%  (2026-09-07)
2026-06-03 06:23:44.113 | INFO     | __main__:forecast_commodity:266 -   6_months     -> N   2,108,165/MT  +6.2%  (2026-12-07)
2026-06-03 06:23:44.120 | INFO     | __main__:run_forecasting:331 -   Cashew Nuts
2026-06-03 06:23:44.131 | INFO     | __main__:run_forecasting:325 - 
[7/13] Forecasting Sorghum...
2026-06-03 06:23:44.559 | DEBUG    | __main__:forecast_holt_winters:131 -     Holt-Winters forecast failed: positive() got an unexpected keyword argument 'lower'
2026-06-03 06:23:44.563 | DEBUG    | __main__:forecast_tree:163 -     Tree forecast failed: Feature shape mismatch, expected: 18, got 16
2026-06-03 06:23:44.563 | INFO     | __main__:forecast_commodity:266 -   daily        -> N     507,218/MT  +19.2%  (2026-06-08)
2026-06-03 06:23:44.565 | INFO     | __main__:forecast_commodity:266 -   weekly       -> N     507,218/MT  +19.2%  (2026-06-15)
2026-06-03 06:23:44.565 | INFO     | __main__:forecast_commodity:266 -   2_weeks      -> N     526,144/MT  +23.6%  (2026-06-22)
2026-06-03 06:23:44.565 | INFO     | __main__:forecast_commodity:266 -   monthly      -> N     515,852/MT  +21.2%  (2026-07-06)
2026-06-03 06:23:44.567 | INFO     | __main__:forecast_commodity:266 -   3_months     -> N     514,187/MT  +20.8%  (2026-09-07)
2026-06-03 06:23:44.567 | INFO     | __main__:forecast_commodity:266 -   6_months     -> N     468,819/MT  +10.2%  (2026-12-07)
2026-06-03 06:23:44.571 | INFO     | __main__:run_forecasting:331 -   Sorghum
2026-06-03 06:23:44.571 | INFO     | __main__:run_forecasting:325 - 
[8/13] Forecasting Beans (white)...
2026-06-03 06:23:44.952 | DEBUG    | __main__:forecast_holt_winters:131 -     Holt-Winters forecast failed: positive() got an unexpected keyword argument 'lower'
2026-06-03 06:23:44.954 | DEBUG    | __main__:forecast_tree:163 -     Tree forecast failed: Feature shape mismatch, expected: 18, got 16
2026-06-03 06:23:44.957 | INFO     | __main__:forecast_commodity:266 -   daily        -> N     969,063/MT  +16.9%  (2026-06-08)
2026-06-03 06:23:44.957 | INFO     | __main__:forecast_commodity:266 -   weekly       -> N     969,063/MT  +16.9%  (2026-06-15)
2026-06-03 06:23:44.958 | INFO     | __main__:forecast_commodity:266 -   2_weeks      -> N     984,515/MT  +18.8%  (2026-06-22)
2026-06-03 06:23:44.958 | INFO     | __main__:forecast_commodity:266 -   monthly      -> N     996,644/MT  +20.2%  (2026-07-06)
2026-06-03 06:23:44.959 | INFO     | __main__:forecast_commodity:266 -   3_months     -> N   1,015,185/MT  +22.5%  (2026-09-07)
2026-06-03 06:23:44.961 | INFO     | __main__:forecast_commodity:266 -   6_months     -> N   1,010,353/MT  +21.9%  (2026-12-07)
2026-06-03 06:23:44.964 | INFO     | __main__:run_forecasting:331 -   Beans (white)
2026-06-03 06:23:44.964 | INFO     | __main__:run_forecasting:325 - 
[9/13] Forecasting Beans (red)...
2026-06-03 06:23:45.350 | DEBUG    | __main__:forecast_holt_winters:131 -     Holt-Winters forecast failed: positive() got an unexpected keyword argument 'lower'
2026-06-03 06:23:45.350 | DEBUG    | __main__:forecast_tree:163 -     Tree forecast failed: Feature shape mismatch, expected: 18, got 16
2026-06-03 06:23:45.355 | INFO     | __main__:forecast_commodity:266 -   daily        -> N     836,122/MT  -6.3%  (2026-06-08)
2026-06-03 06:23:45.355 | INFO     | __main__:forecast_commodity:266 -   weekly       -> N     836,122/MT  -6.3%  (2026-06-15)
2026-06-03 06:23:45.356 | INFO     | __main__:forecast_commodity:266 -   2_weeks      -> N     817,282/MT  -8.4%  (2026-06-22)
2026-06-03 06:23:45.356 | INFO     | __main__:forecast_commodity:266 -   monthly      -> N     823,519/MT  -7.8%  (2026-07-06)
2026-06-03 06:23:45.358 | INFO     | __main__:forecast_commodity:266 -   3_months     -> N     802,470/MT  -10.1%  (2026-09-07)
2026-06-03 06:23:45.359 | INFO     | __main__:forecast_commodity:266 -   6_months     -> N     676,589/MT  -24.2%  (2026-12-07)
2026-06-03 06:23:45.361 | INFO     | __main__:run_forecasting:331 -   Beans (red)
2026-06-03 06:23:45.363 | INFO     | __main__:run_forecasting:325 - 
[10/13] Forecasting Maize (white)...
2026-06-03 06:23:45.686 | DEBUG    | __main__:forecast_holt_winters:131 -     Holt-Winters forecast failed: positive() got an unexpected keyword argument 'lower'
2026-06-03 06:23:45.686 | DEBUG    | __main__:forecast_tree:163 -     Tree forecast failed: Feature shape mismatch, expected: 18, got 16
2026-06-03 06:23:45.686 | INFO     | __main__:forecast_commodity:266 -   daily        -> N     375,078/MT  +0.4%  (2026-06-08)
2026-06-03 06:23:45.686 | INFO     | __main__:forecast_commodity:266 -   weekly       -> N     375,078/MT  +0.4%  (2026-06-15)
2026-06-03 06:23:45.693 | INFO     | __main__:forecast_commodity:266 -   2_weeks      -> N     380,225/MT  +1.8%  (2026-06-22)
2026-06-03 06:23:45.693 | INFO     | __main__:forecast_commodity:266 -   monthly      -> N     374,985/MT  +0.4%  (2026-07-06)
2026-06-03 06:23:45.694 | INFO     | __main__:forecast_commodity:266 -   3_months     -> N     369,101/MT  -1.2%  (2026-09-07)
2026-06-03 06:23:45.695 | INFO     | __main__:forecast_commodity:266 -   6_months     -> N     368,108/MT  -1.4%  (2026-12-07)
2026-06-03 06:23:45.701 | INFO     | __main__:run_forecasting:331 -   Maize (white)
2026-06-03 06:23:45.701 | INFO     | __main__:run_forecasting:325 - 
[11/13] Forecasting Maize (yellow)...
2026-06-03 06:23:46.043 | DEBUG    | __main__:forecast_holt_winters:131 -     Holt-Winters forecast failed: positive() got an unexpected keyword argument 'lower'
2026-06-03 06:23:46.049 | DEBUG    | __main__:forecast_tree:163 -     Tree forecast failed: Feature shape mismatch, expected: 18, got 16
2026-06-03 06:23:46.049 | INFO     | __main__:forecast_commodity:266 -   daily        -> N     410,392/MT  +1.4%  (2026-06-08)
2026-06-03 06:23:46.051 | INFO     | __main__:forecast_commodity:266 -   weekly       -> N     410,392/MT  +1.4%  (2026-06-15)
2026-06-03 06:23:46.051 | INFO     | __main__:forecast_commodity:266 -   2_weeks      -> N     412,643/MT  +2.0%  (2026-06-22)
2026-06-03 06:23:46.052 | INFO     | __main__:forecast_commodity:266 -   monthly      -> N     414,642/MT  +2.5%  (2026-07-06)
2026-06-03 06:23:46.052 | INFO     | __main__:forecast_commodity:266 -   3_months     -> N     419,448/MT  +3.6%  (2026-09-07)
2026-06-03 06:23:46.054 | INFO     | __main__:forecast_commodity:266 -   6_months     -> N     420,880/MT  +4.0%  (2026-12-07)
2026-06-03 06:23:46.056 | INFO     | __main__:run_forecasting:331 -   Maize (yellow)
2026-06-03 06:23:46.056 | INFO     | __main__:run_forecasting:325 - 
[12/13] Forecasting Wheat...
2026-06-03 06:23:46.387 | DEBUG    | __main__:forecast_holt_winters:131 -     Holt-Winters forecast failed: positive() got an unexpected keyword argument 'lower'
2026-06-03 06:23:46.387 | DEBUG    | __main__:forecast_tree:163 -     Tree forecast failed: Feature shape mismatch, expected: 18, got 16
2026-06-03 06:23:46.387 | INFO     | __main__:forecast_commodity:266 -   daily        -> N     742,846/MT  +3.6%  (2026-06-08)
2026-06-03 06:23:46.393 | INFO     | __main__:forecast_commodity:266 -   weekly       -> N     742,846/MT  +3.6%  (2026-06-15)
2026-06-03 06:23:46.395 | INFO     | __main__:forecast_commodity:266 -   2_weeks      -> N     752,348/MT  +4.9%  (2026-06-22)
2026-06-03 06:23:46.395 | INFO     | __main__:forecast_commodity:266 -   monthly      -> N     759,537/MT  +5.9%  (2026-07-06)
2026-06-03 06:23:46.397 | INFO     | __main__:forecast_commodity:266 -   3_months     -> N     752,159/MT  +4.9%  (2026-09-07)
2026-06-03 06:23:46.397 | INFO     | __main__:forecast_commodity:266 -   6_months     -> N     763,277/MT  +6.4%  (2026-12-07)
2026-06-03 06:23:46.399 | INFO     | __main__:run_forecasting:331 -   Wheat
2026-06-03 06:23:46.401 | INFO     | __main__:run_forecasting:325 - 
[13/13] Forecasting Rice...
2026-06-03 06:23:46.873 | DEBUG    | __main__:forecast_holt_winters:131 -     Holt-Winters forecast failed: positive() got an unexpected keyword argument 'lower'
2026-06-03 06:23:46.886 | DEBUG    | __main__:forecast_tree:163 -     Tree forecast failed: Feature shape mismatch, expected: 18, got 16
2026-06-03 06:23:46.886 | INFO     | __main__:forecast_commodity:266 -   daily        -> N   1,671,239/MT  +5.5%  (2026-06-08)
2026-06-03 06:23:46.889 | INFO     | __main__:forecast_commodity:266 -   weekly       -> N   1,671,239/MT  +5.5%  (2026-06-15)
2026-06-03 06:23:46.891 | INFO     | __main__:forecast_commodity:266 -   2_weeks      -> N   1,686,024/MT  +6.4%  (2026-06-22)
2026-06-03 06:23:46.901 | INFO     | __main__:forecast_commodity:266 -   monthly      -> N   1,691,491/MT  +6.8%  (2026-07-06)
2026-06-03 06:23:46.901 | INFO     | __main__:forecast_commodity:266 -   3_months     -> N   1,708,016/MT  +7.8%  (2026-09-07)
2026-06-03 06:23:46.904 | INFO     | __main__:forecast_commodity:266 -   6_months     -> N   1,725,797/MT  +8.9%  (2026-12-07)
2026-06-03 06:23:46.908 | INFO     | __main__:run_forecasting:331 -   Rice
2026-06-03 06:23:46.970 | INFO     | __main__:run_forecasting:347 - 
  Forecast JSON saved -> C:\Users\USER\Downloads\agrolinking-intel-structure\agrolinking-intel\outputs\forecasts\forecast_2026-06-03.json
2026-06-03 06:23:46.974 | INFO     | __main__:run_forecasting:373 -   Daily alert saved -> C:\Users\USER\Downloads\agrolinking-intel-structure\agrolinking-intel\outputs\daily_alerts\alert_2026-06-03.txt
2026-06-03 06:23:46.978 | INFO     | __main__:run_forecasting:374 - 
=================================================================
2026-06-03 06:23:46.984 | INFO     | __main__:run_forecasting:375 -   DAILY PRICE ALERT
2026-06-03 06:23:46.986 | INFO     | __main__:run_forecasting:376 - =================================================================
2026-06-03 06:23:46.988 | INFO     | __main__:run_forecasting:378 -   AGROLINKING COMMODITY INTELLIGENCE ALERT
2026-06-03 06:23:46.988 | INFO     | __main__:run_forecasting:378 -   Wednesday, 03 June 2026
2026-06-03 06:23:46.990 | INFO     | __main__:run_forecasting:378 -   ─────────────────────────────────────────────
2026-06-03 06:23:46.990 | INFO     | __main__:run_forecasting:378 -   Hibiscus               N   2,188,767/MT  -4.4%
2026-06-03 06:23:46.990 | INFO     | __main__:run_forecasting:378 -   Sesame                 N   1,606,193/MT  -0.9%
2026-06-03 06:23:46.990 | INFO     | __main__:run_forecasting:378 -   Ginger                 N  12,450,577/MT  +3.7%
2026-06-03 06:23:46.995 | INFO     | __main__:run_forecasting:378 -   Cocoa                  N   7,928,068/MT  +38.5%
2026-06-03 06:23:47.001 | INFO     | __main__:run_forecasting:378 -   Soybeans               N     831,846/MT  +10.4%
2026-06-03 06:23:47.001 | INFO     | __main__:run_forecasting:378 -   Cashew Nuts            N   2,071,577/MT  +4.4%
2026-06-03 06:23:47.001 | INFO     | __main__:run_forecasting:378 -   Sorghum                N     507,218/MT  +19.2%
2026-06-03 06:23:47.003 | INFO     | __main__:run_forecasting:378 -   Beans (white)          N     969,063/MT  +16.9%
2026-06-03 06:23:47.003 | INFO     | __main__:run_forecasting:378 -   Beans (red)            N     836,122/MT  -6.3%
2026-06-03 06:23:47.004 | INFO     | __main__:run_forecasting:378 -   Maize (white)          N     375,078/MT  +0.4%
2026-06-03 06:23:47.004 | INFO     | __main__:run_forecasting:378 -   Maize (yellow)         N     410,392/MT  +1.4%
2026-06-03 06:23:47.005 | INFO     | __main__:run_forecasting:378 -   Wheat                  N     742,846/MT  +3.6%
2026-06-03 06:23:47.005 | INFO     | __main__:run_forecasting:378 -   Rice                   N   1,671,239/MT  +5.5%
2026-06-03 06:23:47.006 | INFO     | __main__:run_forecasting:378 -   ─────────────────────────────────────────────
2026-06-03 06:23:47.007 | INFO     | __main__:run_forecasting:378 -   Source: Agrolinking Intelligence Platform
2026-06-03 06:23:47.010 | INFO     | __main__:run_forecasting:378 -   Next update: 04 Jun 2026
2026-06-03 06:23:47.014 | INFO     | __main__:run_forecasting:381 - 
======================================================================
2026-06-03 06:23:47.016 | INFO     | __main__:run_forecasting:382 -   FORECAST SUMMARY
2026-06-03 06:23:47.016 | INFO     | __main__:run_forecasting:383 - ======================================================================
2026-06-03 06:23:47.017 | INFO     | __main__:run_forecasting:385 -   Commodity                      daily        weekly       monthly      3_months      6_months
2026-06-03 06:23:47.018 | INFO     | __main__:run_forecasting:386 -   ---------------------------------------------------------------------------
2026-06-03 06:23:47.018 | INFO     | __main__:run_forecasting:392 -   Hibiscus                N 2,188,767  N 2,188,767  N 2,189,318  N 2,119,055  N 2,008,861
2026-06-03 06:23:47.018 | INFO     | __main__:run_forecasting:392 -   Sesame                  N 1,606,193  N 1,606,193  N 1,547,501  N 1,523,681  N 1,509,408
2026-06-03 06:23:47.018 | INFO     | __main__:run_forecasting:392 -   Ginger                  N12,450,577  N12,450,577  N12,929,504  N12,018,898  N11,470,895
2026-06-03 06:23:47.020 | INFO     | __main__:run_forecasting:392 -   Cocoa                   N 7,928,068  N 7,928,068  N 9,767,612  N 9,040,845  N 9,087,073
2026-06-03 06:23:47.020 | INFO     | __main__:run_forecasting:392 -   Soybeans                N   831,846  N   831,846  N   878,569  N   846,268  N   821,802
2026-06-03 06:23:47.022 | INFO     | __main__:run_forecasting:392 -   Cashew Nuts             N 2,071,577  N 2,071,577  N 2,131,155  N 2,182,983  N 2,108,165
2026-06-03 06:23:47.023 | INFO     | __main__:run_forecasting:392 -   Sorghum                 N   507,218  N   507,218  N   515,852  N   514,187  N   468,819
2026-06-03 06:23:47.023 | INFO     | __main__:run_forecasting:392 -   Beans (white)           N   969,063  N   969,063  N   996,644  N 1,015,185  N 1,010,353
2026-06-03 06:23:47.023 | INFO     | __main__:run_forecasting:392 -   Beans (red)             N   836,122  N   836,122  N   823,519  N   802,470  N   676,589
2026-06-03 06:23:47.025 | INFO     | __main__:run_forecasting:392 -   Maize (white)           N   375,078  N   375,078  N   374,985  N   369,101  N   368,108
2026-06-03 06:23:47.027 | INFO     | __main__:run_forecasting:392 -   Maize (yellow)          N   410,392  N   410,392  N   414,642  N   419,448  N   420,880
2026-06-03 06:23:47.029 | INFO     | __main__:run_forecasting:392 -   Wheat                   N   742,846  N   742,846  N   759,537  N   752,159  N   763,277
2026-06-03 06:23:47.034 | INFO     | __main__:run_forecasting:392 -   Rice                    N 1,671,239  N 1,671,239  N 1,691,491  N 1,708,016  N 1,725,797
2026-06-03 06:23:47.034 | INFO     | __main__:run_forecasting:393 - ======================================================================
2026-06-03 06:23:47.036 | SUCCESS  | __main__:run_forecasting:397 - FORECASTING COMPLETE — 13/13 commodities
