2026-09-18 06:35:29.673 | INFO     | __main__:run_forecasting:728 - ============================================================
2026-09-18 06:35:29.691 | INFO     | __main__:run_forecasting:729 - STEP 5 — FORECASTING ENGINE
2026-09-18 06:35:29.704 | INFO     | __main__:run_forecasting:730 -   Run date  : Friday, 18 September 2026
2026-09-18 06:35:29.727 | INFO     | __main__:run_forecasting:731 -   Commodities: 17
2026-09-18 06:35:29.736 | INFO     | __main__:run_forecasting:732 -   Horizons  : ['daily', 'weekly', '2_weeks', 'monthly', '3_months', '6_months']
2026-09-18 06:35:29.739 | INFO     | __main__:run_forecasting:733 - ============================================================
2026-09-18 06:35:29.743 | INFO     | __main__:run_forecasting:736 - 
[1/17] Forecasting Hibiscus...
2026-09-18 06:35:49.090 | DEBUG    | __main__:forecast_commodity:618 -   [Hibiscus] 3/3 models generated forecasts
2026-09-18 06:35:49.142 | INFO     | __main__:run_forecasting:746 -   daily        → ₦    2,537,820/MT  ↓ -0.5%  (2026-08-25)
2026-09-18 06:35:49.149 | INFO     | __main__:run_forecasting:746 -   weekly       → ₦    2,464,737/MT  ↓ -3.3%  (2026-08-31)
2026-09-18 06:35:49.159 | INFO     | __main__:run_forecasting:746 -   2_weeks      → ₦    2,379,474/MT  ↓ -6.7%  (2026-09-07)
2026-09-18 06:35:49.165 | INFO     | __main__:run_forecasting:746 -   monthly      → ₦    2,213,208/MT  ↓ -13.2%  (2026-09-23)
2026-09-18 06:35:49.172 | INFO     | __main__:run_forecasting:746 -   3_months     → ₦    2,217,754/MT  ↓ -13.0%  (2026-11-22)
2026-09-18 06:35:49.186 | INFO     | __main__:run_forecasting:746 -   6_months     → ₦    2,220,408/MT  ↓ -12.9%  (2027-02-20)
2026-09-18 06:35:49.189 | INFO     | __main__:run_forecasting:752 -   ✅ Hibiscus
2026-09-18 06:35:49.191 | INFO     | __main__:run_forecasting:736 - 
[2/17] Forecasting Sesame...
2026-09-18 06:35:52.276 | DEBUG    | __main__:forecast_commodity:618 -   [Sesame] 3/3 models generated forecasts
2026-09-18 06:35:52.334 | INFO     | __main__:run_forecasting:746 -   daily        → ₦    1,463,373/MT  ↓ -0.5%  (2026-08-25)
2026-09-18 06:35:52.335 | INFO     | __main__:run_forecasting:746 -   weekly       → ₦    1,423,608/MT  ↓ -3.2%  (2026-08-31)
2026-09-18 06:35:52.336 | INFO     | __main__:run_forecasting:746 -   2_weeks      → ₦    1,377,217/MT  ↓ -6.3%  (2026-09-07)
2026-09-18 06:35:52.336 | INFO     | __main__:run_forecasting:746 -   monthly      → ₦    1,274,349/MT  ↓ -13.3%  (2026-09-23)
2026-09-18 06:35:52.337 | INFO     | __main__:run_forecasting:746 -   3_months     → ₦    1,270,278/MT  ↓ -13.6%  (2026-11-22)
2026-09-18 06:35:52.337 | INFO     | __main__:run_forecasting:746 -   6_months     → ₦    1,291,667/MT  ↓ -12.1%  (2027-02-20)
2026-09-18 06:35:52.338 | INFO     | __main__:run_forecasting:752 -   ✅ Sesame
2026-09-18 06:35:52.338 | INFO     | __main__:run_forecasting:736 - 
[3/17] Forecasting Ginger...
2026-09-18 06:35:54.913 | DEBUG    | __main__:forecast_commodity:618 -   [Ginger] 3/3 models generated forecasts
2026-09-18 06:35:54.973 | INFO     | __main__:run_forecasting:746 -   daily        → ₦    9,196,723/MT  ↓ -0.0%  (2026-08-25)
2026-09-18 06:35:54.974 | INFO     | __main__:run_forecasting:746 -   weekly       → ₦    9,177,063/MT  ↓ -0.2%  (2026-08-31)
2026-09-18 06:35:54.976 | INFO     | __main__:run_forecasting:746 -   2_weeks      → ₦    9,154,125/MT  ↓ -0.5%  (2026-09-07)
2026-09-18 06:35:54.977 | INFO     | __main__:run_forecasting:746 -   monthly      → ₦    9,104,619/MT  ↓ -1.0%  (2026-09-23)
2026-09-18 06:35:54.977 | INFO     | __main__:run_forecasting:746 -   3_months     → ₦    8,987,297/MT  ↓ -2.3%  (2026-11-22)
2026-09-18 06:35:54.978 | INFO     | __main__:run_forecasting:746 -   6_months     → ₦    8,821,071/MT  ↓ -4.1%  (2027-02-20)
2026-09-18 06:35:54.984 | INFO     | __main__:run_forecasting:752 -   ✅ Ginger
2026-09-18 06:35:54.985 | INFO     | __main__:run_forecasting:736 - 
[4/17] Forecasting Cocoa...
2026-09-18 06:35:57.913 | DEBUG    | __main__:forecast_commodity:618 -   [Cocoa] 3/3 models generated forecasts
2026-09-18 06:35:57.984 | INFO     | __main__:run_forecasting:746 -   daily        → ₦    4,852,774/MT  ↑ +1.1%  (2026-08-25)
2026-09-18 06:35:57.986 | INFO     | __main__:run_forecasting:746 -   weekly       → ₦    5,169,420/MT  ↑ +7.7%  (2026-08-31)
2026-09-18 06:35:57.990 | INFO     | __main__:run_forecasting:746 -   2_weeks      → ₦    5,538,840/MT  ↑ +15.4%  (2026-09-07)
2026-09-18 06:35:57.993 | INFO     | __main__:run_forecasting:746 -   monthly      → ₦    6,384,585/MT  ↑ +33.0%  (2026-09-23)
2026-09-18 06:35:58.006 | INFO     | __main__:run_forecasting:746 -   3_months     → ₦    6,793,664/MT  ↑ +41.5%  (2026-11-22)
2026-09-18 06:35:58.008 | INFO     | __main__:run_forecasting:746 -   6_months     → ₦    6,621,512/MT  ↑ +38.0%  (2027-02-20)
2026-09-18 06:35:58.009 | INFO     | __main__:run_forecasting:752 -   ✅ Cocoa
2026-09-18 06:35:58.010 | INFO     | __main__:run_forecasting:736 - 
[5/17] Forecasting Soybeans...
2026-09-18 06:36:01.163 | DEBUG    | __main__:forecast_commodity:618 -   [Soybeans] 3/3 models generated forecasts
2026-09-18 06:36:01.321 | INFO     | __main__:run_forecasting:746 -   daily        → ₦      817,970/MT  ↓ -0.2%  (2026-08-25)
2026-09-18 06:36:01.324 | INFO     | __main__:run_forecasting:746 -   weekly       → ₦      805,790/MT  ↓ -1.7%  (2026-08-31)
2026-09-18 06:36:01.337 | INFO     | __main__:run_forecasting:746 -   2_weeks      → ₦      791,580/MT  ↓ -3.5%  (2026-09-07)
2026-09-18 06:36:01.343 | INFO     | __main__:run_forecasting:746 -   monthly      → ₦      755,308/MT  ↓ -7.9%  (2026-09-23)
2026-09-18 06:36:01.354 | INFO     | __main__:run_forecasting:746 -   3_months     → ₦      671,506/MT  ↓ -18.1%  (2026-11-22)
2026-09-18 06:36:01.361 | INFO     | __main__:run_forecasting:746 -   6_months     → ₦      624,845/MT  ↓ -23.8%  (2027-02-20)
2026-09-18 06:36:01.372 | INFO     | __main__:run_forecasting:752 -   ✅ Soybeans
2026-09-18 06:36:01.374 | INFO     | __main__:run_forecasting:736 - 
[6/17] Forecasting Cashew Nuts...
2026-09-18 06:36:03.572 | DEBUG    | __main__:forecast_commodity:618 -   [Cashew Nuts] 3/3 models generated forecasts
2026-09-18 06:36:03.620 | INFO     | __main__:run_forecasting:746 -   daily        → ₦    1,889,673/MT  ↓ -0.5%  (2026-08-25)
2026-09-18 06:36:03.620 | INFO     | __main__:run_forecasting:746 -   weekly       → ₦    1,827,711/MT  ↓ -3.8%  (2026-08-31)
2026-09-18 06:36:03.621 | INFO     | __main__:run_forecasting:746 -   2_weeks      → ₦    1,755,422/MT  ↓ -7.6%  (2026-09-07)
2026-09-18 06:36:03.622 | INFO     | __main__:run_forecasting:746 -   monthly      → ₦    1,613,576/MT  ↓ -15.1%  (2026-09-23)
2026-09-18 06:36:03.624 | INFO     | __main__:run_forecasting:746 -   3_months     → ₦    1,737,461/MT  ↓ -8.6%  (2026-11-22)
2026-09-18 06:36:03.625 | INFO     | __main__:run_forecasting:746 -   6_months     → ₦    1,765,691/MT  ↓ -7.1%  (2027-02-20)
2026-09-18 06:36:03.631 | INFO     | __main__:run_forecasting:752 -   ✅ Cashew Nuts
2026-09-18 06:36:03.636 | INFO     | __main__:run_forecasting:736 - 
[7/17] Forecasting Sorghum...
2026-09-18 06:36:06.270 | DEBUG    | __main__:forecast_commodity:618 -   [Sorghum] 3/3 models generated forecasts
2026-09-18 06:36:06.327 | INFO     | __main__:run_forecasting:746 -   daily        → ₦      339,541/MT  ↓ -1.3%  (2026-08-25)
2026-09-18 06:36:06.333 | INFO     | __main__:run_forecasting:746 -   weekly       → ₦      312,788/MT  ↓ -9.1%  (2026-08-31)
2026-09-18 06:36:06.334 | INFO     | __main__:run_forecasting:746 -   2_weeks      → ₦      281,576/MT  ↓ -18.1%  (2026-09-07)
2026-09-18 06:36:06.336 | INFO     | __main__:run_forecasting:746 -   monthly      → ₦      215,434/MT  ↓ -37.4%  (2026-09-23)
2026-09-18 06:36:06.337 | INFO     | __main__:run_forecasting:746 -   3_months     → ₦      201,783/MT  ↓ -41.3%  (2026-11-22)
2026-09-18 06:36:06.339 | INFO     | __main__:run_forecasting:746 -   6_months     → ₦      202,864/MT  ↓ -41.0%  (2027-02-20)
2026-09-18 06:36:06.340 | INFO     | __main__:run_forecasting:752 -   ✅ Sorghum
2026-09-18 06:36:06.340 | INFO     | __main__:run_forecasting:736 - 
[8/17] Forecasting Beans (white)...
2026-09-18 06:36:08.846 | DEBUG    | __main__:forecast_commodity:618 -   [Beans (white)] 3/3 models generated forecasts
2026-09-18 06:36:08.887 | INFO     | __main__:run_forecasting:746 -   daily        → ₦      994,877/MT  ↓ -0.5%  (2026-07-14)
2026-09-18 06:36:08.888 | INFO     | __main__:run_forecasting:746 -   weekly       → ₦      964,140/MT  ↓ -3.6%  (2026-07-20)
2026-09-18 06:36:08.889 | INFO     | __main__:run_forecasting:746 -   2_weeks      → ₦      928,279/MT  ↓ -7.2%  (2026-07-27)
2026-09-18 06:36:08.889 | INFO     | __main__:run_forecasting:746 -   monthly      → ₦      846,313/MT  ↓ -15.4%  (2026-08-12)
2026-09-18 06:36:08.890 | INFO     | __main__:run_forecasting:746 -   3_months     → ₦      621,267/MT  ↓ -37.9%  (2026-10-11)
2026-09-18 06:36:08.890 | INFO     | __main__:run_forecasting:746 -   6_months     → ₦      581,187/MT  ↓ -41.9%  (2027-01-09)
2026-09-18 06:36:08.891 | INFO     | __main__:run_forecasting:752 -   ✅ Beans (white)
2026-09-18 06:36:08.891 | INFO     | __main__:run_forecasting:736 - 
[9/17] Forecasting Beans (red)...
2026-09-18 06:36:11.340 | DEBUG    | __main__:forecast_commodity:618 -   [Beans (red)] 3/3 models generated forecasts
2026-09-18 06:36:11.399 | INFO     | __main__:run_forecasting:746 -   daily        → ₦      996,248/MT  ↓ -0.4%  (2026-07-14)
2026-09-18 06:36:11.400 | INFO     | __main__:run_forecasting:746 -   weekly       → ₦      973,732/MT  ↓ -2.6%  (2026-07-20)
2026-09-18 06:36:11.401 | INFO     | __main__:run_forecasting:746 -   2_weeks      → ₦      947,465/MT  ↓ -5.2%  (2026-07-27)
2026-09-18 06:36:11.401 | INFO     | __main__:run_forecasting:746 -   monthly      → ₦      887,425/MT  ↓ -11.3%  (2026-08-12)
2026-09-18 06:36:11.402 | INFO     | __main__:run_forecasting:746 -   3_months     → ₦      748,182/MT  ↓ -25.2%  (2026-10-11)
2026-09-18 06:36:11.402 | INFO     | __main__:run_forecasting:746 -   6_months     → ₦      752,616/MT  ↓ -24.7%  (2027-01-09)
2026-09-18 06:36:11.403 | INFO     | __main__:run_forecasting:752 -   ✅ Beans (red)
2026-09-18 06:36:11.403 | INFO     | __main__:run_forecasting:736 - 
[10/17] Forecasting Maize (white)...
2026-09-18 06:36:13.950 | DEBUG    | __main__:forecast_commodity:618 -   [Maize (white)] 3/3 models generated forecasts
2026-09-18 06:36:14.006 | INFO     | __main__:run_forecasting:746 -   daily        → ₦      635,829/MT  ↓ -0.8%  (2026-07-28)
2026-09-18 06:36:14.007 | INFO     | __main__:run_forecasting:746 -   weekly       → ₦      603,957/MT  ↓ -5.8%  (2026-08-03)
2026-09-18 06:36:14.008 | INFO     | __main__:run_forecasting:746 -   2_weeks      → ₦      566,772/MT  ↓ -11.6%  (2026-08-10)
2026-09-18 06:36:14.009 | INFO     | __main__:run_forecasting:746 -   monthly      → ₦      481,778/MT  ↓ -24.9%  (2026-08-26)
2026-09-18 06:36:14.010 | INFO     | __main__:run_forecasting:746 -   3_months     → ₦      343,503/MT  ↓ -46.4%  (2026-10-25)
2026-09-18 06:36:14.010 | INFO     | __main__:run_forecasting:746 -   6_months     → ₦      356,544/MT  ↓ -44.4%  (2027-01-23)
2026-09-18 06:36:14.012 | INFO     | __main__:run_forecasting:752 -   ✅ Maize (white)
2026-09-18 06:36:14.013 | INFO     | __main__:run_forecasting:736 - 
[11/17] Forecasting Maize (yellow)...
2026-09-18 06:36:17.247 | DEBUG    | __main__:forecast_commodity:618 -   [Maize (yellow)] 3/3 models generated forecasts
2026-09-18 06:36:17.303 | INFO     | __main__:run_forecasting:746 -   daily        → ₦      685,374/MT  ↓ -0.8%  (2026-07-28)
2026-09-18 06:36:17.304 | INFO     | __main__:run_forecasting:746 -   weekly       → ₦      651,775/MT  ↓ -5.7%  (2026-08-03)
2026-09-18 06:36:17.305 | INFO     | __main__:run_forecasting:746 -   2_weeks      → ₦      612,575/MT  ↓ -11.3%  (2026-08-10)
2026-09-18 06:36:17.306 | INFO     | __main__:run_forecasting:746 -   monthly      → ₦      522,977/MT  ↓ -24.3%  (2026-08-26)
2026-09-18 06:36:17.307 | INFO     | __main__:run_forecasting:746 -   3_months     → ₦      376,298/MT  ↓ -45.5%  (2026-10-25)
2026-09-18 06:36:17.307 | INFO     | __main__:run_forecasting:746 -   6_months     → ₦      392,511/MT  ↓ -43.2%  (2027-01-23)
2026-09-18 06:36:17.308 | INFO     | __main__:run_forecasting:752 -   ✅ Maize (yellow)
2026-09-18 06:36:17.309 | INFO     | __main__:run_forecasting:736 - 
[12/17] Forecasting Wheat...
2026-09-18 06:36:19.879 | DEBUG    | __main__:forecast_commodity:618 -   [Wheat] 3/3 models generated forecasts
2026-09-18 06:36:19.935 | INFO     | __main__:run_forecasting:746 -   daily        → ₦      706,608/MT  ↓ -0.0%  (2026-04-14)
2026-09-18 06:36:19.938 | INFO     | __main__:run_forecasting:746 -   weekly       → ₦      705,254/MT  ↓ -0.2%  (2026-04-20)
2026-09-18 06:36:19.940 | INFO     | __main__:run_forecasting:746 -   2_weeks      → ₦      703,674/MT  ↓ -0.5%  (2026-04-27)
2026-09-18 06:36:19.942 | INFO     | __main__:run_forecasting:746 -   monthly      → ₦      700,064/MT  ↓ -1.0%  (2026-05-13)
2026-09-18 06:36:19.948 | INFO     | __main__:run_forecasting:746 -   3_months     → ₦      686,524/MT  ↓ -2.9%  (2026-07-12)
2026-09-18 06:36:19.957 | INFO     | __main__:run_forecasting:746 -   6_months     → ₦      662,990/MT  ↓ -6.2%  (2026-10-10)
2026-09-18 06:36:19.959 | INFO     | __main__:run_forecasting:752 -   ✅ Wheat
2026-09-18 06:36:19.960 | INFO     | __main__:run_forecasting:736 - 
[13/17] Forecasting Rice...
2026-09-18 06:36:22.526 | DEBUG    | __main__:forecast_commodity:618 -   [Rice] 3/3 models generated forecasts
2026-09-18 06:36:22.578 | INFO     | __main__:run_forecasting:746 -   daily        → ₦    1,900,575/MT  ↓ -0.2%  (2026-07-28)
2026-09-18 06:36:22.585 | INFO     | __main__:run_forecasting:746 -   weekly       → ₦    1,878,102/MT  ↓ -1.4%  (2026-08-03)
2026-09-18 06:36:22.589 | INFO     | __main__:run_forecasting:746 -   2_weeks      → ₦    1,851,883/MT  ↓ -2.8%  (2026-08-10)
2026-09-18 06:36:22.593 | INFO     | __main__:run_forecasting:746 -   monthly      → ₦    1,791,955/MT  ↓ -5.9%  (2026-08-26)
2026-09-18 06:36:22.603 | INFO     | __main__:run_forecasting:746 -   3_months     → ₦    1,656,976/MT  ↓ -13.0%  (2026-10-25)
2026-09-18 06:36:22.605 | INFO     | __main__:run_forecasting:746 -   6_months     → ₦    1,749,517/MT  ↓ -8.1%  (2027-01-23)
2026-09-18 06:36:22.608 | INFO     | __main__:run_forecasting:752 -   ✅ Rice
2026-09-18 06:36:22.611 | INFO     | __main__:run_forecasting:736 - 
[14/17] Forecasting Meat (beef)...
2026-09-18 06:36:24.990 | DEBUG    | __main__:forecast_commodity:618 -   [Meat (beef)] 3/3 models generated forecasts
2026-09-18 06:36:25.043 | INFO     | __main__:run_forecasting:746 -   daily        → ₦    5,755,222/MT  → +0.0%  (2026-07-28)
2026-09-18 06:36:25.043 | INFO     | __main__:run_forecasting:746 -   weekly       → ₦    5,755,272/MT  → +0.0%  (2026-08-03)
2026-09-18 06:36:25.048 | INFO     | __main__:run_forecasting:746 -   2_weeks      → ₦    5,755,330/MT  → +0.0%  (2026-08-10)
2026-09-18 06:36:25.049 | INFO     | __main__:run_forecasting:746 -   monthly      → ₦    5,755,463/MT  → +0.0%  (2026-08-26)
2026-09-18 06:36:25.054 | INFO     | __main__:run_forecasting:746 -   3_months     → ₦    5,709,039/MT  ↓ -0.8%  (2026-10-25)
2026-09-18 06:36:25.057 | INFO     | __main__:run_forecasting:746 -   6_months     → ₦    6,121,092/MT  ↑ +6.4%  (2027-01-23)
2026-09-18 06:36:25.060 | INFO     | __main__:run_forecasting:752 -   ✅ Meat (beef)
2026-09-18 06:36:25.066 | INFO     | __main__:run_forecasting:736 - 
[15/17] Forecasting Meat (goat)...
2026-09-18 06:36:27.489 | DEBUG    | __main__:forecast_commodity:618 -   [Meat (goat)] 3/3 models generated forecasts
2026-09-18 06:36:27.543 | INFO     | __main__:run_forecasting:746 -   daily        → ₦    5,710,011/MT  ↓ -0.1%  (2026-07-28)
2026-09-18 06:36:27.551 | INFO     | __main__:run_forecasting:746 -   weekly       → ₦    5,689,012/MT  ↓ -0.4%  (2026-08-03)
2026-09-18 06:36:27.555 | INFO     | __main__:run_forecasting:746 -   2_weeks      → ₦    5,664,514/MT  ↓ -0.9%  (2026-08-10)
2026-09-18 06:36:27.560 | INFO     | __main__:run_forecasting:746 -   monthly      → ₦    5,608,518/MT  ↓ -1.8%  (2026-08-26)
2026-09-18 06:36:27.570 | INFO     | __main__:run_forecasting:746 -   3_months     → ₦    5,459,613/MT  ↓ -4.4%  (2026-10-25)
2026-09-18 06:36:27.574 | INFO     | __main__:run_forecasting:746 -   6_months     → ₦    5,893,904/MT  ↑ +3.2%  (2027-01-23)
2026-09-18 06:36:27.575 | INFO     | __main__:run_forecasting:752 -   ✅ Meat (goat)
2026-09-18 06:36:27.577 | INFO     | __main__:run_forecasting:736 - 
[16/17] Forecasting Fish (dried)...
2026-09-18 06:36:30.214 | DEBUG    | __main__:forecast_commodity:618 -   [Fish (dried)] 3/3 models generated forecasts
2026-09-18 06:36:30.268 | INFO     | __main__:run_forecasting:746 -   daily        → ₦    1,547,126/MT  ↓ -0.1%  (2026-07-28)
2026-09-18 06:36:30.271 | INFO     | __main__:run_forecasting:746 -   weekly       → ₦    1,542,513/MT  ↓ -0.3%  (2026-08-03)
2026-09-18 06:36:30.272 | INFO     | __main__:run_forecasting:746 -   2_weeks      → ₦    1,537,131/MT  ↓ -0.7%  (2026-08-10)
2026-09-18 06:36:30.274 | INFO     | __main__:run_forecasting:746 -   monthly      → ₦    1,524,829/MT  ↓ -1.5%  (2026-08-26)
2026-09-18 06:36:30.276 | INFO     | __main__:run_forecasting:746 -   3_months     → ₦    1,036,849/MT  ↓ -33.0%  (2026-10-25)
2026-09-18 06:36:30.278 | INFO     | __main__:run_forecasting:746 -   6_months     → ₦    1,084,158/MT  ↓ -30.0%  (2027-01-23)
2026-09-18 06:36:30.285 | INFO     | __main__:run_forecasting:752 -   ✅ Fish (dried)
2026-09-18 06:36:30.288 | INFO     | __main__:run_forecasting:736 - 
[17/17] Forecasting Eggs...
2026-09-18 06:36:32.638 | DEBUG    | __main__:forecast_commodity:618 -   [Eggs] 3/3 models generated forecasts
2026-09-18 06:36:32.693 | INFO     | __main__:run_forecasting:746 -   daily        → ₦        6,597/MT  ↓ -0.1%  (2026-07-28)
2026-09-18 06:36:32.697 | INFO     | __main__:run_forecasting:746 -   weekly       → ₦        6,541/MT  ↓ -1.0%  (2026-08-03)
2026-09-18 06:36:32.723 | INFO     | __main__:run_forecasting:746 -   2_weeks      → ₦        6,475/MT  ↓ -2.0%  (2026-08-10)
2026-09-18 06:36:32.739 | INFO     | __main__:run_forecasting:746 -   monthly      → ₦        6,324/MT  ↓ -4.3%  (2026-08-26)
2026-09-18 06:36:32.757 | INFO     | __main__:run_forecasting:746 -   3_months     → ₦        5,840/MT  ↓ -11.6%  (2026-10-25)
2026-09-18 06:36:32.770 | INFO     | __main__:run_forecasting:746 -   6_months     → ₦        6,090/MT  ↓ -7.8%  (2027-01-23)
2026-09-18 06:36:32.785 | INFO     | __main__:run_forecasting:752 -   ✅ Eggs
2026-09-18 06:36:34.236 | INFO     | __main__:run_forecasting:761 - 
  Forecast JSON saved → C:\Users\USER\Downloads\agrolinking-intel-structure\agrolinking-intel\outputs\forecasts\forecast_2026-09-18.json
2026-09-18 06:36:34.240 | INFO     | __main__:run_forecasting:769 -   Daily alert saved → C:\Users\USER\Downloads\agrolinking-intel-structure\agrolinking-intel\outputs\daily_alerts\alert_2026-09-18.txt
2026-09-18 06:36:34.241 | INFO     | __main__:run_forecasting:772 - 
============================================================
2026-09-18 06:36:34.241 | INFO     | __main__:run_forecasting:773 -   DAILY PRICE ALERT
2026-09-18 06:36:34.242 | INFO     | __main__:run_forecasting:774 - ============================================================
2026-09-18 06:36:34.243 | INFO     | __main__:run_forecasting:776 -   📊 AGROLINKING COMMODITY INTELLIGENCE ALERT
2026-09-18 06:36:34.244 | INFO     | __main__:run_forecasting:776 -   📅 Friday, 18 September 2026
2026-09-18 06:36:34.245 | INFO     | __main__:run_forecasting:776 -   ─────────────────────────────────────────────
2026-09-18 06:36:34.248 | INFO     | __main__:run_forecasting:776 -   → Hibiscus           ₦    2,537,820/MT  -0.48%
2026-09-18 06:36:34.249 | INFO     | __main__:run_forecasting:776 -   → Sesame             ₦    1,463,373/MT  -0.45%
2026-09-18 06:36:34.250 | INFO     | __main__:run_forecasting:776 -   → Ginger             ₦    9,196,723/MT  -0.04%
2026-09-18 06:36:34.256 | INFO     | __main__:run_forecasting:776 -   ▲ Cocoa              ₦    4,852,774/MT  +1.10%
2026-09-18 06:36:34.257 | INFO     | __main__:run_forecasting:776 -   → Soybeans           ₦      817,970/MT  -0.25%
2026-09-18 06:36:34.257 | INFO     | __main__:run_forecasting:776 -   ▼ Cashew Nuts        ₦    1,889,673/MT  -0.54%
2026-09-18 06:36:34.258 | INFO     | __main__:run_forecasting:776 -   ▼ Sorghum            ₦      339,541/MT  -1.30%
2026-09-18 06:36:34.258 | INFO     | __main__:run_forecasting:776 -   ▼ Beans (white)      ₦      994,877/MT  -0.51%
2026-09-18 06:36:34.259 | INFO     | __main__:run_forecasting:776 -   → Beans (red)        ₦      996,248/MT  -0.38%
2026-09-18 06:36:34.259 | INFO     | __main__:run_forecasting:776 -   ▼ Maize (white)      ₦      635,829/MT  -0.83%
2026-09-18 06:36:34.260 | INFO     | __main__:run_forecasting:776 -   ▼ Maize (yellow)     ₦      685,374/MT  -0.81%
2026-09-18 06:36:34.260 | INFO     | __main__:run_forecasting:776 -   → Wheat              ₦      706,608/MT  -0.03%
2026-09-18 06:36:34.261 | INFO     | __main__:run_forecasting:776 -   → Rice               ₦    1,900,575/MT  -0.20%
2026-09-18 06:36:34.263 | INFO     | __main__:run_forecasting:776 -   → Meat (beef)        ₦    5,755,222/MT  +0.00%
2026-09-18 06:36:34.265 | INFO     | __main__:run_forecasting:776 -   → Meat (goat)        ₦    5,710,011/MT  -0.06%
2026-09-18 06:36:34.266 | INFO     | __main__:run_forecasting:776 -   → Fish (dried)       ₦    1,547,126/MT  -0.05%
2026-09-18 06:36:34.266 | INFO     | __main__:run_forecasting:776 -   → Eggs               ₦        6,597/MT  -0.14%
2026-09-18 06:36:34.268 | INFO     | __main__:run_forecasting:776 -   ─────────────────────────────────────────────
2026-09-18 06:36:34.269 | INFO     | __main__:run_forecasting:776 -   Source: Agrolinking Intelligence Platform
2026-09-18 06:36:34.270 | INFO     | __main__:run_forecasting:776 -   Next update: 19 Sep 2026
2026-09-18 06:36:34.270 | INFO     | __main__:run_forecasting:780 - 
  Note: master append handled by 06_validate.py (corrected prices).
2026-09-18 06:36:34.271 | INFO     | __main__:run_forecasting:784 - 
======================================================================
2026-09-18 06:36:34.271 | INFO     | __main__:run_forecasting:785 -   FORECAST SUMMARY — ALL COMMODITIES
2026-09-18 06:36:34.272 | INFO     | __main__:run_forecasting:786 - ======================================================================
2026-09-18 06:36:34.274 | INFO     | __main__:run_forecasting:787 -   Commodity                     Today         1 Week        1 Month       3 Months       6 Months
2026-09-18 06:36:34.275 | INFO     | __main__:run_forecasting:792 -   ----------------------------------------------------------------------------------
2026-09-18 06:36:34.276 | INFO     | __main__:run_forecasting:805 -   Hibiscus             ₦   2,537,820  ₦   2,464,737  ₦   2,213,208  ₦   2,217,754  ₦   2,220,408
2026-09-18 06:36:34.276 | INFO     | __main__:run_forecasting:805 -   Sesame               ₦   1,463,373  ₦   1,423,608  ₦   1,274,349  ₦   1,270,278  ₦   1,291,667
2026-09-18 06:36:34.277 | INFO     | __main__:run_forecasting:805 -   Ginger               ₦   9,196,723  ₦   9,177,063  ₦   9,104,619  ₦   8,987,297  ₦   8,821,071
2026-09-18 06:36:34.277 | INFO     | __main__:run_forecasting:805 -   Cocoa                ₦   4,852,774  ₦   5,169,420  ₦   6,384,585  ₦   6,793,664  ₦   6,621,512
2026-09-18 06:36:34.278 | INFO     | __main__:run_forecasting:805 -   Soybeans             ₦     817,970  ₦     805,790  ₦     755,308  ₦     671,506  ₦     624,845
2026-09-18 06:36:34.281 | INFO     | __main__:run_forecasting:805 -   Cashew Nuts          ₦   1,889,673  ₦   1,827,711  ₦   1,613,576  ₦   1,737,461  ₦   1,765,691
2026-09-18 06:36:34.282 | INFO     | __main__:run_forecasting:805 -   Sorghum              ₦     339,541  ₦     312,788  ₦     215,434  ₦     201,783  ₦     202,864
2026-09-18 06:36:34.283 | INFO     | __main__:run_forecasting:805 -   Beans (white)        ₦     994,877  ₦     964,140  ₦     846,313  ₦     621,267  ₦     581,187
2026-09-18 06:36:34.286 | INFO     | __main__:run_forecasting:805 -   Beans (red)          ₦     996,248  ₦     973,732  ₦     887,425  ₦     748,182  ₦     752,616
2026-09-18 06:36:34.286 | INFO     | __main__:run_forecasting:805 -   Maize (white)        ₦     635,829  ₦     603,957  ₦     481,778  ₦     343,503  ₦     356,544
2026-09-18 06:36:34.287 | INFO     | __main__:run_forecasting:805 -   Maize (yellow)       ₦     685,374  ₦     651,775  ₦     522,977  ₦     376,298  ₦     392,511
2026-09-18 06:36:34.287 | INFO     | __main__:run_forecasting:805 -   Wheat                ₦     706,608  ₦     705,254  ₦     700,064  ₦     686,524  ₦     662,990
2026-09-18 06:36:34.288 | INFO     | __main__:run_forecasting:805 -   Rice                 ₦   1,900,575  ₦   1,878,102  ₦   1,791,955  ₦   1,656,976  ₦   1,749,517
2026-09-18 06:36:34.288 | INFO     | __main__:run_forecasting:805 -   Meat (beef)          ₦   5,755,222  ₦   5,755,272  ₦   5,755,463  ₦   5,709,039  ₦   6,121,092
2026-09-18 06:36:34.289 | INFO     | __main__:run_forecasting:805 -   Meat (goat)          ₦   5,710,011  ₦   5,689,012  ₦   5,608,518  ₦   5,459,613  ₦   5,893,904
2026-09-18 06:36:34.289 | INFO     | __main__:run_forecasting:805 -   Fish (dried)         ₦   1,547,126  ₦   1,542,513  ₦   1,524,829  ₦   1,036,849  ₦   1,084,158
2026-09-18 06:36:34.290 | INFO     | __main__:run_forecasting:805 -   Eggs                 ₦       6,597  ₦       6,541  ₦       6,324  ₦       5,840  ₦       6,090
2026-09-18 06:36:34.294 | INFO     | __main__:run_forecasting:814 - ======================================================================
2026-09-18 06:36:34.295 | SUCCESS  | __main__:run_forecasting:815 - FORECASTING COMPLETE — 17/17 commodities
2026-09-18 06:36:34.297 | INFO     | __main__:run_forecasting:819 - ======================================================================
2026-09-18 16:29:00.173 | INFO     | __main__:run_forecasting:728 - ============================================================
2026-09-18 16:29:00.176 | INFO     | __main__:run_forecasting:729 - STEP 5 — FORECASTING ENGINE
2026-09-18 16:29:00.176 | INFO     | __main__:run_forecasting:730 -   Run date  : Friday, 18 September 2026
2026-09-18 16:29:00.179 | INFO     | __main__:run_forecasting:731 -   Commodities: 17
2026-09-18 16:29:00.179 | INFO     | __main__:run_forecasting:732 -   Horizons  : ['daily', 'weekly', '2_weeks', 'monthly', '3_months', '6_months']
2026-09-18 16:29:00.179 | INFO     | __main__:run_forecasting:733 - ============================================================
2026-09-18 16:29:00.179 | INFO     | __main__:run_forecasting:736 - 
[1/17] Forecasting Hibiscus...
2026-09-18 16:29:17.984 | DEBUG    | __main__:forecast_commodity:618 -   [Hibiscus] 3/3 models generated forecasts
2026-09-18 16:29:18.042 | INFO     | __main__:run_forecasting:746 -   daily        → ₦    2,294,411/MT  ↓ -0.6%  (2026-09-15)
2026-09-18 16:29:18.044 | INFO     | __main__:run_forecasting:746 -   weekly       → ₦    2,208,949/MT  ↓ -4.3%  (2026-09-21)
2026-09-18 16:29:18.048 | INFO     | __main__:run_forecasting:746 -   2_weeks      → ₦    2,223,856/MT  ↓ -3.7%  (2026-09-28)
2026-09-18 16:29:18.066 | INFO     | __main__:run_forecasting:746 -   monthly      → ₦    2,237,322/MT  ↓ -3.1%  (2026-10-14)
2026-09-18 16:29:18.076 | INFO     | __main__:run_forecasting:746 -   3_months     → ₦    2,211,054/MT  ↓ -4.2%  (2026-12-13)
2026-09-18 16:29:18.088 | INFO     | __main__:run_forecasting:746 -   6_months     → ₦    2,227,193/MT  ↓ -3.5%  (2027-03-13)
2026-09-18 16:29:18.101 | INFO     | __main__:run_forecasting:752 -   ✅ Hibiscus
2026-09-18 16:29:18.103 | INFO     | __main__:run_forecasting:736 - 
[2/17] Forecasting Sesame...
2026-09-18 16:29:21.373 | DEBUG    | __main__:forecast_commodity:618 -   [Sesame] 3/3 models generated forecasts
2026-09-18 16:29:21.426 | INFO     | __main__:run_forecasting:746 -   daily        → ₦    1,420,559/MT  ↓ -1.6%  (2026-09-15)
2026-09-18 16:29:21.428 | INFO     | __main__:run_forecasting:746 -   weekly       → ₦    1,284,433/MT  ↓ -11.0%  (2026-09-21)
2026-09-18 16:29:21.428 | INFO     | __main__:run_forecasting:746 -   2_weeks      → ₦    1,249,137/MT  ↓ -13.4%  (2026-09-28)
2026-09-18 16:29:21.430 | INFO     | __main__:run_forecasting:746 -   monthly      → ₦    1,254,343/MT  ↓ -13.1%  (2026-10-14)
2026-09-18 16:29:21.430 | INFO     | __main__:run_forecasting:746 -   3_months     → ₦    1,278,471/MT  ↓ -11.4%  (2026-12-13)
2026-09-18 16:29:21.433 | INFO     | __main__:run_forecasting:746 -   6_months     → ₦    1,294,537/MT  ↓ -10.3%  (2027-03-13)
2026-09-18 16:29:21.434 | INFO     | __main__:run_forecasting:752 -   ✅ Sesame
2026-09-18 16:29:21.434 | INFO     | __main__:run_forecasting:736 - 
[3/17] Forecasting Ginger...
2026-09-18 16:29:23.833 | DEBUG    | __main__:forecast_commodity:618 -   [Ginger] 3/3 models generated forecasts
2026-09-18 16:29:23.888 | INFO     | __main__:run_forecasting:746 -   daily        → ₦    8,908,103/MT  ↑ +0.4%  (2026-09-15)
2026-09-18 16:29:23.890 | INFO     | __main__:run_forecasting:746 -   weekly       → ₦    9,108,250/MT  ↑ +2.6%  (2026-09-21)
2026-09-18 16:29:23.892 | INFO     | __main__:run_forecasting:746 -   2_weeks      → ₦    9,095,540/MT  ↑ +2.5%  (2026-09-28)
2026-09-18 16:29:23.893 | INFO     | __main__:run_forecasting:746 -   monthly      → ₦    9,060,250/MT  ↑ +2.1%  (2026-10-14)
2026-09-18 16:29:23.893 | INFO     | __main__:run_forecasting:746 -   3_months     → ₦    8,950,503/MT  ↑ +0.8%  (2026-12-13)
2026-09-18 16:29:23.895 | INFO     | __main__:run_forecasting:746 -   6_months     → ₦    8,781,678/MT  ↓ -1.1%  (2027-03-13)
2026-09-18 16:29:23.897 | INFO     | __main__:run_forecasting:752 -   ✅ Ginger
2026-09-18 16:29:23.900 | INFO     | __main__:run_forecasting:736 - 
[4/17] Forecasting Cocoa...
2026-09-18 16:29:26.525 | DEBUG    | __main__:forecast_commodity:618 -   [Cocoa] 3/3 models generated forecasts
2026-09-18 16:29:26.584 | INFO     | __main__:run_forecasting:746 -   daily        → ₦    5,011,097/MT  ↑ +4.4%  (2026-09-15)
2026-09-18 16:29:26.584 | INFO     | __main__:run_forecasting:746 -   weekly       → ₦    6,277,681/MT  ↑ +30.8%  (2026-09-21)
2026-09-18 16:29:26.585 | INFO     | __main__:run_forecasting:746 -   2_weeks      → ₦    6,651,846/MT  ↑ +38.6%  (2026-09-28)
2026-09-18 16:29:26.585 | INFO     | __main__:run_forecasting:746 -   monthly      → ₦    6,870,060/MT  ↑ +43.1%  (2026-10-14)
2026-09-18 16:29:26.585 | INFO     | __main__:run_forecasting:746 -   3_months     → ₦    6,755,473/MT  ↑ +40.7%  (2026-12-13)
2026-09-18 16:29:26.585 | INFO     | __main__:run_forecasting:746 -   6_months     → ₦    6,605,555/MT  ↑ +37.6%  (2027-03-13)
2026-09-18 16:29:26.587 | INFO     | __main__:run_forecasting:752 -   ✅ Cocoa
2026-09-18 16:29:26.587 | INFO     | __main__:run_forecasting:736 - 
[5/17] Forecasting Soybeans...
2026-09-18 16:29:29.423 | DEBUG    | __main__:forecast_commodity:618 -   [Soybeans] 3/3 models generated forecasts
2026-09-18 16:29:29.481 | INFO     | __main__:run_forecasting:746 -   daily        → ₦      811,880/MT  ↓ -1.0%  (2026-09-15)
2026-09-18 16:29:29.484 | INFO     | __main__:run_forecasting:746 -   weekly       → ₦      763,159/MT  ↓ -6.9%  (2026-09-21)
2026-09-18 16:29:29.496 | INFO     | __main__:run_forecasting:746 -   2_weeks      → ₦      735,679/MT  ↓ -10.3%  (2026-09-28)
2026-09-18 16:29:29.503 | INFO     | __main__:run_forecasting:746 -   monthly      → ₦      694,553/MT  ↓ -15.3%  (2026-10-14)
2026-09-18 16:29:29.514 | INFO     | __main__:run_forecasting:746 -   3_months     → ₦      674,398/MT  ↓ -17.8%  (2026-12-13)
2026-09-18 16:29:29.517 | INFO     | __main__:run_forecasting:746 -   6_months     → ₦      631,412/MT  ↓ -23.0%  (2027-03-13)
2026-09-18 16:29:29.519 | INFO     | __main__:run_forecasting:752 -   ✅ Soybeans
2026-09-18 16:29:29.525 | INFO     | __main__:run_forecasting:736 - 
[6/17] Forecasting Cashew Nuts...
2026-09-18 16:29:32.811 | DEBUG    | __main__:forecast_commodity:618 -   [Cashew Nuts] 3/3 models generated forecasts
2026-09-18 16:29:32.872 | INFO     | __main__:run_forecasting:746 -   daily        → ₦    1,708,255/MT  ↓ -0.9%  (2026-09-15)
2026-09-18 16:29:32.883 | INFO     | __main__:run_forecasting:746 -   weekly       → ₦    1,610,843/MT  ↓ -6.6%  (2026-09-21)
2026-09-18 16:29:32.898 | INFO     | __main__:run_forecasting:746 -   2_weeks      → ₦    1,620,409/MT  ↓ -6.0%  (2026-09-28)
2026-09-18 16:29:32.915 | INFO     | __main__:run_forecasting:746 -   monthly      → ₦    1,700,571/MT  ↓ -1.4%  (2026-10-14)
2026-09-18 16:29:32.920 | INFO     | __main__:run_forecasting:746 -   3_months     → ₦    1,747,547/MT  ↑ +1.3%  (2026-12-13)
2026-09-18 16:29:32.934 | INFO     | __main__:run_forecasting:746 -   6_months     → ₦    1,767,994/MT  ↑ +2.5%  (2027-03-13)
2026-09-18 16:29:32.956 | INFO     | __main__:run_forecasting:752 -   ✅ Cashew Nuts
2026-09-18 16:29:32.962 | INFO     | __main__:run_forecasting:736 - 
[7/17] Forecasting Sorghum...
2026-09-18 16:29:36.167 | DEBUG    | __main__:forecast_commodity:618 -   [Sorghum] 3/3 models generated forecasts
2026-09-18 16:29:36.217 | INFO     | __main__:run_forecasting:746 -   daily        → ₦      238,286/MT  ↓ -1.3%  (2026-09-15)
2026-09-18 16:29:36.217 | INFO     | __main__:run_forecasting:746 -   weekly       → ₦      219,152/MT  ↓ -9.2%  (2026-09-21)
2026-09-18 16:29:36.220 | INFO     | __main__:run_forecasting:746 -   2_weeks      → ₦      206,137/MT  ↓ -14.6%  (2026-09-28)
2026-09-18 16:29:36.221 | INFO     | __main__:run_forecasting:746 -   monthly      → ₦      201,943/MT  ↓ -16.4%  (2026-10-14)
2026-09-18 16:29:36.221 | INFO     | __main__:run_forecasting:746 -   3_months     → ₦      203,230/MT  ↓ -15.8%  (2026-12-13)
2026-09-18 16:29:36.226 | INFO     | __main__:run_forecasting:746 -   6_months     → ₦      202,886/MT  ↓ -16.0%  (2027-03-13)
2026-09-18 16:29:36.228 | INFO     | __main__:run_forecasting:752 -   ✅ Sorghum
2026-09-18 16:29:36.230 | INFO     | __main__:run_forecasting:736 - 
[8/17] Forecasting Beans (white)...
2026-09-18 16:29:38.972 | DEBUG    | __main__:forecast_commodity:618 -   [Beans (white)] 3/3 models generated forecasts
2026-09-18 16:29:39.030 | INFO     | __main__:run_forecasting:746 -   daily        → ₦      590,391/MT  ↑ +1.5%  (2026-09-15)
2026-09-18 16:29:39.031 | INFO     | __main__:run_forecasting:746 -   weekly       → ₦      641,397/MT  ↑ +10.2%  (2026-09-21)
2026-09-18 16:29:39.032 | INFO     | __main__:run_forecasting:746 -   2_weeks      → ₦      627,398/MT  ↑ +7.8%  (2026-09-28)
2026-09-18 16:29:39.034 | INFO     | __main__:run_forecasting:746 -   monthly      → ₦      618,642/MT  ↑ +6.3%  (2026-10-14)
2026-09-18 16:29:39.036 | INFO     | __main__:run_forecasting:746 -   3_months     → ₦      587,715/MT  ↑ +1.0%  (2026-12-13)
2026-09-18 16:29:39.037 | INFO     | __main__:run_forecasting:746 -   6_months     → ₦      561,398/MT  ↓ -3.5%  (2027-03-13)
2026-09-18 16:29:39.038 | INFO     | __main__:run_forecasting:752 -   ✅ Beans (white)
2026-09-18 16:29:39.040 | INFO     | __main__:run_forecasting:736 - 
[9/17] Forecasting Beans (red)...
2026-09-18 16:29:43.870 | DEBUG    | __main__:forecast_commodity:618 -   [Beans (red)] 3/3 models generated forecasts
2026-09-18 16:29:43.922 | INFO     | __main__:run_forecasting:746 -   daily        → ₦      711,293/MT  ↑ +0.6%  (2026-09-15)
2026-09-18 16:29:43.942 | INFO     | __main__:run_forecasting:746 -   weekly       → ₦      737,325/MT  ↑ +4.3%  (2026-09-21)
2026-09-18 16:29:43.950 | INFO     | __main__:run_forecasting:746 -   2_weeks      → ₦      749,546/MT  ↑ +6.0%  (2026-09-28)
2026-09-18 16:29:43.953 | INFO     | __main__:run_forecasting:746 -   monthly      → ₦      748,210/MT  ↑ +5.8%  (2026-10-14)
2026-09-18 16:29:43.958 | INFO     | __main__:run_forecasting:746 -   3_months     → ₦      749,673/MT  ↑ +6.0%  (2026-12-13)
2026-09-18 16:29:43.961 | INFO     | __main__:run_forecasting:746 -   6_months     → ₦      750,876/MT  ↑ +6.2%  (2027-03-13)
2026-09-18 16:29:43.963 | INFO     | __main__:run_forecasting:752 -   ✅ Beans (red)
2026-09-18 16:29:43.963 | INFO     | __main__:run_forecasting:736 - 
[10/17] Forecasting Maize (white)...
2026-09-18 16:29:49.244 | DEBUG    | __main__:forecast_commodity:618 -   [Maize (white)] 3/3 models generated forecasts
2026-09-18 16:29:49.300 | INFO     | __main__:run_forecasting:746 -   daily        → ₦      375,352/MT  ↓ -1.4%  (2026-09-15)
2026-09-18 16:29:49.316 | INFO     | __main__:run_forecasting:746 -   weekly       → ₦      343,664/MT  ↓ -9.7%  (2026-09-21)
2026-09-18 16:29:49.325 | INFO     | __main__:run_forecasting:746 -   2_weeks      → ₦      342,191/MT  ↓ -10.1%  (2026-09-28)
2026-09-18 16:29:49.333 | INFO     | __main__:run_forecasting:746 -   monthly      → ₦      342,300/MT  ↓ -10.1%  (2026-10-14)
2026-09-18 16:29:49.338 | INFO     | __main__:run_forecasting:746 -   3_months     → ₦      350,659/MT  ↓ -7.9%  (2026-12-13)
2026-09-18 16:29:49.347 | INFO     | __main__:run_forecasting:746 -   6_months     → ₦      362,979/MT  ↓ -4.6%  (2027-03-13)
2026-09-18 16:29:49.355 | INFO     | __main__:run_forecasting:752 -   ✅ Maize (white)
2026-09-18 16:29:49.359 | INFO     | __main__:run_forecasting:736 - 
[11/17] Forecasting Maize (yellow)...
2026-09-18 16:29:55.017 | DEBUG    | __main__:forecast_commodity:618 -   [Maize (yellow)] 3/3 models generated forecasts
2026-09-18 16:29:55.094 | INFO     | __main__:run_forecasting:746 -   daily        → ₦      406,553/MT  ↓ -1.2%  (2026-09-15)
2026-09-18 16:29:55.103 | INFO     | __main__:run_forecasting:746 -   weekly       → ₦      377,379/MT  ↓ -8.3%  (2026-09-21)
2026-09-18 16:29:55.109 | INFO     | __main__:run_forecasting:746 -   2_weeks      → ₦      375,704/MT  ↓ -8.7%  (2026-09-28)
2026-09-18 16:29:55.132 | INFO     | __main__:run_forecasting:746 -   monthly      → ₦      375,459/MT  ↓ -8.7%  (2026-10-14)
2026-09-18 16:29:55.146 | INFO     | __main__:run_forecasting:746 -   3_months     → ₦      385,219/MT  ↓ -6.4%  (2026-12-13)
2026-09-18 16:29:55.157 | INFO     | __main__:run_forecasting:746 -   6_months     → ₦      400,183/MT  ↓ -2.7%  (2027-03-13)
2026-09-18 16:29:55.166 | INFO     | __main__:run_forecasting:752 -   ✅ Maize (yellow)
2026-09-18 16:29:55.180 | INFO     | __main__:run_forecasting:736 - 
[12/17] Forecasting Wheat...
2026-09-18 16:29:59.734 | DEBUG    | __main__:forecast_commodity:618 -   [Wheat] 3/3 models generated forecasts
2026-09-18 16:29:59.828 | INFO     | __main__:run_forecasting:746 -   daily        → ₦      875,824/MT  ↓ -3.8%  (2026-09-15)
2026-09-18 16:29:59.832 | INFO     | __main__:run_forecasting:746 -   weekly       → ₦      670,502/MT  ↓ -26.3%  (2026-09-21)
2026-09-18 16:29:59.834 | INFO     | __main__:run_forecasting:746 -   2_weeks      → ₦      665,592/MT  ↓ -26.9%  (2026-09-28)
2026-09-18 16:29:59.834 | INFO     | __main__:run_forecasting:746 -   monthly      → ₦      662,639/MT  ↓ -27.2%  (2026-10-14)
2026-09-18 16:29:59.836 | INFO     | __main__:run_forecasting:746 -   3_months     → ₦      666,148/MT  ↓ -26.8%  (2026-12-13)
2026-09-18 16:29:59.837 | INFO     | __main__:run_forecasting:746 -   6_months     → ₦      687,137/MT  ↓ -24.5%  (2027-03-13)
2026-09-18 16:29:59.837 | INFO     | __main__:run_forecasting:752 -   ✅ Wheat
2026-09-18 16:29:59.837 | INFO     | __main__:run_forecasting:736 - 
[13/17] Forecasting Rice...
2026-09-18 16:30:04.528 | DEBUG    | __main__:forecast_commodity:618 -   [Rice] 3/3 models generated forecasts
2026-09-18 16:30:04.593 | INFO     | __main__:run_forecasting:746 -   daily        → ₦    1,592,560/MT  ↑ +1.1%  (2026-09-15)
2026-09-18 16:30:04.600 | INFO     | __main__:run_forecasting:746 -   weekly       → ₦    1,694,573/MT  ↑ +7.5%  (2026-09-21)
2026-09-18 16:30:04.607 | INFO     | __main__:run_forecasting:746 -   2_weeks      → ₦    1,675,423/MT  ↑ +6.3%  (2026-09-28)
2026-09-18 16:30:04.620 | INFO     | __main__:run_forecasting:746 -   monthly      → ₦    1,653,103/MT  ↑ +4.9%  (2026-10-14)
2026-09-18 16:30:04.626 | INFO     | __main__:run_forecasting:746 -   3_months     → ₦    1,729,480/MT  ↑ +9.8%  (2026-12-13)
2026-09-18 16:30:04.647 | INFO     | __main__:run_forecasting:746 -   6_months     → ₦    1,812,934/MT  ↑ +15.1%  (2027-03-13)
2026-09-18 16:30:04.652 | INFO     | __main__:run_forecasting:752 -   ✅ Rice
2026-09-18 16:30:04.660 | INFO     | __main__:run_forecasting:736 - 
[14/17] Forecasting Meat (beef)...
2026-09-18 16:30:09.025 | DEBUG    | __main__:forecast_commodity:618 -   [Meat (beef)] 3/3 models generated forecasts
2026-09-18 16:30:09.107 | INFO     | __main__:run_forecasting:746 -   daily        → ₦    4,838,579/MT  ↑ +3.3%  (2026-09-15)
2026-09-18 16:30:09.114 | INFO     | __main__:run_forecasting:746 -   weekly       → ₦    5,755,679/MT  ↑ +22.8%  (2026-09-21)
2026-09-18 16:30:09.118 | INFO     | __main__:run_forecasting:746 -   2_weeks      → ₦    5,721,066/MT  ↑ +22.1%  (2026-09-28)
2026-09-18 16:30:09.126 | INFO     | __main__:run_forecasting:746 -   monthly      → ₦    5,693,790/MT  ↑ +21.5%  (2026-10-14)
2026-09-18 16:30:09.147 | INFO     | __main__:run_forecasting:746 -   3_months     → ₦    6,046,211/MT  ↑ +29.0%  (2026-12-13)
2026-09-18 16:30:09.161 | INFO     | __main__:run_forecasting:746 -   6_months     → ₦    6,017,414/MT  ↑ +28.4%  (2027-03-13)
2026-09-18 16:30:09.181 | INFO     | __main__:run_forecasting:752 -   ✅ Meat (beef)
2026-09-18 16:30:09.188 | INFO     | __main__:run_forecasting:736 - 
[15/17] Forecasting Meat (goat)...
2026-09-18 16:30:12.914 | DEBUG    | __main__:forecast_commodity:618 -   [Meat (goat)] 3/3 models generated forecasts
2026-09-18 16:30:12.984 | INFO     | __main__:run_forecasting:746 -   daily        → ₦    6,287,476/MT  ↓ -2.0%  (2026-09-15)
2026-09-18 16:30:12.989 | INFO     | __main__:run_forecasting:746 -   weekly       → ₦    5,517,524/MT  ↓ -14.0%  (2026-09-21)
2026-09-18 16:30:12.991 | INFO     | __main__:run_forecasting:746 -   2_weeks      → ₦    5,466,430/MT  ↓ -14.8%  (2026-09-28)
2026-09-18 16:30:12.995 | INFO     | __main__:run_forecasting:746 -   monthly      → ₦    5,431,377/MT  ↓ -15.3%  (2026-10-14)
2026-09-18 16:30:13.000 | INFO     | __main__:run_forecasting:746 -   3_months     → ₦    5,508,491/MT  ↓ -14.1%  (2026-12-13)
2026-09-18 16:30:13.005 | INFO     | __main__:run_forecasting:746 -   6_months     → ₦    5,625,813/MT  ↓ -12.3%  (2027-03-13)
2026-09-18 16:30:13.010 | INFO     | __main__:run_forecasting:752 -   ✅ Meat (goat)
2026-09-18 16:30:13.021 | INFO     | __main__:run_forecasting:736 - 
[16/17] Forecasting Fish (dried)...
2026-09-18 16:30:16.495 | DEBUG    | __main__:forecast_commodity:618 -   [Fish (dried)] 3/3 models generated forecasts
2026-09-18 16:30:16.556 | INFO     | __main__:run_forecasting:746 -   daily        → ₦    6,306,768/MT  ↓ -11.3%  (2026-09-15)
2026-09-18 16:30:16.561 | INFO     | __main__:run_forecasting:746 -   weekly       → ₦    1,504,839/MT  ↓ -78.8%  (2026-09-21)
2026-09-18 16:30:16.570 | INFO     | __main__:run_forecasting:746 -   2_weeks      → ₦    1,336,864/MT  ↓ -81.2%  (2026-09-28)
2026-09-18 16:30:16.595 | INFO     | __main__:run_forecasting:746 -   monthly      → ₦    1,087,351/MT  ↓ -84.7%  (2026-10-14)
2026-09-18 16:30:16.599 | INFO     | __main__:run_forecasting:746 -   3_months     → ₦    1,104,393/MT  ↓ -84.5%  (2026-12-13)
2026-09-18 16:30:16.601 | INFO     | __main__:run_forecasting:746 -   6_months     → ₦    1,065,044/MT  ↓ -85.0%  (2027-03-13)
2026-09-18 16:30:16.605 | INFO     | __main__:run_forecasting:752 -   ✅ Fish (dried)
2026-09-18 16:30:16.610 | INFO     | __main__:run_forecasting:736 - 
[17/17] Forecasting Eggs...
2026-09-18 16:30:20.652 | DEBUG    | __main__:forecast_commodity:618 -   [Eggs] 3/3 models generated forecasts
2026-09-18 16:30:20.714 | INFO     | __main__:run_forecasting:746 -   daily        → ₦        6,864/MT  ↓ -1.9%  (2026-09-15)
2026-09-18 16:30:20.724 | INFO     | __main__:run_forecasting:746 -   weekly       → ₦        6,079/MT  ↓ -13.1%  (2026-09-21)
2026-09-18 16:30:20.732 | INFO     | __main__:run_forecasting:746 -   2_weeks      → ₦        5,927/MT  ↓ -15.3%  (2026-09-28)
2026-09-18 16:30:20.751 | INFO     | __main__:run_forecasting:746 -   monthly      → ₦        5,837/MT  ↓ -16.6%  (2026-10-14)
2026-09-18 16:30:20.751 | INFO     | __main__:run_forecasting:746 -   3_months     → ₦        6,104/MT  ↓ -12.7%  (2026-12-13)
2026-09-18 16:30:20.753 | INFO     | __main__:run_forecasting:746 -   6_months     → ₦        5,982/MT  ↓ -14.5%  (2027-03-13)
2026-09-18 16:30:20.755 | INFO     | __main__:run_forecasting:752 -   ✅ Eggs
2026-09-18 16:30:22.807 | INFO     | __main__:run_forecasting:761 - 
  Forecast JSON saved → C:\Users\USER\Downloads\agrolinking-intel-structure\agrolinking-intel\outputs\forecasts\forecast_2026-09-18.json
2026-09-18 16:30:22.813 | INFO     | __main__:run_forecasting:769 -   Daily alert saved → C:\Users\USER\Downloads\agrolinking-intel-structure\agrolinking-intel\outputs\daily_alerts\alert_2026-09-18.txt
2026-09-18 16:30:22.818 | INFO     | __main__:run_forecasting:772 - 
============================================================
2026-09-18 16:30:22.823 | INFO     | __main__:run_forecasting:773 -   DAILY PRICE ALERT
2026-09-18 16:30:22.830 | INFO     | __main__:run_forecasting:774 - ============================================================
2026-09-18 16:30:22.831 | INFO     | __main__:run_forecasting:776 -   📊 AGROLINKING COMMODITY INTELLIGENCE ALERT
2026-09-18 16:30:22.833 | INFO     | __main__:run_forecasting:776 -   📅 Friday, 18 September 2026
2026-09-18 16:30:22.833 | INFO     | __main__:run_forecasting:776 -   ─────────────────────────────────────────────
2026-09-18 16:30:22.835 | INFO     | __main__:run_forecasting:776 -   ▼ Hibiscus           ₦    2,294,411/MT  -0.62%
2026-09-18 16:30:22.836 | INFO     | __main__:run_forecasting:776 -   ▼ Sesame             ₦    1,420,559/MT  -1.57%
2026-09-18 16:30:22.836 | INFO     | __main__:run_forecasting:776 -   → Ginger             ₦    8,908,103/MT  +0.38%
2026-09-18 16:30:22.836 | INFO     | __main__:run_forecasting:776 -   ▲ Cocoa              ₦    5,011,097/MT  +4.40%
2026-09-18 16:30:22.838 | INFO     | __main__:run_forecasting:776 -   ▼ Soybeans           ₦      811,880/MT  -0.99%
2026-09-18 16:30:22.838 | INFO     | __main__:run_forecasting:776 -   ▼ Cashew Nuts        ₦    1,708,255/MT  -0.94%
2026-09-18 16:30:22.840 | INFO     | __main__:run_forecasting:776 -   ▼ Sorghum            ₦      238,286/MT  -1.32%
2026-09-18 16:30:22.843 | INFO     | __main__:run_forecasting:776 -   ▲ Beans (white)      ₦      590,391/MT  +1.46%
2026-09-18 16:30:22.846 | INFO     | __main__:run_forecasting:776 -   ▲ Beans (red)        ₦      711,293/MT  +0.61%
2026-09-18 16:30:22.847 | INFO     | __main__:run_forecasting:776 -   ▼ Maize (white)      ₦      375,352/MT  -1.39%
2026-09-18 16:30:22.847 | INFO     | __main__:run_forecasting:776 -   ▼ Maize (yellow)     ₦      406,553/MT  -1.18%
2026-09-18 16:30:22.850 | INFO     | __main__:run_forecasting:776 -   ▼ Wheat              ₦      875,824/MT  -3.76%
2026-09-18 16:30:22.850 | INFO     | __main__:run_forecasting:776 -   ▲ Rice               ₦    1,592,560/MT  +1.08%
2026-09-18 16:30:22.852 | INFO     | __main__:run_forecasting:776 -   ▲ Meat (beef)        ₦    4,838,579/MT  +3.26%
2026-09-18 16:30:22.853 | INFO     | __main__:run_forecasting:776 -   ▼ Meat (goat)        ₦    6,287,476/MT  -2.00%
2026-09-18 16:30:22.860 | INFO     | __main__:run_forecasting:776 -   ▼ Fish (dried)       ₦    6,306,768/MT  -11.26%
2026-09-18 16:30:22.864 | INFO     | __main__:run_forecasting:776 -   ▼ Eggs               ₦        6,864/MT  -1.87%
2026-09-18 16:30:22.868 | INFO     | __main__:run_forecasting:776 -   ─────────────────────────────────────────────
2026-09-18 16:30:22.872 | INFO     | __main__:run_forecasting:776 -   Source: Agrolinking Intelligence Platform
2026-09-18 16:30:22.874 | INFO     | __main__:run_forecasting:776 -   Next update: 19 Sep 2026
2026-09-18 16:30:22.874 | INFO     | __main__:run_forecasting:780 - 
  Note: master append handled by 06_validate.py (corrected prices).
2026-09-18 16:30:22.876 | INFO     | __main__:run_forecasting:784 - 
======================================================================
2026-09-18 16:30:22.877 | INFO     | __main__:run_forecasting:785 -   FORECAST SUMMARY — ALL COMMODITIES
2026-09-18 16:30:22.879 | INFO     | __main__:run_forecasting:786 - ======================================================================
2026-09-18 16:30:22.880 | INFO     | __main__:run_forecasting:787 -   Commodity                     Today         1 Week        1 Month       3 Months       6 Months
2026-09-18 16:30:22.880 | INFO     | __main__:run_forecasting:792 -   ----------------------------------------------------------------------------------
2026-09-18 16:30:22.882 | INFO     | __main__:run_forecasting:805 -   Hibiscus             ₦   2,294,411  ₦   2,208,949  ₦   2,237,322  ₦   2,211,054  ₦   2,227,193
2026-09-18 16:30:22.884 | INFO     | __main__:run_forecasting:805 -   Sesame               ₦   1,420,559  ₦   1,284,433  ₦   1,254,343  ₦   1,278,471  ₦   1,294,537
2026-09-18 16:30:22.886 | INFO     | __main__:run_forecasting:805 -   Ginger               ₦   8,908,103  ₦   9,108,250  ₦   9,060,250  ₦   8,950,503  ₦   8,781,678
2026-09-18 16:30:22.888 | INFO     | __main__:run_forecasting:805 -   Cocoa                ₦   5,011,097  ₦   6,277,681  ₦   6,870,060  ₦   6,755,473  ₦   6,605,555
2026-09-18 16:30:22.888 | INFO     | __main__:run_forecasting:805 -   Soybeans             ₦     811,880  ₦     763,159  ₦     694,553  ₦     674,398  ₦     631,412
2026-09-18 16:30:22.890 | INFO     | __main__:run_forecasting:805 -   Cashew Nuts          ₦   1,708,255  ₦   1,610,843  ₦   1,700,571  ₦   1,747,547  ₦   1,767,994
2026-09-18 16:30:22.894 | INFO     | __main__:run_forecasting:805 -   Sorghum              ₦     238,286  ₦     219,152  ₦     201,943  ₦     203,230  ₦     202,886
2026-09-18 16:30:22.896 | INFO     | __main__:run_forecasting:805 -   Beans (white)        ₦     590,391  ₦     641,397  ₦     618,642  ₦     587,715  ₦     561,398
2026-09-18 16:30:22.898 | INFO     | __main__:run_forecasting:805 -   Beans (red)          ₦     711,293  ₦     737,325  ₦     748,210  ₦     749,673  ₦     750,876
2026-09-18 16:30:22.901 | INFO     | __main__:run_forecasting:805 -   Maize (white)        ₦     375,352  ₦     343,664  ₦     342,300  ₦     350,659  ₦     362,979
2026-09-18 16:30:22.908 | INFO     | __main__:run_forecasting:805 -   Maize (yellow)       ₦     406,553  ₦     377,379  ₦     375,459  ₦     385,219  ₦     400,183
2026-09-18 16:30:22.916 | INFO     | __main__:run_forecasting:805 -   Wheat                ₦     875,824  ₦     670,502  ₦     662,639  ₦     666,148  ₦     687,137
2026-09-18 16:30:22.919 | INFO     | __main__:run_forecasting:805 -   Rice                 ₦   1,592,560  ₦   1,694,573  ₦   1,653,103  ₦   1,729,480  ₦   1,812,934
2026-09-18 16:30:22.920 | INFO     | __main__:run_forecasting:805 -   Meat (beef)          ₦   4,838,579  ₦   5,755,679  ₦   5,693,790  ₦   6,046,211  ₦   6,017,414
2026-09-18 16:30:22.921 | INFO     | __main__:run_forecasting:805 -   Meat (goat)          ₦   6,287,476  ₦   5,517,524  ₦   5,431,377  ₦   5,508,491  ₦   5,625,813
2026-09-18 16:30:22.921 | INFO     | __main__:run_forecasting:805 -   Fish (dried)         ₦   6,306,768  ₦   1,504,839  ₦   1,087,351  ₦   1,104,393  ₦   1,065,044
2026-09-18 16:30:22.923 | INFO     | __main__:run_forecasting:805 -   Eggs                 ₦       6,864  ₦       6,079  ₦       5,837  ₦       6,104  ₦       5,982
2026-09-18 16:30:22.926 | INFO     | __main__:run_forecasting:814 - ======================================================================
2026-09-18 16:30:22.934 | SUCCESS  | __main__:run_forecasting:815 - FORECASTING COMPLETE — 17/17 commodities
2026-09-18 16:30:22.934 | INFO     | __main__:run_forecasting:819 - ======================================================================
2026-09-18 21:51:38.330 | INFO     | __main__:run_forecasting:728 - ============================================================
2026-09-18 21:51:38.334 | INFO     | __main__:run_forecasting:729 - STEP 5 — FORECASTING ENGINE
2026-09-18 21:51:38.335 | INFO     | __main__:run_forecasting:730 -   Run date  : Friday, 18 September 2026
2026-09-18 21:51:38.336 | INFO     | __main__:run_forecasting:731 -   Commodities: 17
2026-09-18 21:51:38.340 | INFO     | __main__:run_forecasting:732 -   Horizons  : ['daily', 'weekly', '2_weeks', 'monthly', '3_months', '6_months']
2026-09-18 21:51:38.341 | INFO     | __main__:run_forecasting:733 - ============================================================
2026-09-18 21:51:38.343 | INFO     | __main__:run_forecasting:736 - 
[1/17] Forecasting Hibiscus...
2026-09-18 21:51:54.783 | DEBUG    | __main__:forecast_commodity:618 -   [Hibiscus] 3/3 models generated forecasts
2026-09-18 21:51:54.893 | INFO     | __main__:run_forecasting:746 -   daily        → ₦    2,313,171/MT  ↑ +0.2%  (2026-09-15)
2026-09-18 21:51:54.894 | INFO     | __main__:run_forecasting:746 -   weekly       → ₦    2,340,264/MT  ↑ +1.4%  (2026-09-21)
2026-09-18 21:51:54.897 | INFO     | __main__:run_forecasting:746 -   2_weeks      → ₦    2,302,737/MT  ↓ -0.3%  (2026-09-28)
2026-09-18 21:51:54.901 | INFO     | __main__:run_forecasting:746 -   monthly      → ₦    2,186,701/MT  ↓ -5.3%  (2026-10-14)
2026-09-18 21:51:54.901 | INFO     | __main__:run_forecasting:746 -   3_months     → ₦    2,257,790/MT  ↓ -2.2%  (2026-12-13)
2026-09-18 21:51:54.903 | INFO     | __main__:run_forecasting:746 -   6_months     → ₦    2,245,566/MT  ↓ -2.7%  (2027-03-13)
2026-09-18 21:51:54.908 | INFO     | __main__:run_forecasting:752 -   ✅ Hibiscus
2026-09-18 21:51:54.910 | INFO     | __main__:run_forecasting:736 - 
[2/17] Forecasting Sesame...
2026-09-18 21:51:57.881 | DEBUG    | __main__:forecast_commodity:618 -   [Sesame] 3/3 models generated forecasts
2026-09-18 21:51:57.949 | INFO     | __main__:run_forecasting:746 -   daily        → ₦    1,427,920/MT  ↓ -1.1%  (2026-09-15)
2026-09-18 21:51:57.950 | INFO     | __main__:run_forecasting:746 -   weekly       → ₦    1,335,961/MT  ↓ -7.4%  (2026-09-21)
2026-09-18 21:51:57.951 | INFO     | __main__:run_forecasting:746 -   2_weeks      → ₦    1,274,471/MT  ↓ -11.7%  (2026-09-28)
2026-09-18 21:51:57.951 | INFO     | __main__:run_forecasting:746 -   monthly      → ₦    1,242,518/MT  ↓ -13.9%  (2026-10-14)
2026-09-18 21:51:57.952 | INFO     | __main__:run_forecasting:746 -   3_months     → ₦    1,440,166/MT  ↓ -0.2%  (2026-12-13)
2026-09-18 21:51:57.953 | INFO     | __main__:run_forecasting:746 -   6_months     → ₦    1,366,257/MT  ↓ -5.3%  (2027-03-13)
2026-09-18 21:51:57.954 | INFO     | __main__:run_forecasting:752 -   ✅ Sesame
2026-09-18 21:51:57.955 | INFO     | __main__:run_forecasting:736 - 
[3/17] Forecasting Ginger...
2026-09-18 21:52:00.997 | DEBUG    | __main__:forecast_commodity:618 -   [Ginger] 3/3 models generated forecasts
2026-09-18 21:52:01.053 | INFO     | __main__:run_forecasting:746 -   daily        → ₦    8,928,017/MT  ↑ +0.6%  (2026-09-15)
2026-09-18 21:52:01.054 | INFO     | __main__:run_forecasting:746 -   weekly       → ₦    9,247,647/MT  ↑ +4.2%  (2026-09-21)
2026-09-18 21:52:01.056 | INFO     | __main__:run_forecasting:746 -   2_weeks      → ₦    9,217,334/MT  ↑ +3.9%  (2026-09-28)
2026-09-18 21:52:01.057 | INFO     | __main__:run_forecasting:746 -   monthly      → ₦    9,161,867/MT  ↑ +3.2%  (2026-10-14)
2026-09-18 21:52:01.058 | INFO     | __main__:run_forecasting:746 -   3_months     → ₦    8,934,191/MT  ↑ +0.7%  (2026-12-13)
2026-09-18 21:52:01.058 | INFO     | __main__:run_forecasting:746 -   6_months     → ₦    8,787,329/MT  ↓ -1.0%  (2027-03-13)
2026-09-18 21:52:01.060 | INFO     | __main__:run_forecasting:752 -   ✅ Ginger
2026-09-18 21:52:01.064 | INFO     | __main__:run_forecasting:736 - 
[4/17] Forecasting Cocoa...
2026-09-18 21:52:04.198 | DEBUG    | __main__:forecast_commodity:618 -   [Cocoa] 3/3 models generated forecasts
2026-09-18 21:52:04.259 | INFO     | __main__:run_forecasting:746 -   daily        → ₦    4,882,208/MT  ↑ +1.7%  (2026-09-15)
2026-09-18 21:52:04.265 | INFO     | __main__:run_forecasting:746 -   weekly       → ₦    5,375,456/MT  ↑ +12.0%  (2026-09-21)
2026-09-18 21:52:04.269 | INFO     | __main__:run_forecasting:746 -   2_weeks      → ₦    5,544,195/MT  ↑ +15.5%  (2026-09-28)
2026-09-18 21:52:04.277 | INFO     | __main__:run_forecasting:746 -   monthly      → ₦    5,667,597/MT  ↑ +18.1%  (2026-10-14)
2026-09-18 21:52:04.282 | INFO     | __main__:run_forecasting:746 -   3_months     → ₦    5,164,923/MT  ↑ +7.6%  (2026-12-13)
2026-09-18 21:52:04.291 | INFO     | __main__:run_forecasting:746 -   6_months     → ₦    4,730,793/MT  ↓ -1.4%  (2027-03-13)
2026-09-18 21:52:04.296 | INFO     | __main__:run_forecasting:752 -   ✅ Cocoa
2026-09-18 21:52:04.297 | INFO     | __main__:run_forecasting:736 - 
[5/17] Forecasting Soybeans...
2026-09-18 21:52:07.541 | DEBUG    | __main__:forecast_commodity:618 -   [Soybeans] 3/3 models generated forecasts
2026-09-18 21:52:07.604 | INFO     | __main__:run_forecasting:746 -   daily        → ₦      796,931/MT  ↓ -2.8%  (2026-09-15)
2026-09-18 21:52:07.606 | INFO     | __main__:run_forecasting:746 -   weekly       → ₦      658,514/MT  ↓ -19.7%  (2026-09-21)
2026-09-18 21:52:07.608 | INFO     | __main__:run_forecasting:746 -   2_weeks      → ₦      629,861/MT  ↓ -23.2%  (2026-09-28)
2026-09-18 21:52:07.608 | INFO     | __main__:run_forecasting:746 -   monthly      → ₦      588,301/MT  ↓ -28.3%  (2026-10-14)
2026-09-18 21:52:07.609 | INFO     | __main__:run_forecasting:746 -   3_months     → ₦      565,328/MT  ↓ -31.1%  (2026-12-13)
2026-09-18 21:52:07.609 | INFO     | __main__:run_forecasting:746 -   6_months     → ₦      551,733/MT  ↓ -32.7%  (2027-03-13)
2026-09-18 21:52:07.610 | INFO     | __main__:run_forecasting:752 -   ✅ Soybeans
2026-09-18 21:52:07.611 | INFO     | __main__:run_forecasting:736 - 
[6/17] Forecasting Cashew Nuts...
2026-09-18 21:52:10.329 | DEBUG    | __main__:forecast_commodity:618 -   [Cashew Nuts] 3/3 models generated forecasts
2026-09-18 21:52:10.468 | INFO     | __main__:run_forecasting:746 -   daily        → ₦    1,714,404/MT  ↓ -0.6%  (2026-09-15)
2026-09-18 21:52:10.469 | INFO     | __main__:run_forecasting:746 -   weekly       → ₦    1,653,883/MT  ↓ -4.1%  (2026-09-21)
2026-09-18 21:52:10.471 | INFO     | __main__:run_forecasting:746 -   2_weeks      → ₦    1,669,011/MT  ↓ -3.2%  (2026-09-28)
2026-09-18 21:52:10.474 | INFO     | __main__:run_forecasting:746 -   monthly      → ₦    1,705,184/MT  ↓ -1.1%  (2026-10-14)
2026-09-18 21:52:10.478 | INFO     | __main__:run_forecasting:746 -   3_months     → ₦    1,732,503/MT  ↑ +0.5%  (2026-12-13)
2026-09-18 21:52:10.486 | INFO     | __main__:run_forecasting:746 -   6_months     → ₦    1,746,662/MT  ↑ +1.3%  (2027-03-13)
2026-09-18 21:52:10.492 | INFO     | __main__:run_forecasting:752 -   ✅ Cashew Nuts
2026-09-18 21:52:10.496 | INFO     | __main__:run_forecasting:736 - 
[7/17] Forecasting Sorghum...
2026-09-18 21:52:13.293 | DEBUG    | __main__:forecast_commodity:618 -   [Sorghum] 3/3 models generated forecasts
2026-09-18 21:52:13.348 | INFO     | __main__:run_forecasting:746 -   daily        → ₦      241,743/MT  ↑ +0.1%  (2026-09-15)
2026-09-18 21:52:13.349 | INFO     | __main__:run_forecasting:746 -   weekly       → ₦      243,349/MT  ↑ +0.8%  (2026-09-21)
2026-09-18 21:52:13.350 | INFO     | __main__:run_forecasting:746 -   2_weeks      → ₦      225,747/MT  ↓ -6.5%  (2026-09-28)
2026-09-18 21:52:13.351 | INFO     | __main__:run_forecasting:746 -   monthly      → ₦      219,591/MT  ↓ -9.1%  (2026-10-14)
2026-09-18 21:52:13.352 | INFO     | __main__:run_forecasting:746 -   3_months     → ₦      193,573/MT  ↓ -19.8%  (2026-12-13)
2026-09-18 21:52:13.354 | INFO     | __main__:run_forecasting:746 -   6_months     → ₦      176,087/MT  ↓ -27.1%  (2027-03-13)
2026-09-18 21:52:13.358 | INFO     | __main__:run_forecasting:752 -   ✅ Sorghum
2026-09-18 21:52:13.361 | INFO     | __main__:run_forecasting:736 - 
[8/17] Forecasting Beans (white)...
2026-09-18 21:52:16.685 | DEBUG    | __main__:forecast_commodity:618 -   [Beans (white)] 3/3 models generated forecasts
2026-09-18 21:52:16.741 | INFO     | __main__:run_forecasting:746 -   daily        → ₦      596,239/MT  ↑ +2.5%  (2026-09-15)
2026-09-18 21:52:16.744 | INFO     | __main__:run_forecasting:746 -   weekly       → ₦      682,338/MT  ↑ +17.3%  (2026-09-21)
2026-09-18 21:52:16.746 | INFO     | __main__:run_forecasting:746 -   2_weeks      → ₦      680,811/MT  ↑ +17.0%  (2026-09-28)
2026-09-18 21:52:16.747 | INFO     | __main__:run_forecasting:746 -   monthly      → ₦      680,068/MT  ↑ +16.9%  (2026-10-14)
2026-09-18 21:52:16.748 | INFO     | __main__:run_forecasting:746 -   3_months     → ₦      696,541/MT  ↑ +19.7%  (2026-12-13)
2026-09-18 21:52:16.749 | INFO     | __main__:run_forecasting:746 -   6_months     → ₦      698,777/MT  ↑ +20.1%  (2027-03-13)
2026-09-18 21:52:16.751 | INFO     | __main__:run_forecasting:752 -   ✅ Beans (white)
2026-09-18 21:52:16.755 | INFO     | __main__:run_forecasting:736 - 
[9/17] Forecasting Beans (red)...
2026-09-18 21:52:19.598 | DEBUG    | __main__:forecast_commodity:618 -   [Beans (red)] 3/3 models generated forecasts
2026-09-18 21:52:19.652 | INFO     | __main__:run_forecasting:746 -   daily        → ₦      709,951/MT  ↑ +0.4%  (2026-09-15)
2026-09-18 21:52:19.654 | INFO     | __main__:run_forecasting:746 -   weekly       → ₦      727,931/MT  ↑ +3.0%  (2026-09-21)
2026-09-18 21:52:19.654 | INFO     | __main__:run_forecasting:746 -   2_weeks      → ₦      728,970/MT  ↑ +3.1%  (2026-09-28)
2026-09-18 21:52:19.655 | INFO     | __main__:run_forecasting:746 -   monthly      → ₦      729,699/MT  ↑ +3.2%  (2026-10-14)
2026-09-18 21:52:19.655 | INFO     | __main__:run_forecasting:746 -   3_months     → ₦      872,147/MT  ↑ +23.4%  (2026-12-13)
2026-09-18 21:52:19.656 | INFO     | __main__:run_forecasting:746 -   6_months     → ₦      867,567/MT  ↑ +22.7%  (2027-03-13)
2026-09-18 21:52:19.656 | INFO     | __main__:run_forecasting:752 -   ✅ Beans (red)
2026-09-18 21:52:19.657 | INFO     | __main__:run_forecasting:736 - 
[10/17] Forecasting Maize (white)...
2026-09-18 21:52:22.286 | DEBUG    | __main__:forecast_commodity:618 -   [Maize (white)] 3/3 models generated forecasts
2026-09-18 21:52:22.344 | INFO     | __main__:run_forecasting:746 -   daily        → ₦      404,874/MT  ↑ +6.4%  (2026-09-15)
2026-09-18 21:52:22.345 | INFO     | __main__:run_forecasting:746 -   weekly       → ₦      550,320/MT  ↑ +44.6%  (2026-09-21)
2026-09-18 21:52:22.346 | INFO     | __main__:run_forecasting:746 -   2_weeks      → ₦      551,784/MT  ↑ +45.0%  (2026-09-28)
2026-09-18 21:52:22.348 | INFO     | __main__:run_forecasting:746 -   monthly      → ₦      555,285/MT  ↑ +45.9%  (2026-10-14)
2026-09-18 21:52:22.349 | INFO     | __main__:run_forecasting:746 -   3_months     → ₦      579,338/MT  ↑ +52.2%  (2026-12-13)
2026-09-18 21:52:22.351 | INFO     | __main__:run_forecasting:746 -   6_months     → ₦      592,348/MT  ↑ +55.6%  (2027-03-13)
2026-09-18 21:52:22.354 | INFO     | __main__:run_forecasting:752 -   ✅ Maize (white)
2026-09-18 21:52:22.357 | INFO     | __main__:run_forecasting:736 - 
[11/17] Forecasting Maize (yellow)...
2026-09-18 21:52:25.067 | DEBUG    | __main__:forecast_commodity:618 -   [Maize (yellow)] 3/3 models generated forecasts
2026-09-18 21:52:25.128 | INFO     | __main__:run_forecasting:746 -   daily        → ₦      437,868/MT  ↑ +6.4%  (2026-09-15)
2026-09-18 21:52:25.129 | INFO     | __main__:run_forecasting:746 -   weekly       → ₦      596,587/MT  ↑ +45.0%  (2026-09-21)
2026-09-18 21:52:25.129 | INFO     | __main__:run_forecasting:746 -   2_weeks      → ₦      601,639/MT  ↑ +46.2%  (2026-09-28)
2026-09-18 21:52:25.131 | INFO     | __main__:run_forecasting:746 -   monthly      → ₦      612,850/MT  ↑ +49.0%  (2026-10-14)
2026-09-18 21:52:25.131 | INFO     | __main__:run_forecasting:746 -   3_months     → ₦      633,166/MT  ↑ +53.9%  (2026-12-13)
2026-09-18 21:52:25.132 | INFO     | __main__:run_forecasting:746 -   6_months     → ₦      644,932/MT  ↑ +56.8%  (2027-03-13)
2026-09-18 21:52:25.133 | INFO     | __main__:run_forecasting:752 -   ✅ Maize (yellow)
2026-09-18 21:52:25.133 | INFO     | __main__:run_forecasting:736 - 
[12/17] Forecasting Wheat...
2026-09-18 21:52:27.701 | DEBUG    | __main__:forecast_commodity:618 -   [Wheat] 3/3 models generated forecasts
2026-09-18 21:52:27.753 | INFO     | __main__:run_forecasting:746 -   daily        → ₦      868,159/MT  ↓ -4.6%  (2026-09-15)
2026-09-18 21:52:27.754 | INFO     | __main__:run_forecasting:746 -   weekly       → ₦      616,853/MT  ↓ -32.2%  (2026-09-21)
2026-09-18 21:52:27.754 | INFO     | __main__:run_forecasting:746 -   2_weeks      → ₦      611,145/MT  ↓ -32.8%  (2026-09-28)
2026-09-18 21:52:27.755 | INFO     | __main__:run_forecasting:746 -   monthly      → ₦      610,197/MT  ↓ -33.0%  (2026-10-14)
2026-09-18 21:52:27.755 | INFO     | __main__:run_forecasting:746 -   3_months     → ₦      616,900/MT  ↓ -32.2%  (2026-12-13)
2026-09-18 21:52:27.756 | INFO     | __main__:run_forecasting:746 -   6_months     → ₦      628,275/MT  ↓ -31.0%  (2027-03-13)
2026-09-18 21:52:27.756 | INFO     | __main__:run_forecasting:752 -   ✅ Wheat
2026-09-18 21:52:27.757 | INFO     | __main__:run_forecasting:736 - 
[13/17] Forecasting Rice...
2026-09-18 21:52:30.305 | DEBUG    | __main__:forecast_commodity:618 -   [Rice] 3/3 models generated forecasts
2026-09-18 21:52:30.369 | INFO     | __main__:run_forecasting:746 -   daily        → ₦    1,584,202/MT  ↑ +1.1%  (2026-09-15)
2026-09-18 21:52:30.370 | INFO     | __main__:run_forecasting:746 -   weekly       → ₦    1,690,682/MT  ↑ +7.9%  (2026-09-21)
2026-09-18 21:52:30.371 | INFO     | __main__:run_forecasting:746 -   2_weeks      → ₦    1,662,943/MT  ↑ +6.2%  (2026-09-28)
2026-09-18 21:52:30.372 | INFO     | __main__:run_forecasting:746 -   monthly      → ₦    1,635,367/MT  ↑ +4.4%  (2026-10-14)
2026-09-18 21:52:30.372 | INFO     | __main__:run_forecasting:746 -   3_months     → ₦    1,742,869/MT  ↑ +11.3%  (2026-12-13)
2026-09-18 21:52:30.373 | INFO     | __main__:run_forecasting:746 -   6_months     → ₦    1,920,521/MT  ↑ +22.6%  (2027-03-13)
2026-09-18 21:52:30.374 | INFO     | __main__:run_forecasting:752 -   ✅ Rice
2026-09-18 21:52:30.375 | INFO     | __main__:run_forecasting:736 - 
[14/17] Forecasting Meat (beef)...
2026-09-18 21:52:33.022 | DEBUG    | __main__:forecast_commodity:618 -   [Meat (beef)] 3/3 models generated forecasts
2026-09-18 21:52:33.078 | INFO     | __main__:run_forecasting:746 -   daily        → ₦    4,902,704/MT  ↑ +4.6%  (2026-09-15)
2026-09-18 21:52:33.081 | INFO     | __main__:run_forecasting:746 -   weekly       → ₦    6,204,561/MT  ↑ +32.4%  (2026-09-21)
2026-09-18 21:52:33.083 | INFO     | __main__:run_forecasting:746 -   2_weeks      → ₦    6,074,502/MT  ↑ +29.6%  (2026-09-28)
2026-09-18 21:52:33.085 | INFO     | __main__:run_forecasting:746 -   monthly      → ₦    6,089,560/MT  ↑ +30.0%  (2026-10-14)
2026-09-18 21:52:33.091 | INFO     | __main__:run_forecasting:746 -   3_months     → ₦    6,359,212/MT  ↑ +35.7%  (2026-12-13)
2026-09-18 21:52:33.100 | INFO     | __main__:run_forecasting:746 -   6_months     → ₦    6,516,539/MT  ↑ +39.1%  (2027-03-13)
2026-09-18 21:52:33.107 | INFO     | __main__:run_forecasting:752 -   ✅ Meat (beef)
2026-09-18 21:52:33.114 | INFO     | __main__:run_forecasting:736 - 
[15/17] Forecasting Meat (goat)...
2026-09-18 21:52:35.400 | DEBUG    | __main__:forecast_commodity:618 -   [Meat (goat)] 3/3 models generated forecasts
2026-09-18 21:52:35.460 | INFO     | __main__:run_forecasting:746 -   daily        → ₦    6,339,009/MT  ↓ -1.2%  (2026-09-15)
2026-09-18 21:52:35.461 | INFO     | __main__:run_forecasting:746 -   weekly       → ₦    5,877,397/MT  ↓ -8.4%  (2026-09-21)
2026-09-18 21:52:35.463 | INFO     | __main__:run_forecasting:746 -   2_weeks      → ₦    5,827,803/MT  ↓ -9.2%  (2026-09-28)
2026-09-18 21:52:35.464 | INFO     | __main__:run_forecasting:746 -   monthly      → ₦    5,819,087/MT  ↓ -9.3%  (2026-10-14)
2026-09-18 21:52:35.465 | INFO     | __main__:run_forecasting:746 -   3_months     → ₦    5,903,106/MT  ↓ -8.0%  (2026-12-13)
2026-09-18 21:52:35.466 | INFO     | __main__:run_forecasting:746 -   6_months     → ₦    5,948,764/MT  ↓ -7.3%  (2027-03-13)
2026-09-18 21:52:35.471 | INFO     | __main__:run_forecasting:752 -   ✅ Meat (goat)
2026-09-18 21:52:35.473 | INFO     | __main__:run_forecasting:736 - 
[16/17] Forecasting Fish (dried)...
2026-09-18 21:52:38.582 | DEBUG    | __main__:forecast_commodity:618 -   [Fish (dried)] 3/3 models generated forecasts
2026-09-18 21:52:38.642 | INFO     | __main__:run_forecasting:746 -   daily        → ₦    6,182,224/MT  ↓ -11.9%  (2026-09-15)
2026-09-18 21:52:38.646 | INFO     | __main__:run_forecasting:746 -   weekly       → ₦    1,175,731/MT  ↓ -83.2%  (2026-09-21)
2026-09-18 21:52:38.653 | INFO     | __main__:run_forecasting:746 -   2_weeks      → ₦    1,177,839/MT  ↓ -83.2%  (2026-09-28)
2026-09-18 21:52:38.661 | INFO     | __main__:run_forecasting:746 -   monthly      → ₦    1,136,412/MT  ↓ -83.8%  (2026-10-14)
2026-09-18 21:52:38.664 | INFO     | __main__:run_forecasting:746 -   3_months     → ₦    1,189,721/MT  ↓ -83.0%  (2026-12-13)
2026-09-18 21:52:38.667 | INFO     | __main__:run_forecasting:746 -   6_months     → ₦    1,187,387/MT  ↓ -83.1%  (2027-03-13)
2026-09-18 21:52:38.672 | INFO     | __main__:run_forecasting:752 -   ✅ Fish (dried)
2026-09-18 21:52:38.678 | INFO     | __main__:run_forecasting:736 - 
[17/17] Forecasting Eggs...
2026-09-18 21:52:41.600 | DEBUG    | __main__:forecast_commodity:618 -   [Eggs] 3/3 models generated forecasts
2026-09-18 21:52:41.662 | INFO     | __main__:run_forecasting:746 -   daily        → ₦        6,875/MT  ↓ -1.7%  (2026-09-15)
2026-09-18 21:52:41.663 | INFO     | __main__:run_forecasting:746 -   weekly       → ₦        6,149/MT  ↓ -12.1%  (2026-09-21)
2026-09-18 21:52:41.665 | INFO     | __main__:run_forecasting:746 -   2_weeks      → ₦        5,995/MT  ↓ -14.3%  (2026-09-28)
2026-09-18 21:52:41.666 | INFO     | __main__:run_forecasting:746 -   monthly      → ₦        6,003/MT  ↓ -14.2%  (2026-10-14)
2026-09-18 21:52:41.666 | INFO     | __main__:run_forecasting:746 -   3_months     → ₦        6,088/MT  ↓ -13.0%  (2026-12-13)
2026-09-18 21:52:41.667 | INFO     | __main__:run_forecasting:746 -   6_months     → ₦        5,940/MT  ↓ -15.1%  (2027-03-13)
2026-09-18 21:52:41.667 | INFO     | __main__:run_forecasting:752 -   ✅ Eggs
2026-09-18 21:52:42.965 | INFO     | __main__:run_forecasting:761 - 
  Forecast JSON saved → C:\Users\USER\Downloads\agrolinking-intel-structure\agrolinking-intel\outputs\forecasts\forecast_2026-09-18.json
2026-09-18 21:52:42.968 | INFO     | __main__:run_forecasting:769 -   Daily alert saved → C:\Users\USER\Downloads\agrolinking-intel-structure\agrolinking-intel\outputs\daily_alerts\alert_2026-09-18.txt
2026-09-18 21:52:42.969 | INFO     | __main__:run_forecasting:772 - 
============================================================
2026-09-18 21:52:42.969 | INFO     | __main__:run_forecasting:773 -   DAILY PRICE ALERT
2026-09-18 21:52:42.970 | INFO     | __main__:run_forecasting:774 - ============================================================
2026-09-18 21:52:42.971 | INFO     | __main__:run_forecasting:776 -   📊 AGROLINKING COMMODITY INTELLIGENCE ALERT
2026-09-18 21:52:42.971 | INFO     | __main__:run_forecasting:776 -   📅 Friday, 18 September 2026
2026-09-18 21:52:42.972 | INFO     | __main__:run_forecasting:776 -   ─────────────────────────────────────────────
2026-09-18 21:52:42.972 | INFO     | __main__:run_forecasting:776 -   → Hibiscus           ₦    2,313,171/MT  +0.20%
2026-09-18 21:52:42.972 | INFO     | __main__:run_forecasting:776 -   ▼ Sesame             ₦    1,427,920/MT  -1.06%
2026-09-18 21:52:42.973 | INFO     | __main__:run_forecasting:776 -   ▲ Ginger             ₦    8,928,017/MT  +0.60%
2026-09-18 21:52:42.974 | INFO     | __main__:run_forecasting:776 -   ▲ Cocoa              ₦    4,882,208/MT  +1.71%
2026-09-18 21:52:42.974 | INFO     | __main__:run_forecasting:776 -   ▼ Soybeans           ₦      796,931/MT  -2.81%
2026-09-18 21:52:42.975 | INFO     | __main__:run_forecasting:776 -   ▼ Cashew Nuts        ₦    1,714,404/MT  -0.58%
2026-09-18 21:52:42.975 | INFO     | __main__:run_forecasting:776 -   → Sorghum            ₦      241,743/MT  +0.11%
2026-09-18 21:52:42.976 | INFO     | __main__:run_forecasting:776 -   ▲ Beans (white)      ₦      596,239/MT  +2.47%
2026-09-18 21:52:42.976 | INFO     | __main__:run_forecasting:776 -   → Beans (red)        ₦      709,951/MT  +0.42%
2026-09-18 21:52:42.977 | INFO     | __main__:run_forecasting:776 -   ▲ Maize (white)      ₦      404,874/MT  +6.37%
2026-09-18 21:52:42.977 | INFO     | __main__:run_forecasting:776 -   ▲ Maize (yellow)     ₦      437,868/MT  +6.43%
2026-09-18 21:52:42.978 | INFO     | __main__:run_forecasting:776 -   ▼ Wheat              ₦      868,159/MT  -4.60%
2026-09-18 21:52:42.978 | INFO     | __main__:run_forecasting:776 -   ▲ Rice               ₦    1,584,202/MT  +1.13%
2026-09-18 21:52:42.979 | INFO     | __main__:run_forecasting:776 -   ▲ Meat (beef)        ₦    4,902,704/MT  +4.63%
2026-09-18 21:52:42.979 | INFO     | __main__:run_forecasting:776 -   ▼ Meat (goat)        ₦    6,339,009/MT  -1.20%
2026-09-18 21:52:42.980 | INFO     | __main__:run_forecasting:776 -   ▼ Fish (dried)       ₦    6,182,224/MT  -11.89%
2026-09-18 21:52:42.980 | INFO     | __main__:run_forecasting:776 -   ▼ Eggs               ₦        6,875/MT  -1.73%
2026-09-18 21:52:42.981 | INFO     | __main__:run_forecasting:776 -   ─────────────────────────────────────────────
2026-09-18 21:52:42.981 | INFO     | __main__:run_forecasting:776 -   Source: Agrolinking Intelligence Platform
2026-09-18 21:52:42.982 | INFO     | __main__:run_forecasting:776 -   Next update: 19 Sep 2026
2026-09-18 21:52:42.983 | INFO     | __main__:run_forecasting:780 - 
  Note: master append handled by 06_validate.py (corrected prices).
2026-09-18 21:52:42.984 | INFO     | __main__:run_forecasting:784 - 
======================================================================
2026-09-18 21:52:42.985 | INFO     | __main__:run_forecasting:785 -   FORECAST SUMMARY — ALL COMMODITIES
2026-09-18 21:52:42.985 | INFO     | __main__:run_forecasting:786 - ======================================================================
2026-09-18 21:52:42.986 | INFO     | __main__:run_forecasting:787 -   Commodity                     Today         1 Week        1 Month       3 Months       6 Months
2026-09-18 21:52:42.986 | INFO     | __main__:run_forecasting:792 -   ----------------------------------------------------------------------------------
2026-09-18 21:52:42.987 | INFO     | __main__:run_forecasting:805 -   Hibiscus             ₦   2,313,171  ₦   2,340,264  ₦   2,186,701  ₦   2,257,790  ₦   2,245,566
2026-09-18 21:52:42.988 | INFO     | __main__:run_forecasting:805 -   Sesame               ₦   1,427,920  ₦   1,335,961  ₦   1,242,518  ₦   1,440,166  ₦   1,366,257
2026-09-18 21:52:42.988 | INFO     | __main__:run_forecasting:805 -   Ginger               ₦   8,928,017  ₦   9,247,647  ₦   9,161,867  ₦   8,934,191  ₦   8,787,329
2026-09-18 21:52:42.989 | INFO     | __main__:run_forecasting:805 -   Cocoa                ₦   4,882,208  ₦   5,375,456  ₦   5,667,597  ₦   5,164,923  ₦   4,730,793
2026-09-18 21:52:42.990 | INFO     | __main__:run_forecasting:805 -   Soybeans             ₦     796,931  ₦     658,514  ₦     588,301  ₦     565,328  ₦     551,733
2026-09-18 21:52:42.990 | INFO     | __main__:run_forecasting:805 -   Cashew Nuts          ₦   1,714,404  ₦   1,653,883  ₦   1,705,184  ₦   1,732,503  ₦   1,746,662
2026-09-18 21:52:42.991 | INFO     | __main__:run_forecasting:805 -   Sorghum              ₦     241,743  ₦     243,349  ₦     219,591  ₦     193,573  ₦     176,087
2026-09-18 21:52:42.992 | INFO     | __main__:run_forecasting:805 -   Beans (white)        ₦     596,239  ₦     682,338  ₦     680,068  ₦     696,541  ₦     698,777
2026-09-18 21:52:42.992 | INFO     | __main__:run_forecasting:805 -   Beans (red)          ₦     709,951  ₦     727,931  ₦     729,699  ₦     872,147  ₦     867,567
2026-09-18 21:52:42.993 | INFO     | __main__:run_forecasting:805 -   Maize (white)        ₦     404,874  ₦     550,320  ₦     555,285  ₦     579,338  ₦     592,348
2026-09-18 21:52:42.993 | INFO     | __main__:run_forecasting:805 -   Maize (yellow)       ₦     437,868  ₦     596,587  ₦     612,850  ₦     633,166  ₦     644,932
2026-09-18 21:52:42.994 | INFO     | __main__:run_forecasting:805 -   Wheat                ₦     868,159  ₦     616,853  ₦     610,197  ₦     616,900  ₦     628,275
2026-09-18 21:52:42.994 | INFO     | __main__:run_forecasting:805 -   Rice                 ₦   1,584,202  ₦   1,690,682  ₦   1,635,367  ₦   1,742,869  ₦   1,920,521
2026-09-18 21:52:42.994 | INFO     | __main__:run_forecasting:805 -   Meat (beef)          ₦   4,902,704  ₦   6,204,561  ₦   6,089,560  ₦   6,359,212  ₦   6,516,539
2026-09-18 21:52:42.995 | INFO     | __main__:run_forecasting:805 -   Meat (goat)          ₦   6,339,009  ₦   5,877,397  ₦   5,819,087  ₦   5,903,106  ₦   5,948,764
2026-09-18 21:52:42.995 | INFO     | __main__:run_forecasting:805 -   Fish (dried)         ₦   6,182,224  ₦   1,175,731  ₦   1,136,412  ₦   1,189,721  ₦   1,187,387
2026-09-18 21:52:42.996 | INFO     | __main__:run_forecasting:805 -   Eggs                 ₦       6,875  ₦       6,149  ₦       6,003  ₦       6,088  ₦       5,940
2026-09-18 21:52:42.996 | INFO     | __main__:run_forecasting:814 - ======================================================================
2026-09-18 21:52:42.997 | SUCCESS  | __main__:run_forecasting:815 - FORECASTING COMPLETE — 17/17 commodities
2026-09-18 21:52:42.998 | INFO     | __main__:run_forecasting:819 - ======================================================================
