2026-07-24 07:02:40.155 | INFO     | __main__:run_forecasting:330 - =================================================================
2026-07-24 07:02:40.161 | INFO     | __main__:run_forecasting:331 - STEP 5 — FORECASTING ENGINE
2026-07-24 07:02:40.163 | INFO     | __main__:run_forecasting:332 -   Run date   : Friday, 24 July 2026
2026-07-24 07:02:40.165 | INFO     | __main__:run_forecasting:333 -   Commodities: 17
2026-07-24 07:02:40.167 | INFO     | __main__:run_forecasting:334 -   Horizons   : ['daily', 'weekly', '2_weeks', 'monthly', '3_months', '6_months']
2026-07-24 07:02:40.169 | INFO     | __main__:run_forecasting:335 -   Ensemble   : ARIMA + Prophet + Holt-Winters + XGBoost + LightGBM
2026-07-24 07:02:40.171 | INFO     | __main__:run_forecasting:336 - =================================================================
2026-07-24 07:02:43.567 | INFO     | __main__:run_forecasting:353 - 
[1/17] Forecasting Hibiscus...
2026-07-24 07:03:23.670 | DEBUG    | __main__:forecast_holt_winters:131 -     Holt-Winters forecast failed: positive() got an unexpected keyword argument 'lower'
2026-07-24 07:03:23.677 | DEBUG    | __main__:forecast_tree:163 -     Tree forecast failed: Feature shape mismatch, expected: 18, got 16
2026-07-24 07:03:23.677 | INFO     | __main__:forecast_commodity:294 -   daily        -> N   2,197,370/MT  -3.9%  (2026-07-27)
2026-07-24 07:03:23.679 | INFO     | __main__:forecast_commodity:294 -   weekly       -> N   2,197,370/MT  -3.9%  (2026-08-03)
2026-07-24 07:03:23.679 | INFO     | __main__:forecast_commodity:294 -   2_weeks      -> N   2,169,491/MT  -5.1%  (2026-08-10)
2026-07-24 07:03:23.679 | INFO     | __main__:forecast_commodity:294 -   monthly      -> N   2,140,952/MT  -6.3%  (2026-08-24)
2026-07-24 07:03:23.681 | INFO     | __main__:forecast_commodity:294 -   3_months     -> N   2,101,076/MT  -8.1%  (2026-10-26)
2026-07-24 07:03:23.683 | INFO     | __main__:forecast_commodity:294 -   6_months     -> N   2,410,685/MT  +5.5%  (2027-01-25)
2026-07-24 07:03:23.686 | INFO     | __main__:run_forecasting:359 -   Hibiscus
2026-07-24 07:03:23.687 | INFO     | __main__:run_forecasting:353 - 
[2/17] Forecasting Sesame...
2026-07-24 07:03:25.008 | DEBUG    | __main__:forecast_holt_winters:131 -     Holt-Winters forecast failed: positive() got an unexpected keyword argument 'lower'
2026-07-24 07:03:25.021 | DEBUG    | __main__:forecast_tree:163 -     Tree forecast failed: Feature shape mismatch, expected: 18, got 16
2026-07-24 07:03:25.026 | INFO     | __main__:forecast_commodity:294 -   daily        -> N   1,527,941/MT  -6.3%  (2026-07-27)
2026-07-24 07:03:25.030 | INFO     | __main__:forecast_commodity:294 -   weekly       -> N   1,527,941/MT  -6.3%  (2026-08-03)
2026-07-24 07:03:25.032 | INFO     | __main__:forecast_commodity:294 -   2_weeks      -> N   1,581,008/MT  -3.1%  (2026-08-10)
2026-07-24 07:03:25.035 | INFO     | __main__:forecast_commodity:294 -   monthly      -> N   1,557,440/MT  -4.5%  (2026-08-24)
2026-07-24 07:03:25.043 | INFO     | __main__:forecast_commodity:294 -   3_months     -> N   1,499,745/MT  -8.1%  (2026-10-26)
2026-07-24 07:03:25.045 | INFO     | __main__:forecast_commodity:294 -   6_months     -> N   1,643,952/MT  +0.8%  (2027-01-25)
2026-07-24 07:03:25.049 | INFO     | __main__:run_forecasting:359 -   Sesame
2026-07-24 07:03:25.051 | INFO     | __main__:run_forecasting:353 - 
[3/17] Forecasting Ginger...
2026-07-24 07:03:25.776 | DEBUG    | __main__:forecast_holt_winters:131 -     Holt-Winters forecast failed: positive() got an unexpected keyword argument 'lower'
2026-07-24 07:03:25.793 | DEBUG    | __main__:forecast_tree:163 -     Tree forecast failed: Feature shape mismatch, expected: 18, got 16
2026-07-24 07:03:25.794 | INFO     | __main__:forecast_commodity:294 -   daily        -> N  12,549,442/MT  +3.3%  (2026-07-27)
2026-07-24 07:03:25.800 | INFO     | __main__:forecast_commodity:294 -   weekly       -> N  12,549,442/MT  +3.3%  (2026-08-03)
2026-07-24 07:03:25.805 | INFO     | __main__:forecast_commodity:294 -   2_weeks      -> N  12,768,803/MT  +5.1%  (2026-08-10)
2026-07-24 07:03:25.816 | INFO     | __main__:forecast_commodity:294 -   monthly      -> N  12,533,509/MT  +3.2%  (2026-08-24)
2026-07-24 07:03:25.826 | INFO     | __main__:forecast_commodity:294 -   3_months     -> N  12,037,805/MT  -0.9%  (2026-10-26)
2026-07-24 07:03:25.833 | INFO     | __main__:forecast_commodity:294 -   6_months     -> N  13,664,727/MT  +12.5%  (2027-01-25)
2026-07-24 07:03:25.842 | INFO     | __main__:run_forecasting:359 -   Ginger
2026-07-24 07:03:25.844 | INFO     | __main__:run_forecasting:353 - 
[4/17] Forecasting Cocoa...
2026-07-24 07:03:26.331 | DEBUG    | __main__:forecast_holt_winters:131 -     Holt-Winters forecast failed: positive() got an unexpected keyword argument 'lower'
2026-07-24 07:03:26.335 | DEBUG    | __main__:forecast_tree:163 -     Tree forecast failed: Feature shape mismatch, expected: 18, got 16
2026-07-24 07:03:26.335 | INFO     | __main__:forecast_commodity:294 -   daily        -> N   8,990,114/MT  +55.4%  (2026-07-27)
2026-07-24 07:03:26.337 | INFO     | __main__:forecast_commodity:294 -   weekly       -> N   8,990,114/MT  +55.4%  (2026-08-03)
2026-07-24 07:03:26.339 | INFO     | __main__:forecast_commodity:294 -   2_weeks      -> N   9,568,355/MT  +65.4%  (2026-08-10)
2026-07-24 07:03:26.339 | INFO     | __main__:forecast_commodity:294 -   monthly      -> N   9,584,985/MT  +65.7%  (2026-08-24)
2026-07-24 07:03:26.341 | INFO     | __main__:forecast_commodity:294 -   3_months     -> N   8,938,202/MT  +54.5%  (2026-10-26)
2026-07-24 07:03:26.343 | INFO     | __main__:forecast_commodity:294 -   6_months     -> N   9,508,507/MT  +64.3%  (2027-01-25)
2026-07-24 07:03:26.349 | INFO     | __main__:run_forecasting:359 -   Cocoa
2026-07-24 07:03:26.349 | INFO     | __main__:run_forecasting:353 - 
[5/17] Forecasting Soybeans...
2026-07-24 07:03:26.807 | DEBUG    | __main__:forecast_holt_winters:131 -     Holt-Winters forecast failed: positive() got an unexpected keyword argument 'lower'
2026-07-24 07:03:26.807 | DEBUG    | __main__:forecast_tree:163 -     Tree forecast failed: Feature shape mismatch, expected: 18, got 16
2026-07-24 07:03:26.812 | INFO     | __main__:forecast_commodity:294 -   daily        -> N     853,812/MT  +12.9%  (2026-07-27)
2026-07-24 07:03:26.814 | INFO     | __main__:forecast_commodity:294 -   weekly       -> N     853,812/MT  +12.9%  (2026-08-03)
2026-07-24 07:03:26.814 | INFO     | __main__:forecast_commodity:294 -   2_weeks      -> N     846,144/MT  +11.9%  (2026-08-10)
2026-07-24 07:03:26.816 | INFO     | __main__:forecast_commodity:294 -   monthly      -> N     847,768/MT  +12.1%  (2026-08-24)
2026-07-24 07:03:26.819 | INFO     | __main__:forecast_commodity:294 -   3_months     -> N     829,702/MT  +9.7%  (2026-10-26)
2026-07-24 07:03:26.823 | INFO     | __main__:forecast_commodity:294 -   6_months     -> N     858,207/MT  +13.5%  (2027-01-25)
2026-07-24 07:03:26.828 | INFO     | __main__:run_forecasting:359 -   Soybeans
2026-07-24 07:03:26.828 | INFO     | __main__:run_forecasting:353 - 
[6/17] Forecasting Cashew Nuts...
2026-07-24 07:03:27.377 | DEBUG    | __main__:forecast_holt_winters:131 -     Holt-Winters forecast failed: positive() got an unexpected keyword argument 'lower'
2026-07-24 07:03:27.382 | DEBUG    | __main__:forecast_tree:163 -     Tree forecast failed: Feature shape mismatch, expected: 18, got 16
2026-07-24 07:03:27.385 | INFO     | __main__:forecast_commodity:294 -   daily        -> N   2,110,702/MT  +7.0%  (2026-07-27)
2026-07-24 07:03:27.391 | INFO     | __main__:forecast_commodity:294 -   weekly       -> N   2,110,702/MT  +7.0%  (2026-08-03)
2026-07-24 07:03:27.394 | INFO     | __main__:forecast_commodity:294 -   2_weeks      -> N   2,195,757/MT  +11.3%  (2026-08-10)
2026-07-24 07:03:27.400 | INFO     | __main__:forecast_commodity:294 -   monthly      -> N   2,226,378/MT  +12.8%  (2026-08-24)
2026-07-24 07:03:27.417 | INFO     | __main__:forecast_commodity:294 -   3_months     -> N   2,208,102/MT  +11.9%  (2026-10-26)
2026-07-24 07:03:27.448 | INFO     | __main__:forecast_commodity:294 -   6_months     -> N   2,183,213/MT  +10.7%  (2027-01-25)
2026-07-24 07:03:27.455 | INFO     | __main__:run_forecasting:359 -   Cashew Nuts
2026-07-24 07:03:27.476 | INFO     | __main__:run_forecasting:353 - 
[7/17] Forecasting Sorghum...
2026-07-24 07:03:28.099 | DEBUG    | __main__:forecast_holt_winters:131 -     Holt-Winters forecast failed: positive() got an unexpected keyword argument 'lower'
2026-07-24 07:03:28.105 | DEBUG    | __main__:forecast_tree:163 -     Tree forecast failed: Feature shape mismatch, expected: 18, got 16
2026-07-24 07:03:28.107 | INFO     | __main__:forecast_commodity:294 -   daily        -> N     459,632/MT  +7.0%  (2026-07-27)
2026-07-24 07:03:28.109 | INFO     | __main__:forecast_commodity:294 -   weekly       -> N     459,632/MT  +7.0%  (2026-08-03)
2026-07-24 07:03:28.114 | INFO     | __main__:forecast_commodity:294 -   2_weeks      -> N     483,934/MT  +12.6%  (2026-08-10)
2026-07-24 07:03:28.120 | INFO     | __main__:forecast_commodity:294 -   monthly      -> N     469,630/MT  +9.3%  (2026-08-24)
2026-07-24 07:03:28.129 | INFO     | __main__:forecast_commodity:294 -   3_months     -> N     446,154/MT  +3.8%  (2026-10-26)
2026-07-24 07:03:28.130 | INFO     | __main__:forecast_commodity:294 -   6_months     -> N     419,018/MT  -2.5%  (2027-01-25)
2026-07-24 07:03:28.150 | INFO     | __main__:run_forecasting:359 -   Sorghum
2026-07-24 07:03:28.156 | INFO     | __main__:run_forecasting:353 - 
[8/17] Forecasting Beans (white)...
2026-07-24 07:03:28.640 | DEBUG    | __main__:forecast_holt_winters:131 -     Holt-Winters forecast failed: positive() got an unexpected keyword argument 'lower'
2026-07-24 07:03:28.645 | DEBUG    | __main__:forecast_tree:163 -     Tree forecast failed: Feature shape mismatch, expected: 18, got 16
2026-07-24 07:03:28.647 | INFO     | __main__:forecast_commodity:294 -   daily        -> N     975,936/MT  +17.4%  (2026-07-27)
2026-07-24 07:03:28.656 | INFO     | __main__:forecast_commodity:294 -   weekly       -> N     975,936/MT  +17.4%  (2026-08-03)
2026-07-24 07:03:28.682 | INFO     | __main__:forecast_commodity:294 -   2_weeks      -> N     984,808/MT  +18.5%  (2026-08-10)
2026-07-24 07:03:28.695 | INFO     | __main__:forecast_commodity:294 -   monthly      -> N   1,020,481/MT  +22.8%  (2026-08-24)
2026-07-24 07:03:28.697 | INFO     | __main__:forecast_commodity:294 -   3_months     -> N   1,022,599/MT  +23.0%  (2026-10-26)
2026-07-24 07:03:28.700 | INFO     | __main__:forecast_commodity:294 -   6_months     -> N   1,027,148/MT  +23.6%  (2027-01-25)
2026-07-24 07:03:28.715 | INFO     | __main__:run_forecasting:359 -   Beans (white)
2026-07-24 07:03:28.715 | INFO     | __main__:run_forecasting:353 - 
[9/17] Forecasting Beans (red)...
2026-07-24 07:03:29.203 | DEBUG    | __main__:forecast_holt_winters:131 -     Holt-Winters forecast failed: positive() got an unexpected keyword argument 'lower'
2026-07-24 07:03:29.212 | DEBUG    | __main__:forecast_tree:163 -     Tree forecast failed: Feature shape mismatch, expected: 18, got 16
2026-07-24 07:03:29.214 | INFO     | __main__:forecast_commodity:294 -   daily        -> N     849,276/MT  -4.9%  (2026-07-27)
2026-07-24 07:03:29.214 | INFO     | __main__:forecast_commodity:294 -   weekly       -> N     849,276/MT  -4.9%  (2026-08-03)
2026-07-24 07:03:29.218 | INFO     | __main__:forecast_commodity:294 -   2_weeks      -> N     848,387/MT  -5.0%  (2026-08-10)
2026-07-24 07:03:29.220 | INFO     | __main__:forecast_commodity:294 -   monthly      -> N     818,717/MT  -8.3%  (2026-08-24)
2026-07-24 07:03:29.226 | INFO     | __main__:forecast_commodity:294 -   3_months     -> N     765,349/MT  -14.3%  (2026-10-26)
2026-07-24 07:03:29.232 | INFO     | __main__:forecast_commodity:294 -   6_months     -> N     697,176/MT  -21.9%  (2027-01-25)
2026-07-24 07:03:29.244 | INFO     | __main__:run_forecasting:359 -   Beans (red)
2026-07-24 07:03:29.245 | INFO     | __main__:run_forecasting:353 - 
[10/17] Forecasting Maize (white)...
2026-07-24 07:03:29.763 | DEBUG    | __main__:forecast_holt_winters:131 -     Holt-Winters forecast failed: positive() got an unexpected keyword argument 'lower'
2026-07-24 07:03:29.771 | DEBUG    | __main__:forecast_tree:163 -     Tree forecast failed: Feature shape mismatch, expected: 18, got 16
2026-07-24 07:03:29.773 | INFO     | __main__:forecast_commodity:294 -   daily        -> N     366,299/MT  -2.3%  (2026-07-27)
2026-07-24 07:03:29.775 | INFO     | __main__:forecast_commodity:294 -   weekly       -> N     366,299/MT  -2.3%  (2026-08-03)
2026-07-24 07:03:29.781 | INFO     | __main__:forecast_commodity:294 -   2_weeks      -> N     378,964/MT  +1.1%  (2026-08-10)
2026-07-24 07:03:29.801 | INFO     | __main__:forecast_commodity:294 -   monthly      -> N     371,721/MT  -0.9%  (2026-08-24)
2026-07-24 07:03:29.811 | INFO     | __main__:forecast_commodity:294 -   3_months     -> N     365,377/MT  -2.6%  (2026-10-26)
2026-07-24 07:03:29.827 | INFO     | __main__:forecast_commodity:294 -   6_months     -> N     377,710/MT  +0.7%  (2027-01-25)
2026-07-24 07:03:29.846 | INFO     | __main__:run_forecasting:359 -   Maize (white)
2026-07-24 07:03:29.850 | INFO     | __main__:run_forecasting:353 - 
[11/17] Forecasting Maize (yellow)...
2026-07-24 07:03:30.404 | DEBUG    | __main__:forecast_holt_winters:131 -     Holt-Winters forecast failed: positive() got an unexpected keyword argument 'lower'
2026-07-24 07:03:30.404 | DEBUG    | __main__:forecast_tree:163 -     Tree forecast failed: Feature shape mismatch, expected: 18, got 16
2026-07-24 07:03:30.410 | INFO     | __main__:forecast_commodity:294 -   daily        -> N     407,630/MT  +1.2%  (2026-07-27)
2026-07-24 07:03:30.410 | INFO     | __main__:forecast_commodity:294 -   weekly       -> N     407,630/MT  +1.2%  (2026-08-03)
2026-07-24 07:03:30.412 | INFO     | __main__:forecast_commodity:294 -   2_weeks      -> N     420,191/MT  +4.3%  (2026-08-10)
2026-07-24 07:03:30.414 | INFO     | __main__:forecast_commodity:294 -   monthly      -> N     421,881/MT  +4.7%  (2026-08-24)
2026-07-24 07:03:30.414 | INFO     | __main__:forecast_commodity:294 -   3_months     -> N     406,970/MT  +1.0%  (2026-10-26)
2026-07-24 07:03:30.420 | INFO     | __main__:forecast_commodity:294 -   6_months     -> N     426,084/MT  +5.8%  (2027-01-25)
2026-07-24 07:03:30.426 | INFO     | __main__:run_forecasting:359 -   Maize (yellow)
2026-07-24 07:03:30.428 | INFO     | __main__:run_forecasting:353 - 
[12/17] Forecasting Wheat...
2026-07-24 07:03:30.896 | DEBUG    | __main__:forecast_holt_winters:131 -     Holt-Winters forecast failed: positive() got an unexpected keyword argument 'lower'
2026-07-24 07:03:30.900 | DEBUG    | __main__:forecast_tree:163 -     Tree forecast failed: Feature shape mismatch, expected: 18, got 16
2026-07-24 07:03:30.900 | INFO     | __main__:forecast_commodity:294 -   daily        -> N     754,035/MT  +5.1%  (2026-07-27)
2026-07-24 07:03:30.903 | INFO     | __main__:forecast_commodity:294 -   weekly       -> N     754,035/MT  +5.1%  (2026-08-03)
2026-07-24 07:03:30.903 | INFO     | __main__:forecast_commodity:294 -   2_weeks      -> N     759,621/MT  +5.9%  (2026-08-10)
2026-07-24 07:03:30.905 | INFO     | __main__:forecast_commodity:294 -   monthly      -> N     753,267/MT  +5.0%  (2026-08-24)
2026-07-24 07:03:30.907 | INFO     | __main__:forecast_commodity:294 -   3_months     -> N     766,379/MT  +6.9%  (2026-10-26)
2026-07-24 07:03:30.909 | INFO     | __main__:forecast_commodity:294 -   6_months     -> N     795,902/MT  +11.0%  (2027-01-25)
2026-07-24 07:03:30.915 | INFO     | __main__:run_forecasting:359 -   Wheat
2026-07-24 07:03:30.916 | INFO     | __main__:run_forecasting:353 - 
[13/17] Forecasting Rice...
2026-07-24 07:03:31.497 | DEBUG    | __main__:forecast_holt_winters:131 -     Holt-Winters forecast failed: positive() got an unexpected keyword argument 'lower'
2026-07-24 07:03:31.501 | DEBUG    | __main__:forecast_tree:163 -     Tree forecast failed: Feature shape mismatch, expected: 18, got 16
2026-07-24 07:03:31.503 | INFO     | __main__:forecast_commodity:294 -   daily        -> N   1,674,080/MT  +6.9%  (2026-07-27)
2026-07-24 07:03:31.505 | INFO     | __main__:forecast_commodity:294 -   weekly       -> N   1,674,080/MT  +6.9%  (2026-08-03)
2026-07-24 07:03:31.506 | INFO     | __main__:forecast_commodity:294 -   2_weeks      -> N   1,701,756/MT  +8.7%  (2026-08-10)
2026-07-24 07:03:31.508 | INFO     | __main__:forecast_commodity:294 -   monthly      -> N   1,713,150/MT  +9.4%  (2026-08-24)
2026-07-24 07:03:31.512 | INFO     | __main__:forecast_commodity:294 -   3_months     -> N   1,730,525/MT  +10.5%  (2026-10-26)
2026-07-24 07:03:31.520 | INFO     | __main__:forecast_commodity:294 -   6_months     -> N   1,750,126/MT  +11.8%  (2027-01-25)
2026-07-24 07:03:31.529 | INFO     | __main__:run_forecasting:359 -   Rice
2026-07-24 07:03:31.533 | INFO     | __main__:run_forecasting:353 - 
[14/17] Forecasting Eggs...
2026-07-24 07:03:31.952 | DEBUG    | __main__:forecast_holt_winters:131 -     Holt-Winters forecast failed: positive() got an unexpected keyword argument 'lower'
2026-07-24 07:03:31.952 | DEBUG    | __main__:forecast_tree:163 -     Tree forecast failed: Feature shape mismatch, expected: 18, got 16
2026-07-24 07:03:31.959 | INFO     | __main__:forecast_commodity:294 -   daily        -> N       6,860/MT  -1.9%  (2026-07-27)
2026-07-24 07:03:31.961 | INFO     | __main__:forecast_commodity:294 -   weekly       -> N       6,860/MT  -1.9%  (2026-08-03)
2026-07-24 07:03:31.961 | INFO     | __main__:forecast_commodity:294 -   2_weeks      -> N       6,927/MT  -0.9%  (2026-08-10)
2026-07-24 07:03:31.964 | INFO     | __main__:forecast_commodity:294 -   monthly      -> N       6,992/MT  -0.0%  (2026-08-24)
2026-07-24 07:03:31.964 | INFO     | __main__:forecast_commodity:294 -   3_months     -> N       7,430/MT  +6.2%  (2026-10-26)
2026-07-24 07:03:31.968 | INFO     | __main__:forecast_commodity:294 -   6_months     -> N       7,798/MT  +11.5%  (2027-01-25)
2026-07-24 07:03:31.973 | INFO     | __main__:run_forecasting:359 -   Eggs
2026-07-24 07:03:31.973 | INFO     | __main__:run_forecasting:353 - 
[15/17] Forecasting Fish (dried)...
2026-07-24 07:03:32.484 | DEBUG    | __main__:forecast_holt_winters:131 -     Holt-Winters forecast failed: positive() got an unexpected keyword argument 'lower'
2026-07-24 07:03:32.492 | DEBUG    | __main__:forecast_tree:163 -     Tree forecast failed: Feature shape mismatch, expected: 18, got 16
2026-07-24 07:03:32.494 | INFO     | __main__:forecast_commodity:294 -   daily        -> N   2,513,214/MT  -0.8%  (2026-07-27)
2026-07-24 07:03:32.494 | INFO     | __main__:forecast_commodity:294 -   weekly       -> N   2,513,214/MT  -0.8%  (2026-08-03)
2026-07-24 07:03:32.496 | INFO     | __main__:forecast_commodity:294 -   2_weeks      -> N   2,402,306/MT  -5.1%  (2026-08-10)
2026-07-24 07:03:32.497 | INFO     | __main__:forecast_commodity:294 -   monthly      -> N   2,435,981/MT  -3.8%  (2026-08-24)
2026-07-24 07:03:32.499 | INFO     | __main__:forecast_commodity:294 -   3_months     -> N   2,395,059/MT  -5.4%  (2026-10-26)
2026-07-24 07:03:32.504 | INFO     | __main__:forecast_commodity:294 -   6_months     -> N   2,545,211/MT  +0.5%  (2027-01-25)
2026-07-24 07:03:32.509 | INFO     | __main__:run_forecasting:359 -   Fish (dried)
2026-07-24 07:03:32.509 | INFO     | __main__:run_forecasting:353 - 
[16/17] Forecasting Meat (goat)...
2026-07-24 07:03:33.035 | DEBUG    | __main__:forecast_holt_winters:131 -     Holt-Winters forecast failed: positive() got an unexpected keyword argument 'lower'
2026-07-24 07:03:33.040 | DEBUG    | __main__:forecast_tree:163 -     Tree forecast failed: Feature shape mismatch, expected: 18, got 16
2026-07-24 07:03:33.041 | INFO     | __main__:forecast_commodity:294 -   daily        -> N   5,742,717/MT  -0.1%  (2026-07-27)
2026-07-24 07:03:33.041 | INFO     | __main__:forecast_commodity:294 -   weekly       -> N   5,742,717/MT  -0.1%  (2026-08-03)
2026-07-24 07:03:33.043 | INFO     | __main__:forecast_commodity:294 -   2_weeks      -> N   5,857,601/MT  +1.9%  (2026-08-10)
2026-07-24 07:03:33.045 | INFO     | __main__:forecast_commodity:294 -   monthly      -> N   5,845,517/MT  +1.6%  (2026-08-24)
2026-07-24 07:03:33.047 | INFO     | __main__:forecast_commodity:294 -   3_months     -> N   5,928,811/MT  +3.1%  (2026-10-26)
2026-07-24 07:03:33.049 | INFO     | __main__:forecast_commodity:294 -   6_months     -> N   6,370,884/MT  +10.8%  (2027-01-25)
2026-07-24 07:03:33.061 | INFO     | __main__:run_forecasting:359 -   Meat (goat)
2026-07-24 07:03:33.061 | INFO     | __main__:run_forecasting:353 - 
[17/17] Forecasting Meat (beef)...
2026-07-24 07:03:33.477 | DEBUG    | __main__:forecast_holt_winters:131 -     Holt-Winters forecast failed: positive() got an unexpected keyword argument 'lower'
2026-07-24 07:03:33.486 | DEBUG    | __main__:forecast_tree:163 -     Tree forecast failed: Feature shape mismatch, expected: 18, got 16
2026-07-24 07:03:33.489 | INFO     | __main__:forecast_commodity:294 -   daily        -> N   5,370,967/MT  +0.7%  (2026-07-27)
2026-07-24 07:03:33.489 | INFO     | __main__:forecast_commodity:294 -   weekly       -> N   5,370,967/MT  +0.7%  (2026-08-03)
2026-07-24 07:03:33.491 | INFO     | __main__:forecast_commodity:294 -   2_weeks      -> N   5,543,643/MT  +3.9%  (2026-08-10)
2026-07-24 07:03:33.491 | INFO     | __main__:forecast_commodity:294 -   monthly      -> N   5,455,139/MT  +2.2%  (2026-08-24)
2026-07-24 07:03:33.493 | INFO     | __main__:forecast_commodity:294 -   3_months     -> N   5,452,337/MT  +2.2%  (2026-10-26)
2026-07-24 07:03:33.494 | INFO     | __main__:forecast_commodity:294 -   6_months     -> N   5,759,419/MT  +7.9%  (2027-01-25)
2026-07-24 07:03:33.498 | INFO     | __main__:run_forecasting:359 -   Meat (beef)
2026-07-24 07:03:33.584 | INFO     | __main__:run_forecasting:375 - 
  Forecast JSON saved -> C:\Users\USER\Downloads\agrolinking-intel-structure\agrolinking-intel\outputs\forecasts\forecast_2026-07-24.json
2026-07-24 07:03:33.805 | INFO     | __main__:run_forecasting:401 -   Daily alert saved -> C:\Users\USER\Downloads\agrolinking-intel-structure\agrolinking-intel\outputs\daily_alerts\alert_2026-07-24.txt
2026-07-24 07:03:33.809 | INFO     | __main__:run_forecasting:402 - 
=================================================================
2026-07-24 07:03:33.813 | INFO     | __main__:run_forecasting:403 -   DAILY PRICE ALERT
2026-07-24 07:03:33.813 | INFO     | __main__:run_forecasting:404 - =================================================================
2026-07-24 07:03:33.817 | INFO     | __main__:run_forecasting:406 -   AGROLINKING COMMODITY INTELLIGENCE ALERT
2026-07-24 07:03:33.817 | INFO     | __main__:run_forecasting:406 -   Friday, 24 July 2026
2026-07-24 07:03:33.819 | INFO     | __main__:run_forecasting:406 -   ─────────────────────────────────────────────
2026-07-24 07:03:33.820 | INFO     | __main__:run_forecasting:406 -   Hibiscus               N   2,197,370/MT  -3.9%
2026-07-24 07:03:33.820 | INFO     | __main__:run_forecasting:406 -   Sesame                 N   1,527,941/MT  -6.3%
2026-07-24 07:03:33.820 | INFO     | __main__:run_forecasting:406 -   Ginger                 N  12,549,442/MT  +3.3%
2026-07-24 07:03:33.824 | INFO     | __main__:run_forecasting:406 -   Cocoa                  N   8,990,114/MT  +55.4%
2026-07-24 07:03:33.827 | INFO     | __main__:run_forecasting:406 -   Soybeans               N     853,812/MT  +12.9%
2026-07-24 07:03:33.830 | INFO     | __main__:run_forecasting:406 -   Cashew Nuts            N   2,110,702/MT  +7.0%
2026-07-24 07:03:33.868 | INFO     | __main__:run_forecasting:406 -   Sorghum                N     459,632/MT  +7.0%
2026-07-24 07:03:33.874 | INFO     | __main__:run_forecasting:406 -   Beans (white)          N     975,936/MT  +17.4%
2026-07-24 07:03:33.874 | INFO     | __main__:run_forecasting:406 -   Beans (red)            N     849,276/MT  -4.9%
2026-07-24 07:03:33.877 | INFO     | __main__:run_forecasting:406 -   Maize (white)          N     366,299/MT  -2.3%
2026-07-24 07:03:33.879 | INFO     | __main__:run_forecasting:406 -   Maize (yellow)         N     407,630/MT  +1.2%
2026-07-24 07:03:33.881 | INFO     | __main__:run_forecasting:406 -   Wheat                  N     754,035/MT  +5.1%
2026-07-24 07:03:33.883 | INFO     | __main__:run_forecasting:406 -   Rice                   N   1,674,080/MT  +6.9%
2026-07-24 07:03:33.885 | INFO     | __main__:run_forecasting:406 -   Eggs                   N       6,860/MT  -1.9%
2026-07-24 07:03:33.885 | INFO     | __main__:run_forecasting:406 -   Fish (dried)           N   2,513,214/MT  -0.8%
2026-07-24 07:03:33.886 | INFO     | __main__:run_forecasting:406 -   Meat (goat)            N   5,742,717/MT  -0.1%
2026-07-24 07:03:33.888 | INFO     | __main__:run_forecasting:406 -   Meat (beef)            N   5,370,967/MT  +0.7%
2026-07-24 07:03:33.889 | INFO     | __main__:run_forecasting:406 -   ─────────────────────────────────────────────
2026-07-24 07:03:33.891 | INFO     | __main__:run_forecasting:406 -   Source: Agrolinking Intelligence Platform
2026-07-24 07:03:33.892 | INFO     | __main__:run_forecasting:406 -   Next update: 25 Jul 2026
2026-07-24 07:03:33.894 | INFO     | __main__:run_forecasting:409 - 
======================================================================
2026-07-24 07:03:33.894 | INFO     | __main__:run_forecasting:410 -   FORECAST SUMMARY
2026-07-24 07:03:33.894 | INFO     | __main__:run_forecasting:411 - ======================================================================
2026-07-24 07:03:33.896 | INFO     | __main__:run_forecasting:413 -   Commodity                      daily        weekly       monthly      3_months      6_months
2026-07-24 07:03:33.896 | INFO     | __main__:run_forecasting:414 -   ---------------------------------------------------------------------------
2026-07-24 07:03:33.896 | INFO     | __main__:run_forecasting:420 -   Hibiscus                N 2,197,370  N 2,197,370  N 2,140,952  N 2,101,076  N 2,410,685
2026-07-24 07:03:33.896 | INFO     | __main__:run_forecasting:420 -   Sesame                  N 1,527,941  N 1,527,941  N 1,557,440  N 1,499,745  N 1,643,952
2026-07-24 07:03:33.898 | INFO     | __main__:run_forecasting:420 -   Ginger                  N12,549,442  N12,549,442  N12,533,509  N12,037,805  N13,664,727
2026-07-24 07:03:33.898 | INFO     | __main__:run_forecasting:420 -   Cocoa                   N 8,990,114  N 8,990,114  N 9,584,985  N 8,938,202  N 9,508,507
2026-07-24 07:03:33.898 | INFO     | __main__:run_forecasting:420 -   Soybeans                N   853,812  N   853,812  N   847,768  N   829,702  N   858,207
2026-07-24 07:03:33.900 | INFO     | __main__:run_forecasting:420 -   Cashew Nuts             N 2,110,702  N 2,110,702  N 2,226,378  N 2,208,102  N 2,183,213
2026-07-24 07:03:33.900 | INFO     | __main__:run_forecasting:420 -   Sorghum                 N   459,632  N   459,632  N   469,630  N   446,154  N   419,018
2026-07-24 07:03:33.900 | INFO     | __main__:run_forecasting:420 -   Beans (white)           N   975,936  N   975,936  N 1,020,481  N 1,022,599  N 1,027,148
2026-07-24 07:03:33.902 | INFO     | __main__:run_forecasting:420 -   Beans (red)             N   849,276  N   849,276  N   818,717  N   765,349  N   697,176
2026-07-24 07:03:33.904 | INFO     | __main__:run_forecasting:420 -   Maize (white)           N   366,299  N   366,299  N   371,721  N   365,377  N   377,710
2026-07-24 07:03:33.906 | INFO     | __main__:run_forecasting:420 -   Maize (yellow)          N   407,630  N   407,630  N   421,881  N   406,970  N   426,084
2026-07-24 07:03:33.908 | INFO     | __main__:run_forecasting:420 -   Wheat                   N   754,035  N   754,035  N   753,267  N   766,379  N   795,902
2026-07-24 07:03:33.908 | INFO     | __main__:run_forecasting:420 -   Rice                    N 1,674,080  N 1,674,080  N 1,713,150  N 1,730,525  N 1,750,126
2026-07-24 07:03:33.909 | INFO     | __main__:run_forecasting:420 -   Eggs                    N     6,860  N     6,860  N     6,992  N     7,430  N     7,798
2026-07-24 07:03:33.909 | INFO     | __main__:run_forecasting:420 -   Fish (dried)            N 2,513,214  N 2,513,214  N 2,435,981  N 2,395,059  N 2,545,211
2026-07-24 07:03:33.911 | INFO     | __main__:run_forecasting:420 -   Meat (goat)             N 5,742,717  N 5,742,717  N 5,845,517  N 5,928,811  N 6,370,884
2026-07-24 07:03:33.912 | INFO     | __main__:run_forecasting:420 -   Meat (beef)             N 5,370,967  N 5,370,967  N 5,455,139  N 5,452,337  N 5,759,419
2026-07-24 07:03:33.913 | INFO     | __main__:run_forecasting:421 - ======================================================================
2026-07-24 07:03:33.913 | SUCCESS  | __main__:run_forecasting:425 - FORECASTING COMPLETE — 17/17 commodities
