2026-08-11 07:27:03.245 | INFO     | __main__:run_forecasting:648 - ============================================================
2026-08-11 07:27:03.250 | INFO     | __main__:run_forecasting:649 - STEP 5 — FORECASTING ENGINE
2026-08-11 07:27:03.251 | INFO     | __main__:run_forecasting:650 -   Run date  : Tuesday, 11 August 2026
2026-08-11 07:27:03.255 | INFO     | __main__:run_forecasting:651 -   Commodities: 13
2026-08-11 07:27:03.257 | INFO     | __main__:run_forecasting:652 -   Horizons  : ['daily', 'weekly', '2_weeks', 'monthly', '3_months', '6_months']
2026-08-11 07:27:03.263 | INFO     | __main__:run_forecasting:653 - ============================================================
2026-08-11 07:27:03.265 | INFO     | __main__:run_forecasting:656 - 
[1/13] Forecasting Hibiscus...
2026-08-11 07:27:52.290 | DEBUG    | __main__:forecast_commodity:565 -   [Hibiscus] 3/3 models generated forecasts
2026-08-11 07:27:52.304 | INFO     | __main__:run_forecasting:666 -   daily        → ₦    2,151,990/MT  ↓ -7.4%  (2026-08-17)
2026-08-11 07:27:52.306 | INFO     | __main__:run_forecasting:666 -   weekly       → ₦    2,151,990/MT  ↓ -7.4%  (2026-08-17)
2026-08-11 07:27:52.308 | INFO     | __main__:run_forecasting:666 -   2_weeks      → ₦    2,171,110/MT  ↓ -6.6%  (2026-08-24)
2026-08-11 07:27:52.313 | INFO     | __main__:run_forecasting:666 -   monthly      → ₦    2,185,630/MT  ↓ -6.0%  (2026-09-07)
2026-08-11 07:27:52.317 | INFO     | __main__:run_forecasting:666 -   3_months     → ₦    2,160,879/MT  ↓ -7.1%  (2026-11-09)
2026-08-11 07:27:52.320 | INFO     | __main__:run_forecasting:666 -   6_months     → ₦    2,179,224/MT  ↓ -6.3%  (2027-02-08)
2026-08-11 07:27:52.322 | INFO     | __main__:run_forecasting:672 -   ✅ Hibiscus
2026-08-11 07:27:52.323 | INFO     | __main__:run_forecasting:656 - 
[2/13] Forecasting Sesame...
2026-08-11 07:27:54.606 | DEBUG    | __main__:forecast_commodity:565 -   [Sesame] 3/3 models generated forecasts
2026-08-11 07:27:54.614 | INFO     | __main__:run_forecasting:666 -   daily        → ₦    1,283,453/MT  ↑ +3.1%  (2026-08-17)
2026-08-11 07:27:54.614 | INFO     | __main__:run_forecasting:666 -   weekly       → ₦    1,283,453/MT  ↑ +3.1%  (2026-08-17)
2026-08-11 07:27:54.614 | INFO     | __main__:run_forecasting:666 -   2_weeks      → ₦    1,249,479/MT  ↑ +0.4%  (2026-08-24)
2026-08-11 07:27:54.616 | INFO     | __main__:run_forecasting:666 -   monthly      → ₦    1,256,808/MT  ↑ +0.9%  (2026-09-07)
2026-08-11 07:27:54.616 | INFO     | __main__:run_forecasting:666 -   3_months     → ₦    1,270,521/MT  ↑ +2.0%  (2026-11-09)
2026-08-11 07:27:54.617 | INFO     | __main__:run_forecasting:666 -   6_months     → ₦    1,282,335/MT  ↑ +3.0%  (2027-02-08)
2026-08-11 07:27:54.617 | INFO     | __main__:run_forecasting:672 -   ✅ Sesame
2026-08-11 07:27:54.617 | INFO     | __main__:run_forecasting:656 - 
[3/13] Forecasting Ginger...
2026-08-11 07:27:56.647 | DEBUG    | __main__:forecast_commodity:565 -   [Ginger] 3/3 models generated forecasts
2026-08-11 07:27:56.655 | INFO     | __main__:run_forecasting:666 -   daily        → ₦    9,131,866/MT  ↓ -5.9%  (2026-08-17)
2026-08-11 07:27:56.655 | INFO     | __main__:run_forecasting:666 -   weekly       → ₦    9,131,866/MT  ↓ -5.9%  (2026-08-17)
2026-08-11 07:27:56.655 | INFO     | __main__:run_forecasting:666 -   2_weeks      → ₦    9,099,481/MT  ↓ -6.2%  (2026-08-24)
2026-08-11 07:27:56.657 | INFO     | __main__:run_forecasting:666 -   monthly      → ₦    9,072,443/MT  ↓ -6.5%  (2026-09-07)
2026-08-11 07:27:56.657 | INFO     | __main__:run_forecasting:666 -   3_months     → ₦    8,948,627/MT  ↓ -7.8%  (2026-11-09)
2026-08-11 07:27:56.657 | INFO     | __main__:run_forecasting:666 -   6_months     → ₦    8,777,927/MT  ↓ -9.5%  (2027-02-08)
2026-08-11 07:27:56.659 | INFO     | __main__:run_forecasting:672 -   ✅ Ginger
2026-08-11 07:27:56.659 | INFO     | __main__:run_forecasting:656 - 
[4/13] Forecasting Cocoa...
2026-08-11 07:27:58.769 | DEBUG    | __main__:forecast_commodity:565 -   [Cocoa] 3/3 models generated forecasts
2026-08-11 07:27:58.781 | INFO     | __main__:run_forecasting:666 -   daily        → ₦    6,408,201/MT  ↑ +13.4%  (2026-08-17)
2026-08-11 07:27:58.783 | INFO     | __main__:run_forecasting:666 -   weekly       → ₦    6,408,201/MT  ↑ +13.4%  (2026-08-17)
2026-08-11 07:27:58.784 | INFO     | __main__:run_forecasting:666 -   2_weeks      → ₦    6,781,852/MT  ↑ +20.0%  (2026-08-24)
2026-08-11 07:27:58.784 | INFO     | __main__:run_forecasting:666 -   monthly      → ₦    7,049,472/MT  ↑ +24.8%  (2026-09-07)
2026-08-11 07:27:58.784 | INFO     | __main__:run_forecasting:666 -   3_months     → ₦    6,917,811/MT  ↑ +22.4%  (2026-11-09)
2026-08-11 07:27:58.784 | INFO     | __main__:run_forecasting:666 -   6_months     → ₦    6,763,984/MT  ↑ +19.7%  (2027-02-08)
2026-08-11 07:27:58.784 | INFO     | __main__:run_forecasting:672 -   ✅ Cocoa
2026-08-11 07:27:58.786 | INFO     | __main__:run_forecasting:656 - 
[5/13] Forecasting Soybeans...
2026-08-11 07:28:01.311 | DEBUG    | __main__:forecast_commodity:565 -   [Soybeans] 3/3 models generated forecasts
2026-08-11 07:28:01.348 | INFO     | __main__:run_forecasting:666 -   daily        → ₦      753,165/MT  ↑ +1.1%  (2026-08-17)
2026-08-11 07:28:01.348 | INFO     | __main__:run_forecasting:666 -   weekly       → ₦      753,165/MT  ↑ +1.1%  (2026-08-17)
2026-08-11 07:28:01.350 | INFO     | __main__:run_forecasting:666 -   2_weeks      → ₦      729,350/MT  ↓ -2.1%  (2026-08-24)
2026-08-11 07:28:01.352 | INFO     | __main__:run_forecasting:666 -   monthly      → ₦      696,496/MT  ↓ -6.5%  (2026-09-07)
2026-08-11 07:28:01.352 | INFO     | __main__:run_forecasting:666 -   3_months     → ₦      668,173/MT  ↓ -10.3%  (2026-11-09)
2026-08-11 07:28:01.352 | INFO     | __main__:run_forecasting:666 -   6_months     → ₦      624,870/MT  ↓ -16.1%  (2027-02-08)
2026-08-11 07:28:01.354 | INFO     | __main__:run_forecasting:672 -   ✅ Soybeans
2026-08-11 07:28:01.358 | INFO     | __main__:run_forecasting:656 - 
[6/13] Forecasting Cashew Nuts...
2026-08-11 07:28:03.596 | DEBUG    | __main__:forecast_commodity:565 -   [Cashew Nuts] 3/3 models generated forecasts
2026-08-11 07:28:03.600 | INFO     | __main__:run_forecasting:666 -   daily        → ₦    1,474,291/MT  ↓ -24.4%  (2026-08-17)
2026-08-11 07:28:03.602 | INFO     | __main__:run_forecasting:666 -   weekly       → ₦    1,474,291/MT  ↓ -24.4%  (2026-08-17)
2026-08-11 07:28:03.602 | INFO     | __main__:run_forecasting:666 -   2_weeks      → ₦    1,483,634/MT  ↓ -23.9%  (2026-08-24)
2026-08-11 07:28:03.602 | INFO     | __main__:run_forecasting:666 -   monthly      → ₦    1,714,600/MT  ↓ -12.1%  (2026-09-07)
2026-08-11 07:28:03.602 | INFO     | __main__:run_forecasting:666 -   3_months     → ₦    1,780,750/MT  ↓ -8.7%  (2026-11-09)
2026-08-11 07:28:03.602 | INFO     | __main__:run_forecasting:666 -   6_months     → ₦    1,801,735/MT  ↓ -7.6%  (2027-02-08)
2026-08-11 07:28:03.604 | INFO     | __main__:run_forecasting:672 -   ✅ Cashew Nuts
2026-08-11 07:28:03.604 | INFO     | __main__:run_forecasting:656 - 
[7/13] Forecasting Sorghum...
2026-08-11 07:28:05.575 | DEBUG    | __main__:forecast_commodity:565 -   [Sorghum] 3/3 models generated forecasts
2026-08-11 07:28:05.581 | INFO     | __main__:run_forecasting:666 -   daily        → ₦      219,746/MT  ↓ -34.4%  (2026-08-17)
2026-08-11 07:28:05.583 | INFO     | __main__:run_forecasting:666 -   weekly       → ₦      219,746/MT  ↓ -34.4%  (2026-08-17)
2026-08-11 07:28:05.583 | INFO     | __main__:run_forecasting:666 -   2_weeks      → ₦      207,194/MT  ↓ -38.1%  (2026-08-24)
2026-08-11 07:28:05.583 | INFO     | __main__:run_forecasting:666 -   monthly      → ₦      203,569/MT  ↓ -39.2%  (2026-09-07)
2026-08-11 07:28:05.583 | INFO     | __main__:run_forecasting:666 -   3_months     → ₦      203,888/MT  ↓ -39.1%  (2026-11-09)
2026-08-11 07:28:05.585 | INFO     | __main__:run_forecasting:666 -   6_months     → ₦      203,673/MT  ↓ -39.2%  (2027-02-08)
2026-08-11 07:28:05.585 | INFO     | __main__:run_forecasting:672 -   ✅ Sorghum
2026-08-11 07:28:05.585 | INFO     | __main__:run_forecasting:656 - 
[8/13] Forecasting Beans (white)...
2026-08-11 07:28:07.141 | DEBUG    | __main__:forecast_commodity:565 -   [Beans (white)] 3/3 models generated forecasts
2026-08-11 07:28:07.145 | INFO     | __main__:run_forecasting:666 -   daily        → ₦      647,390/MT  ↓ -20.4%  (2026-08-17)
2026-08-11 07:28:07.147 | INFO     | __main__:run_forecasting:666 -   weekly       → ₦      647,390/MT  ↓ -20.4%  (2026-08-17)
2026-08-11 07:28:07.147 | INFO     | __main__:run_forecasting:666 -   2_weeks      → ₦      632,795/MT  ↓ -22.2%  (2026-08-24)
2026-08-11 07:28:07.147 | INFO     | __main__:run_forecasting:666 -   monthly      → ₦      626,432/MT  ↓ -23.0%  (2026-09-07)
2026-08-11 07:28:07.147 | INFO     | __main__:run_forecasting:666 -   3_months     → ₦      592,939/MT  ↓ -27.1%  (2026-11-09)
2026-08-11 07:28:07.147 | INFO     | __main__:run_forecasting:666 -   6_months     → ₦      566,484/MT  ↓ -30.4%  (2027-02-08)
2026-08-11 07:28:07.147 | INFO     | __main__:run_forecasting:672 -   ✅ Beans (white)
2026-08-11 07:28:07.149 | INFO     | __main__:run_forecasting:656 - 
[9/13] Forecasting Beans (red)...
2026-08-11 07:28:08.828 | DEBUG    | __main__:forecast_commodity:565 -   [Beans (red)] 3/3 models generated forecasts
2026-08-11 07:28:08.835 | INFO     | __main__:run_forecasting:666 -   daily        → ₦      743,446/MT  ↓ -18.8%  (2026-08-17)
2026-08-11 07:28:08.835 | INFO     | __main__:run_forecasting:666 -   weekly       → ₦      743,446/MT  ↓ -18.8%  (2026-08-17)
2026-08-11 07:28:08.835 | INFO     | __main__:run_forecasting:666 -   2_weeks      → ₦      753,482/MT  ↓ -17.6%  (2026-08-24)
2026-08-11 07:28:08.837 | INFO     | __main__:run_forecasting:666 -   monthly      → ₦      752,146/MT  ↓ -17.8%  (2026-09-07)
2026-08-11 07:28:08.837 | INFO     | __main__:run_forecasting:666 -   3_months     → ₦      755,694/MT  ↓ -17.4%  (2026-11-09)
2026-08-11 07:28:08.837 | INFO     | __main__:run_forecasting:666 -   6_months     → ₦      756,993/MT  ↓ -17.3%  (2027-02-08)
2026-08-11 07:28:08.838 | INFO     | __main__:run_forecasting:672 -   ✅ Beans (red)
2026-08-11 07:28:08.838 | INFO     | __main__:run_forecasting:656 - 
[10/13] Forecasting Maize (white)...
2026-08-11 07:28:10.750 | DEBUG    | __main__:forecast_commodity:565 -   [Maize (white)] 3/3 models generated forecasts
2026-08-11 07:28:10.756 | INFO     | __main__:run_forecasting:666 -   daily        → ₦      343,398/MT  ↑ +62.8%  (2026-08-17)
2026-08-11 07:28:10.756 | INFO     | __main__:run_forecasting:666 -   weekly       → ₦      343,398/MT  ↑ +62.8%  (2026-08-17)
2026-08-11 07:28:10.756 | INFO     | __main__:run_forecasting:666 -   2_weeks      → ₦      341,831/MT  ↑ +62.0%  (2026-08-24)
2026-08-11 07:28:10.756 | INFO     | __main__:run_forecasting:666 -   monthly      → ₦      343,046/MT  ↑ +62.6%  (2026-09-07)
2026-08-11 07:28:10.756 | INFO     | __main__:run_forecasting:666 -   3_months     → ₦      350,126/MT  ↑ +65.9%  (2026-11-09)
2026-08-11 07:28:10.758 | INFO     | __main__:run_forecasting:666 -   6_months     → ₦      363,262/MT  ↑ +72.2%  (2027-02-08)
2026-08-11 07:28:10.758 | INFO     | __main__:run_forecasting:672 -   ✅ Maize (white)
2026-08-11 07:28:10.758 | INFO     | __main__:run_forecasting:656 - 
[11/13] Forecasting Maize (yellow)...
2026-08-11 07:28:12.803 | DEBUG    | __main__:forecast_commodity:565 -   [Maize (yellow)] 3/3 models generated forecasts
2026-08-11 07:28:12.811 | INFO     | __main__:run_forecasting:666 -   daily        → ₦      376,605/MT  ↑ +65.6%  (2026-08-17)
2026-08-11 07:28:12.813 | INFO     | __main__:run_forecasting:666 -   weekly       → ₦      376,605/MT  ↑ +65.6%  (2026-08-17)
2026-08-11 07:28:12.813 | INFO     | __main__:run_forecasting:666 -   2_weeks      → ₦      375,549/MT  ↑ +65.2%  (2026-08-24)
2026-08-11 07:28:12.814 | INFO     | __main__:run_forecasting:666 -   monthly      → ₦      377,442/MT  ↑ +66.0%  (2026-09-07)
2026-08-11 07:28:12.814 | INFO     | __main__:run_forecasting:666 -   3_months     → ₦      383,575/MT  ↑ +68.7%  (2026-11-09)
2026-08-11 07:28:12.814 | INFO     | __main__:run_forecasting:666 -   6_months     → ₦      399,540/MT  ↑ +75.7%  (2027-02-08)
2026-08-11 07:28:12.814 | INFO     | __main__:run_forecasting:672 -   ✅ Maize (yellow)
2026-08-11 07:28:12.814 | INFO     | __main__:run_forecasting:656 - 
[12/13] Forecasting Wheat...
2026-08-11 07:28:14.280 | DEBUG    | __main__:forecast_commodity:565 -   [Wheat] 3/3 models generated forecasts
2026-08-11 07:28:14.284 | INFO     | __main__:run_forecasting:666 -   daily        → ₦      665,037/MT  ↓ -5.9%  (2026-08-17)
2026-08-11 07:28:14.286 | INFO     | __main__:run_forecasting:666 -   weekly       → ₦      665,037/MT  ↓ -5.9%  (2026-08-17)
2026-08-11 07:28:14.286 | INFO     | __main__:run_forecasting:666 -   2_weeks      → ₦      659,446/MT  ↓ -6.7%  (2026-08-24)
2026-08-11 07:28:14.286 | INFO     | __main__:run_forecasting:666 -   monthly      → ₦      662,409/MT  ↓ -6.3%  (2026-09-07)
2026-08-11 07:28:14.286 | INFO     | __main__:run_forecasting:666 -   3_months     → ₦      664,816/MT  ↓ -5.9%  (2026-11-09)
2026-08-11 07:28:14.286 | INFO     | __main__:run_forecasting:666 -   6_months     → ₦      687,266/MT  ↓ -2.8%  (2027-02-08)
2026-08-11 07:28:14.286 | INFO     | __main__:run_forecasting:672 -   ✅ Wheat
2026-08-11 07:28:14.288 | INFO     | __main__:run_forecasting:656 - 
[13/13] Forecasting Rice...
2026-08-11 07:28:16.010 | DEBUG    | __main__:forecast_commodity:565 -   [Rice] 3/3 models generated forecasts
2026-08-11 07:28:16.014 | INFO     | __main__:run_forecasting:666 -   daily        → ₦    1,673,858/MT  ↑ +120.4%  (2026-08-17)
2026-08-11 07:28:16.014 | INFO     | __main__:run_forecasting:666 -   weekly       → ₦    1,673,858/MT  ↑ +120.4%  (2026-08-17)
2026-08-11 07:28:16.014 | INFO     | __main__:run_forecasting:666 -   2_weeks      → ₦    1,659,837/MT  ↑ +118.5%  (2026-08-24)
2026-08-11 07:28:16.016 | INFO     | __main__:run_forecasting:666 -   monthly      → ₦    1,655,227/MT  ↑ +118.0%  (2026-09-07)
2026-08-11 07:28:16.016 | INFO     | __main__:run_forecasting:666 -   3_months     → ₦    1,679,187/MT  ↑ +121.1%  (2026-11-09)
2026-08-11 07:28:16.016 | INFO     | __main__:run_forecasting:666 -   6_months     → ₦    1,784,068/MT  ↑ +134.9%  (2027-02-08)
2026-08-11 07:28:16.016 | INFO     | __main__:run_forecasting:672 -   ✅ Rice
2026-08-11 07:28:16.133 | INFO     | __main__:run_forecasting:681 - 
  Forecast JSON saved → C:\Users\USER\Downloads\agrolinking-intel-structure\agrolinking-intel\outputs\forecasts\forecast_2026-08-11.json
2026-08-11 07:28:16.139 | INFO     | __main__:run_forecasting:689 -   Daily alert saved → C:\Users\USER\Downloads\agrolinking-intel-structure\agrolinking-intel\outputs\daily_alerts\alert_2026-08-11.txt
2026-08-11 07:28:16.139 | INFO     | __main__:run_forecasting:692 - 
============================================================
2026-08-11 07:28:16.139 | INFO     | __main__:run_forecasting:693 -   DAILY PRICE ALERT
2026-08-11 07:28:16.142 | INFO     | __main__:run_forecasting:694 - ============================================================
2026-08-11 07:28:16.143 | INFO     | __main__:run_forecasting:696 -   📊 AGROLINKING COMMODITY INTELLIGENCE ALERT
2026-08-11 07:28:16.143 | INFO     | __main__:run_forecasting:696 -   📅 Tuesday, 11 August 2026
2026-08-11 07:28:16.144 | INFO     | __main__:run_forecasting:696 -   ─────────────────────────────────────────────
2026-08-11 07:28:16.144 | INFO     | __main__:run_forecasting:696 -   ▼ Hibiscus           ₦    2,151,990/MT  -7.4%
2026-08-11 07:28:16.144 | INFO     | __main__:run_forecasting:696 -   ▲ Sesame             ₦    1,283,453/MT  ++3.1%
2026-08-11 07:28:16.144 | INFO     | __main__:run_forecasting:696 -   ▼ Ginger             ₦    9,131,866/MT  -5.9%
2026-08-11 07:28:16.144 | INFO     | __main__:run_forecasting:696 -   ▲ Cocoa              ₦    6,408,201/MT  ++13.4%
2026-08-11 07:28:16.144 | INFO     | __main__:run_forecasting:696 -   ▲ Soybeans           ₦      753,165/MT  ++1.1%
2026-08-11 07:28:16.144 | INFO     | __main__:run_forecasting:696 -   ▼ Cashew Nuts        ₦    1,474,291/MT  -24.4%
2026-08-11 07:28:16.144 | INFO     | __main__:run_forecasting:696 -   ▼ Sorghum            ₦      219,746/MT  -34.4%
2026-08-11 07:28:16.144 | INFO     | __main__:run_forecasting:696 -   ▼ Beans (white)      ₦      647,390/MT  -20.4%
2026-08-11 07:28:16.147 | INFO     | __main__:run_forecasting:696 -   ▼ Beans (red)        ₦      743,446/MT  -18.7%
2026-08-11 07:28:16.147 | INFO     | __main__:run_forecasting:696 -   ▲ Maize (white)      ₦      343,398/MT  ++62.7%
2026-08-11 07:28:16.147 | INFO     | __main__:run_forecasting:696 -   ▲ Maize (yellow)     ₦      376,605/MT  ++65.6%
2026-08-11 07:28:16.147 | INFO     | __main__:run_forecasting:696 -   ▼ Wheat              ₦      665,037/MT  -5.9%
2026-08-11 07:28:16.147 | INFO     | __main__:run_forecasting:696 -   ▲ Rice               ₦    1,673,858/MT  ++120.4%
2026-08-11 07:28:16.148 | INFO     | __main__:run_forecasting:696 -   ─────────────────────────────────────────────
2026-08-11 07:28:16.148 | INFO     | __main__:run_forecasting:696 -   Source: Agrolinking Intelligence Platform
2026-08-11 07:28:16.149 | INFO     | __main__:run_forecasting:696 -   Next update: 12 Aug 2026
2026-08-11 07:28:16.149 | INFO     | __main__:run_forecasting:700 - 
  Note: master append handled by 06_validate.py (corrected prices).
2026-08-11 07:28:16.149 | INFO     | __main__:run_forecasting:704 - 
======================================================================
2026-08-11 07:28:16.149 | INFO     | __main__:run_forecasting:705 -   FORECAST SUMMARY — ALL COMMODITIES
2026-08-11 07:28:16.150 | INFO     | __main__:run_forecasting:706 - ======================================================================
2026-08-11 07:28:16.150 | INFO     | __main__:run_forecasting:707 -   Commodity                     Today         1 Week        1 Month       3 Months       6 Months
2026-08-11 07:28:16.150 | INFO     | __main__:run_forecasting:712 -   ----------------------------------------------------------------------------------
2026-08-11 07:28:16.150 | INFO     | __main__:run_forecasting:725 -   Hibiscus             ₦   2,151,990  ₦   2,151,990  ₦   2,185,630  ₦   2,160,879  ₦   2,179,224
2026-08-11 07:28:16.150 | INFO     | __main__:run_forecasting:725 -   Sesame               ₦   1,283,453  ₦   1,283,453  ₦   1,256,808  ₦   1,270,521  ₦   1,282,335
2026-08-11 07:28:16.152 | INFO     | __main__:run_forecasting:725 -   Ginger               ₦   9,131,866  ₦   9,131,866  ₦   9,072,443  ₦   8,948,627  ₦   8,777,927
2026-08-11 07:28:16.152 | INFO     | __main__:run_forecasting:725 -   Cocoa                ₦   6,408,201  ₦   6,408,201  ₦   7,049,472  ₦   6,917,811  ₦   6,763,984
2026-08-11 07:28:16.152 | INFO     | __main__:run_forecasting:725 -   Soybeans             ₦     753,165  ₦     753,165  ₦     696,496  ₦     668,173  ₦     624,870
2026-08-11 07:28:16.153 | INFO     | __main__:run_forecasting:725 -   Cashew Nuts          ₦   1,474,291  ₦   1,474,291  ₦   1,714,600  ₦   1,780,750  ₦   1,801,735
2026-08-11 07:28:16.153 | INFO     | __main__:run_forecasting:725 -   Sorghum              ₦     219,746  ₦     219,746  ₦     203,569  ₦     203,888  ₦     203,673
2026-08-11 07:28:16.153 | INFO     | __main__:run_forecasting:725 -   Beans (white)        ₦     647,390  ₦     647,390  ₦     626,432  ₦     592,939  ₦     566,484
2026-08-11 07:28:16.153 | INFO     | __main__:run_forecasting:725 -   Beans (red)          ₦     743,446  ₦     743,446  ₦     752,146  ₦     755,694  ₦     756,993
2026-08-11 07:28:16.153 | INFO     | __main__:run_forecasting:725 -   Maize (white)        ₦     343,398  ₦     343,398  ₦     343,046  ₦     350,126  ₦     363,262
2026-08-11 07:28:16.153 | INFO     | __main__:run_forecasting:725 -   Maize (yellow)       ₦     376,605  ₦     376,605  ₦     377,442  ₦     383,575  ₦     399,540
2026-08-11 07:28:16.153 | INFO     | __main__:run_forecasting:725 -   Wheat                ₦     665,037  ₦     665,037  ₦     662,409  ₦     664,816  ₦     687,266
2026-08-11 07:28:16.153 | INFO     | __main__:run_forecasting:725 -   Rice                 ₦   1,673,858  ₦   1,673,858  ₦   1,655,227  ₦   1,679,187  ₦   1,784,068
2026-08-11 07:28:16.153 | INFO     | __main__:run_forecasting:734 - ======================================================================
2026-08-11 07:28:16.153 | SUCCESS  | __main__:run_forecasting:735 - FORECASTING COMPLETE — 13/13 commodities
2026-08-11 07:28:16.153 | INFO     | __main__:run_forecasting:739 - ======================================================================
2026-08-11 17:42:16.924 | INFO     | __main__:run_forecasting:648 - ============================================================
2026-08-11 17:42:16.927 | INFO     | __main__:run_forecasting:649 - STEP 5 — FORECASTING ENGINE
2026-08-11 17:42:16.929 | INFO     | __main__:run_forecasting:650 -   Run date  : Tuesday, 11 August 2026
2026-08-11 17:42:16.929 | INFO     | __main__:run_forecasting:651 -   Commodities: 17
2026-08-11 17:42:16.929 | INFO     | __main__:run_forecasting:652 -   Horizons  : ['daily', 'weekly', '2_weeks', 'monthly', '3_months', '6_months']
2026-08-11 17:42:16.930 | INFO     | __main__:run_forecasting:653 - ============================================================
2026-08-11 17:42:16.930 | INFO     | __main__:run_forecasting:656 - 
[1/17] Forecasting Hibiscus...
2026-08-11 17:42:59.115 | DEBUG    | __main__:forecast_commodity:565 -   [Hibiscus] 3/3 models generated forecasts
2026-08-11 17:42:59.128 | INFO     | __main__:run_forecasting:666 -   daily        → ₦    2,151,990/MT  ↓ -7.4%  (2026-08-17)
2026-08-11 17:42:59.131 | INFO     | __main__:run_forecasting:666 -   weekly       → ₦    2,151,990/MT  ↓ -7.4%  (2026-08-17)
2026-08-11 17:42:59.133 | INFO     | __main__:run_forecasting:666 -   2_weeks      → ₦    2,171,110/MT  ↓ -6.6%  (2026-08-24)
2026-08-11 17:42:59.140 | INFO     | __main__:run_forecasting:666 -   monthly      → ₦    2,185,630/MT  ↓ -6.0%  (2026-09-07)
2026-08-11 17:42:59.144 | INFO     | __main__:run_forecasting:666 -   3_months     → ₦    2,160,879/MT  ↓ -7.1%  (2026-11-09)
2026-08-11 17:42:59.147 | INFO     | __main__:run_forecasting:666 -   6_months     → ₦    2,179,224/MT  ↓ -6.3%  (2027-02-08)
2026-08-11 17:42:59.155 | INFO     | __main__:run_forecasting:672 -   ✅ Hibiscus
2026-08-11 17:42:59.160 | INFO     | __main__:run_forecasting:656 - 
[2/17] Forecasting Sesame...
2026-08-11 17:43:04.343 | DEBUG    | __main__:forecast_commodity:565 -   [Sesame] 3/3 models generated forecasts
2026-08-11 17:43:04.355 | INFO     | __main__:run_forecasting:666 -   daily        → ₦    1,283,453/MT  ↑ +3.1%  (2026-08-17)
2026-08-11 17:43:04.357 | INFO     | __main__:run_forecasting:666 -   weekly       → ₦    1,283,453/MT  ↑ +3.1%  (2026-08-17)
2026-08-11 17:43:04.359 | INFO     | __main__:run_forecasting:666 -   2_weeks      → ₦    1,249,479/MT  ↑ +0.4%  (2026-08-24)
2026-08-11 17:43:04.361 | INFO     | __main__:run_forecasting:666 -   monthly      → ₦    1,256,808/MT  ↑ +0.9%  (2026-09-07)
2026-08-11 17:43:04.364 | INFO     | __main__:run_forecasting:666 -   3_months     → ₦    1,270,521/MT  ↑ +2.0%  (2026-11-09)
2026-08-11 17:43:04.365 | INFO     | __main__:run_forecasting:666 -   6_months     → ₦    1,282,335/MT  ↑ +3.0%  (2027-02-08)
2026-08-11 17:43:04.369 | INFO     | __main__:run_forecasting:672 -   ✅ Sesame
2026-08-11 17:43:04.371 | INFO     | __main__:run_forecasting:656 - 
[3/17] Forecasting Ginger...
2026-08-11 17:43:08.610 | DEBUG    | __main__:forecast_commodity:565 -   [Ginger] 3/3 models generated forecasts
2026-08-11 17:43:08.629 | INFO     | __main__:run_forecasting:666 -   daily        → ₦    9,131,866/MT  ↓ -5.9%  (2026-08-17)
2026-08-11 17:43:08.632 | INFO     | __main__:run_forecasting:666 -   weekly       → ₦    9,131,866/MT  ↓ -5.9%  (2026-08-17)
2026-08-11 17:43:08.645 | INFO     | __main__:run_forecasting:666 -   2_weeks      → ₦    9,099,481/MT  ↓ -6.2%  (2026-08-24)
2026-08-11 17:43:08.652 | INFO     | __main__:run_forecasting:666 -   monthly      → ₦    9,072,443/MT  ↓ -6.5%  (2026-09-07)
2026-08-11 17:43:08.660 | INFO     | __main__:run_forecasting:666 -   3_months     → ₦    8,948,627/MT  ↓ -7.8%  (2026-11-09)
2026-08-11 17:43:08.669 | INFO     | __main__:run_forecasting:666 -   6_months     → ₦    8,777,927/MT  ↓ -9.5%  (2027-02-08)
2026-08-11 17:43:08.685 | INFO     | __main__:run_forecasting:672 -   ✅ Ginger
2026-08-11 17:43:08.690 | INFO     | __main__:run_forecasting:656 - 
[4/17] Forecasting Cocoa...
2026-08-11 17:43:12.036 | DEBUG    | __main__:forecast_commodity:565 -   [Cocoa] 3/3 models generated forecasts
2026-08-11 17:43:12.047 | INFO     | __main__:run_forecasting:666 -   daily        → ₦    6,408,201/MT  ↑ +13.4%  (2026-08-17)
2026-08-11 17:43:12.048 | INFO     | __main__:run_forecasting:666 -   weekly       → ₦    6,408,201/MT  ↑ +13.4%  (2026-08-17)
2026-08-11 17:43:12.048 | INFO     | __main__:run_forecasting:666 -   2_weeks      → ₦    6,781,852/MT  ↑ +20.0%  (2026-08-24)
2026-08-11 17:43:12.050 | INFO     | __main__:run_forecasting:666 -   monthly      → ₦    7,049,472/MT  ↑ +24.8%  (2026-09-07)
2026-08-11 17:43:12.051 | INFO     | __main__:run_forecasting:666 -   3_months     → ₦    6,917,811/MT  ↑ +22.4%  (2026-11-09)
2026-08-11 17:43:12.052 | INFO     | __main__:run_forecasting:666 -   6_months     → ₦    6,763,984/MT  ↑ +19.7%  (2027-02-08)
2026-08-11 17:43:12.053 | INFO     | __main__:run_forecasting:672 -   ✅ Cocoa
2026-08-11 17:43:12.054 | INFO     | __main__:run_forecasting:656 - 
[5/17] Forecasting Soybeans...
2026-08-11 17:43:14.618 | DEBUG    | __main__:forecast_commodity:565 -   [Soybeans] 3/3 models generated forecasts
2026-08-11 17:43:14.632 | INFO     | __main__:run_forecasting:666 -   daily        → ₦      753,165/MT  ↑ +1.1%  (2026-08-17)
2026-08-11 17:43:14.633 | INFO     | __main__:run_forecasting:666 -   weekly       → ₦      753,165/MT  ↑ +1.1%  (2026-08-17)
2026-08-11 17:43:14.634 | INFO     | __main__:run_forecasting:666 -   2_weeks      → ₦      729,350/MT  ↓ -2.1%  (2026-08-24)
2026-08-11 17:43:14.635 | INFO     | __main__:run_forecasting:666 -   monthly      → ₦      696,496/MT  ↓ -6.5%  (2026-09-07)
2026-08-11 17:43:14.636 | INFO     | __main__:run_forecasting:666 -   3_months     → ₦      668,173/MT  ↓ -10.3%  (2026-11-09)
2026-08-11 17:43:14.637 | INFO     | __main__:run_forecasting:666 -   6_months     → ₦      624,870/MT  ↓ -16.1%  (2027-02-08)
2026-08-11 17:43:14.637 | INFO     | __main__:run_forecasting:672 -   ✅ Soybeans
2026-08-11 17:43:14.638 | INFO     | __main__:run_forecasting:656 - 
[6/17] Forecasting Cashew Nuts...
2026-08-11 17:43:17.044 | DEBUG    | __main__:forecast_commodity:565 -   [Cashew Nuts] 3/3 models generated forecasts
2026-08-11 17:43:17.054 | INFO     | __main__:run_forecasting:666 -   daily        → ₦    1,474,291/MT  ↓ -24.4%  (2026-08-17)
2026-08-11 17:43:17.055 | INFO     | __main__:run_forecasting:666 -   weekly       → ₦    1,474,291/MT  ↓ -24.4%  (2026-08-17)
2026-08-11 17:43:17.055 | INFO     | __main__:run_forecasting:666 -   2_weeks      → ₦    1,483,634/MT  ↓ -23.9%  (2026-08-24)
2026-08-11 17:43:17.057 | INFO     | __main__:run_forecasting:666 -   monthly      → ₦    1,714,600/MT  ↓ -12.1%  (2026-09-07)
2026-08-11 17:43:17.058 | INFO     | __main__:run_forecasting:666 -   3_months     → ₦    1,780,750/MT  ↓ -8.7%  (2026-11-09)
2026-08-11 17:43:17.059 | INFO     | __main__:run_forecasting:666 -   6_months     → ₦    1,801,735/MT  ↓ -7.6%  (2027-02-08)
2026-08-11 17:43:17.060 | INFO     | __main__:run_forecasting:672 -   ✅ Cashew Nuts
2026-08-11 17:43:17.063 | INFO     | __main__:run_forecasting:656 - 
[7/17] Forecasting Sorghum...
2026-08-11 17:43:20.462 | DEBUG    | __main__:forecast_commodity:565 -   [Sorghum] 3/3 models generated forecasts
2026-08-11 17:43:20.474 | INFO     | __main__:run_forecasting:666 -   daily        → ₦      219,746/MT  ↓ -34.4%  (2026-08-17)
2026-08-11 17:43:20.475 | INFO     | __main__:run_forecasting:666 -   weekly       → ₦      219,746/MT  ↓ -34.4%  (2026-08-17)
2026-08-11 17:43:20.476 | INFO     | __main__:run_forecasting:666 -   2_weeks      → ₦      207,194/MT  ↓ -38.1%  (2026-08-24)
2026-08-11 17:43:20.477 | INFO     | __main__:run_forecasting:666 -   monthly      → ₦      203,569/MT  ↓ -39.2%  (2026-09-07)
2026-08-11 17:43:20.478 | INFO     | __main__:run_forecasting:666 -   3_months     → ₦      203,888/MT  ↓ -39.1%  (2026-11-09)
2026-08-11 17:43:20.479 | INFO     | __main__:run_forecasting:666 -   6_months     → ₦      203,673/MT  ↓ -39.2%  (2027-02-08)
2026-08-11 17:43:20.479 | INFO     | __main__:run_forecasting:672 -   ✅ Sorghum
2026-08-11 17:43:20.481 | INFO     | __main__:run_forecasting:656 - 
[8/17] Forecasting Beans (white)...
2026-08-11 17:43:23.105 | DEBUG    | __main__:forecast_commodity:565 -   [Beans (white)] 3/3 models generated forecasts
2026-08-11 17:43:23.116 | INFO     | __main__:run_forecasting:666 -   daily        → ₦      647,390/MT  ↓ -20.4%  (2026-08-17)
2026-08-11 17:43:23.117 | INFO     | __main__:run_forecasting:666 -   weekly       → ₦      647,390/MT  ↓ -20.4%  (2026-08-17)
2026-08-11 17:43:23.118 | INFO     | __main__:run_forecasting:666 -   2_weeks      → ₦      632,795/MT  ↓ -22.2%  (2026-08-24)
2026-08-11 17:43:23.119 | INFO     | __main__:run_forecasting:666 -   monthly      → ₦      626,432/MT  ↓ -23.0%  (2026-09-07)
2026-08-11 17:43:23.119 | INFO     | __main__:run_forecasting:666 -   3_months     → ₦      592,939/MT  ↓ -27.1%  (2026-11-09)
2026-08-11 17:43:23.120 | INFO     | __main__:run_forecasting:666 -   6_months     → ₦      566,484/MT  ↓ -30.4%  (2027-02-08)
2026-08-11 17:43:23.120 | INFO     | __main__:run_forecasting:672 -   ✅ Beans (white)
2026-08-11 17:43:23.122 | INFO     | __main__:run_forecasting:656 - 
[9/17] Forecasting Beans (red)...
2026-08-11 17:43:25.501 | DEBUG    | __main__:forecast_commodity:565 -   [Beans (red)] 3/3 models generated forecasts
2026-08-11 17:43:25.513 | INFO     | __main__:run_forecasting:666 -   daily        → ₦      743,446/MT  ↓ -18.8%  (2026-08-17)
2026-08-11 17:43:25.514 | INFO     | __main__:run_forecasting:666 -   weekly       → ₦      743,446/MT  ↓ -18.8%  (2026-08-17)
2026-08-11 17:43:25.517 | INFO     | __main__:run_forecasting:666 -   2_weeks      → ₦      753,482/MT  ↓ -17.6%  (2026-08-24)
2026-08-11 17:43:25.518 | INFO     | __main__:run_forecasting:666 -   monthly      → ₦      752,146/MT  ↓ -17.8%  (2026-09-07)
2026-08-11 17:43:25.520 | INFO     | __main__:run_forecasting:666 -   3_months     → ₦      755,694/MT  ↓ -17.4%  (2026-11-09)
2026-08-11 17:43:25.522 | INFO     | __main__:run_forecasting:666 -   6_months     → ₦      756,993/MT  ↓ -17.3%  (2027-02-08)
2026-08-11 17:43:25.524 | INFO     | __main__:run_forecasting:672 -   ✅ Beans (red)
2026-08-11 17:43:25.525 | INFO     | __main__:run_forecasting:656 - 
[10/17] Forecasting Maize (white)...
2026-08-11 17:43:28.623 | DEBUG    | __main__:forecast_commodity:565 -   [Maize (white)] 3/3 models generated forecasts
2026-08-11 17:43:28.633 | INFO     | __main__:run_forecasting:666 -   daily        → ₦      343,398/MT  ↑ +62.8%  (2026-08-17)
2026-08-11 17:43:28.634 | INFO     | __main__:run_forecasting:666 -   weekly       → ₦      343,398/MT  ↑ +62.8%  (2026-08-17)
2026-08-11 17:43:28.635 | INFO     | __main__:run_forecasting:666 -   2_weeks      → ₦      341,831/MT  ↑ +62.0%  (2026-08-24)
2026-08-11 17:43:28.635 | INFO     | __main__:run_forecasting:666 -   monthly      → ₦      343,046/MT  ↑ +62.6%  (2026-09-07)
2026-08-11 17:43:28.637 | INFO     | __main__:run_forecasting:666 -   3_months     → ₦      350,126/MT  ↑ +65.9%  (2026-11-09)
2026-08-11 17:43:28.638 | INFO     | __main__:run_forecasting:666 -   6_months     → ₦      363,262/MT  ↑ +72.2%  (2027-02-08)
2026-08-11 17:43:28.638 | INFO     | __main__:run_forecasting:672 -   ✅ Maize (white)
2026-08-11 17:43:28.639 | INFO     | __main__:run_forecasting:656 - 
[11/17] Forecasting Maize (yellow)...
2026-08-11 17:43:31.421 | DEBUG    | __main__:forecast_commodity:565 -   [Maize (yellow)] 3/3 models generated forecasts
2026-08-11 17:43:31.435 | INFO     | __main__:run_forecasting:666 -   daily        → ₦      376,605/MT  ↑ +65.6%  (2026-08-17)
2026-08-11 17:43:31.436 | INFO     | __main__:run_forecasting:666 -   weekly       → ₦      376,605/MT  ↑ +65.6%  (2026-08-17)
2026-08-11 17:43:31.437 | INFO     | __main__:run_forecasting:666 -   2_weeks      → ₦      375,549/MT  ↑ +65.2%  (2026-08-24)
2026-08-11 17:43:31.438 | INFO     | __main__:run_forecasting:666 -   monthly      → ₦      377,442/MT  ↑ +66.0%  (2026-09-07)
2026-08-11 17:43:31.438 | INFO     | __main__:run_forecasting:666 -   3_months     → ₦      383,575/MT  ↑ +68.7%  (2026-11-09)
2026-08-11 17:43:31.439 | INFO     | __main__:run_forecasting:666 -   6_months     → ₦      399,540/MT  ↑ +75.7%  (2027-02-08)
2026-08-11 17:43:31.440 | INFO     | __main__:run_forecasting:672 -   ✅ Maize (yellow)
2026-08-11 17:43:31.441 | INFO     | __main__:run_forecasting:656 - 
[12/17] Forecasting Wheat...
2026-08-11 17:43:33.970 | DEBUG    | __main__:forecast_commodity:565 -   [Wheat] 3/3 models generated forecasts
2026-08-11 17:43:33.981 | INFO     | __main__:run_forecasting:666 -   daily        → ₦      665,037/MT  ↓ -5.9%  (2026-08-17)
2026-08-11 17:43:33.982 | INFO     | __main__:run_forecasting:666 -   weekly       → ₦      665,037/MT  ↓ -5.9%  (2026-08-17)
2026-08-11 17:43:33.984 | INFO     | __main__:run_forecasting:666 -   2_weeks      → ₦      659,446/MT  ↓ -6.7%  (2026-08-24)
2026-08-11 17:43:33.984 | INFO     | __main__:run_forecasting:666 -   monthly      → ₦      662,409/MT  ↓ -6.3%  (2026-09-07)
2026-08-11 17:43:33.985 | INFO     | __main__:run_forecasting:666 -   3_months     → ₦      664,816/MT  ↓ -5.9%  (2026-11-09)
2026-08-11 17:43:33.986 | INFO     | __main__:run_forecasting:666 -   6_months     → ₦      687,266/MT  ↓ -2.8%  (2027-02-08)
2026-08-11 17:43:33.987 | INFO     | __main__:run_forecasting:672 -   ✅ Wheat
2026-08-11 17:43:33.987 | INFO     | __main__:run_forecasting:656 - 
[13/17] Forecasting Rice...
2026-08-11 17:43:36.724 | DEBUG    | __main__:forecast_commodity:565 -   [Rice] 3/3 models generated forecasts
2026-08-11 17:43:36.738 | INFO     | __main__:run_forecasting:666 -   daily        → ₦    1,673,858/MT  ↑ +120.4%  (2026-08-17)
2026-08-11 17:43:36.739 | INFO     | __main__:run_forecasting:666 -   weekly       → ₦    1,673,858/MT  ↑ +120.4%  (2026-08-17)
2026-08-11 17:43:36.741 | INFO     | __main__:run_forecasting:666 -   2_weeks      → ₦    1,659,837/MT  ↑ +118.5%  (2026-08-24)
2026-08-11 17:43:36.744 | INFO     | __main__:run_forecasting:666 -   monthly      → ₦    1,655,227/MT  ↑ +118.0%  (2026-09-07)
2026-08-11 17:43:36.746 | INFO     | __main__:run_forecasting:666 -   3_months     → ₦    1,679,187/MT  ↑ +121.1%  (2026-11-09)
2026-08-11 17:43:36.747 | INFO     | __main__:run_forecasting:666 -   6_months     → ₦    1,784,068/MT  ↑ +134.9%  (2027-02-08)
2026-08-11 17:43:36.748 | INFO     | __main__:run_forecasting:672 -   ✅ Rice
2026-08-11 17:43:36.751 | INFO     | __main__:run_forecasting:656 - 
[14/17] Forecasting Meat (beef)...
2026-08-11 17:43:37.398 | DEBUG    | __main__:forecast_commodity:565 -   [Meat (beef)] 0/3 models generated forecasts
2026-08-11 17:43:37.398 | WARNING  | __main__:forecast_commodity:570 -   [Meat (beef)] No forecasts available — skipping
2026-08-11 17:43:37.401 | INFO     | __main__:run_forecasting:656 - 
[15/17] Forecasting Meat (goat)...
2026-08-11 17:43:38.048 | DEBUG    | __main__:forecast_commodity:565 -   [Meat (goat)] 0/3 models generated forecasts
2026-08-11 17:43:38.048 | WARNING  | __main__:forecast_commodity:570 -   [Meat (goat)] No forecasts available — skipping
2026-08-11 17:43:38.050 | INFO     | __main__:run_forecasting:656 - 
[16/17] Forecasting Fish (dried)...
2026-08-11 17:43:38.560 | DEBUG    | __main__:forecast_commodity:565 -   [Fish (dried)] 0/3 models generated forecasts
2026-08-11 17:43:38.561 | WARNING  | __main__:forecast_commodity:570 -   [Fish (dried)] No forecasts available — skipping
2026-08-11 17:43:38.562 | INFO     | __main__:run_forecasting:656 - 
[17/17] Forecasting Eggs...
2026-08-11 17:43:38.980 | DEBUG    | __main__:forecast_commodity:565 -   [Eggs] 0/3 models generated forecasts
2026-08-11 17:43:38.980 | WARNING  | __main__:forecast_commodity:570 -   [Eggs] No forecasts available — skipping
2026-08-11 17:43:39.219 | INFO     | __main__:run_forecasting:681 - 
  Forecast JSON saved → C:\Users\USER\Downloads\agrolinking-intel-structure\agrolinking-intel\outputs\forecasts\forecast_2026-08-11.json
2026-08-11 17:43:39.221 | INFO     | __main__:run_forecasting:689 -   Daily alert saved → C:\Users\USER\Downloads\agrolinking-intel-structure\agrolinking-intel\outputs\daily_alerts\alert_2026-08-11.txt
2026-08-11 17:43:39.223 | INFO     | __main__:run_forecasting:692 - 
============================================================
2026-08-11 17:43:39.224 | INFO     | __main__:run_forecasting:693 -   DAILY PRICE ALERT
2026-08-11 17:43:39.225 | INFO     | __main__:run_forecasting:694 - ============================================================
2026-08-11 17:43:39.226 | INFO     | __main__:run_forecasting:696 -   📊 AGROLINKING COMMODITY INTELLIGENCE ALERT
2026-08-11 17:43:39.226 | INFO     | __main__:run_forecasting:696 -   📅 Tuesday, 11 August 2026
2026-08-11 17:43:39.227 | INFO     | __main__:run_forecasting:696 -   ─────────────────────────────────────────────
2026-08-11 17:43:39.227 | INFO     | __main__:run_forecasting:696 -   ▼ Hibiscus           ₦    2,151,990/MT  -7.4%
2026-08-11 17:43:39.228 | INFO     | __main__:run_forecasting:696 -   ▲ Sesame             ₦    1,283,453/MT  ++3.1%
2026-08-11 17:43:39.228 | INFO     | __main__:run_forecasting:696 -   ▼ Ginger             ₦    9,131,866/MT  -5.9%
2026-08-11 17:43:39.230 | INFO     | __main__:run_forecasting:696 -   ▲ Cocoa              ₦    6,408,201/MT  ++13.4%
2026-08-11 17:43:39.230 | INFO     | __main__:run_forecasting:696 -   ▲ Soybeans           ₦      753,165/MT  ++1.1%
2026-08-11 17:43:39.231 | INFO     | __main__:run_forecasting:696 -   ▼ Cashew Nuts        ₦    1,474,291/MT  -24.4%
2026-08-11 17:43:39.231 | INFO     | __main__:run_forecasting:696 -   ▼ Sorghum            ₦      219,746/MT  -34.4%
2026-08-11 17:43:39.232 | INFO     | __main__:run_forecasting:696 -   ▼ Beans (white)      ₦      647,390/MT  -20.4%
2026-08-11 17:43:39.233 | INFO     | __main__:run_forecasting:696 -   ▼ Beans (red)        ₦      743,446/MT  -18.7%
2026-08-11 17:43:39.233 | INFO     | __main__:run_forecasting:696 -   ▲ Maize (white)      ₦      343,398/MT  ++62.7%
2026-08-11 17:43:39.234 | INFO     | __main__:run_forecasting:696 -   ▲ Maize (yellow)     ₦      376,605/MT  ++65.6%
2026-08-11 17:43:39.234 | INFO     | __main__:run_forecasting:696 -   ▼ Wheat              ₦      665,037/MT  -5.9%
2026-08-11 17:43:39.237 | INFO     | __main__:run_forecasting:696 -   ▲ Rice               ₦    1,673,858/MT  ++120.4%
2026-08-11 17:43:39.238 | INFO     | __main__:run_forecasting:696 -   ─────────────────────────────────────────────
2026-08-11 17:43:39.239 | INFO     | __main__:run_forecasting:696 -   Source: Agrolinking Intelligence Platform
2026-08-11 17:43:39.239 | INFO     | __main__:run_forecasting:696 -   Next update: 12 Aug 2026
2026-08-11 17:43:39.240 | INFO     | __main__:run_forecasting:700 - 
  Note: master append handled by 06_validate.py (corrected prices).
2026-08-11 17:43:39.240 | INFO     | __main__:run_forecasting:704 - 
======================================================================
2026-08-11 17:43:39.240 | INFO     | __main__:run_forecasting:705 -   FORECAST SUMMARY — ALL COMMODITIES
2026-08-11 17:43:39.241 | INFO     | __main__:run_forecasting:706 - ======================================================================
2026-08-11 17:43:39.241 | INFO     | __main__:run_forecasting:707 -   Commodity                     Today         1 Week        1 Month       3 Months       6 Months
2026-08-11 17:43:39.242 | INFO     | __main__:run_forecasting:712 -   ----------------------------------------------------------------------------------
2026-08-11 17:43:39.243 | INFO     | __main__:run_forecasting:725 -   Hibiscus             ₦   2,151,990  ₦   2,151,990  ₦   2,185,630  ₦   2,160,879  ₦   2,179,224
2026-08-11 17:43:39.243 | INFO     | __main__:run_forecasting:725 -   Sesame               ₦   1,283,453  ₦   1,283,453  ₦   1,256,808  ₦   1,270,521  ₦   1,282,335
2026-08-11 17:43:39.244 | INFO     | __main__:run_forecasting:725 -   Ginger               ₦   9,131,866  ₦   9,131,866  ₦   9,072,443  ₦   8,948,627  ₦   8,777,927
2026-08-11 17:43:39.244 | INFO     | __main__:run_forecasting:725 -   Cocoa                ₦   6,408,201  ₦   6,408,201  ₦   7,049,472  ₦   6,917,811  ₦   6,763,984
2026-08-11 17:43:39.245 | INFO     | __main__:run_forecasting:725 -   Soybeans             ₦     753,165  ₦     753,165  ₦     696,496  ₦     668,173  ₦     624,870
2026-08-11 17:43:39.245 | INFO     | __main__:run_forecasting:725 -   Cashew Nuts          ₦   1,474,291  ₦   1,474,291  ₦   1,714,600  ₦   1,780,750  ₦   1,801,735
2026-08-11 17:43:39.246 | INFO     | __main__:run_forecasting:725 -   Sorghum              ₦     219,746  ₦     219,746  ₦     203,569  ₦     203,888  ₦     203,673
2026-08-11 17:43:39.247 | INFO     | __main__:run_forecasting:725 -   Beans (white)        ₦     647,390  ₦     647,390  ₦     626,432  ₦     592,939  ₦     566,484
2026-08-11 17:43:39.248 | INFO     | __main__:run_forecasting:725 -   Beans (red)          ₦     743,446  ₦     743,446  ₦     752,146  ₦     755,694  ₦     756,993
2026-08-11 17:43:39.252 | INFO     | __main__:run_forecasting:725 -   Maize (white)        ₦     343,398  ₦     343,398  ₦     343,046  ₦     350,126  ₦     363,262
2026-08-11 17:43:39.253 | INFO     | __main__:run_forecasting:725 -   Maize (yellow)       ₦     376,605  ₦     376,605  ₦     377,442  ₦     383,575  ₦     399,540
2026-08-11 17:43:39.254 | INFO     | __main__:run_forecasting:725 -   Wheat                ₦     665,037  ₦     665,037  ₦     662,409  ₦     664,816  ₦     687,266
2026-08-11 17:43:39.255 | INFO     | __main__:run_forecasting:725 -   Rice                 ₦   1,673,858  ₦   1,673,858  ₦   1,655,227  ₦   1,679,187  ₦   1,784,068
2026-08-11 17:43:39.255 | INFO     | __main__:run_forecasting:734 - ======================================================================
2026-08-11 17:43:39.256 | SUCCESS  | __main__:run_forecasting:735 - FORECASTING COMPLETE — 13/17 commodities
2026-08-11 17:43:39.257 | INFO     | __main__:run_forecasting:739 - ======================================================================
