2026-09-25 06:42:41.158 | INFO     | __main__:run_forecasting:752 - ============================================================
2026-09-25 06:42:41.177 | INFO     | __main__:run_forecasting:753 - STEP 5 — FORECASTING ENGINE
2026-09-25 06:42:41.188 | INFO     | __main__:run_forecasting:754 -   Run date  : Friday, 25 September 2026
2026-09-25 06:42:41.189 | INFO     | __main__:run_forecasting:755 -   Commodities: 17
2026-09-25 06:42:41.190 | INFO     | __main__:run_forecasting:756 -   Horizons  : ['daily', 'weekly', '2_weeks', 'monthly', '3_months', '6_months']
2026-09-25 06:42:41.190 | INFO     | __main__:run_forecasting:757 - ============================================================
2026-09-25 06:42:41.191 | INFO     | __main__:run_forecasting:760 - 
[1/17] Forecasting Hibiscus...
2026-09-25 06:43:47.713 | DEBUG    | __main__:forecast_commodity:618 -   [Hibiscus] 3/3 models generated forecasts
2026-09-25 06:43:47.785 | INFO     | __main__:run_forecasting:770 -   daily        → ₦    2,281,279/MT  ↓ -1.2%  (2026-09-22)
2026-09-25 06:43:47.786 | INFO     | __main__:run_forecasting:770 -   weekly       → ₦    2,119,595/MT  ↓ -8.2%  (2026-09-28)
2026-09-25 06:43:47.787 | INFO     | __main__:run_forecasting:770 -   2_weeks      → ₦    2,080,536/MT  ↓ -9.9%  (2026-10-05)
2026-09-25 06:43:47.788 | INFO     | __main__:run_forecasting:770 -   monthly      → ₦    1,980,577/MT  ↓ -14.2%  (2026-10-21)
2026-09-25 06:43:47.788 | INFO     | __main__:run_forecasting:770 -   3_months     → ₦    2,044,926/MT  ↓ -11.4%  (2026-12-20)
2026-09-25 06:43:47.789 | INFO     | __main__:run_forecasting:770 -   6_months     → ₦    2,033,861/MT  ↓ -11.9%  (2027-03-20)
2026-09-25 06:43:47.790 | INFO     | __main__:run_forecasting:776 -   ✅ Hibiscus
2026-09-25 06:43:47.791 | INFO     | __main__:run_forecasting:760 - 
[2/17] Forecasting Sesame...
2026-09-25 06:43:51.556 | DEBUG    | __main__:forecast_commodity:618 -   [Sesame] 3/3 models generated forecasts
2026-09-25 06:43:51.613 | INFO     | __main__:run_forecasting:770 -   daily        → ₦    1,595,581/MT  ↓ -1.4%  (2026-09-22)
2026-09-25 06:43:51.614 | INFO     | __main__:run_forecasting:770 -   weekly       → ₦    1,459,738/MT  ↓ -9.8%  (2026-09-28)
2026-09-25 06:43:51.614 | INFO     | __main__:run_forecasting:770 -   2_weeks      → ₦    1,380,225/MT  ↓ -14.7%  (2026-10-05)
2026-09-25 06:43:51.615 | INFO     | __main__:run_forecasting:770 -   monthly      → ₦    1,363,548/MT  ↓ -15.7%  (2026-10-21)
2026-09-25 06:43:51.616 | INFO     | __main__:run_forecasting:770 -   3_months     → ₦    1,586,304/MT  ↓ -2.0%  (2026-12-20)
2026-09-25 06:43:51.617 | INFO     | __main__:run_forecasting:770 -   6_months     → ₦    1,510,962/MT  ↓ -6.6%  (2027-03-20)
2026-09-25 06:43:51.618 | INFO     | __main__:run_forecasting:776 -   ✅ Sesame
2026-09-25 06:43:51.623 | INFO     | __main__:run_forecasting:760 - 
[3/17] Forecasting Ginger...
2026-09-25 06:43:54.822 | DEBUG    | __main__:forecast_commodity:618 -   [Ginger] 3/3 models generated forecasts
2026-09-25 06:43:54.875 | INFO     | __main__:run_forecasting:770 -   daily        → ₦   11,958,872/MT  ↑ +0.0%  (2026-09-22)
2026-09-25 06:43:54.884 | INFO     | __main__:run_forecasting:770 -   weekly       → ₦   11,981,586/MT  ↑ +0.2%  (2026-09-28)
2026-09-25 06:43:54.892 | INFO     | __main__:run_forecasting:770 -   2_weeks      → ₦   11,946,595/MT  ↓ -0.1%  (2026-10-05)
2026-09-25 06:43:54.903 | INFO     | __main__:run_forecasting:770 -   monthly      → ₦   11,869,951/MT  ↓ -0.7%  (2026-10-21)
2026-09-25 06:43:54.908 | INFO     | __main__:run_forecasting:770 -   3_months     → ₦   11,574,095/MT  ↓ -3.2%  (2026-12-20)
2026-09-25 06:43:54.910 | INFO     | __main__:run_forecasting:770 -   6_months     → ₦   11,418,835/MT  ↓ -4.5%  (2027-03-20)
2026-09-25 06:43:54.915 | INFO     | __main__:run_forecasting:776 -   ✅ Ginger
2026-09-25 06:43:54.916 | INFO     | __main__:run_forecasting:760 - 
[4/17] Forecasting Cocoa...
2026-09-25 06:43:58.514 | DEBUG    | __main__:forecast_commodity:618 -   [Cocoa] 3/3 models generated forecasts
2026-09-25 06:43:58.580 | INFO     | __main__:run_forecasting:770 -   daily        → ₦    5,768,166/MT  ↑ +1.6%  (2026-09-22)
2026-09-25 06:43:58.582 | INFO     | __main__:run_forecasting:770 -   weekly       → ₦    6,297,476/MT  ↑ +10.9%  (2026-09-28)
2026-09-25 06:43:58.586 | INFO     | __main__:run_forecasting:770 -   2_weeks      → ₦    6,533,547/MT  ↑ +15.0%  (2026-10-05)
2026-09-25 06:43:58.595 | INFO     | __main__:run_forecasting:770 -   monthly      → ₦    6,641,279/MT  ↑ +16.9%  (2026-10-21)
2026-09-25 06:43:58.602 | INFO     | __main__:run_forecasting:770 -   3_months     → ₦    6,046,454/MT  ↑ +6.5%  (2026-12-20)
2026-09-25 06:43:58.612 | INFO     | __main__:run_forecasting:770 -   6_months     → ₦    5,598,054/MT  ↓ -1.4%  (2027-03-20)
2026-09-25 06:43:58.624 | INFO     | __main__:run_forecasting:776 -   ✅ Cocoa
2026-09-25 06:43:58.631 | INFO     | __main__:run_forecasting:760 - 
[5/17] Forecasting Soybeans...
2026-09-25 06:44:02.650 | DEBUG    | __main__:forecast_commodity:618 -   [Soybeans] 3/3 models generated forecasts
2026-09-25 06:44:02.715 | INFO     | __main__:run_forecasting:770 -   daily        → ₦      716,782/MT  ↓ -2.9%  (2026-09-22)
2026-09-25 06:44:02.725 | INFO     | __main__:run_forecasting:770 -   weekly       → ₦      589,650/MT  ↓ -20.1%  (2026-09-28)
2026-09-25 06:44:02.735 | INFO     | __main__:run_forecasting:770 -   2_weeks      → ₦      568,202/MT  ↓ -23.0%  (2026-10-05)
2026-09-25 06:44:02.773 | INFO     | __main__:run_forecasting:770 -   monthly      → ₦      525,440/MT  ↓ -28.8%  (2026-10-21)
2026-09-25 06:44:02.795 | INFO     | __main__:run_forecasting:770 -   3_months     → ₦      510,453/MT  ↓ -30.8%  (2026-12-20)
2026-09-25 06:44:02.818 | INFO     | __main__:run_forecasting:770 -   6_months     → ₦      498,422/MT  ↓ -32.5%  (2027-03-20)
2026-09-25 06:44:02.823 | INFO     | __main__:run_forecasting:776 -   ✅ Soybeans
2026-09-25 06:44:02.841 | INFO     | __main__:run_forecasting:760 - 
[6/17] Forecasting Cashew Nuts...
2026-09-25 06:44:07.455 | DEBUG    | __main__:forecast_commodity:618 -   [Cashew Nuts] 3/3 models generated forecasts
2026-09-25 06:44:07.514 | INFO     | __main__:run_forecasting:770 -   daily        → ₦    1,902,052/MT  ↓ -1.8%  (2026-09-22)
2026-09-25 06:44:07.515 | INFO     | __main__:run_forecasting:770 -   weekly       → ₦    1,687,724/MT  ↓ -12.9%  (2026-09-28)
2026-09-25 06:44:07.516 | INFO     | __main__:run_forecasting:770 -   2_weeks      → ₦    1,720,018/MT  ↓ -11.2%  (2026-10-05)
2026-09-25 06:44:07.517 | INFO     | __main__:run_forecasting:770 -   monthly      → ₦    1,740,059/MT  ↓ -10.2%  (2026-10-21)
2026-09-25 06:44:07.517 | INFO     | __main__:run_forecasting:770 -   3_months     → ₦    1,767,920/MT  ↓ -8.8%  (2026-12-20)
2026-09-25 06:44:07.519 | INFO     | __main__:run_forecasting:770 -   6_months     → ₦    1,782,361/MT  ↓ -8.0%  (2027-03-20)
2026-09-25 06:44:07.519 | INFO     | __main__:run_forecasting:776 -   ✅ Cashew Nuts
2026-09-25 06:44:07.519 | INFO     | __main__:run_forecasting:760 - 
[7/17] Forecasting Sorghum...
2026-09-25 06:44:10.591 | DEBUG    | __main__:forecast_commodity:618 -   [Sorghum] 3/3 models generated forecasts
2026-09-25 06:44:10.631 | INFO     | __main__:run_forecasting:770 -   daily        → ₦      394,981/MT  ↓ -4.5%  (2026-09-22)
2026-09-25 06:44:10.632 | INFO     | __main__:run_forecasting:770 -   weekly       → ₦      282,240/MT  ↓ -31.8%  (2026-09-28)
2026-09-25 06:44:10.635 | INFO     | __main__:run_forecasting:770 -   2_weeks      → ₦      270,613/MT  ↓ -34.6%  (2026-10-05)
2026-09-25 06:44:10.637 | INFO     | __main__:run_forecasting:770 -   monthly      → ₦      258,852/MT  ↓ -37.4%  (2026-10-21)
2026-09-25 06:44:10.639 | INFO     | __main__:run_forecasting:770 -   3_months     → ₦      232,784/MT  ↓ -43.7%  (2026-12-20)
2026-09-25 06:44:10.642 | INFO     | __main__:run_forecasting:770 -   6_months     → ₦      206,977/MT  ↓ -50.0%  (2027-03-20)
2026-09-25 06:44:10.644 | INFO     | __main__:run_forecasting:776 -   ✅ Sorghum
2026-09-25 06:44:10.647 | INFO     | __main__:run_forecasting:760 - 
[8/17] Forecasting Beans (white)...
2026-09-25 06:44:14.286 | DEBUG    | __main__:forecast_commodity:618 -   [Beans (white)] 3/3 models generated forecasts
2026-09-25 06:44:14.347 | INFO     | __main__:run_forecasting:770 -   daily        → ₦      764,607/MT  ↓ -4.5%  (2026-09-22)
2026-09-25 06:44:14.348 | INFO     | __main__:run_forecasting:770 -   weekly       → ₦      546,551/MT  ↓ -31.8%  (2026-09-28)
2026-09-25 06:44:14.350 | INFO     | __main__:run_forecasting:770 -   2_weeks      → ₦      545,412/MT  ↓ -31.9%  (2026-10-05)
2026-09-25 06:44:14.361 | INFO     | __main__:run_forecasting:770 -   monthly      → ₦      544,701/MT  ↓ -32.0%  (2026-10-21)
2026-09-25 06:44:14.389 | INFO     | __main__:run_forecasting:770 -   3_months     → ₦      557,895/MT  ↓ -30.4%  (2026-12-20)
2026-09-25 06:44:14.400 | INFO     | __main__:run_forecasting:770 -   6_months     → ₦      559,686/MT  ↓ -30.1%  (2027-03-20)
2026-09-25 06:44:14.408 | INFO     | __main__:run_forecasting:776 -   ✅ Beans (white)
2026-09-25 06:44:14.421 | INFO     | __main__:run_forecasting:760 - 
[9/17] Forecasting Beans (red)...
2026-09-25 06:44:18.139 | DEBUG    | __main__:forecast_commodity:618 -   [Beans (red)] 3/3 models generated forecasts
2026-09-25 06:44:18.218 | INFO     | __main__:run_forecasting:770 -   daily        → ₦      868,238/MT  ↓ -3.9%  (2026-09-22)
2026-09-25 06:44:18.219 | INFO     | __main__:run_forecasting:770 -   weekly       → ₦      657,575/MT  ↓ -27.2%  (2026-09-28)
2026-09-25 06:44:18.220 | INFO     | __main__:run_forecasting:770 -   2_weeks      → ₦      658,514/MT  ↓ -27.1%  (2026-10-05)
2026-09-25 06:44:18.220 | INFO     | __main__:run_forecasting:770 -   monthly      → ₦      659,173/MT  ↓ -27.0%  (2026-10-21)
2026-09-25 06:44:18.221 | INFO     | __main__:run_forecasting:770 -   3_months     → ₦      787,853/MT  ↓ -12.8%  (2026-12-20)
2026-09-25 06:44:18.222 | INFO     | __main__:run_forecasting:770 -   6_months     → ₦      783,715/MT  ↓ -13.2%  (2027-03-20)
2026-09-25 06:44:18.223 | INFO     | __main__:run_forecasting:776 -   ✅ Beans (red)
2026-09-25 06:44:18.229 | INFO     | __main__:run_forecasting:760 - 
[10/17] Forecasting Maize (white)...
2026-09-25 06:44:21.781 | DEBUG    | __main__:forecast_commodity:618 -   [Maize (white)] 3/3 models generated forecasts
2026-09-25 06:44:21.902 | INFO     | __main__:run_forecasting:770 -   daily        → ₦      359,898/MT  ↓ -2.0%  (2026-09-22)
2026-09-25 06:44:21.907 | INFO     | __main__:run_forecasting:770 -   weekly       → ₦      314,698/MT  ↓ -14.3%  (2026-09-28)
2026-09-25 06:44:21.914 | INFO     | __main__:run_forecasting:770 -   2_weeks      → ₦      315,676/MT  ↓ -14.1%  (2026-10-05)
2026-09-25 06:44:21.917 | INFO     | __main__:run_forecasting:770 -   monthly      → ₦      317,690/MT  ↓ -13.5%  (2026-10-21)
2026-09-25 06:44:21.922 | INFO     | __main__:run_forecasting:770 -   3_months     → ₦      331,659/MT  ↓ -9.7%  (2026-12-20)
2026-09-25 06:44:21.942 | INFO     | __main__:run_forecasting:770 -   6_months     → ₦      338,923/MT  ↓ -7.8%  (2027-03-20)
2026-09-25 06:44:21.954 | INFO     | __main__:run_forecasting:776 -   ✅ Maize (white)
2026-09-25 06:44:21.959 | INFO     | __main__:run_forecasting:760 - 
[11/17] Forecasting Maize (yellow)...
2026-09-25 06:44:25.549 | DEBUG    | __main__:forecast_commodity:618 -   [Maize (yellow)] 3/3 models generated forecasts
2026-09-25 06:44:25.658 | INFO     | __main__:run_forecasting:770 -   daily        → ₦      389,401/MT  ↓ -2.0%  (2026-09-22)
2026-09-25 06:44:25.674 | INFO     | __main__:run_forecasting:770 -   weekly       → ₦      341,972/MT  ↓ -13.9%  (2026-09-28)
2026-09-25 06:44:25.706 | INFO     | __main__:run_forecasting:770 -   2_weeks      → ₦      345,537/MT  ↓ -13.0%  (2026-10-05)
2026-09-25 06:44:25.708 | INFO     | __main__:run_forecasting:770 -   monthly      → ₦      351,834/MT  ↓ -11.4%  (2026-10-21)
2026-09-25 06:44:25.715 | INFO     | __main__:run_forecasting:770 -   3_months     → ₦      363,825/MT  ↓ -8.4%  (2026-12-20)
2026-09-25 06:44:25.719 | INFO     | __main__:run_forecasting:770 -   6_months     → ₦      370,568/MT  ↓ -6.7%  (2027-03-20)
2026-09-25 06:44:25.721 | INFO     | __main__:run_forecasting:776 -   ✅ Maize (yellow)
2026-09-25 06:44:25.726 | INFO     | __main__:run_forecasting:760 - 
[12/17] Forecasting Wheat...
2026-09-25 06:44:28.232 | DEBUG    | __main__:forecast_commodity:618 -   [Wheat] 3/3 models generated forecasts
2026-09-25 06:44:28.273 | INFO     | __main__:run_forecasting:770 -   daily        → ₦      689,998/MT  ↓ -1.8%  (2026-09-22)
2026-09-25 06:44:28.279 | INFO     | __main__:run_forecasting:770 -   weekly       → ₦      614,721/MT  ↓ -12.5%  (2026-09-28)
2026-09-25 06:44:28.294 | INFO     | __main__:run_forecasting:770 -   2_weeks      → ₦      608,564/MT  ↓ -13.4%  (2026-10-05)
2026-09-25 06:44:28.334 | INFO     | __main__:run_forecasting:770 -   monthly      → ₦      605,489/MT  ↓ -13.8%  (2026-10-21)
2026-09-25 06:44:28.361 | INFO     | __main__:run_forecasting:770 -   3_months     → ₦      615,781/MT  ↓ -12.3%  (2026-12-20)
2026-09-25 06:44:28.367 | INFO     | __main__:run_forecasting:770 -   6_months     → ₦      624,277/MT  ↓ -11.1%  (2027-03-20)
2026-09-25 06:44:28.375 | INFO     | __main__:run_forecasting:776 -   ✅ Wheat
2026-09-25 06:44:28.390 | INFO     | __main__:run_forecasting:760 - 
[13/17] Forecasting Rice...
2026-09-25 06:44:31.743 | DEBUG    | __main__:forecast_commodity:618 -   [Rice] 3/3 models generated forecasts
2026-09-25 06:44:31.796 | INFO     | __main__:run_forecasting:770 -   daily        → ₦    1,515,066/MT  ↓ -1.7%  (2026-09-22)
2026-09-25 06:44:31.797 | INFO     | __main__:run_forecasting:770 -   weekly       → ₦    1,358,956/MT  ↓ -11.8%  (2026-09-28)
2026-09-25 06:44:31.797 | INFO     | __main__:run_forecasting:770 -   2_weeks      → ₦    1,338,645/MT  ↓ -13.1%  (2026-10-05)
2026-09-25 06:44:31.798 | INFO     | __main__:run_forecasting:770 -   monthly      → ₦    1,320,623/MT  ↓ -14.3%  (2026-10-21)
2026-09-25 06:44:31.799 | INFO     | __main__:run_forecasting:770 -   3_months     → ₦    1,409,574/MT  ↓ -8.5%  (2026-12-20)
2026-09-25 06:44:31.799 | INFO     | __main__:run_forecasting:770 -   6_months     → ₦    1,552,733/MT  ↑ +0.8%  (2027-03-20)
2026-09-25 06:44:31.800 | INFO     | __main__:run_forecasting:776 -   ✅ Rice
2026-09-25 06:44:31.801 | INFO     | __main__:run_forecasting:760 - 
[14/17] Forecasting Meat (beef)...
2026-09-25 06:44:35.636 | DEBUG    | __main__:forecast_commodity:618 -   [Meat (beef)] 3/3 models generated forecasts
2026-09-25 06:44:35.695 | INFO     | __main__:run_forecasting:770 -   daily        → ₦    6,616,960/MT  ↑ +1.1%  (2026-09-22)
2026-09-25 06:44:35.711 | INFO     | __main__:run_forecasting:770 -   weekly       → ₦    7,047,770/MT  ↑ +7.7%  (2026-09-28)
2026-09-25 06:44:35.727 | INFO     | __main__:run_forecasting:770 -   2_weeks      → ₦    6,891,566/MT  ↑ +5.3%  (2026-10-05)
2026-09-25 06:44:35.758 | INFO     | __main__:run_forecasting:770 -   monthly      → ₦    6,928,060/MT  ↑ +5.8%  (2026-10-21)
2026-09-25 06:44:35.792 | INFO     | __main__:run_forecasting:770 -   3_months     → ₦    7,244,138/MT  ↑ +10.7%  (2026-12-20)
2026-09-25 06:44:35.801 | INFO     | __main__:run_forecasting:770 -   6_months     → ₦    7,403,430/MT  ↑ +13.1%  (2027-03-20)
2026-09-25 06:44:35.827 | INFO     | __main__:run_forecasting:776 -   ✅ Meat (beef)
2026-09-25 06:44:35.839 | INFO     | __main__:run_forecasting:760 - 
[15/17] Forecasting Meat (goat)...
2026-09-25 06:44:40.536 | DEBUG    | __main__:forecast_commodity:618 -   [Meat (goat)] 3/3 models generated forecasts
2026-09-25 06:44:40.598 | INFO     | __main__:run_forecasting:770 -   daily        → ₦    6,634,933/MT  ↑ +0.4%  (2026-09-22)
2026-09-25 06:44:40.601 | INFO     | __main__:run_forecasting:770 -   weekly       → ₦    6,786,831/MT  ↑ +2.7%  (2026-09-28)
2026-09-25 06:44:40.604 | INFO     | __main__:run_forecasting:770 -   2_weeks      → ₦    6,736,567/MT  ↑ +1.9%  (2026-10-05)
2026-09-25 06:44:40.617 | INFO     | __main__:run_forecasting:770 -   monthly      → ₦    6,729,846/MT  ↑ +1.8%  (2026-10-21)
2026-09-25 06:44:40.622 | INFO     | __main__:run_forecasting:770 -   3_months     → ₦    6,848,269/MT  ↑ +3.6%  (2026-12-20)
2026-09-25 06:44:40.629 | INFO     | __main__:run_forecasting:770 -   6_months     → ₦    6,901,137/MT  ↑ +4.4%  (2027-03-20)
2026-09-25 06:44:40.640 | INFO     | __main__:run_forecasting:776 -   ✅ Meat (goat)
2026-09-25 06:44:40.656 | INFO     | __main__:run_forecasting:760 - 
[16/17] Forecasting Fish (dried)...
2026-09-25 06:44:44.920 | DEBUG    | __main__:forecast_commodity:618 -   [Fish (dried)] 3/3 models generated forecasts
2026-09-25 06:44:44.998 | INFO     | __main__:run_forecasting:770 -   daily        → ₦    1,143,294/MT  ↓ -3.6%  (2026-09-22)
2026-09-25 06:44:45.026 | INFO     | __main__:run_forecasting:770 -   weekly       → ₦      887,740/MT  ↓ -25.1%  (2026-09-28)
2026-09-25 06:44:45.041 | INFO     | __main__:run_forecasting:770 -   2_weeks      → ₦      889,537/MT  ↓ -25.0%  (2026-10-05)
2026-09-25 06:44:45.077 | INFO     | __main__:run_forecasting:770 -   monthly      → ₦      868,639/MT  ↓ -26.8%  (2026-10-21)
2026-09-25 06:44:45.135 | INFO     | __main__:run_forecasting:770 -   3_months     → ₦      918,478/MT  ↓ -22.6%  (2026-12-20)
2026-09-25 06:44:45.188 | INFO     | __main__:run_forecasting:770 -   6_months     → ₦      923,251/MT  ↓ -22.1%  (2027-03-20)
2026-09-25 06:44:45.217 | INFO     | __main__:run_forecasting:776 -   ✅ Fish (dried)
2026-09-25 06:44:45.240 | INFO     | __main__:run_forecasting:760 - 
[17/17] Forecasting Eggs...
2026-09-25 06:44:51.154 | DEBUG    | __main__:forecast_commodity:618 -   [Eggs] 3/3 models generated forecasts
2026-09-25 06:44:51.202 | INFO     | __main__:run_forecasting:770 -   daily        → ₦        6,029/MT  ↓ -1.1%  (2026-09-22)
2026-09-25 06:44:51.203 | INFO     | __main__:run_forecasting:770 -   weekly       → ₦        5,643/MT  ↓ -7.4%  (2026-09-28)
2026-09-25 06:44:51.204 | INFO     | __main__:run_forecasting:770 -   2_weeks      → ₦        5,517/MT  ↓ -9.5%  (2026-10-05)
2026-09-25 06:44:51.205 | INFO     | __main__:run_forecasting:770 -   monthly      → ₦        5,542/MT  ↓ -9.1%  (2026-10-21)
2026-09-25 06:44:51.205 | INFO     | __main__:run_forecasting:770 -   3_months     → ₦        5,633/MT  ↓ -7.5%  (2026-12-20)
2026-09-25 06:44:51.206 | INFO     | __main__:run_forecasting:770 -   6_months     → ₦        5,448/MT  ↓ -10.6%  (2027-03-20)
2026-09-25 06:44:51.207 | INFO     | __main__:run_forecasting:776 -   ✅ Eggs
2026-09-25 06:44:52.895 | INFO     | __main__:run_forecasting:785 - 
  Forecast JSON saved → C:\Users\USER\Downloads\agrolinking-intel-structure\agrolinking-intel\outputs\forecasts\forecast_2026-09-25.json
2026-09-25 06:44:52.932 | INFO     | __main__:run_forecasting:793 -   Daily alert saved → C:\Users\USER\Downloads\agrolinking-intel-structure\agrolinking-intel\outputs\daily_alerts\alert_2026-09-25.txt
2026-09-25 06:44:52.935 | INFO     | __main__:run_forecasting:796 - 
============================================================
2026-09-25 06:44:52.939 | INFO     | __main__:run_forecasting:797 -   DAILY PRICE ALERT
2026-09-25 06:44:52.942 | INFO     | __main__:run_forecasting:798 - ============================================================
2026-09-25 06:44:52.954 | INFO     | __main__:run_forecasting:800 -   📊 AGROLINKING COMMODITY INTELLIGENCE ALERT
2026-09-25 06:44:52.955 | INFO     | __main__:run_forecasting:800 -   📅 Friday, 25 September 2026
2026-09-25 06:44:52.956 | INFO     | __main__:run_forecasting:800 -   ─────────────────────────────────────────────
2026-09-25 06:44:52.956 | INFO     | __main__:run_forecasting:800 -   ▼ Hibiscus           ₦    2,281,279/MT  -1.17%
2026-09-25 06:44:52.957 | INFO     | __main__:run_forecasting:800 -   ▼ Sesame             ₦    1,595,581/MT  -1.40%
2026-09-25 06:44:52.958 | INFO     | __main__:run_forecasting:800 -   → Ginger             ₦   11,958,872/MT  +0.03%
2026-09-25 06:44:52.959 | INFO     | __main__:run_forecasting:800 -   ▲ Cocoa              ₦    5,768,166/MT  +1.55%
2026-09-25 06:44:52.960 | INFO     | __main__:run_forecasting:800 -   ▼ Soybeans           ₦      716,782/MT  -2.87%
2026-09-25 06:44:52.964 | INFO     | __main__:run_forecasting:800 -   ▼ Cashew Nuts        ₦    1,902,052/MT  -1.84%
2026-09-25 06:44:52.969 | INFO     | __main__:run_forecasting:800 -   ▼ Sorghum            ₦      394,981/MT  -4.54%
2026-09-25 06:44:52.973 | INFO     | __main__:run_forecasting:800 -   ▼ Beans (white)      ₦      764,607/MT  -4.54%
2026-09-25 06:44:52.975 | INFO     | __main__:run_forecasting:800 -   ▼ Beans (red)        ₦      868,238/MT  -3.89%
2026-09-25 06:44:52.975 | INFO     | __main__:run_forecasting:800 -   ▼ Maize (white)      ₦      359,898/MT  -2.05%
2026-09-25 06:44:52.979 | INFO     | __main__:run_forecasting:800 -   ▼ Maize (yellow)     ₦      389,401/MT  -1.99%
2026-09-25 06:44:53.053 | INFO     | __main__:run_forecasting:800 -   ▼ Wheat              ₦      689,998/MT  -1.79%
2026-09-25 06:44:53.151 | INFO     | __main__:run_forecasting:800 -   ▼ Rice               ₦    1,515,066/MT  -1.69%
2026-09-25 06:44:53.190 | INFO     | __main__:run_forecasting:800 -   ▲ Meat (beef)        ₦    6,616,960/MT  +1.10%
2026-09-25 06:44:53.268 | INFO     | __main__:run_forecasting:800 -   → Meat (goat)        ₦    6,634,933/MT  +0.38%
2026-09-25 06:44:53.322 | INFO     | __main__:run_forecasting:800 -   ▼ Fish (dried)       ₦    1,143,294/MT  -3.59%
2026-09-25 06:44:53.419 | INFO     | __main__:run_forecasting:800 -   ▼ Eggs               ₦        6,029/MT  -1.06%
2026-09-25 06:44:53.566 | INFO     | __main__:run_forecasting:800 -   ─────────────────────────────────────────────
2026-09-25 06:44:53.598 | INFO     | __main__:run_forecasting:800 -   Source: Agrolinking Intelligence Platform
2026-09-25 06:44:53.694 | INFO     | __main__:run_forecasting:800 -   Next update: 26 Sep 2026
2026-09-25 06:44:53.722 | INFO     | __main__:run_forecasting:804 - 
  Note: master append handled by 06_validate.py (corrected prices).
2026-09-25 06:44:53.746 | INFO     | __main__:run_forecasting:808 - 
======================================================================
2026-09-25 06:44:53.775 | INFO     | __main__:run_forecasting:809 -   FORECAST SUMMARY — ALL COMMODITIES
2026-09-25 06:44:53.812 | INFO     | __main__:run_forecasting:810 - ======================================================================
2026-09-25 06:44:53.824 | INFO     | __main__:run_forecasting:811 -   Commodity                     Today         1 Week        1 Month       3 Months       6 Months
2026-09-25 06:44:53.837 | INFO     | __main__:run_forecasting:816 -   ----------------------------------------------------------------------------------
2026-09-25 06:44:53.889 | INFO     | __main__:run_forecasting:829 -   Hibiscus             ₦   2,281,279  ₦   2,119,595  ₦   1,980,577  ₦   2,044,926  ₦   2,033,861
2026-09-25 06:44:53.913 | INFO     | __main__:run_forecasting:829 -   Sesame               ₦   1,595,581  ₦   1,459,738  ₦   1,363,548  ₦   1,586,304  ₦   1,510,962
2026-09-25 06:44:53.933 | INFO     | __main__:run_forecasting:829 -   Ginger               ₦  11,958,872  ₦  11,981,586  ₦  11,869,951  ₦  11,574,095  ₦  11,418,835
2026-09-25 06:44:53.959 | INFO     | __main__:run_forecasting:829 -   Cocoa                ₦   5,768,166  ₦   6,297,476  ₦   6,641,279  ₦   6,046,454  ₦   5,598,054
2026-09-25 06:44:53.997 | INFO     | __main__:run_forecasting:829 -   Soybeans             ₦     716,782  ₦     589,650  ₦     525,440  ₦     510,453  ₦     498,422
2026-09-25 06:44:54.014 | INFO     | __main__:run_forecasting:829 -   Cashew Nuts          ₦   1,902,052  ₦   1,687,724  ₦   1,740,059  ₦   1,767,920  ₦   1,782,361
2026-09-25 06:44:54.051 | INFO     | __main__:run_forecasting:829 -   Sorghum              ₦     394,981  ₦     282,240  ₦     258,852  ₦     232,784  ₦     206,977
2026-09-25 06:44:54.093 | INFO     | __main__:run_forecasting:829 -   Beans (white)        ₦     764,607  ₦     546,551  ₦     544,701  ₦     557,895  ₦     559,686
2026-09-25 06:44:54.138 | INFO     | __main__:run_forecasting:829 -   Beans (red)          ₦     868,238  ₦     657,575  ₦     659,173  ₦     787,853  ₦     783,715
2026-09-25 06:44:54.157 | INFO     | __main__:run_forecasting:829 -   Maize (white)        ₦     359,898  ₦     314,698  ₦     317,690  ₦     331,659  ₦     338,923
2026-09-25 06:44:54.238 | INFO     | __main__:run_forecasting:829 -   Maize (yellow)       ₦     389,401  ₦     341,972  ₦     351,834  ₦     363,825  ₦     370,568
2026-09-25 06:44:54.343 | INFO     | __main__:run_forecasting:829 -   Wheat                ₦     689,998  ₦     614,721  ₦     605,489  ₦     615,781  ₦     624,277
2026-09-25 06:44:54.425 | INFO     | __main__:run_forecasting:829 -   Rice                 ₦   1,515,066  ₦   1,358,956  ₦   1,320,623  ₦   1,409,574  ₦   1,552,733
2026-09-25 06:44:54.503 | INFO     | __main__:run_forecasting:829 -   Meat (beef)          ₦   6,616,960  ₦   7,047,770  ₦   6,928,060  ₦   7,244,138  ₦   7,403,430
2026-09-25 06:44:54.536 | INFO     | __main__:run_forecasting:829 -   Meat (goat)          ₦   6,634,933  ₦   6,786,831  ₦   6,729,846  ₦   6,848,269  ₦   6,901,137
2026-09-25 06:44:54.610 | INFO     | __main__:run_forecasting:829 -   Fish (dried)         ₦   1,143,294  ₦     887,740  ₦     868,639  ₦     918,478  ₦     923,251
2026-09-25 06:44:54.670 | INFO     | __main__:run_forecasting:829 -   Eggs                 ₦       6,029  ₦       5,643  ₦       5,542  ₦       5,633  ₦       5,448
2026-09-25 06:44:54.719 | INFO     | __main__:run_forecasting:838 - ======================================================================
2026-09-25 06:44:54.759 | SUCCESS  | __main__:run_forecasting:839 - FORECASTING COMPLETE — 17/17 commodities
2026-09-25 06:44:54.851 | INFO     | __main__:run_forecasting:843 - ======================================================================
2026-09-25 10:09:06.300 | INFO     | __main__:run_forecasting:752 - ============================================================
2026-09-25 10:09:06.300 | INFO     | __main__:run_forecasting:753 - STEP 5 — FORECASTING ENGINE
2026-09-25 10:09:06.300 | INFO     | __main__:run_forecasting:754 -   Run date  : Friday, 25 September 2026
2026-09-25 10:09:06.300 | INFO     | __main__:run_forecasting:755 -   Commodities: 17
2026-09-25 10:09:06.300 | INFO     | __main__:run_forecasting:756 -   Horizons  : ['daily', 'weekly', '2_weeks', 'monthly', '3_months', '6_months']
2026-09-25 10:09:06.300 | INFO     | __main__:run_forecasting:757 - ============================================================
2026-09-25 10:09:06.300 | INFO     | __main__:run_forecasting:760 - 
[1/17] Forecasting Hibiscus...
2026-09-25 10:09:07.635 | DEBUG    | __main__:forecast_commodity:618 -   [Hibiscus] 3/3 models generated forecasts
2026-09-25 10:09:07.643 | INFO     | __main__:run_forecasting:770 -   daily        → ₦    2,233,109/MT  ↓ -0.5%  (2026-09-15)
2026-09-25 10:09:07.644 | INFO     | __main__:run_forecasting:770 -   weekly       → ₦    2,164,057/MT  ↓ -3.6%  (2026-09-21)
2026-09-25 10:09:07.644 | INFO     | __main__:run_forecasting:770 -   2_weeks      → ₦    2,083,496/MT  ↓ -7.2%  (2026-09-28)
2026-09-25 10:09:07.644 | INFO     | __main__:run_forecasting:770 -   monthly      → ₦    2,002,825/MT  ↓ -10.8%  (2026-10-14)
2026-09-25 10:09:07.644 | INFO     | __main__:run_forecasting:770 -   3_months     → ₦    2,036,695/MT  ↓ -9.3%  (2026-12-13)
2026-09-25 10:09:07.644 | INFO     | __main__:run_forecasting:770 -   6_months     → ₦    2,019,298/MT  ↓ -10.0%  (2027-03-13)
2026-09-25 10:09:07.644 | INFO     | __main__:run_forecasting:776 -   ✅ Hibiscus
2026-09-25 10:09:07.644 | INFO     | __main__:run_forecasting:760 - 
[2/17] Forecasting Sesame...
2026-09-25 10:09:07.973 | DEBUG    | __main__:forecast_commodity:618 -   [Sesame] 3/3 models generated forecasts
2026-09-25 10:09:07.980 | INFO     | __main__:run_forecasting:770 -   daily        → ₦    1,498,769/MT  ↓ -0.7%  (2026-09-15)
2026-09-25 10:09:07.980 | INFO     | __main__:run_forecasting:770 -   weekly       → ₦    1,435,783/MT  ↓ -4.9%  (2026-09-21)
2026-09-25 10:09:07.980 | INFO     | __main__:run_forecasting:770 -   2_weeks      → ₦    1,362,299/MT  ↓ -9.7%  (2026-09-28)
2026-09-25 10:09:07.980 | INFO     | __main__:run_forecasting:770 -   monthly      → ₦    1,276,207/MT  ↓ -15.4%  (2026-10-14)
2026-09-25 10:09:07.980 | INFO     | __main__:run_forecasting:770 -   3_months     → ₦    1,295,035/MT  ↓ -14.2%  (2026-12-13)
2026-09-25 10:09:07.980 | INFO     | __main__:run_forecasting:770 -   6_months     → ₦    1,404,094/MT  ↓ -7.0%  (2027-03-13)
2026-09-25 10:09:07.980 | INFO     | __main__:run_forecasting:776 -   ✅ Sesame
2026-09-25 10:09:07.981 | INFO     | __main__:run_forecasting:760 - 
[3/17] Forecasting Ginger...
2026-09-25 10:09:08.278 | DEBUG    | __main__:forecast_commodity:618 -   [Ginger] 3/3 models generated forecasts
2026-09-25 10:09:08.289 | INFO     | __main__:run_forecasting:770 -   daily        → ₦   11,926,520/MT  ↑ +0.0%  (2026-09-15)
2026-09-25 10:09:08.289 | INFO     | __main__:run_forecasting:770 -   weekly       → ₦   11,940,469/MT  ↑ +0.1%  (2026-09-21)
2026-09-25 10:09:08.289 | INFO     | __main__:run_forecasting:770 -   2_weeks      → ₦   11,956,743/MT  ↑ +0.3%  (2026-09-28)
2026-09-25 10:09:08.289 | INFO     | __main__:run_forecasting:770 -   monthly      → ₦   11,877,244/MT  ↓ -0.4%  (2026-10-14)
2026-09-25 10:09:08.289 | INFO     | __main__:run_forecasting:770 -   3_months     → ₦   11,618,322/MT  ↓ -2.6%  (2026-12-13)
2026-09-25 10:09:08.289 | INFO     | __main__:run_forecasting:770 -   6_months     → ₦   11,432,917/MT  ↓ -4.1%  (2027-03-13)
2026-09-25 10:09:08.289 | INFO     | __main__:run_forecasting:776 -   ✅ Ginger
2026-09-25 10:09:08.289 | INFO     | __main__:run_forecasting:760 - 
[4/17] Forecasting Cocoa...
2026-09-25 10:09:08.600 | DEBUG    | __main__:forecast_commodity:618 -   [Cocoa] 3/3 models generated forecasts
2026-09-25 10:09:08.608 | INFO     | __main__:run_forecasting:770 -   daily        → ₦    4,837,626/MT  ↑ +0.8%  (2026-09-15)
2026-09-25 10:09:08.608 | INFO     | __main__:run_forecasting:770 -   weekly       → ₦    5,063,382/MT  ↑ +5.5%  (2026-09-21)
2026-09-25 10:09:08.609 | INFO     | __main__:run_forecasting:770 -   2_weeks      → ₦    5,326,765/MT  ↑ +11.0%  (2026-09-28)
2026-09-25 10:09:08.609 | INFO     | __main__:run_forecasting:770 -   monthly      → ₦    5,694,208/MT  ↑ +18.6%  (2026-10-14)
2026-09-25 10:09:08.609 | INFO     | __main__:run_forecasting:770 -   3_months     → ₦    5,183,311/MT  ↑ +8.0%  (2026-12-13)
2026-09-25 10:09:08.609 | INFO     | __main__:run_forecasting:770 -   6_months     → ₦    4,768,774/MT  ↓ -0.7%  (2027-03-13)
2026-09-25 10:09:08.609 | INFO     | __main__:run_forecasting:776 -   ✅ Cocoa
2026-09-25 10:09:08.609 | INFO     | __main__:run_forecasting:760 - 
[5/17] Forecasting Soybeans...
2026-09-25 10:09:08.924 | DEBUG    | __main__:forecast_commodity:618 -   [Soybeans] 3/3 models generated forecasts
2026-09-25 10:09:08.932 | INFO     | __main__:run_forecasting:770 -   daily        → ₦      808,275/MT  ↓ -1.4%  (2026-09-15)
2026-09-25 10:09:08.933 | INFO     | __main__:run_forecasting:770 -   weekly       → ₦      737,924/MT  ↓ -10.0%  (2026-09-21)
2026-09-25 10:09:08.933 | INFO     | __main__:run_forecasting:770 -   2_weeks      → ₦      655,849/MT  ↓ -20.0%  (2026-09-28)
2026-09-25 10:09:08.933 | INFO     | __main__:run_forecasting:770 -   monthly      → ₦      605,017/MT  ↓ -26.2%  (2026-10-14)
2026-09-25 10:09:08.933 | INFO     | __main__:run_forecasting:770 -   3_months     → ₦      567,729/MT  ↓ -30.8%  (2026-12-13)
2026-09-25 10:09:08.933 | INFO     | __main__:run_forecasting:770 -   6_months     → ₦      554,111/MT  ↓ -32.4%  (2027-03-13)
2026-09-25 10:09:08.933 | INFO     | __main__:run_forecasting:776 -   ✅ Soybeans
2026-09-25 10:09:08.933 | INFO     | __main__:run_forecasting:760 - 
[6/17] Forecasting Cashew Nuts...
2026-09-25 10:09:09.222 | DEBUG    | __main__:forecast_commodity:618 -   [Cashew Nuts] 3/3 models generated forecasts
2026-09-25 10:09:09.231 | INFO     | __main__:run_forecasting:770 -   daily        → ₦    1,698,826/MT  ↓ -1.0%  (2026-09-15)
2026-09-25 10:09:09.231 | INFO     | __main__:run_forecasting:770 -   weekly       → ₦    1,596,939/MT  ↓ -6.9%  (2026-09-21)
2026-09-25 10:09:09.231 | INFO     | __main__:run_forecasting:770 -   2_weeks      → ₦    1,478,071/MT  ↓ -13.9%  (2026-09-28)
2026-09-25 10:09:09.231 | INFO     | __main__:run_forecasting:770 -   monthly      → ₦    1,516,139/MT  ↓ -11.6%  (2026-10-14)
2026-09-25 10:09:09.231 | INFO     | __main__:run_forecasting:770 -   3_months     → ₦    1,543,234/MT  ↓ -10.1%  (2026-12-13)
2026-09-25 10:09:09.231 | INFO     | __main__:run_forecasting:770 -   6_months     → ₦    1,556,182/MT  ↓ -9.3%  (2027-03-13)
2026-09-25 10:09:09.231 | INFO     | __main__:run_forecasting:776 -   ✅ Cashew Nuts
2026-09-25 10:09:09.231 | INFO     | __main__:run_forecasting:760 - 
[7/17] Forecasting Sorghum...
2026-09-25 10:09:09.529 | DEBUG    | __main__:forecast_commodity:618 -   [Sorghum] 3/3 models generated forecasts
2026-09-25 10:09:09.537 | INFO     | __main__:run_forecasting:770 -   daily        → ₦      381,917/MT  ↓ -2.2%  (2026-09-15)
2026-09-25 10:09:09.537 | INFO     | __main__:run_forecasting:770 -   weekly       → ₦      330,203/MT  ↓ -15.4%  (2026-09-21)
2026-09-25 10:09:09.537 | INFO     | __main__:run_forecasting:770 -   2_weeks      → ₦      269,869/MT  ↓ -30.9%  (2026-09-28)
2026-09-25 10:09:09.537 | INFO     | __main__:run_forecasting:770 -   monthly      → ₦      254,846/MT  ↓ -34.7%  (2026-10-14)
2026-09-25 10:09:09.537 | INFO     | __main__:run_forecasting:770 -   3_months     → ₦      224,651/MT  ↓ -42.5%  (2026-12-13)
2026-09-25 10:09:09.537 | INFO     | __main__:run_forecasting:770 -   6_months     → ₦      204,738/MT  ↓ -47.6%  (2027-03-13)
2026-09-25 10:09:09.537 | INFO     | __main__:run_forecasting:776 -   ✅ Sorghum
2026-09-25 10:09:09.537 | INFO     | __main__:run_forecasting:760 - 
[8/17] Forecasting Beans (white)...
2026-09-25 10:09:09.897 | DEBUG    | __main__:forecast_commodity:618 -   [Beans (white)] 3/3 models generated forecasts
2026-09-25 10:09:09.906 | INFO     | __main__:run_forecasting:770 -   daily        → ₦      574,177/MT  ↓ -2.3%  (2026-09-15)
2026-09-25 10:09:09.906 | INFO     | __main__:run_forecasting:770 -   weekly       → ₦      493,186/MT  ↓ -16.1%  (2026-09-21)
2026-09-25 10:09:09.906 | INFO     | __main__:run_forecasting:770 -   2_weeks      → ₦      398,697/MT  ↓ -32.2%  (2026-09-28)
2026-09-25 10:09:09.906 | INFO     | __main__:run_forecasting:770 -   monthly      → ₦      395,387/MT  ↓ -32.7%  (2026-10-14)
2026-09-25 10:09:09.906 | INFO     | __main__:run_forecasting:770 -   3_months     → ₦      399,524/MT  ↓ -32.0%  (2026-12-13)
2026-09-25 10:09:09.907 | INFO     | __main__:run_forecasting:770 -   6_months     → ₦      406,677/MT  ↓ -30.8%  (2027-03-13)
2026-09-25 10:09:09.907 | INFO     | __main__:run_forecasting:776 -   ✅ Beans (white)
2026-09-25 10:09:09.907 | INFO     | __main__:run_forecasting:760 - 
[9/17] Forecasting Beans (red)...
2026-09-25 10:09:10.249 | DEBUG    | __main__:forecast_commodity:618 -   [Beans (red)] 3/3 models generated forecasts
2026-09-25 10:09:10.257 | INFO     | __main__:run_forecasting:770 -   daily        → ₦      693,697/MT  ↓ -1.9%  (2026-09-15)
2026-09-25 10:09:10.258 | INFO     | __main__:run_forecasting:770 -   weekly       → ₦      614,148/MT  ↓ -13.1%  (2026-09-21)
2026-09-25 10:09:10.258 | INFO     | __main__:run_forecasting:770 -   2_weeks      → ₦      521,342/MT  ↓ -26.3%  (2026-09-28)
2026-09-25 10:09:10.258 | INFO     | __main__:run_forecasting:770 -   monthly      → ₦      595,565/MT  ↓ -15.8%  (2026-10-14)
2026-09-25 10:09:10.258 | INFO     | __main__:run_forecasting:770 -   3_months     → ₦      702,220/MT  ↓ -0.7%  (2026-12-13)
2026-09-25 10:09:10.258 | INFO     | __main__:run_forecasting:770 -   6_months     → ₦      712,623/MT  ↑ +0.8%  (2027-03-13)
2026-09-25 10:09:10.258 | INFO     | __main__:run_forecasting:776 -   ✅ Beans (red)
2026-09-25 10:09:10.258 | INFO     | __main__:run_forecasting:760 - 
[10/17] Forecasting Maize (white)...
2026-09-25 10:09:10.579 | DEBUG    | __main__:forecast_commodity:618 -   [Maize (white)] 3/3 models generated forecasts
2026-09-25 10:09:10.588 | INFO     | __main__:run_forecasting:770 -   daily        → ₦      361,640/MT  ↓ -1.0%  (2026-09-15)
2026-09-25 10:09:10.588 | INFO     | __main__:run_forecasting:770 -   weekly       → ₦      339,175/MT  ↓ -7.2%  (2026-09-21)
2026-09-25 10:09:10.588 | INFO     | __main__:run_forecasting:770 -   2_weeks      → ₦      312,966/MT  ↓ -14.3%  (2026-09-28)
2026-09-25 10:09:10.588 | INFO     | __main__:run_forecasting:770 -   monthly      → ₦      314,959/MT  ↓ -13.8%  (2026-10-14)
2026-09-25 10:09:10.588 | INFO     | __main__:run_forecasting:770 -   3_months     → ₦      329,303/MT  ↓ -9.9%  (2026-12-13)
2026-09-25 10:09:10.588 | INFO     | __main__:run_forecasting:770 -   6_months     → ₦      337,551/MT  ↓ -7.6%  (2027-03-13)
2026-09-25 10:09:10.588 | INFO     | __main__:run_forecasting:776 -   ✅ Maize (white)
2026-09-25 10:09:10.589 | INFO     | __main__:run_forecasting:760 - 
[11/17] Forecasting Maize (yellow)...
2026-09-25 10:09:10.948 | DEBUG    | __main__:forecast_commodity:618 -   [Maize (yellow)] 3/3 models generated forecasts
2026-09-25 10:09:10.957 | INFO     | __main__:run_forecasting:770 -   daily        → ₦      391,565/MT  ↓ -1.0%  (2026-09-15)
2026-09-25 10:09:10.957 | INFO     | __main__:run_forecasting:770 -   weekly       → ₦      367,869/MT  ↓ -7.0%  (2026-09-21)
2026-09-25 10:09:10.957 | INFO     | __main__:run_forecasting:770 -   2_weeks      → ₦      340,222/MT  ↓ -14.0%  (2026-09-28)
2026-09-25 10:09:10.957 | INFO     | __main__:run_forecasting:770 -   monthly      → ₦      347,047/MT  ↓ -12.2%  (2026-10-14)
2026-09-25 10:09:10.957 | INFO     | __main__:run_forecasting:770 -   3_months     → ₦      361,343/MT  ↓ -8.6%  (2026-12-13)
2026-09-25 10:09:10.957 | INFO     | __main__:run_forecasting:770 -   6_months     → ₦      368,966/MT  ↓ -6.7%  (2027-03-13)
2026-09-25 10:09:10.957 | INFO     | __main__:run_forecasting:776 -   ✅ Maize (yellow)
2026-09-25 10:09:10.957 | INFO     | __main__:run_forecasting:760 - 
[12/17] Forecasting Wheat...
2026-09-25 10:09:11.263 | DEBUG    | __main__:forecast_commodity:618 -   [Wheat] 3/3 models generated forecasts
2026-09-25 10:09:11.272 | INFO     | __main__:run_forecasting:770 -   daily        → ₦      706,097/MT  ↓ -0.9%  (2026-09-15)
2026-09-25 10:09:11.272 | INFO     | __main__:run_forecasting:770 -   weekly       → ₦      668,845/MT  ↓ -6.1%  (2026-09-21)
2026-09-25 10:09:11.272 | INFO     | __main__:run_forecasting:770 -   2_weeks      → ₦      625,385/MT  ↓ -12.2%  (2026-09-28)
2026-09-25 10:09:11.272 | INFO     | __main__:run_forecasting:770 -   monthly      → ₦      617,058/MT  ↓ -13.4%  (2026-10-14)
2026-09-25 10:09:11.272 | INFO     | __main__:run_forecasting:770 -   3_months     → ₦      623,471/MT  ↓ -12.5%  (2026-12-13)
2026-09-25 10:09:11.272 | INFO     | __main__:run_forecasting:770 -   6_months     → ₦      634,623/MT  ↓ -10.9%  (2027-03-13)
2026-09-25 10:09:11.272 | INFO     | __main__:run_forecasting:776 -   ✅ Wheat
2026-09-25 10:09:11.272 | INFO     | __main__:run_forecasting:760 - 
[13/17] Forecasting Rice...
2026-09-25 10:09:11.581 | DEBUG    | __main__:forecast_commodity:618 -   [Rice] 3/3 models generated forecasts
2026-09-25 10:09:11.590 | INFO     | __main__:run_forecasting:770 -   daily        → ₦    1,467,130/MT  ↓ -0.8%  (2026-09-15)
2026-09-25 10:09:11.590 | INFO     | __main__:run_forecasting:770 -   weekly       → ₦    1,392,189/MT  ↓ -5.9%  (2026-09-21)
2026-09-25 10:09:11.590 | INFO     | __main__:run_forecasting:770 -   2_weeks      → ₦    1,304,758/MT  ↓ -11.8%  (2026-09-28)
2026-09-25 10:09:11.590 | INFO     | __main__:run_forecasting:770 -   monthly      → ₦    1,274,889/MT  ↓ -13.8%  (2026-10-14)
2026-09-25 10:09:11.590 | INFO     | __main__:run_forecasting:770 -   3_months     → ₦    1,345,295/MT  ↓ -9.1%  (2026-12-13)
2026-09-25 10:09:11.590 | INFO     | __main__:run_forecasting:770 -   6_months     → ₦    1,483,486/MT  ↑ +0.3%  (2027-03-13)
2026-09-25 10:09:11.590 | INFO     | __main__:run_forecasting:776 -   ✅ Rice
2026-09-25 10:09:11.591 | INFO     | __main__:run_forecasting:760 - 
[14/17] Forecasting Meat (beef)...
2026-09-25 10:09:11.886 | DEBUG    | __main__:forecast_commodity:618 -   [Meat (beef)] 3/3 models generated forecasts
2026-09-25 10:09:11.894 | INFO     | __main__:run_forecasting:770 -   daily        → ₦    6,429,320/MT  ↑ +0.6%  (2026-09-15)
2026-09-25 10:09:11.895 | INFO     | __main__:run_forecasting:770 -   weekly       → ₦    6,639,239/MT  ↑ +3.8%  (2026-09-21)
2026-09-25 10:09:11.895 | INFO     | __main__:run_forecasting:770 -   2_weeks      → ₦    6,884,145/MT  ↑ +7.7%  (2026-09-28)
2026-09-25 10:09:11.895 | INFO     | __main__:run_forecasting:770 -   monthly      → ₦    6,747,701/MT  ↑ +5.5%  (2026-10-14)
2026-09-25 10:09:11.895 | INFO     | __main__:run_forecasting:770 -   3_months     → ₦    7,048,304/MT  ↑ +10.2%  (2026-12-13)
2026-09-25 10:09:11.895 | INFO     | __main__:run_forecasting:770 -   6_months     → ₦    7,221,794/MT  ↑ +12.9%  (2027-03-13)
2026-09-25 10:09:11.895 | INFO     | __main__:run_forecasting:776 -   ✅ Meat (beef)
2026-09-25 10:09:11.895 | INFO     | __main__:run_forecasting:760 - 
[15/17] Forecasting Meat (goat)...
2026-09-25 10:09:12.199 | DEBUG    | __main__:forecast_commodity:618 -   [Meat (goat)] 3/3 models generated forecasts
2026-09-25 10:09:12.208 | INFO     | __main__:run_forecasting:770 -   daily        → ₦    6,479,391/MT  ↑ +0.2%  (2026-09-15)
2026-09-25 10:09:12.208 | INFO     | __main__:run_forecasting:770 -   weekly       → ₦    6,543,933/MT  ↑ +1.2%  (2026-09-21)
2026-09-25 10:09:12.208 | INFO     | __main__:run_forecasting:770 -   2_weeks      → ₦    6,619,232/MT  ↑ +2.3%  (2026-09-28)
2026-09-25 10:09:12.208 | INFO     | __main__:run_forecasting:770 -   monthly      → ₦    6,587,056/MT  ↑ +1.8%  (2026-10-14)
2026-09-25 10:09:12.208 | INFO     | __main__:run_forecasting:770 -   3_months     → ₦    6,734,250/MT  ↑ +4.1%  (2026-12-13)
2026-09-25 10:09:12.208 | INFO     | __main__:run_forecasting:770 -   6_months     → ₦    6,738,839/MT  ↑ +4.2%  (2027-03-13)
2026-09-25 10:09:12.208 | INFO     | __main__:run_forecasting:776 -   ✅ Meat (goat)
2026-09-25 10:09:12.208 | INFO     | __main__:run_forecasting:760 - 
[16/17] Forecasting Fish (dried)...
2026-09-25 10:09:12.548 | DEBUG    | __main__:forecast_commodity:618 -   [Fish (dried)] 3/3 models generated forecasts
2026-09-25 10:09:12.557 | INFO     | __main__:run_forecasting:770 -   daily        → ₦    1,197,124/MT  ↓ -1.7%  (2026-09-15)
2026-09-25 10:09:12.557 | INFO     | __main__:run_forecasting:770 -   weekly       → ₦    1,075,379/MT  ↓ -11.7%  (2026-09-21)
2026-09-25 10:09:12.557 | INFO     | __main__:run_forecasting:770 -   2_weeks      → ₦      933,343/MT  ↓ -23.3%  (2026-09-28)
2026-09-25 10:09:12.557 | INFO     | __main__:run_forecasting:770 -   monthly      → ₦      928,117/MT  ↓ -23.8%  (2026-10-14)
2026-09-25 10:09:12.557 | INFO     | __main__:run_forecasting:770 -   3_months     → ₦      958,890/MT  ↓ -21.2%  (2026-12-13)
2026-09-25 10:09:12.557 | INFO     | __main__:run_forecasting:770 -   6_months     → ₦      962,143/MT  ↓ -21.0%  (2027-03-13)
2026-09-25 10:09:12.557 | INFO     | __main__:run_forecasting:776 -   ✅ Fish (dried)
2026-09-25 10:09:12.557 | INFO     | __main__:run_forecasting:760 - 
[17/17] Forecasting Eggs...
2026-09-25 10:09:12.909 | DEBUG    | __main__:forecast_commodity:618 -   [Eggs] 3/3 models generated forecasts
2026-09-25 10:09:12.918 | INFO     | __main__:run_forecasting:770 -   daily        → ₦        6,178/MT  ↓ -0.5%  (2026-09-15)
2026-09-25 10:09:12.918 | INFO     | __main__:run_forecasting:770 -   weekly       → ₦        5,985/MT  ↓ -3.6%  (2026-09-21)
2026-09-25 10:09:12.919 | INFO     | __main__:run_forecasting:770 -   2_weeks      → ₦        5,759/MT  ↓ -7.3%  (2026-09-28)
2026-09-25 10:09:12.919 | INFO     | __main__:run_forecasting:770 -   monthly      → ₦        5,646/MT  ↓ -9.1%  (2026-10-14)
2026-09-25 10:09:12.919 | INFO     | __main__:run_forecasting:770 -   3_months     → ₦        5,719/MT  ↓ -7.9%  (2026-12-13)
2026-09-25 10:09:12.919 | INFO     | __main__:run_forecasting:770 -   6_months     → ₦        5,585/MT  ↓ -10.1%  (2027-03-13)
2026-09-25 10:09:12.919 | INFO     | __main__:run_forecasting:776 -   ✅ Eggs
2026-09-25 10:09:13.013 | INFO     | __main__:run_forecasting:785 - 
  Forecast JSON saved → /home/runner/work/Agrolinking-Intelligence/Agrolinking-Intelligence/outputs/forecasts/forecast_2026-09-25.json
2026-09-25 10:09:13.013 | INFO     | __main__:run_forecasting:793 -   Daily alert saved → /home/runner/work/Agrolinking-Intelligence/Agrolinking-Intelligence/outputs/daily_alerts/alert_2026-09-25.txt
2026-09-25 10:09:13.013 | INFO     | __main__:run_forecasting:796 - 
============================================================
2026-09-25 10:09:13.013 | INFO     | __main__:run_forecasting:797 -   DAILY PRICE ALERT
2026-09-25 10:09:13.013 | INFO     | __main__:run_forecasting:798 - ============================================================
2026-09-25 10:09:13.013 | INFO     | __main__:run_forecasting:800 -   📊 AGROLINKING COMMODITY INTELLIGENCE ALERT
2026-09-25 10:09:13.014 | INFO     | __main__:run_forecasting:800 -   📅 Friday, 25 September 2026
2026-09-25 10:09:13.014 | INFO     | __main__:run_forecasting:800 -   ─────────────────────────────────────────────
2026-09-25 10:09:13.014 | INFO     | __main__:run_forecasting:800 -   ▼ Hibiscus           ₦    2,233,109/MT  -0.51%
2026-09-25 10:09:13.014 | INFO     | __main__:run_forecasting:800 -   ▼ Sesame             ₦    1,498,769/MT  -0.70%
2026-09-25 10:09:13.014 | INFO     | __main__:run_forecasting:800 -   → Ginger             ₦   11,926,520/MT  +0.02%
2026-09-25 10:09:13.014 | INFO     | __main__:run_forecasting:800 -   ▲ Cocoa              ₦    4,837,626/MT  +0.78%
2026-09-25 10:09:13.014 | INFO     | __main__:run_forecasting:800 -   ▼ Soybeans           ₦      808,275/MT  -1.43%
2026-09-25 10:09:13.014 | INFO     | __main__:run_forecasting:800 -   ▼ Cashew Nuts        ₦    1,698,826/MT  -0.99%
2026-09-25 10:09:13.014 | INFO     | __main__:run_forecasting:800 -   ▼ Sorghum            ₦      381,917/MT  -2.21%
2026-09-25 10:09:13.014 | INFO     | __main__:run_forecasting:800 -   ▼ Beans (white)      ₦      574,177/MT  -2.30%
2026-09-25 10:09:13.014 | INFO     | __main__:run_forecasting:800 -   ▼ Beans (red)        ₦      693,697/MT  -1.88%
2026-09-25 10:09:13.014 | INFO     | __main__:run_forecasting:800 -   ▼ Maize (white)      ₦      361,640/MT  -1.02%
2026-09-25 10:09:13.014 | INFO     | __main__:run_forecasting:800 -   ▼ Maize (yellow)     ₦      391,565/MT  -1.00%
2026-09-25 10:09:13.014 | INFO     | __main__:run_forecasting:800 -   ▼ Wheat              ₦      706,097/MT  -0.87%
2026-09-25 10:09:13.014 | INFO     | __main__:run_forecasting:800 -   ▼ Rice               ₦    1,467,130/MT  -0.84%
2026-09-25 10:09:13.014 | INFO     | __main__:run_forecasting:800 -   ▲ Meat (beef)        ₦    6,429,320/MT  +0.55%
2026-09-25 10:09:13.014 | INFO     | __main__:run_forecasting:800 -   → Meat (goat)        ₦    6,479,391/MT  +0.17%
2026-09-25 10:09:13.015 | INFO     | __main__:run_forecasting:800 -   ▼ Fish (dried)       ₦    1,197,124/MT  -1.67%
2026-09-25 10:09:13.015 | INFO     | __main__:run_forecasting:800 -   ▼ Eggs               ₦        6,178/MT  -0.52%
2026-09-25 10:09:13.015 | INFO     | __main__:run_forecasting:800 -   ─────────────────────────────────────────────
2026-09-25 10:09:13.015 | INFO     | __main__:run_forecasting:800 -   Source: Agrolinking Intelligence Platform
2026-09-25 10:09:13.015 | INFO     | __main__:run_forecasting:800 -   Next update: 26 Sep 2026
2026-09-25 10:09:13.015 | INFO     | __main__:run_forecasting:804 - 
  Note: master append handled by 06_validate.py (corrected prices).
2026-09-25 10:09:13.015 | INFO     | __main__:run_forecasting:808 - 
======================================================================
2026-09-25 10:09:13.015 | INFO     | __main__:run_forecasting:809 -   FORECAST SUMMARY — ALL COMMODITIES
2026-09-25 10:09:13.015 | INFO     | __main__:run_forecasting:810 - ======================================================================
2026-09-25 10:09:13.015 | INFO     | __main__:run_forecasting:811 -   Commodity                     Today         1 Week        1 Month       3 Months       6 Months
2026-09-25 10:09:13.015 | INFO     | __main__:run_forecasting:816 -   ----------------------------------------------------------------------------------
2026-09-25 10:09:13.015 | INFO     | __main__:run_forecasting:829 -   Hibiscus             ₦   2,233,109  ₦   2,164,057  ₦   2,002,825  ₦   2,036,695  ₦   2,019,298
2026-09-25 10:09:13.015 | INFO     | __main__:run_forecasting:829 -   Sesame               ₦   1,498,769  ₦   1,435,783  ₦   1,276,207  ₦   1,295,035  ₦   1,404,094
2026-09-25 10:09:13.015 | INFO     | __main__:run_forecasting:829 -   Ginger               ₦  11,926,520  ₦  11,940,469  ₦  11,877,244  ₦  11,618,322  ₦  11,432,917
2026-09-25 10:09:13.015 | INFO     | __main__:run_forecasting:829 -   Cocoa                ₦   4,837,626  ₦   5,063,382  ₦   5,694,208  ₦   5,183,311  ₦   4,768,774
2026-09-25 10:09:13.015 | INFO     | __main__:run_forecasting:829 -   Soybeans             ₦     808,275  ₦     737,924  ₦     605,017  ₦     567,729  ₦     554,111
2026-09-25 10:09:13.016 | INFO     | __main__:run_forecasting:829 -   Cashew Nuts          ₦   1,698,826  ₦   1,596,939  ₦   1,516,139  ₦   1,543,234  ₦   1,556,182
2026-09-25 10:09:13.016 | INFO     | __main__:run_forecasting:829 -   Sorghum              ₦     381,917  ₦     330,203  ₦     254,846  ₦     224,651  ₦     204,738
2026-09-25 10:09:13.016 | INFO     | __main__:run_forecasting:829 -   Beans (white)        ₦     574,177  ₦     493,186  ₦     395,387  ₦     399,524  ₦     406,677
2026-09-25 10:09:13.016 | INFO     | __main__:run_forecasting:829 -   Beans (red)          ₦     693,697  ₦     614,148  ₦     595,565  ₦     702,220  ₦     712,623
2026-09-25 10:09:13.016 | INFO     | __main__:run_forecasting:829 -   Maize (white)        ₦     361,640  ₦     339,175  ₦     314,959  ₦     329,303  ₦     337,551
2026-09-25 10:09:13.016 | INFO     | __main__:run_forecasting:829 -   Maize (yellow)       ₦     391,565  ₦     367,869  ₦     347,047  ₦     361,343  ₦     368,966
2026-09-25 10:09:13.016 | INFO     | __main__:run_forecasting:829 -   Wheat                ₦     706,097  ₦     668,845  ₦     617,058  ₦     623,471  ₦     634,623
2026-09-25 10:09:13.016 | INFO     | __main__:run_forecasting:829 -   Rice                 ₦   1,467,130  ₦   1,392,189  ₦   1,274,889  ₦   1,345,295  ₦   1,483,486
2026-09-25 10:09:13.016 | INFO     | __main__:run_forecasting:829 -   Meat (beef)          ₦   6,429,320  ₦   6,639,239  ₦   6,747,701  ₦   7,048,304  ₦   7,221,794
2026-09-25 10:09:13.016 | INFO     | __main__:run_forecasting:829 -   Meat (goat)          ₦   6,479,391  ₦   6,543,933  ₦   6,587,056  ₦   6,734,250  ₦   6,738,839
2026-09-25 10:09:13.016 | INFO     | __main__:run_forecasting:829 -   Fish (dried)         ₦   1,197,124  ₦   1,075,379  ₦     928,117  ₦     958,890  ₦     962,143
2026-09-25 10:09:13.016 | INFO     | __main__:run_forecasting:829 -   Eggs                 ₦       6,178  ₦       5,985  ₦       5,646  ₦       5,719  ₦       5,585
2026-09-25 10:09:13.016 | INFO     | __main__:run_forecasting:838 - ======================================================================
2026-09-25 10:09:13.016 | SUCCESS  | __main__:run_forecasting:839 - FORECASTING COMPLETE — 17/17 commodities
2026-09-25 10:09:13.016 | INFO     | __main__:run_forecasting:843 - ======================================================================
