2026-08-28 07:36:18.588 | INFO     | __main__:run_forecasting:715 - ============================================================
2026-08-28 07:36:18.588 | INFO     | __main__:run_forecasting:716 - STEP 5 — FORECASTING ENGINE
2026-08-28 07:36:18.588 | INFO     | __main__:run_forecasting:717 -   Run date  : Friday, 28 August 2026
2026-08-28 07:36:18.588 | INFO     | __main__:run_forecasting:718 -   Commodities: 17
2026-08-28 07:36:18.592 | INFO     | __main__:run_forecasting:719 -   Horizons  : ['daily', 'weekly', '2_weeks', 'monthly', '3_months', '6_months']
2026-08-28 07:36:18.592 | INFO     | __main__:run_forecasting:720 - ============================================================
2026-08-28 07:36:18.592 | INFO     | __main__:run_forecasting:723 - 
[1/17] Forecasting Hibiscus...
2026-08-28 07:37:00.478 | DEBUG    | __main__:forecast_commodity:605 -   [Hibiscus] 3/3 models generated forecasts
2026-08-28 07:37:00.609 | INFO     | __main__:run_forecasting:733 -   daily        → ₦    2,323,797/MT  ↓ -0.1%  (2026-04-14)
2026-08-28 07:37:00.635 | INFO     | __main__:run_forecasting:733 -   weekly       → ₦    2,316,582/MT  ↓ -0.4%  (2026-04-20)
2026-08-28 07:37:00.672 | INFO     | __main__:run_forecasting:733 -   2_weeks      → ₦    2,308,163/MT  ↓ -0.7%  (2026-04-27)
2026-08-28 07:37:00.706 | INFO     | __main__:run_forecasting:733 -   monthly      → ₦    2,288,921/MT  ↓ -1.6%  (2026-05-13)
2026-08-28 07:37:00.756 | INFO     | __main__:run_forecasting:733 -   3_months     → ₦    2,216,763/MT  ↓ -4.7%  (2026-07-12)
2026-08-28 07:37:00.789 | INFO     | __main__:run_forecasting:733 -   6_months     → ₦    2,186,899/MT  ↓ -5.9%  (2026-10-10)
2026-08-28 07:37:00.839 | INFO     | __main__:run_forecasting:739 -   ✅ Hibiscus
2026-08-28 07:37:00.880 | INFO     | __main__:run_forecasting:723 - 
[2/17] Forecasting Sesame...
2026-08-28 07:37:04.375 | DEBUG    | __main__:forecast_commodity:605 -   [Sesame] 3/3 models generated forecasts
2026-08-28 07:37:04.417 | INFO     | __main__:run_forecasting:733 -   daily        → ₦    1,245,306/MT  ↑ +0.0%  (2026-04-14)
2026-08-28 07:37:04.419 | INFO     | __main__:run_forecasting:733 -   weekly       → ₦    1,247,144/MT  ↑ +0.2%  (2026-04-20)
2026-08-28 07:37:04.419 | INFO     | __main__:run_forecasting:733 -   2_weeks      → ₦    1,249,289/MT  ↑ +0.3%  (2026-04-27)
2026-08-28 07:37:04.419 | INFO     | __main__:run_forecasting:733 -   monthly      → ₦    1,254,190/MT  ↑ +0.7%  (2026-05-13)
2026-08-28 07:37:04.421 | INFO     | __main__:run_forecasting:733 -   3_months     → ₦    1,272,570/MT  ↑ +2.2%  (2026-07-12)
2026-08-28 07:37:04.421 | INFO     | __main__:run_forecasting:733 -   6_months     → ₦    1,271,586/MT  ↑ +2.1%  (2026-10-10)
2026-08-28 07:37:04.421 | INFO     | __main__:run_forecasting:739 -   ✅ Sesame
2026-08-28 07:37:04.421 | INFO     | __main__:run_forecasting:723 - 
[3/17] Forecasting Ginger...
2026-08-28 07:37:06.185 | DEBUG    | __main__:forecast_commodity:605 -   [Ginger] 3/3 models generated forecasts
2026-08-28 07:37:06.221 | INFO     | __main__:run_forecasting:733 -   daily        → ₦    9,695,764/MT  ↓ -0.0%  (2026-04-14)
2026-08-28 07:37:06.221 | INFO     | __main__:run_forecasting:733 -   weekly       → ₦    9,670,351/MT  ↓ -0.3%  (2026-04-20)
2026-08-28 07:37:06.221 | INFO     | __main__:run_forecasting:733 -   2_weeks      → ₦    9,640,703/MT  ↓ -0.6%  (2026-04-27)
2026-08-28 07:37:06.223 | INFO     | __main__:run_forecasting:733 -   monthly      → ₦    9,572,934/MT  ↓ -1.3%  (2026-05-13)
2026-08-28 07:37:06.223 | INFO     | __main__:run_forecasting:733 -   3_months     → ₦    9,318,803/MT  ↓ -3.9%  (2026-07-12)
2026-08-28 07:37:06.223 | INFO     | __main__:run_forecasting:733 -   6_months     → ₦    9,029,109/MT  ↓ -6.9%  (2026-10-10)
2026-08-28 07:37:06.225 | INFO     | __main__:run_forecasting:739 -   ✅ Ginger
2026-08-28 07:37:06.225 | INFO     | __main__:run_forecasting:723 - 
[4/17] Forecasting Cocoa...
2026-08-28 07:37:08.267 | DEBUG    | __main__:forecast_commodity:605 -   [Cocoa] 3/3 models generated forecasts
2026-08-28 07:37:08.306 | INFO     | __main__:run_forecasting:733 -   daily        → ₦    5,655,213/MT  ↑ +0.1%  (2026-04-14)
2026-08-28 07:37:08.308 | INFO     | __main__:run_forecasting:733 -   weekly       → ₦    5,686,494/MT  ↑ +0.7%  (2026-04-20)
2026-08-28 07:37:08.308 | INFO     | __main__:run_forecasting:733 -   2_weeks      → ₦    5,722,987/MT  ↑ +1.3%  (2026-04-27)
2026-08-28 07:37:08.308 | INFO     | __main__:run_forecasting:733 -   monthly      → ₦    5,806,401/MT  ↑ +2.8%  (2026-05-13)
2026-08-28 07:37:08.308 | INFO     | __main__:run_forecasting:733 -   3_months     → ₦    6,119,203/MT  ↑ +8.3%  (2026-07-12)
2026-08-28 07:37:08.310 | INFO     | __main__:run_forecasting:733 -   6_months     → ₦    6,992,056/MT  ↑ +23.8%  (2026-10-10)
2026-08-28 07:37:08.310 | INFO     | __main__:run_forecasting:739 -   ✅ Cocoa
2026-08-28 07:37:08.310 | INFO     | __main__:run_forecasting:723 - 
[5/17] Forecasting Soybeans...
2026-08-28 07:37:10.339 | DEBUG    | __main__:forecast_commodity:605 -   [Soybeans] 3/3 models generated forecasts
2026-08-28 07:37:10.375 | INFO     | __main__:run_forecasting:733 -   daily        → ₦      745,117/MT  ↑ +0.0%  (2026-04-14)
2026-08-28 07:37:10.375 | INFO     | __main__:run_forecasting:733 -   weekly       → ₦      745,816/MT  ↑ +0.1%  (2026-04-20)
2026-08-28 07:37:10.375 | INFO     | __main__:run_forecasting:733 -   2_weeks      → ₦      746,633/MT  ↑ +0.2%  (2026-04-27)
2026-08-28 07:37:10.377 | INFO     | __main__:run_forecasting:733 -   monthly      → ₦      748,499/MT  ↑ +0.5%  (2026-05-13)
2026-08-28 07:37:10.377 | INFO     | __main__:run_forecasting:733 -   3_months     → ₦      755,496/MT  ↑ +1.4%  (2026-07-12)
2026-08-28 07:37:10.377 | INFO     | __main__:run_forecasting:733 -   6_months     → ₦      669,067/MT  ↓ -10.2%  (2026-10-10)
2026-08-28 07:37:10.377 | INFO     | __main__:run_forecasting:739 -   ✅ Soybeans
2026-08-28 07:37:10.377 | INFO     | __main__:run_forecasting:723 - 
[6/17] Forecasting Cashew Nuts...
2026-08-28 07:37:12.439 | DEBUG    | __main__:forecast_commodity:605 -   [Cashew Nuts] 3/3 models generated forecasts
2026-08-28 07:37:12.490 | INFO     | __main__:run_forecasting:733 -   daily        → ₦    1,946,605/MT  ↓ -0.2%  (2026-04-14)
2026-08-28 07:37:12.492 | INFO     | __main__:run_forecasting:733 -   weekly       → ₦    1,926,235/MT  ↓ -1.2%  (2026-04-20)
2026-08-28 07:37:12.495 | INFO     | __main__:run_forecasting:733 -   2_weeks      → ₦    1,902,471/MT  ↓ -2.4%  (2026-04-27)
2026-08-28 07:37:12.498 | INFO     | __main__:run_forecasting:733 -   monthly      → ₦    1,848,152/MT  ↓ -5.2%  (2026-05-13)
2026-08-28 07:37:12.504 | INFO     | __main__:run_forecasting:733 -   3_months     → ₦    1,644,455/MT  ↓ -15.7%  (2026-07-12)
2026-08-28 07:37:12.506 | INFO     | __main__:run_forecasting:733 -   6_months     → ₦    1,753,940/MT  ↓ -10.1%  (2026-10-10)
2026-08-28 07:37:12.512 | INFO     | __main__:run_forecasting:739 -   ✅ Cashew Nuts
2026-08-28 07:37:12.517 | INFO     | __main__:run_forecasting:723 - 
[7/17] Forecasting Sorghum...
2026-08-28 07:37:14.386 | DEBUG    | __main__:forecast_commodity:605 -   [Sorghum] 3/3 models generated forecasts
2026-08-28 07:37:14.413 | INFO     | __main__:run_forecasting:733 -   daily        → ₦      334,173/MT  ↓ -0.2%  (2026-04-14)
2026-08-28 07:37:14.413 | INFO     | __main__:run_forecasting:733 -   weekly       → ₦      329,208/MT  ↓ -1.7%  (2026-04-20)
2026-08-28 07:37:14.413 | INFO     | __main__:run_forecasting:733 -   2_weeks      → ₦      323,415/MT  ↓ -3.5%  (2026-04-27)
2026-08-28 07:37:14.413 | INFO     | __main__:run_forecasting:733 -   monthly      → ₦      310,176/MT  ↓ -7.4%  (2026-05-13)
2026-08-28 07:37:14.413 | INFO     | __main__:run_forecasting:733 -   3_months     → ₦      260,527/MT  ↓ -22.2%  (2026-07-12)
2026-08-28 07:37:14.415 | INFO     | __main__:run_forecasting:733 -   6_months     → ₦      203,925/MT  ↓ -39.1%  (2026-10-10)
2026-08-28 07:37:14.415 | INFO     | __main__:run_forecasting:739 -   ✅ Sorghum
2026-08-28 07:37:14.415 | INFO     | __main__:run_forecasting:723 - 
[8/17] Forecasting Beans (white)...
2026-08-28 07:37:16.349 | DEBUG    | __main__:forecast_commodity:605 -   [Beans (white)] 3/3 models generated forecasts
2026-08-28 07:37:16.386 | INFO     | __main__:run_forecasting:733 -   daily        → ₦      812,303/MT  ↓ -0.1%  (2026-03-17)
2026-08-28 07:37:16.389 | INFO     | __main__:run_forecasting:733 -   weekly       → ₦      806,114/MT  ↓ -0.9%  (2026-03-23)
2026-08-28 07:37:16.391 | INFO     | __main__:run_forecasting:733 -   2_weeks      → ₦      798,895/MT  ↓ -1.8%  (2026-03-30)
2026-08-28 07:37:16.391 | INFO     | __main__:run_forecasting:733 -   monthly      → ₦      782,393/MT  ↓ -3.8%  (2026-04-15)
2026-08-28 07:37:16.391 | INFO     | __main__:run_forecasting:733 -   3_months     → ₦      720,510/MT  ↓ -11.4%  (2026-06-14)
2026-08-28 07:37:16.393 | INFO     | __main__:run_forecasting:733 -   6_months     → ₦      624,309/MT  ↓ -23.2%  (2026-09-12)
2026-08-28 07:37:16.393 | INFO     | __main__:run_forecasting:739 -   ✅ Beans (white)
2026-08-28 07:37:16.393 | INFO     | __main__:run_forecasting:723 - 
[9/17] Forecasting Beans (red)...
2026-08-28 07:37:18.182 | DEBUG    | __main__:forecast_commodity:605 -   [Beans (red)] 3/3 models generated forecasts
2026-08-28 07:37:18.217 | INFO     | __main__:run_forecasting:733 -   daily        → ₦      913,943/MT  ↓ -0.1%  (2026-03-17)
2026-08-28 07:37:18.219 | INFO     | __main__:run_forecasting:733 -   weekly       → ₦      907,601/MT  ↓ -0.8%  (2026-03-23)
2026-08-28 07:37:18.220 | INFO     | __main__:run_forecasting:733 -   2_weeks      → ₦      900,201/MT  ↓ -1.6%  (2026-03-30)
2026-08-28 07:37:18.220 | INFO     | __main__:run_forecasting:733 -   monthly      → ₦      883,288/MT  ↓ -3.5%  (2026-04-15)
2026-08-28 07:37:18.220 | INFO     | __main__:run_forecasting:733 -   3_months     → ₦      819,864/MT  ↓ -10.4%  (2026-06-14)
2026-08-28 07:37:18.220 | INFO     | __main__:run_forecasting:733 -   6_months     → ₦      746,157/MT  ↓ -18.4%  (2026-09-12)
2026-08-28 07:37:18.220 | INFO     | __main__:run_forecasting:739 -   ✅ Beans (red)
2026-08-28 07:37:18.220 | INFO     | __main__:run_forecasting:723 - 
[10/17] Forecasting Maize (white)...
2026-08-28 07:37:20.337 | DEBUG    | __main__:forecast_commodity:605 -   [Maize (white)] 3/3 models generated forecasts
2026-08-28 07:37:20.365 | INFO     | __main__:run_forecasting:733 -   daily        → ₦      632,901/MT  ↓ -1.3%  (2026-07-28)
2026-08-28 07:37:20.365 | INFO     | __main__:run_forecasting:733 -   weekly       → ₦      583,461/MT  ↓ -9.0%  (2026-08-03)
2026-08-28 07:37:20.367 | INFO     | __main__:run_forecasting:733 -   2_weeks      → ₦      525,781/MT  ↓ -18.0%  (2026-08-10)
2026-08-28 07:37:20.367 | INFO     | __main__:run_forecasting:733 -   monthly      → ₦      393,941/MT  ↓ -38.6%  (2026-08-26)
2026-08-28 07:37:20.367 | INFO     | __main__:run_forecasting:733 -   3_months     → ₦      346,556/MT  ↓ -46.0%  (2026-10-25)
2026-08-28 07:37:20.367 | INFO     | __main__:run_forecasting:733 -   6_months     → ₦      359,317/MT  ↓ -44.0%  (2027-01-23)
2026-08-28 07:37:20.367 | INFO     | __main__:run_forecasting:739 -   ✅ Maize (white)
2026-08-28 07:37:20.367 | INFO     | __main__:run_forecasting:723 - 
[11/17] Forecasting Maize (yellow)...
2026-08-28 07:37:21.955 | DEBUG    | __main__:forecast_commodity:605 -   [Maize (yellow)] 3/3 models generated forecasts
2026-08-28 07:37:22.024 | INFO     | __main__:run_forecasting:733 -   daily        → ₦      682,223/MT  ↓ -1.3%  (2026-07-28)
2026-08-28 07:37:22.030 | INFO     | __main__:run_forecasting:733 -   weekly       → ₦      629,718/MT  ↓ -8.9%  (2026-08-03)
2026-08-28 07:37:22.033 | INFO     | __main__:run_forecasting:733 -   2_weeks      → ₦      568,462/MT  ↓ -17.7%  (2026-08-10)
2026-08-28 07:37:22.037 | INFO     | __main__:run_forecasting:733 -   monthly      → ₦      428,448/MT  ↓ -38.0%  (2026-08-26)
2026-08-28 07:37:22.047 | INFO     | __main__:run_forecasting:733 -   3_months     → ₦      379,359/MT  ↓ -45.1%  (2026-10-25)
2026-08-28 07:37:22.058 | INFO     | __main__:run_forecasting:733 -   6_months     → ₦      395,326/MT  ↓ -42.8%  (2027-01-23)
2026-08-28 07:37:22.066 | INFO     | __main__:run_forecasting:739 -   ✅ Maize (yellow)
2026-08-28 07:37:22.077 | INFO     | __main__:run_forecasting:723 - 
[12/17] Forecasting Wheat...
2026-08-28 07:37:23.648 | DEBUG    | __main__:forecast_commodity:605 -   [Wheat] 3/3 models generated forecasts
2026-08-28 07:37:23.679 | INFO     | __main__:run_forecasting:733 -   daily        → ₦      706,556/MT  ↓ -0.0%  (2026-04-14)
2026-08-28 07:37:23.681 | INFO     | __main__:run_forecasting:733 -   weekly       → ₦      704,891/MT  ↓ -0.3%  (2026-04-20)
2026-08-28 07:37:23.681 | INFO     | __main__:run_forecasting:733 -   2_weeks      → ₦      702,948/MT  ↓ -0.6%  (2026-04-27)
2026-08-28 07:37:23.681 | INFO     | __main__:run_forecasting:733 -   monthly      → ₦      698,507/MT  ↓ -1.2%  (2026-05-13)
2026-08-28 07:37:23.681 | INFO     | __main__:run_forecasting:733 -   3_months     → ₦      681,856/MT  ↓ -3.5%  (2026-07-12)
2026-08-28 07:37:23.681 | INFO     | __main__:run_forecasting:733 -   6_months     → ₦      664,661/MT  ↓ -6.0%  (2026-10-10)
2026-08-28 07:37:23.683 | INFO     | __main__:run_forecasting:739 -   ✅ Wheat
2026-08-28 07:37:23.683 | INFO     | __main__:run_forecasting:723 - 
[13/17] Forecasting Rice...
2026-08-28 07:37:25.290 | DEBUG    | __main__:forecast_commodity:605 -   [Rice] 3/3 models generated forecasts
2026-08-28 07:37:25.329 | INFO     | __main__:run_forecasting:733 -   daily        → ₦      760,158/MT  ↑ +0.1%  (2023-01-10)
2026-08-28 07:37:25.329 | INFO     | __main__:run_forecasting:733 -   weekly       → ₦      764,303/MT  ↑ +0.6%  (2023-01-16)
2026-08-28 07:37:25.329 | INFO     | __main__:run_forecasting:733 -   2_weeks      → ₦      769,138/MT  ↑ +1.3%  (2023-01-23)
2026-08-28 07:37:25.329 | INFO     | __main__:run_forecasting:733 -   monthly      → ₦      780,192/MT  ↑ +2.7%  (2023-02-08)
2026-08-28 07:37:25.331 | INFO     | __main__:run_forecasting:733 -   3_months     → ₦      821,642/MT  ↑ +8.2%  (2023-04-09)
2026-08-28 07:37:25.331 | INFO     | __main__:run_forecasting:733 -   6_months     → ₦      883,818/MT  ↑ +16.4%  (2023-07-08)
2026-08-28 07:37:25.331 | INFO     | __main__:run_forecasting:739 -   ✅ Rice
2026-08-28 07:37:25.331 | INFO     | __main__:run_forecasting:723 - 
[14/17] Forecasting Meat (beef)...
2026-08-28 07:37:26.745 | DEBUG    | __main__:forecast_commodity:605 -   [Meat (beef)] 3/3 models generated forecasts
2026-08-28 07:37:26.775 | INFO     | __main__:run_forecasting:733 -   daily        → ₦    5,637,670/MT  → +0.0%  (2026-03-10)
2026-08-28 07:37:26.775 | INFO     | __main__:run_forecasting:733 -   weekly       → ₦    5,637,727/MT  → +0.0%  (2026-03-16)
2026-08-28 07:37:26.775 | INFO     | __main__:run_forecasting:733 -   2_weeks      → ₦    5,637,795/MT  → +0.0%  (2026-03-23)
2026-08-28 07:37:26.777 | INFO     | __main__:run_forecasting:733 -   monthly      → ₦    5,637,949/MT  ↑ +0.0%  (2026-04-08)
2026-08-28 07:37:26.777 | INFO     | __main__:run_forecasting:733 -   3_months     → ₦    5,638,528/MT  ↑ +0.0%  (2026-06-07)
2026-08-28 07:37:26.777 | INFO     | __main__:run_forecasting:733 -   6_months     → ₦    5,674,772/MT  ↑ +0.7%  (2026-09-05)
2026-08-28 07:37:26.777 | INFO     | __main__:run_forecasting:739 -   ✅ Meat (beef)
2026-08-28 07:37:26.777 | INFO     | __main__:run_forecasting:723 - 
[15/17] Forecasting Meat (goat)...
2026-08-28 07:37:28.582 | DEBUG    | __main__:forecast_commodity:605 -   [Meat (goat)] 3/3 models generated forecasts
2026-08-28 07:37:28.614 | INFO     | __main__:run_forecasting:733 -   daily        → ₦    5,796,322/MT  ↓ -0.0%  (2026-03-10)
2026-08-28 07:37:28.615 | INFO     | __main__:run_forecasting:733 -   weekly       → ₦    5,784,254/MT  ↓ -0.2%  (2026-03-16)
2026-08-28 07:37:28.615 | INFO     | __main__:run_forecasting:733 -   2_weeks      → ₦    5,770,176/MT  ↓ -0.5%  (2026-03-23)
2026-08-28 07:37:28.615 | INFO     | __main__:run_forecasting:733 -   monthly      → ₦    5,737,995/MT  ↓ -1.0%  (2026-04-08)
2026-08-28 07:37:28.615 | INFO     | __main__:run_forecasting:733 -   3_months     → ₦    5,617,320/MT  ↓ -3.1%  (2026-06-07)
2026-08-28 07:37:28.615 | INFO     | __main__:run_forecasting:733 -   6_months     → ₦    5,414,816/MT  ↓ -6.6%  (2026-09-05)
2026-08-28 07:37:28.618 | INFO     | __main__:run_forecasting:739 -   ✅ Meat (goat)
2026-08-28 07:37:28.618 | INFO     | __main__:run_forecasting:723 - 
[16/17] Forecasting Fish (dried)...
2026-08-28 07:37:30.427 | DEBUG    | __main__:forecast_commodity:605 -   [Fish (dried)] 3/3 models generated forecasts
2026-08-28 07:37:30.455 | INFO     | __main__:run_forecasting:733 -   daily        → ₦    1,508,611/MT  ↑ +0.0%  (2026-03-10)
2026-08-28 07:37:30.457 | INFO     | __main__:run_forecasting:733 -   weekly       → ₦    1,509,086/MT  ↑ +0.0%  (2026-03-16)
2026-08-28 07:37:30.457 | INFO     | __main__:run_forecasting:733 -   2_weeks      → ₦    1,509,641/MT  ↑ +0.1%  (2026-03-23)
2026-08-28 07:37:30.457 | INFO     | __main__:run_forecasting:733 -   monthly      → ₦    1,510,909/MT  ↑ +0.2%  (2026-04-08)
2026-08-28 07:37:30.457 | INFO     | __main__:run_forecasting:733 -   3_months     → ₦    1,515,664/MT  ↑ +0.5%  (2026-06-07)
2026-08-28 07:37:30.457 | INFO     | __main__:run_forecasting:733 -   6_months     → ₦    1,406,057/MT  ↓ -6.8%  (2026-09-05)
2026-08-28 07:37:30.457 | INFO     | __main__:run_forecasting:739 -   ✅ Fish (dried)
2026-08-28 07:37:30.459 | INFO     | __main__:run_forecasting:723 - 
[17/17] Forecasting Eggs...
2026-08-28 07:37:32.404 | DEBUG    | __main__:forecast_commodity:605 -   [Eggs] 3/3 models generated forecasts
2026-08-28 07:37:32.434 | INFO     | __main__:run_forecasting:733 -   daily        → ₦        6,516/MT  ↓ -0.1%  (2026-03-10)
2026-08-28 07:37:32.436 | INFO     | __main__:run_forecasting:733 -   weekly       → ₦        6,496/MT  ↓ -0.4%  (2026-03-16)
2026-08-28 07:37:32.436 | INFO     | __main__:run_forecasting:733 -   2_weeks      → ₦        6,472/MT  ↓ -0.7%  (2026-03-23)
2026-08-28 07:37:32.436 | INFO     | __main__:run_forecasting:733 -   monthly      → ₦        6,416/MT  ↓ -1.6%  (2026-04-08)
2026-08-28 07:37:32.436 | INFO     | __main__:run_forecasting:733 -   3_months     → ₦        6,209/MT  ↓ -4.8%  (2026-06-07)
2026-08-28 07:37:32.437 | INFO     | __main__:run_forecasting:733 -   6_months     → ₦        5,932/MT  ↓ -9.0%  (2026-09-05)
2026-08-28 07:37:32.437 | INFO     | __main__:run_forecasting:739 -   ✅ Eggs
2026-08-28 07:37:32.980 | INFO     | __main__:run_forecasting:748 - 
  Forecast JSON saved → C:\Users\USER\Downloads\agrolinking-intel-structure\agrolinking-intel\outputs\forecasts\forecast_2026-08-28.json
2026-08-28 07:37:32.991 | INFO     | __main__:run_forecasting:756 -   Daily alert saved → C:\Users\USER\Downloads\agrolinking-intel-structure\agrolinking-intel\outputs\daily_alerts\alert_2026-08-28.txt
2026-08-28 07:37:32.996 | INFO     | __main__:run_forecasting:759 - 
============================================================
2026-08-28 07:37:32.996 | INFO     | __main__:run_forecasting:760 -   DAILY PRICE ALERT
2026-08-28 07:37:32.996 | INFO     | __main__:run_forecasting:761 - ============================================================
2026-08-28 07:37:32.996 | INFO     | __main__:run_forecasting:763 -   📊 AGROLINKING COMMODITY INTELLIGENCE ALERT
2026-08-28 07:37:32.996 | INFO     | __main__:run_forecasting:763 -   📅 Friday, 28 August 2026
2026-08-28 07:37:33.000 | INFO     | __main__:run_forecasting:763 -   ─────────────────────────────────────────────
2026-08-28 07:37:33.000 | INFO     | __main__:run_forecasting:763 -   → Hibiscus           ₦    2,323,797/MT  -0.05%
2026-08-28 07:37:33.000 | INFO     | __main__:run_forecasting:763 -   → Sesame             ₦    1,245,306/MT  +0.02%
2026-08-28 07:37:33.000 | INFO     | __main__:run_forecasting:763 -   → Ginger             ₦    9,695,764/MT  -0.04%
2026-08-28 07:37:33.000 | INFO     | __main__:run_forecasting:763 -   → Cocoa              ₦    5,655,213/MT  +0.09%
2026-08-28 07:37:33.000 | INFO     | __main__:run_forecasting:763 -   → Soybeans           ₦      745,117/MT  +0.02%
2026-08-28 07:37:33.004 | INFO     | __main__:run_forecasting:763 -   → Cashew Nuts        ₦    1,946,605/MT  -0.17%
2026-08-28 07:37:33.004 | INFO     | __main__:run_forecasting:763 -   → Sorghum            ₦      334,173/MT  -0.25%
2026-08-28 07:37:33.004 | INFO     | __main__:run_forecasting:763 -   → Beans (white)      ₦      812,303/MT  -0.13%
2026-08-28 07:37:33.004 | INFO     | __main__:run_forecasting:763 -   → Beans (red)        ₦      913,943/MT  -0.12%
2026-08-28 07:37:33.004 | INFO     | __main__:run_forecasting:763 -   ▼ Maize (white)      ₦      632,901/MT  -1.29%
2026-08-28 07:37:33.008 | INFO     | __main__:run_forecasting:763 -   ▼ Maize (yellow)     ₦      682,223/MT  -1.27%
2026-08-28 07:37:33.008 | INFO     | __main__:run_forecasting:763 -   → Wheat              ₦      706,556/MT  -0.04%
2026-08-28 07:37:33.008 | INFO     | __main__:run_forecasting:763 -   → Rice               ₦      760,158/MT  +0.09%
2026-08-28 07:37:33.008 | INFO     | __main__:run_forecasting:763 -   → Meat (beef)        ₦    5,637,670/MT  +0.00%
2026-08-28 07:37:33.008 | INFO     | __main__:run_forecasting:763 -   → Meat (goat)        ₦    5,796,322/MT  -0.03%
2026-08-28 07:37:33.011 | INFO     | __main__:run_forecasting:763 -   → Fish (dried)       ₦    1,508,611/MT  +0.01%
2026-08-28 07:37:33.011 | INFO     | __main__:run_forecasting:763 -   → Eggs               ₦        6,516/MT  -0.05%
2026-08-28 07:37:33.011 | INFO     | __main__:run_forecasting:763 -   ─────────────────────────────────────────────
2026-08-28 07:37:33.011 | INFO     | __main__:run_forecasting:763 -   Source: Agrolinking Intelligence Platform
2026-08-28 07:37:33.013 | INFO     | __main__:run_forecasting:763 -   Next update: 29 Aug 2026
2026-08-28 07:37:33.013 | INFO     | __main__:run_forecasting:767 - 
  Note: master append handled by 06_validate.py (corrected prices).
2026-08-28 07:37:33.013 | INFO     | __main__:run_forecasting:771 - 
======================================================================
2026-08-28 07:37:33.013 | INFO     | __main__:run_forecasting:772 -   FORECAST SUMMARY — ALL COMMODITIES
2026-08-28 07:37:33.016 | INFO     | __main__:run_forecasting:773 - ======================================================================
2026-08-28 07:37:33.016 | INFO     | __main__:run_forecasting:774 -   Commodity                     Today         1 Week        1 Month       3 Months       6 Months
2026-08-28 07:37:33.017 | INFO     | __main__:run_forecasting:779 -   ----------------------------------------------------------------------------------
2026-08-28 07:37:33.017 | INFO     | __main__:run_forecasting:792 -   Hibiscus             ₦   2,323,797  ₦   2,316,582  ₦   2,288,921  ₦   2,216,763  ₦   2,186,899
2026-08-28 07:37:33.019 | INFO     | __main__:run_forecasting:792 -   Sesame               ₦   1,245,306  ₦   1,247,144  ₦   1,254,190  ₦   1,272,570  ₦   1,271,586
2026-08-28 07:37:33.019 | INFO     | __main__:run_forecasting:792 -   Ginger               ₦   9,695,764  ₦   9,670,351  ₦   9,572,934  ₦   9,318,803  ₦   9,029,109
2026-08-28 07:37:33.019 | INFO     | __main__:run_forecasting:792 -   Cocoa                ₦   5,655,213  ₦   5,686,494  ₦   5,806,401  ₦   6,119,203  ₦   6,992,056
2026-08-28 07:37:33.019 | INFO     | __main__:run_forecasting:792 -   Soybeans             ₦     745,117  ₦     745,816  ₦     748,499  ₦     755,496  ₦     669,067
2026-08-28 07:37:33.019 | INFO     | __main__:run_forecasting:792 -   Cashew Nuts          ₦   1,946,605  ₦   1,926,235  ₦   1,848,152  ₦   1,644,455  ₦   1,753,940
2026-08-28 07:37:33.023 | INFO     | __main__:run_forecasting:792 -   Sorghum              ₦     334,173  ₦     329,208  ₦     310,176  ₦     260,527  ₦     203,925
2026-08-28 07:37:33.023 | INFO     | __main__:run_forecasting:792 -   Beans (white)        ₦     812,303  ₦     806,114  ₦     782,393  ₦     720,510  ₦     624,309
2026-08-28 07:37:33.023 | INFO     | __main__:run_forecasting:792 -   Beans (red)          ₦     913,943  ₦     907,601  ₦     883,288  ₦     819,864  ₦     746,157
2026-08-28 07:37:33.023 | INFO     | __main__:run_forecasting:792 -   Maize (white)        ₦     632,901  ₦     583,461  ₦     393,941  ₦     346,556  ₦     359,317
2026-08-28 07:37:33.023 | INFO     | __main__:run_forecasting:792 -   Maize (yellow)       ₦     682,223  ₦     629,718  ₦     428,448  ₦     379,359  ₦     395,326
2026-08-28 07:37:33.023 | INFO     | __main__:run_forecasting:792 -   Wheat                ₦     706,556  ₦     704,891  ₦     698,507  ₦     681,856  ₦     664,661
2026-08-28 07:37:33.023 | INFO     | __main__:run_forecasting:792 -   Rice                 ₦     760,158  ₦     764,303  ₦     780,192  ₦     821,642  ₦     883,818
2026-08-28 07:37:33.023 | INFO     | __main__:run_forecasting:792 -   Meat (beef)          ₦   5,637,670  ₦   5,637,727  ₦   5,637,949  ₦   5,638,528  ₦   5,674,772
2026-08-28 07:37:33.028 | INFO     | __main__:run_forecasting:792 -   Meat (goat)          ₦   5,796,322  ₦   5,784,254  ₦   5,737,995  ₦   5,617,320  ₦   5,414,816
2026-08-28 07:37:33.028 | INFO     | __main__:run_forecasting:792 -   Fish (dried)         ₦   1,508,611  ₦   1,509,086  ₦   1,510,909  ₦   1,515,664  ₦   1,406,057
2026-08-28 07:37:33.028 | INFO     | __main__:run_forecasting:792 -   Eggs                 ₦       6,516  ₦       6,496  ₦       6,416  ₦       6,209  ₦       5,932
2026-08-28 07:37:33.028 | INFO     | __main__:run_forecasting:801 - ======================================================================
2026-08-28 07:37:33.032 | SUCCESS  | __main__:run_forecasting:802 - FORECASTING COMPLETE — 17/17 commodities
2026-08-28 07:37:33.032 | INFO     | __main__:run_forecasting:806 - ======================================================================
2026-08-28 08:07:33.490 | INFO     | __main__:run_forecasting:715 - ============================================================
2026-08-28 08:07:33.498 | INFO     | __main__:run_forecasting:716 - STEP 5 — FORECASTING ENGINE
2026-08-28 08:07:33.498 | INFO     | __main__:run_forecasting:717 -   Run date  : Friday, 28 August 2026
2026-08-28 08:07:33.498 | INFO     | __main__:run_forecasting:718 -   Commodities: 17
2026-08-28 08:07:33.498 | INFO     | __main__:run_forecasting:719 -   Horizons  : ['daily', 'weekly', '2_weeks', 'monthly', '3_months', '6_months']
2026-08-28 08:07:33.498 | INFO     | __main__:run_forecasting:720 - ============================================================
2026-08-28 08:07:33.498 | INFO     | __main__:run_forecasting:723 - 
[1/17] Forecasting Hibiscus...
2026-08-28 08:07:52.971 | DEBUG    | __main__:forecast_commodity:605 -   [Hibiscus] 3/3 models generated forecasts
2026-08-28 08:07:53.018 | INFO     | __main__:run_forecasting:733 -   daily        → ₦    2,323,797/MT  ↓ -0.1%  (2026-04-14)
2026-08-28 08:07:53.020 | INFO     | __main__:run_forecasting:733 -   weekly       → ₦    2,316,582/MT  ↓ -0.4%  (2026-04-20)
2026-08-28 08:07:53.020 | INFO     | __main__:run_forecasting:733 -   2_weeks      → ₦    2,308,163/MT  ↓ -0.7%  (2026-04-27)
2026-08-28 08:07:53.022 | INFO     | __main__:run_forecasting:733 -   monthly      → ₦    2,288,921/MT  ↓ -1.6%  (2026-05-13)
2026-08-28 08:07:53.022 | INFO     | __main__:run_forecasting:733 -   3_months     → ₦    2,216,763/MT  ↓ -4.7%  (2026-07-12)
2026-08-28 08:07:53.026 | INFO     | __main__:run_forecasting:733 -   6_months     → ₦    2,186,899/MT  ↓ -5.9%  (2026-10-10)
2026-08-28 08:07:53.027 | INFO     | __main__:run_forecasting:739 -   ✅ Hibiscus
2026-08-28 08:07:53.029 | INFO     | __main__:run_forecasting:723 - 
[2/17] Forecasting Sesame...
2026-08-28 08:07:55.381 | DEBUG    | __main__:forecast_commodity:605 -   [Sesame] 3/3 models generated forecasts
2026-08-28 08:07:55.422 | INFO     | __main__:run_forecasting:733 -   daily        → ₦    1,245,306/MT  ↑ +0.0%  (2026-04-14)
2026-08-28 08:07:55.422 | INFO     | __main__:run_forecasting:733 -   weekly       → ₦    1,247,139/MT  ↑ +0.2%  (2026-04-20)
2026-08-28 08:07:55.422 | INFO     | __main__:run_forecasting:733 -   2_weeks      → ₦    1,249,278/MT  ↑ +0.3%  (2026-04-27)
2026-08-28 08:07:55.424 | INFO     | __main__:run_forecasting:733 -   monthly      → ₦    1,254,166/MT  ↑ +0.7%  (2026-05-13)
2026-08-28 08:07:55.424 | INFO     | __main__:run_forecasting:733 -   3_months     → ₦    1,272,498/MT  ↑ +2.2%  (2026-07-12)
2026-08-28 08:07:55.424 | INFO     | __main__:run_forecasting:733 -   6_months     → ₦    1,271,450/MT  ↑ +2.1%  (2026-10-10)
2026-08-28 08:07:55.424 | INFO     | __main__:run_forecasting:739 -   ✅ Sesame
2026-08-28 08:07:55.426 | INFO     | __main__:run_forecasting:723 - 
[3/17] Forecasting Ginger...
2026-08-28 08:07:57.202 | DEBUG    | __main__:forecast_commodity:605 -   [Ginger] 3/3 models generated forecasts
2026-08-28 08:07:57.247 | INFO     | __main__:run_forecasting:733 -   daily        → ₦    9,695,764/MT  ↓ -0.0%  (2026-04-14)
2026-08-28 08:07:57.247 | INFO     | __main__:run_forecasting:733 -   weekly       → ₦    9,670,351/MT  ↓ -0.3%  (2026-04-20)
2026-08-28 08:07:57.248 | INFO     | __main__:run_forecasting:733 -   2_weeks      → ₦    9,640,703/MT  ↓ -0.6%  (2026-04-27)
2026-08-28 08:07:57.248 | INFO     | __main__:run_forecasting:733 -   monthly      → ₦    9,572,934/MT  ↓ -1.3%  (2026-05-13)
2026-08-28 08:07:57.249 | INFO     | __main__:run_forecasting:733 -   3_months     → ₦    9,318,803/MT  ↓ -3.9%  (2026-07-12)
2026-08-28 08:07:57.249 | INFO     | __main__:run_forecasting:733 -   6_months     → ₦    9,029,109/MT  ↓ -6.9%  (2026-10-10)
2026-08-28 08:07:57.249 | INFO     | __main__:run_forecasting:739 -   ✅ Ginger
2026-08-28 08:07:57.251 | INFO     | __main__:run_forecasting:723 - 
[4/17] Forecasting Cocoa...
2026-08-28 08:07:59.339 | DEBUG    | __main__:forecast_commodity:605 -   [Cocoa] 3/3 models generated forecasts
2026-08-28 08:07:59.382 | INFO     | __main__:run_forecasting:733 -   daily        → ₦    5,655,213/MT  ↑ +0.1%  (2026-04-14)
2026-08-28 08:07:59.382 | INFO     | __main__:run_forecasting:733 -   weekly       → ₦    5,686,494/MT  ↑ +0.7%  (2026-04-20)
2026-08-28 08:07:59.384 | INFO     | __main__:run_forecasting:733 -   2_weeks      → ₦    5,722,987/MT  ↑ +1.3%  (2026-04-27)
2026-08-28 08:07:59.384 | INFO     | __main__:run_forecasting:733 -   monthly      → ₦    5,806,401/MT  ↑ +2.8%  (2026-05-13)
2026-08-28 08:07:59.384 | INFO     | __main__:run_forecasting:733 -   3_months     → ₦    6,119,203/MT  ↑ +8.3%  (2026-07-12)
2026-08-28 08:07:59.387 | INFO     | __main__:run_forecasting:733 -   6_months     → ₦    6,992,056/MT  ↑ +23.8%  (2026-10-10)
2026-08-28 08:07:59.387 | INFO     | __main__:run_forecasting:739 -   ✅ Cocoa
2026-08-28 08:07:59.389 | INFO     | __main__:run_forecasting:723 - 
[5/17] Forecasting Soybeans...
2026-08-28 08:08:01.704 | DEBUG    | __main__:forecast_commodity:605 -   [Soybeans] 3/3 models generated forecasts
2026-08-28 08:08:01.754 | INFO     | __main__:run_forecasting:733 -   daily        → ₦      745,117/MT  ↑ +0.0%  (2026-04-14)
2026-08-28 08:08:01.756 | INFO     | __main__:run_forecasting:733 -   weekly       → ₦      745,816/MT  ↑ +0.1%  (2026-04-20)
2026-08-28 08:08:01.758 | INFO     | __main__:run_forecasting:733 -   2_weeks      → ₦      746,633/MT  ↑ +0.2%  (2026-04-27)
2026-08-28 08:08:01.758 | INFO     | __main__:run_forecasting:733 -   monthly      → ₦      748,499/MT  ↑ +0.5%  (2026-05-13)
2026-08-28 08:08:01.758 | INFO     | __main__:run_forecasting:733 -   3_months     → ₦      755,496/MT  ↑ +1.4%  (2026-07-12)
2026-08-28 08:08:01.759 | INFO     | __main__:run_forecasting:733 -   6_months     → ₦      669,067/MT  ↓ -10.2%  (2026-10-10)
2026-08-28 08:08:01.759 | INFO     | __main__:run_forecasting:739 -   ✅ Soybeans
2026-08-28 08:08:01.759 | INFO     | __main__:run_forecasting:723 - 
[6/17] Forecasting Cashew Nuts...
2026-08-28 08:08:03.935 | DEBUG    | __main__:forecast_commodity:605 -   [Cashew Nuts] 3/3 models generated forecasts
2026-08-28 08:08:03.984 | INFO     | __main__:run_forecasting:733 -   daily        → ₦    1,946,605/MT  ↓ -0.2%  (2026-04-14)
2026-08-28 08:08:03.986 | INFO     | __main__:run_forecasting:733 -   weekly       → ₦    1,926,235/MT  ↓ -1.2%  (2026-04-20)
2026-08-28 08:08:03.986 | INFO     | __main__:run_forecasting:733 -   2_weeks      → ₦    1,902,471/MT  ↓ -2.4%  (2026-04-27)
2026-08-28 08:08:03.986 | INFO     | __main__:run_forecasting:733 -   monthly      → ₦    1,848,152/MT  ↓ -5.2%  (2026-05-13)
2026-08-28 08:08:03.986 | INFO     | __main__:run_forecasting:733 -   3_months     → ₦    1,644,455/MT  ↓ -15.7%  (2026-07-12)
2026-08-28 08:08:03.989 | INFO     | __main__:run_forecasting:733 -   6_months     → ₦    1,753,940/MT  ↓ -10.1%  (2026-10-10)
2026-08-28 08:08:03.989 | INFO     | __main__:run_forecasting:739 -   ✅ Cashew Nuts
2026-08-28 08:08:03.989 | INFO     | __main__:run_forecasting:723 - 
[7/17] Forecasting Sorghum...
2026-08-28 08:08:06.462 | DEBUG    | __main__:forecast_commodity:605 -   [Sorghum] 3/3 models generated forecasts
2026-08-28 08:08:06.508 | INFO     | __main__:run_forecasting:733 -   daily        → ₦      334,170/MT  ↓ -0.2%  (2026-04-14)
2026-08-28 08:08:06.510 | INFO     | __main__:run_forecasting:733 -   weekly       → ₦      329,187/MT  ↓ -1.7%  (2026-04-20)
2026-08-28 08:08:06.510 | INFO     | __main__:run_forecasting:733 -   2_weeks      → ₦      323,374/MT  ↓ -3.5%  (2026-04-27)
2026-08-28 08:08:06.510 | INFO     | __main__:run_forecasting:733 -   monthly      → ₦      310,088/MT  ↓ -7.4%  (2026-05-13)
2026-08-28 08:08:06.512 | INFO     | __main__:run_forecasting:733 -   3_months     → ₦      260,264/MT  ↓ -22.3%  (2026-07-12)
2026-08-28 08:08:06.512 | INFO     | __main__:run_forecasting:733 -   6_months     → ₦      203,905/MT  ↓ -39.1%  (2026-10-10)
2026-08-28 08:08:06.512 | INFO     | __main__:run_forecasting:739 -   ✅ Sorghum
2026-08-28 08:08:06.514 | INFO     | __main__:run_forecasting:723 - 
[8/17] Forecasting Beans (white)...
2026-08-28 08:08:08.968 | DEBUG    | __main__:forecast_commodity:605 -   [Beans (white)] 3/3 models generated forecasts
2026-08-28 08:08:09.014 | INFO     | __main__:run_forecasting:733 -   daily        → ₦      812,311/MT  ↓ -0.1%  (2026-03-17)
2026-08-28 08:08:09.014 | INFO     | __main__:run_forecasting:733 -   weekly       → ₦      806,176/MT  ↓ -0.9%  (2026-03-23)
2026-08-28 08:08:09.016 | INFO     | __main__:run_forecasting:733 -   2_weeks      → ₦      799,018/MT  ↓ -1.8%  (2026-03-30)
2026-08-28 08:08:09.016 | INFO     | __main__:run_forecasting:733 -   monthly      → ₦      782,657/MT  ↓ -3.8%  (2026-04-15)
2026-08-28 08:08:09.016 | INFO     | __main__:run_forecasting:733 -   3_months     → ₦      721,303/MT  ↓ -11.3%  (2026-06-14)
2026-08-28 08:08:09.016 | INFO     | __main__:run_forecasting:733 -   6_months     → ₦      625,753/MT  ↓ -23.1%  (2026-09-12)
2026-08-28 08:08:09.018 | INFO     | __main__:run_forecasting:739 -   ✅ Beans (white)
2026-08-28 08:08:09.018 | INFO     | __main__:run_forecasting:723 - 
[9/17] Forecasting Beans (red)...
2026-08-28 08:08:11.298 | DEBUG    | __main__:forecast_commodity:605 -   [Beans (red)] 3/3 models generated forecasts
2026-08-28 08:08:11.347 | INFO     | __main__:run_forecasting:733 -   daily        → ₦      913,890/MT  ↓ -0.1%  (2026-03-17)
2026-08-28 08:08:11.347 | INFO     | __main__:run_forecasting:733 -   weekly       → ₦      907,232/MT  ↓ -0.8%  (2026-03-23)
2026-08-28 08:08:11.348 | INFO     | __main__:run_forecasting:733 -   2_weeks      → ₦      899,463/MT  ↓ -1.7%  (2026-03-30)
2026-08-28 08:08:11.349 | INFO     | __main__:run_forecasting:733 -   monthly      → ₦      881,707/MT  ↓ -3.6%  (2026-04-15)
2026-08-28 08:08:11.349 | INFO     | __main__:run_forecasting:733 -   3_months     → ₦      815,122/MT  ↓ -10.9%  (2026-06-14)
2026-08-28 08:08:11.349 | INFO     | __main__:run_forecasting:733 -   6_months     → ₦      736,149/MT  ↓ -19.6%  (2026-09-12)
2026-08-28 08:08:11.349 | INFO     | __main__:run_forecasting:739 -   ✅ Beans (red)
2026-08-28 08:08:11.349 | INFO     | __main__:run_forecasting:723 - 
[10/17] Forecasting Maize (white)...
2026-08-28 08:08:14.532 | DEBUG    | __main__:forecast_commodity:605 -   [Maize (white)] 3/3 models generated forecasts
2026-08-28 08:08:14.582 | INFO     | __main__:run_forecasting:733 -   daily        → ₦      632,680/MT  ↓ -1.3%  (2026-07-28)
2026-08-28 08:08:14.584 | INFO     | __main__:run_forecasting:733 -   weekly       → ₦      581,912/MT  ↓ -9.2%  (2026-08-03)
2026-08-28 08:08:14.584 | INFO     | __main__:run_forecasting:733 -   2_weeks      → ₦      522,682/MT  ↓ -18.5%  (2026-08-10)
2026-08-28 08:08:14.584 | INFO     | __main__:run_forecasting:733 -   monthly      → ₦      387,300/MT  ↓ -39.6%  (2026-08-26)
2026-08-28 08:08:14.584 | INFO     | __main__:run_forecasting:733 -   3_months     → ₦      320,478/MT  ↓ -50.0%  (2026-10-25)
2026-08-28 08:08:14.585 | INFO     | __main__:run_forecasting:733 -   6_months     → ₦      318,304/MT  ↓ -50.4%  (2027-01-23)
2026-08-28 08:08:14.586 | INFO     | __main__:run_forecasting:739 -   ✅ Maize (white)
2026-08-28 08:08:14.586 | INFO     | __main__:run_forecasting:723 - 
[11/17] Forecasting Maize (yellow)...
2026-08-28 08:08:17.155 | DEBUG    | __main__:forecast_commodity:605 -   [Maize (yellow)] 3/3 models generated forecasts
2026-08-28 08:08:17.213 | INFO     | __main__:run_forecasting:733 -   daily        → ₦      682,198/MT  ↓ -1.3%  (2026-07-28)
2026-08-28 08:08:17.213 | INFO     | __main__:run_forecasting:733 -   weekly       → ₦      629,542/MT  ↓ -8.9%  (2026-08-03)
2026-08-28 08:08:17.214 | INFO     | __main__:run_forecasting:733 -   2_weeks      → ₦      568,110/MT  ↓ -17.8%  (2026-08-10)
2026-08-28 08:08:17.214 | INFO     | __main__:run_forecasting:733 -   monthly      → ₦      427,693/MT  ↓ -38.1%  (2026-08-26)
2026-08-28 08:08:17.216 | INFO     | __main__:run_forecasting:733 -   3_months     → ₦      373,263/MT  ↓ -46.0%  (2026-10-25)
2026-08-28 08:08:17.216 | INFO     | __main__:run_forecasting:733 -   6_months     → ₦      355,123/MT  ↓ -48.6%  (2027-01-23)
2026-08-28 08:08:17.216 | INFO     | __main__:run_forecasting:739 -   ✅ Maize (yellow)
2026-08-28 08:08:17.216 | INFO     | __main__:run_forecasting:723 - 
[12/17] Forecasting Wheat...
2026-08-28 08:08:19.471 | DEBUG    | __main__:forecast_commodity:605 -   [Wheat] 3/3 models generated forecasts
2026-08-28 08:08:19.524 | INFO     | __main__:run_forecasting:733 -   daily        → ₦      706,556/MT  ↓ -0.0%  (2026-04-14)
2026-08-28 08:08:19.525 | INFO     | __main__:run_forecasting:733 -   weekly       → ₦      704,891/MT  ↓ -0.3%  (2026-04-20)
2026-08-28 08:08:19.525 | INFO     | __main__:run_forecasting:733 -   2_weeks      → ₦      702,948/MT  ↓ -0.6%  (2026-04-27)
2026-08-28 08:08:19.525 | INFO     | __main__:run_forecasting:733 -   monthly      → ₦      698,507/MT  ↓ -1.2%  (2026-05-13)
2026-08-28 08:08:19.527 | INFO     | __main__:run_forecasting:733 -   3_months     → ₦      681,856/MT  ↓ -3.5%  (2026-07-12)
2026-08-28 08:08:19.527 | INFO     | __main__:run_forecasting:733 -   6_months     → ₦      664,661/MT  ↓ -6.0%  (2026-10-10)
2026-08-28 08:08:19.527 | INFO     | __main__:run_forecasting:739 -   ✅ Wheat
2026-08-28 08:08:19.529 | INFO     | __main__:run_forecasting:723 - 
[13/17] Forecasting Rice...
2026-08-28 08:08:21.912 | DEBUG    | __main__:forecast_commodity:605 -   [Rice] 3/3 models generated forecasts
2026-08-28 08:08:21.966 | INFO     | __main__:run_forecasting:733 -   daily        → ₦      760,157/MT  ↑ +0.1%  (2023-01-10)
2026-08-28 08:08:21.966 | INFO     | __main__:run_forecasting:733 -   weekly       → ₦      764,301/MT  ↑ +0.6%  (2023-01-16)
2026-08-28 08:08:21.968 | INFO     | __main__:run_forecasting:733 -   2_weeks      → ₦      769,135/MT  ↑ +1.3%  (2023-01-23)
2026-08-28 08:08:21.969 | INFO     | __main__:run_forecasting:733 -   monthly      → ₦      780,184/MT  ↑ +2.7%  (2023-02-08)
2026-08-28 08:08:21.969 | INFO     | __main__:run_forecasting:733 -   3_months     → ₦      821,618/MT  ↑ +8.2%  (2023-04-09)
2026-08-28 08:08:21.971 | INFO     | __main__:run_forecasting:733 -   6_months     → ₦      883,769/MT  ↑ +16.4%  (2023-07-08)
2026-08-28 08:08:21.971 | INFO     | __main__:run_forecasting:739 -   ✅ Rice
2026-08-28 08:08:21.971 | INFO     | __main__:run_forecasting:723 - 
[14/17] Forecasting Meat (beef)...
2026-08-28 08:08:24.239 | DEBUG    | __main__:forecast_commodity:605 -   [Meat (beef)] 3/3 models generated forecasts
2026-08-28 08:08:24.291 | INFO     | __main__:run_forecasting:733 -   daily        → ₦    5,637,668/MT  → +0.0%  (2026-03-10)
2026-08-28 08:08:24.292 | INFO     | __main__:run_forecasting:733 -   weekly       → ₦    5,637,718/MT  → +0.0%  (2026-03-16)
2026-08-28 08:08:24.292 | INFO     | __main__:run_forecasting:733 -   2_weeks      → ₦    5,637,777/MT  → +0.0%  (2026-03-23)
2026-08-28 08:08:24.294 | INFO     | __main__:run_forecasting:733 -   monthly      → ₦    5,637,910/MT  → +0.0%  (2026-04-08)
2026-08-28 08:08:24.294 | INFO     | __main__:run_forecasting:733 -   3_months     → ₦    5,638,411/MT  ↑ +0.0%  (2026-06-07)
2026-08-28 08:08:24.294 | INFO     | __main__:run_forecasting:733 -   6_months     → ₦    5,674,533/MT  ↑ +0.7%  (2026-09-05)
2026-08-28 08:08:24.296 | INFO     | __main__:run_forecasting:739 -   ✅ Meat (beef)
2026-08-28 08:08:24.296 | INFO     | __main__:run_forecasting:723 - 
[15/17] Forecasting Meat (goat)...
2026-08-28 08:08:26.869 | DEBUG    | __main__:forecast_commodity:605 -   [Meat (goat)] 3/3 models generated forecasts
2026-08-28 08:08:26.915 | INFO     | __main__:run_forecasting:733 -   daily        → ₦    5,796,322/MT  ↓ -0.0%  (2026-03-10)
2026-08-28 08:08:26.916 | INFO     | __main__:run_forecasting:733 -   weekly       → ₦    5,784,254/MT  ↓ -0.2%  (2026-03-16)
2026-08-28 08:08:26.916 | INFO     | __main__:run_forecasting:733 -   2_weeks      → ₦    5,770,176/MT  ↓ -0.5%  (2026-03-23)
2026-08-28 08:08:26.916 | INFO     | __main__:run_forecasting:733 -   monthly      → ₦    5,737,995/MT  ↓ -1.0%  (2026-04-08)
2026-08-28 08:08:26.917 | INFO     | __main__:run_forecasting:733 -   3_months     → ₦    5,617,320/MT  ↓ -3.1%  (2026-06-07)
2026-08-28 08:08:26.918 | INFO     | __main__:run_forecasting:733 -   6_months     → ₦    5,414,816/MT  ↓ -6.6%  (2026-09-05)
2026-08-28 08:08:26.919 | INFO     | __main__:run_forecasting:739 -   ✅ Meat (goat)
2026-08-28 08:08:26.919 | INFO     | __main__:run_forecasting:723 - 
[16/17] Forecasting Fish (dried)...
2026-08-28 08:08:29.216 | DEBUG    | __main__:forecast_commodity:605 -   [Fish (dried)] 3/3 models generated forecasts
2026-08-28 08:08:29.263 | INFO     | __main__:run_forecasting:733 -   daily        → ₦    1,508,611/MT  ↑ +0.0%  (2026-03-10)
2026-08-28 08:08:29.263 | INFO     | __main__:run_forecasting:733 -   weekly       → ₦    1,509,086/MT  ↑ +0.0%  (2026-03-16)
2026-08-28 08:08:29.265 | INFO     | __main__:run_forecasting:733 -   2_weeks      → ₦    1,509,641/MT  ↑ +0.1%  (2026-03-23)
2026-08-28 08:08:29.265 | INFO     | __main__:run_forecasting:733 -   monthly      → ₦    1,510,909/MT  ↑ +0.2%  (2026-04-08)
2026-08-28 08:08:29.265 | INFO     | __main__:run_forecasting:733 -   3_months     → ₦    1,515,664/MT  ↑ +0.5%  (2026-06-07)
2026-08-28 08:08:29.267 | INFO     | __main__:run_forecasting:733 -   6_months     → ₦    1,406,057/MT  ↓ -6.8%  (2026-09-05)
2026-08-28 08:08:29.267 | INFO     | __main__:run_forecasting:739 -   ✅ Fish (dried)
2026-08-28 08:08:29.267 | INFO     | __main__:run_forecasting:723 - 
[17/17] Forecasting Eggs...
2026-08-28 08:08:32.109 | DEBUG    | __main__:forecast_commodity:605 -   [Eggs] 3/3 models generated forecasts
2026-08-28 08:08:32.156 | INFO     | __main__:run_forecasting:733 -   daily        → ₦        6,516/MT  ↓ -0.1%  (2026-03-10)
2026-08-28 08:08:32.158 | INFO     | __main__:run_forecasting:733 -   weekly       → ₦        6,496/MT  ↓ -0.4%  (2026-03-16)
2026-08-28 08:08:32.158 | INFO     | __main__:run_forecasting:733 -   2_weeks      → ₦        6,472/MT  ↓ -0.7%  (2026-03-23)
2026-08-28 08:08:32.160 | INFO     | __main__:run_forecasting:733 -   monthly      → ₦        6,416/MT  ↓ -1.6%  (2026-04-08)
2026-08-28 08:08:32.160 | INFO     | __main__:run_forecasting:733 -   3_months     → ₦        6,209/MT  ↓ -4.8%  (2026-06-07)
2026-08-28 08:08:32.160 | INFO     | __main__:run_forecasting:733 -   6_months     → ₦        5,932/MT  ↓ -9.0%  (2026-09-05)
2026-08-28 08:08:32.160 | INFO     | __main__:run_forecasting:739 -   ✅ Eggs
2026-08-28 08:08:33.600 | INFO     | __main__:run_forecasting:748 - 
  Forecast JSON saved → C:\Users\USER\Downloads\agrolinking-intel-structure\agrolinking-intel\outputs\forecasts\forecast_2026-08-28.json
2026-08-28 08:08:33.609 | INFO     | __main__:run_forecasting:756 -   Daily alert saved → C:\Users\USER\Downloads\agrolinking-intel-structure\agrolinking-intel\outputs\daily_alerts\alert_2026-08-28.txt
2026-08-28 08:08:33.609 | INFO     | __main__:run_forecasting:759 - 
============================================================
2026-08-28 08:08:33.609 | INFO     | __main__:run_forecasting:760 -   DAILY PRICE ALERT
2026-08-28 08:08:33.616 | INFO     | __main__:run_forecasting:761 - ============================================================
2026-08-28 08:08:33.617 | INFO     | __main__:run_forecasting:763 -   📊 AGROLINKING COMMODITY INTELLIGENCE ALERT
2026-08-28 08:08:33.617 | INFO     | __main__:run_forecasting:763 -   📅 Friday, 28 August 2026
2026-08-28 08:08:33.617 | INFO     | __main__:run_forecasting:763 -   ─────────────────────────────────────────────
2026-08-28 08:08:33.621 | INFO     | __main__:run_forecasting:763 -   → Hibiscus           ₦    2,323,797/MT  -0.05%
2026-08-28 08:08:33.621 | INFO     | __main__:run_forecasting:763 -   → Sesame             ₦    1,245,306/MT  +0.02%
2026-08-28 08:08:33.621 | INFO     | __main__:run_forecasting:763 -   → Ginger             ₦    9,695,764/MT  -0.04%
2026-08-28 08:08:33.621 | INFO     | __main__:run_forecasting:763 -   → Cocoa              ₦    5,655,213/MT  +0.09%
2026-08-28 08:08:33.626 | INFO     | __main__:run_forecasting:763 -   → Soybeans           ₦      745,117/MT  +0.02%
2026-08-28 08:08:33.626 | INFO     | __main__:run_forecasting:763 -   → Cashew Nuts        ₦    1,946,605/MT  -0.17%
2026-08-28 08:08:33.628 | INFO     | __main__:run_forecasting:763 -   → Sorghum            ₦      334,170/MT  -0.25%
2026-08-28 08:08:33.628 | INFO     | __main__:run_forecasting:763 -   → Beans (white)      ₦      812,311/MT  -0.13%
2026-08-28 08:08:33.631 | INFO     | __main__:run_forecasting:763 -   → Beans (red)        ₦      913,890/MT  -0.12%
2026-08-28 08:08:33.631 | INFO     | __main__:run_forecasting:763 -   ▼ Maize (white)      ₦      632,680/MT  -1.32%
2026-08-28 08:08:33.633 | INFO     | __main__:run_forecasting:763 -   ▼ Maize (yellow)     ₦      682,198/MT  -1.27%
2026-08-28 08:08:33.633 | INFO     | __main__:run_forecasting:763 -   → Wheat              ₦      706,556/MT  -0.04%
2026-08-28 08:08:33.633 | INFO     | __main__:run_forecasting:763 -   → Rice               ₦      760,157/MT  +0.09%
2026-08-28 08:08:33.636 | INFO     | __main__:run_forecasting:763 -   → Meat (beef)        ₦    5,637,668/MT  +0.00%
2026-08-28 08:08:33.636 | INFO     | __main__:run_forecasting:763 -   → Meat (goat)        ₦    5,796,322/MT  -0.03%
2026-08-28 08:08:33.636 | INFO     | __main__:run_forecasting:763 -   → Fish (dried)       ₦    1,508,611/MT  +0.01%
2026-08-28 08:08:33.638 | INFO     | __main__:run_forecasting:763 -   → Eggs               ₦        6,516/MT  -0.05%
2026-08-28 08:08:33.638 | INFO     | __main__:run_forecasting:763 -   ─────────────────────────────────────────────
2026-08-28 08:08:33.638 | INFO     | __main__:run_forecasting:763 -   Source: Agrolinking Intelligence Platform
2026-08-28 08:08:33.641 | INFO     | __main__:run_forecasting:763 -   Next update: 29 Aug 2026
2026-08-28 08:08:33.643 | INFO     | __main__:run_forecasting:767 - 
  Note: master append handled by 06_validate.py (corrected prices).
2026-08-28 08:08:33.643 | INFO     | __main__:run_forecasting:771 - 
======================================================================
2026-08-28 08:08:33.645 | INFO     | __main__:run_forecasting:772 -   FORECAST SUMMARY — ALL COMMODITIES
2026-08-28 08:08:33.645 | INFO     | __main__:run_forecasting:773 - ======================================================================
2026-08-28 08:08:33.647 | INFO     | __main__:run_forecasting:774 -   Commodity                     Today         1 Week        1 Month       3 Months       6 Months
2026-08-28 08:08:33.647 | INFO     | __main__:run_forecasting:779 -   ----------------------------------------------------------------------------------
2026-08-28 08:08:33.650 | INFO     | __main__:run_forecasting:792 -   Hibiscus             ₦   2,323,797  ₦   2,316,582  ₦   2,288,921  ₦   2,216,763  ₦   2,186,899
2026-08-28 08:08:33.652 | INFO     | __main__:run_forecasting:792 -   Sesame               ₦   1,245,306  ₦   1,247,139  ₦   1,254,166  ₦   1,272,498  ₦   1,271,450
2026-08-28 08:08:33.654 | INFO     | __main__:run_forecasting:792 -   Ginger               ₦   9,695,764  ₦   9,670,351  ₦   9,572,934  ₦   9,318,803  ₦   9,029,109
2026-08-28 08:08:33.654 | INFO     | __main__:run_forecasting:792 -   Cocoa                ₦   5,655,213  ₦   5,686,494  ₦   5,806,401  ₦   6,119,203  ₦   6,992,056
2026-08-28 08:08:33.654 | INFO     | __main__:run_forecasting:792 -   Soybeans             ₦     745,117  ₦     745,816  ₦     748,499  ₦     755,496  ₦     669,067
2026-08-28 08:08:33.658 | INFO     | __main__:run_forecasting:792 -   Cashew Nuts          ₦   1,946,605  ₦   1,926,235  ₦   1,848,152  ₦   1,644,455  ₦   1,753,940
2026-08-28 08:08:33.658 | INFO     | __main__:run_forecasting:792 -   Sorghum              ₦     334,170  ₦     329,187  ₦     310,088  ₦     260,264  ₦     203,905
2026-08-28 08:08:33.658 | INFO     | __main__:run_forecasting:792 -   Beans (white)        ₦     812,311  ₦     806,176  ₦     782,657  ₦     721,303  ₦     625,753
2026-08-28 08:08:33.658 | INFO     | __main__:run_forecasting:792 -   Beans (red)          ₦     913,890  ₦     907,232  ₦     881,707  ₦     815,122  ₦     736,149
2026-08-28 08:08:33.658 | INFO     | __main__:run_forecasting:792 -   Maize (white)        ₦     632,680  ₦     581,912  ₦     387,300  ₦     320,478  ₦     318,304
2026-08-28 08:08:33.658 | INFO     | __main__:run_forecasting:792 -   Maize (yellow)       ₦     682,198  ₦     629,542  ₦     427,693  ₦     373,263  ₦     355,123
2026-08-28 08:08:33.658 | INFO     | __main__:run_forecasting:792 -   Wheat                ₦     706,556  ₦     704,891  ₦     698,507  ₦     681,856  ₦     664,661
2026-08-28 08:08:33.665 | INFO     | __main__:run_forecasting:792 -   Rice                 ₦     760,157  ₦     764,301  ₦     780,184  ₦     821,618  ₦     883,769
2026-08-28 08:08:33.667 | INFO     | __main__:run_forecasting:792 -   Meat (beef)          ₦   5,637,668  ₦   5,637,718  ₦   5,637,910  ₦   5,638,411  ₦   5,674,533
2026-08-28 08:08:33.669 | INFO     | __main__:run_forecasting:792 -   Meat (goat)          ₦   5,796,322  ₦   5,784,254  ₦   5,737,995  ₦   5,617,320  ₦   5,414,816
2026-08-28 08:08:33.669 | INFO     | __main__:run_forecasting:792 -   Fish (dried)         ₦   1,508,611  ₦   1,509,086  ₦   1,510,909  ₦   1,515,664  ₦   1,406,057
2026-08-28 08:08:33.669 | INFO     | __main__:run_forecasting:792 -   Eggs                 ₦       6,516  ₦       6,496  ₦       6,416  ₦       6,209  ₦       5,932
2026-08-28 08:08:33.673 | INFO     | __main__:run_forecasting:801 - ======================================================================
2026-08-28 08:08:33.673 | SUCCESS  | __main__:run_forecasting:802 - FORECASTING COMPLETE — 17/17 commodities
2026-08-28 08:08:33.673 | INFO     | __main__:run_forecasting:806 - ======================================================================
