2026-05-29 07:37:07.183 | INFO     | __main__:run_forecasting:302 - =================================================================
2026-05-29 07:37:07.183 | INFO     | __main__:run_forecasting:303 - STEP 5 — FORECASTING ENGINE
2026-05-29 07:37:07.183 | INFO     | __main__:run_forecasting:304 -   Run date   : Friday, 29 May 2026
2026-05-29 07:37:07.183 | INFO     | __main__:run_forecasting:305 -   Commodities: 13
2026-05-29 07:37:07.183 | INFO     | __main__:run_forecasting:306 -   Horizons   : ['daily', 'weekly', '2_weeks', 'monthly', '3_months', '6_months']
2026-05-29 07:37:07.183 | INFO     | __main__:run_forecasting:307 -   Ensemble   : ARIMA + Prophet + Holt-Winters + XGBoost + LightGBM
2026-05-29 07:37:07.190 | INFO     | __main__:run_forecasting:308 - =================================================================
2026-05-29 07:37:07.449 | INFO     | __main__:run_forecasting:325 - 
[1/13] Forecasting Hibiscus...
2026-05-29 07:37:17.575 | DEBUG    | __main__:forecast_holt_winters:131 -     Holt-Winters forecast failed: positive() got an unexpected keyword argument 'lower'
2026-05-29 07:37:17.575 | DEBUG    | __main__:forecast_tree:163 -     Tree forecast failed: Feature shape mismatch, expected: 18, got 16
2026-05-29 07:37:17.582 | INFO     | __main__:forecast_commodity:266 -   daily        -> N   2,153,771/MT  -3.7%  (2026-06-01)
2026-05-29 07:37:17.582 | INFO     | __main__:forecast_commodity:266 -   weekly       -> N   2,153,771/MT  -3.7%  (2026-06-08)
2026-05-29 07:37:17.584 | INFO     | __main__:forecast_commodity:266 -   2_weeks      -> N   2,136,637/MT  -4.4%  (2026-06-15)
2026-05-29 07:37:17.584 | INFO     | __main__:forecast_commodity:266 -   monthly      -> N   2,152,286/MT  -3.7%  (2026-06-29)
2026-05-29 07:37:17.586 | INFO     | __main__:forecast_commodity:266 -   3_months     -> N   2,100,848/MT  -6.0%  (2026-08-31)
2026-05-29 07:37:17.588 | INFO     | __main__:forecast_commodity:266 -   6_months     -> N   1,972,325/MT  -11.8%  (2026-11-30)
2026-05-29 07:37:17.591 | INFO     | __main__:run_forecasting:331 -   Hibiscus
2026-05-29 07:37:17.591 | INFO     | __main__:run_forecasting:325 - 
[2/13] Forecasting Sesame...
2026-05-29 07:37:18.041 | DEBUG    | __main__:forecast_holt_winters:131 -     Holt-Winters forecast failed: positive() got an unexpected keyword argument 'lower'
2026-05-29 07:37:18.044 | DEBUG    | __main__:forecast_tree:163 -     Tree forecast failed: Feature shape mismatch, expected: 18, got 16
2026-05-29 07:37:18.045 | INFO     | __main__:forecast_commodity:266 -   daily        -> N   1,421,964/MT  +10.1%  (2026-06-01)
2026-05-29 07:37:18.046 | INFO     | __main__:forecast_commodity:266 -   weekly       -> N   1,421,964/MT  +10.1%  (2026-06-08)
2026-05-29 07:37:18.047 | INFO     | __main__:forecast_commodity:266 -   2_weeks      -> N   1,481,663/MT  +14.7%  (2026-06-15)
2026-05-29 07:37:18.048 | INFO     | __main__:forecast_commodity:266 -   monthly      -> N   1,482,044/MT  +14.7%  (2026-06-29)
2026-05-29 07:37:18.050 | INFO     | __main__:forecast_commodity:266 -   3_months     -> N   1,409,912/MT  +9.2%  (2026-08-31)
2026-05-29 07:37:18.052 | INFO     | __main__:forecast_commodity:266 -   6_months     -> N   1,377,255/MT  +6.6%  (2026-11-30)
2026-05-29 07:37:18.054 | INFO     | __main__:run_forecasting:331 -   Sesame
2026-05-29 07:37:18.054 | INFO     | __main__:run_forecasting:325 - 
[3/13] Forecasting Ginger...
2026-05-29 07:37:18.506 | DEBUG    | __main__:forecast_holt_winters:131 -     Holt-Winters forecast failed: positive() got an unexpected keyword argument 'lower'
2026-05-29 07:37:18.509 | DEBUG    | __main__:forecast_tree:163 -     Tree forecast failed: Feature shape mismatch, expected: 18, got 16
2026-05-29 07:37:18.510 | INFO     | __main__:forecast_commodity:266 -   daily        -> N  11,117,133/MT  +10.1%  (2026-06-01)
2026-05-29 07:37:18.511 | INFO     | __main__:forecast_commodity:266 -   weekly       -> N  11,117,133/MT  +10.1%  (2026-06-08)
2026-05-29 07:37:18.512 | INFO     | __main__:forecast_commodity:266 -   2_weeks      -> N  11,553,058/MT  +14.4%  (2026-06-15)
2026-05-29 07:37:18.513 | INFO     | __main__:forecast_commodity:266 -   monthly      -> N  12,171,714/MT  +20.6%  (2026-06-29)
2026-05-29 07:37:18.514 | INFO     | __main__:forecast_commodity:266 -   3_months     -> N  10,993,226/MT  +8.9%  (2026-08-31)
2026-05-29 07:37:18.516 | INFO     | __main__:forecast_commodity:266 -   6_months     -> N  10,455,676/MT  +3.6%  (2026-11-30)
2026-05-29 07:37:18.519 | INFO     | __main__:run_forecasting:331 -   Ginger
2026-05-29 07:37:18.519 | INFO     | __main__:run_forecasting:325 - 
[4/13] Forecasting Cocoa...
2026-05-29 07:37:18.992 | DEBUG    | __main__:forecast_holt_winters:131 -     Holt-Winters forecast failed: positive() got an unexpected keyword argument 'lower'
2026-05-29 07:37:18.992 | DEBUG    | __main__:forecast_tree:163 -     Tree forecast failed: Feature shape mismatch, expected: 18, got 16
2026-05-29 07:37:19.007 | INFO     | __main__:forecast_commodity:266 -   daily        -> N   8,025,291/MT  +28.5%  (2026-06-01)
2026-05-29 07:37:19.007 | INFO     | __main__:forecast_commodity:266 -   weekly       -> N   8,025,291/MT  +28.5%  (2026-06-08)
2026-05-29 07:37:19.010 | INFO     | __main__:forecast_commodity:266 -   2_weeks      -> N   8,967,120/MT  +43.6%  (2026-06-15)
2026-05-29 07:37:19.010 | INFO     | __main__:forecast_commodity:266 -   monthly      -> N  10,422,328/MT  +66.9%  (2026-06-29)
2026-05-29 07:37:19.012 | INFO     | __main__:forecast_commodity:266 -   3_months     -> N   9,509,381/MT  +52.2%  (2026-08-31)
2026-05-29 07:37:19.014 | INFO     | __main__:forecast_commodity:266 -   6_months     -> N   9,795,049/MT  +56.8%  (2026-11-30)
2026-05-29 07:37:19.019 | INFO     | __main__:run_forecasting:331 -   Cocoa
2026-05-29 07:37:19.019 | INFO     | __main__:run_forecasting:325 - 
[5/13] Forecasting Soybeans...
2026-05-29 07:37:19.408 | DEBUG    | __main__:forecast_holt_winters:131 -     Holt-Winters forecast failed: positive() got an unexpected keyword argument 'lower'
2026-05-29 07:37:19.408 | DEBUG    | __main__:forecast_tree:163 -     Tree forecast failed: Feature shape mismatch, expected: 18, got 16
2026-05-29 07:37:19.418 | INFO     | __main__:forecast_commodity:266 -   daily        -> N     849,110/MT  +7.6%  (2026-06-01)
2026-05-29 07:37:19.418 | INFO     | __main__:forecast_commodity:266 -   weekly       -> N     849,110/MT  +7.6%  (2026-06-08)
2026-05-29 07:37:19.418 | INFO     | __main__:forecast_commodity:266 -   2_weeks      -> N     875,622/MT  +11.0%  (2026-06-15)
2026-05-29 07:37:19.420 | INFO     | __main__:forecast_commodity:266 -   monthly      -> N     911,821/MT  +15.5%  (2026-06-29)
2026-05-29 07:37:19.422 | INFO     | __main__:forecast_commodity:266 -   3_months     -> N     874,126/MT  +10.8%  (2026-08-31)
2026-05-29 07:37:19.424 | INFO     | __main__:forecast_commodity:266 -   6_months     -> N     853,700/MT  +8.2%  (2026-11-30)
2026-05-29 07:37:19.427 | INFO     | __main__:run_forecasting:331 -   Soybeans
2026-05-29 07:37:19.427 | INFO     | __main__:run_forecasting:325 - 
[6/13] Forecasting Cashew Nuts...
2026-05-29 07:37:19.906 | DEBUG    | __main__:forecast_holt_winters:131 -     Holt-Winters forecast failed: positive() got an unexpected keyword argument 'lower'
2026-05-29 07:37:19.906 | DEBUG    | __main__:forecast_tree:163 -     Tree forecast failed: Feature shape mismatch, expected: 18, got 16
2026-05-29 07:37:19.921 | INFO     | __main__:forecast_commodity:266 -   daily        -> N   2,111,115/MT  +3.6%  (2026-06-01)
2026-05-29 07:37:19.921 | INFO     | __main__:forecast_commodity:266 -   weekly       -> N   2,111,115/MT  +3.6%  (2026-06-08)
2026-05-29 07:37:19.922 | INFO     | __main__:forecast_commodity:266 -   2_weeks      -> N   2,124,375/MT  +4.3%  (2026-06-15)
2026-05-29 07:37:19.924 | INFO     | __main__:forecast_commodity:266 -   monthly      -> N   2,160,936/MT  +6.1%  (2026-06-29)
2026-05-29 07:37:19.924 | INFO     | __main__:forecast_commodity:266 -   3_months     -> N   2,231,061/MT  +9.5%  (2026-08-31)
2026-05-29 07:37:19.928 | INFO     | __main__:forecast_commodity:266 -   6_months     -> N   2,182,105/MT  +7.1%  (2026-11-30)
2026-05-29 07:37:19.930 | INFO     | __main__:run_forecasting:331 -   Cashew Nuts
2026-05-29 07:37:19.930 | INFO     | __main__:run_forecasting:325 - 
[7/13] Forecasting Sorghum...
2026-05-29 07:37:20.305 | DEBUG    | __main__:forecast_holt_winters:131 -     Holt-Winters forecast failed: positive() got an unexpected keyword argument 'lower'
2026-05-29 07:37:20.305 | DEBUG    | __main__:forecast_tree:163 -     Tree forecast failed: Feature shape mismatch, expected: 18, got 16
2026-05-29 07:37:20.318 | INFO     | __main__:forecast_commodity:266 -   daily        -> N     434,996/MT  +20.2%  (2026-06-01)
2026-05-29 07:37:20.318 | INFO     | __main__:forecast_commodity:266 -   weekly       -> N     434,996/MT  +20.2%  (2026-06-08)
2026-05-29 07:37:20.320 | INFO     | __main__:forecast_commodity:266 -   2_weeks      -> N     461,035/MT  +27.4%  (2026-06-15)
2026-05-29 07:37:20.321 | INFO     | __main__:forecast_commodity:266 -   monthly      -> N     482,970/MT  +33.5%  (2026-06-29)
2026-05-29 07:37:20.321 | INFO     | __main__:forecast_commodity:266 -   3_months     -> N     471,899/MT  +30.4%  (2026-08-31)
2026-05-29 07:37:20.323 | INFO     | __main__:forecast_commodity:266 -   6_months     -> N     432,994/MT  +19.7%  (2026-11-30)
2026-05-29 07:37:20.330 | INFO     | __main__:run_forecasting:331 -   Sorghum
2026-05-29 07:37:20.332 | INFO     | __main__:run_forecasting:325 - 
[8/13] Forecasting Beans (white)...
2026-05-29 07:37:20.840 | DEBUG    | __main__:forecast_holt_winters:131 -     Holt-Winters forecast failed: positive() got an unexpected keyword argument 'lower'
2026-05-29 07:37:20.845 | DEBUG    | __main__:forecast_tree:163 -     Tree forecast failed: Feature shape mismatch, expected: 18, got 16
2026-05-29 07:37:20.847 | INFO     | __main__:forecast_commodity:266 -   daily        -> N     984,969/MT  +14.8%  (2026-06-01)
2026-05-29 07:37:20.848 | INFO     | __main__:forecast_commodity:266 -   weekly       -> N     984,969/MT  +14.8%  (2026-06-08)
2026-05-29 07:37:20.849 | INFO     | __main__:forecast_commodity:266 -   2_weeks      -> N   1,006,212/MT  +17.3%  (2026-06-15)
2026-05-29 07:37:20.849 | INFO     | __main__:forecast_commodity:266 -   monthly      -> N   1,027,682/MT  +19.8%  (2026-06-29)
2026-05-29 07:37:20.851 | INFO     | __main__:forecast_commodity:266 -   3_months     -> N   1,068,255/MT  +24.5%  (2026-08-31)
2026-05-29 07:37:20.853 | INFO     | __main__:forecast_commodity:266 -   6_months     -> N   1,080,583/MT  +25.9%  (2026-11-30)
2026-05-29 07:37:20.858 | INFO     | __main__:run_forecasting:331 -   Beans (white)
2026-05-29 07:37:20.859 | INFO     | __main__:run_forecasting:325 - 
[9/13] Forecasting Beans (red)...
2026-05-29 07:37:21.243 | DEBUG    | __main__:forecast_holt_winters:131 -     Holt-Winters forecast failed: positive() got an unexpected keyword argument 'lower'
2026-05-29 07:37:21.243 | DEBUG    | __main__:forecast_tree:163 -     Tree forecast failed: Feature shape mismatch, expected: 18, got 16
2026-05-29 07:37:21.257 | INFO     | __main__:forecast_commodity:266 -   daily        -> N     866,725/MT  -4.5%  (2026-06-01)
2026-05-29 07:37:21.257 | INFO     | __main__:forecast_commodity:266 -   weekly       -> N     866,725/MT  -4.5%  (2026-06-08)
2026-05-29 07:37:21.259 | INFO     | __main__:forecast_commodity:266 -   2_weeks      -> N     883,014/MT  -2.7%  (2026-06-15)
2026-05-29 07:37:21.259 | INFO     | __main__:forecast_commodity:266 -   monthly      -> N     875,729/MT  -3.5%  (2026-06-29)
2026-05-29 07:37:21.261 | INFO     | __main__:forecast_commodity:266 -   3_months     -> N     862,441/MT  -5.0%  (2026-08-31)
2026-05-29 07:37:21.262 | INFO     | __main__:forecast_commodity:266 -   6_months     -> N     742,817/MT  -18.2%  (2026-11-30)
2026-05-29 07:37:21.266 | INFO     | __main__:run_forecasting:331 -   Beans (red)
2026-05-29 07:37:21.266 | INFO     | __main__:run_forecasting:325 - 
[10/13] Forecasting Maize (white)...
2026-05-29 07:37:21.710 | DEBUG    | __main__:forecast_holt_winters:131 -     Holt-Winters forecast failed: positive() got an unexpected keyword argument 'lower'
2026-05-29 07:37:21.710 | DEBUG    | __main__:forecast_tree:163 -     Tree forecast failed: Feature shape mismatch, expected: 18, got 16
2026-05-29 07:37:21.710 | INFO     | __main__:forecast_commodity:266 -   daily        -> N     372,453/MT  +0.2%  (2026-06-01)
2026-05-29 07:37:21.718 | INFO     | __main__:forecast_commodity:266 -   weekly       -> N     372,453/MT  +0.2%  (2026-06-08)
2026-05-29 07:37:21.718 | INFO     | __main__:forecast_commodity:266 -   2_weeks      -> N     374,052/MT  +0.7%  (2026-06-15)
2026-05-29 07:37:21.721 | INFO     | __main__:forecast_commodity:266 -   monthly      -> N     374,128/MT  +0.7%  (2026-06-29)
2026-05-29 07:37:21.721 | INFO     | __main__:forecast_commodity:266 -   3_months     -> N     364,324/MT  -2.0%  (2026-08-31)
2026-05-29 07:37:21.723 | INFO     | __main__:forecast_commodity:266 -   6_months     -> N     361,494/MT  -2.7%  (2026-11-30)
2026-05-29 07:37:21.728 | INFO     | __main__:run_forecasting:331 -   Maize (white)
2026-05-29 07:37:21.728 | INFO     | __main__:run_forecasting:325 - 
[11/13] Forecasting Maize (yellow)...
2026-05-29 07:37:22.190 | DEBUG    | __main__:forecast_holt_winters:131 -     Holt-Winters forecast failed: positive() got an unexpected keyword argument 'lower'
2026-05-29 07:37:22.190 | DEBUG    | __main__:forecast_tree:163 -     Tree forecast failed: Feature shape mismatch, expected: 18, got 16
2026-05-29 07:37:22.198 | INFO     | __main__:forecast_commodity:266 -   daily        -> N     417,549/MT  +0.4%  (2026-06-01)
2026-05-29 07:37:22.198 | INFO     | __main__:forecast_commodity:266 -   weekly       -> N     417,549/MT  +0.4%  (2026-06-08)
2026-05-29 07:37:22.198 | INFO     | __main__:forecast_commodity:266 -   2_weeks      -> N     419,742/MT  +0.9%  (2026-06-15)
2026-05-29 07:37:22.200 | INFO     | __main__:forecast_commodity:266 -   monthly      -> N     422,527/MT  +1.6%  (2026-06-29)
2026-05-29 07:37:22.200 | INFO     | __main__:forecast_commodity:266 -   3_months     -> N     427,522/MT  +2.8%  (2026-08-31)
2026-05-29 07:37:22.202 | INFO     | __main__:forecast_commodity:266 -   6_months     -> N     428,539/MT  +3.0%  (2026-11-30)
2026-05-29 07:37:22.207 | INFO     | __main__:run_forecasting:331 -   Maize (yellow)
2026-05-29 07:37:22.207 | INFO     | __main__:run_forecasting:325 - 
[12/13] Forecasting Wheat...
2026-05-29 07:37:22.728 | DEBUG    | __main__:forecast_holt_winters:131 -     Holt-Winters forecast failed: positive() got an unexpected keyword argument 'lower'
2026-05-29 07:37:22.728 | DEBUG    | __main__:forecast_tree:163 -     Tree forecast failed: Feature shape mismatch, expected: 18, got 16
2026-05-29 07:37:22.734 | INFO     | __main__:forecast_commodity:266 -   daily        -> N     755,129/MT  +3.2%  (2026-06-01)
2026-05-29 07:37:22.734 | INFO     | __main__:forecast_commodity:266 -   weekly       -> N     755,129/MT  +3.2%  (2026-06-08)
2026-05-29 07:37:22.734 | INFO     | __main__:forecast_commodity:266 -   2_weeks      -> N     757,446/MT  +3.5%  (2026-06-15)
2026-05-29 07:37:22.736 | INFO     | __main__:forecast_commodity:266 -   monthly      -> N     769,661/MT  +5.2%  (2026-06-29)
2026-05-29 07:37:22.736 | INFO     | __main__:forecast_commodity:266 -   3_months     -> N     762,839/MT  +4.2%  (2026-08-31)
2026-05-29 07:37:22.738 | INFO     | __main__:forecast_commodity:266 -   6_months     -> N     775,245/MT  +5.9%  (2026-11-30)
2026-05-29 07:37:22.740 | INFO     | __main__:run_forecasting:331 -   Wheat
2026-05-29 07:37:22.742 | INFO     | __main__:run_forecasting:325 - 
[13/13] Forecasting Rice...
2026-05-29 07:37:23.279 | DEBUG    | __main__:forecast_holt_winters:131 -     Holt-Winters forecast failed: positive() got an unexpected keyword argument 'lower'
2026-05-29 07:37:23.284 | DEBUG    | __main__:forecast_tree:163 -     Tree forecast failed: Feature shape mismatch, expected: 18, got 16
2026-05-29 07:37:23.286 | INFO     | __main__:forecast_commodity:266 -   daily        -> N   1,711,414/MT  +4.8%  (2026-06-01)
2026-05-29 07:37:23.289 | INFO     | __main__:forecast_commodity:266 -   weekly       -> N   1,711,414/MT  +4.8%  (2026-06-08)
2026-05-29 07:37:23.291 | INFO     | __main__:forecast_commodity:266 -   2_weeks      -> N   1,720,377/MT  +5.3%  (2026-06-15)
2026-05-29 07:37:23.291 | INFO     | __main__:forecast_commodity:266 -   monthly      -> N   1,724,990/MT  +5.6%  (2026-06-29)
2026-05-29 07:37:23.295 | INFO     | __main__:forecast_commodity:266 -   3_months     -> N   1,743,073/MT  +6.7%  (2026-08-31)
2026-05-29 07:37:23.298 | INFO     | __main__:forecast_commodity:266 -   6_months     -> N   1,753,707/MT  +7.3%  (2026-11-30)
2026-05-29 07:37:23.310 | INFO     | __main__:run_forecasting:331 -   Rice
2026-05-29 07:37:23.385 | INFO     | __main__:run_forecasting:347 - 
  Forecast JSON saved -> C:\Users\USER\Downloads\agrolinking-intel-structure\agrolinking-intel\outputs\forecasts\forecast_2026-05-29.json
2026-05-29 07:37:23.386 | INFO     | __main__:run_forecasting:373 -   Daily alert saved -> C:\Users\USER\Downloads\agrolinking-intel-structure\agrolinking-intel\outputs\daily_alerts\alert_2026-05-29.txt
2026-05-29 07:37:23.386 | INFO     | __main__:run_forecasting:374 - 
=================================================================
2026-05-29 07:37:23.389 | INFO     | __main__:run_forecasting:375 -   DAILY PRICE ALERT
2026-05-29 07:37:23.389 | INFO     | __main__:run_forecasting:376 - =================================================================
2026-05-29 07:37:23.389 | INFO     | __main__:run_forecasting:378 -   AGROLINKING COMMODITY INTELLIGENCE ALERT
2026-05-29 07:37:23.389 | INFO     | __main__:run_forecasting:378 -   Friday, 29 May 2026
2026-05-29 07:37:23.389 | INFO     | __main__:run_forecasting:378 -   ─────────────────────────────────────────────
2026-05-29 07:37:23.389 | INFO     | __main__:run_forecasting:378 -   Hibiscus               N   2,153,771/MT  -3.7%
2026-05-29 07:37:23.389 | INFO     | __main__:run_forecasting:378 -   Sesame                 N   1,421,964/MT  +10.1%
2026-05-29 07:37:23.389 | INFO     | __main__:run_forecasting:378 -   Ginger                 N  11,117,133/MT  +10.1%
2026-05-29 07:37:23.389 | INFO     | __main__:run_forecasting:378 -   Cocoa                  N   8,025,291/MT  +28.5%
2026-05-29 07:37:23.389 | INFO     | __main__:run_forecasting:378 -   Soybeans               N     849,110/MT  +7.6%
2026-05-29 07:37:23.389 | INFO     | __main__:run_forecasting:378 -   Cashew Nuts            N   2,111,115/MT  +3.6%
2026-05-29 07:37:23.389 | INFO     | __main__:run_forecasting:378 -   Sorghum                N     434,996/MT  +20.2%
2026-05-29 07:37:23.389 | INFO     | __main__:run_forecasting:378 -   Beans (white)          N     984,969/MT  +14.8%
2026-05-29 07:37:23.389 | INFO     | __main__:run_forecasting:378 -   Beans (red)            N     866,725/MT  -4.5%
2026-05-29 07:37:23.389 | INFO     | __main__:run_forecasting:378 -   Maize (white)          N     372,453/MT  +0.2%
2026-05-29 07:37:23.389 | INFO     | __main__:run_forecasting:378 -   Maize (yellow)         N     417,549/MT  +0.4%
2026-05-29 07:37:23.397 | INFO     | __main__:run_forecasting:378 -   Wheat                  N     755,129/MT  +3.2%
2026-05-29 07:37:23.397 | INFO     | __main__:run_forecasting:378 -   Rice                   N   1,711,414/MT  +4.8%
2026-05-29 07:37:23.397 | INFO     | __main__:run_forecasting:378 -   ─────────────────────────────────────────────
2026-05-29 07:37:23.397 | INFO     | __main__:run_forecasting:378 -   Source: Agrolinking Intelligence Platform
2026-05-29 07:37:23.397 | INFO     | __main__:run_forecasting:378 -   Next update: 30 May 2026
2026-05-29 07:37:23.397 | INFO     | __main__:run_forecasting:381 - 
======================================================================
2026-05-29 07:37:23.397 | INFO     | __main__:run_forecasting:382 -   FORECAST SUMMARY
2026-05-29 07:37:23.397 | INFO     | __main__:run_forecasting:383 - ======================================================================
2026-05-29 07:37:23.397 | INFO     | __main__:run_forecasting:385 -   Commodity                      daily        weekly       monthly      3_months      6_months
2026-05-29 07:37:23.397 | INFO     | __main__:run_forecasting:386 -   ---------------------------------------------------------------------------
2026-05-29 07:37:23.397 | INFO     | __main__:run_forecasting:392 -   Hibiscus                N 2,153,771  N 2,153,771  N 2,152,286  N 2,100,848  N 1,972,325
2026-05-29 07:37:23.397 | INFO     | __main__:run_forecasting:392 -   Sesame                  N 1,421,964  N 1,421,964  N 1,482,044  N 1,409,912  N 1,377,255
2026-05-29 07:37:23.397 | INFO     | __main__:run_forecasting:392 -   Ginger                  N11,117,133  N11,117,133  N12,171,714  N10,993,226  N10,455,676
2026-05-29 07:37:23.397 | INFO     | __main__:run_forecasting:392 -   Cocoa                   N 8,025,291  N 8,025,291  N10,422,328  N 9,509,381  N 9,795,049
2026-05-29 07:37:23.406 | INFO     | __main__:run_forecasting:392 -   Soybeans                N   849,110  N   849,110  N   911,821  N   874,126  N   853,700
2026-05-29 07:37:23.406 | INFO     | __main__:run_forecasting:392 -   Cashew Nuts             N 2,111,115  N 2,111,115  N 2,160,936  N 2,231,061  N 2,182,105
2026-05-29 07:37:23.406 | INFO     | __main__:run_forecasting:392 -   Sorghum                 N   434,996  N   434,996  N   482,970  N   471,899  N   432,994
2026-05-29 07:37:23.406 | INFO     | __main__:run_forecasting:392 -   Beans (white)           N   984,969  N   984,969  N 1,027,682  N 1,068,255  N 1,080,583
2026-05-29 07:37:23.406 | INFO     | __main__:run_forecasting:392 -   Beans (red)             N   866,725  N   866,725  N   875,729  N   862,441  N   742,817
2026-05-29 07:37:23.406 | INFO     | __main__:run_forecasting:392 -   Maize (white)           N   372,453  N   372,453  N   374,128  N   364,324  N   361,494
2026-05-29 07:37:23.406 | INFO     | __main__:run_forecasting:392 -   Maize (yellow)          N   417,549  N   417,549  N   422,527  N   427,522  N   428,539
2026-05-29 07:37:23.406 | INFO     | __main__:run_forecasting:392 -   Wheat                   N   755,129  N   755,129  N   769,661  N   762,839  N   775,245
2026-05-29 07:37:23.406 | INFO     | __main__:run_forecasting:392 -   Rice                    N 1,711,414  N 1,711,414  N 1,724,990  N 1,743,073  N 1,753,707
2026-05-29 07:37:23.406 | INFO     | __main__:run_forecasting:393 - ======================================================================
2026-05-29 07:37:23.406 | SUCCESS  | __main__:run_forecasting:397 - FORECASTING COMPLETE — 13/13 commodities
