2026-09-22 06:40:54.140 | INFO     | __main__:run_forecasting:752 - ============================================================
2026-09-22 06:40:54.149 | INFO     | __main__:run_forecasting:753 - STEP 5 — FORECASTING ENGINE
2026-09-22 06:40:54.153 | INFO     | __main__:run_forecasting:754 -   Run date  : Tuesday, 22 September 2026
2026-09-22 06:40:54.159 | INFO     | __main__:run_forecasting:755 -   Commodities: 17
2026-09-22 06:40:54.178 | INFO     | __main__:run_forecasting:756 -   Horizons  : ['daily', 'weekly', '2_weeks', 'monthly', '3_months', '6_months']
2026-09-22 06:40:54.183 | INFO     | __main__:run_forecasting:757 - ============================================================
2026-09-22 06:40:54.346 | INFO     | __main__:run_forecasting:760 - 
[1/17] Forecasting Hibiscus...
2026-09-22 06:41:57.908 | DEBUG    | __main__:forecast_commodity:618 -   [Hibiscus] 3/3 models generated forecasts
2026-09-22 06:41:57.972 | INFO     | __main__:run_forecasting:770 -   daily        → ₦    2,271,254/MT  ↓ -1.2%  (2026-09-22)
2026-09-22 06:41:57.972 | INFO     | __main__:run_forecasting:770 -   weekly       → ₦    2,110,281/MT  ↓ -8.2%  (2026-09-28)
2026-09-22 06:41:57.974 | INFO     | __main__:run_forecasting:770 -   2_weeks      → ₦    2,071,393/MT  ↓ -9.9%  (2026-10-05)
2026-09-22 06:41:57.975 | INFO     | __main__:run_forecasting:770 -   monthly      → ₦    1,971,874/MT  ↓ -14.2%  (2026-10-21)
2026-09-22 06:41:57.976 | INFO     | __main__:run_forecasting:770 -   3_months     → ₦    2,035,940/MT  ↓ -11.4%  (2026-12-20)
2026-09-22 06:41:57.976 | INFO     | __main__:run_forecasting:770 -   6_months     → ₦    2,024,924/MT  ↓ -11.9%  (2027-03-20)
2026-09-22 06:41:57.977 | INFO     | __main__:run_forecasting:776 -   ✅ Hibiscus
2026-09-22 06:41:57.978 | INFO     | __main__:run_forecasting:760 - 
[2/17] Forecasting Sesame...
2026-09-22 06:42:00.913 | DEBUG    | __main__:forecast_commodity:618 -   [Sesame] 3/3 models generated forecasts
2026-09-22 06:42:00.959 | INFO     | __main__:run_forecasting:770 -   daily        → ₦    1,600,585/MT  ↓ -1.4%  (2026-09-22)
2026-09-22 06:42:00.961 | INFO     | __main__:run_forecasting:770 -   weekly       → ₦    1,464,317/MT  ↓ -9.8%  (2026-09-28)
2026-09-22 06:42:00.962 | INFO     | __main__:run_forecasting:770 -   2_weeks      → ₦    1,384,554/MT  ↓ -14.7%  (2026-10-05)
2026-09-22 06:42:00.963 | INFO     | __main__:run_forecasting:770 -   monthly      → ₦    1,367,825/MT  ↓ -15.7%  (2026-10-21)
2026-09-22 06:42:00.964 | INFO     | __main__:run_forecasting:770 -   3_months     → ₦    1,591,279/MT  ↓ -2.0%  (2026-12-20)
2026-09-22 06:42:00.964 | INFO     | __main__:run_forecasting:770 -   6_months     → ₦    1,515,701/MT  ↓ -6.6%  (2027-03-20)
2026-09-22 06:42:00.965 | INFO     | __main__:run_forecasting:776 -   ✅ Sesame
2026-09-22 06:42:00.966 | INFO     | __main__:run_forecasting:760 - 
[3/17] Forecasting Ginger...
2026-09-22 06:42:03.355 | DEBUG    | __main__:forecast_commodity:618 -   [Ginger] 3/3 models generated forecasts
2026-09-22 06:42:03.403 | INFO     | __main__:run_forecasting:770 -   daily        → ₦   11,947,518/MT  ↑ +0.0%  (2026-09-22)
2026-09-22 06:42:03.404 | INFO     | __main__:run_forecasting:770 -   weekly       → ₦   11,970,211/MT  ↑ +0.2%  (2026-09-28)
2026-09-22 06:42:03.404 | INFO     | __main__:run_forecasting:770 -   2_weeks      → ₦   11,935,253/MT  ↓ -0.1%  (2026-10-05)
2026-09-22 06:42:03.405 | INFO     | __main__:run_forecasting:770 -   monthly      → ₦   11,858,682/MT  ↓ -0.7%  (2026-10-21)
2026-09-22 06:42:03.406 | INFO     | __main__:run_forecasting:770 -   3_months     → ₦   11,563,107/MT  ↓ -3.2%  (2026-12-20)
2026-09-22 06:42:03.406 | INFO     | __main__:run_forecasting:770 -   6_months     → ₦   11,407,994/MT  ↓ -4.5%  (2027-03-20)
2026-09-22 06:42:03.407 | INFO     | __main__:run_forecasting:776 -   ✅ Ginger
2026-09-22 06:42:03.408 | INFO     | __main__:run_forecasting:760 - 
[4/17] Forecasting Cocoa...
2026-09-22 06:42:05.769 | DEBUG    | __main__:forecast_commodity:618 -   [Cocoa] 3/3 models generated forecasts
2026-09-22 06:42:05.971 | INFO     | __main__:run_forecasting:770 -   daily        → ₦    5,801,420/MT  ↑ +1.6%  (2026-09-22)
2026-09-22 06:42:05.989 | INFO     | __main__:run_forecasting:770 -   weekly       → ₦    6,333,781/MT  ↑ +10.9%  (2026-09-28)
2026-09-22 06:42:06.007 | INFO     | __main__:run_forecasting:770 -   2_weeks      → ₦    6,571,213/MT  ↑ +15.0%  (2026-10-05)
2026-09-22 06:42:06.016 | INFO     | __main__:run_forecasting:770 -   monthly      → ₦    6,679,566/MT  ↑ +16.9%  (2026-10-21)
2026-09-22 06:42:06.041 | INFO     | __main__:run_forecasting:770 -   3_months     → ₦    6,081,312/MT  ↑ +6.5%  (2026-12-20)
2026-09-22 06:42:06.066 | INFO     | __main__:run_forecasting:770 -   6_months     → ₦    5,630,327/MT  ↓ -1.4%  (2027-03-20)
2026-09-22 06:42:06.084 | INFO     | __main__:run_forecasting:776 -   ✅ Cocoa
2026-09-22 06:42:06.158 | INFO     | __main__:run_forecasting:760 - 
[5/17] Forecasting Soybeans...
2026-09-22 06:42:08.746 | DEBUG    | __main__:forecast_commodity:618 -   [Soybeans] 3/3 models generated forecasts
2026-09-22 06:42:08.792 | INFO     | __main__:run_forecasting:770 -   daily        → ₦      719,016/MT  ↓ -2.9%  (2026-09-22)
2026-09-22 06:42:08.794 | INFO     | __main__:run_forecasting:770 -   weekly       → ₦      591,488/MT  ↓ -20.1%  (2026-09-28)
2026-09-22 06:42:08.795 | INFO     | __main__:run_forecasting:770 -   2_weeks      → ₦      569,973/MT  ↓ -23.0%  (2026-10-05)
2026-09-22 06:42:08.796 | INFO     | __main__:run_forecasting:770 -   monthly      → ₦      527,078/MT  ↓ -28.8%  (2026-10-21)
2026-09-22 06:42:08.796 | INFO     | __main__:run_forecasting:770 -   3_months     → ₦      512,044/MT  ↓ -30.8%  (2026-12-20)
2026-09-22 06:42:08.798 | INFO     | __main__:run_forecasting:770 -   6_months     → ₦      499,975/MT  ↓ -32.5%  (2027-03-20)
2026-09-22 06:42:08.799 | INFO     | __main__:run_forecasting:776 -   ✅ Soybeans
2026-09-22 06:42:08.801 | INFO     | __main__:run_forecasting:760 - 
[6/17] Forecasting Cashew Nuts...
2026-09-22 06:42:12.596 | DEBUG    | __main__:forecast_commodity:618 -   [Cashew Nuts] 3/3 models generated forecasts
2026-09-22 06:42:12.649 | INFO     | __main__:run_forecasting:770 -   daily        → ₦    1,881,292/MT  ↓ -1.8%  (2026-09-22)
2026-09-22 06:42:12.650 | INFO     | __main__:run_forecasting:770 -   weekly       → ₦    1,669,303/MT  ↓ -12.9%  (2026-09-28)
2026-09-22 06:42:12.650 | INFO     | __main__:run_forecasting:770 -   2_weeks      → ₦    1,701,244/MT  ↓ -11.2%  (2026-10-05)
2026-09-22 06:42:12.651 | INFO     | __main__:run_forecasting:770 -   monthly      → ₦    1,721,066/MT  ↓ -10.2%  (2026-10-21)
2026-09-22 06:42:12.652 | INFO     | __main__:run_forecasting:770 -   3_months     → ₦    1,748,624/MT  ↓ -8.8%  (2026-12-20)
2026-09-22 06:42:12.653 | INFO     | __main__:run_forecasting:770 -   6_months     → ₦    1,762,906/MT  ↓ -8.0%  (2027-03-20)
2026-09-22 06:42:12.653 | INFO     | __main__:run_forecasting:776 -   ✅ Cashew Nuts
2026-09-22 06:42:12.654 | INFO     | __main__:run_forecasting:760 - 
[7/17] Forecasting Sorghum...
2026-09-22 06:42:15.485 | DEBUG    | __main__:forecast_commodity:618 -   [Sorghum] 3/3 models generated forecasts
2026-09-22 06:42:15.536 | INFO     | __main__:run_forecasting:770 -   daily        → ₦      397,372/MT  ↓ -4.5%  (2026-09-22)
2026-09-22 06:42:15.538 | INFO     | __main__:run_forecasting:770 -   weekly       → ₦      283,948/MT  ↓ -31.8%  (2026-09-28)
2026-09-22 06:42:15.541 | INFO     | __main__:run_forecasting:770 -   2_weeks      → ₦      272,250/MT  ↓ -34.6%  (2026-10-05)
2026-09-22 06:42:15.552 | INFO     | __main__:run_forecasting:770 -   monthly      → ₦      260,419/MT  ↓ -37.4%  (2026-10-21)
2026-09-22 06:42:15.569 | INFO     | __main__:run_forecasting:770 -   3_months     → ₦      234,192/MT  ↓ -43.7%  (2026-12-20)
2026-09-22 06:42:15.575 | INFO     | __main__:run_forecasting:770 -   6_months     → ₦      208,229/MT  ↓ -50.0%  (2027-03-20)
2026-09-22 06:42:15.577 | INFO     | __main__:run_forecasting:776 -   ✅ Sorghum
2026-09-22 06:42:15.584 | INFO     | __main__:run_forecasting:760 - 
[8/17] Forecasting Beans (white)...
2026-09-22 06:42:18.285 | DEBUG    | __main__:forecast_commodity:618 -   [Beans (white)] 3/3 models generated forecasts
2026-09-22 06:42:18.331 | INFO     | __main__:run_forecasting:770 -   daily        → ₦      768,996/MT  ↓ -4.5%  (2026-09-22)
2026-09-22 06:42:18.332 | INFO     | __main__:run_forecasting:770 -   weekly       → ₦      549,688/MT  ↓ -31.8%  (2026-09-28)
2026-09-22 06:42:18.333 | INFO     | __main__:run_forecasting:770 -   2_weeks      → ₦      548,543/MT  ↓ -31.9%  (2026-10-05)
2026-09-22 06:42:18.333 | INFO     | __main__:run_forecasting:770 -   monthly      → ₦      547,827/MT  ↓ -32.0%  (2026-10-21)
2026-09-22 06:42:18.334 | INFO     | __main__:run_forecasting:770 -   3_months     → ₦      561,097/MT  ↓ -30.4%  (2026-12-20)
2026-09-22 06:42:18.335 | INFO     | __main__:run_forecasting:770 -   6_months     → ₦      562,898/MT  ↓ -30.1%  (2027-03-20)
2026-09-22 06:42:18.335 | INFO     | __main__:run_forecasting:776 -   ✅ Beans (white)
2026-09-22 06:42:18.336 | INFO     | __main__:run_forecasting:760 - 
[9/17] Forecasting Beans (red)...
2026-09-22 06:42:20.961 | DEBUG    | __main__:forecast_commodity:618 -   [Beans (red)] 3/3 models generated forecasts
2026-09-22 06:42:21.003 | INFO     | __main__:run_forecasting:770 -   daily        → ₦      871,736/MT  ↓ -3.9%  (2026-09-22)
2026-09-22 06:42:21.004 | INFO     | __main__:run_forecasting:770 -   weekly       → ₦      660,224/MT  ↓ -27.2%  (2026-09-28)
2026-09-22 06:42:21.005 | INFO     | __main__:run_forecasting:770 -   2_weeks      → ₦      661,167/MT  ↓ -27.1%  (2026-10-05)
2026-09-22 06:42:21.007 | INFO     | __main__:run_forecasting:770 -   monthly      → ₦      661,828/MT  ↓ -27.0%  (2026-10-21)
2026-09-22 06:42:21.008 | INFO     | __main__:run_forecasting:770 -   3_months     → ₦      791,027/MT  ↓ -12.8%  (2026-12-20)
2026-09-22 06:42:21.009 | INFO     | __main__:run_forecasting:770 -   6_months     → ₦      786,873/MT  ↓ -13.2%  (2027-03-20)
2026-09-22 06:42:21.010 | INFO     | __main__:run_forecasting:776 -   ✅ Beans (red)
2026-09-22 06:42:21.010 | INFO     | __main__:run_forecasting:760 - 
[10/17] Forecasting Maize (white)...
2026-09-22 06:42:23.025 | DEBUG    | __main__:forecast_commodity:618 -   [Maize (white)] 3/3 models generated forecasts
2026-09-22 06:42:23.075 | INFO     | __main__:run_forecasting:770 -   daily        → ₦      356,171/MT  ↓ -2.0%  (2026-09-22)
2026-09-22 06:42:23.084 | INFO     | __main__:run_forecasting:770 -   weekly       → ₦      311,439/MT  ↓ -14.3%  (2026-09-28)
2026-09-22 06:42:23.094 | INFO     | __main__:run_forecasting:770 -   2_weeks      → ₦      312,407/MT  ↓ -14.1%  (2026-10-05)
2026-09-22 06:42:23.117 | INFO     | __main__:run_forecasting:770 -   monthly      → ₦      314,400/MT  ↓ -13.5%  (2026-10-21)
2026-09-22 06:42:23.126 | INFO     | __main__:run_forecasting:770 -   3_months     → ₦      328,224/MT  ↓ -9.7%  (2026-12-20)
2026-09-22 06:42:23.135 | INFO     | __main__:run_forecasting:770 -   6_months     → ₦      335,413/MT  ↓ -7.8%  (2027-03-20)
2026-09-22 06:42:23.148 | INFO     | __main__:run_forecasting:776 -   ✅ Maize (white)
2026-09-22 06:42:23.155 | INFO     | __main__:run_forecasting:760 - 
[11/17] Forecasting Maize (yellow)...
2026-09-22 06:42:25.323 | DEBUG    | __main__:forecast_commodity:618 -   [Maize (yellow)] 3/3 models generated forecasts
2026-09-22 06:42:25.364 | INFO     | __main__:run_forecasting:770 -   daily        → ₦      385,522/MT  ↓ -2.0%  (2026-09-22)
2026-09-22 06:42:25.365 | INFO     | __main__:run_forecasting:770 -   weekly       → ₦      338,566/MT  ↓ -13.9%  (2026-09-28)
2026-09-22 06:42:25.365 | INFO     | __main__:run_forecasting:770 -   2_weeks      → ₦      342,096/MT  ↓ -13.0%  (2026-10-05)
2026-09-22 06:42:25.366 | INFO     | __main__:run_forecasting:770 -   monthly      → ₦      348,329/MT  ↓ -11.4%  (2026-10-21)
2026-09-22 06:42:25.366 | INFO     | __main__:run_forecasting:770 -   3_months     → ₦      360,201/MT  ↓ -8.4%  (2026-12-20)
2026-09-22 06:42:25.367 | INFO     | __main__:run_forecasting:770 -   6_months     → ₦      366,877/MT  ↓ -6.7%  (2027-03-20)
2026-09-22 06:42:25.368 | INFO     | __main__:run_forecasting:776 -   ✅ Maize (yellow)
2026-09-22 06:42:25.368 | INFO     | __main__:run_forecasting:760 - 
[12/17] Forecasting Wheat...
2026-09-22 06:42:27.479 | DEBUG    | __main__:forecast_commodity:618 -   [Wheat] 3/3 models generated forecasts
2026-09-22 06:42:27.526 | INFO     | __main__:run_forecasting:770 -   daily        → ₦      683,096/MT  ↓ -1.8%  (2026-09-22)
2026-09-22 06:42:27.526 | INFO     | __main__:run_forecasting:770 -   weekly       → ₦      608,572/MT  ↓ -12.5%  (2026-09-28)
2026-09-22 06:42:27.527 | INFO     | __main__:run_forecasting:770 -   2_weeks      → ₦      602,476/MT  ↓ -13.4%  (2026-10-05)
2026-09-22 06:42:27.528 | INFO     | __main__:run_forecasting:770 -   monthly      → ₦      599,432/MT  ↓ -13.8%  (2026-10-21)
2026-09-22 06:42:27.528 | INFO     | __main__:run_forecasting:770 -   3_months     → ₦      609,621/MT  ↓ -12.3%  (2026-12-20)
2026-09-22 06:42:27.528 | INFO     | __main__:run_forecasting:770 -   6_months     → ₦      618,032/MT  ↓ -11.1%  (2027-03-20)
2026-09-22 06:42:27.529 | INFO     | __main__:run_forecasting:776 -   ✅ Wheat
2026-09-22 06:42:27.529 | INFO     | __main__:run_forecasting:760 - 
[13/17] Forecasting Rice...
2026-09-22 06:42:29.799 | DEBUG    | __main__:forecast_commodity:618 -   [Rice] 3/3 models generated forecasts
2026-09-22 06:42:29.847 | INFO     | __main__:run_forecasting:770 -   daily        → ₦    1,499,273/MT  ↓ -1.7%  (2026-09-22)
2026-09-22 06:42:29.848 | INFO     | __main__:run_forecasting:770 -   weekly       → ₦    1,344,791/MT  ↓ -11.8%  (2026-09-28)
2026-09-22 06:42:29.848 | INFO     | __main__:run_forecasting:770 -   2_weeks      → ₦    1,324,691/MT  ↓ -13.1%  (2026-10-05)
2026-09-22 06:42:29.849 | INFO     | __main__:run_forecasting:770 -   monthly      → ₦    1,306,858/MT  ↓ -14.3%  (2026-10-21)
2026-09-22 06:42:29.849 | INFO     | __main__:run_forecasting:770 -   3_months     → ₦    1,394,881/MT  ↓ -8.5%  (2026-12-20)
2026-09-22 06:42:29.850 | INFO     | __main__:run_forecasting:770 -   6_months     → ₦    1,536,548/MT  ↑ +0.8%  (2027-03-20)
2026-09-22 06:42:29.850 | INFO     | __main__:run_forecasting:776 -   ✅ Rice
2026-09-22 06:42:29.851 | INFO     | __main__:run_forecasting:760 - 
[14/17] Forecasting Meat (beef)...
2026-09-22 06:42:31.908 | DEBUG    | __main__:forecast_commodity:618 -   [Meat (beef)] 3/3 models generated forecasts
2026-09-22 06:42:31.954 | INFO     | __main__:run_forecasting:770 -   daily        → ₦    6,645,745/MT  ↑ +1.1%  (2026-09-22)
2026-09-22 06:42:31.955 | INFO     | __main__:run_forecasting:770 -   weekly       → ₦    7,078,429/MT  ↑ +7.7%  (2026-09-28)
2026-09-22 06:42:31.955 | INFO     | __main__:run_forecasting:770 -   2_weeks      → ₦    6,921,545/MT  ↑ +5.3%  (2026-10-05)
2026-09-22 06:42:31.956 | INFO     | __main__:run_forecasting:770 -   monthly      → ₦    6,958,198/MT  ↑ +5.8%  (2026-10-21)
2026-09-22 06:42:31.957 | INFO     | __main__:run_forecasting:770 -   3_months     → ₦    7,275,651/MT  ↑ +10.7%  (2026-12-20)
2026-09-22 06:42:31.957 | INFO     | __main__:run_forecasting:770 -   6_months     → ₦    7,435,636/MT  ↑ +13.1%  (2027-03-20)
2026-09-22 06:42:31.958 | INFO     | __main__:run_forecasting:776 -   ✅ Meat (beef)
2026-09-22 06:42:31.958 | INFO     | __main__:run_forecasting:760 - 
[15/17] Forecasting Meat (goat)...
2026-09-22 06:42:33.690 | DEBUG    | __main__:forecast_commodity:618 -   [Meat (goat)] 3/3 models generated forecasts
2026-09-22 06:42:33.743 | INFO     | __main__:run_forecasting:770 -   daily        → ₦    6,559,273/MT  ↑ +0.4%  (2026-09-22)
2026-09-22 06:42:33.744 | INFO     | __main__:run_forecasting:770 -   weekly       → ₦    6,709,439/MT  ↑ +2.7%  (2026-09-28)
2026-09-22 06:42:33.745 | INFO     | __main__:run_forecasting:770 -   2_weeks      → ₦    6,659,748/MT  ↑ +1.9%  (2026-10-05)
2026-09-22 06:42:33.745 | INFO     | __main__:run_forecasting:770 -   monthly      → ₦    6,653,103/MT  ↑ +1.8%  (2026-10-21)
2026-09-22 06:42:33.746 | INFO     | __main__:run_forecasting:770 -   3_months     → ₦    6,770,177/MT  ↑ +3.6%  (2026-12-20)
2026-09-22 06:42:33.746 | INFO     | __main__:run_forecasting:770 -   6_months     → ₦    6,822,442/MT  ↑ +4.4%  (2027-03-20)
2026-09-22 06:42:33.747 | INFO     | __main__:run_forecasting:776 -   ✅ Meat (goat)
2026-09-22 06:42:33.748 | INFO     | __main__:run_forecasting:760 - 
[16/17] Forecasting Fish (dried)...
2026-09-22 06:42:35.459 | DEBUG    | __main__:forecast_commodity:618 -   [Fish (dried)] 3/3 models generated forecasts
2026-09-22 06:42:35.508 | INFO     | __main__:run_forecasting:770 -   daily        → ₦    1,148,919/MT  ↓ -3.6%  (2026-09-22)
2026-09-22 06:42:35.509 | INFO     | __main__:run_forecasting:770 -   weekly       → ₦      892,108/MT  ↓ -25.1%  (2026-09-28)
2026-09-22 06:42:35.509 | INFO     | __main__:run_forecasting:770 -   2_weeks      → ₦      893,914/MT  ↓ -25.0%  (2026-10-05)
2026-09-22 06:42:35.510 | INFO     | __main__:run_forecasting:770 -   monthly      → ₦      872,913/MT  ↓ -26.8%  (2026-10-21)
2026-09-22 06:42:35.510 | INFO     | __main__:run_forecasting:770 -   3_months     → ₦      922,997/MT  ↓ -22.6%  (2026-12-20)
2026-09-22 06:42:35.512 | INFO     | __main__:run_forecasting:770 -   6_months     → ₦      927,793/MT  ↓ -22.1%  (2027-03-20)
2026-09-22 06:42:35.513 | INFO     | __main__:run_forecasting:776 -   ✅ Fish (dried)
2026-09-22 06:42:35.514 | INFO     | __main__:run_forecasting:760 - 
[17/17] Forecasting Eggs...
2026-09-22 06:42:37.476 | DEBUG    | __main__:forecast_commodity:618 -   [Eggs] 3/3 models generated forecasts
2026-09-22 06:42:37.533 | INFO     | __main__:run_forecasting:770 -   daily        → ₦        6,099/MT  ↓ -1.1%  (2026-09-22)
2026-09-22 06:42:37.534 | INFO     | __main__:run_forecasting:770 -   weekly       → ₦        5,708/MT  ↓ -7.4%  (2026-09-28)
2026-09-22 06:42:37.535 | INFO     | __main__:run_forecasting:770 -   2_weeks      → ₦        5,581/MT  ↓ -9.5%  (2026-10-05)
2026-09-22 06:42:37.536 | INFO     | __main__:run_forecasting:770 -   monthly      → ₦        5,606/MT  ↓ -9.1%  (2026-10-21)
2026-09-22 06:42:37.536 | INFO     | __main__:run_forecasting:770 -   3_months     → ₦        5,698/MT  ↓ -7.5%  (2026-12-20)
2026-09-22 06:42:37.537 | INFO     | __main__:run_forecasting:770 -   6_months     → ₦        5,511/MT  ↓ -10.6%  (2027-03-20)
2026-09-22 06:42:37.538 | INFO     | __main__:run_forecasting:776 -   ✅ Eggs
2026-09-22 06:42:38.233 | INFO     | __main__:run_forecasting:785 - 
  Forecast JSON saved → C:\Users\USER\Downloads\agrolinking-intel-structure\agrolinking-intel\outputs\forecasts\forecast_2026-09-22.json
2026-09-22 06:42:38.242 | INFO     | __main__:run_forecasting:793 -   Daily alert saved → C:\Users\USER\Downloads\agrolinking-intel-structure\agrolinking-intel\outputs\daily_alerts\alert_2026-09-22.txt
2026-09-22 06:42:38.243 | INFO     | __main__:run_forecasting:796 - 
============================================================
2026-09-22 06:42:38.244 | INFO     | __main__:run_forecasting:797 -   DAILY PRICE ALERT
2026-09-22 06:42:38.244 | INFO     | __main__:run_forecasting:798 - ============================================================
2026-09-22 06:42:38.246 | INFO     | __main__:run_forecasting:800 -   📊 AGROLINKING COMMODITY INTELLIGENCE ALERT
2026-09-22 06:42:38.246 | INFO     | __main__:run_forecasting:800 -   📅 Tuesday, 22 September 2026
2026-09-22 06:42:38.247 | INFO     | __main__:run_forecasting:800 -   ─────────────────────────────────────────────
2026-09-22 06:42:38.248 | INFO     | __main__:run_forecasting:800 -   ▼ Hibiscus           ₦    2,271,254/MT  -1.17%
2026-09-22 06:42:38.248 | INFO     | __main__:run_forecasting:800 -   ▼ Sesame             ₦    1,600,585/MT  -1.40%
2026-09-22 06:42:38.249 | INFO     | __main__:run_forecasting:800 -   → Ginger             ₦   11,947,518/MT  +0.03%
2026-09-22 06:42:38.251 | INFO     | __main__:run_forecasting:800 -   ▲ Cocoa              ₦    5,801,420/MT  +1.55%
2026-09-22 06:42:38.252 | INFO     | __main__:run_forecasting:800 -   ▼ Soybeans           ₦      719,016/MT  -2.87%
2026-09-22 06:42:38.253 | INFO     | __main__:run_forecasting:800 -   ▼ Cashew Nuts        ₦    1,881,292/MT  -1.84%
2026-09-22 06:42:38.254 | INFO     | __main__:run_forecasting:800 -   ▼ Sorghum            ₦      397,372/MT  -4.54%
2026-09-22 06:42:38.254 | INFO     | __main__:run_forecasting:800 -   ▼ Beans (white)      ₦      768,996/MT  -4.54%
2026-09-22 06:42:38.256 | INFO     | __main__:run_forecasting:800 -   ▼ Beans (red)        ₦      871,736/MT  -3.89%
2026-09-22 06:42:38.257 | INFO     | __main__:run_forecasting:800 -   ▼ Maize (white)      ₦      356,171/MT  -2.05%
2026-09-22 06:42:38.258 | INFO     | __main__:run_forecasting:800 -   ▼ Maize (yellow)     ₦      385,522/MT  -1.99%
2026-09-22 06:42:38.259 | INFO     | __main__:run_forecasting:800 -   ▼ Wheat              ₦      683,096/MT  -1.79%
2026-09-22 06:42:38.260 | INFO     | __main__:run_forecasting:800 -   ▼ Rice               ₦    1,499,273/MT  -1.69%
2026-09-22 06:42:38.263 | INFO     | __main__:run_forecasting:800 -   ▲ Meat (beef)        ₦    6,645,745/MT  +1.10%
2026-09-22 06:42:38.264 | INFO     | __main__:run_forecasting:800 -   → Meat (goat)        ₦    6,559,273/MT  +0.38%
2026-09-22 06:42:38.265 | INFO     | __main__:run_forecasting:800 -   ▼ Fish (dried)       ₦    1,148,919/MT  -3.59%
2026-09-22 06:42:38.267 | INFO     | __main__:run_forecasting:800 -   ▼ Eggs               ₦        6,099/MT  -1.06%
2026-09-22 06:42:38.268 | INFO     | __main__:run_forecasting:800 -   ─────────────────────────────────────────────
2026-09-22 06:42:38.269 | INFO     | __main__:run_forecasting:800 -   Source: Agrolinking Intelligence Platform
2026-09-22 06:42:38.270 | INFO     | __main__:run_forecasting:800 -   Next update: 23 Sep 2026
2026-09-22 06:42:38.270 | INFO     | __main__:run_forecasting:804 - 
  Note: master append handled by 06_validate.py (corrected prices).
2026-09-22 06:42:38.272 | INFO     | __main__:run_forecasting:808 - 
======================================================================
2026-09-22 06:42:38.273 | INFO     | __main__:run_forecasting:809 -   FORECAST SUMMARY — ALL COMMODITIES
2026-09-22 06:42:38.275 | INFO     | __main__:run_forecasting:810 - ======================================================================
2026-09-22 06:42:38.276 | INFO     | __main__:run_forecasting:811 -   Commodity                     Today         1 Week        1 Month       3 Months       6 Months
2026-09-22 06:42:38.277 | INFO     | __main__:run_forecasting:816 -   ----------------------------------------------------------------------------------
2026-09-22 06:42:38.278 | INFO     | __main__:run_forecasting:829 -   Hibiscus             ₦   2,271,254  ₦   2,110,281  ₦   1,971,874  ₦   2,035,940  ₦   2,024,924
2026-09-22 06:42:38.278 | INFO     | __main__:run_forecasting:829 -   Sesame               ₦   1,600,585  ₦   1,464,317  ₦   1,367,825  ₦   1,591,279  ₦   1,515,701
2026-09-22 06:42:38.279 | INFO     | __main__:run_forecasting:829 -   Ginger               ₦  11,947,518  ₦  11,970,211  ₦  11,858,682  ₦  11,563,107  ₦  11,407,994
2026-09-22 06:42:38.280 | INFO     | __main__:run_forecasting:829 -   Cocoa                ₦   5,801,420  ₦   6,333,781  ₦   6,679,566  ₦   6,081,312  ₦   5,630,327
2026-09-22 06:42:38.283 | INFO     | __main__:run_forecasting:829 -   Soybeans             ₦     719,016  ₦     591,488  ₦     527,078  ₦     512,044  ₦     499,975
2026-09-22 06:42:38.285 | INFO     | __main__:run_forecasting:829 -   Cashew Nuts          ₦   1,881,292  ₦   1,669,303  ₦   1,721,066  ₦   1,748,624  ₦   1,762,906
2026-09-22 06:42:38.287 | INFO     | __main__:run_forecasting:829 -   Sorghum              ₦     397,372  ₦     283,948  ₦     260,419  ₦     234,192  ₦     208,229
2026-09-22 06:42:38.290 | INFO     | __main__:run_forecasting:829 -   Beans (white)        ₦     768,996  ₦     549,688  ₦     547,827  ₦     561,097  ₦     562,898
2026-09-22 06:42:38.291 | INFO     | __main__:run_forecasting:829 -   Beans (red)          ₦     871,736  ₦     660,224  ₦     661,828  ₦     791,027  ₦     786,873
2026-09-22 06:42:38.292 | INFO     | __main__:run_forecasting:829 -   Maize (white)        ₦     356,171  ₦     311,439  ₦     314,400  ₦     328,224  ₦     335,413
2026-09-22 06:42:38.293 | INFO     | __main__:run_forecasting:829 -   Maize (yellow)       ₦     385,522  ₦     338,566  ₦     348,329  ₦     360,201  ₦     366,877
2026-09-22 06:42:38.294 | INFO     | __main__:run_forecasting:829 -   Wheat                ₦     683,096  ₦     608,572  ₦     599,432  ₦     609,621  ₦     618,032
2026-09-22 06:42:38.295 | INFO     | __main__:run_forecasting:829 -   Rice                 ₦   1,499,273  ₦   1,344,791  ₦   1,306,858  ₦   1,394,881  ₦   1,536,548
2026-09-22 06:42:38.298 | INFO     | __main__:run_forecasting:829 -   Meat (beef)          ₦   6,645,745  ₦   7,078,429  ₦   6,958,198  ₦   7,275,651  ₦   7,435,636
2026-09-22 06:42:38.299 | INFO     | __main__:run_forecasting:829 -   Meat (goat)          ₦   6,559,273  ₦   6,709,439  ₦   6,653,103  ₦   6,770,177  ₦   6,822,442
2026-09-22 06:42:38.303 | INFO     | __main__:run_forecasting:829 -   Fish (dried)         ₦   1,148,919  ₦     892,108  ₦     872,913  ₦     922,997  ₦     927,793
2026-09-22 06:42:38.304 | INFO     | __main__:run_forecasting:829 -   Eggs                 ₦       6,099  ₦       5,708  ₦       5,606  ₦       5,698  ₦       5,511
2026-09-22 06:42:38.304 | INFO     | __main__:run_forecasting:838 - ======================================================================
2026-09-22 06:42:38.308 | SUCCESS  | __main__:run_forecasting:839 - FORECASTING COMPLETE — 17/17 commodities
2026-09-22 06:42:38.309 | INFO     | __main__:run_forecasting:843 - ======================================================================
