2026-05-19 06:29:23.763 | INFO     | __main__:run_forecasting:648 - ============================================================
2026-05-19 06:29:23.765 | INFO     | __main__:run_forecasting:649 - STEP 5 — FORECASTING ENGINE
2026-05-19 06:29:23.765 | INFO     | __main__:run_forecasting:650 -   Run date  : Tuesday, 19 May 2026
2026-05-19 06:29:23.765 | INFO     | __main__:run_forecasting:651 -   Commodities: 12
2026-05-19 06:29:23.765 | INFO     | __main__:run_forecasting:652 -   Horizons  : ['daily', 'weekly', '2_weeks', 'monthly', '3_months', '6_months']
2026-05-19 06:29:23.765 | INFO     | __main__:run_forecasting:653 - ============================================================
2026-05-19 06:29:23.768 | INFO     | __main__:run_forecasting:656 - 
[1/12] Forecasting Hibiscus...
2026-05-19 06:29:41.900 | DEBUG    | __main__:forecast_commodity:565 -   [Hibiscus] 3/3 models generated forecasts
2026-05-19 06:29:41.961 | INFO     | __main__:run_forecasting:666 -   daily        → ₦    2,210,694/MT  ↓ -4.9%  (2026-05-25)
2026-05-19 06:29:41.963 | INFO     | __main__:run_forecasting:666 -   weekly       → ₦    2,210,694/MT  ↓ -4.9%  (2026-05-25)
2026-05-19 06:29:41.966 | INFO     | __main__:run_forecasting:666 -   2_weeks      → ₦    2,195,077/MT  ↓ -5.6%  (2026-06-01)
2026-05-19 06:29:41.966 | INFO     | __main__:run_forecasting:666 -   monthly      → ₦    2,198,709/MT  ↓ -5.4%  (2026-06-15)
2026-05-19 06:29:41.971 | INFO     | __main__:run_forecasting:666 -   3_months     → ₦    2,112,459/MT  ↓ -9.1%  (2026-08-17)
2026-05-19 06:29:41.973 | INFO     | __main__:run_forecasting:666 -   6_months     → ₦    2,150,811/MT  ↓ -7.5%  (2026-11-16)
2026-05-19 06:29:41.975 | INFO     | __main__:run_forecasting:672 -   ✅ Hibiscus
2026-05-19 06:29:41.978 | INFO     | __main__:run_forecasting:656 - 
[2/12] Forecasting Sesame...
2026-05-19 06:29:43.916 | DEBUG    | __main__:forecast_commodity:565 -   [Sesame] 3/3 models generated forecasts
2026-05-19 06:29:43.925 | INFO     | __main__:run_forecasting:666 -   daily        → ₦    1,267,521/MT  ↑ +1.8%  (2026-05-25)
2026-05-19 06:29:43.926 | INFO     | __main__:run_forecasting:666 -   weekly       → ₦    1,267,521/MT  ↑ +1.8%  (2026-05-25)
2026-05-19 06:29:43.927 | INFO     | __main__:run_forecasting:666 -   2_weeks      → ₦    1,257,673/MT  ↑ +1.0%  (2026-06-01)
2026-05-19 06:29:43.927 | INFO     | __main__:run_forecasting:666 -   monthly      → ₦    1,304,341/MT  ↑ +4.8%  (2026-06-15)
2026-05-19 06:29:43.928 | INFO     | __main__:run_forecasting:666 -   3_months     → ₦    1,276,331/MT  ↑ +2.5%  (2026-08-17)
2026-05-19 06:29:43.928 | INFO     | __main__:run_forecasting:666 -   6_months     → ₦    1,267,174/MT  ↑ +1.8%  (2026-11-16)
2026-05-19 06:29:43.928 | INFO     | __main__:run_forecasting:672 -   ✅ Sesame
2026-05-19 06:29:43.930 | INFO     | __main__:run_forecasting:656 - 
[3/12] Forecasting Ginger...
2026-05-19 06:29:45.905 | DEBUG    | __main__:forecast_commodity:565 -   [Ginger] 3/3 models generated forecasts
2026-05-19 06:29:45.913 | INFO     | __main__:run_forecasting:666 -   daily        → ₦    9,470,122/MT  ↓ -2.4%  (2026-05-25)
2026-05-19 06:29:45.914 | INFO     | __main__:run_forecasting:666 -   weekly       → ₦    9,470,122/MT  ↓ -2.4%  (2026-05-25)
2026-05-19 06:29:45.915 | INFO     | __main__:run_forecasting:666 -   2_weeks      → ₦    9,429,170/MT  ↓ -2.8%  (2026-06-01)
2026-05-19 06:29:45.915 | INFO     | __main__:run_forecasting:666 -   monthly      → ₦    9,362,422/MT  ↓ -3.5%  (2026-06-15)
2026-05-19 06:29:45.916 | INFO     | __main__:run_forecasting:666 -   3_months     → ₦    8,990,496/MT  ↓ -7.3%  (2026-08-17)
2026-05-19 06:29:45.917 | INFO     | __main__:run_forecasting:666 -   6_months     → ₦    8,789,299/MT  ↓ -9.4%  (2026-11-16)
2026-05-19 06:29:45.918 | INFO     | __main__:run_forecasting:672 -   ✅ Ginger
2026-05-19 06:29:45.919 | INFO     | __main__:run_forecasting:656 - 
[4/12] Forecasting Cocoa...
2026-05-19 06:29:47.846 | DEBUG    | __main__:forecast_commodity:565 -   [Cocoa] 3/3 models generated forecasts
2026-05-19 06:29:47.854 | INFO     | __main__:run_forecasting:666 -   daily        → ₦    6,364,581/MT  ↑ +12.7%  (2026-05-25)
2026-05-19 06:29:47.855 | INFO     | __main__:run_forecasting:666 -   weekly       → ₦    6,364,581/MT  ↑ +12.7%  (2026-05-25)
2026-05-19 06:29:47.855 | INFO     | __main__:run_forecasting:666 -   2_weeks      → ₦    6,832,322/MT  ↑ +20.9%  (2026-06-01)
2026-05-19 06:29:47.856 | INFO     | __main__:run_forecasting:666 -   monthly      → ₦    7,028,764/MT  ↑ +24.4%  (2026-06-15)
2026-05-19 06:29:47.856 | INFO     | __main__:run_forecasting:666 -   3_months     → ₦    7,041,624/MT  ↑ +24.6%  (2026-08-17)
2026-05-19 06:29:47.857 | INFO     | __main__:run_forecasting:666 -   6_months     → ₦    6,941,224/MT  ↑ +22.9%  (2026-11-16)
2026-05-19 06:29:47.857 | INFO     | __main__:run_forecasting:672 -   ✅ Cocoa
2026-05-19 06:29:47.858 | INFO     | __main__:run_forecasting:656 - 
[5/12] Forecasting Soybeans...
2026-05-19 06:29:50.275 | DEBUG    | __main__:forecast_commodity:565 -   [Soybeans] 3/3 models generated forecasts
2026-05-19 06:29:50.284 | INFO     | __main__:run_forecasting:666 -   daily        → ₦      770,196/MT  ↑ +3.4%  (2026-05-25)
2026-05-19 06:29:50.285 | INFO     | __main__:run_forecasting:666 -   weekly       → ₦      770,196/MT  ↑ +3.4%  (2026-05-25)
2026-05-19 06:29:50.285 | INFO     | __main__:run_forecasting:666 -   2_weeks      → ₦      752,529/MT  ↑ +1.0%  (2026-06-01)
2026-05-19 06:29:50.286 | INFO     | __main__:run_forecasting:666 -   monthly      → ₦      717,827/MT  ↓ -3.6%  (2026-06-15)
2026-05-19 06:29:50.286 | INFO     | __main__:run_forecasting:666 -   3_months     → ₦      653,210/MT  ↓ -12.3%  (2026-08-17)
2026-05-19 06:29:50.287 | INFO     | __main__:run_forecasting:666 -   6_months     → ₦      633,136/MT  ↓ -15.0%  (2026-11-16)
2026-05-19 06:29:50.288 | INFO     | __main__:run_forecasting:672 -   ✅ Soybeans
2026-05-19 06:29:50.288 | INFO     | __main__:run_forecasting:656 - 
[6/12] Forecasting Cashew Nuts...
2026-05-19 06:29:52.582 | DEBUG    | __main__:forecast_commodity:565 -   [Cashew Nuts] 3/3 models generated forecasts
2026-05-19 06:29:52.591 | INFO     | __main__:run_forecasting:666 -   daily        → ₦    1,396,149/MT  ↓ -28.4%  (2026-05-25)
2026-05-19 06:29:52.592 | INFO     | __main__:run_forecasting:666 -   weekly       → ₦    1,396,149/MT  ↓ -28.4%  (2026-05-25)
2026-05-19 06:29:52.593 | INFO     | __main__:run_forecasting:666 -   2_weeks      → ₦    1,435,970/MT  ↓ -26.4%  (2026-06-01)
2026-05-19 06:29:52.593 | INFO     | __main__:run_forecasting:666 -   monthly      → ₦    1,500,384/MT  ↓ -23.1%  (2026-06-15)
2026-05-19 06:29:52.594 | INFO     | __main__:run_forecasting:666 -   3_months     → ₦    1,589,720/MT  ↓ -18.5%  (2026-08-17)
2026-05-19 06:29:52.594 | INFO     | __main__:run_forecasting:666 -   6_months     → ₦    1,795,344/MT  ↓ -7.9%  (2026-11-16)
2026-05-19 06:29:52.594 | INFO     | __main__:run_forecasting:672 -   ✅ Cashew Nuts
2026-05-19 06:29:52.596 | INFO     | __main__:run_forecasting:656 - 
[7/12] Forecasting Sorghum...
2026-05-19 06:29:55.087 | DEBUG    | __main__:forecast_commodity:565 -   [Sorghum] 3/3 models generated forecasts
2026-05-19 06:29:55.096 | INFO     | __main__:run_forecasting:666 -   daily        → ₦      374,854/MT  ↑ +11.9%  (2026-05-25)
2026-05-19 06:29:55.096 | INFO     | __main__:run_forecasting:666 -   weekly       → ₦      374,854/MT  ↑ +11.9%  (2026-05-25)
2026-05-19 06:29:55.097 | INFO     | __main__:run_forecasting:666 -   2_weeks      → ₦      361,659/MT  ↑ +8.0%  (2026-06-01)
2026-05-19 06:29:55.098 | INFO     | __main__:run_forecasting:666 -   monthly      → ₦      366,165/MT  ↑ +9.3%  (2026-06-15)
2026-05-19 06:29:55.099 | INFO     | __main__:run_forecasting:666 -   3_months     → ₦      369,516/MT  ↑ +10.3%  (2026-08-17)
2026-05-19 06:29:55.099 | INFO     | __main__:run_forecasting:666 -   6_months     → ₦      377,896/MT  ↑ +12.8%  (2026-11-16)
2026-05-19 06:29:55.100 | INFO     | __main__:run_forecasting:672 -   ✅ Sorghum
2026-05-19 06:29:55.100 | INFO     | __main__:run_forecasting:656 - 
[8/12] Forecasting Beans (white)...
2026-05-19 06:29:57.077 | DEBUG    | __main__:forecast_commodity:565 -   [Beans (white)] 3/3 models generated forecasts
2026-05-19 06:29:57.085 | INFO     | __main__:run_forecasting:666 -   daily        → ₦      669,939/MT  ↓ -17.6%  (2026-05-25)
2026-05-19 06:29:57.085 | INFO     | __main__:run_forecasting:666 -   weekly       → ₦      669,939/MT  ↓ -17.6%  (2026-05-25)
2026-05-19 06:29:57.087 | INFO     | __main__:run_forecasting:666 -   2_weeks      → ₦      657,327/MT  ↓ -19.2%  (2026-06-01)
2026-05-19 06:29:57.087 | INFO     | __main__:run_forecasting:666 -   monthly      → ₦      644,927/MT  ↓ -20.7%  (2026-06-15)
2026-05-19 06:29:57.088 | INFO     | __main__:run_forecasting:666 -   3_months     → ₦      642,941/MT  ↓ -20.9%  (2026-08-17)
2026-05-19 06:29:57.088 | INFO     | __main__:run_forecasting:666 -   6_months     → ₦      609,332/MT  ↓ -25.1%  (2026-11-16)
2026-05-19 06:29:57.089 | INFO     | __main__:run_forecasting:672 -   ✅ Beans (white)
2026-05-19 06:29:57.093 | INFO     | __main__:run_forecasting:656 - 
[9/12] Forecasting Beans (red)...
2026-05-19 06:29:59.552 | DEBUG    | __main__:forecast_commodity:565 -   [Beans (red)] 3/3 models generated forecasts
2026-05-19 06:29:59.559 | INFO     | __main__:run_forecasting:666 -   daily        → ₦      607,784/MT  ↓ -33.6%  (2026-05-25)
2026-05-19 06:29:59.560 | INFO     | __main__:run_forecasting:666 -   weekly       → ₦      607,784/MT  ↓ -33.6%  (2026-05-25)
2026-05-19 06:29:59.561 | INFO     | __main__:run_forecasting:666 -   2_weeks      → ₦      607,252/MT  ↓ -33.6%  (2026-06-01)
2026-05-19 06:29:59.561 | INFO     | __main__:run_forecasting:666 -   monthly      → ₦      608,046/MT  ↓ -33.5%  (2026-06-15)
2026-05-19 06:29:59.562 | INFO     | __main__:run_forecasting:666 -   3_months     → ₦      601,482/MT  ↓ -34.3%  (2026-08-17)
2026-05-19 06:29:59.562 | INFO     | __main__:run_forecasting:666 -   6_months     → ₦      593,908/MT  ↓ -35.1%  (2026-11-16)
2026-05-19 06:29:59.563 | INFO     | __main__:run_forecasting:672 -   ✅ Beans (red)
2026-05-19 06:29:59.563 | INFO     | __main__:run_forecasting:656 - 
[10/12] Forecasting Maize (white)...
2026-05-19 06:30:01.961 | DEBUG    | __main__:forecast_commodity:565 -   [Maize (white)] 3/3 models generated forecasts
2026-05-19 06:30:01.967 | INFO     | __main__:run_forecasting:666 -   daily        → ₦      343,029/MT  ↑ +62.6%  (2026-05-25)
2026-05-19 06:30:01.968 | INFO     | __main__:run_forecasting:666 -   weekly       → ₦      343,029/MT  ↑ +62.6%  (2026-05-25)
2026-05-19 06:30:01.968 | INFO     | __main__:run_forecasting:666 -   2_weeks      → ₦      341,507/MT  ↑ +61.9%  (2026-06-01)
2026-05-19 06:30:01.969 | INFO     | __main__:run_forecasting:666 -   monthly      → ₦      342,581/MT  ↑ +62.4%  (2026-06-15)
2026-05-19 06:30:01.969 | INFO     | __main__:run_forecasting:666 -   3_months     → ₦      352,772/MT  ↑ +67.2%  (2026-08-17)
2026-05-19 06:30:01.970 | INFO     | __main__:run_forecasting:666 -   6_months     → ₦      367,576/MT  ↑ +74.2%  (2026-11-16)
2026-05-19 06:30:01.970 | INFO     | __main__:run_forecasting:672 -   ✅ Maize (white)
2026-05-19 06:30:01.971 | INFO     | __main__:run_forecasting:656 - 
[11/12] Forecasting Maize (yellow)...
2026-05-19 06:30:04.529 | DEBUG    | __main__:forecast_commodity:565 -   [Maize (yellow)] 3/3 models generated forecasts
2026-05-19 06:30:04.537 | INFO     | __main__:run_forecasting:666 -   daily        → ₦      374,004/MT  ↑ +64.5%  (2026-05-25)
2026-05-19 06:30:04.540 | INFO     | __main__:run_forecasting:666 -   weekly       → ₦      374,004/MT  ↑ +64.5%  (2026-05-25)
2026-05-19 06:30:04.541 | INFO     | __main__:run_forecasting:666 -   2_weeks      → ₦      374,032/MT  ↑ +64.5%  (2026-06-01)
2026-05-19 06:30:04.543 | INFO     | __main__:run_forecasting:666 -   monthly      → ₦      377,044/MT  ↑ +65.8%  (2026-06-15)
2026-05-19 06:30:04.544 | INFO     | __main__:run_forecasting:666 -   3_months     → ₦      388,715/MT  ↑ +70.9%  (2026-08-17)
2026-05-19 06:30:04.545 | INFO     | __main__:run_forecasting:666 -   6_months     → ₦      402,075/MT  ↑ +76.8%  (2026-11-16)
2026-05-19 06:30:04.546 | INFO     | __main__:run_forecasting:672 -   ✅ Maize (yellow)
2026-05-19 06:30:04.547 | INFO     | __main__:run_forecasting:656 - 
[12/12] Forecasting Wheat...
2026-05-19 06:30:06.580 | DEBUG    | __main__:forecast_commodity:565 -   [Wheat] 3/3 models generated forecasts
2026-05-19 06:30:06.586 | INFO     | __main__:run_forecasting:666 -   daily        → ₦      667,358/MT  ↓ -5.6%  (2026-05-25)
2026-05-19 06:30:06.587 | INFO     | __main__:run_forecasting:666 -   weekly       → ₦      667,358/MT  ↓ -5.6%  (2026-05-25)
2026-05-19 06:30:06.588 | INFO     | __main__:run_forecasting:666 -   2_weeks      → ₦      663,493/MT  ↓ -6.1%  (2026-06-01)
2026-05-19 06:30:06.588 | INFO     | __main__:run_forecasting:666 -   monthly      → ₦      657,192/MT  ↓ -7.0%  (2026-06-15)
2026-05-19 06:30:06.589 | INFO     | __main__:run_forecasting:666 -   3_months     → ₦      652,810/MT  ↓ -7.6%  (2026-08-17)
2026-05-19 06:30:06.589 | INFO     | __main__:run_forecasting:666 -   6_months     → ₦      661,657/MT  ↓ -6.4%  (2026-11-16)
2026-05-19 06:30:06.590 | INFO     | __main__:run_forecasting:672 -   ✅ Wheat
2026-05-19 06:30:06.813 | INFO     | __main__:run_forecasting:681 - 
  Forecast JSON saved → C:\Users\USER\Downloads\agrolinking-intel-structure\agrolinking-intel\outputs\forecasts\forecast_2026-05-19.json
2026-05-19 06:30:06.815 | INFO     | __main__:run_forecasting:689 -   Daily alert saved → C:\Users\USER\Downloads\agrolinking-intel-structure\agrolinking-intel\outputs\daily_alerts\alert_2026-05-19.txt
2026-05-19 06:30:06.816 | INFO     | __main__:run_forecasting:692 - 
============================================================
2026-05-19 06:30:06.817 | INFO     | __main__:run_forecasting:693 -   DAILY PRICE ALERT
2026-05-19 06:30:06.817 | INFO     | __main__:run_forecasting:694 - ============================================================
2026-05-19 06:30:06.819 | INFO     | __main__:run_forecasting:696 -   📊 AGROLINKING COMMODITY INTELLIGENCE ALERT
2026-05-19 06:30:06.820 | INFO     | __main__:run_forecasting:696 -   📅 Tuesday, 19 May 2026
2026-05-19 06:30:06.822 | INFO     | __main__:run_forecasting:696 -   ─────────────────────────────────────────────
2026-05-19 06:30:06.823 | INFO     | __main__:run_forecasting:696 -   ▼ Hibiscus           ₦    2,210,694/MT  -4.9%
2026-05-19 06:30:06.824 | INFO     | __main__:run_forecasting:696 -   ▲ Sesame             ₦    1,267,521/MT  ++1.8%
2026-05-19 06:30:06.825 | INFO     | __main__:run_forecasting:696 -   ▼ Ginger             ₦    9,470,122/MT  -2.4%
2026-05-19 06:30:06.826 | INFO     | __main__:run_forecasting:696 -   ▲ Cocoa              ₦    6,364,581/MT  ++12.6%
2026-05-19 06:30:06.827 | INFO     | __main__:run_forecasting:696 -   ▲ Soybeans           ₦      770,196/MT  ++3.4%
2026-05-19 06:30:06.827 | INFO     | __main__:run_forecasting:696 -   ▼ Cashew Nuts        ₦    1,396,149/MT  -28.4%
2026-05-19 06:30:06.829 | INFO     | __main__:run_forecasting:696 -   ▲ Sorghum            ₦      374,854/MT  ++11.9%
2026-05-19 06:30:06.830 | INFO     | __main__:run_forecasting:696 -   ▼ Beans (white)      ₦      669,939/MT  -17.6%
2026-05-19 06:30:06.830 | INFO     | __main__:run_forecasting:696 -   ▼ Beans (red)        ₦      607,784/MT  -33.6%
2026-05-19 06:30:06.831 | INFO     | __main__:run_forecasting:696 -   ▲ Maize (white)      ₦      343,029/MT  ++62.6%
2026-05-19 06:30:06.831 | INFO     | __main__:run_forecasting:696 -   ▲ Maize (yellow)     ₦      374,004/MT  ++64.5%
2026-05-19 06:30:06.833 | INFO     | __main__:run_forecasting:696 -   ▼ Wheat              ₦      667,358/MT  -5.6%
2026-05-19 06:30:06.834 | INFO     | __main__:run_forecasting:696 -   ─────────────────────────────────────────────
2026-05-19 06:30:06.836 | INFO     | __main__:run_forecasting:696 -   Source: Agrolinking Intelligence Platform
2026-05-19 06:30:06.837 | INFO     | __main__:run_forecasting:696 -   Next update: 20 May 2026
2026-05-19 06:30:06.839 | INFO     | __main__:run_forecasting:700 - 
  Note: master append handled by 06_validate.py (corrected prices).
2026-05-19 06:30:06.840 | INFO     | __main__:run_forecasting:704 - 
======================================================================
2026-05-19 06:30:06.841 | INFO     | __main__:run_forecasting:705 -   FORECAST SUMMARY — ALL COMMODITIES
2026-05-19 06:30:06.842 | INFO     | __main__:run_forecasting:706 - ======================================================================
2026-05-19 06:30:06.842 | INFO     | __main__:run_forecasting:707 -   Commodity                     Today         1 Week        1 Month       3 Months       6 Months
2026-05-19 06:30:06.843 | INFO     | __main__:run_forecasting:712 -   ----------------------------------------------------------------------------------
2026-05-19 06:30:06.844 | INFO     | __main__:run_forecasting:725 -   Hibiscus             ₦   2,210,694  ₦   2,210,694  ₦   2,198,709  ₦   2,112,459  ₦   2,150,811
2026-05-19 06:30:06.844 | INFO     | __main__:run_forecasting:725 -   Sesame               ₦   1,267,521  ₦   1,267,521  ₦   1,304,341  ₦   1,276,331  ₦   1,267,174
2026-05-19 06:30:06.845 | INFO     | __main__:run_forecasting:725 -   Ginger               ₦   9,470,122  ₦   9,470,122  ₦   9,362,422  ₦   8,990,496  ₦   8,789,299
2026-05-19 06:30:06.846 | INFO     | __main__:run_forecasting:725 -   Cocoa                ₦   6,364,581  ₦   6,364,581  ₦   7,028,764  ₦   7,041,624  ₦   6,941,224
2026-05-19 06:30:06.847 | INFO     | __main__:run_forecasting:725 -   Soybeans             ₦     770,196  ₦     770,196  ₦     717,827  ₦     653,210  ₦     633,136
2026-05-19 06:30:06.848 | INFO     | __main__:run_forecasting:725 -   Cashew Nuts          ₦   1,396,149  ₦   1,396,149  ₦   1,500,384  ₦   1,589,720  ₦   1,795,344
2026-05-19 06:30:06.849 | INFO     | __main__:run_forecasting:725 -   Sorghum              ₦     374,854  ₦     374,854  ₦     366,165  ₦     369,516  ₦     377,896
2026-05-19 06:30:06.849 | INFO     | __main__:run_forecasting:725 -   Beans (white)        ₦     669,939  ₦     669,939  ₦     644,927  ₦     642,941  ₦     609,332
2026-05-19 06:30:06.850 | INFO     | __main__:run_forecasting:725 -   Beans (red)          ₦     607,784  ₦     607,784  ₦     608,046  ₦     601,482  ₦     593,908
2026-05-19 06:30:06.854 | INFO     | __main__:run_forecasting:725 -   Maize (white)        ₦     343,029  ₦     343,029  ₦     342,581  ₦     352,772  ₦     367,576
2026-05-19 06:30:06.855 | INFO     | __main__:run_forecasting:725 -   Maize (yellow)       ₦     374,004  ₦     374,004  ₦     377,044  ₦     388,715  ₦     402,075
2026-05-19 06:30:06.856 | INFO     | __main__:run_forecasting:725 -   Wheat                ₦     667,358  ₦     667,358  ₦     657,192  ₦     652,810  ₦     661,657
2026-05-19 06:30:06.856 | INFO     | __main__:run_forecasting:734 - ======================================================================
2026-05-19 06:30:06.857 | SUCCESS  | __main__:run_forecasting:735 - FORECASTING COMPLETE — 12/12 commodities
2026-05-19 06:30:06.858 | INFO     | __main__:run_forecasting:739 - ======================================================================
