2026-05-16 14:34:28.908 | INFO     | __main__:run_forecasting:648 - ============================================================
2026-05-16 14:34:28.911 | INFO     | __main__:run_forecasting:649 - STEP 5 — FORECASTING ENGINE
2026-05-16 14:34:28.912 | INFO     | __main__:run_forecasting:650 -   Run date  : Saturday, 16 May 2026
2026-05-16 14:34:28.912 | INFO     | __main__:run_forecasting:651 -   Commodities: 12
2026-05-16 14:34:28.912 | INFO     | __main__:run_forecasting:652 -   Horizons  : ['daily', 'weekly', '2_weeks', 'monthly', '3_months', '6_months']
2026-05-16 14:34:28.912 | INFO     | __main__:run_forecasting:653 - ============================================================
2026-05-16 14:34:28.912 | INFO     | __main__:run_forecasting:656 - 
[1/12] Forecasting Hibiscus...
2026-05-16 14:34:47.483 | DEBUG    | __main__:forecast_commodity:565 -   [Hibiscus] 3/3 models generated forecasts
2026-05-16 14:34:47.491 | INFO     | __main__:run_forecasting:666 -   daily        → ₦    2,208,081/MT  ↓ -5.0%  (2026-05-18)
2026-05-16 14:34:47.491 | INFO     | __main__:run_forecasting:666 -   weekly       → ₦    2,208,081/MT  ↓ -5.0%  (2026-05-18)
2026-05-16 14:34:47.493 | INFO     | __main__:run_forecasting:666 -   2_weeks      → ₦    2,227,226/MT  ↓ -4.2%  (2026-05-25)
2026-05-16 14:34:47.495 | INFO     | __main__:run_forecasting:666 -   monthly      → ₦    2,196,143/MT  ↓ -5.5%  (2026-06-08)
2026-05-16 14:34:47.495 | INFO     | __main__:run_forecasting:666 -   3_months     → ₦    2,110,058/MT  ↓ -9.2%  (2026-08-10)
2026-05-16 14:34:47.497 | INFO     | __main__:run_forecasting:666 -   6_months     → ₦    2,148,335/MT  ↓ -7.6%  (2026-11-09)
2026-05-16 14:34:47.497 | INFO     | __main__:run_forecasting:672 -   ✅ Hibiscus
2026-05-16 14:34:47.501 | INFO     | __main__:run_forecasting:656 - 
[2/12] Forecasting Sesame...
2026-05-16 14:34:50.449 | DEBUG    | __main__:forecast_commodity:565 -   [Sesame] 3/3 models generated forecasts
2026-05-16 14:34:50.461 | INFO     | __main__:run_forecasting:666 -   daily        → ₦    1,265,462/MT  ↑ +1.6%  (2026-05-18)
2026-05-16 14:34:50.462 | INFO     | __main__:run_forecasting:666 -   weekly       → ₦    1,265,462/MT  ↑ +1.6%  (2026-05-18)
2026-05-16 14:34:50.462 | INFO     | __main__:run_forecasting:666 -   2_weeks      → ₦    1,241,277/MT  ↓ -0.3%  (2026-05-25)
2026-05-16 14:34:50.464 | INFO     | __main__:run_forecasting:666 -   monthly      → ₦    1,289,739/MT  ↑ +3.6%  (2026-06-08)
2026-05-16 14:34:50.464 | INFO     | __main__:run_forecasting:666 -   3_months     → ₦    1,279,240/MT  ↑ +2.8%  (2026-08-10)
2026-05-16 14:34:50.466 | INFO     | __main__:run_forecasting:666 -   6_months     → ₦    1,267,211/MT  ↑ +1.8%  (2026-11-09)
2026-05-16 14:34:50.466 | INFO     | __main__:run_forecasting:672 -   ✅ Sesame
2026-05-16 14:34:50.472 | INFO     | __main__:run_forecasting:656 - 
[3/12] Forecasting Ginger...
2026-05-16 14:34:52.760 | DEBUG    | __main__:forecast_commodity:565 -   [Ginger] 3/3 models generated forecasts
2026-05-16 14:34:52.767 | INFO     | __main__:run_forecasting:666 -   daily        → ₦    9,492,574/MT  ↓ -2.1%  (2026-05-18)
2026-05-16 14:34:52.768 | INFO     | __main__:run_forecasting:666 -   weekly       → ₦    9,492,574/MT  ↓ -2.1%  (2026-05-18)
2026-05-16 14:34:52.768 | INFO     | __main__:run_forecasting:666 -   2_weeks      → ₦    9,456,921/MT  ↓ -2.5%  (2026-05-25)
2026-05-16 14:34:52.769 | INFO     | __main__:run_forecasting:666 -   monthly      → ₦    9,384,826/MT  ↓ -3.2%  (2026-06-08)
2026-05-16 14:34:52.769 | INFO     | __main__:run_forecasting:666 -   3_months     → ₦    9,010,336/MT  ↓ -7.1%  (2026-08-10)
2026-05-16 14:34:52.769 | INFO     | __main__:run_forecasting:666 -   6_months     → ₦    8,789,299/MT  ↓ -9.4%  (2026-11-09)
2026-05-16 14:34:52.769 | INFO     | __main__:run_forecasting:672 -   ✅ Ginger
2026-05-16 14:34:52.771 | INFO     | __main__:run_forecasting:656 - 
[4/12] Forecasting Cocoa...
2026-05-16 14:34:54.766 | DEBUG    | __main__:forecast_commodity:565 -   [Cocoa] 3/3 models generated forecasts
2026-05-16 14:34:54.774 | INFO     | __main__:run_forecasting:666 -   daily        → ₦    6,377,142/MT  ↑ +12.9%  (2026-05-18)
2026-05-16 14:34:54.776 | INFO     | __main__:run_forecasting:666 -   weekly       → ₦    6,377,142/MT  ↑ +12.9%  (2026-05-18)
2026-05-16 14:34:54.776 | INFO     | __main__:run_forecasting:666 -   2_weeks      → ₦    6,752,397/MT  ↑ +19.5%  (2026-05-25)
2026-05-16 14:34:54.776 | INFO     | __main__:run_forecasting:666 -   monthly      → ₦    7,042,024/MT  ↑ +24.6%  (2026-06-08)
2026-05-16 14:34:54.776 | INFO     | __main__:run_forecasting:666 -   3_months     → ₦    7,055,788/MT  ↑ +24.9%  (2026-08-10)
2026-05-16 14:34:54.779 | INFO     | __main__:run_forecasting:666 -   6_months     → ₦    6,956,051/MT  ↑ +23.1%  (2026-11-09)
2026-05-16 14:34:54.779 | INFO     | __main__:run_forecasting:672 -   ✅ Cocoa
2026-05-16 14:34:54.779 | INFO     | __main__:run_forecasting:656 - 
[5/12] Forecasting Soybeans...
2026-05-16 14:34:56.950 | DEBUG    | __main__:forecast_commodity:565 -   [Soybeans] 3/3 models generated forecasts
2026-05-16 14:34:56.965 | INFO     | __main__:run_forecasting:666 -   daily        → ₦      766,895/MT  ↑ +2.9%  (2026-05-18)
2026-05-16 14:34:56.968 | INFO     | __main__:run_forecasting:666 -   weekly       → ₦      766,895/MT  ↑ +2.9%  (2026-05-18)
2026-05-16 14:34:56.968 | INFO     | __main__:run_forecasting:666 -   2_weeks      → ₦      744,663/MT  ↓ -0.1%  (2026-05-25)
2026-05-16 14:34:56.968 | INFO     | __main__:run_forecasting:666 -   monthly      → ₦      718,571/MT  ↓ -3.5%  (2026-06-08)
2026-05-16 14:34:56.970 | INFO     | __main__:run_forecasting:666 -   3_months     → ₦      653,264/MT  ↓ -12.3%  (2026-08-10)
2026-05-16 14:34:56.989 | INFO     | __main__:run_forecasting:666 -   6_months     → ₦      634,077/MT  ↓ -14.9%  (2026-11-09)
2026-05-16 14:34:56.996 | INFO     | __main__:run_forecasting:672 -   ✅ Soybeans
2026-05-16 14:34:57.003 | INFO     | __main__:run_forecasting:656 - 
[6/12] Forecasting Cashew Nuts...
2026-05-16 14:34:59.419 | DEBUG    | __main__:forecast_commodity:565 -   [Cashew Nuts] 3/3 models generated forecasts
2026-05-16 14:34:59.427 | INFO     | __main__:run_forecasting:666 -   daily        → ₦    1,396,061/MT  ↓ -28.4%  (2026-05-18)
2026-05-16 14:34:59.427 | INFO     | __main__:run_forecasting:666 -   weekly       → ₦    1,396,061/MT  ↓ -28.4%  (2026-05-18)
2026-05-16 14:34:59.427 | INFO     | __main__:run_forecasting:666 -   2_weeks      → ₦    1,405,431/MT  ↓ -27.9%  (2026-05-25)
2026-05-16 14:34:59.428 | INFO     | __main__:run_forecasting:666 -   monthly      → ₦    1,500,244/MT  ↓ -23.1%  (2026-06-08)
2026-05-16 14:34:59.428 | INFO     | __main__:run_forecasting:666 -   3_months     → ₦    1,589,512/MT  ↓ -18.5%  (2026-08-10)
2026-05-16 14:34:59.428 | INFO     | __main__:run_forecasting:666 -   6_months     → ₦    1,794,830/MT  ↓ -8.0%  (2026-11-09)
2026-05-16 14:34:59.430 | INFO     | __main__:run_forecasting:672 -   ✅ Cashew Nuts
2026-05-16 14:34:59.431 | INFO     | __main__:run_forecasting:656 - 
[7/12] Forecasting Sorghum...
2026-05-16 14:35:01.955 | DEBUG    | __main__:forecast_commodity:565 -   [Sorghum] 3/3 models generated forecasts
2026-05-16 14:35:01.963 | INFO     | __main__:run_forecasting:666 -   daily        → ₦      372,845/MT  ↑ +11.3%  (2026-05-18)
2026-05-16 14:35:01.965 | INFO     | __main__:run_forecasting:666 -   weekly       → ₦      372,845/MT  ↑ +11.3%  (2026-05-18)
2026-05-16 14:35:01.965 | INFO     | __main__:run_forecasting:666 -   2_weeks      → ₦      357,263/MT  ↑ +6.7%  (2026-05-25)
2026-05-16 14:35:01.966 | INFO     | __main__:run_forecasting:666 -   monthly      → ₦      365,369/MT  ↑ +9.1%  (2026-06-08)
2026-05-16 14:35:01.966 | INFO     | __main__:run_forecasting:666 -   3_months     → ₦      369,972/MT  ↑ +10.4%  (2026-08-10)
2026-05-16 14:35:01.966 | INFO     | __main__:run_forecasting:666 -   6_months     → ₦      376,828/MT  ↑ +12.5%  (2026-11-09)
2026-05-16 14:35:01.968 | INFO     | __main__:run_forecasting:672 -   ✅ Sorghum
2026-05-16 14:35:01.968 | INFO     | __main__:run_forecasting:656 - 
[8/12] Forecasting Beans (white)...
2026-05-16 14:35:04.259 | DEBUG    | __main__:forecast_commodity:565 -   [Beans (white)] 3/3 models generated forecasts
2026-05-16 14:35:04.268 | INFO     | __main__:run_forecasting:666 -   daily        → ₦      669,939/MT  ↓ -17.6%  (2026-05-18)
2026-05-16 14:35:04.268 | INFO     | __main__:run_forecasting:666 -   weekly       → ₦      669,939/MT  ↓ -17.6%  (2026-05-18)
2026-05-16 14:35:04.268 | INFO     | __main__:run_forecasting:666 -   2_weeks      → ₦      658,840/MT  ↓ -19.0%  (2026-05-25)
2026-05-16 14:35:04.271 | INFO     | __main__:run_forecasting:666 -   monthly      → ₦      647,341/MT  ↓ -20.4%  (2026-06-08)
2026-05-16 14:35:04.271 | INFO     | __main__:run_forecasting:666 -   3_months     → ₦      627,815/MT  ↓ -22.8%  (2026-08-10)
2026-05-16 14:35:04.272 | INFO     | __main__:run_forecasting:666 -   6_months     → ₦      609,332/MT  ↓ -25.1%  (2026-11-09)
2026-05-16 14:35:04.272 | INFO     | __main__:run_forecasting:672 -   ✅ Beans (white)
2026-05-16 14:35:04.272 | INFO     | __main__:run_forecasting:656 - 
[9/12] Forecasting Beans (red)...
2026-05-16 14:35:06.389 | DEBUG    | __main__:forecast_commodity:565 -   [Beans (red)] 3/3 models generated forecasts
2026-05-16 14:35:06.394 | INFO     | __main__:run_forecasting:666 -   daily        → ₦      607,926/MT  ↓ -33.6%  (2026-05-18)
2026-05-16 14:35:06.396 | INFO     | __main__:run_forecasting:666 -   weekly       → ₦      607,926/MT  ↓ -33.6%  (2026-05-18)
2026-05-16 14:35:06.396 | INFO     | __main__:run_forecasting:666 -   2_weeks      → ₦      607,252/MT  ↓ -33.6%  (2026-05-25)
2026-05-16 14:35:06.397 | INFO     | __main__:run_forecasting:666 -   monthly      → ₦      608,046/MT  ↓ -33.5%  (2026-06-08)
2026-05-16 14:35:06.397 | INFO     | __main__:run_forecasting:666 -   3_months     → ₦      601,482/MT  ↓ -34.3%  (2026-08-10)
2026-05-16 14:35:06.397 | INFO     | __main__:run_forecasting:666 -   6_months     → ₦      593,908/MT  ↓ -35.1%  (2026-11-09)
2026-05-16 14:35:06.397 | INFO     | __main__:run_forecasting:672 -   ✅ Beans (red)
2026-05-16 14:35:06.397 | INFO     | __main__:run_forecasting:656 - 
[10/12] Forecasting Maize (white)...
2026-05-16 14:35:09.412 | DEBUG    | __main__:forecast_commodity:565 -   [Maize (white)] 3/3 models generated forecasts
2026-05-16 14:35:09.418 | INFO     | __main__:run_forecasting:666 -   daily        → ₦      342,812/MT  ↑ +62.5%  (2026-05-18)
2026-05-16 14:35:09.418 | INFO     | __main__:run_forecasting:666 -   weekly       → ₦      342,812/MT  ↑ +62.5%  (2026-05-18)
2026-05-16 14:35:09.420 | INFO     | __main__:run_forecasting:666 -   2_weeks      → ₦      340,825/MT  ↑ +61.5%  (2026-05-25)
2026-05-16 14:35:09.420 | INFO     | __main__:run_forecasting:666 -   monthly      → ₦      342,884/MT  ↑ +62.5%  (2026-06-08)
2026-05-16 14:35:09.420 | INFO     | __main__:run_forecasting:666 -   3_months     → ₦      353,142/MT  ↑ +67.4%  (2026-08-10)
2026-05-16 14:35:09.421 | INFO     | __main__:run_forecasting:666 -   6_months     → ₦      367,789/MT  ↑ +74.3%  (2026-11-09)
2026-05-16 14:35:09.421 | INFO     | __main__:run_forecasting:672 -   ✅ Maize (white)
2026-05-16 14:35:09.421 | INFO     | __main__:run_forecasting:656 - 
[11/12] Forecasting Maize (yellow)...
2026-05-16 14:35:11.630 | DEBUG    | __main__:forecast_commodity:565 -   [Maize (yellow)] 3/3 models generated forecasts
2026-05-16 14:35:11.639 | INFO     | __main__:run_forecasting:666 -   daily        → ₦      374,017/MT  ↑ +64.5%  (2026-05-18)
2026-05-16 14:35:11.639 | INFO     | __main__:run_forecasting:666 -   weekly       → ₦      374,017/MT  ↑ +64.5%  (2026-05-18)
2026-05-16 14:35:11.641 | INFO     | __main__:run_forecasting:666 -   2_weeks      → ₦      372,564/MT  ↑ +63.8%  (2026-05-25)
2026-05-16 14:35:11.641 | INFO     | __main__:run_forecasting:666 -   monthly      → ₦      376,817/MT  ↑ +65.7%  (2026-06-08)
2026-05-16 14:35:11.641 | INFO     | __main__:run_forecasting:666 -   3_months     → ₦      388,868/MT  ↑ +71.0%  (2026-08-10)
2026-05-16 14:35:11.643 | INFO     | __main__:run_forecasting:666 -   6_months     → ₦      401,947/MT  ↑ +76.8%  (2026-11-09)
2026-05-16 14:35:11.643 | INFO     | __main__:run_forecasting:672 -   ✅ Maize (yellow)
2026-05-16 14:35:11.643 | INFO     | __main__:run_forecasting:656 - 
[12/12] Forecasting Wheat...
2026-05-16 14:35:13.779 | DEBUG    | __main__:forecast_commodity:565 -   [Wheat] 3/3 models generated forecasts
2026-05-16 14:35:13.789 | INFO     | __main__:run_forecasting:666 -   daily        → ₦      668,554/MT  ↓ -5.4%  (2026-05-18)
2026-05-16 14:35:13.789 | INFO     | __main__:run_forecasting:666 -   weekly       → ₦      668,554/MT  ↓ -5.4%  (2026-05-18)
2026-05-16 14:35:13.789 | INFO     | __main__:run_forecasting:666 -   2_weeks      → ₦      661,036/MT  ↓ -6.5%  (2026-05-25)
2026-05-16 14:35:13.791 | INFO     | __main__:run_forecasting:666 -   monthly      → ₦      659,097/MT  ↓ -6.8%  (2026-06-08)
2026-05-16 14:35:13.791 | INFO     | __main__:run_forecasting:666 -   3_months     → ₦      653,255/MT  ↓ -7.6%  (2026-08-10)
2026-05-16 14:35:13.791 | INFO     | __main__:run_forecasting:666 -   6_months     → ₦      660,904/MT  ↓ -6.5%  (2026-11-09)
2026-05-16 14:35:13.792 | INFO     | __main__:run_forecasting:672 -   ✅ Wheat
2026-05-16 14:35:13.978 | INFO     | __main__:run_forecasting:681 - 
  Forecast JSON saved → C:\Users\USER\Downloads\agrolinking-intel-structure\agrolinking-intel\outputs\forecasts\forecast_2026-05-16.json
2026-05-16 14:35:13.984 | INFO     | __main__:run_forecasting:689 -   Daily alert saved → C:\Users\USER\Downloads\agrolinking-intel-structure\agrolinking-intel\outputs\daily_alerts\alert_2026-05-16.txt
2026-05-16 14:35:13.984 | INFO     | __main__:run_forecasting:692 - 
============================================================
2026-05-16 14:35:13.984 | INFO     | __main__:run_forecasting:693 -   DAILY PRICE ALERT
2026-05-16 14:35:13.984 | INFO     | __main__:run_forecasting:694 - ============================================================
2026-05-16 14:35:13.992 | INFO     | __main__:run_forecasting:696 -   📊 AGROLINKING COMMODITY INTELLIGENCE ALERT
2026-05-16 14:35:13.994 | INFO     | __main__:run_forecasting:696 -   📅 Saturday, 16 May 2026
2026-05-16 14:35:13.994 | INFO     | __main__:run_forecasting:696 -   ─────────────────────────────────────────────
2026-05-16 14:35:13.994 | INFO     | __main__:run_forecasting:696 -   ▼ Hibiscus           ₦    2,208,081/MT  -5.0%
2026-05-16 14:35:13.997 | INFO     | __main__:run_forecasting:696 -   ▲ Sesame             ₦    1,265,462/MT  ++1.6%
2026-05-16 14:35:13.997 | INFO     | __main__:run_forecasting:696 -   ▼ Ginger             ₦    9,492,574/MT  -2.1%
2026-05-16 14:35:13.999 | INFO     | __main__:run_forecasting:696 -   ▲ Cocoa              ₦    6,377,142/MT  ++12.9%
2026-05-16 14:35:13.999 | INFO     | __main__:run_forecasting:696 -   ▲ Soybeans           ₦      766,895/MT  ++2.9%
2026-05-16 14:35:14.001 | INFO     | __main__:run_forecasting:696 -   ▼ Cashew Nuts        ₦    1,396,061/MT  -28.4%
2026-05-16 14:35:14.001 | INFO     | __main__:run_forecasting:696 -   ▲ Sorghum            ₦      372,845/MT  ++11.3%
2026-05-16 14:35:14.001 | INFO     | __main__:run_forecasting:696 -   ▼ Beans (white)      ₦      669,939/MT  -17.6%
2026-05-16 14:35:14.001 | INFO     | __main__:run_forecasting:696 -   ▼ Beans (red)        ₦      607,926/MT  -33.6%
2026-05-16 14:35:14.007 | INFO     | __main__:run_forecasting:696 -   ▲ Maize (white)      ₦      342,812/MT  ++62.5%
2026-05-16 14:35:14.009 | INFO     | __main__:run_forecasting:696 -   ▲ Maize (yellow)     ₦      374,017/MT  ++64.5%
2026-05-16 14:35:14.009 | INFO     | __main__:run_forecasting:696 -   ▼ Wheat              ₦      668,554/MT  -5.4%
2026-05-16 14:35:14.009 | INFO     | __main__:run_forecasting:696 -   ─────────────────────────────────────────────
2026-05-16 14:35:14.009 | INFO     | __main__:run_forecasting:696 -   Source: Agrolinking Intelligence Platform
2026-05-16 14:35:14.009 | INFO     | __main__:run_forecasting:696 -   Next update: 17 May 2026
2026-05-16 14:35:14.009 | INFO     | __main__:run_forecasting:700 - 
  Note: master append handled by 06_validate.py (corrected prices).
2026-05-16 14:35:14.009 | INFO     | __main__:run_forecasting:704 - 
======================================================================
2026-05-16 14:35:14.009 | INFO     | __main__:run_forecasting:705 -   FORECAST SUMMARY — ALL COMMODITIES
2026-05-16 14:35:14.018 | INFO     | __main__:run_forecasting:706 - ======================================================================
2026-05-16 14:35:14.018 | INFO     | __main__:run_forecasting:707 -   Commodity                     Today         1 Week        1 Month       3 Months       6 Months
2026-05-16 14:35:14.018 | INFO     | __main__:run_forecasting:712 -   ----------------------------------------------------------------------------------
2026-05-16 14:35:14.022 | INFO     | __main__:run_forecasting:725 -   Hibiscus             ₦   2,208,081  ₦   2,208,081  ₦   2,196,143  ₦   2,110,058  ₦   2,148,335
2026-05-16 14:35:14.022 | INFO     | __main__:run_forecasting:725 -   Sesame               ₦   1,265,462  ₦   1,265,462  ₦   1,289,739  ₦   1,279,240  ₦   1,267,211
2026-05-16 14:35:14.022 | INFO     | __main__:run_forecasting:725 -   Ginger               ₦   9,492,574  ₦   9,492,574  ₦   9,384,826  ₦   9,010,336  ₦   8,789,299
2026-05-16 14:35:14.025 | INFO     | __main__:run_forecasting:725 -   Cocoa                ₦   6,377,142  ₦   6,377,142  ₦   7,042,024  ₦   7,055,788  ₦   6,956,051
2026-05-16 14:35:14.025 | INFO     | __main__:run_forecasting:725 -   Soybeans             ₦     766,895  ₦     766,895  ₦     718,571  ₦     653,264  ₦     634,077
2026-05-16 14:35:14.025 | INFO     | __main__:run_forecasting:725 -   Cashew Nuts          ₦   1,396,061  ₦   1,396,061  ₦   1,500,244  ₦   1,589,512  ₦   1,794,830
2026-05-16 14:35:14.025 | INFO     | __main__:run_forecasting:725 -   Sorghum              ₦     372,845  ₦     372,845  ₦     365,369  ₦     369,972  ₦     376,828
2026-05-16 14:35:14.025 | INFO     | __main__:run_forecasting:725 -   Beans (white)        ₦     669,939  ₦     669,939  ₦     647,341  ₦     627,815  ₦     609,332
2026-05-16 14:35:14.025 | INFO     | __main__:run_forecasting:725 -   Beans (red)          ₦     607,926  ₦     607,926  ₦     608,046  ₦     601,482  ₦     593,908
2026-05-16 14:35:14.033 | INFO     | __main__:run_forecasting:725 -   Maize (white)        ₦     342,812  ₦     342,812  ₦     342,884  ₦     353,142  ₦     367,789
2026-05-16 14:35:14.036 | INFO     | __main__:run_forecasting:725 -   Maize (yellow)       ₦     374,017  ₦     374,017  ₦     376,817  ₦     388,868  ₦     401,947
2026-05-16 14:35:14.036 | INFO     | __main__:run_forecasting:725 -   Wheat                ₦     668,554  ₦     668,554  ₦     659,097  ₦     653,255  ₦     660,904
2026-05-16 14:35:14.036 | INFO     | __main__:run_forecasting:734 - ======================================================================
2026-05-16 14:35:14.036 | SUCCESS  | __main__:run_forecasting:735 - FORECASTING COMPLETE — 12/12 commodities
2026-05-16 14:35:14.041 | INFO     | __main__:run_forecasting:739 - ======================================================================
