2026-06-25 06:07:23.191 | INFO     | __main__:run_forecasting:330 - =================================================================
2026-06-25 06:07:23.205 | INFO     | __main__:run_forecasting:331 - STEP 5 — FORECASTING ENGINE
2026-06-25 06:07:23.208 | INFO     | __main__:run_forecasting:332 -   Run date   : Thursday, 25 June 2026
2026-06-25 06:07:23.212 | INFO     | __main__:run_forecasting:333 -   Commodities: 17
2026-06-25 06:07:23.219 | INFO     | __main__:run_forecasting:334 -   Horizons   : ['daily', 'weekly', '2_weeks', 'monthly', '3_months', '6_months']
2026-06-25 06:07:23.232 | INFO     | __main__:run_forecasting:335 -   Ensemble   : ARIMA + Prophet + Holt-Winters + XGBoost + LightGBM
2026-06-25 06:07:23.246 | INFO     | __main__:run_forecasting:336 - =================================================================
2026-06-25 06:07:23.946 | INFO     | __main__:run_forecasting:353 - 
[1/17] Forecasting Hibiscus...
2026-06-25 06:07:24.059 | WARNING  | __main__:load_models_and_meta:87 -   Could not load arima for Hibiscus: No module named 'pmdarima'
2026-06-25 06:07:30.386 | WARNING  | __main__:load_models_and_meta:87 -   Could not load prophet for Hibiscus: (dtype('<M8[us]'), array(['2010-01-04T00:00:00.000000', '2010-01-11T00:00:00.000000',
       '2010-01-18T00:00:00.000000', '2010-01-25T00:00:00.000000',
       '2010-02-01T00:00:00.000000', '2010-02-08T00:00:00.000000',
       '2010-02-15T00:00:00.000000', '2010-02-22T00:00:00.000000',
       '2010-03-01T00:00:00.000000', '2010-03-08T00:00:00.000000',
       '2010-03-15T00:00:00.000000', '2010-03-22T00:00:00.000000',
       '2010-03-29T00:00:00.000000', '2010-04-05T00:00:00.000000',
       '2010-04-12T00:00:00.000000', '2010-04-19T00:00:00.000000',
       '2010-04-26T00:00:00.000000', '2010-05-03T00:00:00.000000',
       '2010-05-10T00:00:00.000000', '2010-05-17T00:00:00.000000',
       '2010-05-24T00:00:00.000000', '2010-05-31T00:00:00.000000',
       '2010-06-07T00:00:00.000000', '2010-06-14T00:00:00.000000',
       '2010-06-21T00:00:00.000000', '2010-06-28T00:00:00.000000',
       '2010-07-05T00:00:00.000000', '2010-07-12T00:00:00.000000',
       '2010-07-19T00:00:00.000000', '2010-07-26T00:00:00.000000',
       '2010-08-02T00:00:00.000000', '2010-08-09T00:00:00.000000',
       '2010-08-16T00:00:00.000000', '2010-08-23T00:00:00.000000',
       '2010-08-30T00:00:00.000000', '2010-09-06T00:00:00.000000',
       '2010-09-13T00:00:00.000000', '2010-09-20T00:00:00.000000',
       '2010-09-27T00:00:00.000000', '2010-10-04T00:00:00.000000',
       '2010-10-11T00:00:00.000000', '2010-10-18T00:00:00.000000',
       '2010-10-25T00:00:00.000000', '2010-11-01T00:00:00.000000',
       '2010-11-08T00:00:00.000000', '2010-11-15T00:00:00.000000',
       '2010-11-22T00:00:00.000000', '2010-11-29T00:00:00.000000',
       '2010-12-06T00:00:00.000000', '2010-12-13T00:00:00.000000',
       '2010-12-20T00:00:00.000000', '2010-12-27T00:00:00.000000',
       '2011-01-03T00:00:00.000000', '2011-01-10T00:00:00.000000',
       '2011-01-17T00:00:00.000000', '2011-01-24T00:00:00.000000',
       '2011-01-31T00:00:00.000000', '2011-02-07T00:00:00.000000',
       '2011-02-14T00:00:00.000000', '2011-02-21T00:00:00.000000',
       '2011-02-28T00:00:00.000000', '2011-03-07T00:00:00.000000',
       '2011-03-14T00:00:00.000000', '2011-03-21T00:00:00.000000',
       '2011-03-28T00:00:00.000000', '2011-04-04T00:00:00.000000',
       '2011-04-11T00:00:00.000000', '2011-04-18T00:00:00.000000',
       '2011-04-25T00:00:00.000000', '2011-05-02T00:00:00.000000',
       '2011-05-09T00:00:00.000000', '2011-05-16T00:00:00.000000',
       '2011-05-23T00:00:00.000000', '2011-05-30T00:00:00.000000',
       '2011-06-06T00:00:00.000000', '2011-06-13T00:00:00.000000',
       '2011-06-20T00:00:00.000000', '2011-06-27T00:00:00.000000',
       '2011-07-04T00:00:00.000000', '2011-07-11T00:00:00.000000',
       '2011-07-18T00:00:00.000000', '2011-07-25T00:00:00.000000',
       '2011-08-01T00:00:00.000000', '2011-08-08T00:00:00.000000',
       '2011-08-15T00:00:00.000000', '2011-08-22T00:00:00.000000',
       '2011-08-29T00:00:00.000000', '2011-09-05T00:00:00.000000',
       '2011-09-12T00:00:00.000000', '2011-09-19T00:00:00.000000',
       '2011-09-26T00:00:00.000000', '2011-10-03T00:00:00.000000',
       '2011-10-10T00:00:00.000000', '2011-10-17T00:00:00.000000',
       '2011-10-24T00:00:00.000000', '2011-10-31T00:00:00.000000',
       '2011-11-07T00:00:00.000000', '2011-11-14T00:00:00.000000',
       '2011-11-21T00:00:00.000000', '2011-11-28T00:00:00.000000',
       '2011-12-05T00:00:00.000000', '2011-12-12T00:00:00.000000',
       '2011-12-19T00:00:00.000000', '2011-12-26T00:00:00.000000',
       '2012-01-02T00:00:00.000000', '2012-01-09T00:00:00.000000',
       '2012-01-16T00:00:00.000000', '2012-01-23T00:00:00.000000',
       '2012-01-30T00:00:00.000000', '2012-02-06T00:00:00.000000',
       '2012-02-13T00:00:00.000000', '2012-02-20T00:00:00.000000',
       '2012-02-27T00:00:00.000000', '2012-03-05T00:00:00.000000',
       '2012-03-12T00:00:00.000000', '2012-03-19T00:00:00.000000',
       '2012-03-26T00:00:00.000000', '2012-04-02T00:00:00.000000',
       '2012-04-09T00:00:00.000000', '2012-04-16T00:00:00.000000',
       '2012-04-23T00:00:00.000000', '2012-04-30T00:00:00.000000',
       '2012-05-07T00:00:00.000000', '2012-05-14T00:00:00.000000',
       '2012-05-21T00:00:00.000000', '2012-05-28T00:00:00.000000',
       '2012-06-04T00:00:00.000000', '2012-06-11T00:00:00.000000',
       '2012-06-18T00:00:00.000000', '2012-06-25T00:00:00.000000',
       '2012-07-02T00:00:00.000000', '2012-07-09T00:00:00.000000',
       '2012-07-16T00:00:00.000000', '2012-07-23T00:00:00.000000',
       '2012-07-30T00:00:00.000000', '2012-08-06T00:00:00.000000',
       '2012-08-13T00:00:00.000000', '2012-08-20T00:00:00.000000',
       '2012-08-27T00:00:00.000000', '2012-09-03T00:00:00.000000',
       '2012-09-10T00:00:00.000000', '2012-09-17T00:00:00.000000',
       '2012-09-24T00:00:00.000000', '2012-10-01T00:00:00.000000',
       '2012-10-08T00:00:00.000000', '2012-10-15T00:00:00.000000',
       '2012-10-22T00:00:00.000000', '2012-10-29T00:00:00.000000',
       '2012-11-05T00:00:00.000000', '2012-11-12T00:00:00.000000',
       '2012-11-19T00:00:00.000000', '2012-11-26T00:00:00.000000',
       '2012-12-03T00:00:00.000000', '2012-12-10T00:00:00.000000',
       '2012-12-17T00:00:00.000000', '2012-12-24T00:00:00.000000',
       '2012-12-31T00:00:00.000000', '2013-01-07T00:00:00.000000',
       '2013-01-14T00:00:00.000000', '2013-01-21T00:00:00.000000',
       '2013-01-28T00:00:00.000000', '2013-02-04T00:00:00.000000',
       '2013-02-11T00:00:00.000000', '2013-02-18T00:00:00.000000',
       '2013-02-25T00:00:00.000000', '2013-03-04T00:00:00.000000',
       '2013-03-11T00:00:00.000000', '2013-03-18T00:00:00.000000',
       '2013-03-25T00:00:00.000000', '2013-04-01T00:00:00.000000',
       '2013-04-08T00:00:00.000000', '2013-04-15T00:00:00.000000',
       '2013-04-22T00:00:00.000000', '2013-04-29T00:00:00.000000',
       '2013-05-06T00:00:00.000000', '2013-05-13T00:00:00.000000',
       '2013-05-20T00:00:00.000000', '2013-05-27T00:00:00.000000',
       '2013-06-03T00:00:00.000000', '2013-06-10T00:00:00.000000',
       '2013-06-17T00:00:00.000000', '2013-06-24T00:00:00.000000',
       '2013-07-01T00:00:00.000000', '2013-07-08T00:00:00.000000',
       '2013-07-15T00:00:00.000000', '2013-07-22T00:00:00.000000',
       '2013-07-29T00:00:00.000000', '2013-08-05T00:00:00.000000',
       '2013-08-12T00:00:00.000000', '2013-08-19T00:00:00.000000',
       '2013-08-26T00:00:00.000000', '2013-09-02T00:00:00.000000',
       '2013-09-09T00:00:00.000000', '2013-09-16T00:00:00.000000',
       '2013-09-23T00:00:00.000000', '2013-09-30T00:00:00.000000',
       '2013-10-07T00:00:00.000000', '2013-10-14T00:00:00.000000',
       '2013-10-21T00:00:00.000000', '2013-10-28T00:00:00.000000',
       '2013-11-04T00:00:00.000000', '2013-11-11T00:00:00.000000',
       '2013-11-18T00:00:00.000000', '2013-11-25T00:00:00.000000',
       '2013-12-02T00:00:00.000000', '2013-12-09T00:00:00.000000',
       '2013-12-16T00:00:00.000000', '2013-12-23T00:00:00.000000',
       '2013-12-30T00:00:00.000000', '2014-01-06T00:00:00.000000',
       '2014-01-13T00:00:00.000000', '2014-01-20T00:00:00.000000',
       '2014-01-27T00:00:00.000000', '2014-02-03T00:00:00.000000',
       '2014-02-10T00:00:00.000000', '2014-02-17T00:00:00.000000',
       '2014-02-24T00:00:00.000000', '2014-03-03T00:00:00.000000',
       '2014-03-10T00:00:00.000000', '2014-03-17T00:00:00.000000',
       '2014-03-24T00:00:00.000000', '2014-03-31T00:00:00.000000',
       '2014-04-07T00:00:00.000000', '2014-04-14T00:00:00.000000',
       '2014-04-21T00:00:00.000000', '2014-04-28T00:00:00.000000',
       '2014-05-05T00:00:00.000000', '2014-05-12T00:00:00.000000',
       '2014-05-19T00:00:00.000000', '2014-05-26T00:00:00.000000',
       '2014-06-02T00:00:00.000000', '2014-06-09T00:00:00.000000',
       '2014-06-16T00:00:00.000000', '2014-06-23T00:00:00.000000',
       '2014-06-30T00:00:00.000000', '2014-07-07T00:00:00.000000',
       '2014-07-14T00:00:00.000000', '2014-07-21T00:00:00.000000',
       '2014-07-28T00:00:00.000000', '2014-08-04T00:00:00.000000',
       '2014-08-11T00:00:00.000000', '2014-08-18T00:00:00.000000',
       '2014-08-25T00:00:00.000000', '2014-09-01T00:00:00.000000',
       '2014-09-08T00:00:00.000000', '2014-09-15T00:00:00.000000',
       '2014-09-22T00:00:00.000000', '2014-09-29T00:00:00.000000',
       '2014-10-06T00:00:00.000000', '2014-10-13T00:00:00.000000',
       '2014-10-20T00:00:00.000000', '2014-10-27T00:00:00.000000',
       '2014-11-03T00:00:00.000000', '2014-11-10T00:00:00.000000',
       '2014-11-17T00:00:00.000000', '2014-11-24T00:00:00.000000',
       '2014-12-01T00:00:00.000000', '2014-12-08T00:00:00.000000',
       '2014-12-15T00:00:00.000000', '2014-12-22T00:00:00.000000',
       '2014-12-29T00:00:00.000000', '2015-01-05T00:00:00.000000',
       '2015-01-12T00:00:00.000000', '2015-01-19T00:00:00.000000',
       '2015-01-26T00:00:00.000000', '2015-02-02T00:00:00.000000',
       '2015-02-09T00:00:00.000000', '2015-02-16T00:00:00.000000',
       '2015-02-23T00:00:00.000000', '2015-03-02T00:00:00.000000',
       '2015-03-09T00:00:00.000000', '2015-03-16T00:00:00.000000',
       '2015-03-23T00:00:00.000000', '2015-03-30T00:00:00.000000',
       '2015-04-06T00:00:00.000000', '2015-04-13T00:00:00.000000',
       '2015-04-20T00:00:00.000000', '2015-04-27T00:00:00.000000',
       '2015-05-04T00:00:00.000000', '2015-05-11T00:00:00.000000',
       '2015-05-18T00:00:00.000000', '2015-05-25T00:00:00.000000',
       '2015-06-01T00:00:00.000000', '2015-06-08T00:00:00.000000',
       '2015-06-15T00:00:00.000000', '2015-06-22T00:00:00.000000',
       '2015-06-29T00:00:00.000000', '2015-07-06T00:00:00.000000',
       '2015-07-13T00:00:00.000000', '2015-07-20T00:00:00.000000',
       '2015-07-27T00:00:00.000000', '2015-08-03T00:00:00.000000',
       '2015-08-10T00:00:00.000000', '2015-08-17T00:00:00.000000',
       '2015-08-24T00:00:00.000000', '2015-08-31T00:00:00.000000',
       '2015-09-07T00:00:00.000000', '2015-09-14T00:00:00.000000',
       '2015-09-21T00:00:00.000000', '2015-09-28T00:00:00.000000',
       '2015-10-05T00:00:00.000000', '2015-10-12T00:00:00.000000',
       '2015-10-19T00:00:00.000000', '2015-10-26T00:00:00.000000',
       '2015-11-02T00:00:00.000000', '2015-11-09T00:00:00.000000',
       '2015-11-16T00:00:00.000000', '2015-11-23T00:00:00.000000',
       '2015-11-30T00:00:00.000000', '2015-12-07T00:00:00.000000',
       '2015-12-14T00:00:00.000000', '2015-12-21T00:00:00.000000',
       '2015-12-28T00:00:00.000000', '2016-01-04T00:00:00.000000',
       '2016-01-11T00:00:00.000000', '2016-01-18T00:00:00.000000',
       '2016-01-25T00:00:00.000000', '2016-02-01T00:00:00.000000',
       '2016-02-08T00:00:00.000000', '2016-02-15T00:00:00.000000',
       '2016-02-22T00:00:00.000000', '2016-02-29T00:00:00.000000',
       '2016-03-07T00:00:00.000000', '2016-03-14T00:00:00.000000',
       '2016-03-21T00:00:00.000000', '2016-03-28T00:00:00.000000',
       '2016-04-04T00:00:00.000000', '2016-04-11T00:00:00.000000',
       '2016-04-18T00:00:00.000000', '2016-04-25T00:00:00.000000',
       '2016-05-02T00:00:00.000000', '2016-05-09T00:00:00.000000',
       '2016-05-16T00:00:00.000000', '2016-05-23T00:00:00.000000',
       '2016-05-30T00:00:00.000000', '2016-06-06T00:00:00.000000',
       '2016-06-13T00:00:00.000000', '2016-06-20T00:00:00.000000',
       '2016-06-27T00:00:00.000000', '2016-07-04T00:00:00.000000',
       '2016-07-11T00:00:00.000000', '2016-07-18T00:00:00.000000',
       '2016-07-25T00:00:00.000000', '2016-08-01T00:00:00.000000',
       '2016-08-08T00:00:00.000000', '2016-08-15T00:00:00.000000',
       '2016-08-22T00:00:00.000000', '2016-08-29T00:00:00.000000',
       '2016-09-05T00:00:00.000000', '2016-09-12T00:00:00.000000',
       '2016-09-19T00:00:00.000000', '2016-09-26T00:00:00.000000',
       '2016-10-03T00:00:00.000000', '2016-10-10T00:00:00.000000',
       '2016-10-17T00:00:00.000000', '2016-10-24T00:00:00.000000',
       '2016-10-31T00:00:00.000000', '2016-11-07T00:00:00.000000',
       '2016-11-14T00:00:00.000000', '2016-11-21T00:00:00.000000',
       '2016-11-28T00:00:00.000000', '2016-12-05T00:00:00.000000',
       '2016-12-12T00:00:00.000000', '2016-12-19T00:00:00.000000',
       '2016-12-26T00:00:00.000000', '2017-01-02T00:00:00.000000',
       '2017-01-09T00:00:00.000000', '2017-01-16T00:00:00.000000',
       '2017-01-23T00:00:00.000000', '2017-01-30T00:00:00.000000',
       '2017-02-06T00:00:00.000000', '2017-02-13T00:00:00.000000',
       '2017-02-20T00:00:00.000000', '2017-02-27T00:00:00.000000',
       '2017-03-06T00:00:00.000000', '2017-03-13T00:00:00.000000',
       '2017-03-20T00:00:00.000000', '2017-03-27T00:00:00.000000',
       '2017-04-03T00:00:00.000000', '2017-04-10T00:00:00.000000',
       '2017-04-17T00:00:00.000000', '2017-04-24T00:00:00.000000',
       '2017-05-01T00:00:00.000000', '2017-05-08T00:00:00.000000',
       '2017-05-15T00:00:00.000000', '2017-05-22T00:00:00.000000',
       '2017-05-29T00:00:00.000000', '2017-06-05T00:00:00.000000',
       '2017-06-12T00:00:00.000000', '2017-06-19T00:00:00.000000',
       '2017-06-26T00:00:00.000000', '2017-07-03T00:00:00.000000',
       '2017-07-10T00:00:00.000000', '2017-07-17T00:00:00.000000',
       '2017-07-24T00:00:00.000000', '2017-07-31T00:00:00.000000',
       '2017-08-07T00:00:00.000000', '2017-08-14T00:00:00.000000',
       '2017-08-21T00:00:00.000000', '2017-08-28T00:00:00.000000',
       '2017-09-04T00:00:00.000000', '2017-09-11T00:00:00.000000',
       '2017-09-18T00:00:00.000000', '2017-09-25T00:00:00.000000',
       '2017-10-02T00:00:00.000000', '2017-10-09T00:00:00.000000',
       '2017-10-16T00:00:00.000000', '2017-10-23T00:00:00.000000',
       '2017-10-30T00:00:00.000000', '2017-11-06T00:00:00.000000',
       '2017-11-13T00:00:00.000000', '2017-11-20T00:00:00.000000',
       '2017-11-27T00:00:00.000000', '2017-12-04T00:00:00.000000',
       '2017-12-11T00:00:00.000000', '2017-12-18T00:00:00.000000',
       '2017-12-25T00:00:00.000000', '2018-01-01T00:00:00.000000',
       '2018-01-08T00:00:00.000000', '2018-01-15T00:00:00.000000',
       '2018-01-22T00:00:00.000000', '2018-01-29T00:00:00.000000',
       '2018-02-05T00:00:00.000000', '2018-02-12T00:00:00.000000',
       '2018-02-19T00:00:00.000000', '2018-02-26T00:00:00.000000',
       '2018-03-05T00:00:00.000000', '2018-03-12T00:00:00.000000',
       '2018-03-19T00:00:00.000000', '2018-03-26T00:00:00.000000',
       '2018-04-02T00:00:00.000000', '2018-04-09T00:00:00.000000',
       '2018-04-16T00:00:00.000000', '2018-04-23T00:00:00.000000',
       '2018-04-30T00:00:00.000000', '2018-05-07T00:00:00.000000',
       '2018-05-14T00:00:00.000000', '2018-05-21T00:00:00.000000',
       '2018-05-28T00:00:00.000000', '2018-06-04T00:00:00.000000',
       '2018-06-11T00:00:00.000000', '2018-06-18T00:00:00.000000',
       '2018-06-25T00:00:00.000000', '2018-07-02T00:00:00.000000',
       '2018-07-09T00:00:00.000000', '2018-07-16T00:00:00.000000',
       '2018-07-23T00:00:00.000000', '2018-07-30T00:00:00.000000',
       '2018-08-06T00:00:00.000000', '2018-08-13T00:00:00.000000',
       '2018-08-20T00:00:00.000000', '2018-08-27T00:00:00.000000',
       '2018-09-03T00:00:00.000000', '2018-09-10T00:00:00.000000',
       '2018-09-17T00:00:00.000000', '2018-09-24T00:00:00.000000',
       '2018-10-01T00:00:00.000000', '2018-10-08T00:00:00.000000',
       '2018-10-15T00:00:00.000000', '2018-10-22T00:00:00.000000',
       '2018-10-29T00:00:00.000000', '2018-11-05T00:00:00.000000',
       '2018-11-12T00:00:00.000000', '2018-11-19T00:00:00.000000',
       '2018-11-26T00:00:00.000000', '2018-12-03T00:00:00.000000',
       '2018-12-10T00:00:00.000000', '2018-12-17T00:00:00.000000',
       '2018-12-24T00:00:00.000000', '2018-12-31T00:00:00.000000',
       '2019-01-07T00:00:00.000000', '2019-01-14T00:00:00.000000',
       '2019-01-21T00:00:00.000000', '2019-01-28T00:00:00.000000',
       '2019-02-04T00:00:00.000000', '2019-02-11T00:00:00.000000',
       '2019-02-18T00:00:00.000000', '2019-02-25T00:00:00.000000',
       '2019-03-04T00:00:00.000000', '2019-03-11T00:00:00.000000',
       '2019-03-18T00:00:00.000000', '2019-03-25T00:00:00.000000',
       '2019-04-01T00:00:00.000000', '2019-04-08T00:00:00.000000',
       '2019-04-15T00:00:00.000000', '2019-04-22T00:00:00.000000',
       '2019-04-29T00:00:00.000000', '2019-05-06T00:00:00.000000',
       '2019-05-13T00:00:00.000000', '2019-05-20T00:00:00.000000',
       '2019-05-27T00:00:00.000000', '2019-06-03T00:00:00.000000',
       '2019-06-10T00:00:00.000000', '2019-06-17T00:00:00.000000',
       '2019-06-24T00:00:00.000000', '2019-07-01T00:00:00.000000',
       '2019-07-08T00:00:00.000000', '2019-07-15T00:00:00.000000',
       '2019-07-22T00:00:00.000000', '2019-07-29T00:00:00.000000',
       '2019-08-05T00:00:00.000000', '2019-08-12T00:00:00.000000',
       '2019-08-19T00:00:00.000000', '2019-08-26T00:00:00.000000',
       '2019-09-02T00:00:00.000000', '2019-09-09T00:00:00.000000',
       '2019-09-16T00:00:00.000000', '2019-09-23T00:00:00.000000',
       '2019-09-30T00:00:00.000000', '2019-10-07T00:00:00.000000',
       '2019-10-14T00:00:00.000000', '2019-10-21T00:00:00.000000',
       '2019-10-28T00:00:00.000000', '2019-11-04T00:00:00.000000',
       '2019-11-11T00:00:00.000000', '2019-11-18T00:00:00.000000',
       '2019-11-25T00:00:00.000000', '2019-12-02T00:00:00.000000',
       '2019-12-09T00:00:00.000000', '2019-12-16T00:00:00.000000',
       '2019-12-23T00:00:00.000000', '2019-12-30T00:00:00.000000',
       '2020-01-06T00:00:00.000000', '2020-01-13T00:00:00.000000',
       '2020-01-20T00:00:00.000000', '2020-01-27T00:00:00.000000',
       '2020-02-03T00:00:00.000000', '2020-02-10T00:00:00.000000',
       '2020-02-17T00:00:00.000000', '2020-02-24T00:00:00.000000',
       '2020-03-02T00:00:00.000000', '2020-03-09T00:00:00.000000',
       '2020-03-16T00:00:00.000000', '2020-03-23T00:00:00.000000',
       '2020-03-30T00:00:00.000000', '2020-04-06T00:00:00.000000',
       '2020-04-13T00:00:00.000000', '2020-04-20T00:00:00.000000',
       '2020-04-27T00:00:00.000000', '2020-05-04T00:00:00.000000',
       '2020-05-11T00:00:00.000000', '2020-05-18T00:00:00.000000',
       '2020-05-25T00:00:00.000000', '2020-06-01T00:00:00.000000',
       '2020-06-08T00:00:00.000000', '2020-06-15T00:00:00.000000',
       '2020-06-22T00:00:00.000000', '2020-06-29T00:00:00.000000',
       '2020-07-06T00:00:00.000000', '2020-07-13T00:00:00.000000',
       '2020-07-20T00:00:00.000000', '2020-07-27T00:00:00.000000',
       '2020-08-03T00:00:00.000000', '2020-08-10T00:00:00.000000',
       '2020-08-17T00:00:00.000000', '2020-08-24T00:00:00.000000',
       '2020-08-31T00:00:00.000000', '2020-09-07T00:00:00.000000',
       '2020-09-14T00:00:00.000000', '2020-09-21T00:00:00.000000',
       '2020-09-28T00:00:00.000000', '2020-10-05T00:00:00.000000',
       '2020-10-12T00:00:00.000000', '2020-10-19T00:00:00.000000',
       '2020-10-26T00:00:00.000000', '2020-11-02T00:00:00.000000',
       '2020-11-09T00:00:00.000000', '2020-11-16T00:00:00.000000',
       '2020-11-23T00:00:00.000000', '2020-11-30T00:00:00.000000',
       '2020-12-07T00:00:00.000000', '2020-12-14T00:00:00.000000',
       '2020-12-21T00:00:00.000000', '2020-12-28T00:00:00.000000',
       '2021-01-04T00:00:00.000000', '2021-01-11T00:00:00.000000',
       '2021-01-18T00:00:00.000000', '2021-01-25T00:00:00.000000',
       '2021-02-01T00:00:00.000000', '2021-02-08T00:00:00.000000',
       '2021-02-15T00:00:00.000000', '2021-02-22T00:00:00.000000',
       '2021-03-01T00:00:00.000000', '2021-03-08T00:00:00.000000',
       '2021-03-15T00:00:00.000000', '2021-03-22T00:00:00.000000',
       '2021-03-29T00:00:00.000000', '2021-04-05T00:00:00.000000',
       '2021-04-12T00:00:00.000000', '2021-04-19T00:00:00.000000',
       '2021-04-26T00:00:00.000000', '2021-05-03T00:00:00.000000',
       '2021-05-10T00:00:00.000000', '2021-05-17T00:00:00.000000',
       '2021-05-24T00:00:00.000000', '2021-05-31T00:00:00.000000',
       '2021-06-07T00:00:00.000000', '2021-06-14T00:00:00.000000',
       '2021-06-21T00:00:00.000000', '2021-06-28T00:00:00.000000',
       '2021-07-05T00:00:00.000000', '2021-07-12T00:00:00.000000',
       '2021-07-19T00:00:00.000000', '2021-07-26T00:00:00.000000',
       '2021-08-02T00:00:00.000000', '2021-08-09T00:00:00.000000',
       '2021-08-16T00:00:00.000000', '2021-08-23T00:00:00.000000',
       '2021-08-30T00:00:00.000000', '2021-09-06T00:00:00.000000',
       '2021-09-13T00:00:00.000000', '2021-09-20T00:00:00.000000',
       '2021-09-27T00:00:00.000000', '2021-10-04T00:00:00.000000',
       '2021-10-11T00:00:00.000000', '2021-10-18T00:00:00.000000',
       '2021-10-25T00:00:00.000000', '2021-11-01T00:00:00.000000',
       '2021-11-08T00:00:00.000000', '2021-11-15T00:00:00.000000',
       '2021-11-22T00:00:00.000000', '2021-11-29T00:00:00.000000',
       '2021-12-06T00:00:00.000000', '2021-12-13T00:00:00.000000',
       '2021-12-20T00:00:00.000000', '2021-12-27T00:00:00.000000',
       '2022-01-03T00:00:00.000000', '2022-01-10T00:00:00.000000',
       '2022-01-17T00:00:00.000000', '2022-01-24T00:00:00.000000',
       '2022-01-31T00:00:00.000000', '2022-02-07T00:00:00.000000',
       '2022-02-14T00:00:00.000000', '2022-02-21T00:00:00.000000',
       '2022-02-28T00:00:00.000000', '2022-03-07T00:00:00.000000',
       '2022-03-14T00:00:00.000000', '2022-03-21T00:00:00.000000',
       '2022-03-28T00:00:00.000000', '2022-04-04T00:00:00.000000',
       '2022-04-11T00:00:00.000000', '2022-04-18T00:00:00.000000',
       '2022-04-25T00:00:00.000000', '2022-05-02T00:00:00.000000',
       '2022-05-09T00:00:00.000000', '2022-05-16T00:00:00.000000',
       '2022-05-23T00:00:00.000000', '2022-05-30T00:00:00.000000',
       '2022-06-06T00:00:00.000000', '2022-06-13T00:00:00.000000',
       '2022-06-20T00:00:00.000000', '2022-06-27T00:00:00.000000',
       '2022-07-04T00:00:00.000000', '2022-07-11T00:00:00.000000',
       '2022-07-18T00:00:00.000000', '2022-07-25T00:00:00.000000',
       '2022-08-01T00:00:00.000000', '2022-08-08T00:00:00.000000',
       '2022-08-15T00:00:00.000000', '2022-08-22T00:00:00.000000',
       '2022-08-29T00:00:00.000000', '2022-09-05T00:00:00.000000',
       '2022-09-12T00:00:00.000000', '2022-09-19T00:00:00.000000',
       '2022-09-26T00:00:00.000000', '2022-10-03T00:00:00.000000',
       '2022-10-10T00:00:00.000000', '2022-10-17T00:00:00.000000',
       '2022-10-24T00:00:00.000000', '2022-10-31T00:00:00.000000',
       '2022-11-07T00:00:00.000000', '2022-11-14T00:00:00.000000',
       '2022-11-21T00:00:00.000000', '2022-11-28T00:00:00.000000',
       '2022-12-05T00:00:00.000000', '2022-12-12T00:00:00.000000',
       '2022-12-19T00:00:00.000000', '2022-12-26T00:00:00.000000',
       '2023-01-02T00:00:00.000000', '2023-01-09T00:00:00.000000',
       '2023-01-16T00:00:00.000000', '2023-01-23T00:00:00.000000',
       '2023-01-30T00:00:00.000000', '2023-02-06T00:00:00.000000',
       '2023-02-13T00:00:00.000000', '2023-02-20T00:00:00.000000',
       '2023-02-27T00:00:00.000000', '2023-03-06T00:00:00.000000',
       '2023-03-13T00:00:00.000000', '2023-03-20T00:00:00.000000',
       '2023-03-27T00:00:00.000000', '2023-04-03T00:00:00.000000',
       '2023-04-10T00:00:00.000000', '2023-04-17T00:00:00.000000',
       '2023-04-24T00:00:00.000000', '2023-05-01T00:00:00.000000',
       '2023-05-08T00:00:00.000000', '2023-05-15T00:00:00.000000',
       '2023-05-22T00:00:00.000000', '2023-05-29T00:00:00.000000',
       '2023-06-05T00:00:00.000000', '2023-06-12T00:00:00.000000',
       '2023-06-19T00:00:00.000000', '2023-06-26T00:00:00.000000',
       '2023-07-03T00:00:00.000000', '2023-07-10T00:00:00.000000',
       '2023-07-17T00:00:00.000000', '2023-07-24T00:00:00.000000',
       '2023-07-31T00:00:00.000000', '2023-08-07T00:00:00.000000',
       '2023-08-14T00:00:00.000000', '2023-08-21T00:00:00.000000',
       '2023-08-28T00:00:00.000000', '2023-09-04T00:00:00.000000',
       '2023-09-11T00:00:00.000000', '2023-09-18T00:00:00.000000',
       '2023-09-25T00:00:00.000000', '2023-10-02T00:00:00.000000',
       '2023-10-09T00:00:00.000000', '2023-10-16T00:00:00.000000',
       '2023-10-23T00:00:00.000000', '2023-10-30T00:00:00.000000',
       '2023-11-06T00:00:00.000000', '2023-11-13T00:00:00.000000',
       '2023-11-20T00:00:00.000000', '2023-11-27T00:00:00.000000',
       '2023-12-04T00:00:00.000000', '2023-12-11T00:00:00.000000',
       '2023-12-18T00:00:00.000000', '2023-12-25T00:00:00.000000',
       '2024-01-01T00:00:00.000000', '2024-01-08T00:00:00.000000',
       '2024-01-15T00:00:00.000000', '2024-01-22T00:00:00.000000',
       '2024-01-29T00:00:00.000000', '2024-02-05T00:00:00.000000',
       '2024-02-12T00:00:00.000000', '2024-02-19T00:00:00.000000',
       '2024-02-26T00:00:00.000000', '2024-03-04T00:00:00.000000',
       '2024-03-11T00:00:00.000000', '2024-03-18T00:00:00.000000',
       '2024-03-25T00:00:00.000000', '2024-04-01T00:00:00.000000',
       '2024-04-08T00:00:00.000000', '2024-04-15T00:00:00.000000',
       '2024-04-22T00:00:00.000000', '2024-04-29T00:00:00.000000',
       '2024-05-06T00:00:00.000000', '2024-05-13T00:00:00.000000',
       '2024-05-20T00:00:00.000000', '2024-05-27T00:00:00.000000',
       '2024-06-03T00:00:00.000000', '2024-06-10T00:00:00.000000',
       '2024-06-17T00:00:00.000000', '2024-06-24T00:00:00.000000',
       '2024-07-01T00:00:00.000000', '2024-07-08T00:00:00.000000',
       '2024-07-15T00:00:00.000000', '2024-07-22T00:00:00.000000',
       '2024-07-29T00:00:00.000000', '2024-08-05T00:00:00.000000',
       '2024-08-12T00:00:00.000000', '2024-08-19T00:00:00.000000',
       '2024-08-26T00:00:00.000000', '2024-09-02T00:00:00.000000',
       '2024-09-09T00:00:00.000000', '2024-09-16T00:00:00.000000',
       '2024-09-23T00:00:00.000000', '2024-09-30T00:00:00.000000',
       '2024-10-07T00:00:00.000000', '2024-10-14T00:00:00.000000',
       '2024-10-21T00:00:00.000000', '2024-10-28T00:00:00.000000',
       '2024-11-04T00:00:00.000000', '2024-11-11T00:00:00.000000',
       '2024-11-18T00:00:00.000000', '2024-11-25T00:00:00.000000',
       '2024-12-02T00:00:00.000000', '2024-12-09T00:00:00.000000',
       '2024-12-16T00:00:00.000000', '2024-12-23T00:00:00.000000',
       '2024-12-30T00:00:00.000000', '2025-01-06T00:00:00.000000',
       '2025-01-13T00:00:00.000000', '2025-01-20T00:00:00.000000',
       '2025-01-27T00:00:00.000000', '2025-02-03T00:00:00.000000',
       '2025-02-10T00:00:00.000000', '2025-02-17T00:00:00.000000',
       '2025-02-24T00:00:00.000000', '2025-03-03T00:00:00.000000',
       '2025-03-10T00:00:00.000000', '2025-03-17T00:00:00.000000',
       '2025-03-24T00:00:00.000000', '2025-03-31T00:00:00.000000',
       '2025-04-07T00:00:00.000000', '2025-04-14T00:00:00.000000',
       '2025-04-21T00:00:00.000000', '2025-04-28T00:00:00.000000',
       '2025-05-05T00:00:00.000000', '2025-05-12T00:00:00.000000',
       '2025-05-19T00:00:00.000000', '2025-05-26T00:00:00.000000',
       '2025-06-02T00:00:00.000000', '2025-06-09T00:00:00.000000',
       '2025-06-16T00:00:00.000000', '2025-06-23T00:00:00.000000',
       '2025-06-30T00:00:00.000000', '2025-07-07T00:00:00.000000',
       '2025-07-14T00:00:00.000000', '2025-07-21T00:00:00.000000',
       '2025-07-28T00:00:00.000000', '2025-08-04T00:00:00.000000',
       '2025-08-11T00:00:00.000000', '2025-08-18T00:00:00.000000',
       '2025-08-25T00:00:00.000000', '2025-09-01T00:00:00.000000',
       '2025-09-08T00:00:00.000000', '2025-09-15T00:00:00.000000',
       '2025-09-22T00:00:00.000000', '2025-09-29T00:00:00.000000',
       '2025-10-06T00:00:00.000000', '2025-10-13T00:00:00.000000',
       '2025-10-20T00:00:00.000000', '2025-10-27T00:00:00.000000',
       '2025-11-03T00:00:00.000000', '2025-11-10T00:00:00.000000',
       '2025-11-17T00:00:00.000000', '2025-11-24T00:00:00.000000',
       '2025-12-01T00:00:00.000000', '2025-12-08T00:00:00.000000',
       '2025-12-15T00:00:00.000000', '2025-12-22T00:00:00.000000',
       '2025-12-29T00:00:00.000000', '2026-01-05T00:00:00.000000',
       '2026-01-12T00:00:00.000000', '2026-01-19T00:00:00.000000',
       '2026-01-26T00:00:00.000000', '2026-02-02T00:00:00.000000',
       '2026-02-09T00:00:00.000000', '2026-02-16T00:00:00.000000',
       '2026-02-23T00:00:00.000000', '2026-03-02T00:00:00.000000',
       '2026-03-09T00:00:00.000000', '2026-03-16T00:00:00.000000',
       '2026-03-23T00:00:00.000000', '2026-03-30T00:00:00.000000',
       '2026-04-06T00:00:00.000000', '2026-04-13T00:00:00.000000',
       '2026-05-25T00:00:00.000000', '2026-06-01T00:00:00.000000',
       '2026-06-08T00:00:00.000000', '2026-06-15T00:00:00.000000'],
      dtype='datetime64[us]'))
2026-06-25 06:14:18.732 | INFO     | __main__:run_forecasting:330 - =================================================================
2026-06-25 06:14:18.741 | INFO     | __main__:run_forecasting:331 - STEP 5 — FORECASTING ENGINE
2026-06-25 06:14:18.743 | INFO     | __main__:run_forecasting:332 -   Run date   : Thursday, 25 June 2026
2026-06-25 06:14:18.748 | INFO     | __main__:run_forecasting:333 -   Commodities: 17
2026-06-25 06:14:18.754 | INFO     | __main__:run_forecasting:334 -   Horizons   : ['daily', 'weekly', '2_weeks', 'monthly', '3_months', '6_months']
2026-06-25 06:14:18.758 | INFO     | __main__:run_forecasting:335 -   Ensemble   : ARIMA + Prophet + Holt-Winters + XGBoost + LightGBM
2026-06-25 06:14:18.761 | INFO     | __main__:run_forecasting:336 - =================================================================
2026-06-25 06:14:19.452 | INFO     | __main__:run_forecasting:353 - 
[1/17] Forecasting Hibiscus...
2026-06-25 06:15:24.187 | DEBUG    | __main__:forecast_holt_winters:131 -     Holt-Winters forecast failed: positive() got an unexpected keyword argument 'lower'
2026-06-25 06:15:24.201 | DEBUG    | __main__:forecast_tree:163 -     Tree forecast failed: Feature shape mismatch, expected: 18, got 16
2026-06-25 06:15:24.206 | INFO     | __main__:forecast_commodity:294 -   daily        -> N   2,109,354/MT  -7.8%  (2026-06-29)
2026-06-25 06:15:24.211 | INFO     | __main__:forecast_commodity:294 -   weekly       -> N   2,109,354/MT  -7.8%  (2026-07-06)
2026-06-25 06:15:24.213 | INFO     | __main__:forecast_commodity:294 -   2_weeks      -> N   2,164,014/MT  -5.5%  (2026-07-13)
2026-06-25 06:15:24.219 | INFO     | __main__:forecast_commodity:294 -   monthly      -> N   2,166,696/MT  -5.3%  (2026-07-27)
2026-06-25 06:15:24.223 | INFO     | __main__:forecast_commodity:294 -   3_months     -> N   2,025,640/MT  -11.5%  (2026-09-28)
2026-06-25 06:15:24.247 | INFO     | __main__:forecast_commodity:294 -   6_months     -> N   1,929,581/MT  -15.7%  (2026-12-28)
2026-06-25 06:15:24.259 | INFO     | __main__:run_forecasting:359 -   Hibiscus
2026-06-25 06:15:24.259 | INFO     | __main__:run_forecasting:353 - 
[2/17] Forecasting Sesame...
2026-06-25 06:15:25.331 | DEBUG    | __main__:forecast_holt_winters:131 -     Holt-Winters forecast failed: positive() got an unexpected keyword argument 'lower'
2026-06-25 06:15:25.339 | DEBUG    | __main__:forecast_tree:163 -     Tree forecast failed: Feature shape mismatch, expected: 18, got 16
2026-06-25 06:15:25.341 | INFO     | __main__:forecast_commodity:294 -   daily        -> N   1,625,685/MT  -1.5%  (2026-06-29)
2026-06-25 06:15:25.342 | INFO     | __main__:forecast_commodity:294 -   weekly       -> N   1,625,685/MT  -1.5%  (2026-07-06)
2026-06-25 06:15:25.343 | INFO     | __main__:forecast_commodity:294 -   2_weeks      -> N   1,599,361/MT  -3.1%  (2026-07-13)
2026-06-25 06:15:25.345 | INFO     | __main__:forecast_commodity:294 -   monthly      -> N   1,512,795/MT  -8.4%  (2026-07-27)
2026-06-25 06:15:25.347 | INFO     | __main__:forecast_commodity:294 -   3_months     -> N   1,466,956/MT  -11.1%  (2026-09-28)
2026-06-25 06:15:25.351 | INFO     | __main__:forecast_commodity:294 -   6_months     -> N   1,481,795/MT  -10.2%  (2026-12-28)
2026-06-25 06:15:25.381 | INFO     | __main__:run_forecasting:359 -   Sesame
2026-06-25 06:15:25.385 | INFO     | __main__:run_forecasting:353 - 
[3/17] Forecasting Ginger...
2026-06-25 06:15:25.973 | DEBUG    | __main__:forecast_holt_winters:131 -     Holt-Winters forecast failed: positive() got an unexpected keyword argument 'lower'
2026-06-25 06:15:25.980 | DEBUG    | __main__:forecast_tree:163 -     Tree forecast failed: Feature shape mismatch, expected: 18, got 16
2026-06-25 06:15:25.980 | INFO     | __main__:forecast_commodity:294 -   daily        -> N  12,761,333/MT  +4.4%  (2026-06-29)
2026-06-25 06:15:25.982 | INFO     | __main__:forecast_commodity:294 -   weekly       -> N  12,761,333/MT  +4.4%  (2026-07-06)
2026-06-25 06:15:25.984 | INFO     | __main__:forecast_commodity:294 -   2_weeks      -> N  13,030,513/MT  +6.6%  (2026-07-13)
2026-06-25 06:15:25.986 | INFO     | __main__:forecast_commodity:294 -   monthly      -> N  12,686,307/MT  +3.8%  (2026-07-27)
2026-06-25 06:15:25.986 | INFO     | __main__:forecast_commodity:294 -   3_months     -> N  11,746,934/MT  -3.9%  (2026-09-28)
2026-06-25 06:15:25.992 | INFO     | __main__:forecast_commodity:294 -   6_months     -> N  11,147,046/MT  -8.8%  (2026-12-28)
2026-06-25 06:15:25.996 | INFO     | __main__:run_forecasting:359 -   Ginger
2026-06-25 06:15:25.998 | INFO     | __main__:run_forecasting:353 - 
[4/17] Forecasting Cocoa...
2026-06-25 06:15:26.473 | DEBUG    | __main__:forecast_holt_winters:131 -     Holt-Winters forecast failed: positive() got an unexpected keyword argument 'lower'
2026-06-25 06:15:26.477 | DEBUG    | __main__:forecast_tree:163 -     Tree forecast failed: Feature shape mismatch, expected: 18, got 16
2026-06-25 06:15:26.478 | INFO     | __main__:forecast_commodity:294 -   daily        -> N   8,927,779/MT  +55.5%  (2026-06-29)
2026-06-25 06:15:26.480 | INFO     | __main__:forecast_commodity:294 -   weekly       -> N   8,927,779/MT  +55.5%  (2026-07-06)
2026-06-25 06:15:26.481 | INFO     | __main__:forecast_commodity:294 -   2_weeks      -> N   9,692,498/MT  +68.8%  (2026-07-13)
2026-06-25 06:15:26.481 | INFO     | __main__:forecast_commodity:294 -   monthly      -> N   9,731,430/MT  +69.5%  (2026-07-27)
2026-06-25 06:15:26.483 | INFO     | __main__:forecast_commodity:294 -   3_months     -> N   8,820,017/MT  +53.6%  (2026-09-28)
2026-06-25 06:15:26.486 | INFO     | __main__:forecast_commodity:294 -   6_months     -> N   8,959,744/MT  +56.0%  (2026-12-28)
2026-06-25 06:15:26.510 | INFO     | __main__:run_forecasting:359 -   Cocoa
2026-06-25 06:15:26.529 | INFO     | __main__:run_forecasting:353 - 
[5/17] Forecasting Soybeans...
2026-06-25 06:15:27.026 | DEBUG    | __main__:forecast_holt_winters:131 -     Holt-Winters forecast failed: positive() got an unexpected keyword argument 'lower'
2026-06-25 06:15:27.035 | DEBUG    | __main__:forecast_tree:163 -     Tree forecast failed: Feature shape mismatch, expected: 18, got 16
2026-06-25 06:15:27.039 | INFO     | __main__:forecast_commodity:294 -   daily        -> N     853,491/MT  +13.5%  (2026-06-29)
2026-06-25 06:15:27.042 | INFO     | __main__:forecast_commodity:294 -   weekly       -> N     853,491/MT  +13.5%  (2026-07-06)
2026-06-25 06:15:27.043 | INFO     | __main__:forecast_commodity:294 -   2_weeks      -> N     877,900/MT  +16.8%  (2026-07-13)
2026-06-25 06:15:27.055 | INFO     | __main__:forecast_commodity:294 -   monthly      -> N     849,673/MT  +13.0%  (2026-07-27)
2026-06-25 06:15:27.069 | INFO     | __main__:forecast_commodity:294 -   3_months     -> N     832,126/MT  +10.7%  (2026-09-28)
2026-06-25 06:15:27.078 | INFO     | __main__:forecast_commodity:294 -   6_months     -> N     815,688/MT  +8.5%  (2026-12-28)
2026-06-25 06:15:27.092 | INFO     | __main__:run_forecasting:359 -   Soybeans
2026-06-25 06:15:27.096 | INFO     | __main__:run_forecasting:353 - 
[6/17] Forecasting Cashew Nuts...
2026-06-25 06:15:27.596 | DEBUG    | __main__:forecast_holt_winters:131 -     Holt-Winters forecast failed: positive() got an unexpected keyword argument 'lower'
2026-06-25 06:15:27.601 | DEBUG    | __main__:forecast_tree:163 -     Tree forecast failed: Feature shape mismatch, expected: 18, got 16
2026-06-25 06:15:27.603 | INFO     | __main__:forecast_commodity:294 -   daily        -> N   2,121,712/MT  +7.8%  (2026-06-29)
2026-06-25 06:15:27.603 | INFO     | __main__:forecast_commodity:294 -   weekly       -> N   2,121,712/MT  +7.8%  (2026-07-06)
2026-06-25 06:15:27.604 | INFO     | __main__:forecast_commodity:294 -   2_weeks      -> N   2,132,176/MT  +8.4%  (2026-07-13)
2026-06-25 06:15:27.606 | INFO     | __main__:forecast_commodity:294 -   monthly      -> N   2,154,106/MT  +9.5%  (2026-07-27)
2026-06-25 06:15:27.606 | INFO     | __main__:forecast_commodity:294 -   3_months     -> N   2,190,494/MT  +11.3%  (2026-09-28)
2026-06-25 06:15:27.608 | INFO     | __main__:forecast_commodity:294 -   6_months     -> N   2,066,766/MT  +5.0%  (2026-12-28)
2026-06-25 06:15:27.611 | INFO     | __main__:run_forecasting:359 -   Cashew Nuts
2026-06-25 06:15:27.611 | INFO     | __main__:run_forecasting:353 - 
[7/17] Forecasting Sorghum...
2026-06-25 06:15:28.328 | DEBUG    | __main__:forecast_holt_winters:131 -     Holt-Winters forecast failed: positive() got an unexpected keyword argument 'lower'
2026-06-25 06:15:28.333 | DEBUG    | __main__:forecast_tree:163 -     Tree forecast failed: Feature shape mismatch, expected: 18, got 16
2026-06-25 06:15:28.333 | INFO     | __main__:forecast_commodity:294 -   daily        -> N     466,798/MT  +8.8%  (2026-06-29)
2026-06-25 06:15:28.335 | INFO     | __main__:forecast_commodity:294 -   weekly       -> N     466,798/MT  +8.8%  (2026-07-06)
2026-06-25 06:15:28.335 | INFO     | __main__:forecast_commodity:294 -   2_weeks      -> N     476,519/MT  +11.0%  (2026-07-13)
2026-06-25 06:15:28.339 | INFO     | __main__:forecast_commodity:294 -   monthly      -> N     488,663/MT  +13.9%  (2026-07-27)
2026-06-25 06:15:28.339 | INFO     | __main__:forecast_commodity:294 -   3_months     -> N     483,062/MT  +12.6%  (2026-09-28)
2026-06-25 06:15:28.341 | INFO     | __main__:forecast_commodity:294 -   6_months     -> N     441,707/MT  +2.9%  (2026-12-28)
2026-06-25 06:15:28.345 | INFO     | __main__:run_forecasting:359 -   Sorghum
2026-06-25 06:15:28.347 | INFO     | __main__:run_forecasting:353 - 
[8/17] Forecasting Beans (white)...
2026-06-25 06:15:28.910 | DEBUG    | __main__:forecast_holt_winters:131 -     Holt-Winters forecast failed: positive() got an unexpected keyword argument 'lower'
2026-06-25 06:15:28.916 | DEBUG    | __main__:forecast_tree:163 -     Tree forecast failed: Feature shape mismatch, expected: 18, got 16
2026-06-25 06:15:28.918 | INFO     | __main__:forecast_commodity:294 -   daily        -> N     999,021/MT  +21.1%  (2026-06-29)
2026-06-25 06:15:28.921 | INFO     | __main__:forecast_commodity:294 -   weekly       -> N     999,021/MT  +21.1%  (2026-07-06)
2026-06-25 06:15:28.921 | INFO     | __main__:forecast_commodity:294 -   2_weeks      -> N   1,011,080/MT  +22.6%  (2026-07-13)
2026-06-25 06:15:28.923 | INFO     | __main__:forecast_commodity:294 -   monthly      -> N   1,006,708/MT  +22.0%  (2026-07-27)
2026-06-25 06:15:28.924 | INFO     | __main__:forecast_commodity:294 -   3_months     -> N   1,049,156/MT  +27.2%  (2026-09-28)
2026-06-25 06:15:28.926 | INFO     | __main__:forecast_commodity:294 -   6_months     -> N   1,064,446/MT  +29.0%  (2026-12-28)
2026-06-25 06:15:28.932 | INFO     | __main__:run_forecasting:359 -   Beans (white)
2026-06-25 06:15:28.934 | INFO     | __main__:run_forecasting:353 - 
[9/17] Forecasting Beans (red)...
2026-06-25 06:15:29.433 | DEBUG    | __main__:forecast_holt_winters:131 -     Holt-Winters forecast failed: positive() got an unexpected keyword argument 'lower'
2026-06-25 06:15:29.438 | DEBUG    | __main__:forecast_tree:163 -     Tree forecast failed: Feature shape mismatch, expected: 18, got 16
2026-06-25 06:15:29.439 | INFO     | __main__:forecast_commodity:294 -   daily        -> N     911,421/MT  -0.3%  (2026-06-29)
2026-06-25 06:15:29.439 | INFO     | __main__:forecast_commodity:294 -   weekly       -> N     911,421/MT  -0.3%  (2026-07-06)
2026-06-25 06:15:29.441 | INFO     | __main__:forecast_commodity:294 -   2_weeks      -> N     895,151/MT  -2.1%  (2026-07-13)
2026-06-25 06:15:29.443 | INFO     | __main__:forecast_commodity:294 -   monthly      -> N     928,067/MT  +1.5%  (2026-07-27)
2026-06-25 06:15:29.444 | INFO     | __main__:forecast_commodity:294 -   3_months     -> N     904,932/MT  -1.0%  (2026-09-28)
2026-06-25 06:15:29.446 | INFO     | __main__:forecast_commodity:294 -   6_months     -> N     769,035/MT  -15.9%  (2026-12-28)
2026-06-25 06:15:29.451 | INFO     | __main__:run_forecasting:359 -   Beans (red)
2026-06-25 06:15:29.459 | INFO     | __main__:run_forecasting:353 - 
[10/17] Forecasting Maize (white)...
2026-06-25 06:15:30.899 | DEBUG    | __main__:forecast_holt_winters:131 -     Holt-Winters forecast failed: positive() got an unexpected keyword argument 'lower'
2026-06-25 06:15:30.903 | DEBUG    | __main__:forecast_tree:163 -     Tree forecast failed: Feature shape mismatch, expected: 18, got 16
2026-06-25 06:15:30.905 | INFO     | __main__:forecast_commodity:294 -   daily        -> N     383,021/MT  +3.3%  (2026-06-29)
2026-06-25 06:15:30.906 | INFO     | __main__:forecast_commodity:294 -   weekly       -> N     383,021/MT  +3.3%  (2026-07-06)
2026-06-25 06:15:30.907 | INFO     | __main__:forecast_commodity:294 -   2_weeks      -> N     371,439/MT  +0.2%  (2026-07-13)
2026-06-25 06:15:30.907 | INFO     | __main__:forecast_commodity:294 -   monthly      -> N     377,671/MT  +1.9%  (2026-07-27)
2026-06-25 06:15:30.910 | INFO     | __main__:forecast_commodity:294 -   3_months     -> N     372,435/MT  +0.5%  (2026-09-28)
2026-06-25 06:15:30.919 | INFO     | __main__:forecast_commodity:294 -   6_months     -> N     368,654/MT  -0.6%  (2026-12-28)
2026-06-25 06:15:30.925 | INFO     | __main__:run_forecasting:359 -   Maize (white)
2026-06-25 06:15:30.925 | INFO     | __main__:run_forecasting:353 - 
[11/17] Forecasting Maize (yellow)...
2026-06-25 06:15:31.531 | DEBUG    | __main__:forecast_holt_winters:131 -     Holt-Winters forecast failed: positive() got an unexpected keyword argument 'lower'
2026-06-25 06:15:31.546 | DEBUG    | __main__:forecast_tree:163 -     Tree forecast failed: Feature shape mismatch, expected: 18, got 16
2026-06-25 06:15:31.546 | INFO     | __main__:forecast_commodity:294 -   daily        -> N     414,741/MT  +2.2%  (2026-06-29)
2026-06-25 06:15:31.548 | INFO     | __main__:forecast_commodity:294 -   weekly       -> N     414,741/MT  +2.2%  (2026-07-06)
2026-06-25 06:15:31.548 | INFO     | __main__:forecast_commodity:294 -   2_weeks      -> N     409,470/MT  +0.9%  (2026-07-13)
2026-06-25 06:15:31.550 | INFO     | __main__:forecast_commodity:294 -   monthly      -> N     415,795/MT  +2.5%  (2026-07-27)
2026-06-25 06:15:31.552 | INFO     | __main__:forecast_commodity:294 -   3_months     -> N     421,960/MT  +4.0%  (2026-09-28)
2026-06-25 06:15:31.555 | INFO     | __main__:forecast_commodity:294 -   6_months     -> N     416,420/MT  +2.6%  (2026-12-28)
2026-06-25 06:15:31.560 | INFO     | __main__:run_forecasting:359 -   Maize (yellow)
2026-06-25 06:15:31.560 | INFO     | __main__:run_forecasting:353 - 
[12/17] Forecasting Wheat...
2026-06-25 06:15:32.075 | DEBUG    | __main__:forecast_holt_winters:131 -     Holt-Winters forecast failed: positive() got an unexpected keyword argument 'lower'
2026-06-25 06:15:32.079 | DEBUG    | __main__:forecast_tree:163 -     Tree forecast failed: Feature shape mismatch, expected: 18, got 16
2026-06-25 06:15:32.081 | INFO     | __main__:forecast_commodity:294 -   daily        -> N     747,219/MT  +4.7%  (2026-06-29)
2026-06-25 06:15:32.091 | INFO     | __main__:forecast_commodity:294 -   weekly       -> N     747,219/MT  +4.7%  (2026-07-06)
2026-06-25 06:15:32.092 | INFO     | __main__:forecast_commodity:294 -   2_weeks      -> N     759,607/MT  +6.4%  (2026-07-13)
2026-06-25 06:15:32.096 | INFO     | __main__:forecast_commodity:294 -   monthly      -> N     770,552/MT  +8.0%  (2026-07-27)
2026-06-25 06:15:32.101 | INFO     | __main__:forecast_commodity:294 -   3_months     -> N     756,842/MT  +6.0%  (2026-09-28)
2026-06-25 06:15:32.115 | INFO     | __main__:forecast_commodity:294 -   6_months     -> N     766,584/MT  +7.4%  (2026-12-28)
2026-06-25 06:15:32.129 | INFO     | __main__:run_forecasting:359 -   Wheat
2026-06-25 06:15:32.135 | INFO     | __main__:run_forecasting:353 - 
[13/17] Forecasting Rice...
2026-06-25 06:15:32.617 | DEBUG    | __main__:forecast_holt_winters:131 -     Holt-Winters forecast failed: positive() got an unexpected keyword argument 'lower'
2026-06-25 06:15:32.625 | DEBUG    | __main__:forecast_tree:163 -     Tree forecast failed: Feature shape mismatch, expected: 18, got 16
2026-06-25 06:15:32.626 | INFO     | __main__:forecast_commodity:294 -   daily        -> N   1,668,001/MT  +5.8%  (2026-06-29)
2026-06-25 06:15:32.628 | INFO     | __main__:forecast_commodity:294 -   weekly       -> N   1,668,001/MT  +5.8%  (2026-07-06)
2026-06-25 06:15:32.630 | INFO     | __main__:forecast_commodity:294 -   2_weeks      -> N   1,717,147/MT  +8.9%  (2026-07-13)
2026-06-25 06:15:32.632 | INFO     | __main__:forecast_commodity:294 -   monthly      -> N   1,674,470/MT  +6.2%  (2026-07-27)
2026-06-25 06:15:32.633 | INFO     | __main__:forecast_commodity:294 -   3_months     -> N   1,682,471/MT  +6.7%  (2026-09-28)
2026-06-25 06:15:32.636 | INFO     | __main__:forecast_commodity:294 -   6_months     -> N   1,716,703/MT  +8.9%  (2026-12-28)
2026-06-25 06:15:32.670 | INFO     | __main__:run_forecasting:359 -   Rice
2026-06-25 06:15:32.675 | INFO     | __main__:run_forecasting:353 - 
[14/17] Forecasting Eggs...
2026-06-25 06:15:33.571 | DEBUG    | __main__:forecast_holt_winters:131 -     Holt-Winters forecast failed: positive() got an unexpected keyword argument 'lower'
2026-06-25 06:15:33.576 | DEBUG    | __main__:forecast_tree:163 -     Tree forecast failed: Feature shape mismatch, expected: 18, got 16
2026-06-25 06:15:33.577 | INFO     | __main__:forecast_commodity:294 -   daily        -> N       7,224/MT  +0.6%  (2026-06-29)
2026-06-25 06:15:33.579 | INFO     | __main__:forecast_commodity:294 -   weekly       -> N       7,224/MT  +0.6%  (2026-07-06)
2026-06-25 06:15:33.580 | INFO     | __main__:forecast_commodity:294 -   2_weeks      -> N       6,993/MT  -2.6%  (2026-07-13)
2026-06-25 06:15:33.582 | INFO     | __main__:forecast_commodity:294 -   monthly      -> N       7,058/MT  -1.8%  (2026-07-27)
2026-06-25 06:15:33.584 | INFO     | __main__:forecast_commodity:294 -   3_months     -> N       7,316/MT  +1.8%  (2026-09-28)
2026-06-25 06:15:33.588 | INFO     | __main__:forecast_commodity:294 -   6_months     -> N       7,748/MT  +7.9%  (2026-12-28)
2026-06-25 06:15:33.590 | INFO     | __main__:run_forecasting:359 -   Eggs
2026-06-25 06:15:33.591 | INFO     | __main__:run_forecasting:353 - 
[15/17] Forecasting Fish (dried)...
2026-06-25 06:15:34.032 | DEBUG    | __main__:forecast_holt_winters:131 -     Holt-Winters forecast failed: positive() got an unexpected keyword argument 'lower'
2026-06-25 06:15:34.035 | DEBUG    | __main__:forecast_tree:163 -     Tree forecast failed: Feature shape mismatch, expected: 18, got 16
2026-06-25 06:15:34.037 | INFO     | __main__:forecast_commodity:294 -   daily        -> N   2,274,557/MT  -17.1%  (2026-06-29)
2026-06-25 06:15:34.039 | INFO     | __main__:forecast_commodity:294 -   weekly       -> N   2,274,557/MT  -17.1%  (2026-07-06)
2026-06-25 06:15:34.041 | INFO     | __main__:forecast_commodity:294 -   2_weeks      -> N   2,185,032/MT  -20.3%  (2026-07-13)
2026-06-25 06:15:34.041 | INFO     | __main__:forecast_commodity:294 -   monthly      -> N   2,270,041/MT  -17.2%  (2026-07-27)
2026-06-25 06:15:34.043 | INFO     | __main__:forecast_commodity:294 -   3_months     -> N   2,426,002/MT  -11.6%  (2026-09-28)
2026-06-25 06:15:34.049 | INFO     | __main__:forecast_commodity:294 -   6_months     -> N   2,399,097/MT  -12.5%  (2026-12-28)
2026-06-25 06:15:34.055 | INFO     | __main__:run_forecasting:359 -   Fish (dried)
2026-06-25 06:15:34.056 | INFO     | __main__:run_forecasting:353 - 
[16/17] Forecasting Meat (goat)...
2026-06-25 06:15:34.516 | DEBUG    | __main__:forecast_holt_winters:131 -     Holt-Winters forecast failed: positive() got an unexpected keyword argument 'lower'
2026-06-25 06:15:34.521 | DEBUG    | __main__:forecast_tree:163 -     Tree forecast failed: Feature shape mismatch, expected: 18, got 16
2026-06-25 06:15:34.522 | INFO     | __main__:forecast_commodity:294 -   daily        -> N   5,543,217/MT  +20.6%  (2026-06-29)
2026-06-25 06:15:34.524 | INFO     | __main__:forecast_commodity:294 -   weekly       -> N   5,543,217/MT  +20.6%  (2026-07-06)
2026-06-25 06:15:34.524 | INFO     | __main__:forecast_commodity:294 -   2_weeks      -> N   5,796,670/MT  +26.1%  (2026-07-13)
2026-06-25 06:15:34.524 | INFO     | __main__:forecast_commodity:294 -   monthly      -> N   5,603,082/MT  +21.9%  (2026-07-27)
2026-06-25 06:15:34.526 | INFO     | __main__:forecast_commodity:294 -   3_months     -> N   6,037,026/MT  +31.4%  (2026-09-28)
2026-06-25 06:15:34.529 | INFO     | __main__:forecast_commodity:294 -   6_months     -> N   6,249,368/MT  +36.0%  (2026-12-28)
2026-06-25 06:15:34.531 | INFO     | __main__:run_forecasting:359 -   Meat (goat)
2026-06-25 06:15:34.533 | INFO     | __main__:run_forecasting:353 - 
[17/17] Forecasting Meat (beef)...
2026-06-25 06:15:35.190 | DEBUG    | __main__:forecast_holt_winters:131 -     Holt-Winters forecast failed: positive() got an unexpected keyword argument 'lower'
2026-06-25 06:15:35.203 | DEBUG    | __main__:forecast_tree:163 -     Tree forecast failed: Feature shape mismatch, expected: 18, got 16
2026-06-25 06:15:35.205 | INFO     | __main__:forecast_commodity:294 -   daily        -> N   5,357,054/MT  +24.8%  (2026-06-29)
2026-06-25 06:15:35.212 | INFO     | __main__:forecast_commodity:294 -   weekly       -> N   5,357,054/MT  +24.8%  (2026-07-06)
2026-06-25 06:15:35.222 | INFO     | __main__:forecast_commodity:294 -   2_weeks      -> N   5,550,285/MT  +29.3%  (2026-07-13)
2026-06-25 06:15:35.225 | INFO     | __main__:forecast_commodity:294 -   monthly      -> N   5,576,312/MT  +29.9%  (2026-07-27)
2026-06-25 06:15:35.234 | INFO     | __main__:forecast_commodity:294 -   3_months     -> N   5,741,295/MT  +33.7%  (2026-09-28)
2026-06-25 06:15:35.256 | INFO     | __main__:forecast_commodity:294 -   6_months     -> N   5,865,508/MT  +36.6%  (2026-12-28)
2026-06-25 06:15:35.264 | INFO     | __main__:run_forecasting:359 -   Meat (beef)
2026-06-25 06:15:35.405 | INFO     | __main__:run_forecasting:375 - 
  Forecast JSON saved -> C:\Users\USER\Downloads\agrolinking-intel-structure\agrolinking-intel\outputs\forecasts\forecast_2026-06-25.json
2026-06-25 06:15:35.414 | INFO     | __main__:run_forecasting:401 -   Daily alert saved -> C:\Users\USER\Downloads\agrolinking-intel-structure\agrolinking-intel\outputs\daily_alerts\alert_2026-06-25.txt
2026-06-25 06:15:35.416 | INFO     | __main__:run_forecasting:402 - 
=================================================================
2026-06-25 06:15:35.421 | INFO     | __main__:run_forecasting:403 -   DAILY PRICE ALERT
2026-06-25 06:15:35.425 | INFO     | __main__:run_forecasting:404 - =================================================================
2026-06-25 06:15:35.430 | INFO     | __main__:run_forecasting:406 -   AGROLINKING COMMODITY INTELLIGENCE ALERT
2026-06-25 06:15:35.431 | INFO     | __main__:run_forecasting:406 -   Thursday, 25 June 2026
2026-06-25 06:15:35.433 | INFO     | __main__:run_forecasting:406 -   ─────────────────────────────────────────────
2026-06-25 06:15:35.435 | INFO     | __main__:run_forecasting:406 -   Hibiscus               N   2,109,354/MT  -7.8%
2026-06-25 06:15:35.438 | INFO     | __main__:run_forecasting:406 -   Sesame                 N   1,625,685/MT  -1.5%
2026-06-25 06:15:35.439 | INFO     | __main__:run_forecasting:406 -   Ginger                 N  12,761,333/MT  +4.4%
2026-06-25 06:15:35.439 | INFO     | __main__:run_forecasting:406 -   Cocoa                  N   8,927,779/MT  +55.5%
2026-06-25 06:15:35.445 | INFO     | __main__:run_forecasting:406 -   Soybeans               N     853,491/MT  +13.5%
2026-06-25 06:15:35.446 | INFO     | __main__:run_forecasting:406 -   Cashew Nuts            N   2,121,712/MT  +7.8%
2026-06-25 06:15:35.578 | INFO     | __main__:run_forecasting:406 -   Sorghum                N     466,798/MT  +8.8%
2026-06-25 06:15:35.623 | INFO     | __main__:run_forecasting:406 -   Beans (white)          N     999,021/MT  +21.1%
2026-06-25 06:15:35.635 | INFO     | __main__:run_forecasting:406 -   Beans (red)            N     911,421/MT  -0.3%
2026-06-25 06:15:35.665 | INFO     | __main__:run_forecasting:406 -   Maize (white)          N     383,021/MT  +3.3%
2026-06-25 06:15:35.673 | INFO     | __main__:run_forecasting:406 -   Maize (yellow)         N     414,741/MT  +2.2%
2026-06-25 06:15:35.675 | INFO     | __main__:run_forecasting:406 -   Wheat                  N     747,219/MT  +4.7%
2026-06-25 06:15:35.682 | INFO     | __main__:run_forecasting:406 -   Rice                   N   1,668,001/MT  +5.8%
2026-06-25 06:15:35.683 | INFO     | __main__:run_forecasting:406 -   Eggs                   N       7,224/MT  +0.6%
2026-06-25 06:15:35.685 | INFO     | __main__:run_forecasting:406 -   Fish (dried)           N   2,274,557/MT  -17.1%
2026-06-25 06:15:35.689 | INFO     | __main__:run_forecasting:406 -   Meat (goat)            N   5,543,217/MT  +20.6%
2026-06-25 06:15:35.693 | INFO     | __main__:run_forecasting:406 -   Meat (beef)            N   5,357,054/MT  +24.8%
2026-06-25 06:15:35.697 | INFO     | __main__:run_forecasting:406 -   ─────────────────────────────────────────────
2026-06-25 06:15:35.697 | INFO     | __main__:run_forecasting:406 -   Source: Agrolinking Intelligence Platform
2026-06-25 06:15:35.699 | INFO     | __main__:run_forecasting:406 -   Next update: 26 Jun 2026
2026-06-25 06:15:35.701 | INFO     | __main__:run_forecasting:409 - 
======================================================================
2026-06-25 06:15:35.703 | INFO     | __main__:run_forecasting:410 -   FORECAST SUMMARY
2026-06-25 06:15:35.715 | INFO     | __main__:run_forecasting:411 - ======================================================================
2026-06-25 06:15:35.719 | INFO     | __main__:run_forecasting:413 -   Commodity                      daily        weekly       monthly      3_months      6_months
2026-06-25 06:15:35.723 | INFO     | __main__:run_forecasting:414 -   ---------------------------------------------------------------------------
2026-06-25 06:15:35.725 | INFO     | __main__:run_forecasting:420 -   Hibiscus                N 2,109,354  N 2,109,354  N 2,166,696  N 2,025,640  N 1,929,581
2026-06-25 06:15:35.727 | INFO     | __main__:run_forecasting:420 -   Sesame                  N 1,625,685  N 1,625,685  N 1,512,795  N 1,466,956  N 1,481,795
2026-06-25 06:15:35.731 | INFO     | __main__:run_forecasting:420 -   Ginger                  N12,761,333  N12,761,333  N12,686,307  N11,746,934  N11,147,046
2026-06-25 06:15:35.735 | INFO     | __main__:run_forecasting:420 -   Cocoa                   N 8,927,779  N 8,927,779  N 9,731,430  N 8,820,017  N 8,959,744
2026-06-25 06:15:35.743 | INFO     | __main__:run_forecasting:420 -   Soybeans                N   853,491  N   853,491  N   849,673  N   832,126  N   815,688
2026-06-25 06:15:35.745 | INFO     | __main__:run_forecasting:420 -   Cashew Nuts             N 2,121,712  N 2,121,712  N 2,154,106  N 2,190,494  N 2,066,766
2026-06-25 06:15:35.746 | INFO     | __main__:run_forecasting:420 -   Sorghum                 N   466,798  N   466,798  N   488,663  N   483,062  N   441,707
2026-06-25 06:15:35.749 | INFO     | __main__:run_forecasting:420 -   Beans (white)           N   999,021  N   999,021  N 1,006,708  N 1,049,156  N 1,064,446
2026-06-25 06:15:35.751 | INFO     | __main__:run_forecasting:420 -   Beans (red)             N   911,421  N   911,421  N   928,067  N   904,932  N   769,035
2026-06-25 06:15:35.757 | INFO     | __main__:run_forecasting:420 -   Maize (white)           N   383,021  N   383,021  N   377,671  N   372,435  N   368,654
2026-06-25 06:15:35.759 | INFO     | __main__:run_forecasting:420 -   Maize (yellow)          N   414,741  N   414,741  N   415,795  N   421,960  N   416,420
2026-06-25 06:15:35.762 | INFO     | __main__:run_forecasting:420 -   Wheat                   N   747,219  N   747,219  N   770,552  N   756,842  N   766,584
2026-06-25 06:15:35.762 | INFO     | __main__:run_forecasting:420 -   Rice                    N 1,668,001  N 1,668,001  N 1,674,470  N 1,682,471  N 1,716,703
2026-06-25 06:15:35.764 | INFO     | __main__:run_forecasting:420 -   Eggs                    N     7,224  N     7,224  N     7,058  N     7,316  N     7,748
2026-06-25 06:15:35.767 | INFO     | __main__:run_forecasting:420 -   Fish (dried)            N 2,274,557  N 2,274,557  N 2,270,041  N 2,426,002  N 2,399,097
2026-06-25 06:15:35.769 | INFO     | __main__:run_forecasting:420 -   Meat (goat)             N 5,543,217  N 5,543,217  N 5,603,082  N 6,037,026  N 6,249,368
2026-06-25 06:15:35.772 | INFO     | __main__:run_forecasting:420 -   Meat (beef)             N 5,357,054  N 5,357,054  N 5,576,312  N 5,741,295  N 5,865,508
2026-06-25 06:15:35.772 | INFO     | __main__:run_forecasting:421 - ======================================================================
2026-06-25 06:15:35.779 | SUCCESS  | __main__:run_forecasting:425 - FORECASTING COMPLETE — 17/17 commodities
