2026-06-27 07:47:21.466 | INFO     | __main__:run_forecasting:330 - =================================================================
2026-06-27 07:47:21.466 | INFO     | __main__:run_forecasting:331 - STEP 5 — FORECASTING ENGINE
2026-06-27 07:47:21.466 | INFO     | __main__:run_forecasting:332 -   Run date   : Saturday, 27 June 2026
2026-06-27 07:47:21.466 | INFO     | __main__:run_forecasting:333 -   Commodities: 17
2026-06-27 07:47:21.466 | INFO     | __main__:run_forecasting:334 -   Horizons   : ['daily', 'weekly', '2_weeks', 'monthly', '3_months', '6_months']
2026-06-27 07:47:21.466 | INFO     | __main__:run_forecasting:335 -   Ensemble   : ARIMA + Prophet + Holt-Winters + XGBoost + LightGBM
2026-06-27 07:47:21.466 | INFO     | __main__:run_forecasting:336 - =================================================================
2026-06-27 07:47:21.862 | INFO     | __main__:run_forecasting:353 - 
[1/17] Forecasting Hibiscus...
2026-06-27 07:47:47.400 | DEBUG    | __main__:forecast_holt_winters:131 -     Holt-Winters forecast failed: positive() got an unexpected keyword argument 'lower'
2026-06-27 07:47:47.405 | DEBUG    | __main__:forecast_tree:163 -     Tree forecast failed: Feature shape mismatch, expected: 18, got 16
2026-06-27 07:47:47.408 | INFO     | __main__:forecast_commodity:294 -   daily        -> N   2,119,703/MT  -6.2%  (2026-06-29)
2026-06-27 07:47:47.410 | INFO     | __main__:forecast_commodity:294 -   weekly       -> N   2,119,703/MT  -6.2%  (2026-07-06)
2026-06-27 07:47:47.410 | INFO     | __main__:forecast_commodity:294 -   2_weeks      -> N   2,184,055/MT  -3.4%  (2026-07-13)
2026-06-27 07:47:47.411 | INFO     | __main__:forecast_commodity:294 -   monthly      -> N   2,165,783/MT  -4.2%  (2026-07-27)
2026-06-27 07:47:47.411 | INFO     | __main__:forecast_commodity:294 -   3_months     -> N   2,041,988/MT  -9.6%  (2026-09-28)
2026-06-27 07:47:47.413 | INFO     | __main__:forecast_commodity:294 -   6_months     -> N   1,944,388/MT  -14.0%  (2026-12-28)
2026-06-27 07:47:47.417 | INFO     | __main__:run_forecasting:359 -   Hibiscus
2026-06-27 07:47:47.418 | INFO     | __main__:run_forecasting:353 - 
[2/17] Forecasting Sesame...
2026-06-27 07:47:47.892 | DEBUG    | __main__:forecast_holt_winters:131 -     Holt-Winters forecast failed: positive() got an unexpected keyword argument 'lower'
2026-06-27 07:47:47.896 | DEBUG    | __main__:forecast_tree:163 -     Tree forecast failed: Feature shape mismatch, expected: 18, got 16
2026-06-27 07:47:47.898 | INFO     | __main__:forecast_commodity:294 -   daily        -> N   1,610,537/MT  -2.4%  (2026-06-29)
2026-06-27 07:47:47.898 | INFO     | __main__:forecast_commodity:294 -   weekly       -> N   1,610,537/MT  -2.4%  (2026-07-06)
2026-06-27 07:47:47.900 | INFO     | __main__:forecast_commodity:294 -   2_weeks      -> N   1,613,719/MT  -2.2%  (2026-07-13)
2026-06-27 07:47:47.901 | INFO     | __main__:forecast_commodity:294 -   monthly      -> N   1,515,992/MT  -8.2%  (2026-07-27)
2026-06-27 07:47:47.901 | INFO     | __main__:forecast_commodity:294 -   3_months     -> N   1,483,551/MT  -10.1%  (2026-09-28)
2026-06-27 07:47:47.903 | INFO     | __main__:forecast_commodity:294 -   6_months     -> N   1,470,057/MT  -10.9%  (2026-12-28)
2026-06-27 07:47:47.907 | INFO     | __main__:run_forecasting:359 -   Sesame
2026-06-27 07:47:47.909 | INFO     | __main__:run_forecasting:353 - 
[3/17] Forecasting Ginger...
2026-06-27 07:47:48.268 | DEBUG    | __main__:forecast_holt_winters:131 -     Holt-Winters forecast failed: positive() got an unexpected keyword argument 'lower'
2026-06-27 07:47:48.270 | DEBUG    | __main__:forecast_tree:163 -     Tree forecast failed: Feature shape mismatch, expected: 18, got 16
2026-06-27 07:47:48.272 | INFO     | __main__:forecast_commodity:294 -   daily        -> N  12,644,331/MT  +3.5%  (2026-06-29)
2026-06-27 07:47:48.272 | INFO     | __main__:forecast_commodity:294 -   weekly       -> N  12,644,331/MT  +3.5%  (2026-07-06)
2026-06-27 07:47:48.272 | INFO     | __main__:forecast_commodity:294 -   2_weeks      -> N  13,018,345/MT  +6.6%  (2026-07-13)
2026-06-27 07:47:48.274 | INFO     | __main__:forecast_commodity:294 -   monthly      -> N  12,917,961/MT  +5.8%  (2026-07-27)
2026-06-27 07:47:48.274 | INFO     | __main__:forecast_commodity:294 -   3_months     -> N  11,723,393/MT  -4.0%  (2026-09-28)
2026-06-27 07:47:48.276 | INFO     | __main__:forecast_commodity:294 -   6_months     -> N  11,158,801/MT  -8.7%  (2026-12-28)
2026-06-27 07:47:48.279 | INFO     | __main__:run_forecasting:359 -   Ginger
2026-06-27 07:47:48.279 | INFO     | __main__:run_forecasting:353 - 
[4/17] Forecasting Cocoa...
2026-06-27 07:47:48.601 | DEBUG    | __main__:forecast_holt_winters:131 -     Holt-Winters forecast failed: positive() got an unexpected keyword argument 'lower'
2026-06-27 07:47:48.611 | DEBUG    | __main__:forecast_tree:163 -     Tree forecast failed: Feature shape mismatch, expected: 18, got 16
2026-06-27 07:47:48.611 | INFO     | __main__:forecast_commodity:294 -   daily        -> N   9,158,305/MT  +58.0%  (2026-06-29)
2026-06-27 07:47:48.611 | INFO     | __main__:forecast_commodity:294 -   weekly       -> N   9,158,305/MT  +58.0%  (2026-07-06)
2026-06-27 07:47:48.613 | INFO     | __main__:forecast_commodity:294 -   2_weeks      -> N   9,856,235/MT  +70.1%  (2026-07-13)
2026-06-27 07:47:48.613 | INFO     | __main__:forecast_commodity:294 -   monthly      -> N   9,595,360/MT  +65.6%  (2026-07-27)
2026-06-27 07:47:48.615 | INFO     | __main__:forecast_commodity:294 -   3_months     -> N   8,669,319/MT  +49.6%  (2026-09-28)
2026-06-27 07:47:48.615 | INFO     | __main__:forecast_commodity:294 -   6_months     -> N   9,024,534/MT  +55.7%  (2026-12-28)
2026-06-27 07:47:48.620 | INFO     | __main__:run_forecasting:359 -   Cocoa
2026-06-27 07:47:48.620 | INFO     | __main__:run_forecasting:353 - 
[5/17] Forecasting Soybeans...
2026-06-27 07:47:48.998 | DEBUG    | __main__:forecast_holt_winters:131 -     Holt-Winters forecast failed: positive() got an unexpected keyword argument 'lower'
2026-06-27 07:47:49.002 | DEBUG    | __main__:forecast_tree:163 -     Tree forecast failed: Feature shape mismatch, expected: 18, got 16
2026-06-27 07:47:49.002 | INFO     | __main__:forecast_commodity:294 -   daily        -> N     863,975/MT  +14.7%  (2026-06-29)
2026-06-27 07:47:49.005 | INFO     | __main__:forecast_commodity:294 -   weekly       -> N     863,975/MT  +14.7%  (2026-07-06)
2026-06-27 07:47:49.006 | INFO     | __main__:forecast_commodity:294 -   2_weeks      -> N     872,541/MT  +15.9%  (2026-07-13)
2026-06-27 07:47:49.006 | INFO     | __main__:forecast_commodity:294 -   monthly      -> N     853,590/MT  +13.3%  (2026-07-27)
2026-06-27 07:47:49.008 | INFO     | __main__:forecast_commodity:294 -   3_months     -> N     830,141/MT  +10.2%  (2026-09-28)
2026-06-27 07:47:49.008 | INFO     | __main__:forecast_commodity:294 -   6_months     -> N     817,569/MT  +8.6%  (2026-12-28)
2026-06-27 07:47:49.013 | INFO     | __main__:run_forecasting:359 -   Soybeans
2026-06-27 07:47:49.013 | INFO     | __main__:run_forecasting:353 - 
[6/17] Forecasting Cashew Nuts...
2026-06-27 07:47:49.367 | DEBUG    | __main__:forecast_holt_winters:131 -     Holt-Winters forecast failed: positive() got an unexpected keyword argument 'lower'
2026-06-27 07:47:49.370 | DEBUG    | __main__:forecast_tree:163 -     Tree forecast failed: Feature shape mismatch, expected: 18, got 16
2026-06-27 07:47:49.372 | INFO     | __main__:forecast_commodity:294 -   daily        -> N   2,088,855/MT  +4.7%  (2026-06-29)
2026-06-27 07:47:49.372 | INFO     | __main__:forecast_commodity:294 -   weekly       -> N   2,088,855/MT  +4.7%  (2026-07-06)
2026-06-27 07:47:49.374 | INFO     | __main__:forecast_commodity:294 -   2_weeks      -> N   2,143,043/MT  +7.4%  (2026-07-13)
2026-06-27 07:47:49.374 | INFO     | __main__:forecast_commodity:294 -   monthly      -> N   2,136,947/MT  +7.1%  (2026-07-27)
2026-06-27 07:47:49.374 | INFO     | __main__:forecast_commodity:294 -   3_months     -> N   2,200,776/MT  +10.3%  (2026-09-28)
2026-06-27 07:47:49.376 | INFO     | __main__:forecast_commodity:294 -   6_months     -> N   2,084,026/MT  +4.4%  (2026-12-28)
2026-06-27 07:47:49.378 | INFO     | __main__:run_forecasting:359 -   Cashew Nuts
2026-06-27 07:47:49.378 | INFO     | __main__:run_forecasting:353 - 
[7/17] Forecasting Sorghum...
2026-06-27 07:47:49.751 | DEBUG    | __main__:forecast_holt_winters:131 -     Holt-Winters forecast failed: positive() got an unexpected keyword argument 'lower'
2026-06-27 07:47:49.753 | DEBUG    | __main__:forecast_tree:163 -     Tree forecast failed: Feature shape mismatch, expected: 18, got 16
2026-06-27 07:47:49.755 | INFO     | __main__:forecast_commodity:294 -   daily        -> N     457,457/MT  +7.6%  (2026-06-29)
2026-06-27 07:47:49.755 | INFO     | __main__:forecast_commodity:294 -   weekly       -> N     457,457/MT  +7.6%  (2026-07-06)
2026-06-27 07:47:49.757 | INFO     | __main__:forecast_commodity:294 -   2_weeks      -> N     484,044/MT  +13.9%  (2026-07-13)
2026-06-27 07:47:49.757 | INFO     | __main__:forecast_commodity:294 -   monthly      -> N     483,967/MT  +13.8%  (2026-07-27)
2026-06-27 07:47:49.759 | INFO     | __main__:forecast_commodity:294 -   3_months     -> N     482,677/MT  +13.5%  (2026-09-28)
2026-06-27 07:47:49.759 | INFO     | __main__:forecast_commodity:294 -   6_months     -> N     442,104/MT  +4.0%  (2026-12-28)
2026-06-27 07:47:49.763 | INFO     | __main__:run_forecasting:359 -   Sorghum
2026-06-27 07:47:49.765 | INFO     | __main__:run_forecasting:353 - 
[8/17] Forecasting Beans (white)...
2026-06-27 07:47:50.072 | DEBUG    | __main__:forecast_holt_winters:131 -     Holt-Winters forecast failed: positive() got an unexpected keyword argument 'lower'
2026-06-27 07:47:50.074 | DEBUG    | __main__:forecast_tree:163 -     Tree forecast failed: Feature shape mismatch, expected: 18, got 16
2026-06-27 07:47:50.076 | INFO     | __main__:forecast_commodity:294 -   daily        -> N   1,006,028/MT  +20.8%  (2026-06-29)
2026-06-27 07:47:50.076 | INFO     | __main__:forecast_commodity:294 -   weekly       -> N   1,006,028/MT  +20.8%  (2026-07-06)
2026-06-27 07:47:50.077 | INFO     | __main__:forecast_commodity:294 -   2_weeks      -> N     983,190/MT  +18.1%  (2026-07-13)
2026-06-27 07:47:50.077 | INFO     | __main__:forecast_commodity:294 -   monthly      -> N   1,032,438/MT  +24.0%  (2026-07-27)
2026-06-27 07:47:50.077 | INFO     | __main__:forecast_commodity:294 -   3_months     -> N   1,063,309/MT  +27.7%  (2026-09-28)
2026-06-27 07:47:50.077 | INFO     | __main__:forecast_commodity:294 -   6_months     -> N   1,065,420/MT  +28.0%  (2026-12-28)
2026-06-27 07:47:50.082 | INFO     | __main__:run_forecasting:359 -   Beans (white)
2026-06-27 07:47:50.082 | INFO     | __main__:run_forecasting:353 - 
[9/17] Forecasting Beans (red)...
2026-06-27 07:47:50.401 | DEBUG    | __main__:forecast_holt_winters:131 -     Holt-Winters forecast failed: positive() got an unexpected keyword argument 'lower'
2026-06-27 07:47:50.406 | DEBUG    | __main__:forecast_tree:163 -     Tree forecast failed: Feature shape mismatch, expected: 18, got 16
2026-06-27 07:47:50.407 | INFO     | __main__:forecast_commodity:294 -   daily        -> N     905,137/MT  -0.1%  (2026-06-29)
2026-06-27 07:47:50.407 | INFO     | __main__:forecast_commodity:294 -   weekly       -> N     905,137/MT  -0.1%  (2026-07-06)
2026-06-27 07:47:50.409 | INFO     | __main__:forecast_commodity:294 -   2_weeks      -> N     923,259/MT  +1.9%  (2026-07-13)
2026-06-27 07:47:50.409 | INFO     | __main__:forecast_commodity:294 -   monthly      -> N     925,972/MT  +2.2%  (2026-07-27)
2026-06-27 07:47:50.409 | INFO     | __main__:forecast_commodity:294 -   3_months     -> N     891,926/MT  -1.5%  (2026-09-28)
2026-06-27 07:47:50.412 | INFO     | __main__:forecast_commodity:294 -   6_months     -> N     773,415/MT  -14.6%  (2026-12-28)
2026-06-27 07:47:50.415 | INFO     | __main__:run_forecasting:359 -   Beans (red)
2026-06-27 07:47:50.415 | INFO     | __main__:run_forecasting:353 - 
[10/17] Forecasting Maize (white)...
2026-06-27 07:47:50.797 | DEBUG    | __main__:forecast_holt_winters:131 -     Holt-Winters forecast failed: positive() got an unexpected keyword argument 'lower'
2026-06-27 07:47:50.802 | DEBUG    | __main__:forecast_tree:163 -     Tree forecast failed: Feature shape mismatch, expected: 18, got 16
2026-06-27 07:47:50.802 | INFO     | __main__:forecast_commodity:294 -   daily        -> N     377,905/MT  +1.0%  (2026-06-29)
2026-06-27 07:47:50.802 | INFO     | __main__:forecast_commodity:294 -   weekly       -> N     377,905/MT  +1.0%  (2026-07-06)
2026-06-27 07:47:50.804 | INFO     | __main__:forecast_commodity:294 -   2_weeks      -> N     373,554/MT  -0.1%  (2026-07-13)
2026-06-27 07:47:50.804 | INFO     | __main__:forecast_commodity:294 -   monthly      -> N     371,921/MT  -0.6%  (2026-07-27)
2026-06-27 07:47:50.806 | INFO     | __main__:forecast_commodity:294 -   3_months     -> N     372,065/MT  -0.5%  (2026-09-28)
2026-06-27 07:47:50.806 | INFO     | __main__:forecast_commodity:294 -   6_months     -> N     370,829/MT  -0.9%  (2026-12-28)
2026-06-27 07:47:50.810 | INFO     | __main__:run_forecasting:359 -   Maize (white)
2026-06-27 07:47:50.812 | INFO     | __main__:run_forecasting:353 - 
[11/17] Forecasting Maize (yellow)...
2026-06-27 07:47:51.161 | DEBUG    | __main__:forecast_holt_winters:131 -     Holt-Winters forecast failed: positive() got an unexpected keyword argument 'lower'
2026-06-27 07:47:51.165 | DEBUG    | __main__:forecast_tree:163 -     Tree forecast failed: Feature shape mismatch, expected: 18, got 16
2026-06-27 07:47:51.165 | INFO     | __main__:forecast_commodity:294 -   daily        -> N     414,658/MT  +2.2%  (2026-06-29)
2026-06-27 07:47:51.166 | INFO     | __main__:forecast_commodity:294 -   weekly       -> N     414,658/MT  +2.2%  (2026-07-06)
2026-06-27 07:47:51.166 | INFO     | __main__:forecast_commodity:294 -   2_weeks      -> N     415,482/MT  +2.4%  (2026-07-13)
2026-06-27 07:47:51.167 | INFO     | __main__:forecast_commodity:294 -   monthly      -> N     417,801/MT  +3.0%  (2026-07-27)
2026-06-27 07:47:51.167 | INFO     | __main__:forecast_commodity:294 -   3_months     -> N     423,061/MT  +4.3%  (2026-09-28)
2026-06-27 07:47:51.169 | INFO     | __main__:forecast_commodity:294 -   6_months     -> N     414,207/MT  +2.1%  (2026-12-28)
2026-06-27 07:47:51.171 | INFO     | __main__:run_forecasting:359 -   Maize (yellow)
2026-06-27 07:47:51.172 | INFO     | __main__:run_forecasting:353 - 
[12/17] Forecasting Wheat...
2026-06-27 07:47:51.477 | DEBUG    | __main__:forecast_holt_winters:131 -     Holt-Winters forecast failed: positive() got an unexpected keyword argument 'lower'
2026-06-27 07:47:51.477 | DEBUG    | __main__:forecast_tree:163 -     Tree forecast failed: Feature shape mismatch, expected: 18, got 16
2026-06-27 07:47:51.477 | INFO     | __main__:forecast_commodity:294 -   daily        -> N     738,673/MT  +3.3%  (2026-06-29)
2026-06-27 07:47:51.484 | INFO     | __main__:forecast_commodity:294 -   weekly       -> N     738,673/MT  +3.3%  (2026-07-06)
2026-06-27 07:47:51.484 | INFO     | __main__:forecast_commodity:294 -   2_weeks      -> N     751,395/MT  +5.1%  (2026-07-13)
2026-06-27 07:47:51.484 | INFO     | __main__:forecast_commodity:294 -   monthly      -> N     747,145/MT  +4.5%  (2026-07-27)
2026-06-27 07:47:51.484 | INFO     | __main__:forecast_commodity:294 -   3_months     -> N     756,592/MT  +5.8%  (2026-09-28)
2026-06-27 07:47:51.486 | INFO     | __main__:forecast_commodity:294 -   6_months     -> N     765,706/MT  +7.1%  (2026-12-28)
2026-06-27 07:47:51.488 | INFO     | __main__:run_forecasting:359 -   Wheat
2026-06-27 07:47:51.488 | INFO     | __main__:run_forecasting:353 - 
[13/17] Forecasting Rice...
2026-06-27 07:47:51.817 | DEBUG    | __main__:forecast_holt_winters:131 -     Holt-Winters forecast failed: positive() got an unexpected keyword argument 'lower'
2026-06-27 07:47:51.823 | DEBUG    | __main__:forecast_tree:163 -     Tree forecast failed: Feature shape mismatch, expected: 18, got 16
2026-06-27 07:47:51.823 | INFO     | __main__:forecast_commodity:294 -   daily        -> N   1,703,792/MT  +8.4%  (2026-06-29)
2026-06-27 07:47:51.827 | INFO     | __main__:forecast_commodity:294 -   weekly       -> N   1,703,792/MT  +8.4%  (2026-07-06)
2026-06-27 07:47:51.831 | INFO     | __main__:forecast_commodity:294 -   2_weeks      -> N   1,694,870/MT  +7.8%  (2026-07-13)
2026-06-27 07:47:51.835 | INFO     | __main__:forecast_commodity:294 -   monthly      -> N   1,708,492/MT  +8.7%  (2026-07-27)
2026-06-27 07:47:51.846 | INFO     | __main__:forecast_commodity:294 -   3_months     -> N   1,713,814/MT  +9.1%  (2026-09-28)
2026-06-27 07:47:51.849 | INFO     | __main__:forecast_commodity:294 -   6_months     -> N   1,720,774/MT  +9.5%  (2026-12-28)
2026-06-27 07:47:51.854 | INFO     | __main__:run_forecasting:359 -   Rice
2026-06-27 07:47:51.854 | INFO     | __main__:run_forecasting:353 - 
[14/17] Forecasting Eggs...
2026-06-27 07:47:52.233 | DEBUG    | __main__:forecast_holt_winters:131 -     Holt-Winters forecast failed: positive() got an unexpected keyword argument 'lower'
2026-06-27 07:47:52.237 | DEBUG    | __main__:forecast_tree:163 -     Tree forecast failed: Feature shape mismatch, expected: 18, got 16
2026-06-27 07:47:52.237 | INFO     | __main__:forecast_commodity:294 -   daily        -> N       7,119/MT  -0.4%  (2026-06-29)
2026-06-27 07:47:52.239 | INFO     | __main__:forecast_commodity:294 -   weekly       -> N       7,119/MT  -0.4%  (2026-07-06)
2026-06-27 07:47:52.239 | INFO     | __main__:forecast_commodity:294 -   2_weeks      -> N       7,122/MT  -0.4%  (2026-07-13)
2026-06-27 07:47:52.239 | INFO     | __main__:forecast_commodity:294 -   monthly      -> N       7,059/MT  -1.3%  (2026-07-27)
2026-06-27 07:47:52.241 | INFO     | __main__:forecast_commodity:294 -   3_months     -> N       7,332/MT  +2.5%  (2026-09-28)
2026-06-27 07:47:52.243 | INFO     | __main__:forecast_commodity:294 -   6_months     -> N       7,759/MT  +8.5%  (2026-12-28)
2026-06-27 07:47:52.258 | INFO     | __main__:run_forecasting:359 -   Eggs
2026-06-27 07:47:52.264 | INFO     | __main__:run_forecasting:353 - 
[15/17] Forecasting Fish (dried)...
2026-06-27 07:47:52.648 | DEBUG    | __main__:forecast_holt_winters:131 -     Holt-Winters forecast failed: positive() got an unexpected keyword argument 'lower'
2026-06-27 07:47:52.651 | DEBUG    | __main__:forecast_tree:163 -     Tree forecast failed: Feature shape mismatch, expected: 18, got 16
2026-06-27 07:47:52.653 | INFO     | __main__:forecast_commodity:294 -   daily        -> N   2,274,508/MT  -17.2%  (2026-06-29)
2026-06-27 07:47:52.657 | INFO     | __main__:forecast_commodity:294 -   weekly       -> N   2,274,508/MT  -17.2%  (2026-07-06)
2026-06-27 07:47:52.659 | INFO     | __main__:forecast_commodity:294 -   2_weeks      -> N   2,144,774/MT  -21.9%  (2026-07-13)
2026-06-27 07:47:52.674 | INFO     | __main__:forecast_commodity:294 -   monthly      -> N   2,301,428/MT  -16.2%  (2026-07-27)
2026-06-27 07:47:52.678 | INFO     | __main__:forecast_commodity:294 -   3_months     -> N   2,408,878/MT  -12.3%  (2026-09-28)
2026-06-27 07:47:52.685 | INFO     | __main__:forecast_commodity:294 -   6_months     -> N   2,384,391/MT  -13.2%  (2026-12-28)
2026-06-27 07:47:52.687 | INFO     | __main__:run_forecasting:359 -   Fish (dried)
2026-06-27 07:47:52.689 | INFO     | __main__:run_forecasting:353 - 
[16/17] Forecasting Meat (goat)...
2026-06-27 07:47:53.099 | DEBUG    | __main__:forecast_holt_winters:131 -     Holt-Winters forecast failed: positive() got an unexpected keyword argument 'lower'
2026-06-27 07:47:53.103 | DEBUG    | __main__:forecast_tree:163 -     Tree forecast failed: Feature shape mismatch, expected: 18, got 16
2026-06-27 07:47:53.103 | INFO     | __main__:forecast_commodity:294 -   daily        -> N   5,482,886/MT  +18.1%  (2026-06-29)
2026-06-27 07:47:53.104 | INFO     | __main__:forecast_commodity:294 -   weekly       -> N   5,482,886/MT  +18.1%  (2026-07-06)
2026-06-27 07:47:53.105 | INFO     | __main__:forecast_commodity:294 -   2_weeks      -> N   5,670,659/MT  +22.1%  (2026-07-13)
2026-06-27 07:47:53.106 | INFO     | __main__:forecast_commodity:294 -   monthly      -> N   5,776,188/MT  +24.4%  (2026-07-27)
2026-06-27 07:47:53.106 | INFO     | __main__:forecast_commodity:294 -   3_months     -> N   6,072,071/MT  +30.8%  (2026-09-28)
2026-06-27 07:47:53.108 | INFO     | __main__:forecast_commodity:294 -   6_months     -> N   6,248,822/MT  +34.6%  (2026-12-28)
2026-06-27 07:47:53.110 | INFO     | __main__:run_forecasting:359 -   Meat (goat)
2026-06-27 07:47:53.110 | INFO     | __main__:run_forecasting:353 - 
[17/17] Forecasting Meat (beef)...
2026-06-27 07:47:53.488 | DEBUG    | __main__:forecast_holt_winters:131 -     Holt-Winters forecast failed: positive() got an unexpected keyword argument 'lower'
2026-06-27 07:47:53.494 | DEBUG    | __main__:forecast_tree:163 -     Tree forecast failed: Feature shape mismatch, expected: 18, got 16
2026-06-27 07:47:53.495 | INFO     | __main__:forecast_commodity:294 -   daily        -> N   5,280,629/MT  +21.8%  (2026-06-29)
2026-06-27 07:47:53.496 | INFO     | __main__:forecast_commodity:294 -   weekly       -> N   5,280,629/MT  +21.8%  (2026-07-06)
2026-06-27 07:47:53.497 | INFO     | __main__:forecast_commodity:294 -   2_weeks      -> N   5,475,900/MT  +26.3%  (2026-07-13)
2026-06-27 07:47:53.501 | INFO     | __main__:forecast_commodity:294 -   monthly      -> N   5,600,862/MT  +29.2%  (2026-07-27)
2026-06-27 07:47:53.505 | INFO     | __main__:forecast_commodity:294 -   3_months     -> N   5,678,783/MT  +31.0%  (2026-09-28)
2026-06-27 07:47:53.507 | INFO     | __main__:forecast_commodity:294 -   6_months     -> N   5,853,102/MT  +35.0%  (2026-12-28)
2026-06-27 07:47:53.520 | INFO     | __main__:run_forecasting:359 -   Meat (beef)
2026-06-27 07:47:53.589 | INFO     | __main__:run_forecasting:375 - 
  Forecast JSON saved -> C:\Users\USER\Downloads\agrolinking-intel-structure\agrolinking-intel\outputs\forecasts\forecast_2026-06-27.json
2026-06-27 07:47:53.593 | INFO     | __main__:run_forecasting:401 -   Daily alert saved -> C:\Users\USER\Downloads\agrolinking-intel-structure\agrolinking-intel\outputs\daily_alerts\alert_2026-06-27.txt
2026-06-27 07:47:53.595 | INFO     | __main__:run_forecasting:402 - 
=================================================================
2026-06-27 07:47:53.595 | INFO     | __main__:run_forecasting:403 -   DAILY PRICE ALERT
2026-06-27 07:47:53.595 | INFO     | __main__:run_forecasting:404 - =================================================================
2026-06-27 07:47:53.598 | INFO     | __main__:run_forecasting:406 -   AGROLINKING COMMODITY INTELLIGENCE ALERT
2026-06-27 07:47:53.601 | INFO     | __main__:run_forecasting:406 -   Saturday, 27 June 2026
2026-06-27 07:47:53.601 | INFO     | __main__:run_forecasting:406 -   ─────────────────────────────────────────────
2026-06-27 07:47:53.601 | INFO     | __main__:run_forecasting:406 -   Hibiscus               N   2,119,703/MT  -6.2%
2026-06-27 07:47:53.601 | INFO     | __main__:run_forecasting:406 -   Sesame                 N   1,610,537/MT  -2.4%
2026-06-27 07:47:53.601 | INFO     | __main__:run_forecasting:406 -   Ginger                 N  12,644,331/MT  +3.5%
2026-06-27 07:47:53.603 | INFO     | __main__:run_forecasting:406 -   Cocoa                  N   9,158,305/MT  +58.0%
2026-06-27 07:47:53.604 | INFO     | __main__:run_forecasting:406 -   Soybeans               N     863,975/MT  +14.7%
2026-06-27 07:47:53.604 | INFO     | __main__:run_forecasting:406 -   Cashew Nuts            N   2,088,855/MT  +4.7%
2026-06-27 07:47:53.604 | INFO     | __main__:run_forecasting:406 -   Sorghum                N     457,457/MT  +7.6%
2026-06-27 07:47:53.606 | INFO     | __main__:run_forecasting:406 -   Beans (white)          N   1,006,028/MT  +20.8%
2026-06-27 07:47:53.607 | INFO     | __main__:run_forecasting:406 -   Beans (red)            N     905,137/MT  -0.1%
2026-06-27 07:47:53.607 | INFO     | __main__:run_forecasting:406 -   Maize (white)          N     377,905/MT  +1.0%
2026-06-27 07:47:53.607 | INFO     | __main__:run_forecasting:406 -   Maize (yellow)         N     414,658/MT  +2.2%
2026-06-27 07:47:53.610 | INFO     | __main__:run_forecasting:406 -   Wheat                  N     738,673/MT  +3.3%
2026-06-27 07:47:53.610 | INFO     | __main__:run_forecasting:406 -   Rice                   N   1,703,792/MT  +8.4%
2026-06-27 07:47:53.610 | INFO     | __main__:run_forecasting:406 -   Eggs                   N       7,119/MT  -0.4%
2026-06-27 07:47:53.612 | INFO     | __main__:run_forecasting:406 -   Fish (dried)           N   2,274,508/MT  -17.2%
2026-06-27 07:47:53.612 | INFO     | __main__:run_forecasting:406 -   Meat (goat)            N   5,482,886/MT  +18.1%
2026-06-27 07:47:53.614 | INFO     | __main__:run_forecasting:406 -   Meat (beef)            N   5,280,629/MT  +21.8%
2026-06-27 07:47:53.615 | INFO     | __main__:run_forecasting:406 -   ─────────────────────────────────────────────
2026-06-27 07:47:53.615 | INFO     | __main__:run_forecasting:406 -   Source: Agrolinking Intelligence Platform
2026-06-27 07:47:53.617 | INFO     | __main__:run_forecasting:406 -   Next update: 28 Jun 2026
2026-06-27 07:47:53.617 | INFO     | __main__:run_forecasting:409 - 
======================================================================
2026-06-27 07:47:53.617 | INFO     | __main__:run_forecasting:410 -   FORECAST SUMMARY
2026-06-27 07:47:53.619 | INFO     | __main__:run_forecasting:411 - ======================================================================
2026-06-27 07:47:53.619 | INFO     | __main__:run_forecasting:413 -   Commodity                      daily        weekly       monthly      3_months      6_months
2026-06-27 07:47:53.621 | INFO     | __main__:run_forecasting:414 -   ---------------------------------------------------------------------------
2026-06-27 07:47:53.621 | INFO     | __main__:run_forecasting:420 -   Hibiscus                N 2,119,703  N 2,119,703  N 2,165,783  N 2,041,988  N 1,944,388
2026-06-27 07:47:53.623 | INFO     | __main__:run_forecasting:420 -   Sesame                  N 1,610,537  N 1,610,537  N 1,515,992  N 1,483,551  N 1,470,057
2026-06-27 07:47:53.625 | INFO     | __main__:run_forecasting:420 -   Ginger                  N12,644,331  N12,644,331  N12,917,961  N11,723,393  N11,158,801
2026-06-27 07:47:53.627 | INFO     | __main__:run_forecasting:420 -   Cocoa                   N 9,158,305  N 9,158,305  N 9,595,360  N 8,669,319  N 9,024,534
2026-06-27 07:47:53.629 | INFO     | __main__:run_forecasting:420 -   Soybeans                N   863,975  N   863,975  N   853,590  N   830,141  N   817,569
2026-06-27 07:47:53.630 | INFO     | __main__:run_forecasting:420 -   Cashew Nuts             N 2,088,855  N 2,088,855  N 2,136,947  N 2,200,776  N 2,084,026
2026-06-27 07:47:53.630 | INFO     | __main__:run_forecasting:420 -   Sorghum                 N   457,457  N   457,457  N   483,967  N   482,677  N   442,104
2026-06-27 07:47:53.630 | INFO     | __main__:run_forecasting:420 -   Beans (white)           N 1,006,028  N 1,006,028  N 1,032,438  N 1,063,309  N 1,065,420
2026-06-27 07:47:53.632 | INFO     | __main__:run_forecasting:420 -   Beans (red)             N   905,137  N   905,137  N   925,972  N   891,926  N   773,415
2026-06-27 07:47:53.632 | INFO     | __main__:run_forecasting:420 -   Maize (white)           N   377,905  N   377,905  N   371,921  N   372,065  N   370,829
2026-06-27 07:47:53.632 | INFO     | __main__:run_forecasting:420 -   Maize (yellow)          N   414,658  N   414,658  N   417,801  N   423,061  N   414,207
2026-06-27 07:47:53.634 | INFO     | __main__:run_forecasting:420 -   Wheat                   N   738,673  N   738,673  N   747,145  N   756,592  N   765,706
2026-06-27 07:47:53.634 | INFO     | __main__:run_forecasting:420 -   Rice                    N 1,703,792  N 1,703,792  N 1,708,492  N 1,713,814  N 1,720,774
2026-06-27 07:47:53.636 | INFO     | __main__:run_forecasting:420 -   Eggs                    N     7,119  N     7,119  N     7,059  N     7,332  N     7,759
2026-06-27 07:47:53.636 | INFO     | __main__:run_forecasting:420 -   Fish (dried)            N 2,274,508  N 2,274,508  N 2,301,428  N 2,408,878  N 2,384,391
2026-06-27 07:47:53.638 | INFO     | __main__:run_forecasting:420 -   Meat (goat)             N 5,482,886  N 5,482,886  N 5,776,188  N 6,072,071  N 6,248,822
2026-06-27 07:47:53.639 | INFO     | __main__:run_forecasting:420 -   Meat (beef)             N 5,280,629  N 5,280,629  N 5,600,862  N 5,678,783  N 5,853,102
2026-06-27 07:47:53.639 | INFO     | __main__:run_forecasting:421 - ======================================================================
2026-06-27 07:47:53.639 | SUCCESS  | __main__:run_forecasting:425 - FORECASTING COMPLETE — 17/17 commodities
