2026-10-05 12:14:15.364 | INFO     | __main__:run_forecasting:752 - ============================================================
2026-10-05 12:14:15.365 | INFO     | __main__:run_forecasting:753 - STEP 5 — FORECASTING ENGINE
2026-10-05 12:14:15.365 | INFO     | __main__:run_forecasting:754 -   Run date  : Monday, 05 October 2026
2026-10-05 12:14:15.365 | INFO     | __main__:run_forecasting:755 -   Commodities: 17
2026-10-05 12:14:15.365 | INFO     | __main__:run_forecasting:756 -   Horizons  : ['daily', 'weekly', '2_weeks', 'monthly', '3_months', '6_months']
2026-10-05 12:14:15.365 | INFO     | __main__:run_forecasting:757 - ============================================================
2026-10-05 12:14:15.365 | INFO     | __main__:run_forecasting:760 - 
[1/17] Forecasting Hibiscus...
2026-10-05 12:14:16.807 | DEBUG    | __main__:forecast_commodity:618 -   [Hibiscus] 3/3 models generated forecasts
2026-10-05 12:14:16.816 | INFO     | __main__:run_forecasting:770 -   daily        → ₦    2,536,877/MT  ↓ -0.5%  (2026-09-29)
2026-10-05 12:14:16.816 | INFO     | __main__:run_forecasting:770 -   weekly       → ₦    2,458,142/MT  ↓ -3.6%  (2026-10-05)
2026-10-05 12:14:16.816 | INFO     | __main__:run_forecasting:770 -   2_weeks      → ₦    2,366,284/MT  ↓ -7.2%  (2026-10-12)
2026-10-05 12:14:16.816 | INFO     | __main__:run_forecasting:770 -   monthly      → ₦    2,279,244/MT  ↓ -10.6%  (2026-10-28)
2026-10-05 12:14:16.816 | INFO     | __main__:run_forecasting:770 -   3_months     → ₦    2,316,329/MT  ↓ -9.2%  (2026-12-27)
2026-10-05 12:14:16.816 | INFO     | __main__:run_forecasting:770 -   6_months     → ₦    2,298,065/MT  ↓ -9.9%  (2027-03-27)
2026-10-05 12:14:16.816 | INFO     | __main__:run_forecasting:776 -   ✅ Hibiscus
2026-10-05 12:14:16.817 | INFO     | __main__:run_forecasting:760 - 
[2/17] Forecasting Sesame...
2026-10-05 12:14:17.184 | DEBUG    | __main__:forecast_commodity:618 -   [Sesame] 3/3 models generated forecasts
2026-10-05 12:14:17.192 | INFO     | __main__:run_forecasting:770 -   daily        → ₦    1,496,613/MT  ↓ -0.8%  (2026-09-29)
2026-10-05 12:14:17.193 | INFO     | __main__:run_forecasting:770 -   weekly       → ₦    1,420,690/MT  ↓ -5.9%  (2026-10-05)
2026-10-05 12:14:17.193 | INFO     | __main__:run_forecasting:770 -   2_weeks      → ₦    1,332,113/MT  ↓ -11.7%  (2026-10-12)
2026-10-05 12:14:17.193 | INFO     | __main__:run_forecasting:770 -   monthly      → ₦    1,269,825/MT  ↓ -15.9%  (2026-10-28)
2026-10-05 12:14:17.193 | INFO     | __main__:run_forecasting:770 -   3_months     → ₦    1,298,345/MT  ↓ -14.0%  (2026-12-27)
2026-10-05 12:14:17.193 | INFO     | __main__:run_forecasting:770 -   6_months     → ₦    1,410,481/MT  ↓ -6.5%  (2027-03-27)
2026-10-05 12:14:17.193 | INFO     | __main__:run_forecasting:776 -   ✅ Sesame
2026-10-05 12:14:17.193 | INFO     | __main__:run_forecasting:760 - 
[3/17] Forecasting Ginger...
2026-10-05 12:14:17.500 | DEBUG    | __main__:forecast_commodity:618 -   [Ginger] 3/3 models generated forecasts
2026-10-05 12:14:17.509 | INFO     | __main__:run_forecasting:770 -   daily        → ₦   11,938,315/MT  ↓ -0.0%  (2026-09-29)
2026-10-05 12:14:17.509 | INFO     | __main__:run_forecasting:770 -   weekly       → ₦   11,923,638/MT  ↓ -0.1%  (2026-10-05)
2026-10-05 12:14:17.509 | INFO     | __main__:run_forecasting:770 -   2_weeks      → ₦   11,906,516/MT  ↓ -0.3%  (2026-10-12)
2026-10-05 12:14:17.509 | INFO     | __main__:run_forecasting:770 -   monthly      → ₦   11,824,620/MT  ↓ -1.0%  (2026-10-28)
2026-10-05 12:14:17.509 | INFO     | __main__:run_forecasting:770 -   3_months     → ₦   11,565,338/MT  ↓ -3.1%  (2026-12-27)
2026-10-05 12:14:17.510 | INFO     | __main__:run_forecasting:770 -   6_months     → ₦   11,448,801/MT  ↓ -4.1%  (2027-03-27)
2026-10-05 12:14:17.510 | INFO     | __main__:run_forecasting:776 -   ✅ Ginger
2026-10-05 12:14:17.510 | INFO     | __main__:run_forecasting:760 - 
[4/17] Forecasting Cocoa...
2026-10-05 12:14:17.821 | DEBUG    | __main__:forecast_commodity:618 -   [Cocoa] 3/3 models generated forecasts
2026-10-05 12:14:17.830 | INFO     | __main__:run_forecasting:770 -   daily        → ₦    4,832,115/MT  ↑ +0.7%  (2026-09-29)
2026-10-05 12:14:17.831 | INFO     | __main__:run_forecasting:770 -   weekly       → ₦    5,024,803/MT  ↑ +4.7%  (2026-10-05)
2026-10-05 12:14:17.831 | INFO     | __main__:run_forecasting:770 -   2_weeks      → ₦    5,249,606/MT  ↑ +9.4%  (2026-10-12)
2026-10-05 12:14:17.831 | INFO     | __main__:run_forecasting:770 -   monthly      → ₦    5,585,053/MT  ↑ +16.4%  (2026-10-28)
2026-10-05 12:14:17.831 | INFO     | __main__:run_forecasting:770 -   3_months     → ₦    5,074,156/MT  ↑ +5.7%  (2026-12-27)
2026-10-05 12:14:17.831 | INFO     | __main__:run_forecasting:770 -   6_months     → ₦    4,768,774/MT  ↓ -0.7%  (2027-03-27)
2026-10-05 12:14:17.831 | INFO     | __main__:run_forecasting:776 -   ✅ Cocoa
2026-10-05 12:14:17.831 | INFO     | __main__:run_forecasting:760 - 
[5/17] Forecasting Soybeans...
2026-10-05 12:14:18.159 | DEBUG    | __main__:forecast_commodity:618 -   [Soybeans] 3/3 models generated forecasts
2026-10-05 12:14:18.168 | INFO     | __main__:run_forecasting:770 -   daily        → ₦      808,352/MT  ↓ -1.4%  (2026-09-29)
2026-10-05 12:14:18.168 | INFO     | __main__:run_forecasting:770 -   weekly       → ₦      738,466/MT  ↓ -9.9%  (2026-10-05)
2026-10-05 12:14:18.168 | INFO     | __main__:run_forecasting:770 -   2_weeks      → ₦      656,933/MT  ↓ -19.9%  (2026-10-12)
2026-10-05 12:14:18.168 | INFO     | __main__:run_forecasting:770 -   monthly      → ₦      599,109/MT  ↓ -26.9%  (2026-10-28)
2026-10-05 12:14:18.168 | INFO     | __main__:run_forecasting:770 -   3_months     → ₦      562,091/MT  ↓ -31.4%  (2026-12-27)
2026-10-05 12:14:18.168 | INFO     | __main__:run_forecasting:770 -   6_months     → ₦      553,790/MT  ↓ -32.5%  (2027-03-27)
2026-10-05 12:14:18.169 | INFO     | __main__:run_forecasting:776 -   ✅ Soybeans
2026-10-05 12:14:18.169 | INFO     | __main__:run_forecasting:760 - 
[6/17] Forecasting Cashew Nuts...
2026-10-05 12:14:18.470 | DEBUG    | __main__:forecast_commodity:618 -   [Cashew Nuts] 3/3 models generated forecasts
2026-10-05 12:14:18.479 | INFO     | __main__:run_forecasting:770 -   daily        → ₦    1,700,314/MT  ↓ -0.9%  (2026-09-29)
2026-10-05 12:14:18.479 | INFO     | __main__:run_forecasting:770 -   weekly       → ₦    1,607,356/MT  ↓ -6.3%  (2026-10-05)
2026-10-05 12:14:18.479 | INFO     | __main__:run_forecasting:770 -   2_weeks      → ₦    1,498,905/MT  ↓ -12.6%  (2026-10-12)
2026-10-05 12:14:18.479 | INFO     | __main__:run_forecasting:770 -   monthly      → ₦    1,517,864/MT  ↓ -11.5%  (2026-10-28)
2026-10-05 12:14:18.479 | INFO     | __main__:run_forecasting:770 -   3_months     → ₦    1,544,959/MT  ↓ -10.0%  (2026-12-27)
2026-10-05 12:14:18.479 | INFO     | __main__:run_forecasting:770 -   6_months     → ₦    1,557,907/MT  ↓ -9.2%  (2027-03-27)
2026-10-05 12:14:18.479 | INFO     | __main__:run_forecasting:776 -   ✅ Cashew Nuts
2026-10-05 12:14:18.479 | INFO     | __main__:run_forecasting:760 - 
[7/17] Forecasting Sorghum...
2026-10-05 12:14:18.813 | DEBUG    | __main__:forecast_commodity:618 -   [Sorghum] 3/3 models generated forecasts
2026-10-05 12:14:18.821 | INFO     | __main__:run_forecasting:770 -   daily        → ₦      381,855/MT  ↓ -2.2%  (2026-09-29)
2026-10-05 12:14:18.822 | INFO     | __main__:run_forecasting:770 -   weekly       → ₦      329,769/MT  ↓ -15.6%  (2026-10-05)
2026-10-05 12:14:18.822 | INFO     | __main__:run_forecasting:770 -   2_weeks      → ₦      269,003/MT  ↓ -31.1%  (2026-10-12)
2026-10-05 12:14:18.822 | INFO     | __main__:run_forecasting:770 -   monthly      → ₦      246,101/MT  ↓ -37.0%  (2026-10-28)
2026-10-05 12:14:18.822 | INFO     | __main__:run_forecasting:770 -   3_months     → ₦      222,664/MT  ↓ -43.0%  (2026-12-27)
2026-10-05 12:14:18.822 | INFO     | __main__:run_forecasting:770 -   6_months     → ₦      195,263/MT  ↓ -50.0%  (2027-03-27)
2026-10-05 12:14:18.822 | INFO     | __main__:run_forecasting:776 -   ✅ Sorghum
2026-10-05 12:14:18.822 | INFO     | __main__:run_forecasting:760 - 
[8/17] Forecasting Beans (white)...
2026-10-05 12:14:19.198 | DEBUG    | __main__:forecast_commodity:618 -   [Beans (white)] 3/3 models generated forecasts
2026-10-05 12:14:19.207 | INFO     | __main__:run_forecasting:770 -   daily        → ₦      576,194/MT  ↓ -2.3%  (2026-09-29)
2026-10-05 12:14:19.207 | INFO     | __main__:run_forecasting:770 -   weekly       → ₦      494,925/MT  ↓ -16.1%  (2026-10-05)
2026-10-05 12:14:19.207 | INFO     | __main__:run_forecasting:770 -   2_weeks      → ₦      400,111/MT  ↓ -32.1%  (2026-10-12)
2026-10-05 12:14:19.207 | INFO     | __main__:run_forecasting:770 -   monthly      → ₦      396,782/MT  ↓ -32.7%  (2026-10-28)
2026-10-05 12:14:19.207 | INFO     | __main__:run_forecasting:770 -   3_months     → ₦      400,927/MT  ↓ -32.0%  (2026-12-27)
2026-10-05 12:14:19.207 | INFO     | __main__:run_forecasting:770 -   6_months     → ₦      408,105/MT  ↓ -30.8%  (2027-03-27)
2026-10-05 12:14:19.207 | INFO     | __main__:run_forecasting:776 -   ✅ Beans (white)
2026-10-05 12:14:19.207 | INFO     | __main__:run_forecasting:760 - 
[9/17] Forecasting Beans (red)...
2026-10-05 12:14:19.562 | DEBUG    | __main__:forecast_commodity:618 -   [Beans (red)] 3/3 models generated forecasts
2026-10-05 12:14:19.571 | INFO     | __main__:run_forecasting:770 -   daily        → ₦      694,911/MT  ↓ -1.9%  (2026-09-29)
2026-10-05 12:14:19.571 | INFO     | __main__:run_forecasting:770 -   weekly       → ₦      615,223/MT  ↓ -13.1%  (2026-10-05)
2026-10-05 12:14:19.571 | INFO     | __main__:run_forecasting:770 -   2_weeks      → ₦      522,254/MT  ↓ -26.3%  (2026-10-12)
2026-10-05 12:14:19.571 | INFO     | __main__:run_forecasting:770 -   monthly      → ₦      596,607/MT  ↓ -15.8%  (2026-10-28)
2026-10-05 12:14:19.571 | INFO     | __main__:run_forecasting:770 -   3_months     → ₦      703,449/MT  ↓ -0.7%  (2026-12-27)
2026-10-05 12:14:19.572 | INFO     | __main__:run_forecasting:770 -   6_months     → ₦      713,870/MT  ↑ +0.8%  (2027-03-27)
2026-10-05 12:14:19.572 | INFO     | __main__:run_forecasting:776 -   ✅ Beans (red)
2026-10-05 12:14:19.572 | INFO     | __main__:run_forecasting:760 - 
[10/17] Forecasting Maize (white)...
2026-10-05 12:14:19.899 | DEBUG    | __main__:forecast_commodity:618 -   [Maize (white)] 3/3 models generated forecasts
2026-10-05 12:14:19.908 | INFO     | __main__:run_forecasting:770 -   daily        → ₦      363,601/MT  ↓ -1.1%  (2026-09-29)
2026-10-05 12:14:19.908 | INFO     | __main__:run_forecasting:770 -   weekly       → ₦      340,432/MT  ↓ -7.4%  (2026-10-05)
2026-10-05 12:14:19.908 | INFO     | __main__:run_forecasting:770 -   2_weeks      → ₦      313,401/MT  ↓ -14.7%  (2026-10-12)
2026-10-05 12:14:19.908 | INFO     | __main__:run_forecasting:770 -   monthly      → ₦      316,155/MT  ↓ -14.0%  (2026-10-28)
2026-10-05 12:14:19.908 | INFO     | __main__:run_forecasting:770 -   3_months     → ₦      330,197/MT  ↓ -10.1%  (2026-12-27)
2026-10-05 12:14:19.908 | INFO     | __main__:run_forecasting:770 -   6_months     → ₦      339,078/MT  ↓ -7.7%  (2027-03-27)
2026-10-05 12:14:19.908 | INFO     | __main__:run_forecasting:776 -   ✅ Maize (white)
2026-10-05 12:14:19.908 | INFO     | __main__:run_forecasting:760 - 
[11/17] Forecasting Maize (yellow)...
2026-10-05 12:14:20.310 | DEBUG    | __main__:forecast_commodity:618 -   [Maize (yellow)] 3/3 models generated forecasts
2026-10-05 12:14:20.319 | INFO     | __main__:run_forecasting:770 -   daily        → ₦      393,329/MT  ↓ -1.0%  (2026-09-29)
2026-10-05 12:14:20.319 | INFO     | __main__:run_forecasting:770 -   weekly       → ₦      369,310/MT  ↓ -7.0%  (2026-10-05)
2026-10-05 12:14:20.320 | INFO     | __main__:run_forecasting:770 -   2_weeks      → ₦      341,288/MT  ↓ -14.1%  (2026-10-12)
2026-10-05 12:14:20.320 | INFO     | __main__:run_forecasting:770 -   monthly      → ₦      347,380/MT  ↓ -12.6%  (2026-10-28)
2026-10-05 12:14:20.320 | INFO     | __main__:run_forecasting:770 -   3_months     → ₦      361,788/MT  ↓ -8.9%  (2026-12-27)
2026-10-05 12:14:20.320 | INFO     | __main__:run_forecasting:770 -   6_months     → ₦      370,390/MT  ↓ -6.8%  (2027-03-27)
2026-10-05 12:14:20.320 | INFO     | __main__:run_forecasting:776 -   ✅ Maize (yellow)
2026-10-05 12:14:20.320 | INFO     | __main__:run_forecasting:760 - 
[12/17] Forecasting Wheat...
2026-10-05 12:14:20.639 | DEBUG    | __main__:forecast_commodity:618 -   [Wheat] 3/3 models generated forecasts
2026-10-05 12:14:20.648 | INFO     | __main__:run_forecasting:770 -   daily        → ₦      696,671/MT  ↓ -0.9%  (2026-09-29)
2026-10-05 12:14:20.648 | INFO     | __main__:run_forecasting:770 -   weekly       → ₦      660,090/MT  ↓ -6.1%  (2026-10-05)
2026-10-05 12:14:20.648 | INFO     | __main__:run_forecasting:770 -   2_weeks      → ₦      617,412/MT  ↓ -12.2%  (2026-10-12)
2026-10-05 12:14:20.648 | INFO     | __main__:run_forecasting:770 -   monthly      → ₦      606,752/MT  ↓ -13.7%  (2026-10-28)
2026-10-05 12:14:20.648 | INFO     | __main__:run_forecasting:770 -   3_months     → ₦      621,422/MT  ↓ -11.6%  (2026-12-27)
2026-10-05 12:14:20.649 | INFO     | __main__:run_forecasting:770 -   6_months     → ₦      626,733/MT  ↓ -10.8%  (2027-03-27)
2026-10-05 12:14:20.649 | INFO     | __main__:run_forecasting:776 -   ✅ Wheat
2026-10-05 12:14:20.649 | INFO     | __main__:run_forecasting:760 - 
[13/17] Forecasting Rice...
2026-10-05 12:14:20.975 | DEBUG    | __main__:forecast_commodity:618 -   [Rice] 3/3 models generated forecasts
2026-10-05 12:14:20.984 | INFO     | __main__:run_forecasting:770 -   daily        → ₦    1,466,665/MT  ↓ -0.9%  (2026-09-29)
2026-10-05 12:14:20.984 | INFO     | __main__:run_forecasting:770 -   weekly       → ₦    1,388,929/MT  ↓ -6.1%  (2026-10-05)
2026-10-05 12:14:20.984 | INFO     | __main__:run_forecasting:770 -   2_weeks      → ₦    1,298,237/MT  ↓ -12.3%  (2026-10-12)
2026-10-05 12:14:20.984 | INFO     | __main__:run_forecasting:770 -   monthly      → ₦    1,270,772/MT  ↓ -14.1%  (2026-10-28)
2026-10-05 12:14:20.984 | INFO     | __main__:run_forecasting:770 -   3_months     → ₦    1,333,352/MT  ↓ -9.9%  (2026-12-27)
2026-10-05 12:14:20.984 | INFO     | __main__:run_forecasting:770 -   6_months     → ₦    1,478,122/MT  ↓ -0.1%  (2027-03-27)
2026-10-05 12:14:20.984 | INFO     | __main__:run_forecasting:776 -   ✅ Rice
2026-10-05 12:14:20.984 | INFO     | __main__:run_forecasting:760 - 
[14/17] Forecasting Meat (beef)...
2026-10-05 12:14:21.307 | DEBUG    | __main__:forecast_commodity:618 -   [Meat (beef)] 3/3 models generated forecasts
2026-10-05 12:14:21.316 | INFO     | __main__:run_forecasting:770 -   daily        → ₦    6,581,517/MT  ↑ +0.5%  (2026-09-29)
2026-10-05 12:14:21.316 | INFO     | __main__:run_forecasting:770 -   weekly       → ₦    6,791,583/MT  ↑ +3.7%  (2026-10-05)
2026-10-05 12:14:21.316 | INFO     | __main__:run_forecasting:770 -   2_weeks      → ₦    7,036,660/MT  ↑ +7.5%  (2026-10-12)
2026-10-05 12:14:21.316 | INFO     | __main__:run_forecasting:770 -   monthly      → ₦    6,911,537/MT  ↑ +5.6%  (2026-10-28)
2026-10-05 12:14:21.316 | INFO     | __main__:run_forecasting:770 -   3_months     → ₦    7,231,799/MT  ↑ +10.5%  (2026-12-27)
2026-10-05 12:14:21.316 | INFO     | __main__:run_forecasting:770 -   6_months     → ₦    7,368,740/MT  ↑ +12.6%  (2027-03-27)
2026-10-05 12:14:21.316 | INFO     | __main__:run_forecasting:776 -   ✅ Meat (beef)
2026-10-05 12:14:21.317 | INFO     | __main__:run_forecasting:760 - 
[15/17] Forecasting Meat (goat)...
2026-10-05 12:14:21.632 | DEBUG    | __main__:forecast_commodity:618 -   [Meat (goat)] 3/3 models generated forecasts
2026-10-05 12:14:21.641 | INFO     | __main__:run_forecasting:770 -   daily        → ₦    6,597,660/MT  ↑ +0.2%  (2026-09-29)
2026-10-05 12:14:21.641 | INFO     | __main__:run_forecasting:770 -   weekly       → ₦    6,667,384/MT  ↑ +1.2%  (2026-10-05)
2026-10-05 12:14:21.641 | INFO     | __main__:run_forecasting:770 -   2_weeks      → ₦    6,748,727/MT  ↑ +2.5%  (2026-10-12)
2026-10-05 12:14:21.641 | INFO     | __main__:run_forecasting:770 -   monthly      → ₦    6,743,704/MT  ↑ +2.4%  (2026-10-28)
2026-10-05 12:14:21.641 | INFO     | __main__:run_forecasting:770 -   3_months     → ₦    6,912,279/MT  ↑ +5.0%  (2026-12-27)
2026-10-05 12:14:21.641 | INFO     | __main__:run_forecasting:770 -   6_months     → ₦    6,922,990/MT  ↑ +5.1%  (2027-03-27)
2026-10-05 12:14:21.641 | INFO     | __main__:run_forecasting:776 -   ✅ Meat (goat)
2026-10-05 12:14:21.641 | INFO     | __main__:run_forecasting:760 - 
[16/17] Forecasting Fish (dried)...
2026-10-05 12:14:22.009 | DEBUG    | __main__:forecast_commodity:618 -   [Fish (dried)] 3/3 models generated forecasts
2026-10-05 12:14:22.017 | INFO     | __main__:run_forecasting:770 -   daily        → ₦    1,165,294/MT  ↓ -1.8%  (2026-09-29)
2026-10-05 12:14:22.018 | INFO     | __main__:run_forecasting:770 -   weekly       → ₦    1,039,148/MT  ↓ -12.4%  (2026-10-05)
2026-10-05 12:14:22.018 | INFO     | __main__:run_forecasting:770 -   2_weeks      → ₦      891,977/MT  ↓ -24.8%  (2026-10-12)
2026-10-05 12:14:22.018 | INFO     | __main__:run_forecasting:770 -   monthly      → ₦      902,103/MT  ↓ -24.0%  (2026-10-28)
2026-10-05 12:14:22.018 | INFO     | __main__:run_forecasting:770 -   3_months     → ₦      933,308/MT  ↓ -21.3%  (2026-12-27)
2026-10-05 12:14:22.018 | INFO     | __main__:run_forecasting:770 -   6_months     → ₦      954,799/MT  ↓ -19.5%  (2027-03-27)
2026-10-05 12:14:22.018 | INFO     | __main__:run_forecasting:776 -   ✅ Fish (dried)
2026-10-05 12:14:22.018 | INFO     | __main__:run_forecasting:760 - 
[17/17] Forecasting Eggs...
2026-10-05 12:14:22.373 | DEBUG    | __main__:forecast_commodity:618 -   [Eggs] 3/3 models generated forecasts
2026-10-05 12:14:22.381 | INFO     | __main__:run_forecasting:770 -   daily        → ₦        6,061/MT  ↓ -0.5%  (2026-09-29)
2026-10-05 12:14:22.382 | INFO     | __main__:run_forecasting:770 -   weekly       → ₦        5,879/MT  ↓ -3.5%  (2026-10-05)
2026-10-05 12:14:22.382 | INFO     | __main__:run_forecasting:770 -   2_weeks      → ₦        5,666/MT  ↓ -7.0%  (2026-10-12)
2026-10-05 12:14:22.382 | INFO     | __main__:run_forecasting:770 -   monthly      → ₦        5,546/MT  ↓ -8.9%  (2026-10-28)
2026-10-05 12:14:22.382 | INFO     | __main__:run_forecasting:770 -   3_months     → ₦        5,624/MT  ↓ -7.7%  (2026-12-27)
2026-10-05 12:14:22.382 | INFO     | __main__:run_forecasting:770 -   6_months     → ₦        5,405/MT  ↓ -11.3%  (2027-03-27)
2026-10-05 12:14:22.382 | INFO     | __main__:run_forecasting:776 -   ✅ Eggs
2026-10-05 12:14:22.478 | INFO     | __main__:run_forecasting:785 - 
  Forecast JSON saved → /home/runner/work/Agrolinking-Intelligence/Agrolinking-Intelligence/outputs/forecasts/forecast_2026-10-05.json
2026-10-05 12:14:22.479 | INFO     | __main__:run_forecasting:793 -   Daily alert saved → /home/runner/work/Agrolinking-Intelligence/Agrolinking-Intelligence/outputs/daily_alerts/alert_2026-10-05.txt
2026-10-05 12:14:22.479 | INFO     | __main__:run_forecasting:796 - 
============================================================
2026-10-05 12:14:22.479 | INFO     | __main__:run_forecasting:797 -   DAILY PRICE ALERT
2026-10-05 12:14:22.479 | INFO     | __main__:run_forecasting:798 - ============================================================
2026-10-05 12:14:22.479 | INFO     | __main__:run_forecasting:800 -   📊 AGROLINKING COMMODITY INTELLIGENCE ALERT
2026-10-05 12:14:22.479 | INFO     | __main__:run_forecasting:800 -   📅 Monday, 05 October 2026
2026-10-05 12:14:22.479 | INFO     | __main__:run_forecasting:800 -   ─────────────────────────────────────────────
2026-10-05 12:14:22.479 | INFO     | __main__:run_forecasting:800 -   ▼ Hibiscus           ₦    2,536,877/MT  -0.51%
2026-10-05 12:14:22.479 | INFO     | __main__:run_forecasting:800 -   ▼ Sesame             ₦    1,496,613/MT  -0.84%
2026-10-05 12:14:22.479 | INFO     | __main__:run_forecasting:800 -   → Ginger             ₦   11,938,315/MT  -0.02%
2026-10-05 12:14:22.479 | INFO     | __main__:run_forecasting:800 -   ▲ Cocoa              ₦    4,832,115/MT  +0.67%
2026-10-05 12:14:22.479 | INFO     | __main__:run_forecasting:800 -   ▼ Soybeans           ₦      808,352/MT  -1.42%
2026-10-05 12:14:22.480 | INFO     | __main__:run_forecasting:800 -   ▼ Cashew Nuts        ₦    1,700,314/MT  -0.90%
2026-10-05 12:14:22.480 | INFO     | __main__:run_forecasting:800 -   ▼ Sorghum            ₦      381,855/MT  -2.22%
2026-10-05 12:14:22.480 | INFO     | __main__:run_forecasting:800 -   ▼ Beans (white)      ₦      576,194/MT  -2.30%
2026-10-05 12:14:22.480 | INFO     | __main__:run_forecasting:800 -   ▼ Beans (red)        ₦      694,911/MT  -1.88%
2026-10-05 12:14:22.480 | INFO     | __main__:run_forecasting:800 -   ▼ Maize (white)      ₦      363,601/MT  -1.05%
2026-10-05 12:14:22.480 | INFO     | __main__:run_forecasting:800 -   ▼ Maize (yellow)     ₦      393,329/MT  -1.01%
2026-10-05 12:14:22.480 | INFO     | __main__:run_forecasting:800 -   ▼ Wheat              ₦      696,671/MT  -0.87%
2026-10-05 12:14:22.480 | INFO     | __main__:run_forecasting:800 -   ▼ Rice               ₦    1,466,665/MT  -0.88%
2026-10-05 12:14:22.480 | INFO     | __main__:run_forecasting:800 -   ▲ Meat (beef)        ₦    6,581,517/MT  +0.53%
2026-10-05 12:14:22.480 | INFO     | __main__:run_forecasting:800 -   → Meat (goat)        ₦    6,597,660/MT  +0.18%
2026-10-05 12:14:22.480 | INFO     | __main__:run_forecasting:800 -   ▼ Fish (dried)       ₦    1,165,294/MT  -1.77%
2026-10-05 12:14:22.480 | INFO     | __main__:run_forecasting:800 -   → Eggs               ₦        6,061/MT  -0.50%
2026-10-05 12:14:22.480 | INFO     | __main__:run_forecasting:800 -   ─────────────────────────────────────────────
2026-10-05 12:14:22.480 | INFO     | __main__:run_forecasting:800 -   Source: Agrolinking Intelligence Platform
2026-10-05 12:14:22.480 | INFO     | __main__:run_forecasting:800 -   Next update: 06 Oct 2026
2026-10-05 12:14:22.480 | INFO     | __main__:run_forecasting:804 - 
  Note: master append handled by 06_validate.py (corrected prices).
2026-10-05 12:14:22.480 | INFO     | __main__:run_forecasting:808 - 
======================================================================
2026-10-05 12:14:22.480 | INFO     | __main__:run_forecasting:809 -   FORECAST SUMMARY — ALL COMMODITIES
2026-10-05 12:14:22.481 | INFO     | __main__:run_forecasting:810 - ======================================================================
2026-10-05 12:14:22.481 | INFO     | __main__:run_forecasting:811 -   Commodity                     Today         1 Week        1 Month       3 Months       6 Months
2026-10-05 12:14:22.481 | INFO     | __main__:run_forecasting:816 -   ----------------------------------------------------------------------------------
2026-10-05 12:14:22.481 | INFO     | __main__:run_forecasting:829 -   Hibiscus             ₦   2,536,877  ₦   2,458,142  ₦   2,279,244  ₦   2,316,329  ₦   2,298,065
2026-10-05 12:14:22.481 | INFO     | __main__:run_forecasting:829 -   Sesame               ₦   1,496,613  ₦   1,420,690  ₦   1,269,825  ₦   1,298,345  ₦   1,410,481
2026-10-05 12:14:22.481 | INFO     | __main__:run_forecasting:829 -   Ginger               ₦  11,938,315  ₦  11,923,638  ₦  11,824,620  ₦  11,565,338  ₦  11,448,801
2026-10-05 12:14:22.481 | INFO     | __main__:run_forecasting:829 -   Cocoa                ₦   4,832,115  ₦   5,024,803  ₦   5,585,053  ₦   5,074,156  ₦   4,768,774
2026-10-05 12:14:22.481 | INFO     | __main__:run_forecasting:829 -   Soybeans             ₦     808,352  ₦     738,466  ₦     599,109  ₦     562,091  ₦     553,790
2026-10-05 12:14:22.481 | INFO     | __main__:run_forecasting:829 -   Cashew Nuts          ₦   1,700,314  ₦   1,607,356  ₦   1,517,864  ₦   1,544,959  ₦   1,557,907
2026-10-05 12:14:22.481 | INFO     | __main__:run_forecasting:829 -   Sorghum              ₦     381,855  ₦     329,769  ₦     246,101  ₦     222,664  ₦     195,263
2026-10-05 12:14:22.481 | INFO     | __main__:run_forecasting:829 -   Beans (white)        ₦     576,194  ₦     494,925  ₦     396,782  ₦     400,927  ₦     408,105
2026-10-05 12:14:22.481 | INFO     | __main__:run_forecasting:829 -   Beans (red)          ₦     694,911  ₦     615,223  ₦     596,607  ₦     703,449  ₦     713,870
2026-10-05 12:14:22.481 | INFO     | __main__:run_forecasting:829 -   Maize (white)        ₦     363,601  ₦     340,432  ₦     316,155  ₦     330,197  ₦     339,078
2026-10-05 12:14:22.481 | INFO     | __main__:run_forecasting:829 -   Maize (yellow)       ₦     393,329  ₦     369,310  ₦     347,380  ₦     361,788  ₦     370,390
2026-10-05 12:14:22.481 | INFO     | __main__:run_forecasting:829 -   Wheat                ₦     696,671  ₦     660,090  ₦     606,752  ₦     621,422  ₦     626,733
2026-10-05 12:14:22.482 | INFO     | __main__:run_forecasting:829 -   Rice                 ₦   1,466,665  ₦   1,388,929  ₦   1,270,772  ₦   1,333,352  ₦   1,478,122
2026-10-05 12:14:22.482 | INFO     | __main__:run_forecasting:829 -   Meat (beef)          ₦   6,581,517  ₦   6,791,583  ₦   6,911,537  ₦   7,231,799  ₦   7,368,740
2026-10-05 12:14:22.482 | INFO     | __main__:run_forecasting:829 -   Meat (goat)          ₦   6,597,660  ₦   6,667,384  ₦   6,743,704  ₦   6,912,279  ₦   6,922,990
2026-10-05 12:14:22.482 | INFO     | __main__:run_forecasting:829 -   Fish (dried)         ₦   1,165,294  ₦   1,039,148  ₦     902,103  ₦     933,308  ₦     954,799
2026-10-05 12:14:22.482 | INFO     | __main__:run_forecasting:829 -   Eggs                 ₦       6,061  ₦       5,879  ₦       5,546  ₦       5,624  ₦       5,405
2026-10-05 12:14:22.482 | INFO     | __main__:run_forecasting:838 - ======================================================================
2026-10-05 12:14:22.482 | SUCCESS  | __main__:run_forecasting:839 - FORECASTING COMPLETE — 17/17 commodities
2026-10-05 12:14:22.482 | INFO     | __main__:run_forecasting:843 - ======================================================================
