2026-09-21 05:24:13.432 | INFO     | __main__:run_forecasting:752 - ============================================================
2026-09-21 05:24:13.434 | INFO     | __main__:run_forecasting:753 - STEP 5 — FORECASTING ENGINE
2026-09-21 05:24:13.436 | INFO     | __main__:run_forecasting:754 -   Run date  : Monday, 21 September 2026
2026-09-21 05:24:13.436 | INFO     | __main__:run_forecasting:755 -   Commodities: 17
2026-09-21 05:24:13.436 | INFO     | __main__:run_forecasting:756 -   Horizons  : ['daily', 'weekly', '2_weeks', 'monthly', '3_months', '6_months']
2026-09-21 05:24:13.436 | INFO     | __main__:run_forecasting:757 - ============================================================
2026-09-21 05:24:13.438 | INFO     | __main__:run_forecasting:760 - 
[1/17] Forecasting Hibiscus...
2026-09-21 05:24:25.012 | DEBUG    | __main__:forecast_commodity:618 -   [Hibiscus] 3/3 models generated forecasts
2026-09-21 05:24:25.065 | INFO     | __main__:run_forecasting:770 -   daily        → ₦    2,298,083/MT  ↓ -0.6%  (2026-09-15)
2026-09-21 05:24:25.066 | INFO     | __main__:run_forecasting:770 -   weekly       → ₦    2,217,124/MT  ↓ -4.1%  (2026-09-21)
2026-09-21 05:24:25.066 | INFO     | __main__:run_forecasting:770 -   2_weeks      → ₦    2,122,671/MT  ↓ -8.2%  (2026-09-28)
2026-09-21 05:24:25.068 | INFO     | __main__:run_forecasting:770 -   monthly      → ₦    2,020,518/MT  ↓ -12.6%  (2026-10-14)
2026-09-21 05:24:25.068 | INFO     | __main__:run_forecasting:770 -   3_months     → ₦    2,044,685/MT  ↓ -11.6%  (2026-12-13)
2026-09-21 05:24:25.069 | INFO     | __main__:run_forecasting:770 -   6_months     → ₦    2,039,518/MT  ↓ -11.8%  (2027-03-13)
2026-09-21 05:24:25.070 | INFO     | __main__:run_forecasting:776 -   ✅ Hibiscus
2026-09-21 05:24:25.071 | INFO     | __main__:run_forecasting:760 - 
[2/17] Forecasting Sesame...
2026-09-21 05:24:27.902 | DEBUG    | __main__:forecast_commodity:618 -   [Sesame] 3/3 models generated forecasts
2026-09-21 05:24:27.946 | INFO     | __main__:run_forecasting:770 -   daily        → ₦    1,623,297/MT  ↓ -0.7%  (2026-09-15)
2026-09-21 05:24:27.950 | INFO     | __main__:run_forecasting:770 -   weekly       → ₦    1,554,683/MT  ↓ -4.9%  (2026-09-21)
2026-09-21 05:24:27.960 | INFO     | __main__:run_forecasting:770 -   2_weeks      → ₦    1,474,632/MT  ↓ -9.8%  (2026-09-28)
2026-09-21 05:24:27.964 | INFO     | __main__:run_forecasting:770 -   monthly      → ₦    1,385,435/MT  ↓ -15.2%  (2026-10-14)
2026-09-21 05:24:27.965 | INFO     | __main__:run_forecasting:770 -   3_months     → ₦    1,405,137/MT  ↓ -14.0%  (2026-12-13)
2026-09-21 05:24:27.971 | INFO     | __main__:run_forecasting:770 -   6_months     → ₦    1,522,466/MT  ↓ -6.9%  (2027-03-13)
2026-09-21 05:24:27.976 | INFO     | __main__:run_forecasting:776 -   ✅ Sesame
2026-09-21 05:24:27.986 | INFO     | __main__:run_forecasting:760 - 
[3/17] Forecasting Ginger...
2026-09-21 05:24:30.136 | DEBUG    | __main__:forecast_commodity:618 -   [Ginger] 3/3 models generated forecasts
2026-09-21 05:24:30.178 | INFO     | __main__:run_forecasting:770 -   daily        → ₦   11,943,736/MT  ↑ +0.0%  (2026-09-15)
2026-09-21 05:24:30.184 | INFO     | __main__:run_forecasting:770 -   weekly       → ₦   11,955,081/MT  ↑ +0.1%  (2026-09-21)
2026-09-21 05:24:30.195 | INFO     | __main__:run_forecasting:770 -   2_weeks      → ₦   11,968,316/MT  ↑ +0.2%  (2026-09-28)
2026-09-21 05:24:30.205 | INFO     | __main__:run_forecasting:770 -   monthly      → ₦   11,888,874/MT  ↓ -0.4%  (2026-10-14)
2026-09-21 05:24:30.222 | INFO     | __main__:run_forecasting:770 -   3_months     → ₦   11,596,819/MT  ↓ -2.9%  (2026-12-13)
2026-09-21 05:24:30.231 | INFO     | __main__:run_forecasting:770 -   6_months     → ₦   11,406,188/MT  ↓ -4.5%  (2027-03-13)
2026-09-21 05:24:30.237 | INFO     | __main__:run_forecasting:776 -   ✅ Ginger
2026-09-21 05:24:30.249 | INFO     | __main__:run_forecasting:760 - 
[4/17] Forecasting Cocoa...
2026-09-21 05:24:32.264 | DEBUG    | __main__:forecast_commodity:618 -   [Cocoa] 3/3 models generated forecasts
2026-09-21 05:24:32.316 | INFO     | __main__:run_forecasting:770 -   daily        → ₦    5,712,693/MT  ↑ +0.8%  (2026-09-15)
2026-09-21 05:24:32.318 | INFO     | __main__:run_forecasting:770 -   weekly       → ₦    5,976,822/MT  ↑ +5.4%  (2026-09-21)
2026-09-21 05:24:32.318 | INFO     | __main__:run_forecasting:770 -   2_weeks      → ₦    6,284,973/MT  ↑ +10.9%  (2026-09-28)
2026-09-21 05:24:32.320 | INFO     | __main__:run_forecasting:770 -   monthly      → ₦    6,703,257/MT  ↑ +18.2%  (2026-10-14)
2026-09-21 05:24:32.320 | INFO     | __main__:run_forecasting:770 -   3_months     → ₦    6,094,455/MT  ↑ +7.5%  (2026-12-13)
2026-09-21 05:24:32.320 | INFO     | __main__:run_forecasting:770 -   6_months     → ₦    5,587,249/MT  ↓ -1.4%  (2027-03-13)
2026-09-21 05:24:32.322 | INFO     | __main__:run_forecasting:776 -   ✅ Cocoa
2026-09-21 05:24:32.325 | INFO     | __main__:run_forecasting:760 - 
[5/17] Forecasting Soybeans...
2026-09-21 05:24:34.551 | DEBUG    | __main__:forecast_commodity:618 -   [Soybeans] 3/3 models generated forecasts
2026-09-21 05:24:34.592 | INFO     | __main__:run_forecasting:770 -   daily        → ₦      726,082/MT  ↓ -1.4%  (2026-09-15)
2026-09-21 05:24:34.599 | INFO     | __main__:run_forecasting:770 -   weekly       → ₦      662,630/MT  ↓ -10.1%  (2026-09-21)
2026-09-21 05:24:34.615 | INFO     | __main__:run_forecasting:770 -   2_weeks      → ₦      588,601/MT  ↓ -20.1%  (2026-09-28)
2026-09-21 05:24:34.617 | INFO     | __main__:run_forecasting:770 -   monthly      → ₦      542,724/MT  ↓ -26.3%  (2026-10-14)
2026-09-21 05:24:34.619 | INFO     | __main__:run_forecasting:770 -   3_months     → ₦      508,851/MT  ↓ -30.9%  (2026-12-13)
2026-09-21 05:24:34.623 | INFO     | __main__:run_forecasting:770 -   6_months     → ₦      496,633/MT  ↓ -32.6%  (2027-03-13)
2026-09-21 05:24:34.642 | INFO     | __main__:run_forecasting:776 -   ✅ Soybeans
2026-09-21 05:24:34.646 | INFO     | __main__:run_forecasting:760 - 
[6/17] Forecasting Cashew Nuts...
2026-09-21 05:24:36.673 | DEBUG    | __main__:forecast_commodity:618 -   [Cashew Nuts] 3/3 models generated forecasts
2026-09-21 05:24:36.728 | INFO     | __main__:run_forecasting:770 -   daily        → ₦    1,916,623/MT  ↓ -0.9%  (2026-09-15)
2026-09-21 05:24:36.730 | INFO     | __main__:run_forecasting:770 -   weekly       → ₦    1,809,643/MT  ↓ -6.5%  (2026-09-21)
2026-09-21 05:24:36.730 | INFO     | __main__:run_forecasting:770 -   2_weeks      → ₦    1,684,832/MT  ↓ -12.9%  (2026-09-28)
2026-09-21 05:24:36.730 | INFO     | __main__:run_forecasting:770 -   monthly      → ₦    1,729,456/MT  ↓ -10.6%  (2026-10-14)
2026-09-21 05:24:36.730 | INFO     | __main__:run_forecasting:770 -   3_months     → ₦    1,762,795/MT  ↓ -8.9%  (2026-12-13)
2026-09-21 05:24:36.732 | INFO     | __main__:run_forecasting:770 -   6_months     → ₦    1,778,319/MT  ↓ -8.1%  (2027-03-13)
2026-09-21 05:24:36.732 | INFO     | __main__:run_forecasting:776 -   ✅ Cashew Nuts
2026-09-21 05:24:36.732 | INFO     | __main__:run_forecasting:760 - 
[7/17] Forecasting Sorghum...
2026-09-21 05:24:38.933 | DEBUG    | __main__:forecast_commodity:618 -   [Sorghum] 3/3 models generated forecasts
2026-09-21 05:24:38.979 | INFO     | __main__:run_forecasting:770 -   daily        → ₦      405,102/MT  ↓ -2.3%  (2026-09-15)
2026-09-21 05:24:38.981 | INFO     | __main__:run_forecasting:770 -   weekly       → ₦      348,630/MT  ↓ -15.9%  (2026-09-21)
2026-09-21 05:24:38.984 | INFO     | __main__:run_forecasting:770 -   2_weeks      → ₦      282,746/MT  ↓ -31.8%  (2026-09-28)
2026-09-21 05:24:39.026 | INFO     | __main__:run_forecasting:770 -   monthly      → ₦      265,574/MT  ↓ -35.9%  (2026-10-14)
2026-09-21 05:24:39.050 | INFO     | __main__:run_forecasting:770 -   3_months     → ₦      234,746/MT  ↓ -43.4%  (2026-12-13)
2026-09-21 05:24:39.078 | INFO     | __main__:run_forecasting:770 -   6_months     → ₦      213,546/MT  ↓ -48.5%  (2027-03-13)
2026-09-21 05:24:39.082 | INFO     | __main__:run_forecasting:776 -   ✅ Sorghum
2026-09-21 05:24:39.095 | INFO     | __main__:run_forecasting:760 - 
[8/17] Forecasting Beans (white)...
2026-09-21 05:24:41.464 | DEBUG    | __main__:forecast_commodity:618 -   [Beans (white)] 3/3 models generated forecasts
2026-09-21 05:24:41.502 | INFO     | __main__:run_forecasting:770 -   daily        → ₦      783,190/MT  ↓ -2.3%  (2026-09-15)
2026-09-21 05:24:41.502 | INFO     | __main__:run_forecasting:770 -   weekly       → ₦      674,104/MT  ↓ -15.9%  (2026-09-21)
2026-09-21 05:24:41.502 | INFO     | __main__:run_forecasting:770 -   2_weeks      → ₦      546,838/MT  ↓ -31.8%  (2026-09-28)
2026-09-21 05:24:41.504 | INFO     | __main__:run_forecasting:770 -   monthly      → ₦      544,075/MT  ↓ -32.1%  (2026-10-14)
2026-09-21 05:24:41.504 | INFO     | __main__:run_forecasting:770 -   3_months     → ₦      551,614/MT  ↓ -31.2%  (2026-12-13)
2026-09-21 05:24:41.504 | INFO     | __main__:run_forecasting:770 -   6_months     → ₦      558,370/MT  ↓ -30.3%  (2027-03-13)
2026-09-21 05:24:41.506 | INFO     | __main__:run_forecasting:776 -   ✅ Beans (white)
2026-09-21 05:24:41.506 | INFO     | __main__:run_forecasting:760 - 
[9/17] Forecasting Beans (red)...
2026-09-21 05:24:43.845 | DEBUG    | __main__:forecast_commodity:618 -   [Beans (red)] 3/3 models generated forecasts
2026-09-21 05:24:43.897 | INFO     | __main__:run_forecasting:770 -   daily        → ₦      882,951/MT  ↓ -1.9%  (2026-09-15)
2026-09-21 05:24:43.897 | INFO     | __main__:run_forecasting:770 -   weekly       → ₦      777,958/MT  ↓ -13.6%  (2026-09-21)
2026-09-21 05:24:43.897 | INFO     | __main__:run_forecasting:770 -   2_weeks      → ₦      655,465/MT  ↓ -27.2%  (2026-09-28)
2026-09-21 05:24:43.899 | INFO     | __main__:run_forecasting:770 -   monthly      → ₦      653,829/MT  ↓ -27.4%  (2026-10-14)
2026-09-21 05:24:43.899 | INFO     | __main__:run_forecasting:770 -   3_months     → ₦      787,799/MT  ↓ -12.5%  (2026-12-13)
2026-09-21 05:24:43.899 | INFO     | __main__:run_forecasting:770 -   6_months     → ₦      781,722/MT  ↓ -13.2%  (2027-03-13)
2026-09-21 05:24:43.899 | INFO     | __main__:run_forecasting:776 -   ✅ Beans (red)
2026-09-21 05:24:43.901 | INFO     | __main__:run_forecasting:760 - 
[10/17] Forecasting Maize (white)...
2026-09-21 05:24:46.247 | DEBUG    | __main__:forecast_commodity:618 -   [Maize (white)] 3/3 models generated forecasts
2026-09-21 05:24:46.296 | INFO     | __main__:run_forecasting:770 -   daily        → ₦      363,626/MT  ↓ -1.0%  (2026-09-15)
2026-09-21 05:24:46.298 | INFO     | __main__:run_forecasting:770 -   weekly       → ₦      341,029/MT  ↓ -7.2%  (2026-09-21)
2026-09-21 05:24:46.298 | INFO     | __main__:run_forecasting:770 -   2_weeks      → ₦      314,664/MT  ↓ -14.3%  (2026-09-28)
2026-09-21 05:24:46.298 | INFO     | __main__:run_forecasting:770 -   monthly      → ₦      316,587/MT  ↓ -13.8%  (2026-10-14)
2026-09-21 05:24:46.300 | INFO     | __main__:run_forecasting:770 -   3_months     → ₦      331,011/MT  ↓ -9.9%  (2026-12-13)
2026-09-21 05:24:46.300 | INFO     | __main__:run_forecasting:770 -   6_months     → ₦      339,294/MT  ↓ -7.7%  (2027-03-13)
2026-09-21 05:24:46.300 | INFO     | __main__:run_forecasting:776 -   ✅ Maize (white)
2026-09-21 05:24:46.300 | INFO     | __main__:run_forecasting:760 - 
[11/17] Forecasting Maize (yellow)...
2026-09-21 05:24:48.742 | DEBUG    | __main__:forecast_commodity:618 -   [Maize (yellow)] 3/3 models generated forecasts
2026-09-21 05:24:48.810 | INFO     | __main__:run_forecasting:770 -   daily        → ₦      393,348/MT  ↓ -1.0%  (2026-09-15)
2026-09-21 05:24:48.814 | INFO     | __main__:run_forecasting:770 -   weekly       → ₦      369,634/MT  ↓ -7.0%  (2026-09-21)
2026-09-21 05:24:48.814 | INFO     | __main__:run_forecasting:770 -   2_weeks      → ₦      341,968/MT  ↓ -13.9%  (2026-09-28)
2026-09-21 05:24:48.816 | INFO     | __main__:run_forecasting:770 -   monthly      → ₦      349,601/MT  ↓ -12.0%  (2026-10-14)
2026-09-21 05:24:48.831 | INFO     | __main__:run_forecasting:770 -   3_months     → ₦      363,019/MT  ↓ -8.6%  (2026-12-13)
2026-09-21 05:24:48.837 | INFO     | __main__:run_forecasting:770 -   6_months     → ₦      370,689/MT  ↓ -6.7%  (2027-03-13)
2026-09-21 05:24:48.852 | INFO     | __main__:run_forecasting:776 -   ✅ Maize (yellow)
2026-09-21 05:24:48.854 | INFO     | __main__:run_forecasting:760 - 
[12/17] Forecasting Wheat...
2026-09-21 05:24:51.150 | DEBUG    | __main__:forecast_commodity:618 -   [Wheat] 3/3 models generated forecasts
2026-09-21 05:24:51.190 | INFO     | __main__:run_forecasting:770 -   daily        → ₦      695,517/MT  ↓ -0.9%  (2026-09-15)
2026-09-21 05:24:51.195 | INFO     | __main__:run_forecasting:770 -   weekly       → ₦      657,919/MT  ↓ -6.2%  (2026-09-21)
2026-09-21 05:24:51.212 | INFO     | __main__:run_forecasting:770 -   2_weeks      → ₦      614,055/MT  ↓ -12.5%  (2026-09-28)
2026-09-21 05:24:51.212 | INFO     | __main__:run_forecasting:770 -   monthly      → ₦      605,837/MT  ↓ -13.7%  (2026-10-14)
2026-09-21 05:24:51.214 | INFO     | __main__:run_forecasting:770 -   3_months     → ₦      612,489/MT  ↓ -12.7%  (2026-12-13)
2026-09-21 05:24:51.217 | INFO     | __main__:run_forecasting:770 -   6_months     → ₦      623,786/MT  ↓ -11.1%  (2027-03-13)
2026-09-21 05:24:51.228 | INFO     | __main__:run_forecasting:776 -   ✅ Wheat
2026-09-21 05:24:51.234 | INFO     | __main__:run_forecasting:760 - 
[13/17] Forecasting Rice...
2026-09-21 05:24:53.245 | DEBUG    | __main__:forecast_commodity:618 -   [Rice] 3/3 models generated forecasts
2026-09-21 05:24:53.320 | INFO     | __main__:run_forecasting:770 -   daily        → ₦    1,525,020/MT  ↓ -0.8%  (2026-09-15)
2026-09-21 05:24:53.325 | INFO     | __main__:run_forecasting:770 -   weekly       → ₦    1,447,121/MT  ↓ -5.9%  (2026-09-21)
2026-09-21 05:24:53.340 | INFO     | __main__:run_forecasting:770 -   2_weeks      → ₦    1,356,239/MT  ↓ -11.8%  (2026-09-28)
2026-09-21 05:24:53.358 | INFO     | __main__:run_forecasting:770 -   monthly      → ₦    1,325,068/MT  ↓ -13.8%  (2026-10-14)
2026-09-21 05:24:53.367 | INFO     | __main__:run_forecasting:770 -   3_months     → ₦    1,398,352/MT  ↓ -9.1%  (2026-12-13)
2026-09-21 05:24:53.374 | INFO     | __main__:run_forecasting:770 -   6_months     → ₦    1,541,826/MT  ↑ +0.2%  (2027-03-13)
2026-09-21 05:24:53.382 | INFO     | __main__:run_forecasting:776 -   ✅ Rice
2026-09-21 05:24:53.390 | INFO     | __main__:run_forecasting:760 - 
[14/17] Forecasting Meat (beef)...
2026-09-21 05:24:55.391 | DEBUG    | __main__:forecast_commodity:618 -   [Meat (beef)] 3/3 models generated forecasts
2026-09-21 05:24:55.434 | INFO     | __main__:run_forecasting:770 -   daily        → ₦    6,573,631/MT  ↑ +0.6%  (2026-09-15)
2026-09-21 05:24:55.434 | INFO     | __main__:run_forecasting:770 -   weekly       → ₦    6,788,793/MT  ↑ +3.8%  (2026-09-21)
2026-09-21 05:24:55.435 | INFO     | __main__:run_forecasting:770 -   2_weeks      → ₦    7,039,815/MT  ↑ +7.7%  (2026-09-28)
2026-09-21 05:24:55.436 | INFO     | __main__:run_forecasting:770 -   monthly      → ₦    6,899,680/MT  ↑ +5.5%  (2026-10-14)
2026-09-21 05:24:55.436 | INFO     | __main__:run_forecasting:770 -   3_months     → ₦    7,205,992/MT  ↑ +10.2%  (2026-12-13)
2026-09-21 05:24:55.437 | INFO     | __main__:run_forecasting:770 -   6_months     → ₦    7,384,737/MT  ↑ +12.9%  (2027-03-13)
2026-09-21 05:24:55.437 | INFO     | __main__:run_forecasting:776 -   ✅ Meat (beef)
2026-09-21 05:24:55.437 | INFO     | __main__:run_forecasting:760 - 
[15/17] Forecasting Meat (goat)...
2026-09-21 05:24:57.474 | DEBUG    | __main__:forecast_commodity:618 -   [Meat (goat)] 3/3 models generated forecasts
2026-09-21 05:24:57.524 | INFO     | __main__:run_forecasting:770 -   daily        → ₦    6,534,246/MT  ↑ +0.2%  (2026-09-15)
2026-09-21 05:24:57.524 | INFO     | __main__:run_forecasting:770 -   weekly       → ₦    6,609,185/MT  ↑ +1.3%  (2026-09-21)
2026-09-21 05:24:57.524 | INFO     | __main__:run_forecasting:770 -   2_weeks      → ₦    6,696,615/MT  ↑ +2.7%  (2026-09-28)
2026-09-21 05:24:57.524 | INFO     | __main__:run_forecasting:770 -   monthly      → ₦    6,642,510/MT  ↑ +1.9%  (2026-10-14)
2026-09-21 05:24:57.526 | INFO     | __main__:run_forecasting:770 -   3_months     → ₦    6,738,044/MT  ↑ +3.3%  (2026-12-13)
2026-09-21 05:24:57.526 | INFO     | __main__:run_forecasting:770 -   6_months     → ₦    6,790,288/MT  ↑ +4.1%  (2027-03-13)
2026-09-21 05:24:57.526 | INFO     | __main__:run_forecasting:776 -   ✅ Meat (goat)
2026-09-21 05:24:57.526 | INFO     | __main__:run_forecasting:760 - 
[16/17] Forecasting Fish (dried)...
2026-09-21 05:24:59.842 | DEBUG    | __main__:forecast_commodity:618 -   [Fish (dried)] 3/3 models generated forecasts
2026-09-21 05:24:59.892 | INFO     | __main__:run_forecasting:770 -   daily        → ₦    1,166,885/MT  ↓ -1.8%  (2026-09-15)
2026-09-21 05:24:59.894 | INFO     | __main__:run_forecasting:770 -   weekly       → ₦    1,038,856/MT  ↓ -12.6%  (2026-09-21)
2026-09-21 05:24:59.894 | INFO     | __main__:run_forecasting:770 -   2_weeks      → ₦      889,489/MT  ↓ -25.1%  (2026-09-28)
2026-09-21 05:24:59.894 | INFO     | __main__:run_forecasting:770 -   monthly      → ₦      878,905/MT  ↓ -26.0%  (2026-10-14)
2026-09-21 05:24:59.896 | INFO     | __main__:run_forecasting:770 -   3_months     → ₦      912,057/MT  ↓ -23.2%  (2026-12-13)
2026-09-21 05:24:59.896 | INFO     | __main__:run_forecasting:770 -   6_months     → ₦      914,448/MT  ↓ -23.0%  (2027-03-13)
2026-09-21 05:24:59.898 | INFO     | __main__:run_forecasting:776 -   ✅ Fish (dried)
2026-09-21 05:24:59.898 | INFO     | __main__:run_forecasting:760 - 
[17/17] Forecasting Eggs...
2026-09-21 05:25:02.350 | DEBUG    | __main__:forecast_commodity:618 -   [Eggs] 3/3 models generated forecasts
2026-09-21 05:25:02.388 | INFO     | __main__:run_forecasting:770 -   daily        → ₦        6,056/MT  ↓ -0.5%  (2026-09-15)
2026-09-21 05:25:02.388 | INFO     | __main__:run_forecasting:770 -   weekly       → ₦        5,863/MT  ↓ -3.7%  (2026-09-21)
2026-09-21 05:25:02.390 | INFO     | __main__:run_forecasting:770 -   2_weeks      → ₦        5,638/MT  ↓ -7.4%  (2026-09-28)
2026-09-21 05:25:02.390 | INFO     | __main__:run_forecasting:770 -   monthly      → ₦        5,536/MT  ↓ -9.1%  (2026-10-14)
2026-09-21 05:25:02.390 | INFO     | __main__:run_forecasting:770 -   3_months     → ₦        5,617/MT  ↓ -7.8%  (2026-12-13)
2026-09-21 05:25:02.390 | INFO     | __main__:run_forecasting:770 -   6_months     → ₦        5,484/MT  ↓ -9.9%  (2027-03-13)
2026-09-21 05:25:02.390 | INFO     | __main__:run_forecasting:776 -   ✅ Eggs
2026-09-21 05:25:03.716 | INFO     | __main__:run_forecasting:785 - 
  Forecast JSON saved → C:\Users\USER\Downloads\agrolinking-intel-structure\agrolinking-intel\outputs\forecasts\forecast_2026-09-21.json
2026-09-21 05:25:03.731 | INFO     | __main__:run_forecasting:793 -   Daily alert saved → C:\Users\USER\Downloads\agrolinking-intel-structure\agrolinking-intel\outputs\daily_alerts\alert_2026-09-21.txt
2026-09-21 05:25:03.734 | INFO     | __main__:run_forecasting:796 - 
============================================================
2026-09-21 05:25:03.746 | INFO     | __main__:run_forecasting:797 -   DAILY PRICE ALERT
2026-09-21 05:25:03.753 | INFO     | __main__:run_forecasting:798 - ============================================================
2026-09-21 05:25:03.756 | INFO     | __main__:run_forecasting:800 -   📊 AGROLINKING COMMODITY INTELLIGENCE ALERT
2026-09-21 05:25:03.756 | INFO     | __main__:run_forecasting:800 -   📅 Monday, 21 September 2026
2026-09-21 05:25:03.759 | INFO     | __main__:run_forecasting:800 -   ─────────────────────────────────────────────
2026-09-21 05:25:03.761 | INFO     | __main__:run_forecasting:800 -   ▼ Hibiscus           ₦    2,298,083/MT  -0.58%
2026-09-21 05:25:03.764 | INFO     | __main__:run_forecasting:800 -   ▼ Sesame             ₦    1,623,297/MT  -0.70%
2026-09-21 05:25:03.767 | INFO     | __main__:run_forecasting:800 -   → Ginger             ₦   11,943,736/MT  +0.02%
2026-09-21 05:25:03.769 | INFO     | __main__:run_forecasting:800 -   ▲ Cocoa              ₦    5,712,693/MT  +0.78%
2026-09-21 05:25:03.771 | INFO     | __main__:run_forecasting:800 -   ▼ Soybeans           ₦      726,082/MT  -1.44%
2026-09-21 05:25:03.771 | INFO     | __main__:run_forecasting:800 -   ▼ Cashew Nuts        ₦    1,916,623/MT  -0.92%
2026-09-21 05:25:03.776 | INFO     | __main__:run_forecasting:800 -   ▼ Sorghum            ₦      405,102/MT  -2.27%
2026-09-21 05:25:03.779 | INFO     | __main__:run_forecasting:800 -   ▼ Beans (white)      ₦      783,190/MT  -2.27%
2026-09-21 05:25:03.779 | INFO     | __main__:run_forecasting:800 -   ▼ Beans (red)        ₦      882,951/MT  -1.94%
2026-09-21 05:25:03.782 | INFO     | __main__:run_forecasting:800 -   ▼ Maize (white)      ₦      363,626/MT  -1.03%
2026-09-21 05:25:03.784 | INFO     | __main__:run_forecasting:800 -   ▼ Maize (yellow)     ₦      393,348/MT  -0.99%
2026-09-21 05:25:03.784 | INFO     | __main__:run_forecasting:800 -   ▼ Wheat              ₦      695,517/MT  -0.89%
2026-09-21 05:25:03.786 | INFO     | __main__:run_forecasting:800 -   ▼ Rice               ₦    1,525,020/MT  -0.84%
2026-09-21 05:25:03.791 | INFO     | __main__:run_forecasting:800 -   ▲ Meat (beef)        ₦    6,573,631/MT  +0.55%
2026-09-21 05:25:03.791 | INFO     | __main__:run_forecasting:800 -   → Meat (goat)        ₦    6,534,246/MT  +0.19%
2026-09-21 05:25:03.795 | INFO     | __main__:run_forecasting:800 -   ▼ Fish (dried)       ₦    1,166,885/MT  -1.80%
2026-09-21 05:25:03.797 | INFO     | __main__:run_forecasting:800 -   ▼ Eggs               ₦        6,056/MT  -0.53%
2026-09-21 05:25:03.798 | INFO     | __main__:run_forecasting:800 -   ─────────────────────────────────────────────
2026-09-21 05:25:03.800 | INFO     | __main__:run_forecasting:800 -   Source: Agrolinking Intelligence Platform
2026-09-21 05:25:03.802 | INFO     | __main__:run_forecasting:800 -   Next update: 22 Sep 2026
2026-09-21 05:25:03.804 | INFO     | __main__:run_forecasting:804 - 
  Note: master append handled by 06_validate.py (corrected prices).
2026-09-21 05:25:03.804 | INFO     | __main__:run_forecasting:808 - 
======================================================================
2026-09-21 05:25:03.806 | INFO     | __main__:run_forecasting:809 -   FORECAST SUMMARY — ALL COMMODITIES
2026-09-21 05:25:03.812 | INFO     | __main__:run_forecasting:810 - ======================================================================
2026-09-21 05:25:03.812 | INFO     | __main__:run_forecasting:811 -   Commodity                     Today         1 Week        1 Month       3 Months       6 Months
2026-09-21 05:25:03.819 | INFO     | __main__:run_forecasting:816 -   ----------------------------------------------------------------------------------
2026-09-21 05:25:03.824 | INFO     | __main__:run_forecasting:829 -   Hibiscus             ₦   2,298,083  ₦   2,217,124  ₦   2,020,518  ₦   2,044,685  ₦   2,039,518
2026-09-21 05:25:03.832 | INFO     | __main__:run_forecasting:829 -   Sesame               ₦   1,623,297  ₦   1,554,683  ₦   1,385,435  ₦   1,405,137  ₦   1,522,466
2026-09-21 05:25:03.833 | INFO     | __main__:run_forecasting:829 -   Ginger               ₦  11,943,736  ₦  11,955,081  ₦  11,888,874  ₦  11,596,819  ₦  11,406,188
2026-09-21 05:25:03.841 | INFO     | __main__:run_forecasting:829 -   Cocoa                ₦   5,712,693  ₦   5,976,822  ₦   6,703,257  ₦   6,094,455  ₦   5,587,249
2026-09-21 05:25:03.847 | INFO     | __main__:run_forecasting:829 -   Soybeans             ₦     726,082  ₦     662,630  ₦     542,724  ₦     508,851  ₦     496,633
2026-09-21 05:25:03.847 | INFO     | __main__:run_forecasting:829 -   Cashew Nuts          ₦   1,916,623  ₦   1,809,643  ₦   1,729,456  ₦   1,762,795  ₦   1,778,319
2026-09-21 05:25:03.855 | INFO     | __main__:run_forecasting:829 -   Sorghum              ₦     405,102  ₦     348,630  ₦     265,574  ₦     234,746  ₦     213,546
2026-09-21 05:25:03.859 | INFO     | __main__:run_forecasting:829 -   Beans (white)        ₦     783,190  ₦     674,104  ₦     544,075  ₦     551,614  ₦     558,370
2026-09-21 05:25:03.859 | INFO     | __main__:run_forecasting:829 -   Beans (red)          ₦     882,951  ₦     777,958  ₦     653,829  ₦     787,799  ₦     781,722
2026-09-21 05:25:03.859 | INFO     | __main__:run_forecasting:829 -   Maize (white)        ₦     363,626  ₦     341,029  ₦     316,587  ₦     331,011  ₦     339,294
2026-09-21 05:25:03.859 | INFO     | __main__:run_forecasting:829 -   Maize (yellow)       ₦     393,348  ₦     369,634  ₦     349,601  ₦     363,019  ₦     370,689
2026-09-21 05:25:03.861 | INFO     | __main__:run_forecasting:829 -   Wheat                ₦     695,517  ₦     657,919  ₦     605,837  ₦     612,489  ₦     623,786
2026-09-21 05:25:03.863 | INFO     | __main__:run_forecasting:829 -   Rice                 ₦   1,525,020  ₦   1,447,121  ₦   1,325,068  ₦   1,398,352  ₦   1,541,826
2026-09-21 05:25:03.863 | INFO     | __main__:run_forecasting:829 -   Meat (beef)          ₦   6,573,631  ₦   6,788,793  ₦   6,899,680  ₦   7,205,992  ₦   7,384,737
2026-09-21 05:25:03.863 | INFO     | __main__:run_forecasting:829 -   Meat (goat)          ₦   6,534,246  ₦   6,609,185  ₦   6,642,510  ₦   6,738,044  ₦   6,790,288
2026-09-21 05:25:03.868 | INFO     | __main__:run_forecasting:829 -   Fish (dried)         ₦   1,166,885  ₦   1,038,856  ₦     878,905  ₦     912,057  ₦     914,448
2026-09-21 05:25:03.868 | INFO     | __main__:run_forecasting:829 -   Eggs                 ₦       6,056  ₦       5,863  ₦       5,536  ₦       5,617  ₦       5,484
2026-09-21 05:25:03.870 | INFO     | __main__:run_forecasting:838 - ======================================================================
2026-09-21 05:25:03.870 | SUCCESS  | __main__:run_forecasting:839 - FORECASTING COMPLETE — 17/17 commodities
2026-09-21 05:25:03.870 | INFO     | __main__:run_forecasting:843 - ======================================================================
