2026-07-18 07:28:21.281 | INFO     | __main__:run_forecasting:330 - =================================================================
2026-07-18 07:28:21.288 | INFO     | __main__:run_forecasting:331 - STEP 5 — FORECASTING ENGINE
2026-07-18 07:28:21.312 | INFO     | __main__:run_forecasting:332 -   Run date   : Saturday, 18 July 2026
2026-07-18 07:28:21.324 | INFO     | __main__:run_forecasting:333 -   Commodities: 17
2026-07-18 07:28:21.328 | INFO     | __main__:run_forecasting:334 -   Horizons   : ['daily', 'weekly', '2_weeks', 'monthly', '3_months', '6_months']
2026-07-18 07:28:21.334 | INFO     | __main__:run_forecasting:335 -   Ensemble   : ARIMA + Prophet + Holt-Winters + XGBoost + LightGBM
2026-07-18 07:28:21.343 | INFO     | __main__:run_forecasting:336 - =================================================================
2026-07-18 07:28:21.811 | INFO     | __main__:run_forecasting:353 - 
[1/17] Forecasting Hibiscus...
2026-07-18 07:29:21.213 | DEBUG    | __main__:forecast_holt_winters:131 -     Holt-Winters forecast failed: positive() got an unexpected keyword argument 'lower'
2026-07-18 07:29:21.223 | DEBUG    | __main__:forecast_tree:163 -     Tree forecast failed: Feature shape mismatch, expected: 18, got 16
2026-07-18 07:29:21.226 | INFO     | __main__:forecast_commodity:294 -   daily        -> N   2,285,606/MT  -0.9%  (2026-07-20)
2026-07-18 07:29:21.227 | INFO     | __main__:forecast_commodity:294 -   weekly       -> N   2,285,606/MT  -0.9%  (2026-07-27)
2026-07-18 07:29:21.228 | INFO     | __main__:forecast_commodity:294 -   2_weeks      -> N   2,225,932/MT  -3.5%  (2026-08-03)
2026-07-18 07:29:21.228 | INFO     | __main__:forecast_commodity:294 -   monthly      -> N   2,217,931/MT  -3.9%  (2026-08-17)
2026-07-18 07:29:21.233 | INFO     | __main__:forecast_commodity:294 -   3_months     -> N   2,153,853/MT  -6.6%  (2026-10-19)
2026-07-18 07:29:21.235 | INFO     | __main__:forecast_commodity:294 -   6_months     -> N   2,365,356/MT  +2.5%  (2027-01-18)
2026-07-18 07:29:21.241 | INFO     | __main__:run_forecasting:359 -   Hibiscus
2026-07-18 07:29:21.241 | INFO     | __main__:run_forecasting:353 - 
[2/17] Forecasting Sesame...
2026-07-18 07:29:21.986 | DEBUG    | __main__:forecast_holt_winters:131 -     Holt-Winters forecast failed: positive() got an unexpected keyword argument 'lower'
2026-07-18 07:29:21.992 | DEBUG    | __main__:forecast_tree:163 -     Tree forecast failed: Feature shape mismatch, expected: 18, got 16
2026-07-18 07:29:21.992 | INFO     | __main__:forecast_commodity:294 -   daily        -> N   1,593,304/MT  -2.7%  (2026-07-20)
2026-07-18 07:29:21.994 | INFO     | __main__:forecast_commodity:294 -   weekly       -> N   1,593,304/MT  -2.7%  (2026-07-27)
2026-07-18 07:29:21.996 | INFO     | __main__:forecast_commodity:294 -   2_weeks      -> N   1,523,572/MT  -6.9%  (2026-08-03)
2026-07-18 07:29:21.998 | INFO     | __main__:forecast_commodity:294 -   monthly      -> N   1,558,630/MT  -4.8%  (2026-08-17)
2026-07-18 07:29:22.003 | INFO     | __main__:forecast_commodity:294 -   3_months     -> N   1,512,459/MT  -7.6%  (2026-10-19)
2026-07-18 07:29:22.014 | INFO     | __main__:forecast_commodity:294 -   6_months     -> N   1,682,270/MT  +2.8%  (2027-01-18)
2026-07-18 07:29:22.048 | INFO     | __main__:run_forecasting:359 -   Sesame
2026-07-18 07:29:22.070 | INFO     | __main__:run_forecasting:353 - 
[3/17] Forecasting Ginger...
2026-07-18 07:29:22.855 | DEBUG    | __main__:forecast_holt_winters:131 -     Holt-Winters forecast failed: positive() got an unexpected keyword argument 'lower'
2026-07-18 07:29:22.861 | DEBUG    | __main__:forecast_tree:163 -     Tree forecast failed: Feature shape mismatch, expected: 18, got 16
2026-07-18 07:29:22.863 | INFO     | __main__:forecast_commodity:294 -   daily        -> N  12,390,363/MT  +2.4%  (2026-07-20)
2026-07-18 07:29:22.868 | INFO     | __main__:forecast_commodity:294 -   weekly       -> N  12,390,363/MT  +2.4%  (2026-07-27)
2026-07-18 07:29:22.881 | INFO     | __main__:forecast_commodity:294 -   2_weeks      -> N  12,290,770/MT  +1.6%  (2026-08-03)
2026-07-18 07:29:22.888 | INFO     | __main__:forecast_commodity:294 -   monthly      -> N  12,637,137/MT  +4.5%  (2026-08-17)
2026-07-18 07:29:22.896 | INFO     | __main__:forecast_commodity:294 -   3_months     -> N  12,452,411/MT  +2.9%  (2026-10-19)
2026-07-18 07:29:22.912 | INFO     | __main__:forecast_commodity:294 -   6_months     -> N  14,013,363/MT  +15.8%  (2027-01-18)
2026-07-18 07:29:22.928 | INFO     | __main__:run_forecasting:359 -   Ginger
2026-07-18 07:29:22.944 | INFO     | __main__:run_forecasting:353 - 
[4/17] Forecasting Cocoa...
2026-07-18 07:29:23.538 | DEBUG    | __main__:forecast_holt_winters:131 -     Holt-Winters forecast failed: positive() got an unexpected keyword argument 'lower'
2026-07-18 07:29:23.539 | DEBUG    | __main__:forecast_tree:163 -     Tree forecast failed: Feature shape mismatch, expected: 18, got 16
2026-07-18 07:29:23.544 | INFO     | __main__:forecast_commodity:294 -   daily        -> N   8,449,708/MT  +46.7%  (2026-07-20)
2026-07-18 07:29:23.544 | INFO     | __main__:forecast_commodity:294 -   weekly       -> N   8,449,708/MT  +46.7%  (2026-07-27)
2026-07-18 07:29:23.546 | INFO     | __main__:forecast_commodity:294 -   2_weeks      -> N   9,481,389/MT  +64.6%  (2026-08-03)
2026-07-18 07:29:23.546 | INFO     | __main__:forecast_commodity:294 -   monthly      -> N   9,859,906/MT  +71.2%  (2026-08-17)
2026-07-18 07:29:23.548 | INFO     | __main__:forecast_commodity:294 -   3_months     -> N   9,845,528/MT  +70.9%  (2026-10-19)
2026-07-18 07:29:23.552 | INFO     | __main__:forecast_commodity:294 -   6_months     -> N  10,130,391/MT  +75.9%  (2027-01-18)
2026-07-18 07:29:23.557 | INFO     | __main__:run_forecasting:359 -   Cocoa
2026-07-18 07:29:23.559 | INFO     | __main__:run_forecasting:353 - 
[5/17] Forecasting Soybeans...
2026-07-18 07:29:24.112 | DEBUG    | __main__:forecast_holt_winters:131 -     Holt-Winters forecast failed: positive() got an unexpected keyword argument 'lower'
2026-07-18 07:29:24.125 | DEBUG    | __main__:forecast_tree:163 -     Tree forecast failed: Feature shape mismatch, expected: 18, got 16
2026-07-18 07:29:24.129 | INFO     | __main__:forecast_commodity:294 -   daily        -> N     842,188/MT  +11.7%  (2026-07-20)
2026-07-18 07:29:24.133 | INFO     | __main__:forecast_commodity:294 -   weekly       -> N     842,188/MT  +11.7%  (2026-07-27)
2026-07-18 07:29:24.146 | INFO     | __main__:forecast_commodity:294 -   2_weeks      -> N     865,773/MT  +14.9%  (2026-08-03)
2026-07-18 07:29:24.165 | INFO     | __main__:forecast_commodity:294 -   monthly      -> N     882,052/MT  +17.0%  (2026-08-17)
2026-07-18 07:29:24.195 | INFO     | __main__:forecast_commodity:294 -   3_months     -> N     871,583/MT  +15.6%  (2026-10-19)
2026-07-18 07:29:24.214 | INFO     | __main__:forecast_commodity:294 -   6_months     -> N     883,704/MT  +17.2%  (2027-01-18)
2026-07-18 07:29:24.224 | INFO     | __main__:run_forecasting:359 -   Soybeans
2026-07-18 07:29:24.228 | INFO     | __main__:run_forecasting:353 - 
[6/17] Forecasting Cashew Nuts...
2026-07-18 07:29:24.862 | DEBUG    | __main__:forecast_holt_winters:131 -     Holt-Winters forecast failed: positive() got an unexpected keyword argument 'lower'
2026-07-18 07:29:24.866 | DEBUG    | __main__:forecast_tree:163 -     Tree forecast failed: Feature shape mismatch, expected: 18, got 16
2026-07-18 07:29:24.869 | INFO     | __main__:forecast_commodity:294 -   daily        -> N   2,158,172/MT  +8.9%  (2026-07-20)
2026-07-18 07:29:24.874 | INFO     | __main__:forecast_commodity:294 -   weekly       -> N   2,158,172/MT  +8.9%  (2026-07-27)
2026-07-18 07:29:24.879 | INFO     | __main__:forecast_commodity:294 -   2_weeks      -> N   2,158,721/MT  +8.9%  (2026-08-03)
2026-07-18 07:29:24.883 | INFO     | __main__:forecast_commodity:294 -   monthly      -> N   2,267,373/MT  +14.4%  (2026-08-17)
2026-07-18 07:29:24.891 | INFO     | __main__:forecast_commodity:294 -   3_months     -> N   2,289,104/MT  +15.5%  (2026-10-19)
2026-07-18 07:29:24.897 | INFO     | __main__:forecast_commodity:294 -   6_months     -> N   2,315,715/MT  +16.8%  (2027-01-18)
2026-07-18 07:29:24.903 | INFO     | __main__:run_forecasting:359 -   Cashew Nuts
2026-07-18 07:29:24.909 | INFO     | __main__:run_forecasting:353 - 
[7/17] Forecasting Sorghum...
2026-07-18 07:29:25.705 | DEBUG    | __main__:forecast_holt_winters:131 -     Holt-Winters forecast failed: positive() got an unexpected keyword argument 'lower'
2026-07-18 07:29:25.710 | DEBUG    | __main__:forecast_tree:163 -     Tree forecast failed: Feature shape mismatch, expected: 18, got 16
2026-07-18 07:29:25.711 | INFO     | __main__:forecast_commodity:294 -   daily        -> N     520,597/MT  +21.4%  (2026-07-20)
2026-07-18 07:29:25.718 | INFO     | __main__:forecast_commodity:294 -   weekly       -> N     520,597/MT  +21.4%  (2026-07-27)
2026-07-18 07:29:25.724 | INFO     | __main__:forecast_commodity:294 -   2_weeks      -> N     545,281/MT  +27.1%  (2026-08-03)
2026-07-18 07:29:25.732 | INFO     | __main__:forecast_commodity:294 -   monthly      -> N     556,878/MT  +29.8%  (2026-08-17)
2026-07-18 07:29:25.766 | INFO     | __main__:forecast_commodity:294 -   3_months     -> N     523,788/MT  +22.1%  (2026-10-19)
2026-07-18 07:29:25.774 | INFO     | __main__:forecast_commodity:294 -   6_months     -> N     489,884/MT  +14.2%  (2027-01-18)
2026-07-18 07:29:25.813 | INFO     | __main__:run_forecasting:359 -   Sorghum
2026-07-18 07:29:25.817 | INFO     | __main__:run_forecasting:353 - 
[8/17] Forecasting Beans (white)...
2026-07-18 07:29:26.454 | DEBUG    | __main__:forecast_holt_winters:131 -     Holt-Winters forecast failed: positive() got an unexpected keyword argument 'lower'
2026-07-18 07:29:26.458 | DEBUG    | __main__:forecast_tree:163 -     Tree forecast failed: Feature shape mismatch, expected: 18, got 16
2026-07-18 07:29:26.460 | INFO     | __main__:forecast_commodity:294 -   daily        -> N     980,239/MT  +18.3%  (2026-07-20)
2026-07-18 07:29:26.462 | INFO     | __main__:forecast_commodity:294 -   weekly       -> N     980,239/MT  +18.3%  (2026-07-27)
2026-07-18 07:29:26.462 | INFO     | __main__:forecast_commodity:294 -   2_weeks      -> N     976,058/MT  +17.8%  (2026-08-03)
2026-07-18 07:29:26.464 | INFO     | __main__:forecast_commodity:294 -   monthly      -> N     983,135/MT  +18.6%  (2026-08-17)
2026-07-18 07:29:26.469 | INFO     | __main__:forecast_commodity:294 -   3_months     -> N   1,005,585/MT  +21.3%  (2026-10-19)
2026-07-18 07:29:26.475 | INFO     | __main__:forecast_commodity:294 -   6_months     -> N   1,002,797/MT  +21.0%  (2027-01-18)
2026-07-18 07:29:26.491 | INFO     | __main__:run_forecasting:359 -   Beans (white)
2026-07-18 07:29:26.493 | INFO     | __main__:run_forecasting:353 - 
[9/17] Forecasting Beans (red)...
2026-07-18 07:29:27.099 | DEBUG    | __main__:forecast_holt_winters:131 -     Holt-Winters forecast failed: positive() got an unexpected keyword argument 'lower'
2026-07-18 07:29:27.103 | DEBUG    | __main__:forecast_tree:163 -     Tree forecast failed: Feature shape mismatch, expected: 18, got 16
2026-07-18 07:29:27.105 | INFO     | __main__:forecast_commodity:294 -   daily        -> N     830,261/MT  -8.2%  (2026-07-20)
2026-07-18 07:29:27.109 | INFO     | __main__:forecast_commodity:294 -   weekly       -> N     830,261/MT  -8.2%  (2026-07-27)
2026-07-18 07:29:27.110 | INFO     | __main__:forecast_commodity:294 -   2_weeks      -> N     793,868/MT  -12.2%  (2026-08-03)
2026-07-18 07:29:27.114 | INFO     | __main__:forecast_commodity:294 -   monthly      -> N     778,250/MT  -13.9%  (2026-08-17)
2026-07-18 07:29:27.117 | INFO     | __main__:forecast_commodity:294 -   3_months     -> N     713,760/MT  -21.0%  (2026-10-19)
2026-07-18 07:29:27.123 | INFO     | __main__:forecast_commodity:294 -   6_months     -> N     646,504/MT  -28.5%  (2027-01-18)
2026-07-18 07:29:27.128 | INFO     | __main__:run_forecasting:359 -   Beans (red)
2026-07-18 07:29:27.132 | INFO     | __main__:run_forecasting:353 - 
[10/17] Forecasting Maize (white)...
2026-07-18 07:29:27.786 | DEBUG    | __main__:forecast_holt_winters:131 -     Holt-Winters forecast failed: positive() got an unexpected keyword argument 'lower'
2026-07-18 07:29:27.792 | DEBUG    | __main__:forecast_tree:163 -     Tree forecast failed: Feature shape mismatch, expected: 18, got 16
2026-07-18 07:29:27.794 | INFO     | __main__:forecast_commodity:294 -   daily        -> N     373,528/MT  -0.4%  (2026-07-20)
2026-07-18 07:29:27.797 | INFO     | __main__:forecast_commodity:294 -   weekly       -> N     373,528/MT  -0.4%  (2026-07-27)
2026-07-18 07:29:27.800 | INFO     | __main__:forecast_commodity:294 -   2_weeks      -> N     372,767/MT  -0.6%  (2026-08-03)
2026-07-18 07:29:27.806 | INFO     | __main__:forecast_commodity:294 -   monthly      -> N     370,913/MT  -1.1%  (2026-08-17)
2026-07-18 07:29:27.812 | INFO     | __main__:forecast_commodity:294 -   3_months     -> N     358,391/MT  -4.4%  (2026-10-19)
2026-07-18 07:29:27.816 | INFO     | __main__:forecast_commodity:294 -   6_months     -> N     379,089/MT  +1.1%  (2027-01-18)
2026-07-18 07:29:27.825 | INFO     | __main__:run_forecasting:359 -   Maize (white)
2026-07-18 07:29:27.829 | INFO     | __main__:run_forecasting:353 - 
[11/17] Forecasting Maize (yellow)...
2026-07-18 07:29:28.494 | DEBUG    | __main__:forecast_holt_winters:131 -     Holt-Winters forecast failed: positive() got an unexpected keyword argument 'lower'
2026-07-18 07:29:28.500 | DEBUG    | __main__:forecast_tree:163 -     Tree forecast failed: Feature shape mismatch, expected: 18, got 16
2026-07-18 07:29:28.502 | INFO     | __main__:forecast_commodity:294 -   daily        -> N     421,299/MT  +3.9%  (2026-07-20)
2026-07-18 07:29:28.514 | INFO     | __main__:forecast_commodity:294 -   weekly       -> N     421,299/MT  +3.9%  (2026-07-27)
2026-07-18 07:29:28.526 | INFO     | __main__:forecast_commodity:294 -   2_weeks      -> N     410,942/MT  +1.4%  (2026-08-03)
2026-07-18 07:29:28.531 | INFO     | __main__:forecast_commodity:294 -   monthly      -> N     423,799/MT  +4.5%  (2026-08-17)
2026-07-18 07:29:28.579 | INFO     | __main__:forecast_commodity:294 -   3_months     -> N     406,089/MT  +0.2%  (2026-10-19)
2026-07-18 07:29:28.615 | INFO     | __main__:forecast_commodity:294 -   6_months     -> N     428,385/MT  +5.7%  (2027-01-18)
2026-07-18 07:29:28.637 | INFO     | __main__:run_forecasting:359 -   Maize (yellow)
2026-07-18 07:29:28.646 | INFO     | __main__:run_forecasting:353 - 
[12/17] Forecasting Wheat...
2026-07-18 07:29:29.371 | DEBUG    | __main__:forecast_holt_winters:131 -     Holt-Winters forecast failed: positive() got an unexpected keyword argument 'lower'
2026-07-18 07:29:29.384 | DEBUG    | __main__:forecast_tree:163 -     Tree forecast failed: Feature shape mismatch, expected: 18, got 16
2026-07-18 07:29:29.385 | INFO     | __main__:forecast_commodity:294 -   daily        -> N     732,379/MT  +2.1%  (2026-07-20)
2026-07-18 07:29:29.395 | INFO     | __main__:forecast_commodity:294 -   weekly       -> N     732,379/MT  +2.1%  (2026-07-27)
2026-07-18 07:29:29.402 | INFO     | __main__:forecast_commodity:294 -   2_weeks      -> N     744,906/MT  +3.8%  (2026-08-03)
2026-07-18 07:29:29.407 | INFO     | __main__:forecast_commodity:294 -   monthly      -> N     740,995/MT  +3.3%  (2026-08-17)
2026-07-18 07:29:29.431 | INFO     | __main__:forecast_commodity:294 -   3_months     -> N     767,712/MT  +7.0%  (2026-10-19)
2026-07-18 07:29:29.449 | INFO     | __main__:forecast_commodity:294 -   6_months     -> N     795,359/MT  +10.8%  (2027-01-18)
2026-07-18 07:29:29.457 | INFO     | __main__:run_forecasting:359 -   Wheat
2026-07-18 07:29:29.476 | INFO     | __main__:run_forecasting:353 - 
[13/17] Forecasting Rice...
2026-07-18 07:29:30.086 | DEBUG    | __main__:forecast_holt_winters:131 -     Holt-Winters forecast failed: positive() got an unexpected keyword argument 'lower'
2026-07-18 07:29:30.091 | DEBUG    | __main__:forecast_tree:163 -     Tree forecast failed: Feature shape mismatch, expected: 18, got 16
2026-07-18 07:29:30.091 | INFO     | __main__:forecast_commodity:294 -   daily        -> N   1,674,734/MT  +6.3%  (2026-07-20)
2026-07-18 07:29:30.098 | INFO     | __main__:forecast_commodity:294 -   weekly       -> N   1,674,734/MT  +6.3%  (2026-07-27)
2026-07-18 07:29:30.122 | INFO     | __main__:forecast_commodity:294 -   2_weeks      -> N   1,673,141/MT  +6.2%  (2026-08-03)
2026-07-18 07:29:30.129 | INFO     | __main__:forecast_commodity:294 -   monthly      -> N   1,704,133/MT  +8.2%  (2026-08-17)
2026-07-18 07:29:30.142 | INFO     | __main__:forecast_commodity:294 -   3_months     -> N   1,697,680/MT  +7.8%  (2026-10-19)
2026-07-18 07:29:30.165 | INFO     | __main__:forecast_commodity:294 -   6_months     -> N   1,734,437/MT  +10.1%  (2027-01-18)
2026-07-18 07:29:30.199 | INFO     | __main__:run_forecasting:359 -   Rice
2026-07-18 07:29:30.211 | INFO     | __main__:run_forecasting:353 - 
[14/17] Forecasting Eggs...
2026-07-18 07:29:30.905 | DEBUG    | __main__:forecast_holt_winters:131 -     Holt-Winters forecast failed: positive() got an unexpected keyword argument 'lower'
2026-07-18 07:29:30.911 | DEBUG    | __main__:forecast_tree:163 -     Tree forecast failed: Feature shape mismatch, expected: 18, got 16
2026-07-18 07:29:30.913 | INFO     | __main__:forecast_commodity:294 -   daily        -> N       6,988/MT  -0.3%  (2026-07-20)
2026-07-18 07:29:30.914 | INFO     | __main__:forecast_commodity:294 -   weekly       -> N       6,988/MT  -0.3%  (2026-07-27)
2026-07-18 07:29:30.916 | INFO     | __main__:forecast_commodity:294 -   2_weeks      -> N       7,197/MT  +2.7%  (2026-08-03)
2026-07-18 07:29:30.920 | INFO     | __main__:forecast_commodity:294 -   monthly      -> N       6,979/MT  -0.5%  (2026-08-17)
2026-07-18 07:29:30.929 | INFO     | __main__:forecast_commodity:294 -   3_months     -> N       7,253/MT  +3.5%  (2026-10-19)
2026-07-18 07:29:30.934 | INFO     | __main__:forecast_commodity:294 -   6_months     -> N       7,471/MT  +6.6%  (2027-01-18)
2026-07-18 07:29:30.949 | INFO     | __main__:run_forecasting:359 -   Eggs
2026-07-18 07:29:30.955 | INFO     | __main__:run_forecasting:353 - 
[15/17] Forecasting Fish (dried)...
2026-07-18 07:29:31.536 | DEBUG    | __main__:forecast_holt_winters:131 -     Holt-Winters forecast failed: positive() got an unexpected keyword argument 'lower'
2026-07-18 07:29:31.576 | DEBUG    | __main__:forecast_tree:163 -     Tree forecast failed: Feature shape mismatch, expected: 18, got 16
2026-07-18 07:29:31.579 | INFO     | __main__:forecast_commodity:294 -   daily        -> N   2,599,888/MT  +3.7%  (2026-07-20)
2026-07-18 07:29:31.582 | INFO     | __main__:forecast_commodity:294 -   weekly       -> N   2,599,888/MT  +3.7%  (2026-07-27)
2026-07-18 07:29:31.584 | INFO     | __main__:forecast_commodity:294 -   2_weeks      -> N   2,448,425/MT  -2.4%  (2026-08-03)
2026-07-18 07:29:31.592 | INFO     | __main__:forecast_commodity:294 -   monthly      -> N   2,513,390/MT  +0.2%  (2026-08-17)
2026-07-18 07:29:31.599 | INFO     | __main__:forecast_commodity:294 -   3_months     -> N   2,499,582/MT  -0.3%  (2026-10-19)
2026-07-18 07:29:31.603 | INFO     | __main__:forecast_commodity:294 -   6_months     -> N   2,596,007/MT  +3.5%  (2027-01-18)
2026-07-18 07:29:31.672 | INFO     | __main__:run_forecasting:359 -   Fish (dried)
2026-07-18 07:29:31.676 | INFO     | __main__:run_forecasting:353 - 
[16/17] Forecasting Meat (goat)...
2026-07-18 07:29:32.784 | DEBUG    | __main__:forecast_holt_winters:131 -     Holt-Winters forecast failed: positive() got an unexpected keyword argument 'lower'
2026-07-18 07:29:32.792 | DEBUG    | __main__:forecast_tree:163 -     Tree forecast failed: Feature shape mismatch, expected: 18, got 16
2026-07-18 07:29:32.793 | INFO     | __main__:forecast_commodity:294 -   daily        -> N   5,244,998/MT  -0.7%  (2026-07-20)
2026-07-18 07:29:32.866 | INFO     | __main__:forecast_commodity:294 -   weekly       -> N   5,244,998/MT  -0.7%  (2026-07-27)
2026-07-18 07:29:32.904 | INFO     | __main__:forecast_commodity:294 -   2_weeks      -> N   5,526,170/MT  +4.6%  (2026-08-03)
2026-07-18 07:29:32.929 | INFO     | __main__:forecast_commodity:294 -   monthly      -> N   5,452,807/MT  +3.2%  (2026-08-17)
2026-07-18 07:29:32.937 | INFO     | __main__:forecast_commodity:294 -   3_months     -> N   5,409,815/MT  +2.4%  (2026-10-19)
2026-07-18 07:29:32.960 | INFO     | __main__:forecast_commodity:294 -   6_months     -> N   5,760,408/MT  +9.0%  (2027-01-18)
2026-07-18 07:29:32.996 | INFO     | __main__:run_forecasting:359 -   Meat (goat)
2026-07-18 07:29:33.016 | INFO     | __main__:run_forecasting:353 - 
[17/17] Forecasting Meat (beef)...
2026-07-18 07:29:33.734 | DEBUG    | __main__:forecast_holt_winters:131 -     Holt-Winters forecast failed: positive() got an unexpected keyword argument 'lower'
2026-07-18 07:29:33.758 | DEBUG    | __main__:forecast_tree:163 -     Tree forecast failed: Feature shape mismatch, expected: 18, got 16
2026-07-18 07:29:33.760 | INFO     | __main__:forecast_commodity:294 -   daily        -> N   4,992,450/MT  -1.0%  (2026-07-20)
2026-07-18 07:29:33.767 | INFO     | __main__:forecast_commodity:294 -   weekly       -> N   4,992,450/MT  -1.0%  (2026-07-27)
2026-07-18 07:29:33.784 | INFO     | __main__:forecast_commodity:294 -   2_weeks      -> N   5,072,017/MT  +0.5%  (2026-08-03)
2026-07-18 07:29:33.800 | INFO     | __main__:forecast_commodity:294 -   monthly      -> N   5,139,386/MT  +1.9%  (2026-08-17)
2026-07-18 07:29:33.816 | INFO     | __main__:forecast_commodity:294 -   3_months     -> N   5,065,557/MT  +0.4%  (2026-10-19)
2026-07-18 07:29:33.828 | INFO     | __main__:forecast_commodity:294 -   6_months     -> N   5,393,912/MT  +6.9%  (2027-01-18)
2026-07-18 07:29:33.849 | INFO     | __main__:run_forecasting:359 -   Meat (beef)
2026-07-18 07:29:33.960 | INFO     | __main__:run_forecasting:375 - 
  Forecast JSON saved -> C:\Users\USER\Downloads\agrolinking-intel-structure\agrolinking-intel\outputs\forecasts\forecast_2026-07-18.json
2026-07-18 07:29:33.973 | INFO     | __main__:run_forecasting:401 -   Daily alert saved -> C:\Users\USER\Downloads\agrolinking-intel-structure\agrolinking-intel\outputs\daily_alerts\alert_2026-07-18.txt
2026-07-18 07:29:33.975 | INFO     | __main__:run_forecasting:402 - 
=================================================================
2026-07-18 07:29:33.976 | INFO     | __main__:run_forecasting:403 -   DAILY PRICE ALERT
2026-07-18 07:29:33.979 | INFO     | __main__:run_forecasting:404 - =================================================================
2026-07-18 07:29:33.987 | INFO     | __main__:run_forecasting:406 -   AGROLINKING COMMODITY INTELLIGENCE ALERT
2026-07-18 07:29:33.991 | INFO     | __main__:run_forecasting:406 -   Saturday, 18 July 2026
2026-07-18 07:29:33.996 | INFO     | __main__:run_forecasting:406 -   ─────────────────────────────────────────────
2026-07-18 07:29:33.999 | INFO     | __main__:run_forecasting:406 -   Hibiscus               N   2,285,606/MT  -0.9%
2026-07-18 07:29:34.005 | INFO     | __main__:run_forecasting:406 -   Sesame                 N   1,593,304/MT  -2.7%
2026-07-18 07:29:34.012 | INFO     | __main__:run_forecasting:406 -   Ginger                 N  12,390,363/MT  +2.4%
2026-07-18 07:29:34.021 | INFO     | __main__:run_forecasting:406 -   Cocoa                  N   8,449,708/MT  +46.7%
2026-07-18 07:29:34.033 | INFO     | __main__:run_forecasting:406 -   Soybeans               N     842,188/MT  +11.7%
2026-07-18 07:29:34.035 | INFO     | __main__:run_forecasting:406 -   Cashew Nuts            N   2,158,172/MT  +8.9%
2026-07-18 07:29:34.044 | INFO     | __main__:run_forecasting:406 -   Sorghum                N     520,597/MT  +21.4%
2026-07-18 07:29:34.050 | INFO     | __main__:run_forecasting:406 -   Beans (white)          N     980,239/MT  +18.3%
2026-07-18 07:29:34.074 | INFO     | __main__:run_forecasting:406 -   Beans (red)            N     830,261/MT  -8.2%
2026-07-18 07:29:34.082 | INFO     | __main__:run_forecasting:406 -   Maize (white)          N     373,528/MT  -0.4%
2026-07-18 07:29:34.085 | INFO     | __main__:run_forecasting:406 -   Maize (yellow)         N     421,299/MT  +3.9%
2026-07-18 07:29:34.097 | INFO     | __main__:run_forecasting:406 -   Wheat                  N     732,379/MT  +2.1%
2026-07-18 07:29:34.100 | INFO     | __main__:run_forecasting:406 -   Rice                   N   1,674,734/MT  +6.3%
2026-07-18 07:29:34.103 | INFO     | __main__:run_forecasting:406 -   Eggs                   N       6,988/MT  -0.3%
2026-07-18 07:29:34.109 | INFO     | __main__:run_forecasting:406 -   Fish (dried)           N   2,599,888/MT  +3.7%
2026-07-18 07:29:34.111 | INFO     | __main__:run_forecasting:406 -   Meat (goat)            N   5,244,998/MT  -0.7%
2026-07-18 07:29:34.113 | INFO     | __main__:run_forecasting:406 -   Meat (beef)            N   4,992,450/MT  -1.0%
2026-07-18 07:29:34.127 | INFO     | __main__:run_forecasting:406 -   ─────────────────────────────────────────────
2026-07-18 07:29:34.135 | INFO     | __main__:run_forecasting:406 -   Source: Agrolinking Intelligence Platform
2026-07-18 07:29:34.145 | INFO     | __main__:run_forecasting:406 -   Next update: 19 Jul 2026
2026-07-18 07:29:34.149 | INFO     | __main__:run_forecasting:409 - 
======================================================================
2026-07-18 07:29:34.152 | INFO     | __main__:run_forecasting:410 -   FORECAST SUMMARY
2026-07-18 07:29:34.157 | INFO     | __main__:run_forecasting:411 - ======================================================================
2026-07-18 07:29:34.168 | INFO     | __main__:run_forecasting:413 -   Commodity                      daily        weekly       monthly      3_months      6_months
2026-07-18 07:29:34.173 | INFO     | __main__:run_forecasting:414 -   ---------------------------------------------------------------------------
2026-07-18 07:29:34.176 | INFO     | __main__:run_forecasting:420 -   Hibiscus                N 2,285,606  N 2,285,606  N 2,217,931  N 2,153,853  N 2,365,356
2026-07-18 07:29:34.183 | INFO     | __main__:run_forecasting:420 -   Sesame                  N 1,593,304  N 1,593,304  N 1,558,630  N 1,512,459  N 1,682,270
2026-07-18 07:29:34.192 | INFO     | __main__:run_forecasting:420 -   Ginger                  N12,390,363  N12,390,363  N12,637,137  N12,452,411  N14,013,363
2026-07-18 07:29:34.195 | INFO     | __main__:run_forecasting:420 -   Cocoa                   N 8,449,708  N 8,449,708  N 9,859,906  N 9,845,528  N10,130,391
2026-07-18 07:29:34.199 | INFO     | __main__:run_forecasting:420 -   Soybeans                N   842,188  N   842,188  N   882,052  N   871,583  N   883,704
2026-07-18 07:29:34.201 | INFO     | __main__:run_forecasting:420 -   Cashew Nuts             N 2,158,172  N 2,158,172  N 2,267,373  N 2,289,104  N 2,315,715
2026-07-18 07:29:34.216 | INFO     | __main__:run_forecasting:420 -   Sorghum                 N   520,597  N   520,597  N   556,878  N   523,788  N   489,884
2026-07-18 07:29:34.223 | INFO     | __main__:run_forecasting:420 -   Beans (white)           N   980,239  N   980,239  N   983,135  N 1,005,585  N 1,002,797
2026-07-18 07:29:34.234 | INFO     | __main__:run_forecasting:420 -   Beans (red)             N   830,261  N   830,261  N   778,250  N   713,760  N   646,504
2026-07-18 07:29:34.250 | INFO     | __main__:run_forecasting:420 -   Maize (white)           N   373,528  N   373,528  N   370,913  N   358,391  N   379,089
2026-07-18 07:29:34.265 | INFO     | __main__:run_forecasting:420 -   Maize (yellow)          N   421,299  N   421,299  N   423,799  N   406,089  N   428,385
2026-07-18 07:29:34.277 | INFO     | __main__:run_forecasting:420 -   Wheat                   N   732,379  N   732,379  N   740,995  N   767,712  N   795,359
2026-07-18 07:29:34.301 | INFO     | __main__:run_forecasting:420 -   Rice                    N 1,674,734  N 1,674,734  N 1,704,133  N 1,697,680  N 1,734,437
2026-07-18 07:29:34.346 | INFO     | __main__:run_forecasting:420 -   Eggs                    N     6,988  N     6,988  N     6,979  N     7,253  N     7,471
2026-07-18 07:29:34.352 | INFO     | __main__:run_forecasting:420 -   Fish (dried)            N 2,599,888  N 2,599,888  N 2,513,390  N 2,499,582  N 2,596,007
2026-07-18 07:29:34.354 | INFO     | __main__:run_forecasting:420 -   Meat (goat)             N 5,244,998  N 5,244,998  N 5,452,807  N 5,409,815  N 5,760,408
2026-07-18 07:29:34.365 | INFO     | __main__:run_forecasting:420 -   Meat (beef)             N 4,992,450  N 4,992,450  N 5,139,386  N 5,065,557  N 5,393,912
2026-07-18 07:29:34.376 | INFO     | __main__:run_forecasting:421 - ======================================================================
2026-07-18 07:29:34.378 | SUCCESS  | __main__:run_forecasting:425 - FORECASTING COMPLETE — 17/17 commodities
