2026-09-17 06:42:24.870 | INFO     | __main__:run_forecasting:715 - ============================================================
2026-09-17 06:42:24.873 | INFO     | __main__:run_forecasting:716 - STEP 5 — FORECASTING ENGINE
2026-09-17 06:42:24.873 | INFO     | __main__:run_forecasting:717 -   Run date  : Thursday, 17 September 2026
2026-09-17 06:42:24.875 | INFO     | __main__:run_forecasting:718 -   Commodities: 17
2026-09-17 06:42:24.875 | INFO     | __main__:run_forecasting:719 -   Horizons  : ['daily', 'weekly', '2_weeks', 'monthly', '3_months', '6_months']
2026-09-17 06:42:24.875 | INFO     | __main__:run_forecasting:720 - ============================================================
2026-09-17 06:42:24.877 | INFO     | __main__:run_forecasting:723 - 
[1/17] Forecasting Hibiscus...
2026-09-17 06:43:00.442 | DEBUG    | __main__:forecast_commodity:605 -   [Hibiscus] 3/3 models generated forecasts
2026-09-17 06:43:00.485 | INFO     | __main__:run_forecasting:733 -   daily        → ₦    2,537,820/MT  ↓ -0.5%  (2026-08-25)
2026-09-17 06:43:00.488 | INFO     | __main__:run_forecasting:733 -   weekly       → ₦    2,464,737/MT  ↓ -3.3%  (2026-08-31)
2026-09-17 06:43:00.492 | INFO     | __main__:run_forecasting:733 -   2_weeks      → ₦    2,379,474/MT  ↓ -6.7%  (2026-09-07)
2026-09-17 06:43:00.498 | INFO     | __main__:run_forecasting:733 -   monthly      → ₦    2,213,208/MT  ↓ -13.2%  (2026-09-23)
2026-09-17 06:43:00.504 | INFO     | __main__:run_forecasting:733 -   3_months     → ₦    2,217,754/MT  ↓ -13.0%  (2026-11-22)
2026-09-17 06:43:00.511 | INFO     | __main__:run_forecasting:733 -   6_months     → ₦    2,220,408/MT  ↓ -12.9%  (2027-02-20)
2026-09-17 06:43:00.525 | INFO     | __main__:run_forecasting:739 -   ✅ Hibiscus
2026-09-17 06:43:00.546 | INFO     | __main__:run_forecasting:723 - 
[2/17] Forecasting Sesame...
2026-09-17 06:43:02.413 | DEBUG    | __main__:forecast_commodity:605 -   [Sesame] 3/3 models generated forecasts
2026-09-17 06:43:02.444 | INFO     | __main__:run_forecasting:733 -   daily        → ₦    1,463,373/MT  ↓ -0.5%  (2026-08-25)
2026-09-17 06:43:02.444 | INFO     | __main__:run_forecasting:733 -   weekly       → ₦    1,423,608/MT  ↓ -3.2%  (2026-08-31)
2026-09-17 06:43:02.446 | INFO     | __main__:run_forecasting:733 -   2_weeks      → ₦    1,377,217/MT  ↓ -6.3%  (2026-09-07)
2026-09-17 06:43:02.446 | INFO     | __main__:run_forecasting:733 -   monthly      → ₦    1,274,349/MT  ↓ -13.3%  (2026-09-23)
2026-09-17 06:43:02.446 | INFO     | __main__:run_forecasting:733 -   3_months     → ₦    1,270,278/MT  ↓ -13.6%  (2026-11-22)
2026-09-17 06:43:02.446 | INFO     | __main__:run_forecasting:733 -   6_months     → ₦    1,291,667/MT  ↓ -12.1%  (2027-02-20)
2026-09-17 06:43:02.448 | INFO     | __main__:run_forecasting:739 -   ✅ Sesame
2026-09-17 06:43:02.448 | INFO     | __main__:run_forecasting:723 - 
[3/17] Forecasting Ginger...
2026-09-17 06:43:04.035 | DEBUG    | __main__:forecast_commodity:605 -   [Ginger] 3/3 models generated forecasts
2026-09-17 06:43:04.061 | INFO     | __main__:run_forecasting:733 -   daily        → ₦    9,196,723/MT  ↓ -0.0%  (2026-08-25)
2026-09-17 06:43:04.061 | INFO     | __main__:run_forecasting:733 -   weekly       → ₦    9,177,063/MT  ↓ -0.2%  (2026-08-31)
2026-09-17 06:43:04.063 | INFO     | __main__:run_forecasting:733 -   2_weeks      → ₦    9,154,125/MT  ↓ -0.5%  (2026-09-07)
2026-09-17 06:43:04.063 | INFO     | __main__:run_forecasting:733 -   monthly      → ₦    9,104,619/MT  ↓ -1.0%  (2026-09-23)
2026-09-17 06:43:04.063 | INFO     | __main__:run_forecasting:733 -   3_months     → ₦    8,987,297/MT  ↓ -2.3%  (2026-11-22)
2026-09-17 06:43:04.063 | INFO     | __main__:run_forecasting:733 -   6_months     → ₦    8,821,071/MT  ↓ -4.1%  (2027-02-20)
2026-09-17 06:43:04.063 | INFO     | __main__:run_forecasting:739 -   ✅ Ginger
2026-09-17 06:43:04.063 | INFO     | __main__:run_forecasting:723 - 
[4/17] Forecasting Cocoa...
2026-09-17 06:43:05.197 | DEBUG    | __main__:forecast_commodity:605 -   [Cocoa] 3/3 models generated forecasts
2026-09-17 06:43:05.237 | INFO     | __main__:run_forecasting:733 -   daily        → ₦    4,852,774/MT  ↑ +1.1%  (2026-08-25)
2026-09-17 06:43:05.241 | INFO     | __main__:run_forecasting:733 -   weekly       → ₦    5,169,420/MT  ↑ +7.7%  (2026-08-31)
2026-09-17 06:43:05.243 | INFO     | __main__:run_forecasting:733 -   2_weeks      → ₦    5,538,840/MT  ↑ +15.4%  (2026-09-07)
2026-09-17 06:43:05.249 | INFO     | __main__:run_forecasting:733 -   monthly      → ₦    6,384,585/MT  ↑ +33.0%  (2026-09-23)
2026-09-17 06:43:05.257 | INFO     | __main__:run_forecasting:733 -   3_months     → ₦    6,793,664/MT  ↑ +41.5%  (2026-11-22)
2026-09-17 06:43:05.268 | INFO     | __main__:run_forecasting:733 -   6_months     → ₦    6,621,512/MT  ↑ +38.0%  (2027-02-20)
2026-09-17 06:43:05.274 | INFO     | __main__:run_forecasting:739 -   ✅ Cocoa
2026-09-17 06:43:05.289 | INFO     | __main__:run_forecasting:723 - 
[5/17] Forecasting Soybeans...
2026-09-17 06:43:06.601 | DEBUG    | __main__:forecast_commodity:605 -   [Soybeans] 3/3 models generated forecasts
2026-09-17 06:43:06.631 | INFO     | __main__:run_forecasting:733 -   daily        → ₦      817,970/MT  ↓ -0.2%  (2026-08-25)
2026-09-17 06:43:06.631 | INFO     | __main__:run_forecasting:733 -   weekly       → ₦      805,790/MT  ↓ -1.7%  (2026-08-31)
2026-09-17 06:43:06.631 | INFO     | __main__:run_forecasting:733 -   2_weeks      → ₦      791,580/MT  ↓ -3.5%  (2026-09-07)
2026-09-17 06:43:06.633 | INFO     | __main__:run_forecasting:733 -   monthly      → ₦      755,308/MT  ↓ -7.9%  (2026-09-23)
2026-09-17 06:43:06.633 | INFO     | __main__:run_forecasting:733 -   3_months     → ₦      671,506/MT  ↓ -18.1%  (2026-11-22)
2026-09-17 06:43:06.633 | INFO     | __main__:run_forecasting:733 -   6_months     → ₦      624,845/MT  ↓ -23.8%  (2027-02-20)
2026-09-17 06:43:06.633 | INFO     | __main__:run_forecasting:739 -   ✅ Soybeans
2026-09-17 06:43:06.633 | INFO     | __main__:run_forecasting:723 - 
[6/17] Forecasting Cashew Nuts...
2026-09-17 06:43:08.206 | DEBUG    | __main__:forecast_commodity:605 -   [Cashew Nuts] 3/3 models generated forecasts
2026-09-17 06:43:08.239 | INFO     | __main__:run_forecasting:733 -   daily        → ₦    1,889,673/MT  ↓ -0.5%  (2026-08-25)
2026-09-17 06:43:08.239 | INFO     | __main__:run_forecasting:733 -   weekly       → ₦    1,827,711/MT  ↓ -3.8%  (2026-08-31)
2026-09-17 06:43:08.239 | INFO     | __main__:run_forecasting:733 -   2_weeks      → ₦    1,755,422/MT  ↓ -7.6%  (2026-09-07)
2026-09-17 06:43:08.239 | INFO     | __main__:run_forecasting:733 -   monthly      → ₦    1,613,576/MT  ↓ -15.1%  (2026-09-23)
2026-09-17 06:43:08.241 | INFO     | __main__:run_forecasting:733 -   3_months     → ₦    1,737,461/MT  ↓ -8.6%  (2026-11-22)
2026-09-17 06:43:08.241 | INFO     | __main__:run_forecasting:733 -   6_months     → ₦    1,765,691/MT  ↓ -7.1%  (2027-02-20)
2026-09-17 06:43:08.241 | INFO     | __main__:run_forecasting:739 -   ✅ Cashew Nuts
2026-09-17 06:43:08.241 | INFO     | __main__:run_forecasting:723 - 
[7/17] Forecasting Sorghum...
2026-09-17 06:43:09.509 | DEBUG    | __main__:forecast_commodity:605 -   [Sorghum] 3/3 models generated forecasts
2026-09-17 06:43:09.539 | INFO     | __main__:run_forecasting:733 -   daily        → ₦      339,541/MT  ↓ -1.3%  (2026-08-25)
2026-09-17 06:43:09.539 | INFO     | __main__:run_forecasting:733 -   weekly       → ₦      312,788/MT  ↓ -9.1%  (2026-08-31)
2026-09-17 06:43:09.539 | INFO     | __main__:run_forecasting:733 -   2_weeks      → ₦      281,576/MT  ↓ -18.1%  (2026-09-07)
2026-09-17 06:43:09.539 | INFO     | __main__:run_forecasting:733 -   monthly      → ₦      215,434/MT  ↓ -37.4%  (2026-09-23)
2026-09-17 06:43:09.539 | INFO     | __main__:run_forecasting:733 -   3_months     → ₦      201,783/MT  ↓ -41.3%  (2026-11-22)
2026-09-17 06:43:09.541 | INFO     | __main__:run_forecasting:733 -   6_months     → ₦      202,864/MT  ↓ -41.0%  (2027-02-20)
2026-09-17 06:43:09.541 | INFO     | __main__:run_forecasting:739 -   ✅ Sorghum
2026-09-17 06:43:09.541 | INFO     | __main__:run_forecasting:723 - 
[8/17] Forecasting Beans (white)...
2026-09-17 06:43:11.060 | DEBUG    | __main__:forecast_commodity:605 -   [Beans (white)] 3/3 models generated forecasts
2026-09-17 06:43:11.088 | INFO     | __main__:run_forecasting:733 -   daily        → ₦      994,877/MT  ↓ -0.5%  (2026-07-14)
2026-09-17 06:43:11.088 | INFO     | __main__:run_forecasting:733 -   weekly       → ₦      964,140/MT  ↓ -3.6%  (2026-07-20)
2026-09-17 06:43:11.088 | INFO     | __main__:run_forecasting:733 -   2_weeks      → ₦      928,279/MT  ↓ -7.2%  (2026-07-27)
2026-09-17 06:43:11.088 | INFO     | __main__:run_forecasting:733 -   monthly      → ₦      846,313/MT  ↓ -15.4%  (2026-08-12)
2026-09-17 06:43:11.088 | INFO     | __main__:run_forecasting:733 -   3_months     → ₦      621,267/MT  ↓ -37.9%  (2026-10-11)
2026-09-17 06:43:11.088 | INFO     | __main__:run_forecasting:733 -   6_months     → ₦      581,187/MT  ↓ -41.9%  (2027-01-09)
2026-09-17 06:43:11.090 | INFO     | __main__:run_forecasting:739 -   ✅ Beans (white)
2026-09-17 06:43:11.090 | INFO     | __main__:run_forecasting:723 - 
[9/17] Forecasting Beans (red)...
2026-09-17 06:43:12.853 | DEBUG    | __main__:forecast_commodity:605 -   [Beans (red)] 3/3 models generated forecasts
2026-09-17 06:43:12.890 | INFO     | __main__:run_forecasting:733 -   daily        → ₦      996,248/MT  ↓ -0.4%  (2026-07-14)
2026-09-17 06:43:12.890 | INFO     | __main__:run_forecasting:733 -   weekly       → ₦      973,732/MT  ↓ -2.6%  (2026-07-20)
2026-09-17 06:43:12.890 | INFO     | __main__:run_forecasting:733 -   2_weeks      → ₦      947,465/MT  ↓ -5.2%  (2026-07-27)
2026-09-17 06:43:12.890 | INFO     | __main__:run_forecasting:733 -   monthly      → ₦      887,425/MT  ↓ -11.3%  (2026-08-12)
2026-09-17 06:43:12.890 | INFO     | __main__:run_forecasting:733 -   3_months     → ₦      748,182/MT  ↓ -25.2%  (2026-10-11)
2026-09-17 06:43:12.892 | INFO     | __main__:run_forecasting:733 -   6_months     → ₦      752,616/MT  ↓ -24.7%  (2027-01-09)
2026-09-17 06:43:12.892 | INFO     | __main__:run_forecasting:739 -   ✅ Beans (red)
2026-09-17 06:43:12.892 | INFO     | __main__:run_forecasting:723 - 
[10/17] Forecasting Maize (white)...
2026-09-17 06:43:14.465 | DEBUG    | __main__:forecast_commodity:605 -   [Maize (white)] 3/3 models generated forecasts
2026-09-17 06:43:14.495 | INFO     | __main__:run_forecasting:733 -   daily        → ₦      635,829/MT  ↓ -0.8%  (2026-07-28)
2026-09-17 06:43:14.495 | INFO     | __main__:run_forecasting:733 -   weekly       → ₦      603,957/MT  ↓ -5.8%  (2026-08-03)
2026-09-17 06:43:14.495 | INFO     | __main__:run_forecasting:733 -   2_weeks      → ₦      566,772/MT  ↓ -11.6%  (2026-08-10)
2026-09-17 06:43:14.497 | INFO     | __main__:run_forecasting:733 -   monthly      → ₦      481,778/MT  ↓ -24.9%  (2026-08-26)
2026-09-17 06:43:14.497 | INFO     | __main__:run_forecasting:733 -   3_months     → ₦      343,503/MT  ↓ -46.4%  (2026-10-25)
2026-09-17 06:43:14.498 | INFO     | __main__:run_forecasting:733 -   6_months     → ₦      356,544/MT  ↓ -44.4%  (2027-01-23)
2026-09-17 06:43:14.498 | INFO     | __main__:run_forecasting:739 -   ✅ Maize (white)
2026-09-17 06:43:14.498 | INFO     | __main__:run_forecasting:723 - 
[11/17] Forecasting Maize (yellow)...
2026-09-17 06:43:16.172 | DEBUG    | __main__:forecast_commodity:605 -   [Maize (yellow)] 3/3 models generated forecasts
2026-09-17 06:43:16.198 | INFO     | __main__:run_forecasting:733 -   daily        → ₦      685,374/MT  ↓ -0.8%  (2026-07-28)
2026-09-17 06:43:16.200 | INFO     | __main__:run_forecasting:733 -   weekly       → ₦      651,775/MT  ↓ -5.7%  (2026-08-03)
2026-09-17 06:43:16.200 | INFO     | __main__:run_forecasting:733 -   2_weeks      → ₦      612,575/MT  ↓ -11.3%  (2026-08-10)
2026-09-17 06:43:16.200 | INFO     | __main__:run_forecasting:733 -   monthly      → ₦      522,977/MT  ↓ -24.3%  (2026-08-26)
2026-09-17 06:43:16.201 | INFO     | __main__:run_forecasting:733 -   3_months     → ₦      376,298/MT  ↓ -45.5%  (2026-10-25)
2026-09-17 06:43:16.201 | INFO     | __main__:run_forecasting:733 -   6_months     → ₦      392,511/MT  ↓ -43.2%  (2027-01-23)
2026-09-17 06:43:16.201 | INFO     | __main__:run_forecasting:739 -   ✅ Maize (yellow)
2026-09-17 06:43:16.202 | INFO     | __main__:run_forecasting:723 - 
[12/17] Forecasting Wheat...
2026-09-17 06:43:17.797 | DEBUG    | __main__:forecast_commodity:605 -   [Wheat] 3/3 models generated forecasts
2026-09-17 06:43:17.837 | INFO     | __main__:run_forecasting:733 -   daily        → ₦      706,608/MT  ↓ -0.0%  (2026-04-14)
2026-09-17 06:43:17.837 | INFO     | __main__:run_forecasting:733 -   weekly       → ₦      705,254/MT  ↓ -0.2%  (2026-04-20)
2026-09-17 06:43:17.837 | INFO     | __main__:run_forecasting:733 -   2_weeks      → ₦      703,674/MT  ↓ -0.5%  (2026-04-27)
2026-09-17 06:43:17.839 | INFO     | __main__:run_forecasting:733 -   monthly      → ₦      700,064/MT  ↓ -1.0%  (2026-05-13)
2026-09-17 06:43:17.839 | INFO     | __main__:run_forecasting:733 -   3_months     → ₦      686,524/MT  ↓ -2.9%  (2026-07-12)
2026-09-17 06:43:17.839 | INFO     | __main__:run_forecasting:733 -   6_months     → ₦      662,990/MT  ↓ -6.2%  (2026-10-10)
2026-09-17 06:43:17.840 | INFO     | __main__:run_forecasting:739 -   ✅ Wheat
2026-09-17 06:43:17.840 | INFO     | __main__:run_forecasting:723 - 
[13/17] Forecasting Rice...
2026-09-17 06:43:19.183 | DEBUG    | __main__:forecast_commodity:605 -   [Rice] 3/3 models generated forecasts
2026-09-17 06:43:19.220 | INFO     | __main__:run_forecasting:733 -   daily        → ₦    1,900,575/MT  ↓ -0.2%  (2026-07-28)
2026-09-17 06:43:19.220 | INFO     | __main__:run_forecasting:733 -   weekly       → ₦    1,878,102/MT  ↓ -1.4%  (2026-08-03)
2026-09-17 06:43:19.220 | INFO     | __main__:run_forecasting:733 -   2_weeks      → ₦    1,851,883/MT  ↓ -2.8%  (2026-08-10)
2026-09-17 06:43:19.220 | INFO     | __main__:run_forecasting:733 -   monthly      → ₦    1,791,955/MT  ↓ -5.9%  (2026-08-26)
2026-09-17 06:43:19.222 | INFO     | __main__:run_forecasting:733 -   3_months     → ₦    1,656,976/MT  ↓ -13.0%  (2026-10-25)
2026-09-17 06:43:19.222 | INFO     | __main__:run_forecasting:733 -   6_months     → ₦    1,749,517/MT  ↓ -8.1%  (2027-01-23)
2026-09-17 06:43:19.222 | INFO     | __main__:run_forecasting:739 -   ✅ Rice
2026-09-17 06:43:19.222 | INFO     | __main__:run_forecasting:723 - 
[14/17] Forecasting Meat (beef)...
2026-09-17 06:43:20.634 | DEBUG    | __main__:forecast_commodity:605 -   [Meat (beef)] 3/3 models generated forecasts
2026-09-17 06:43:20.666 | INFO     | __main__:run_forecasting:733 -   daily        → ₦    5,755,222/MT  → +0.0%  (2026-07-28)
2026-09-17 06:43:20.666 | INFO     | __main__:run_forecasting:733 -   weekly       → ₦    5,755,272/MT  → +0.0%  (2026-08-03)
2026-09-17 06:43:20.666 | INFO     | __main__:run_forecasting:733 -   2_weeks      → ₦    5,755,330/MT  → +0.0%  (2026-08-10)
2026-09-17 06:43:20.668 | INFO     | __main__:run_forecasting:733 -   monthly      → ₦    5,755,463/MT  → +0.0%  (2026-08-26)
2026-09-17 06:43:20.668 | INFO     | __main__:run_forecasting:733 -   3_months     → ₦    5,709,039/MT  ↓ -0.8%  (2026-10-25)
2026-09-17 06:43:20.668 | INFO     | __main__:run_forecasting:733 -   6_months     → ₦    6,121,092/MT  ↑ +6.4%  (2027-01-23)
2026-09-17 06:43:20.668 | INFO     | __main__:run_forecasting:739 -   ✅ Meat (beef)
2026-09-17 06:43:20.668 | INFO     | __main__:run_forecasting:723 - 
[15/17] Forecasting Meat (goat)...
2026-09-17 06:43:22.400 | DEBUG    | __main__:forecast_commodity:605 -   [Meat (goat)] 3/3 models generated forecasts
2026-09-17 06:43:22.434 | INFO     | __main__:run_forecasting:733 -   daily        → ₦    5,710,011/MT  ↓ -0.1%  (2026-07-28)
2026-09-17 06:43:22.434 | INFO     | __main__:run_forecasting:733 -   weekly       → ₦    5,689,012/MT  ↓ -0.4%  (2026-08-03)
2026-09-17 06:43:22.434 | INFO     | __main__:run_forecasting:733 -   2_weeks      → ₦    5,664,514/MT  ↓ -0.9%  (2026-08-10)
2026-09-17 06:43:22.434 | INFO     | __main__:run_forecasting:733 -   monthly      → ₦    5,608,518/MT  ↓ -1.8%  (2026-08-26)
2026-09-17 06:43:22.436 | INFO     | __main__:run_forecasting:733 -   3_months     → ₦    5,459,613/MT  ↓ -4.4%  (2026-10-25)
2026-09-17 06:43:22.436 | INFO     | __main__:run_forecasting:733 -   6_months     → ₦    5,893,904/MT  ↑ +3.2%  (2027-01-23)
2026-09-17 06:43:22.436 | INFO     | __main__:run_forecasting:739 -   ✅ Meat (goat)
2026-09-17 06:43:22.437 | INFO     | __main__:run_forecasting:723 - 
[16/17] Forecasting Fish (dried)...
2026-09-17 06:43:24.012 | DEBUG    | __main__:forecast_commodity:605 -   [Fish (dried)] 3/3 models generated forecasts
2026-09-17 06:43:24.038 | INFO     | __main__:run_forecasting:733 -   daily        → ₦    1,547,126/MT  ↓ -0.1%  (2026-07-28)
2026-09-17 06:43:24.038 | INFO     | __main__:run_forecasting:733 -   weekly       → ₦    1,542,513/MT  ↓ -0.3%  (2026-08-03)
2026-09-17 06:43:24.040 | INFO     | __main__:run_forecasting:733 -   2_weeks      → ₦    1,537,131/MT  ↓ -0.7%  (2026-08-10)
2026-09-17 06:43:24.040 | INFO     | __main__:run_forecasting:733 -   monthly      → ₦    1,524,829/MT  ↓ -1.5%  (2026-08-26)
2026-09-17 06:43:24.040 | INFO     | __main__:run_forecasting:733 -   3_months     → ₦    1,036,849/MT  ↓ -33.0%  (2026-10-25)
2026-09-17 06:43:24.040 | INFO     | __main__:run_forecasting:733 -   6_months     → ₦    1,084,158/MT  ↓ -30.0%  (2027-01-23)
2026-09-17 06:43:24.042 | INFO     | __main__:run_forecasting:739 -   ✅ Fish (dried)
2026-09-17 06:43:24.042 | INFO     | __main__:run_forecasting:723 - 
[17/17] Forecasting Eggs...
2026-09-17 06:43:25.703 | DEBUG    | __main__:forecast_commodity:605 -   [Eggs] 3/3 models generated forecasts
2026-09-17 06:43:25.744 | INFO     | __main__:run_forecasting:733 -   daily        → ₦        6,597/MT  ↓ -0.1%  (2026-07-28)
2026-09-17 06:43:25.744 | INFO     | __main__:run_forecasting:733 -   weekly       → ₦        6,541/MT  ↓ -1.0%  (2026-08-03)
2026-09-17 06:43:25.746 | INFO     | __main__:run_forecasting:733 -   2_weeks      → ₦        6,475/MT  ↓ -2.0%  (2026-08-10)
2026-09-17 06:43:25.746 | INFO     | __main__:run_forecasting:733 -   monthly      → ₦        6,324/MT  ↓ -4.3%  (2026-08-26)
2026-09-17 06:43:25.747 | INFO     | __main__:run_forecasting:733 -   3_months     → ₦        5,840/MT  ↓ -11.6%  (2026-10-25)
2026-09-17 06:43:25.748 | INFO     | __main__:run_forecasting:733 -   6_months     → ₦        6,090/MT  ↓ -7.8%  (2027-01-23)
2026-09-17 06:43:25.748 | INFO     | __main__:run_forecasting:739 -   ✅ Eggs
2026-09-17 06:43:26.342 | INFO     | __main__:run_forecasting:748 - 
  Forecast JSON saved → C:\Users\USER\Downloads\agrolinking-intel-structure\agrolinking-intel\outputs\forecasts\forecast_2026-09-17.json
2026-09-17 06:43:26.364 | INFO     | __main__:run_forecasting:756 -   Daily alert saved → C:\Users\USER\Downloads\agrolinking-intel-structure\agrolinking-intel\outputs\daily_alerts\alert_2026-09-17.txt
2026-09-17 06:43:26.364 | INFO     | __main__:run_forecasting:759 - 
============================================================
2026-09-17 06:43:26.365 | INFO     | __main__:run_forecasting:760 -   DAILY PRICE ALERT
2026-09-17 06:43:26.366 | INFO     | __main__:run_forecasting:761 - ============================================================
2026-09-17 06:43:26.368 | INFO     | __main__:run_forecasting:763 -   📊 AGROLINKING COMMODITY INTELLIGENCE ALERT
2026-09-17 06:43:26.368 | INFO     | __main__:run_forecasting:763 -   📅 Thursday, 17 September 2026
2026-09-17 06:43:26.368 | INFO     | __main__:run_forecasting:763 -   ─────────────────────────────────────────────
2026-09-17 06:43:26.370 | INFO     | __main__:run_forecasting:763 -   → Hibiscus           ₦    2,537,820/MT  -0.48%
2026-09-17 06:43:26.371 | INFO     | __main__:run_forecasting:763 -   → Sesame             ₦    1,463,373/MT  -0.45%
2026-09-17 06:43:26.371 | INFO     | __main__:run_forecasting:763 -   → Ginger             ₦    9,196,723/MT  -0.04%
2026-09-17 06:43:26.373 | INFO     | __main__:run_forecasting:763 -   ▲ Cocoa              ₦    4,852,774/MT  +1.10%
2026-09-17 06:43:26.374 | INFO     | __main__:run_forecasting:763 -   → Soybeans           ₦      817,970/MT  -0.25%
2026-09-17 06:43:26.374 | INFO     | __main__:run_forecasting:763 -   ▼ Cashew Nuts        ₦    1,889,673/MT  -0.54%
2026-09-17 06:43:26.376 | INFO     | __main__:run_forecasting:763 -   ▼ Sorghum            ₦      339,541/MT  -1.30%
2026-09-17 06:43:26.376 | INFO     | __main__:run_forecasting:763 -   ▼ Beans (white)      ₦      994,877/MT  -0.51%
2026-09-17 06:43:26.376 | INFO     | __main__:run_forecasting:763 -   → Beans (red)        ₦      996,248/MT  -0.38%
2026-09-17 06:43:26.376 | INFO     | __main__:run_forecasting:763 -   ▼ Maize (white)      ₦      635,829/MT  -0.83%
2026-09-17 06:43:26.376 | INFO     | __main__:run_forecasting:763 -   ▼ Maize (yellow)     ₦      685,374/MT  -0.81%
2026-09-17 06:43:26.380 | INFO     | __main__:run_forecasting:763 -   → Wheat              ₦      706,608/MT  -0.03%
2026-09-17 06:43:26.380 | INFO     | __main__:run_forecasting:763 -   → Rice               ₦    1,900,575/MT  -0.20%
2026-09-17 06:43:26.382 | INFO     | __main__:run_forecasting:763 -   → Meat (beef)        ₦    5,755,222/MT  +0.00%
2026-09-17 06:43:26.382 | INFO     | __main__:run_forecasting:763 -   → Meat (goat)        ₦    5,710,011/MT  -0.06%
2026-09-17 06:43:26.382 | INFO     | __main__:run_forecasting:763 -   → Fish (dried)       ₦    1,547,126/MT  -0.05%
2026-09-17 06:43:26.382 | INFO     | __main__:run_forecasting:763 -   → Eggs               ₦        6,597/MT  -0.14%
2026-09-17 06:43:26.382 | INFO     | __main__:run_forecasting:763 -   ─────────────────────────────────────────────
2026-09-17 06:43:26.382 | INFO     | __main__:run_forecasting:763 -   Source: Agrolinking Intelligence Platform
2026-09-17 06:43:26.382 | INFO     | __main__:run_forecasting:763 -   Next update: 18 Sep 2026
2026-09-17 06:43:26.382 | INFO     | __main__:run_forecasting:767 - 
  Note: master append handled by 06_validate.py (corrected prices).
2026-09-17 06:43:26.388 | INFO     | __main__:run_forecasting:771 - 
======================================================================
2026-09-17 06:43:26.388 | INFO     | __main__:run_forecasting:772 -   FORECAST SUMMARY — ALL COMMODITIES
2026-09-17 06:43:26.389 | INFO     | __main__:run_forecasting:773 - ======================================================================
2026-09-17 06:43:26.389 | INFO     | __main__:run_forecasting:774 -   Commodity                     Today         1 Week        1 Month       3 Months       6 Months
2026-09-17 06:43:26.391 | INFO     | __main__:run_forecasting:779 -   ----------------------------------------------------------------------------------
2026-09-17 06:43:26.391 | INFO     | __main__:run_forecasting:792 -   Hibiscus             ₦   2,537,820  ₦   2,464,737  ₦   2,213,208  ₦   2,217,754  ₦   2,220,408
2026-09-17 06:43:26.393 | INFO     | __main__:run_forecasting:792 -   Sesame               ₦   1,463,373  ₦   1,423,608  ₦   1,274,349  ₦   1,270,278  ₦   1,291,667
2026-09-17 06:43:26.393 | INFO     | __main__:run_forecasting:792 -   Ginger               ₦   9,196,723  ₦   9,177,063  ₦   9,104,619  ₦   8,987,297  ₦   8,821,071
2026-09-17 06:43:26.393 | INFO     | __main__:run_forecasting:792 -   Cocoa                ₦   4,852,774  ₦   5,169,420  ₦   6,384,585  ₦   6,793,664  ₦   6,621,512
2026-09-17 06:43:26.393 | INFO     | __main__:run_forecasting:792 -   Soybeans             ₦     817,970  ₦     805,790  ₦     755,308  ₦     671,506  ₦     624,845
2026-09-17 06:43:26.396 | INFO     | __main__:run_forecasting:792 -   Cashew Nuts          ₦   1,889,673  ₦   1,827,711  ₦   1,613,576  ₦   1,737,461  ₦   1,765,691
2026-09-17 06:43:26.396 | INFO     | __main__:run_forecasting:792 -   Sorghum              ₦     339,541  ₦     312,788  ₦     215,434  ₦     201,783  ₦     202,864
2026-09-17 06:43:26.398 | INFO     | __main__:run_forecasting:792 -   Beans (white)        ₦     994,877  ₦     964,140  ₦     846,313  ₦     621,267  ₦     581,187
2026-09-17 06:43:26.400 | INFO     | __main__:run_forecasting:792 -   Beans (red)          ₦     996,248  ₦     973,732  ₦     887,425  ₦     748,182  ₦     752,616
2026-09-17 06:43:26.401 | INFO     | __main__:run_forecasting:792 -   Maize (white)        ₦     635,829  ₦     603,957  ₦     481,778  ₦     343,503  ₦     356,544
2026-09-17 06:43:26.401 | INFO     | __main__:run_forecasting:792 -   Maize (yellow)       ₦     685,374  ₦     651,775  ₦     522,977  ₦     376,298  ₦     392,511
2026-09-17 06:43:26.402 | INFO     | __main__:run_forecasting:792 -   Wheat                ₦     706,608  ₦     705,254  ₦     700,064  ₦     686,524  ₦     662,990
2026-09-17 06:43:26.402 | INFO     | __main__:run_forecasting:792 -   Rice                 ₦   1,900,575  ₦   1,878,102  ₦   1,791,955  ₦   1,656,976  ₦   1,749,517
2026-09-17 06:43:26.404 | INFO     | __main__:run_forecasting:792 -   Meat (beef)          ₦   5,755,222  ₦   5,755,272  ₦   5,755,463  ₦   5,709,039  ₦   6,121,092
2026-09-17 06:43:26.404 | INFO     | __main__:run_forecasting:792 -   Meat (goat)          ₦   5,710,011  ₦   5,689,012  ₦   5,608,518  ₦   5,459,613  ₦   5,893,904
2026-09-17 06:43:26.404 | INFO     | __main__:run_forecasting:792 -   Fish (dried)         ₦   1,547,126  ₦   1,542,513  ₦   1,524,829  ₦   1,036,849  ₦   1,084,158
2026-09-17 06:43:26.404 | INFO     | __main__:run_forecasting:792 -   Eggs                 ₦       6,597  ₦       6,541  ₦       6,324  ₦       5,840  ₦       6,090
2026-09-17 06:43:26.409 | INFO     | __main__:run_forecasting:801 - ======================================================================
2026-09-17 06:43:26.409 | SUCCESS  | __main__:run_forecasting:802 - FORECASTING COMPLETE — 17/17 commodities
2026-09-17 06:43:26.411 | INFO     | __main__:run_forecasting:806 - ======================================================================
2026-09-17 11:15:11.487 | INFO     | __main__:run_forecasting:715 - ============================================================
2026-09-17 11:15:11.497 | INFO     | __main__:run_forecasting:716 - STEP 5 — FORECASTING ENGINE
2026-09-17 11:15:11.499 | INFO     | __main__:run_forecasting:717 -   Run date  : Thursday, 17 September 2026
2026-09-17 11:15:11.504 | INFO     | __main__:run_forecasting:718 -   Commodities: 17
2026-09-17 11:15:11.506 | INFO     | __main__:run_forecasting:719 -   Horizons  : ['daily', 'weekly', '2_weeks', 'monthly', '3_months', '6_months']
2026-09-17 11:15:11.507 | INFO     | __main__:run_forecasting:720 - ============================================================
2026-09-17 11:15:11.509 | INFO     | __main__:run_forecasting:723 - 
[1/17] Forecasting Hibiscus...
2026-09-17 11:16:29.402 | DEBUG    | __main__:forecast_commodity:605 -   [Hibiscus] 3/3 models generated forecasts
2026-09-17 11:16:29.646 | INFO     | __main__:run_forecasting:733 -   daily        → ₦    2,537,820/MT  ↓ -0.5%  (2026-08-25)
2026-09-17 11:16:29.659 | INFO     | __main__:run_forecasting:733 -   weekly       → ₦    2,464,737/MT  ↓ -3.3%  (2026-08-31)
2026-09-17 11:16:29.674 | INFO     | __main__:run_forecasting:733 -   2_weeks      → ₦    2,379,474/MT  ↓ -6.7%  (2026-09-07)
2026-09-17 11:16:29.720 | INFO     | __main__:run_forecasting:733 -   monthly      → ₦    2,213,208/MT  ↓ -13.2%  (2026-09-23)
2026-09-17 11:16:29.721 | INFO     | __main__:run_forecasting:733 -   3_months     → ₦    2,217,754/MT  ↓ -13.0%  (2026-11-22)
2026-09-17 11:16:29.729 | INFO     | __main__:run_forecasting:733 -   6_months     → ₦    2,220,408/MT  ↓ -12.9%  (2027-02-20)
2026-09-17 11:16:29.737 | INFO     | __main__:run_forecasting:739 -   ✅ Hibiscus
2026-09-17 11:16:29.755 | INFO     | __main__:run_forecasting:723 - 
[2/17] Forecasting Sesame...
2026-09-17 11:16:33.737 | DEBUG    | __main__:forecast_commodity:605 -   [Sesame] 3/3 models generated forecasts
2026-09-17 11:16:33.799 | INFO     | __main__:run_forecasting:733 -   daily        → ₦    1,463,373/MT  ↓ -0.5%  (2026-08-25)
2026-09-17 11:16:33.802 | INFO     | __main__:run_forecasting:733 -   weekly       → ₦    1,423,608/MT  ↓ -3.2%  (2026-08-31)
2026-09-17 11:16:33.805 | INFO     | __main__:run_forecasting:733 -   2_weeks      → ₦    1,377,217/MT  ↓ -6.3%  (2026-09-07)
2026-09-17 11:16:33.811 | INFO     | __main__:run_forecasting:733 -   monthly      → ₦    1,274,349/MT  ↓ -13.3%  (2026-09-23)
2026-09-17 11:16:33.825 | INFO     | __main__:run_forecasting:733 -   3_months     → ₦    1,270,278/MT  ↓ -13.6%  (2026-11-22)
2026-09-17 11:16:33.836 | INFO     | __main__:run_forecasting:733 -   6_months     → ₦    1,291,667/MT  ↓ -12.1%  (2027-02-20)
2026-09-17 11:16:33.841 | INFO     | __main__:run_forecasting:739 -   ✅ Sesame
2026-09-17 11:16:33.845 | INFO     | __main__:run_forecasting:723 - 
[3/17] Forecasting Ginger...
2026-09-17 11:16:37.501 | DEBUG    | __main__:forecast_commodity:605 -   [Ginger] 3/3 models generated forecasts
2026-09-17 11:16:37.601 | INFO     | __main__:run_forecasting:733 -   daily        → ₦    9,196,723/MT  ↓ -0.0%  (2026-08-25)
2026-09-17 11:16:37.603 | INFO     | __main__:run_forecasting:733 -   weekly       → ₦    9,177,063/MT  ↓ -0.2%  (2026-08-31)
2026-09-17 11:16:37.605 | INFO     | __main__:run_forecasting:733 -   2_weeks      → ₦    9,154,125/MT  ↓ -0.5%  (2026-09-07)
2026-09-17 11:16:37.607 | INFO     | __main__:run_forecasting:733 -   monthly      → ₦    9,104,619/MT  ↓ -1.0%  (2026-09-23)
2026-09-17 11:16:37.610 | INFO     | __main__:run_forecasting:733 -   3_months     → ₦    8,987,297/MT  ↓ -2.3%  (2026-11-22)
2026-09-17 11:16:37.618 | INFO     | __main__:run_forecasting:733 -   6_months     → ₦    8,821,071/MT  ↓ -4.1%  (2027-02-20)
2026-09-17 11:16:37.619 | INFO     | __main__:run_forecasting:739 -   ✅ Ginger
2026-09-17 11:16:37.631 | INFO     | __main__:run_forecasting:723 - 
[4/17] Forecasting Cocoa...
2026-09-17 11:16:41.441 | DEBUG    | __main__:forecast_commodity:605 -   [Cocoa] 3/3 models generated forecasts
2026-09-17 11:16:41.502 | INFO     | __main__:run_forecasting:733 -   daily        → ₦    4,852,774/MT  ↑ +1.1%  (2026-08-25)
2026-09-17 11:16:41.510 | INFO     | __main__:run_forecasting:733 -   weekly       → ₦    5,169,420/MT  ↑ +7.7%  (2026-08-31)
2026-09-17 11:16:41.516 | INFO     | __main__:run_forecasting:733 -   2_weeks      → ₦    5,538,840/MT  ↑ +15.4%  (2026-09-07)
2026-09-17 11:16:41.538 | INFO     | __main__:run_forecasting:733 -   monthly      → ₦    6,384,585/MT  ↑ +33.0%  (2026-09-23)
2026-09-17 11:16:41.540 | INFO     | __main__:run_forecasting:733 -   3_months     → ₦    6,793,664/MT  ↑ +41.5%  (2026-11-22)
2026-09-17 11:16:41.550 | INFO     | __main__:run_forecasting:733 -   6_months     → ₦    6,621,512/MT  ↑ +38.0%  (2027-02-20)
2026-09-17 11:16:41.553 | INFO     | __main__:run_forecasting:739 -   ✅ Cocoa
2026-09-17 11:16:41.555 | INFO     | __main__:run_forecasting:723 - 
[5/17] Forecasting Soybeans...
2026-09-17 11:16:45.053 | DEBUG    | __main__:forecast_commodity:605 -   [Soybeans] 3/3 models generated forecasts
2026-09-17 11:16:45.118 | INFO     | __main__:run_forecasting:733 -   daily        → ₦      817,970/MT  ↓ -0.2%  (2026-08-25)
2026-09-17 11:16:45.120 | INFO     | __main__:run_forecasting:733 -   weekly       → ₦      805,790/MT  ↓ -1.7%  (2026-08-31)
2026-09-17 11:16:45.121 | INFO     | __main__:run_forecasting:733 -   2_weeks      → ₦      791,580/MT  ↓ -3.5%  (2026-09-07)
2026-09-17 11:16:45.122 | INFO     | __main__:run_forecasting:733 -   monthly      → ₦      755,308/MT  ↓ -7.9%  (2026-09-23)
2026-09-17 11:16:45.123 | INFO     | __main__:run_forecasting:733 -   3_months     → ₦      671,506/MT  ↓ -18.1%  (2026-11-22)
2026-09-17 11:16:45.124 | INFO     | __main__:run_forecasting:733 -   6_months     → ₦      624,845/MT  ↓ -23.8%  (2027-02-20)
2026-09-17 11:16:45.132 | INFO     | __main__:run_forecasting:739 -   ✅ Soybeans
2026-09-17 11:16:45.136 | INFO     | __main__:run_forecasting:723 - 
[6/17] Forecasting Cashew Nuts...
2026-09-17 11:16:48.518 | DEBUG    | __main__:forecast_commodity:605 -   [Cashew Nuts] 3/3 models generated forecasts
2026-09-17 11:16:48.580 | INFO     | __main__:run_forecasting:733 -   daily        → ₦    1,889,673/MT  ↓ -0.5%  (2026-08-25)
2026-09-17 11:16:48.581 | INFO     | __main__:run_forecasting:733 -   weekly       → ₦    1,827,711/MT  ↓ -3.8%  (2026-08-31)
2026-09-17 11:16:48.583 | INFO     | __main__:run_forecasting:733 -   2_weeks      → ₦    1,755,422/MT  ↓ -7.6%  (2026-09-07)
2026-09-17 11:16:48.584 | INFO     | __main__:run_forecasting:733 -   monthly      → ₦    1,613,576/MT  ↓ -15.1%  (2026-09-23)
2026-09-17 11:16:48.585 | INFO     | __main__:run_forecasting:733 -   3_months     → ₦    1,737,461/MT  ↓ -8.6%  (2026-11-22)
2026-09-17 11:16:48.585 | INFO     | __main__:run_forecasting:733 -   6_months     → ₦    1,765,691/MT  ↓ -7.1%  (2027-02-20)
2026-09-17 11:16:48.587 | INFO     | __main__:run_forecasting:739 -   ✅ Cashew Nuts
2026-09-17 11:16:48.595 | INFO     | __main__:run_forecasting:723 - 
[7/17] Forecasting Sorghum...
2026-09-17 11:16:52.421 | DEBUG    | __main__:forecast_commodity:605 -   [Sorghum] 3/3 models generated forecasts
2026-09-17 11:16:52.727 | INFO     | __main__:run_forecasting:733 -   daily        → ₦      339,541/MT  ↓ -1.3%  (2026-08-25)
2026-09-17 11:16:52.783 | INFO     | __main__:run_forecasting:733 -   weekly       → ₦      312,788/MT  ↓ -9.1%  (2026-08-31)
2026-09-17 11:16:52.852 | INFO     | __main__:run_forecasting:733 -   2_weeks      → ₦      281,576/MT  ↓ -18.1%  (2026-09-07)
2026-09-17 11:16:52.940 | INFO     | __main__:run_forecasting:733 -   monthly      → ₦      215,434/MT  ↓ -37.4%  (2026-09-23)
2026-09-17 11:16:53.025 | INFO     | __main__:run_forecasting:733 -   3_months     → ₦      201,783/MT  ↓ -41.3%  (2026-11-22)
2026-09-17 11:16:53.065 | INFO     | __main__:run_forecasting:733 -   6_months     → ₦      202,864/MT  ↓ -41.0%  (2027-02-20)
2026-09-17 11:16:53.106 | INFO     | __main__:run_forecasting:739 -   ✅ Sorghum
2026-09-17 11:16:53.125 | INFO     | __main__:run_forecasting:723 - 
[8/17] Forecasting Beans (white)...
2026-09-17 11:16:59.384 | DEBUG    | __main__:forecast_commodity:605 -   [Beans (white)] 3/3 models generated forecasts
2026-09-17 11:16:59.443 | INFO     | __main__:run_forecasting:733 -   daily        → ₦      994,877/MT  ↓ -0.5%  (2026-07-14)
2026-09-17 11:16:59.465 | INFO     | __main__:run_forecasting:733 -   weekly       → ₦      964,140/MT  ↓ -3.6%  (2026-07-20)
2026-09-17 11:16:59.485 | INFO     | __main__:run_forecasting:733 -   2_weeks      → ₦      928,279/MT  ↓ -7.2%  (2026-07-27)
2026-09-17 11:16:59.501 | INFO     | __main__:run_forecasting:733 -   monthly      → ₦      846,313/MT  ↓ -15.4%  (2026-08-12)
2026-09-17 11:16:59.526 | INFO     | __main__:run_forecasting:733 -   3_months     → ₦      621,267/MT  ↓ -37.9%  (2026-10-11)
2026-09-17 11:16:59.552 | INFO     | __main__:run_forecasting:733 -   6_months     → ₦      581,187/MT  ↓ -41.9%  (2027-01-09)
2026-09-17 11:16:59.562 | INFO     | __main__:run_forecasting:739 -   ✅ Beans (white)
2026-09-17 11:16:59.574 | INFO     | __main__:run_forecasting:723 - 
[9/17] Forecasting Beans (red)...
2026-09-17 11:17:03.420 | DEBUG    | __main__:forecast_commodity:605 -   [Beans (red)] 3/3 models generated forecasts
2026-09-17 11:17:03.487 | INFO     | __main__:run_forecasting:733 -   daily        → ₦      996,248/MT  ↓ -0.4%  (2026-07-14)
2026-09-17 11:17:03.495 | INFO     | __main__:run_forecasting:733 -   weekly       → ₦      973,732/MT  ↓ -2.6%  (2026-07-20)
2026-09-17 11:17:03.502 | INFO     | __main__:run_forecasting:733 -   2_weeks      → ₦      947,465/MT  ↓ -5.2%  (2026-07-27)
2026-09-17 11:17:03.503 | INFO     | __main__:run_forecasting:733 -   monthly      → ₦      887,425/MT  ↓ -11.3%  (2026-08-12)
2026-09-17 11:17:03.504 | INFO     | __main__:run_forecasting:733 -   3_months     → ₦      748,182/MT  ↓ -25.2%  (2026-10-11)
2026-09-17 11:17:03.509 | INFO     | __main__:run_forecasting:733 -   6_months     → ₦      752,616/MT  ↓ -24.7%  (2027-01-09)
2026-09-17 11:17:03.516 | INFO     | __main__:run_forecasting:739 -   ✅ Beans (red)
2026-09-17 11:17:03.517 | INFO     | __main__:run_forecasting:723 - 
[10/17] Forecasting Maize (white)...
2026-09-17 11:17:07.444 | DEBUG    | __main__:forecast_commodity:605 -   [Maize (white)] 3/3 models generated forecasts
2026-09-17 11:17:07.508 | INFO     | __main__:run_forecasting:733 -   daily        → ₦      635,829/MT  ↓ -0.8%  (2026-07-28)
2026-09-17 11:17:07.513 | INFO     | __main__:run_forecasting:733 -   weekly       → ₦      603,957/MT  ↓ -5.8%  (2026-08-03)
2026-09-17 11:17:07.520 | INFO     | __main__:run_forecasting:733 -   2_weeks      → ₦      566,772/MT  ↓ -11.6%  (2026-08-10)
2026-09-17 11:17:07.521 | INFO     | __main__:run_forecasting:733 -   monthly      → ₦      481,778/MT  ↓ -24.9%  (2026-08-26)
2026-09-17 11:17:07.522 | INFO     | __main__:run_forecasting:733 -   3_months     → ₦      343,503/MT  ↓ -46.4%  (2026-10-25)
2026-09-17 11:17:07.523 | INFO     | __main__:run_forecasting:733 -   6_months     → ₦      356,544/MT  ↓ -44.4%  (2027-01-23)
2026-09-17 11:17:07.524 | INFO     | __main__:run_forecasting:739 -   ✅ Maize (white)
2026-09-17 11:17:07.537 | INFO     | __main__:run_forecasting:723 - 
[11/17] Forecasting Maize (yellow)...
2026-09-17 11:17:11.743 | DEBUG    | __main__:forecast_commodity:605 -   [Maize (yellow)] 3/3 models generated forecasts
2026-09-17 11:17:11.807 | INFO     | __main__:run_forecasting:733 -   daily        → ₦      685,374/MT  ↓ -0.8%  (2026-07-28)
2026-09-17 11:17:11.838 | INFO     | __main__:run_forecasting:733 -   weekly       → ₦      651,775/MT  ↓ -5.7%  (2026-08-03)
2026-09-17 11:17:11.851 | INFO     | __main__:run_forecasting:733 -   2_weeks      → ₦      612,575/MT  ↓ -11.3%  (2026-08-10)
2026-09-17 11:17:11.867 | INFO     | __main__:run_forecasting:733 -   monthly      → ₦      522,977/MT  ↓ -24.3%  (2026-08-26)
2026-09-17 11:17:11.906 | INFO     | __main__:run_forecasting:733 -   3_months     → ₦      376,298/MT  ↓ -45.5%  (2026-10-25)
2026-09-17 11:17:11.922 | INFO     | __main__:run_forecasting:733 -   6_months     → ₦      392,511/MT  ↓ -43.2%  (2027-01-23)
2026-09-17 11:17:11.941 | INFO     | __main__:run_forecasting:739 -   ✅ Maize (yellow)
2026-09-17 11:17:11.976 | INFO     | __main__:run_forecasting:723 - 
[12/17] Forecasting Wheat...
2026-09-17 11:17:15.496 | DEBUG    | __main__:forecast_commodity:605 -   [Wheat] 3/3 models generated forecasts
2026-09-17 11:17:15.551 | INFO     | __main__:run_forecasting:733 -   daily        → ₦      706,608/MT  ↓ -0.0%  (2026-04-14)
2026-09-17 11:17:15.553 | INFO     | __main__:run_forecasting:733 -   weekly       → ₦      705,254/MT  ↓ -0.2%  (2026-04-20)
2026-09-17 11:17:15.554 | INFO     | __main__:run_forecasting:733 -   2_weeks      → ₦      703,674/MT  ↓ -0.5%  (2026-04-27)
2026-09-17 11:17:15.555 | INFO     | __main__:run_forecasting:733 -   monthly      → ₦      700,064/MT  ↓ -1.0%  (2026-05-13)
2026-09-17 11:17:15.556 | INFO     | __main__:run_forecasting:733 -   3_months     → ₦      686,524/MT  ↓ -2.9%  (2026-07-12)
2026-09-17 11:17:15.557 | INFO     | __main__:run_forecasting:733 -   6_months     → ₦      662,990/MT  ↓ -6.2%  (2026-10-10)
2026-09-17 11:17:15.558 | INFO     | __main__:run_forecasting:739 -   ✅ Wheat
2026-09-17 11:17:15.558 | INFO     | __main__:run_forecasting:723 - 
[13/17] Forecasting Rice...
2026-09-17 11:17:18.717 | DEBUG    | __main__:forecast_commodity:605 -   [Rice] 3/3 models generated forecasts
2026-09-17 11:17:18.778 | INFO     | __main__:run_forecasting:733 -   daily        → ₦    1,900,575/MT  ↓ -0.2%  (2026-07-28)
2026-09-17 11:17:18.789 | INFO     | __main__:run_forecasting:733 -   weekly       → ₦    1,878,102/MT  ↓ -1.4%  (2026-08-03)
2026-09-17 11:17:18.805 | INFO     | __main__:run_forecasting:733 -   2_weeks      → ₦    1,851,883/MT  ↓ -2.8%  (2026-08-10)
2026-09-17 11:17:18.808 | INFO     | __main__:run_forecasting:733 -   monthly      → ₦    1,791,955/MT  ↓ -5.9%  (2026-08-26)
2026-09-17 11:17:18.810 | INFO     | __main__:run_forecasting:733 -   3_months     → ₦    1,656,976/MT  ↓ -13.0%  (2026-10-25)
2026-09-17 11:17:18.813 | INFO     | __main__:run_forecasting:733 -   6_months     → ₦    1,749,517/MT  ↓ -8.1%  (2027-01-23)
2026-09-17 11:17:18.820 | INFO     | __main__:run_forecasting:739 -   ✅ Rice
2026-09-17 11:17:18.823 | INFO     | __main__:run_forecasting:723 - 
[14/17] Forecasting Meat (beef)...
2026-09-17 11:17:21.937 | DEBUG    | __main__:forecast_commodity:605 -   [Meat (beef)] 3/3 models generated forecasts
2026-09-17 11:17:21.995 | INFO     | __main__:run_forecasting:733 -   daily        → ₦    5,765,519/MT  ↑ +0.2%  (2026-07-28)
2026-09-17 11:17:22.003 | INFO     | __main__:run_forecasting:733 -   weekly       → ₦    5,827,349/MT  ↑ +1.2%  (2026-08-03)
2026-09-17 11:17:22.015 | INFO     | __main__:run_forecasting:733 -   2_weeks      → ₦    5,899,484/MT  ↑ +2.5%  (2026-08-10)
2026-09-17 11:17:22.018 | INFO     | __main__:run_forecasting:733 -   monthly      → ₦    6,064,364/MT  ↑ +5.4%  (2026-08-26)
2026-09-17 11:17:22.019 | INFO     | __main__:run_forecasting:733 -   3_months     → ₦    6,318,172/MT  ↑ +9.8%  (2026-10-25)
2026-09-17 11:17:22.020 | INFO     | __main__:run_forecasting:733 -   6_months     → ₦    6,845,770/MT  ↑ +18.9%  (2027-01-23)
2026-09-17 11:17:22.025 | INFO     | __main__:run_forecasting:739 -   ✅ Meat (beef)
2026-09-17 11:17:22.028 | INFO     | __main__:run_forecasting:723 - 
[15/17] Forecasting Meat (goat)...
2026-09-17 11:17:25.318 | DEBUG    | __main__:forecast_commodity:605 -   [Meat (goat)] 3/3 models generated forecasts
2026-09-17 11:17:25.385 | INFO     | __main__:run_forecasting:733 -   daily        → ₦    5,716,869/MT  ↑ +0.1%  (2026-07-28)
2026-09-17 11:17:25.386 | INFO     | __main__:run_forecasting:733 -   weekly       → ₦    5,737,020/MT  ↑ +0.4%  (2026-08-03)
2026-09-17 11:17:25.387 | INFO     | __main__:run_forecasting:733 -   2_weeks      → ₦    5,760,531/MT  ↑ +0.8%  (2026-08-10)
2026-09-17 11:17:25.388 | INFO     | __main__:run_forecasting:733 -   monthly      → ₦    5,814,268/MT  ↑ +1.8%  (2026-08-26)
2026-09-17 11:17:25.388 | INFO     | __main__:run_forecasting:733 -   3_months     → ₦    5,894,494/MT  ↑ +3.2%  (2026-10-25)
2026-09-17 11:17:25.389 | INFO     | __main__:run_forecasting:733 -   6_months     → ₦    6,420,628/MT  ↑ +12.4%  (2027-01-23)
2026-09-17 11:17:25.390 | INFO     | __main__:run_forecasting:739 -   ✅ Meat (goat)
2026-09-17 11:17:25.390 | INFO     | __main__:run_forecasting:723 - 
[16/17] Forecasting Fish (dried)...
2026-09-17 11:17:29.215 | DEBUG    | __main__:forecast_commodity:605 -   [Fish (dried)] 3/3 models generated forecasts
2026-09-17 11:17:29.279 | INFO     | __main__:run_forecasting:733 -   daily        → ₦    1,542,240/MT  ↓ -0.4%  (2026-07-28)
2026-09-17 11:17:29.281 | INFO     | __main__:run_forecasting:733 -   weekly       → ₦    1,508,310/MT  ↓ -2.6%  (2026-08-03)
2026-09-17 11:17:29.281 | INFO     | __main__:run_forecasting:733 -   2_weeks      → ₦    1,468,724/MT  ↓ -5.1%  (2026-08-10)
2026-09-17 11:17:29.283 | INFO     | __main__:run_forecasting:733 -   monthly      → ₦    1,378,243/MT  ↓ -11.0%  (2026-08-26)
2026-09-17 11:17:29.288 | INFO     | __main__:run_forecasting:733 -   3_months     → ₦      953,639/MT  ↓ -38.4%  (2026-10-25)
2026-09-17 11:17:29.289 | INFO     | __main__:run_forecasting:733 -   6_months     → ₦    1,054,986/MT  ↓ -31.8%  (2027-01-23)
2026-09-17 11:17:29.294 | INFO     | __main__:run_forecasting:739 -   ✅ Fish (dried)
2026-09-17 11:17:29.295 | INFO     | __main__:run_forecasting:723 - 
[17/17] Forecasting Eggs...
2026-09-17 11:17:32.352 | DEBUG    | __main__:forecast_commodity:605 -   [Eggs] 3/3 models generated forecasts
2026-09-17 11:17:32.416 | INFO     | __main__:run_forecasting:733 -   daily        → ₦        6,597/MT  ↓ -0.1%  (2026-07-28)
2026-09-17 11:17:32.420 | INFO     | __main__:run_forecasting:733 -   weekly       → ₦        6,535/MT  ↓ -1.1%  (2026-08-03)
2026-09-17 11:17:32.422 | INFO     | __main__:run_forecasting:733 -   2_weeks      → ₦        6,464/MT  ↓ -2.2%  (2026-08-10)
2026-09-17 11:17:32.423 | INFO     | __main__:run_forecasting:733 -   monthly      → ₦        6,300/MT  ↓ -4.6%  (2026-08-26)
2026-09-17 11:17:32.431 | INFO     | __main__:run_forecasting:733 -   3_months     → ₦        5,651/MT  ↓ -14.5%  (2026-10-25)
2026-09-17 11:17:32.441 | INFO     | __main__:run_forecasting:733 -   6_months     → ₦        5,943/MT  ↓ -10.1%  (2027-01-23)
2026-09-17 11:17:32.441 | INFO     | __main__:run_forecasting:739 -   ✅ Eggs
2026-09-17 11:17:34.610 | INFO     | __main__:run_forecasting:748 - 
  Forecast JSON saved → C:\Users\USER\Downloads\agrolinking-intel-structure\agrolinking-intel\outputs\forecasts\forecast_2026-09-17.json
2026-09-17 11:17:34.620 | INFO     | __main__:run_forecasting:756 -   Daily alert saved → C:\Users\USER\Downloads\agrolinking-intel-structure\agrolinking-intel\outputs\daily_alerts\alert_2026-09-17.txt
2026-09-17 11:17:34.621 | INFO     | __main__:run_forecasting:759 - 
============================================================
2026-09-17 11:17:34.621 | INFO     | __main__:run_forecasting:760 -   DAILY PRICE ALERT
2026-09-17 11:17:34.623 | INFO     | __main__:run_forecasting:761 - ============================================================
2026-09-17 11:17:34.628 | INFO     | __main__:run_forecasting:763 -   📊 AGROLINKING COMMODITY INTELLIGENCE ALERT
2026-09-17 11:17:34.631 | INFO     | __main__:run_forecasting:763 -   📅 Thursday, 17 September 2026
2026-09-17 11:17:34.638 | INFO     | __main__:run_forecasting:763 -   ─────────────────────────────────────────────
2026-09-17 11:17:34.645 | INFO     | __main__:run_forecasting:763 -   → Hibiscus           ₦    2,537,820/MT  -0.48%
2026-09-17 11:17:34.651 | INFO     | __main__:run_forecasting:763 -   → Sesame             ₦    1,463,373/MT  -0.45%
2026-09-17 11:17:34.748 | INFO     | __main__:run_forecasting:763 -   → Ginger             ₦    9,196,723/MT  -0.04%
2026-09-17 11:17:34.858 | INFO     | __main__:run_forecasting:763 -   ▲ Cocoa              ₦    4,852,774/MT  +1.10%
2026-09-17 11:17:34.923 | INFO     | __main__:run_forecasting:763 -   → Soybeans           ₦      817,970/MT  -0.25%
2026-09-17 11:17:34.940 | INFO     | __main__:run_forecasting:763 -   ▼ Cashew Nuts        ₦    1,889,673/MT  -0.54%
2026-09-17 11:17:34.948 | INFO     | __main__:run_forecasting:763 -   ▼ Sorghum            ₦      339,541/MT  -1.30%
2026-09-17 11:17:34.950 | INFO     | __main__:run_forecasting:763 -   ▼ Beans (white)      ₦      994,877/MT  -0.51%
2026-09-17 11:17:34.959 | INFO     | __main__:run_forecasting:763 -   → Beans (red)        ₦      996,248/MT  -0.38%
2026-09-17 11:17:34.964 | INFO     | __main__:run_forecasting:763 -   ▼ Maize (white)      ₦      635,829/MT  -0.83%
2026-09-17 11:17:35.008 | INFO     | __main__:run_forecasting:763 -   ▼ Maize (yellow)     ₦      685,374/MT  -0.81%
2026-09-17 11:17:35.023 | INFO     | __main__:run_forecasting:763 -   → Wheat              ₦      706,608/MT  -0.03%
2026-09-17 11:17:35.047 | INFO     | __main__:run_forecasting:763 -   → Rice               ₦    1,900,575/MT  -0.20%
2026-09-17 11:17:35.062 | INFO     | __main__:run_forecasting:763 -   → Meat (beef)        ₦    5,765,519/MT  +0.18%
2026-09-17 11:17:35.071 | INFO     | __main__:run_forecasting:763 -   → Meat (goat)        ₦    5,716,869/MT  +0.06%
2026-09-17 11:17:35.074 | INFO     | __main__:run_forecasting:763 -   → Fish (dried)       ₦    1,542,240/MT  -0.37%
2026-09-17 11:17:35.080 | INFO     | __main__:run_forecasting:763 -   → Eggs               ₦        6,597/MT  -0.15%
2026-09-17 11:17:35.092 | INFO     | __main__:run_forecasting:763 -   ─────────────────────────────────────────────
2026-09-17 11:17:35.100 | INFO     | __main__:run_forecasting:763 -   Source: Agrolinking Intelligence Platform
2026-09-17 11:17:35.107 | INFO     | __main__:run_forecasting:763 -   Next update: 18 Sep 2026
2026-09-17 11:17:35.111 | INFO     | __main__:run_forecasting:767 - 
  Note: master append handled by 06_validate.py (corrected prices).
2026-09-17 11:17:35.119 | INFO     | __main__:run_forecasting:771 - 
======================================================================
2026-09-17 11:17:35.127 | INFO     | __main__:run_forecasting:772 -   FORECAST SUMMARY — ALL COMMODITIES
2026-09-17 11:17:35.184 | INFO     | __main__:run_forecasting:773 - ======================================================================
2026-09-17 11:17:35.274 | INFO     | __main__:run_forecasting:774 -   Commodity                     Today         1 Week        1 Month       3 Months       6 Months
2026-09-17 11:17:35.304 | INFO     | __main__:run_forecasting:779 -   ----------------------------------------------------------------------------------
2026-09-17 11:17:35.317 | INFO     | __main__:run_forecasting:792 -   Hibiscus             ₦   2,537,820  ₦   2,464,737  ₦   2,213,208  ₦   2,217,754  ₦   2,220,408
2026-09-17 11:17:35.342 | INFO     | __main__:run_forecasting:792 -   Sesame               ₦   1,463,373  ₦   1,423,608  ₦   1,274,349  ₦   1,270,278  ₦   1,291,667
2026-09-17 11:17:35.365 | INFO     | __main__:run_forecasting:792 -   Ginger               ₦   9,196,723  ₦   9,177,063  ₦   9,104,619  ₦   8,987,297  ₦   8,821,071
2026-09-17 11:17:35.368 | INFO     | __main__:run_forecasting:792 -   Cocoa                ₦   4,852,774  ₦   5,169,420  ₦   6,384,585  ₦   6,793,664  ₦   6,621,512
2026-09-17 11:17:35.375 | INFO     | __main__:run_forecasting:792 -   Soybeans             ₦     817,970  ₦     805,790  ₦     755,308  ₦     671,506  ₦     624,845
2026-09-17 11:17:35.377 | INFO     | __main__:run_forecasting:792 -   Cashew Nuts          ₦   1,889,673  ₦   1,827,711  ₦   1,613,576  ₦   1,737,461  ₦   1,765,691
2026-09-17 11:17:35.386 | INFO     | __main__:run_forecasting:792 -   Sorghum              ₦     339,541  ₦     312,788  ₦     215,434  ₦     201,783  ₦     202,864
2026-09-17 11:17:35.388 | INFO     | __main__:run_forecasting:792 -   Beans (white)        ₦     994,877  ₦     964,140  ₦     846,313  ₦     621,267  ₦     581,187
2026-09-17 11:17:35.389 | INFO     | __main__:run_forecasting:792 -   Beans (red)          ₦     996,248  ₦     973,732  ₦     887,425  ₦     748,182  ₦     752,616
2026-09-17 11:17:35.390 | INFO     | __main__:run_forecasting:792 -   Maize (white)        ₦     635,829  ₦     603,957  ₦     481,778  ₦     343,503  ₦     356,544
2026-09-17 11:17:35.397 | INFO     | __main__:run_forecasting:792 -   Maize (yellow)       ₦     685,374  ₦     651,775  ₦     522,977  ₦     376,298  ₦     392,511
2026-09-17 11:17:35.404 | INFO     | __main__:run_forecasting:792 -   Wheat                ₦     706,608  ₦     705,254  ₦     700,064  ₦     686,524  ₦     662,990
2026-09-17 11:17:35.408 | INFO     | __main__:run_forecasting:792 -   Rice                 ₦   1,900,575  ₦   1,878,102  ₦   1,791,955  ₦   1,656,976  ₦   1,749,517
2026-09-17 11:17:35.411 | INFO     | __main__:run_forecasting:792 -   Meat (beef)          ₦   5,765,519  ₦   5,827,349  ₦   6,064,364  ₦   6,318,172  ₦   6,845,770
2026-09-17 11:17:35.431 | INFO     | __main__:run_forecasting:792 -   Meat (goat)          ₦   5,716,869  ₦   5,737,020  ₦   5,814,268  ₦   5,894,494  ₦   6,420,628
2026-09-17 11:17:35.438 | INFO     | __main__:run_forecasting:792 -   Fish (dried)         ₦   1,542,240  ₦   1,508,310  ₦   1,378,243  ₦     953,639  ₦   1,054,986
2026-09-17 11:17:35.448 | INFO     | __main__:run_forecasting:792 -   Eggs                 ₦       6,597  ₦       6,535  ₦       6,300  ₦       5,651  ₦       5,943
2026-09-17 11:17:35.454 | INFO     | __main__:run_forecasting:801 - ======================================================================
2026-09-17 11:17:35.458 | SUCCESS  | __main__:run_forecasting:802 - FORECASTING COMPLETE — 17/17 commodities
2026-09-17 11:17:35.469 | INFO     | __main__:run_forecasting:806 - ======================================================================
