2026-04-26 14:47:55.890 | INFO     | __main__:run_forecasting:648 - ============================================================
2026-04-26 14:47:55.899 | INFO     | __main__:run_forecasting:649 - STEP 5 — FORECASTING ENGINE
2026-04-26 14:47:55.900 | INFO     | __main__:run_forecasting:650 -   Run date  : Sunday, 26 April 2026
2026-04-26 14:47:55.904 | INFO     | __main__:run_forecasting:651 -   Commodities: 12
2026-04-26 14:47:55.908 | INFO     | __main__:run_forecasting:652 -   Horizons  : ['daily', 'weekly', '2_weeks', 'monthly', '3_months', '6_months']
2026-04-26 14:47:55.908 | INFO     | __main__:run_forecasting:653 - ============================================================
2026-04-26 14:47:55.914 | INFO     | __main__:run_forecasting:656 - 
[1/12] Forecasting Hibiscus...
2026-04-26 14:48:40.616 | DEBUG    | __main__:forecast_commodity:565 -   [Hibiscus] 3/3 models generated forecasts
2026-04-26 14:48:40.626 | INFO     | __main__:run_forecasting:666 -   daily        → ₦    2,240,566/MT  ↓ -3.6%  (2026-04-27)
2026-04-26 14:48:40.627 | INFO     | __main__:run_forecasting:666 -   weekly       → ₦    2,240,566/MT  ↓ -3.6%  (2026-04-27)
2026-04-26 14:48:40.628 | INFO     | __main__:run_forecasting:666 -   2_weeks      → ₦    2,219,191/MT  ↓ -4.5%  (2026-05-04)
2026-04-26 14:48:40.630 | INFO     | __main__:run_forecasting:666 -   monthly      → ₦    2,224,562/MT  ↓ -4.3%  (2026-05-18)
2026-04-26 14:48:40.631 | INFO     | __main__:run_forecasting:666 -   3_months     → ₦    2,129,451/MT  ↓ -8.4%  (2026-07-20)
2026-04-26 14:48:40.632 | INFO     | __main__:run_forecasting:666 -   6_months     → ₦    2,139,581/MT  ↓ -8.0%  (2026-10-19)
2026-04-26 14:48:40.632 | INFO     | __main__:run_forecasting:672 -   ✅ Hibiscus
2026-04-26 14:48:40.635 | INFO     | __main__:run_forecasting:656 - 
[2/12] Forecasting Sesame...
2026-04-26 14:48:43.127 | DEBUG    | __main__:forecast_commodity:565 -   [Sesame] 3/3 models generated forecasts
2026-04-26 14:48:43.134 | INFO     | __main__:run_forecasting:666 -   daily        → ₦    1,281,835/MT  ↑ +3.0%  (2026-04-27)
2026-04-26 14:48:43.136 | INFO     | __main__:run_forecasting:666 -   weekly       → ₦    1,281,835/MT  ↑ +3.0%  (2026-04-27)
2026-04-26 14:48:43.136 | INFO     | __main__:run_forecasting:666 -   2_weeks      → ₦    1,245,678/MT  ↑ +0.1%  (2026-05-04)
2026-04-26 14:48:43.136 | INFO     | __main__:run_forecasting:666 -   monthly      → ₦    1,244,720/MT  ↓ -0.0%  (2026-05-18)
2026-04-26 14:48:43.136 | INFO     | __main__:run_forecasting:666 -   3_months     → ₦    1,277,913/MT  ↑ +2.6%  (2026-07-20)
2026-04-26 14:48:43.140 | INFO     | __main__:run_forecasting:666 -   6_months     → ₦    1,260,155/MT  ↑ +1.2%  (2026-10-19)
2026-04-26 14:48:43.140 | INFO     | __main__:run_forecasting:672 -   ✅ Sesame
2026-04-26 14:48:43.140 | INFO     | __main__:run_forecasting:656 - 
[3/12] Forecasting Ginger...
2026-04-26 14:48:44.868 | DEBUG    | __main__:forecast_commodity:565 -   [Ginger] 3/3 models generated forecasts
2026-04-26 14:48:44.876 | INFO     | __main__:run_forecasting:666 -   daily        → ₦    9,559,033/MT  ↓ -1.4%  (2026-04-27)
2026-04-26 14:48:44.876 | INFO     | __main__:run_forecasting:666 -   weekly       → ₦    9,559,033/MT  ↓ -1.4%  (2026-04-27)
2026-04-26 14:48:44.878 | INFO     | __main__:run_forecasting:666 -   2_weeks      → ₦    9,526,129/MT  ↓ -1.8%  (2026-05-04)
2026-04-26 14:48:44.878 | INFO     | __main__:run_forecasting:666 -   monthly      → ₦    9,445,154/MT  ↓ -2.6%  (2026-05-18)
2026-04-26 14:48:44.879 | INFO     | __main__:run_forecasting:666 -   3_months     → ₦    9,075,392/MT  ↓ -6.4%  (2026-07-20)
2026-04-26 14:48:44.879 | INFO     | __main__:run_forecasting:666 -   6_months     → ₦    8,777,927/MT  ↓ -9.5%  (2026-10-19)
2026-04-26 14:48:44.880 | INFO     | __main__:run_forecasting:672 -   ✅ Ginger
2026-04-26 14:48:44.880 | INFO     | __main__:run_forecasting:656 - 
[4/12] Forecasting Cocoa...
2026-04-26 14:48:46.752 | DEBUG    | __main__:forecast_commodity:565 -   [Cocoa] 3/3 models generated forecasts
2026-04-26 14:48:46.760 | INFO     | __main__:run_forecasting:666 -   daily        → ₦    6,315,599/MT  ↑ +11.8%  (2026-04-27)
2026-04-26 14:48:46.762 | INFO     | __main__:run_forecasting:666 -   weekly       → ₦    6,315,599/MT  ↑ +11.8%  (2026-04-27)
2026-04-26 14:48:46.762 | INFO     | __main__:run_forecasting:666 -   2_weeks      → ₦    6,790,081/MT  ↑ +20.2%  (2026-05-04)
2026-04-26 14:48:46.767 | INFO     | __main__:run_forecasting:666 -   monthly      → ₦    6,978,274/MT  ↑ +23.5%  (2026-05-18)
2026-04-26 14:48:46.767 | INFO     | __main__:run_forecasting:666 -   3_months     → ₦    7,050,495/MT  ↑ +24.8%  (2026-07-20)
2026-04-26 14:48:46.769 | INFO     | __main__:run_forecasting:666 -   6_months     → ₦    7,001,452/MT  ↑ +23.9%  (2026-10-19)
2026-04-26 14:48:46.770 | INFO     | __main__:run_forecasting:672 -   ✅ Cocoa
2026-04-26 14:48:46.772 | INFO     | __main__:run_forecasting:656 - 
[5/12] Forecasting Soybeans...
2026-04-26 14:48:48.860 | DEBUG    | __main__:forecast_commodity:565 -   [Soybeans] 3/3 models generated forecasts
2026-04-26 14:48:48.870 | INFO     | __main__:run_forecasting:666 -   daily        → ₦      753,754/MT  ↑ +1.2%  (2026-04-27)
2026-04-26 14:48:48.870 | INFO     | __main__:run_forecasting:666 -   weekly       → ₦      753,754/MT  ↑ +1.2%  (2026-04-27)
2026-04-26 14:48:48.872 | INFO     | __main__:run_forecasting:666 -   2_weeks      → ₦      730,014/MT  ↓ -2.0%  (2026-05-04)
2026-04-26 14:48:48.872 | INFO     | __main__:run_forecasting:666 -   monthly      → ₦      693,944/MT  ↓ -6.8%  (2026-05-18)
2026-04-26 14:48:48.872 | INFO     | __main__:run_forecasting:666 -   3_months     → ₦      642,793/MT  ↓ -13.7%  (2026-07-20)
2026-04-26 14:48:48.874 | INFO     | __main__:run_forecasting:666 -   6_months     → ₦      617,232/MT  ↓ -17.1%  (2026-10-19)
2026-04-26 14:48:48.874 | INFO     | __main__:run_forecasting:672 -   ✅ Soybeans
2026-04-26 14:48:48.874 | INFO     | __main__:run_forecasting:656 - 
[6/12] Forecasting Cashew Nuts...
2026-04-26 14:48:51.058 | DEBUG    | __main__:forecast_commodity:565 -   [Cashew Nuts] 3/3 models generated forecasts
2026-04-26 14:48:51.067 | INFO     | __main__:run_forecasting:666 -   daily        → ₦    1,362,444/MT  ↓ -30.1%  (2026-04-27)
2026-04-26 14:48:51.067 | INFO     | __main__:run_forecasting:666 -   weekly       → ₦    1,362,444/MT  ↓ -30.1%  (2026-04-27)
2026-04-26 14:48:51.069 | INFO     | __main__:run_forecasting:666 -   2_weeks      → ₦    1,406,472/MT  ↓ -27.9%  (2026-05-04)
2026-04-26 14:48:51.069 | INFO     | __main__:run_forecasting:666 -   monthly      → ₦    1,470,608/MT  ↓ -24.6%  (2026-05-18)
2026-04-26 14:48:51.069 | INFO     | __main__:run_forecasting:666 -   3_months     → ₦    1,573,065/MT  ↓ -19.3%  (2026-07-20)
2026-04-26 14:48:51.069 | INFO     | __main__:run_forecasting:666 -   6_months     → ₦    1,793,515/MT  ↓ -8.0%  (2026-10-19)
2026-04-26 14:48:51.070 | INFO     | __main__:run_forecasting:672 -   ✅ Cashew Nuts
2026-04-26 14:48:51.070 | INFO     | __main__:run_forecasting:656 - 
[7/12] Forecasting Sorghum...
2026-04-26 14:48:53.900 | DEBUG    | __main__:forecast_commodity:565 -   [Sorghum] 3/3 models generated forecasts
2026-04-26 14:48:53.907 | INFO     | __main__:run_forecasting:666 -   daily        → ₦      369,076/MT  ↑ +10.2%  (2026-04-27)
2026-04-26 14:48:53.909 | INFO     | __main__:run_forecasting:666 -   weekly       → ₦      369,076/MT  ↑ +10.2%  (2026-04-27)
2026-04-26 14:48:53.910 | INFO     | __main__:run_forecasting:666 -   2_weeks      → ₦      352,217/MT  ↑ +5.1%  (2026-05-04)
2026-04-26 14:48:53.910 | INFO     | __main__:run_forecasting:666 -   monthly      → ₦      356,549/MT  ↑ +6.4%  (2026-05-18)
2026-04-26 14:48:53.910 | INFO     | __main__:run_forecasting:666 -   3_months     → ₦      375,650/MT  ↑ +12.1%  (2026-07-20)
2026-04-26 14:48:53.910 | INFO     | __main__:run_forecasting:666 -   6_months     → ₦      374,597/MT  ↑ +11.8%  (2026-10-19)
2026-04-26 14:48:53.912 | INFO     | __main__:run_forecasting:672 -   ✅ Sorghum
2026-04-26 14:48:53.912 | INFO     | __main__:run_forecasting:656 - 
[8/12] Forecasting Beans (white)...
2026-04-26 14:48:56.182 | DEBUG    | __main__:forecast_commodity:565 -   [Beans (white)] 3/3 models generated forecasts
2026-04-26 14:48:56.190 | INFO     | __main__:run_forecasting:666 -   daily        → ₦      667,049/MT  ↓ -18.0%  (2026-04-27)
2026-04-26 14:48:56.190 | INFO     | __main__:run_forecasting:666 -   weekly       → ₦      667,049/MT  ↓ -18.0%  (2026-04-27)
2026-04-26 14:48:56.192 | INFO     | __main__:run_forecasting:666 -   2_weeks      → ₦      656,384/MT  ↓ -19.3%  (2026-05-04)
2026-04-26 14:48:56.192 | INFO     | __main__:run_forecasting:666 -   monthly      → ₦      643,589/MT  ↓ -20.9%  (2026-05-18)
2026-04-26 14:48:56.192 | INFO     | __main__:run_forecasting:666 -   3_months     → ₦      621,060/MT  ↓ -23.6%  (2026-07-20)
2026-04-26 14:48:56.194 | INFO     | __main__:run_forecasting:666 -   6_months     → ₦      610,536/MT  ↓ -24.9%  (2026-10-19)
2026-04-26 14:48:56.194 | INFO     | __main__:run_forecasting:672 -   ✅ Beans (white)
2026-04-26 14:48:56.194 | INFO     | __main__:run_forecasting:656 - 
[9/12] Forecasting Beans (red)...
2026-04-26 14:48:57.820 | DEBUG    | __main__:forecast_commodity:565 -   [Beans (red)] 3/3 models generated forecasts
2026-04-26 14:48:57.826 | INFO     | __main__:run_forecasting:666 -   daily        → ₦      637,058/MT  ↓ -30.4%  (2026-04-27)
2026-04-26 14:48:57.828 | INFO     | __main__:run_forecasting:666 -   weekly       → ₦      637,058/MT  ↓ -30.4%  (2026-04-27)
2026-04-26 14:48:57.828 | INFO     | __main__:run_forecasting:666 -   2_weeks      → ₦      642,701/MT  ↓ -29.8%  (2026-05-04)
2026-04-26 14:48:57.829 | INFO     | __main__:run_forecasting:666 -   monthly      → ₦      641,392/MT  ↓ -29.9%  (2026-05-18)
2026-04-26 14:48:57.829 | INFO     | __main__:run_forecasting:666 -   3_months     → ₦      635,759/MT  ↓ -30.5%  (2026-07-20)
2026-04-26 14:48:57.830 | INFO     | __main__:run_forecasting:666 -   6_months     → ₦      626,532/MT  ↓ -31.5%  (2026-10-19)
2026-04-26 14:48:57.831 | INFO     | __main__:run_forecasting:672 -   ✅ Beans (red)
2026-04-26 14:48:57.831 | INFO     | __main__:run_forecasting:656 - 
[10/12] Forecasting Maize (white)...
2026-04-26 14:49:00.050 | DEBUG    | __main__:forecast_commodity:565 -   [Maize (white)] 3/3 models generated forecasts
2026-04-26 14:49:00.058 | INFO     | __main__:run_forecasting:666 -   daily        → ₦      344,104/MT  ↑ +63.1%  (2026-04-27)
2026-04-26 14:49:00.058 | INFO     | __main__:run_forecasting:666 -   weekly       → ₦      344,104/MT  ↑ +63.1%  (2026-04-27)
2026-04-26 14:49:00.059 | INFO     | __main__:run_forecasting:666 -   2_weeks      → ₦      343,117/MT  ↑ +62.6%  (2026-05-04)
2026-04-26 14:49:00.059 | INFO     | __main__:run_forecasting:666 -   monthly      → ₦      344,044/MT  ↑ +63.0%  (2026-05-18)
2026-04-26 14:49:00.060 | INFO     | __main__:run_forecasting:666 -   3_months     → ₦      353,078/MT  ↑ +67.3%  (2026-07-20)
2026-04-26 14:49:00.060 | INFO     | __main__:run_forecasting:666 -   6_months     → ₦      364,995/MT  ↑ +73.0%  (2026-10-19)
2026-04-26 14:49:00.060 | INFO     | __main__:run_forecasting:672 -   ✅ Maize (white)
2026-04-26 14:49:00.060 | INFO     | __main__:run_forecasting:656 - 
[11/12] Forecasting Maize (yellow)...
2026-04-26 14:49:02.174 | DEBUG    | __main__:forecast_commodity:565 -   [Maize (yellow)] 3/3 models generated forecasts
2026-04-26 14:49:02.182 | INFO     | __main__:run_forecasting:666 -   daily        → ₦      374,433/MT  ↑ +64.7%  (2026-04-27)
2026-04-26 14:49:02.182 | INFO     | __main__:run_forecasting:666 -   weekly       → ₦      374,433/MT  ↑ +64.7%  (2026-04-27)
2026-04-26 14:49:02.184 | INFO     | __main__:run_forecasting:666 -   2_weeks      → ₦      373,837/MT  ↑ +64.4%  (2026-05-04)
2026-04-26 14:49:02.184 | INFO     | __main__:run_forecasting:666 -   monthly      → ₦      375,522/MT  ↑ +65.1%  (2026-05-18)
2026-04-26 14:49:02.184 | INFO     | __main__:run_forecasting:666 -   3_months     → ₦      386,619/MT  ↑ +70.0%  (2026-07-20)
2026-04-26 14:49:02.184 | INFO     | __main__:run_forecasting:666 -   6_months     → ₦      397,594/MT  ↑ +74.8%  (2026-10-19)
2026-04-26 14:49:02.184 | INFO     | __main__:run_forecasting:672 -   ✅ Maize (yellow)
2026-04-26 14:49:02.186 | INFO     | __main__:run_forecasting:656 - 
[12/12] Forecasting Wheat...
2026-04-26 14:49:04.389 | DEBUG    | __main__:forecast_commodity:565 -   [Wheat] 3/3 models generated forecasts
2026-04-26 14:49:04.394 | INFO     | __main__:run_forecasting:666 -   daily        → ₦      535,817/MT  ↓ -24.2%  (2026-04-27)
2026-04-26 14:49:04.396 | INFO     | __main__:run_forecasting:666 -   weekly       → ₦      535,817/MT  ↓ -24.2%  (2026-04-27)
2026-04-26 14:49:04.396 | INFO     | __main__:run_forecasting:666 -   2_weeks      → ₦      477,020/MT  ↓ -32.5%  (2026-05-04)
2026-04-26 14:49:04.396 | INFO     | __main__:run_forecasting:666 -   monthly      → ₦      477,691/MT  ↓ -32.4%  (2026-05-18)
2026-04-26 14:49:04.396 | INFO     | __main__:run_forecasting:666 -   3_months     → ₦      478,811/MT  ↓ -32.3%  (2026-07-20)
2026-04-26 14:49:04.398 | INFO     | __main__:run_forecasting:666 -   6_months     → ₦      478,156/MT  ↓ -32.4%  (2026-10-19)
2026-04-26 14:49:04.398 | INFO     | __main__:run_forecasting:672 -   ✅ Wheat
2026-04-26 14:49:04.530 | INFO     | __main__:run_forecasting:681 - 
  Forecast JSON saved → c:\Users\USER\Downloads\agrolinking-intel-structure\agrolinking-intel\outputs\forecasts\forecast_2026-04-26.json
2026-04-26 14:49:04.533 | INFO     | __main__:run_forecasting:689 -   Daily alert saved → c:\Users\USER\Downloads\agrolinking-intel-structure\agrolinking-intel\outputs\daily_alerts\alert_2026-04-26.txt
2026-04-26 14:49:04.533 | INFO     | __main__:run_forecasting:692 - 
============================================================
2026-04-26 14:49:04.535 | INFO     | __main__:run_forecasting:693 -   DAILY PRICE ALERT
2026-04-26 14:49:04.535 | INFO     | __main__:run_forecasting:694 - ============================================================
2026-04-26 14:49:04.535 | INFO     | __main__:run_forecasting:696 -   📊 AGROLINKING COMMODITY INTELLIGENCE ALERT
2026-04-26 14:49:04.535 | INFO     | __main__:run_forecasting:696 -   📅 Sunday, 26 April 2026
2026-04-26 14:49:04.537 | INFO     | __main__:run_forecasting:696 -   ─────────────────────────────────────────────
2026-04-26 14:49:04.537 | INFO     | __main__:run_forecasting:696 -   ▼ Hibiscus           ₦    2,240,566/MT  -3.6%
2026-04-26 14:49:04.538 | INFO     | __main__:run_forecasting:696 -   ▲ Sesame             ₦    1,281,835/MT  ++3.0%
2026-04-26 14:49:04.538 | INFO     | __main__:run_forecasting:696 -   ▼ Ginger             ₦    9,559,033/MT  -1.5%
2026-04-26 14:49:04.539 | INFO     | __main__:run_forecasting:696 -   ▲ Cocoa              ₦    6,315,599/MT  ++11.8%
2026-04-26 14:49:04.539 | INFO     | __main__:run_forecasting:696 -   ▲ Soybeans           ₦      753,754/MT  ++1.2%
2026-04-26 14:49:04.540 | INFO     | __main__:run_forecasting:696 -   ▼ Cashew Nuts        ₦    1,362,444/MT  -30.1%
2026-04-26 14:49:04.540 | INFO     | __main__:run_forecasting:696 -   ▲ Sorghum            ₦      369,076/MT  ++10.2%
2026-04-26 14:49:04.541 | INFO     | __main__:run_forecasting:696 -   ▼ Beans (white)      ₦      667,049/MT  -18.0%
2026-04-26 14:49:04.542 | INFO     | __main__:run_forecasting:696 -   ▼ Beans (red)        ₦      637,058/MT  -30.4%
2026-04-26 14:49:04.542 | INFO     | __main__:run_forecasting:696 -   ▲ Maize (white)      ₦      344,104/MT  ++63.1%
2026-04-26 14:49:04.543 | INFO     | __main__:run_forecasting:696 -   ▲ Maize (yellow)     ₦      374,433/MT  ++64.7%
2026-04-26 14:49:04.543 | INFO     | __main__:run_forecasting:696 -   ▼ Wheat              ₦      535,817/MT  -24.2%
2026-04-26 14:49:04.543 | INFO     | __main__:run_forecasting:696 -   ─────────────────────────────────────────────
2026-04-26 14:49:04.543 | INFO     | __main__:run_forecasting:696 -   Source: Agrolinking Intelligence Platform
2026-04-26 14:49:04.543 | INFO     | __main__:run_forecasting:696 -   Next update: 27 Apr 2026
2026-04-26 14:49:04.545 | INFO     | __main__:run_forecasting:700 - 
  Note: master append handled by 06_validate.py (corrected prices).
2026-04-26 14:49:04.545 | INFO     | __main__:run_forecasting:704 - 
======================================================================
2026-04-26 14:49:04.545 | INFO     | __main__:run_forecasting:705 -   FORECAST SUMMARY — ALL COMMODITIES
2026-04-26 14:49:04.546 | INFO     | __main__:run_forecasting:706 - ======================================================================
2026-04-26 14:49:04.546 | INFO     | __main__:run_forecasting:707 -   Commodity                     Today         1 Week        1 Month       3 Months       6 Months
2026-04-26 14:49:04.546 | INFO     | __main__:run_forecasting:712 -   ----------------------------------------------------------------------------------
2026-04-26 14:49:04.546 | INFO     | __main__:run_forecasting:725 -   Hibiscus             ₦   2,240,566  ₦   2,240,566  ₦   2,224,562  ₦   2,129,451  ₦   2,139,581
2026-04-26 14:49:04.546 | INFO     | __main__:run_forecasting:725 -   Sesame               ₦   1,281,835  ₦   1,281,835  ₦   1,244,720  ₦   1,277,913  ₦   1,260,155
2026-04-26 14:49:04.546 | INFO     | __main__:run_forecasting:725 -   Ginger               ₦   9,559,033  ₦   9,559,033  ₦   9,445,154  ₦   9,075,392  ₦   8,777,927
2026-04-26 14:49:04.549 | INFO     | __main__:run_forecasting:725 -   Cocoa                ₦   6,315,599  ₦   6,315,599  ₦   6,978,274  ₦   7,050,495  ₦   7,001,452
2026-04-26 14:49:04.549 | INFO     | __main__:run_forecasting:725 -   Soybeans             ₦     753,754  ₦     753,754  ₦     693,944  ₦     642,793  ₦     617,232
2026-04-26 14:49:04.550 | INFO     | __main__:run_forecasting:725 -   Cashew Nuts          ₦   1,362,444  ₦   1,362,444  ₦   1,470,608  ₦   1,573,065  ₦   1,793,515
2026-04-26 14:49:04.550 | INFO     | __main__:run_forecasting:725 -   Sorghum              ₦     369,076  ₦     369,076  ₦     356,549  ₦     375,650  ₦     374,597
2026-04-26 14:49:04.550 | INFO     | __main__:run_forecasting:725 -   Beans (white)        ₦     667,049  ₦     667,049  ₦     643,589  ₦     621,060  ₦     610,536
2026-04-26 14:49:04.550 | INFO     | __main__:run_forecasting:725 -   Beans (red)          ₦     637,058  ₦     637,058  ₦     641,392  ₦     635,759  ₦     626,532
2026-04-26 14:49:04.553 | INFO     | __main__:run_forecasting:725 -   Maize (white)        ₦     344,104  ₦     344,104  ₦     344,044  ₦     353,078  ₦     364,995
2026-04-26 14:49:04.553 | INFO     | __main__:run_forecasting:725 -   Maize (yellow)       ₦     374,433  ₦     374,433  ₦     375,522  ₦     386,619  ₦     397,594
2026-04-26 14:49:04.554 | INFO     | __main__:run_forecasting:725 -   Wheat                ₦     535,817  ₦     535,817  ₦     477,691  ₦     478,811  ₦     478,156
2026-04-26 14:49:04.554 | INFO     | __main__:run_forecasting:734 - ======================================================================
2026-04-26 14:49:04.554 | SUCCESS  | __main__:run_forecasting:735 - FORECASTING COMPLETE — 12/12 commodities
2026-04-26 14:49:04.554 | INFO     | __main__:run_forecasting:739 - ======================================================================
