2026-08-23 15:39:02.177 | INFO     | __main__:run_forecasting:716 - ============================================================
2026-08-23 15:39:02.190 | INFO     | __main__:run_forecasting:717 - STEP 5 — FORECASTING ENGINE
2026-08-23 15:39:02.198 | INFO     | __main__:run_forecasting:718 -   Run date  : Sunday, 23 August 2026
2026-08-23 15:39:02.213 | INFO     | __main__:run_forecasting:719 -   Commodities: 17
2026-08-23 15:39:02.229 | INFO     | __main__:run_forecasting:720 -   Horizons  : ['daily', 'weekly', '2_weeks', 'monthly', '3_months', '6_months']
2026-08-23 15:39:02.240 | INFO     | __main__:run_forecasting:721 - ============================================================
2026-08-23 15:39:02.294 | INFO     | __main__:run_forecasting:724 - 
[1/17] Forecasting Hibiscus...
2026-08-23 15:40:00.103 | DEBUG    | __main__:forecast_commodity:606 -   [Hibiscus] 3/3 models generated forecasts
2026-08-23 15:40:00.230 | INFO     | __main__:run_forecasting:734 -   daily        → ₦    2,323,716/MT  ↓ -0.1%  (2026-04-14)
2026-08-23 15:40:00.232 | INFO     | __main__:run_forecasting:734 -   weekly       → ₦    2,316,013/MT  ↓ -0.4%  (2026-04-20)
2026-08-23 15:40:00.233 | INFO     | __main__:run_forecasting:734 -   2_weeks      → ₦    2,307,025/MT  ↓ -0.8%  (2026-04-27)
2026-08-23 15:40:00.234 | INFO     | __main__:run_forecasting:734 -   monthly      → ₦    2,286,482/MT  ↓ -1.7%  (2026-05-13)
2026-08-23 15:40:00.239 | INFO     | __main__:run_forecasting:734 -   3_months     → ₦    2,209,447/MT  ↓ -5.0%  (2026-07-12)
2026-08-23 15:40:00.242 | INFO     | __main__:run_forecasting:734 -   6_months     → ₦    2,186,993/MT  ↓ -5.9%  (2026-10-10)
2026-08-23 15:40:00.243 | INFO     | __main__:run_forecasting:740 -   ✅ Hibiscus
2026-08-23 15:40:00.244 | INFO     | __main__:run_forecasting:724 - 
[2/17] Forecasting Sesame...
2026-08-23 15:40:03.600 | DEBUG    | __main__:forecast_commodity:606 -   [Sesame] 3/3 models generated forecasts
2026-08-23 15:40:03.687 | INFO     | __main__:run_forecasting:734 -   daily        → ₦    1,245,277/MT  ↑ +0.0%  (2026-04-14)
2026-08-23 15:40:03.690 | INFO     | __main__:run_forecasting:734 -   weekly       → ₦    1,246,941/MT  ↑ +0.2%  (2026-04-20)
2026-08-23 15:40:03.694 | INFO     | __main__:run_forecasting:734 -   2_weeks      → ₦    1,248,882/MT  ↑ +0.3%  (2026-04-27)
2026-08-23 15:40:03.697 | INFO     | __main__:run_forecasting:734 -   monthly      → ₦    1,253,318/MT  ↑ +0.7%  (2026-05-13)
2026-08-23 15:40:03.703 | INFO     | __main__:run_forecasting:734 -   3_months     → ₦    1,269,954/MT  ↑ +2.0%  (2026-07-12)
2026-08-23 15:40:03.706 | INFO     | __main__:run_forecasting:734 -   6_months     → ₦    1,268,121/MT  ↑ +1.9%  (2026-10-10)
2026-08-23 15:40:03.708 | INFO     | __main__:run_forecasting:740 -   ✅ Sesame
2026-08-23 15:40:03.709 | INFO     | __main__:run_forecasting:724 - 
[3/17] Forecasting Ginger...
2026-08-23 15:40:06.599 | DEBUG    | __main__:forecast_commodity:606 -   [Ginger] 3/3 models generated forecasts
2026-08-23 15:40:06.674 | INFO     | __main__:run_forecasting:734 -   daily        → ₦    9,695,580/MT  ↓ -0.1%  (2026-04-14)
2026-08-23 15:40:06.676 | INFO     | __main__:run_forecasting:734 -   weekly       → ₦    9,669,063/MT  ↓ -0.3%  (2026-04-20)
2026-08-23 15:40:06.676 | INFO     | __main__:run_forecasting:734 -   2_weeks      → ₦    9,638,125/MT  ↓ -0.6%  (2026-04-27)
2026-08-23 15:40:06.678 | INFO     | __main__:run_forecasting:734 -   monthly      → ₦    9,567,412/MT  ↓ -1.4%  (2026-05-13)
2026-08-23 15:40:06.678 | INFO     | __main__:run_forecasting:734 -   3_months     → ₦    9,302,235/MT  ↓ -4.1%  (2026-07-12)
2026-08-23 15:40:06.680 | INFO     | __main__:run_forecasting:734 -   6_months     → ₦    9,017,121/MT  ↓ -7.0%  (2026-10-10)
2026-08-23 15:40:06.680 | INFO     | __main__:run_forecasting:740 -   ✅ Ginger
2026-08-23 15:40:06.682 | INFO     | __main__:run_forecasting:724 - 
[4/17] Forecasting Cocoa...
2026-08-23 15:40:10.145 | DEBUG    | __main__:forecast_commodity:606 -   [Cocoa] 3/3 models generated forecasts
2026-08-23 15:40:10.226 | INFO     | __main__:run_forecasting:734 -   daily        → ₦    5,655,594/MT  ↑ +0.1%  (2026-04-14)
2026-08-23 15:40:10.226 | INFO     | __main__:run_forecasting:734 -   weekly       → ₦    5,689,160/MT  ↑ +0.7%  (2026-04-20)
2026-08-23 15:40:10.229 | INFO     | __main__:run_forecasting:734 -   2_weeks      → ₦    5,728,320/MT  ↑ +1.4%  (2026-04-27)
2026-08-23 15:40:10.229 | INFO     | __main__:run_forecasting:734 -   monthly      → ₦    5,817,828/MT  ↑ +3.0%  (2026-05-13)
2026-08-23 15:40:10.229 | INFO     | __main__:run_forecasting:734 -   3_months     → ₦    6,153,483/MT  ↑ +8.9%  (2026-07-12)
2026-08-23 15:40:10.231 | INFO     | __main__:run_forecasting:734 -   6_months     → ₦    6,993,014/MT  ↑ +23.8%  (2026-10-10)
2026-08-23 15:40:10.231 | INFO     | __main__:run_forecasting:740 -   ✅ Cocoa
2026-08-23 15:40:10.237 | INFO     | __main__:run_forecasting:724 - 
[5/17] Forecasting Soybeans...
2026-08-23 15:40:13.163 | DEBUG    | __main__:forecast_commodity:606 -   [Soybeans] 3/3 models generated forecasts
2026-08-23 15:40:13.220 | INFO     | __main__:run_forecasting:734 -   daily        → ₦      745,085/MT  ↑ +0.0%  (2026-04-14)
2026-08-23 15:40:13.220 | INFO     | __main__:run_forecasting:734 -   weekly       → ₦      745,594/MT  ↑ +0.1%  (2026-04-20)
2026-08-23 15:40:13.220 | INFO     | __main__:run_forecasting:734 -   2_weeks      → ₦      746,188/MT  ↑ +0.2%  (2026-04-27)
2026-08-23 15:40:13.222 | INFO     | __main__:run_forecasting:734 -   monthly      → ₦      747,545/MT  ↑ +0.3%  (2026-05-13)
2026-08-23 15:40:13.222 | INFO     | __main__:run_forecasting:734 -   3_months     → ₦      752,636/MT  ↑ +1.0%  (2026-07-12)
2026-08-23 15:40:13.222 | INFO     | __main__:run_forecasting:734 -   6_months     → ₦      666,237/MT  ↓ -10.6%  (2026-10-10)
2026-08-23 15:40:13.224 | INFO     | __main__:run_forecasting:740 -   ✅ Soybeans
2026-08-23 15:40:13.224 | INFO     | __main__:run_forecasting:724 - 
[6/17] Forecasting Cashew Nuts...
2026-08-23 15:40:15.216 | DEBUG    | __main__:forecast_commodity:606 -   [Cashew Nuts] 3/3 models generated forecasts
2026-08-23 15:40:15.268 | INFO     | __main__:run_forecasting:734 -   daily        → ₦    1,946,425/MT  ↓ -0.2%  (2026-04-14)
2026-08-23 15:40:15.269 | INFO     | __main__:run_forecasting:734 -   weekly       → ₦    1,924,974/MT  ↓ -1.3%  (2026-04-20)
2026-08-23 15:40:15.270 | INFO     | __main__:run_forecasting:734 -   2_weeks      → ₦    1,899,947/MT  ↓ -2.6%  (2026-04-27)
2026-08-23 15:40:15.270 | INFO     | __main__:run_forecasting:734 -   monthly      → ₦    1,842,744/MT  ↓ -5.5%  (2026-05-13)
2026-08-23 15:40:15.271 | INFO     | __main__:run_forecasting:734 -   3_months     → ₦    1,628,233/MT  ↓ -16.5%  (2026-07-12)
2026-08-23 15:40:15.271 | INFO     | __main__:run_forecasting:734 -   6_months     → ₦    1,759,804/MT  ↓ -9.8%  (2026-10-10)
2026-08-23 15:40:15.272 | INFO     | __main__:run_forecasting:740 -   ✅ Cashew Nuts
2026-08-23 15:40:15.272 | INFO     | __main__:run_forecasting:724 - 
[7/17] Forecasting Sorghum...
2026-08-23 15:40:17.320 | DEBUG    | __main__:forecast_commodity:606 -   [Sorghum] 3/3 models generated forecasts
2026-08-23 15:40:17.361 | INFO     | __main__:run_forecasting:734 -   daily        → ₦      334,129/MT  ↓ -0.3%  (2026-04-14)
2026-08-23 15:40:17.365 | INFO     | __main__:run_forecasting:734 -   weekly       → ₦      328,903/MT  ↓ -1.8%  (2026-04-20)
2026-08-23 15:40:17.369 | INFO     | __main__:run_forecasting:734 -   2_weeks      → ₦      322,806/MT  ↓ -3.6%  (2026-04-27)
2026-08-23 15:40:17.371 | INFO     | __main__:run_forecasting:734 -   monthly      → ₦      308,869/MT  ↓ -7.8%  (2026-05-13)
2026-08-23 15:40:17.375 | INFO     | __main__:run_forecasting:734 -   3_months     → ₦      256,607/MT  ↓ -23.4%  (2026-07-12)
2026-08-23 15:40:17.377 | INFO     | __main__:run_forecasting:734 -   6_months     → ₦      204,156/MT  ↓ -39.1%  (2026-10-10)
2026-08-23 15:40:17.379 | INFO     | __main__:run_forecasting:740 -   ✅ Sorghum
2026-08-23 15:40:17.389 | INFO     | __main__:run_forecasting:724 - 
[8/17] Forecasting Beans (white)...
2026-08-23 15:40:19.574 | DEBUG    | __main__:forecast_commodity:606 -   [Beans (white)] 3/3 models generated forecasts
2026-08-23 15:40:19.620 | INFO     | __main__:run_forecasting:734 -   daily        → ₦      812,258/MT  ↓ -0.1%  (2026-03-17)
2026-08-23 15:40:19.624 | INFO     | __main__:run_forecasting:734 -   weekly       → ₦      805,805/MT  ↓ -0.9%  (2026-03-23)
2026-08-23 15:40:19.626 | INFO     | __main__:run_forecasting:734 -   2_weeks      → ₦      798,277/MT  ↓ -1.9%  (2026-03-30)
2026-08-23 15:40:19.628 | INFO     | __main__:run_forecasting:734 -   monthly      → ₦      781,068/MT  ↓ -4.0%  (2026-04-15)
2026-08-23 15:40:19.636 | INFO     | __main__:run_forecasting:734 -   3_months     → ₦      716,537/MT  ↓ -11.9%  (2026-06-14)
2026-08-23 15:40:19.644 | INFO     | __main__:run_forecasting:734 -   6_months     → ₦      620,712/MT  ↓ -23.7%  (2026-09-12)
2026-08-23 15:40:19.652 | INFO     | __main__:run_forecasting:740 -   ✅ Beans (white)
2026-08-23 15:40:19.659 | INFO     | __main__:run_forecasting:724 - 
[9/17] Forecasting Beans (red)...
2026-08-23 15:40:22.616 | DEBUG    | __main__:forecast_commodity:606 -   [Beans (red)] 3/3 models generated forecasts
2026-08-23 15:40:22.686 | INFO     | __main__:run_forecasting:734 -   daily        → ₦      913,897/MT  ↓ -0.1%  (2026-03-17)
2026-08-23 15:40:22.688 | INFO     | __main__:run_forecasting:734 -   weekly       → ₦      907,279/MT  ↓ -0.8%  (2026-03-23)
2026-08-23 15:40:22.690 | INFO     | __main__:run_forecasting:734 -   2_weeks      → ₦      899,558/MT  ↓ -1.7%  (2026-03-30)
2026-08-23 15:40:22.691 | INFO     | __main__:run_forecasting:734 -   monthly      → ₦      881,909/MT  ↓ -3.6%  (2026-04-15)
2026-08-23 15:40:22.692 | INFO     | __main__:run_forecasting:734 -   3_months     → ₦      815,728/MT  ↓ -10.8%  (2026-06-14)
2026-08-23 15:40:22.692 | INFO     | __main__:run_forecasting:734 -   6_months     → ₦      745,960/MT  ↓ -18.5%  (2026-09-12)
2026-08-23 15:40:22.693 | INFO     | __main__:run_forecasting:740 -   ✅ Beans (red)
2026-08-23 15:40:22.694 | INFO     | __main__:run_forecasting:724 - 
[10/17] Forecasting Maize (white)...
2026-08-23 15:40:26.553 | DEBUG    | __main__:forecast_commodity:606 -   [Maize (white)] 3/3 models generated forecasts
2026-08-23 15:40:26.611 | INFO     | __main__:run_forecasting:734 -   daily        → ₦      211,101/MT  ↑ +0.1%  (2023-01-17)
2026-08-23 15:40:26.613 | INFO     | __main__:run_forecasting:734 -   weekly       → ₦      211,705/MT  ↑ +0.3%  (2023-01-23)
2026-08-23 15:40:26.613 | INFO     | __main__:run_forecasting:734 -   2_weeks      → ₦      212,410/MT  ↑ +0.7%  (2023-01-30)
2026-08-23 15:40:26.613 | INFO     | __main__:run_forecasting:734 -   monthly      → ₦      214,022/MT  ↑ +1.4%  (2023-02-15)
2026-08-23 15:40:26.615 | INFO     | __main__:run_forecasting:734 -   3_months     → ₦      220,065/MT  ↑ +4.3%  (2023-04-16)
2026-08-23 15:40:26.618 | INFO     | __main__:run_forecasting:734 -   6_months     → ₦      229,129/MT  ↑ +8.6%  (2023-07-15)
2026-08-23 15:40:26.618 | INFO     | __main__:run_forecasting:740 -   ✅ Maize (white)
2026-08-23 15:40:26.621 | INFO     | __main__:run_forecasting:724 - 
[11/17] Forecasting Maize (yellow)...
2026-08-23 15:40:29.910 | DEBUG    | __main__:forecast_commodity:606 -   [Maize (yellow)] 3/3 models generated forecasts
2026-08-23 15:40:29.965 | INFO     | __main__:run_forecasting:734 -   daily        → ₦      227,513/MT  ↑ +0.1%  (2023-01-17)
2026-08-23 15:40:29.966 | INFO     | __main__:run_forecasting:734 -   weekly       → ₦      228,194/MT  ↑ +0.3%  (2023-01-23)
2026-08-23 15:40:29.967 | INFO     | __main__:run_forecasting:734 -   2_weeks      → ₦      228,987/MT  ↑ +0.7%  (2023-01-30)
2026-08-23 15:40:29.968 | INFO     | __main__:run_forecasting:734 -   monthly      → ₦      230,801/MT  ↑ +1.5%  (2023-02-15)
2026-08-23 15:40:29.968 | INFO     | __main__:run_forecasting:734 -   3_months     → ₦      237,603/MT  ↑ +4.5%  (2023-04-16)
2026-08-23 15:40:29.970 | INFO     | __main__:run_forecasting:734 -   6_months     → ₦      247,806/MT  ↑ +9.0%  (2023-07-15)
2026-08-23 15:40:29.970 | INFO     | __main__:run_forecasting:740 -   ✅ Maize (yellow)
2026-08-23 15:40:29.970 | INFO     | __main__:run_forecasting:724 - 
[12/17] Forecasting Wheat...
2026-08-23 15:40:32.620 | DEBUG    | __main__:forecast_commodity:606 -   [Wheat] 3/3 models generated forecasts
2026-08-23 15:40:32.691 | INFO     | __main__:run_forecasting:734 -   daily        → ₦      706,525/MT  ↓ -0.0%  (2026-04-14)
2026-08-23 15:40:32.691 | INFO     | __main__:run_forecasting:734 -   weekly       → ₦      704,678/MT  ↓ -0.3%  (2026-04-20)
2026-08-23 15:40:32.693 | INFO     | __main__:run_forecasting:734 -   2_weeks      → ₦      702,523/MT  ↓ -0.6%  (2026-04-27)
2026-08-23 15:40:32.693 | INFO     | __main__:run_forecasting:734 -   monthly      → ₦      697,596/MT  ↓ -1.3%  (2026-05-13)
2026-08-23 15:40:32.697 | INFO     | __main__:run_forecasting:734 -   3_months     → ₦      679,121/MT  ↓ -3.9%  (2026-07-12)
2026-08-23 15:40:32.702 | INFO     | __main__:run_forecasting:734 -   6_months     → ₦      664,499/MT  ↓ -6.0%  (2026-10-10)
2026-08-23 15:40:32.712 | INFO     | __main__:run_forecasting:740 -   ✅ Wheat
2026-08-23 15:40:32.714 | INFO     | __main__:run_forecasting:724 - 
[13/17] Forecasting Rice...
2026-08-23 15:40:35.375 | DEBUG    | __main__:forecast_commodity:606 -   [Rice] 3/3 models generated forecasts
2026-08-23 15:40:35.447 | INFO     | __main__:run_forecasting:734 -   daily        → ₦      760,159/MT  ↑ +0.1%  (2023-01-10)
2026-08-23 15:40:35.449 | INFO     | __main__:run_forecasting:734 -   weekly       → ₦      764,313/MT  ↑ +0.6%  (2023-01-16)
2026-08-23 15:40:35.454 | INFO     | __main__:run_forecasting:734 -   2_weeks      → ₦      769,159/MT  ↑ +1.3%  (2023-01-23)
2026-08-23 15:40:35.458 | INFO     | __main__:run_forecasting:734 -   monthly      → ₦      780,236/MT  ↑ +2.7%  (2023-02-08)
2026-08-23 15:40:35.460 | INFO     | __main__:run_forecasting:734 -   3_months     → ₦      821,774/MT  ↑ +8.2%  (2023-04-09)
2026-08-23 15:40:35.460 | INFO     | __main__:run_forecasting:734 -   6_months     → ₦      884,080/MT  ↑ +16.4%  (2023-07-08)
2026-08-23 15:40:35.460 | INFO     | __main__:run_forecasting:740 -   ✅ Rice
2026-08-23 15:40:35.462 | INFO     | __main__:run_forecasting:724 - 
[14/17] Forecasting Meat (beef)...
2026-08-23 15:40:37.822 | DEBUG    | __main__:forecast_commodity:606 -   [Meat (beef)] 3/3 models generated forecasts
2026-08-23 15:40:37.921 | INFO     | __main__:run_forecasting:734 -   daily        → ₦    5,637,582/MT  → +0.0%  (2026-03-10)
2026-08-23 15:40:37.922 | INFO     | __main__:run_forecasting:734 -   weekly       → ₦    5,637,116/MT  ↓ -0.0%  (2026-03-16)
2026-08-23 15:40:37.923 | INFO     | __main__:run_forecasting:734 -   2_weeks      → ₦    5,636,572/MT  ↓ -0.0%  (2026-03-23)
2026-08-23 15:40:37.924 | INFO     | __main__:run_forecasting:734 -   monthly      → ₦    5,635,328/MT  ↓ -0.0%  (2026-04-08)
2026-08-23 15:40:37.925 | INFO     | __main__:run_forecasting:734 -   3_months     → ₦    5,630,664/MT  ↓ -0.1%  (2026-06-07)
2026-08-23 15:40:37.926 | INFO     | __main__:run_forecasting:734 -   6_months     → ₦    5,652,536/MT  ↑ +0.3%  (2026-09-05)
2026-08-23 15:40:37.926 | INFO     | __main__:run_forecasting:740 -   ✅ Meat (beef)
2026-08-23 15:40:37.927 | INFO     | __main__:run_forecasting:724 - 
[15/17] Forecasting Meat (goat)...
2026-08-23 15:40:40.248 | DEBUG    | __main__:forecast_commodity:606 -   [Meat (goat)] 3/3 models generated forecasts
2026-08-23 15:40:40.301 | INFO     | __main__:run_forecasting:734 -   daily        → ₦    5,796,506/MT  ↓ -0.0%  (2026-03-10)
2026-08-23 15:40:40.302 | INFO     | __main__:run_forecasting:734 -   weekly       → ₦    5,785,540/MT  ↓ -0.2%  (2026-03-16)
2026-08-23 15:40:40.303 | INFO     | __main__:run_forecasting:734 -   2_weeks      → ₦    5,772,747/MT  ↓ -0.4%  (2026-03-23)
2026-08-23 15:40:40.304 | INFO     | __main__:run_forecasting:734 -   monthly      → ₦    5,743,505/MT  ↓ -0.9%  (2026-04-08)
2026-08-23 15:40:40.305 | INFO     | __main__:run_forecasting:734 -   3_months     → ₦    5,633,848/MT  ↓ -2.8%  (2026-06-07)
2026-08-23 15:40:40.307 | INFO     | __main__:run_forecasting:734 -   6_months     → ₦    5,405,188/MT  ↓ -6.8%  (2026-09-05)
2026-08-23 15:40:40.310 | INFO     | __main__:run_forecasting:740 -   ✅ Meat (goat)
2026-08-23 15:40:40.313 | INFO     | __main__:run_forecasting:724 - 
[16/17] Forecasting Fish (dried)...
2026-08-23 15:40:43.210 | DEBUG    | __main__:forecast_commodity:606 -   [Fish (dried)] 3/3 models generated forecasts
2026-08-23 15:40:43.283 | INFO     | __main__:run_forecasting:734 -   daily        → ₦    1,508,835/MT  ↑ +0.0%  (2026-03-10)
2026-08-23 15:40:43.285 | INFO     | __main__:run_forecasting:734 -   weekly       → ₦    1,510,655/MT  ↑ +0.1%  (2026-03-16)
2026-08-23 15:40:43.286 | INFO     | __main__:run_forecasting:734 -   2_weeks      → ₦    1,512,779/MT  ↑ +0.3%  (2026-03-23)
2026-08-23 15:40:43.287 | INFO     | __main__:run_forecasting:734 -   monthly      → ₦    1,517,634/MT  ↑ +0.6%  (2026-04-08)
2026-08-23 15:40:43.288 | INFO     | __main__:run_forecasting:734 -   3_months     → ₦    1,535,840/MT  ↑ +1.8%  (2026-06-07)
2026-08-23 15:40:43.288 | INFO     | __main__:run_forecasting:734 -   6_months     → ₦    1,271,263/MT  ↓ -15.7%  (2026-09-05)
2026-08-23 15:40:43.288 | INFO     | __main__:run_forecasting:740 -   ✅ Fish (dried)
2026-08-23 15:40:43.290 | INFO     | __main__:run_forecasting:724 - 
[17/17] Forecasting Eggs...
2026-08-23 15:40:46.720 | DEBUG    | __main__:forecast_commodity:606 -   [Eggs] 3/3 models generated forecasts
2026-08-23 15:40:46.823 | INFO     | __main__:run_forecasting:734 -   daily        → ₦        6,515/MT  ↓ -0.1%  (2026-03-10)
2026-08-23 15:40:46.858 | INFO     | __main__:run_forecasting:734 -   weekly       → ₦        6,489/MT  ↓ -0.5%  (2026-03-16)
2026-08-23 15:40:46.911 | INFO     | __main__:run_forecasting:734 -   2_weeks      → ₦        6,458/MT  ↓ -0.9%  (2026-03-23)
2026-08-23 15:40:46.946 | INFO     | __main__:run_forecasting:734 -   monthly      → ₦        6,388/MT  ↓ -2.0%  (2026-04-08)
2026-08-23 15:40:46.958 | INFO     | __main__:run_forecasting:734 -   3_months     → ₦        6,124/MT  ↓ -6.1%  (2026-06-07)
2026-08-23 15:40:46.964 | INFO     | __main__:run_forecasting:734 -   6_months     → ₦        5,837/MT  ↓ -10.5%  (2026-09-05)
2026-08-23 15:40:46.991 | INFO     | __main__:run_forecasting:740 -   ✅ Eggs
2026-08-23 15:40:49.958 | INFO     | __main__:run_forecasting:749 - 
  Forecast JSON saved → C:\Users\USER\Downloads\agrolinking-intel-structure\agrolinking-intel\outputs\forecasts\forecast_2026-08-23.json
2026-08-23 15:40:49.973 | INFO     | __main__:run_forecasting:757 -   Daily alert saved → C:\Users\USER\Downloads\agrolinking-intel-structure\agrolinking-intel\outputs\daily_alerts\alert_2026-08-23.txt
2026-08-23 15:40:49.977 | INFO     | __main__:run_forecasting:760 - 
============================================================
2026-08-23 15:40:49.979 | INFO     | __main__:run_forecasting:761 -   DAILY PRICE ALERT
2026-08-23 15:40:49.979 | INFO     | __main__:run_forecasting:762 - ============================================================
2026-08-23 15:40:49.984 | INFO     | __main__:run_forecasting:764 -   📊 AGROLINKING COMMODITY INTELLIGENCE ALERT
2026-08-23 15:40:49.992 | INFO     | __main__:run_forecasting:764 -   📅 Sunday, 23 August 2026
2026-08-23 15:40:49.995 | INFO     | __main__:run_forecasting:764 -   ─────────────────────────────────────────────
2026-08-23 15:40:49.996 | INFO     | __main__:run_forecasting:764 -   → Hibiscus           ₦    2,323,716/MT  -0.1%
2026-08-23 15:40:49.998 | INFO     | __main__:run_forecasting:764 -   → Sesame             ₦    1,245,277/MT  ++0.0%
2026-08-23 15:40:49.999 | INFO     | __main__:run_forecasting:764 -   → Ginger             ₦    9,695,580/MT  -0.0%
2026-08-23 15:40:50.006 | INFO     | __main__:run_forecasting:764 -   → Cocoa              ₦    5,655,594/MT  ++0.1%
2026-08-23 15:40:50.011 | INFO     | __main__:run_forecasting:764 -   → Soybeans           ₦      745,085/MT  ++0.0%
2026-08-23 15:40:50.011 | INFO     | __main__:run_forecasting:764 -   → Cashew Nuts        ₦    1,946,425/MT  -0.2%
2026-08-23 15:40:50.013 | INFO     | __main__:run_forecasting:764 -   → Sorghum            ₦      334,129/MT  -0.3%
2026-08-23 15:40:50.018 | INFO     | __main__:run_forecasting:764 -   → Beans (white)      ₦      812,258/MT  -0.1%
2026-08-23 15:40:50.021 | INFO     | __main__:run_forecasting:764 -   → Beans (red)        ₦      913,897/MT  -0.1%
2026-08-23 15:40:50.022 | INFO     | __main__:run_forecasting:764 -   → Maize (white)      ₦      211,101/MT  ++0.0%
2026-08-23 15:40:50.025 | INFO     | __main__:run_forecasting:764 -   → Maize (yellow)     ₦      227,513/MT  ++0.0%
2026-08-23 15:40:50.027 | INFO     | __main__:run_forecasting:764 -   → Wheat              ₦      706,525/MT  -0.0%
2026-08-23 15:40:50.030 | INFO     | __main__:run_forecasting:764 -   → Rice               ₦      760,159/MT  ++0.1%
2026-08-23 15:40:50.032 | INFO     | __main__:run_forecasting:764 -   → Meat (beef)        ₦    5,637,582/MT  -0.0%
2026-08-23 15:40:50.034 | INFO     | __main__:run_forecasting:764 -   → Meat (goat)        ₦    5,796,506/MT  -0.0%
2026-08-23 15:40:50.039 | INFO     | __main__:run_forecasting:764 -   → Fish (dried)       ₦    1,508,835/MT  ++0.0%
2026-08-23 15:40:50.041 | INFO     | __main__:run_forecasting:764 -   → Eggs               ₦        6,515/MT  -0.1%
2026-08-23 15:40:50.042 | INFO     | __main__:run_forecasting:764 -   ─────────────────────────────────────────────
2026-08-23 15:40:50.044 | INFO     | __main__:run_forecasting:764 -   Source: Agrolinking Intelligence Platform
2026-08-23 15:40:50.047 | INFO     | __main__:run_forecasting:764 -   Next update: 24 Aug 2026
2026-08-23 15:40:50.048 | INFO     | __main__:run_forecasting:768 - 
  Note: master append handled by 06_validate.py (corrected prices).
2026-08-23 15:40:50.049 | INFO     | __main__:run_forecasting:772 - 
======================================================================
2026-08-23 15:40:50.052 | INFO     | __main__:run_forecasting:773 -   FORECAST SUMMARY — ALL COMMODITIES
2026-08-23 15:40:50.056 | INFO     | __main__:run_forecasting:774 - ======================================================================
2026-08-23 15:40:50.056 | INFO     | __main__:run_forecasting:775 -   Commodity                     Today         1 Week        1 Month       3 Months       6 Months
2026-08-23 15:40:50.058 | INFO     | __main__:run_forecasting:780 -   ----------------------------------------------------------------------------------
2026-08-23 15:40:50.060 | INFO     | __main__:run_forecasting:793 -   Hibiscus             ₦   2,323,716  ₦   2,316,013  ₦   2,286,482  ₦   2,209,447  ₦   2,186,993
2026-08-23 15:40:50.060 | INFO     | __main__:run_forecasting:793 -   Sesame               ₦   1,245,277  ₦   1,246,941  ₦   1,253,318  ₦   1,269,954  ₦   1,268,121
2026-08-23 15:40:50.062 | INFO     | __main__:run_forecasting:793 -   Ginger               ₦   9,695,580  ₦   9,669,063  ₦   9,567,412  ₦   9,302,235  ₦   9,017,121
2026-08-23 15:40:50.070 | INFO     | __main__:run_forecasting:793 -   Cocoa                ₦   5,655,594  ₦   5,689,160  ₦   5,817,828  ₦   6,153,483  ₦   6,993,014
2026-08-23 15:40:50.075 | INFO     | __main__:run_forecasting:793 -   Soybeans             ₦     745,085  ₦     745,594  ₦     747,545  ₦     752,636  ₦     666,237
2026-08-23 15:40:50.077 | INFO     | __main__:run_forecasting:793 -   Cashew Nuts          ₦   1,946,425  ₦   1,924,974  ₦   1,842,744  ₦   1,628,233  ₦   1,759,804
2026-08-23 15:40:50.079 | INFO     | __main__:run_forecasting:793 -   Sorghum              ₦     334,129  ₦     328,903  ₦     308,869  ₦     256,607  ₦     204,156
2026-08-23 15:40:50.079 | INFO     | __main__:run_forecasting:793 -   Beans (white)        ₦     812,258  ₦     805,805  ₦     781,068  ₦     716,537  ₦     620,712
2026-08-23 15:40:50.081 | INFO     | __main__:run_forecasting:793 -   Beans (red)          ₦     913,897  ₦     907,279  ₦     881,909  ₦     815,728  ₦     745,960
2026-08-23 15:40:50.085 | INFO     | __main__:run_forecasting:793 -   Maize (white)        ₦     211,101  ₦     211,705  ₦     214,022  ₦     220,065  ₦     229,129
2026-08-23 15:40:50.089 | INFO     | __main__:run_forecasting:793 -   Maize (yellow)       ₦     227,513  ₦     228,194  ₦     230,801  ₦     237,603  ₦     247,806
2026-08-23 15:40:50.095 | INFO     | __main__:run_forecasting:793 -   Wheat                ₦     706,525  ₦     704,678  ₦     697,596  ₦     679,121  ₦     664,499
2026-08-23 15:40:50.106 | INFO     | __main__:run_forecasting:793 -   Rice                 ₦     760,159  ₦     764,313  ₦     780,236  ₦     821,774  ₦     884,080
2026-08-23 15:40:50.114 | INFO     | __main__:run_forecasting:793 -   Meat (beef)          ₦   5,637,582  ₦   5,637,116  ₦   5,635,328  ₦   5,630,664  ₦   5,652,536
2026-08-23 15:40:50.132 | INFO     | __main__:run_forecasting:793 -   Meat (goat)          ₦   5,796,506  ₦   5,785,540  ₦   5,743,505  ₦   5,633,848  ₦   5,405,188
2026-08-23 15:40:50.146 | INFO     | __main__:run_forecasting:793 -   Fish (dried)         ₦   1,508,835  ₦   1,510,655  ₦   1,517,634  ₦   1,535,840  ₦   1,271,263
2026-08-23 15:40:50.170 | INFO     | __main__:run_forecasting:793 -   Eggs                 ₦       6,515  ₦       6,489  ₦       6,388  ₦       6,124  ₦       5,837
2026-08-23 15:40:50.187 | INFO     | __main__:run_forecasting:802 - ======================================================================
2026-08-23 15:40:50.216 | SUCCESS  | __main__:run_forecasting:803 - FORECASTING COMPLETE — 17/17 commodities
2026-08-23 15:40:50.230 | INFO     | __main__:run_forecasting:807 - ======================================================================
2026-08-23 16:29:40.408 | INFO     | __main__:run_forecasting:716 - ============================================================
2026-08-23 16:29:40.408 | INFO     | __main__:run_forecasting:717 - STEP 5 — FORECASTING ENGINE
2026-08-23 16:29:40.408 | INFO     | __main__:run_forecasting:718 -   Run date  : Sunday, 23 August 2026
2026-08-23 16:29:40.408 | INFO     | __main__:run_forecasting:719 -   Commodities: 17
2026-08-23 16:29:40.408 | INFO     | __main__:run_forecasting:720 -   Horizons  : ['daily', 'weekly', '2_weeks', 'monthly', '3_months', '6_months']
2026-08-23 16:29:40.408 | INFO     | __main__:run_forecasting:721 - ============================================================
2026-08-23 16:29:40.408 | INFO     | __main__:run_forecasting:724 - 
[1/17] Forecasting Hibiscus...
2026-08-23 16:29:54.149 | DEBUG    | __main__:forecast_commodity:606 -   [Hibiscus] 3/3 models generated forecasts
2026-08-23 16:29:54.199 | INFO     | __main__:run_forecasting:734 -   daily        → ₦    2,323,716/MT  ↓ -0.1%  (2026-04-14)
2026-08-23 16:29:54.199 | INFO     | __main__:run_forecasting:734 -   weekly       → ₦    2,316,013/MT  ↓ -0.4%  (2026-04-20)
2026-08-23 16:29:54.199 | INFO     | __main__:run_forecasting:734 -   2_weeks      → ₦    2,307,025/MT  ↓ -0.8%  (2026-04-27)
2026-08-23 16:29:54.201 | INFO     | __main__:run_forecasting:734 -   monthly      → ₦    2,286,482/MT  ↓ -1.7%  (2026-05-13)
2026-08-23 16:29:54.201 | INFO     | __main__:run_forecasting:734 -   3_months     → ₦    2,209,447/MT  ↓ -5.0%  (2026-07-12)
2026-08-23 16:29:54.201 | INFO     | __main__:run_forecasting:734 -   6_months     → ₦    2,186,993/MT  ↓ -5.9%  (2026-10-10)
2026-08-23 16:29:54.203 | INFO     | __main__:run_forecasting:740 -   ✅ Hibiscus
2026-08-23 16:29:54.203 | INFO     | __main__:run_forecasting:724 - 
[2/17] Forecasting Sesame...
2026-08-23 16:29:56.224 | DEBUG    | __main__:forecast_commodity:606 -   [Sesame] 3/3 models generated forecasts
2026-08-23 16:29:56.274 | INFO     | __main__:run_forecasting:734 -   daily        → ₦    1,245,277/MT  ↑ +0.0%  (2026-04-14)
2026-08-23 16:29:56.293 | INFO     | __main__:run_forecasting:734 -   weekly       → ₦    1,246,941/MT  ↑ +0.2%  (2026-04-20)
2026-08-23 16:29:56.308 | INFO     | __main__:run_forecasting:734 -   2_weeks      → ₦    1,248,882/MT  ↑ +0.3%  (2026-04-27)
2026-08-23 16:29:56.326 | INFO     | __main__:run_forecasting:734 -   monthly      → ₦    1,253,318/MT  ↑ +0.7%  (2026-05-13)
2026-08-23 16:29:56.352 | INFO     | __main__:run_forecasting:734 -   3_months     → ₦    1,269,954/MT  ↑ +2.0%  (2026-07-12)
2026-08-23 16:29:56.359 | INFO     | __main__:run_forecasting:734 -   6_months     → ₦    1,268,121/MT  ↑ +1.9%  (2026-10-10)
2026-08-23 16:29:56.388 | INFO     | __main__:run_forecasting:740 -   ✅ Sesame
2026-08-23 16:29:56.397 | INFO     | __main__:run_forecasting:724 - 
[3/17] Forecasting Ginger...
2026-08-23 16:29:58.171 | DEBUG    | __main__:forecast_commodity:606 -   [Ginger] 3/3 models generated forecasts
2026-08-23 16:29:58.221 | INFO     | __main__:run_forecasting:734 -   daily        → ₦    9,695,580/MT  ↓ -0.1%  (2026-04-14)
2026-08-23 16:29:58.223 | INFO     | __main__:run_forecasting:734 -   weekly       → ₦    9,669,063/MT  ↓ -0.3%  (2026-04-20)
2026-08-23 16:29:58.223 | INFO     | __main__:run_forecasting:734 -   2_weeks      → ₦    9,638,125/MT  ↓ -0.6%  (2026-04-27)
2026-08-23 16:29:58.224 | INFO     | __main__:run_forecasting:734 -   monthly      → ₦    9,567,412/MT  ↓ -1.4%  (2026-05-13)
2026-08-23 16:29:58.224 | INFO     | __main__:run_forecasting:734 -   3_months     → ₦    9,302,235/MT  ↓ -4.1%  (2026-07-12)
2026-08-23 16:29:58.225 | INFO     | __main__:run_forecasting:734 -   6_months     → ₦    9,017,121/MT  ↓ -7.0%  (2026-10-10)
2026-08-23 16:29:58.225 | INFO     | __main__:run_forecasting:740 -   ✅ Ginger
2026-08-23 16:29:58.225 | INFO     | __main__:run_forecasting:724 - 
[4/17] Forecasting Cocoa...
2026-08-23 16:29:59.851 | DEBUG    | __main__:forecast_commodity:606 -   [Cocoa] 3/3 models generated forecasts
2026-08-23 16:29:59.902 | INFO     | __main__:run_forecasting:734 -   daily        → ₦    5,655,594/MT  ↑ +0.1%  (2026-04-14)
2026-08-23 16:29:59.902 | INFO     | __main__:run_forecasting:734 -   weekly       → ₦    5,689,160/MT  ↑ +0.7%  (2026-04-20)
2026-08-23 16:29:59.903 | INFO     | __main__:run_forecasting:734 -   2_weeks      → ₦    5,728,320/MT  ↑ +1.4%  (2026-04-27)
2026-08-23 16:29:59.903 | INFO     | __main__:run_forecasting:734 -   monthly      → ₦    5,817,828/MT  ↑ +3.0%  (2026-05-13)
2026-08-23 16:29:59.904 | INFO     | __main__:run_forecasting:734 -   3_months     → ₦    6,153,483/MT  ↑ +8.9%  (2026-07-12)
2026-08-23 16:29:59.904 | INFO     | __main__:run_forecasting:734 -   6_months     → ₦    6,993,014/MT  ↑ +23.8%  (2026-10-10)
2026-08-23 16:29:59.904 | INFO     | __main__:run_forecasting:740 -   ✅ Cocoa
2026-08-23 16:29:59.904 | INFO     | __main__:run_forecasting:724 - 
[5/17] Forecasting Soybeans...
2026-08-23 16:30:01.701 | DEBUG    | __main__:forecast_commodity:606 -   [Soybeans] 3/3 models generated forecasts
2026-08-23 16:30:01.755 | INFO     | __main__:run_forecasting:734 -   daily        → ₦      745,085/MT  ↑ +0.0%  (2026-04-14)
2026-08-23 16:30:01.757 | INFO     | __main__:run_forecasting:734 -   weekly       → ₦      745,594/MT  ↑ +0.1%  (2026-04-20)
2026-08-23 16:30:01.757 | INFO     | __main__:run_forecasting:734 -   2_weeks      → ₦      746,188/MT  ↑ +0.2%  (2026-04-27)
2026-08-23 16:30:01.757 | INFO     | __main__:run_forecasting:734 -   monthly      → ₦      747,545/MT  ↑ +0.3%  (2026-05-13)
2026-08-23 16:30:01.759 | INFO     | __main__:run_forecasting:734 -   3_months     → ₦      752,636/MT  ↑ +1.0%  (2026-07-12)
2026-08-23 16:30:01.759 | INFO     | __main__:run_forecasting:734 -   6_months     → ₦      666,237/MT  ↓ -10.6%  (2026-10-10)
2026-08-23 16:30:01.759 | INFO     | __main__:run_forecasting:740 -   ✅ Soybeans
2026-08-23 16:30:01.759 | INFO     | __main__:run_forecasting:724 - 
[6/17] Forecasting Cashew Nuts...
2026-08-23 16:30:03.344 | DEBUG    | __main__:forecast_commodity:606 -   [Cashew Nuts] 3/3 models generated forecasts
2026-08-23 16:30:03.391 | INFO     | __main__:run_forecasting:734 -   daily        → ₦    1,946,425/MT  ↓ -0.2%  (2026-04-14)
2026-08-23 16:30:03.391 | INFO     | __main__:run_forecasting:734 -   weekly       → ₦    1,924,974/MT  ↓ -1.3%  (2026-04-20)
2026-08-23 16:30:03.395 | INFO     | __main__:run_forecasting:734 -   2_weeks      → ₦    1,899,947/MT  ↓ -2.6%  (2026-04-27)
2026-08-23 16:30:03.395 | INFO     | __main__:run_forecasting:734 -   monthly      → ₦    1,842,744/MT  ↓ -5.5%  (2026-05-13)
2026-08-23 16:30:03.396 | INFO     | __main__:run_forecasting:734 -   3_months     → ₦    1,628,233/MT  ↓ -16.5%  (2026-07-12)
2026-08-23 16:30:03.396 | INFO     | __main__:run_forecasting:734 -   6_months     → ₦    1,759,804/MT  ↓ -9.8%  (2026-10-10)
2026-08-23 16:30:03.398 | INFO     | __main__:run_forecasting:740 -   ✅ Cashew Nuts
2026-08-23 16:30:03.402 | INFO     | __main__:run_forecasting:724 - 
[7/17] Forecasting Sorghum...
2026-08-23 16:30:05.313 | DEBUG    | __main__:forecast_commodity:606 -   [Sorghum] 3/3 models generated forecasts
2026-08-23 16:30:05.361 | INFO     | __main__:run_forecasting:734 -   daily        → ₦      334,129/MT  ↓ -0.3%  (2026-04-14)
2026-08-23 16:30:05.362 | INFO     | __main__:run_forecasting:734 -   weekly       → ₦      328,903/MT  ↓ -1.8%  (2026-04-20)
2026-08-23 16:30:05.362 | INFO     | __main__:run_forecasting:734 -   2_weeks      → ₦      322,806/MT  ↓ -3.6%  (2026-04-27)
2026-08-23 16:30:05.363 | INFO     | __main__:run_forecasting:734 -   monthly      → ₦      308,869/MT  ↓ -7.8%  (2026-05-13)
2026-08-23 16:30:05.364 | INFO     | __main__:run_forecasting:734 -   3_months     → ₦      256,607/MT  ↓ -23.4%  (2026-07-12)
2026-08-23 16:30:05.364 | INFO     | __main__:run_forecasting:734 -   6_months     → ₦      204,156/MT  ↓ -39.1%  (2026-10-10)
2026-08-23 16:30:05.364 | INFO     | __main__:run_forecasting:740 -   ✅ Sorghum
2026-08-23 16:30:05.364 | INFO     | __main__:run_forecasting:724 - 
[8/17] Forecasting Beans (white)...
2026-08-23 16:30:07.828 | DEBUG    | __main__:forecast_commodity:606 -   [Beans (white)] 3/3 models generated forecasts
2026-08-23 16:30:07.874 | INFO     | __main__:run_forecasting:734 -   daily        → ₦      812,258/MT  ↓ -0.1%  (2026-03-17)
2026-08-23 16:30:07.874 | INFO     | __main__:run_forecasting:734 -   weekly       → ₦      805,805/MT  ↓ -0.9%  (2026-03-23)
2026-08-23 16:30:07.876 | INFO     | __main__:run_forecasting:734 -   2_weeks      → ₦      798,277/MT  ↓ -1.9%  (2026-03-30)
2026-08-23 16:30:07.876 | INFO     | __main__:run_forecasting:734 -   monthly      → ₦      781,068/MT  ↓ -4.0%  (2026-04-15)
2026-08-23 16:30:07.876 | INFO     | __main__:run_forecasting:734 -   3_months     → ₦      716,537/MT  ↓ -11.9%  (2026-06-14)
2026-08-23 16:30:07.878 | INFO     | __main__:run_forecasting:734 -   6_months     → ₦      620,712/MT  ↓ -23.7%  (2026-09-12)
2026-08-23 16:30:07.878 | INFO     | __main__:run_forecasting:740 -   ✅ Beans (white)
2026-08-23 16:30:07.878 | INFO     | __main__:run_forecasting:724 - 
[9/17] Forecasting Beans (red)...
2026-08-23 16:30:09.582 | DEBUG    | __main__:forecast_commodity:606 -   [Beans (red)] 3/3 models generated forecasts
2026-08-23 16:30:09.621 | INFO     | __main__:run_forecasting:734 -   daily        → ₦      913,897/MT  ↓ -0.1%  (2026-03-17)
2026-08-23 16:30:09.623 | INFO     | __main__:run_forecasting:734 -   weekly       → ₦      907,279/MT  ↓ -0.8%  (2026-03-23)
2026-08-23 16:30:09.623 | INFO     | __main__:run_forecasting:734 -   2_weeks      → ₦      899,558/MT  ↓ -1.7%  (2026-03-30)
2026-08-23 16:30:09.623 | INFO     | __main__:run_forecasting:734 -   monthly      → ₦      881,909/MT  ↓ -3.6%  (2026-04-15)
2026-08-23 16:30:09.623 | INFO     | __main__:run_forecasting:734 -   3_months     → ₦      815,728/MT  ↓ -10.8%  (2026-06-14)
2026-08-23 16:30:09.623 | INFO     | __main__:run_forecasting:734 -   6_months     → ₦      745,960/MT  ↓ -18.5%  (2026-09-12)
2026-08-23 16:30:09.625 | INFO     | __main__:run_forecasting:740 -   ✅ Beans (red)
2026-08-23 16:30:09.625 | INFO     | __main__:run_forecasting:724 - 
[10/17] Forecasting Maize (white)...
2026-08-23 16:30:12.070 | DEBUG    | __main__:forecast_commodity:606 -   [Maize (white)] 3/3 models generated forecasts
2026-08-23 16:30:12.109 | INFO     | __main__:run_forecasting:734 -   daily        → ₦      211,101/MT  ↑ +0.1%  (2023-01-17)
2026-08-23 16:30:12.111 | INFO     | __main__:run_forecasting:734 -   weekly       → ₦      211,705/MT  ↑ +0.3%  (2023-01-23)
2026-08-23 16:30:12.111 | INFO     | __main__:run_forecasting:734 -   2_weeks      → ₦      212,410/MT  ↑ +0.7%  (2023-01-30)
2026-08-23 16:30:12.111 | INFO     | __main__:run_forecasting:734 -   monthly      → ₦      214,022/MT  ↑ +1.4%  (2023-02-15)
2026-08-23 16:30:12.113 | INFO     | __main__:run_forecasting:734 -   3_months     → ₦      220,065/MT  ↑ +4.3%  (2023-04-16)
2026-08-23 16:30:12.113 | INFO     | __main__:run_forecasting:734 -   6_months     → ₦      229,129/MT  ↑ +8.6%  (2023-07-15)
2026-08-23 16:30:12.113 | INFO     | __main__:run_forecasting:740 -   ✅ Maize (white)
2026-08-23 16:30:12.113 | INFO     | __main__:run_forecasting:724 - 
[11/17] Forecasting Maize (yellow)...
2026-08-23 16:30:14.349 | DEBUG    | __main__:forecast_commodity:606 -   [Maize (yellow)] 3/3 models generated forecasts
2026-08-23 16:30:14.402 | INFO     | __main__:run_forecasting:734 -   daily        → ₦      227,513/MT  ↑ +0.1%  (2023-01-17)
2026-08-23 16:30:14.405 | INFO     | __main__:run_forecasting:734 -   weekly       → ₦      228,194/MT  ↑ +0.3%  (2023-01-23)
2026-08-23 16:30:14.405 | INFO     | __main__:run_forecasting:734 -   2_weeks      → ₦      228,987/MT  ↑ +0.7%  (2023-01-30)
2026-08-23 16:30:14.405 | INFO     | __main__:run_forecasting:734 -   monthly      → ₦      230,801/MT  ↑ +1.5%  (2023-02-15)
2026-08-23 16:30:14.405 | INFO     | __main__:run_forecasting:734 -   3_months     → ₦      237,603/MT  ↑ +4.5%  (2023-04-16)
2026-08-23 16:30:14.407 | INFO     | __main__:run_forecasting:734 -   6_months     → ₦      247,806/MT  ↑ +9.0%  (2023-07-15)
2026-08-23 16:30:14.407 | INFO     | __main__:run_forecasting:740 -   ✅ Maize (yellow)
2026-08-23 16:30:14.407 | INFO     | __main__:run_forecasting:724 - 
[12/17] Forecasting Wheat...
2026-08-23 16:30:16.212 | DEBUG    | __main__:forecast_commodity:606 -   [Wheat] 3/3 models generated forecasts
2026-08-23 16:30:16.326 | INFO     | __main__:run_forecasting:734 -   daily        → ₦      706,525/MT  ↓ -0.0%  (2026-04-14)
2026-08-23 16:30:16.330 | INFO     | __main__:run_forecasting:734 -   weekly       → ₦      704,678/MT  ↓ -0.3%  (2026-04-20)
2026-08-23 16:30:16.337 | INFO     | __main__:run_forecasting:734 -   2_weeks      → ₦      702,523/MT  ↓ -0.6%  (2026-04-27)
2026-08-23 16:30:16.341 | INFO     | __main__:run_forecasting:734 -   monthly      → ₦      697,596/MT  ↓ -1.3%  (2026-05-13)
2026-08-23 16:30:16.350 | INFO     | __main__:run_forecasting:734 -   3_months     → ₦      679,121/MT  ↓ -3.9%  (2026-07-12)
2026-08-23 16:30:16.358 | INFO     | __main__:run_forecasting:734 -   6_months     → ₦      664,499/MT  ↓ -6.0%  (2026-10-10)
2026-08-23 16:30:16.363 | INFO     | __main__:run_forecasting:740 -   ✅ Wheat
2026-08-23 16:30:16.373 | INFO     | __main__:run_forecasting:724 - 
[13/17] Forecasting Rice...
2026-08-23 16:30:18.571 | DEBUG    | __main__:forecast_commodity:606 -   [Rice] 3/3 models generated forecasts
2026-08-23 16:30:18.621 | INFO     | __main__:run_forecasting:734 -   daily        → ₦      760,159/MT  ↑ +0.1%  (2023-01-10)
2026-08-23 16:30:18.621 | INFO     | __main__:run_forecasting:734 -   weekly       → ₦      764,313/MT  ↑ +0.6%  (2023-01-16)
2026-08-23 16:30:18.621 | INFO     | __main__:run_forecasting:734 -   2_weeks      → ₦      769,159/MT  ↑ +1.3%  (2023-01-23)
2026-08-23 16:30:18.623 | INFO     | __main__:run_forecasting:734 -   monthly      → ₦      780,236/MT  ↑ +2.7%  (2023-02-08)
2026-08-23 16:30:18.623 | INFO     | __main__:run_forecasting:734 -   3_months     → ₦      821,774/MT  ↑ +8.2%  (2023-04-09)
2026-08-23 16:30:18.623 | INFO     | __main__:run_forecasting:734 -   6_months     → ₦      884,080/MT  ↑ +16.4%  (2023-07-08)
2026-08-23 16:30:18.624 | INFO     | __main__:run_forecasting:740 -   ✅ Rice
2026-08-23 16:30:18.624 | INFO     | __main__:run_forecasting:724 - 
[14/17] Forecasting Meat (beef)...
2026-08-23 16:30:21.028 | DEBUG    | __main__:forecast_commodity:606 -   [Meat (beef)] 3/3 models generated forecasts
2026-08-23 16:30:21.085 | INFO     | __main__:run_forecasting:734 -   daily        → ₦    5,637,582/MT  → +0.0%  (2026-03-10)
2026-08-23 16:30:21.089 | INFO     | __main__:run_forecasting:734 -   weekly       → ₦    5,637,116/MT  ↓ -0.0%  (2026-03-16)
2026-08-23 16:30:21.091 | INFO     | __main__:run_forecasting:734 -   2_weeks      → ₦    5,636,572/MT  ↓ -0.0%  (2026-03-23)
2026-08-23 16:30:21.096 | INFO     | __main__:run_forecasting:734 -   monthly      → ₦    5,635,328/MT  ↓ -0.0%  (2026-04-08)
2026-08-23 16:30:21.102 | INFO     | __main__:run_forecasting:734 -   3_months     → ₦    5,630,664/MT  ↓ -0.1%  (2026-06-07)
2026-08-23 16:30:21.115 | INFO     | __main__:run_forecasting:734 -   6_months     → ₦    5,652,536/MT  ↑ +0.3%  (2026-09-05)
2026-08-23 16:30:21.122 | INFO     | __main__:run_forecasting:740 -   ✅ Meat (beef)
2026-08-23 16:30:21.130 | INFO     | __main__:run_forecasting:724 - 
[15/17] Forecasting Meat (goat)...
2026-08-23 16:30:23.215 | DEBUG    | __main__:forecast_commodity:606 -   [Meat (goat)] 3/3 models generated forecasts
2026-08-23 16:30:23.255 | INFO     | __main__:run_forecasting:734 -   daily        → ₦    5,796,506/MT  ↓ -0.0%  (2026-03-10)
2026-08-23 16:30:23.255 | INFO     | __main__:run_forecasting:734 -   weekly       → ₦    5,785,540/MT  ↓ -0.2%  (2026-03-16)
2026-08-23 16:30:23.255 | INFO     | __main__:run_forecasting:734 -   2_weeks      → ₦    5,772,747/MT  ↓ -0.4%  (2026-03-23)
2026-08-23 16:30:23.257 | INFO     | __main__:run_forecasting:734 -   monthly      → ₦    5,743,505/MT  ↓ -0.9%  (2026-04-08)
2026-08-23 16:30:23.257 | INFO     | __main__:run_forecasting:734 -   3_months     → ₦    5,633,848/MT  ↓ -2.8%  (2026-06-07)
2026-08-23 16:30:23.257 | INFO     | __main__:run_forecasting:734 -   6_months     → ₦    5,405,188/MT  ↓ -6.8%  (2026-09-05)
2026-08-23 16:30:23.257 | INFO     | __main__:run_forecasting:740 -   ✅ Meat (goat)
2026-08-23 16:30:23.259 | INFO     | __main__:run_forecasting:724 - 
[16/17] Forecasting Fish (dried)...
2026-08-23 16:30:25.462 | DEBUG    | __main__:forecast_commodity:606 -   [Fish (dried)] 3/3 models generated forecasts
2026-08-23 16:30:25.537 | INFO     | __main__:run_forecasting:734 -   daily        → ₦    1,508,835/MT  ↑ +0.0%  (2026-03-10)
2026-08-23 16:30:25.543 | INFO     | __main__:run_forecasting:734 -   weekly       → ₦    1,510,655/MT  ↑ +0.1%  (2026-03-16)
2026-08-23 16:30:25.551 | INFO     | __main__:run_forecasting:734 -   2_weeks      → ₦    1,512,779/MT  ↑ +0.3%  (2026-03-23)
2026-08-23 16:30:25.562 | INFO     | __main__:run_forecasting:734 -   monthly      → ₦    1,517,634/MT  ↑ +0.6%  (2026-04-08)
2026-08-23 16:30:25.574 | INFO     | __main__:run_forecasting:734 -   3_months     → ₦    1,535,840/MT  ↑ +1.8%  (2026-06-07)
2026-08-23 16:30:25.582 | INFO     | __main__:run_forecasting:734 -   6_months     → ₦    1,271,263/MT  ↓ -15.7%  (2026-09-05)
2026-08-23 16:30:25.584 | INFO     | __main__:run_forecasting:740 -   ✅ Fish (dried)
2026-08-23 16:30:25.586 | INFO     | __main__:run_forecasting:724 - 
[17/17] Forecasting Eggs...
2026-08-23 16:30:27.762 | DEBUG    | __main__:forecast_commodity:606 -   [Eggs] 3/3 models generated forecasts
2026-08-23 16:30:27.794 | INFO     | __main__:run_forecasting:734 -   daily        → ₦        6,515/MT  ↓ -0.1%  (2026-03-10)
2026-08-23 16:30:27.794 | INFO     | __main__:run_forecasting:734 -   weekly       → ₦        6,489/MT  ↓ -0.5%  (2026-03-16)
2026-08-23 16:30:27.794 | INFO     | __main__:run_forecasting:734 -   2_weeks      → ₦        6,458/MT  ↓ -0.9%  (2026-03-23)
2026-08-23 16:30:27.794 | INFO     | __main__:run_forecasting:734 -   monthly      → ₦        6,388/MT  ↓ -2.0%  (2026-04-08)
2026-08-23 16:30:27.794 | INFO     | __main__:run_forecasting:734 -   3_months     → ₦        6,124/MT  ↓ -6.1%  (2026-06-07)
2026-08-23 16:30:27.796 | INFO     | __main__:run_forecasting:734 -   6_months     → ₦        5,837/MT  ↓ -10.5%  (2026-09-05)
2026-08-23 16:30:27.796 | INFO     | __main__:run_forecasting:740 -   ✅ Eggs
2026-08-23 16:30:29.168 | INFO     | __main__:run_forecasting:749 - 
  Forecast JSON saved → C:\Users\USER\Downloads\agrolinking-intel-structure\agrolinking-intel\outputs\forecasts\forecast_2026-08-23.json
2026-08-23 16:30:29.173 | INFO     | __main__:run_forecasting:757 -   Daily alert saved → C:\Users\USER\Downloads\agrolinking-intel-structure\agrolinking-intel\outputs\daily_alerts\alert_2026-08-23.txt
2026-08-23 16:30:29.180 | INFO     | __main__:run_forecasting:760 - 
============================================================
2026-08-23 16:30:29.207 | INFO     | __main__:run_forecasting:761 -   DAILY PRICE ALERT
2026-08-23 16:30:29.215 | INFO     | __main__:run_forecasting:762 - ============================================================
2026-08-23 16:30:29.224 | INFO     | __main__:run_forecasting:764 -   📊 AGROLINKING COMMODITY INTELLIGENCE ALERT
2026-08-23 16:30:29.234 | INFO     | __main__:run_forecasting:764 -   📅 Sunday, 23 August 2026
2026-08-23 16:30:29.239 | INFO     | __main__:run_forecasting:764 -   ─────────────────────────────────────────────
2026-08-23 16:30:29.244 | INFO     | __main__:run_forecasting:764 -   → Hibiscus           ₦    2,323,716/MT  -0.1%
2026-08-23 16:30:29.254 | INFO     | __main__:run_forecasting:764 -   → Sesame             ₦    1,245,277/MT  ++0.0%
2026-08-23 16:30:29.258 | INFO     | __main__:run_forecasting:764 -   → Ginger             ₦    9,695,580/MT  -0.0%
2026-08-23 16:30:29.262 | INFO     | __main__:run_forecasting:764 -   → Cocoa              ₦    5,655,594/MT  ++0.1%
2026-08-23 16:30:29.271 | INFO     | __main__:run_forecasting:764 -   → Soybeans           ₦      745,085/MT  ++0.0%
2026-08-23 16:30:29.276 | INFO     | __main__:run_forecasting:764 -   → Cashew Nuts        ₦    1,946,425/MT  -0.2%
2026-08-23 16:30:29.280 | INFO     | __main__:run_forecasting:764 -   → Sorghum            ₦      334,129/MT  -0.3%
2026-08-23 16:30:29.289 | INFO     | __main__:run_forecasting:764 -   → Beans (white)      ₦      812,258/MT  -0.1%
2026-08-23 16:30:29.293 | INFO     | __main__:run_forecasting:764 -   → Beans (red)        ₦      913,897/MT  -0.1%
2026-08-23 16:30:29.296 | INFO     | __main__:run_forecasting:764 -   → Maize (white)      ₦      211,101/MT  ++0.0%
2026-08-23 16:30:29.299 | INFO     | __main__:run_forecasting:764 -   → Maize (yellow)     ₦      227,513/MT  ++0.0%
2026-08-23 16:30:29.302 | INFO     | __main__:run_forecasting:764 -   → Wheat              ₦      706,525/MT  -0.0%
2026-08-23 16:30:29.310 | INFO     | __main__:run_forecasting:764 -   → Rice               ₦      760,159/MT  ++0.1%
2026-08-23 16:30:29.315 | INFO     | __main__:run_forecasting:764 -   → Meat (beef)        ₦    5,637,582/MT  -0.0%
2026-08-23 16:30:29.318 | INFO     | __main__:run_forecasting:764 -   → Meat (goat)        ₦    5,796,506/MT  -0.0%
2026-08-23 16:30:29.320 | INFO     | __main__:run_forecasting:764 -   → Fish (dried)       ₦    1,508,835/MT  ++0.0%
2026-08-23 16:30:29.320 | INFO     | __main__:run_forecasting:764 -   → Eggs               ₦        6,515/MT  -0.1%
2026-08-23 16:30:29.322 | INFO     | __main__:run_forecasting:764 -   ─────────────────────────────────────────────
2026-08-23 16:30:29.326 | INFO     | __main__:run_forecasting:764 -   Source: Agrolinking Intelligence Platform
2026-08-23 16:30:29.329 | INFO     | __main__:run_forecasting:764 -   Next update: 24 Aug 2026
2026-08-23 16:30:29.336 | INFO     | __main__:run_forecasting:768 - 
  Note: master append handled by 06_validate.py (corrected prices).
2026-08-23 16:30:29.348 | INFO     | __main__:run_forecasting:772 - 
======================================================================
2026-08-23 16:30:29.353 | INFO     | __main__:run_forecasting:773 -   FORECAST SUMMARY — ALL COMMODITIES
2026-08-23 16:30:29.356 | INFO     | __main__:run_forecasting:774 - ======================================================================
2026-08-23 16:30:29.361 | INFO     | __main__:run_forecasting:775 -   Commodity                     Today         1 Week        1 Month       3 Months       6 Months
2026-08-23 16:30:29.366 | INFO     | __main__:run_forecasting:780 -   ----------------------------------------------------------------------------------
2026-08-23 16:30:29.367 | INFO     | __main__:run_forecasting:793 -   Hibiscus             ₦   2,323,716  ₦   2,316,013  ₦   2,286,482  ₦   2,209,447  ₦   2,186,993
2026-08-23 16:30:29.369 | INFO     | __main__:run_forecasting:793 -   Sesame               ₦   1,245,277  ₦   1,246,941  ₦   1,253,318  ₦   1,269,954  ₦   1,268,121
2026-08-23 16:30:29.372 | INFO     | __main__:run_forecasting:793 -   Ginger               ₦   9,695,580  ₦   9,669,063  ₦   9,567,412  ₦   9,302,235  ₦   9,017,121
2026-08-23 16:30:29.375 | INFO     | __main__:run_forecasting:793 -   Cocoa                ₦   5,655,594  ₦   5,689,160  ₦   5,817,828  ₦   6,153,483  ₦   6,993,014
2026-08-23 16:30:29.377 | INFO     | __main__:run_forecasting:793 -   Soybeans             ₦     745,085  ₦     745,594  ₦     747,545  ₦     752,636  ₦     666,237
2026-08-23 16:30:29.381 | INFO     | __main__:run_forecasting:793 -   Cashew Nuts          ₦   1,946,425  ₦   1,924,974  ₦   1,842,744  ₦   1,628,233  ₦   1,759,804
2026-08-23 16:30:29.383 | INFO     | __main__:run_forecasting:793 -   Sorghum              ₦     334,129  ₦     328,903  ₦     308,869  ₦     256,607  ₦     204,156
2026-08-23 16:30:29.383 | INFO     | __main__:run_forecasting:793 -   Beans (white)        ₦     812,258  ₦     805,805  ₦     781,068  ₦     716,537  ₦     620,712
2026-08-23 16:30:29.387 | INFO     | __main__:run_forecasting:793 -   Beans (red)          ₦     913,897  ₦     907,279  ₦     881,909  ₦     815,728  ₦     745,960
2026-08-23 16:30:29.389 | INFO     | __main__:run_forecasting:793 -   Maize (white)        ₦     211,101  ₦     211,705  ₦     214,022  ₦     220,065  ₦     229,129
2026-08-23 16:30:29.391 | INFO     | __main__:run_forecasting:793 -   Maize (yellow)       ₦     227,513  ₦     228,194  ₦     230,801  ₦     237,603  ₦     247,806
2026-08-23 16:30:29.393 | INFO     | __main__:run_forecasting:793 -   Wheat                ₦     706,525  ₦     704,678  ₦     697,596  ₦     679,121  ₦     664,499
2026-08-23 16:30:29.394 | INFO     | __main__:run_forecasting:793 -   Rice                 ₦     760,159  ₦     764,313  ₦     780,236  ₦     821,774  ₦     884,080
2026-08-23 16:30:29.396 | INFO     | __main__:run_forecasting:793 -   Meat (beef)          ₦   5,637,582  ₦   5,637,116  ₦   5,635,328  ₦   5,630,664  ₦   5,652,536
2026-08-23 16:30:29.397 | INFO     | __main__:run_forecasting:793 -   Meat (goat)          ₦   5,796,506  ₦   5,785,540  ₦   5,743,505  ₦   5,633,848  ₦   5,405,188
2026-08-23 16:30:29.397 | INFO     | __main__:run_forecasting:793 -   Fish (dried)         ₦   1,508,835  ₦   1,510,655  ₦   1,517,634  ₦   1,535,840  ₦   1,271,263
2026-08-23 16:30:29.399 | INFO     | __main__:run_forecasting:793 -   Eggs                 ₦       6,515  ₦       6,489  ₦       6,388  ₦       6,124  ₦       5,837
2026-08-23 16:30:29.400 | INFO     | __main__:run_forecasting:802 - ======================================================================
2026-08-23 16:30:29.404 | SUCCESS  | __main__:run_forecasting:803 - FORECASTING COMPLETE — 17/17 commodities
2026-08-23 16:30:29.405 | INFO     | __main__:run_forecasting:807 - ======================================================================
