2026-10-08 11:57:00.727 | INFO     | __main__:run_forecasting:752 - ============================================================
2026-10-08 11:57:00.727 | INFO     | __main__:run_forecasting:753 - STEP 5 — FORECASTING ENGINE
2026-10-08 11:57:00.727 | INFO     | __main__:run_forecasting:754 -   Run date  : Thursday, 08 October 2026
2026-10-08 11:57:00.727 | INFO     | __main__:run_forecasting:755 -   Commodities: 17
2026-10-08 11:57:00.727 | INFO     | __main__:run_forecasting:756 -   Horizons  : ['daily', 'weekly', '2_weeks', 'monthly', '3_months', '6_months']
2026-10-08 11:57:00.727 | INFO     | __main__:run_forecasting:757 - ============================================================
2026-10-08 11:57:00.727 | INFO     | __main__:run_forecasting:760 - 
[1/17] Forecasting Hibiscus...
2026-10-08 11:57:02.077 | DEBUG    | __main__:forecast_commodity:618 -   [Hibiscus] 3/3 models generated forecasts
2026-10-08 11:57:02.086 | INFO     | __main__:run_forecasting:770 -   daily        → ₦    2,545,759/MT  ↓ -2.1%  (2026-10-06)
2026-10-08 11:57:02.086 | INFO     | __main__:run_forecasting:770 -   weekly       → ₦    2,220,314/MT  ↓ -14.6%  (2026-10-12)
2026-10-08 11:57:02.086 | INFO     | __main__:run_forecasting:770 -   2_weeks      → ₦    2,196,074/MT  ↓ -15.5%  (2026-10-19)
2026-10-08 11:57:02.086 | INFO     | __main__:run_forecasting:770 -   monthly      → ₦    2,214,716/MT  ↓ -14.8%  (2026-11-04)
2026-10-08 11:57:02.086 | INFO     | __main__:run_forecasting:770 -   3_months     → ₦    2,227,478/MT  ↓ -14.3%  (2027-01-03)
2026-10-08 11:57:02.087 | INFO     | __main__:run_forecasting:770 -   6_months     → ₦    2,276,201/MT  ↓ -12.4%  (2027-04-03)
2026-10-08 11:57:02.087 | INFO     | __main__:run_forecasting:776 -   ✅ Hibiscus
2026-10-08 11:57:02.087 | INFO     | __main__:run_forecasting:760 - 
[2/17] Forecasting Sesame...
2026-10-08 11:57:02.414 | DEBUG    | __main__:forecast_commodity:618 -   [Sesame] 3/3 models generated forecasts
2026-10-08 11:57:02.423 | INFO     | __main__:run_forecasting:770 -   daily        → ₦    1,381,237/MT  ↓ -1.3%  (2026-10-06)
2026-10-08 11:57:02.423 | INFO     | __main__:run_forecasting:770 -   weekly       → ₦    1,268,659/MT  ↓ -9.4%  (2026-10-12)
2026-10-08 11:57:02.423 | INFO     | __main__:run_forecasting:770 -   2_weeks      → ₦    1,243,794/MT  ↓ -11.2%  (2026-10-19)
2026-10-08 11:57:02.423 | INFO     | __main__:run_forecasting:770 -   monthly      → ₦    1,244,518/MT  ↓ -11.1%  (2026-11-04)
2026-10-08 11:57:02.423 | INFO     | __main__:run_forecasting:770 -   3_months     → ₦    1,363,162/MT  ↓ -2.6%  (2027-01-03)
2026-10-08 11:57:02.423 | INFO     | __main__:run_forecasting:770 -   6_months     → ₦    1,319,051/MT  ↓ -5.8%  (2027-04-03)
2026-10-08 11:57:02.423 | INFO     | __main__:run_forecasting:776 -   ✅ Sesame
2026-10-08 11:57:02.423 | INFO     | __main__:run_forecasting:760 - 
[3/17] Forecasting Ginger...
2026-10-08 11:57:02.703 | DEBUG    | __main__:forecast_commodity:618 -   [Ginger] 3/3 models generated forecasts
2026-10-08 11:57:02.712 | INFO     | __main__:run_forecasting:770 -   daily        → ₦    8,111,574/MT  ↑ +1.4%  (2026-10-06)
2026-10-08 11:57:02.712 | INFO     | __main__:run_forecasting:770 -   weekly       → ₦    8,781,016/MT  ↑ +9.8%  (2026-10-12)
2026-10-08 11:57:02.712 | INFO     | __main__:run_forecasting:770 -   2_weeks      → ₦    8,749,341/MT  ↑ +9.4%  (2026-10-19)
2026-10-08 11:57:02.712 | INFO     | __main__:run_forecasting:770 -   monthly      → ₦    8,675,612/MT  ↑ +8.4%  (2026-11-04)
2026-10-08 11:57:02.712 | INFO     | __main__:run_forecasting:770 -   3_months     → ₦    8,397,792/MT  ↑ +5.0%  (2027-01-03)
2026-10-08 11:57:02.712 | INFO     | __main__:run_forecasting:770 -   6_months     → ₦    8,369,712/MT  ↑ +4.6%  (2027-04-03)
2026-10-08 11:57:02.712 | INFO     | __main__:run_forecasting:776 -   ✅ Ginger
2026-10-08 11:57:02.712 | INFO     | __main__:run_forecasting:760 - 
[4/17] Forecasting Cocoa...
2026-10-08 11:57:02.999 | DEBUG    | __main__:forecast_commodity:618 -   [Cocoa] 3/3 models generated forecasts
2026-10-08 11:57:03.007 | INFO     | __main__:run_forecasting:770 -   daily        → ₦    6,192,989/MT  ↓ -3.2%  (2026-10-06)
2026-10-08 11:57:03.008 | INFO     | __main__:run_forecasting:770 -   weekly       → ₦    4,950,921/MT  ↓ -22.6%  (2026-10-12)
2026-10-08 11:57:03.008 | INFO     | __main__:run_forecasting:770 -   2_weeks      → ₦    5,107,089/MT  ↓ -20.2%  (2026-10-19)
2026-10-08 11:57:03.008 | INFO     | __main__:run_forecasting:770 -   monthly      → ₦    4,772,121/MT  ↓ -25.4%  (2026-11-04)
2026-10-08 11:57:03.008 | INFO     | __main__:run_forecasting:770 -   3_months     → ₦    3,779,848/MT  ↓ -40.9%  (2027-01-03)
2026-10-08 11:57:03.008 | INFO     | __main__:run_forecasting:770 -   6_months     → ₦    2,630,391/MT  ↓ -58.9%  (2027-04-03)
2026-10-08 11:57:03.008 | INFO     | __main__:run_forecasting:776 -   ✅ Cocoa
2026-10-08 11:57:03.008 | INFO     | __main__:run_forecasting:760 - 
[5/17] Forecasting Soybeans...
2026-10-08 11:57:03.306 | DEBUG    | __main__:forecast_commodity:618 -   [Soybeans] 3/3 models generated forecasts
2026-10-08 11:57:03.315 | INFO     | __main__:run_forecasting:770 -   daily        → ₦      784,581/MT  ↓ -0.7%  (2026-10-06)
2026-10-08 11:57:03.315 | INFO     | __main__:run_forecasting:770 -   weekly       → ₦      752,064/MT  ↓ -4.8%  (2026-10-12)
2026-10-08 11:57:03.315 | INFO     | __main__:run_forecasting:770 -   2_weeks      → ₦      746,894/MT  ↓ -5.5%  (2026-10-19)
2026-10-08 11:57:03.316 | INFO     | __main__:run_forecasting:770 -   monthly      → ₦      740,326/MT  ↓ -6.3%  (2026-11-04)
2026-10-08 11:57:03.316 | INFO     | __main__:run_forecasting:770 -   3_months     → ₦      743,953/MT  ↓ -5.8%  (2027-01-03)
2026-10-08 11:57:03.316 | INFO     | __main__:run_forecasting:770 -   6_months     → ₦      760,789/MT  ↓ -3.7%  (2027-04-03)
2026-10-08 11:57:03.316 | INFO     | __main__:run_forecasting:776 -   ✅ Soybeans
2026-10-08 11:57:03.316 | INFO     | __main__:run_forecasting:760 - 
[6/17] Forecasting Cashew Nuts...
2026-10-08 11:57:03.610 | DEBUG    | __main__:forecast_commodity:618 -   [Cashew Nuts] 3/3 models generated forecasts
2026-10-08 11:57:03.619 | INFO     | __main__:run_forecasting:770 -   daily        → ₦    1,909,163/MT  ↑ +0.5%  (2026-10-06)
2026-10-08 11:57:03.619 | INFO     | __main__:run_forecasting:770 -   weekly       → ₦    1,964,138/MT  ↑ +3.4%  (2026-10-12)
2026-10-08 11:57:03.619 | INFO     | __main__:run_forecasting:770 -   2_weeks      → ₦    1,978,050/MT  ↑ +4.1%  (2026-10-19)
2026-10-08 11:57:03.619 | INFO     | __main__:run_forecasting:770 -   monthly      → ₦    2,003,390/MT  ↑ +5.4%  (2026-11-04)
2026-10-08 11:57:03.619 | INFO     | __main__:run_forecasting:770 -   3_months     → ₦    2,039,366/MT  ↑ +7.3%  (2027-01-03)
2026-10-08 11:57:03.619 | INFO     | __main__:run_forecasting:770 -   6_months     → ₦    2,034,962/MT  ↑ +7.1%  (2027-04-03)
2026-10-08 11:57:03.619 | INFO     | __main__:run_forecasting:776 -   ✅ Cashew Nuts
2026-10-08 11:57:03.619 | INFO     | __main__:run_forecasting:760 - 
[7/17] Forecasting Sorghum...
2026-10-08 11:57:03.926 | DEBUG    | __main__:forecast_commodity:618 -   [Sorghum] 3/3 models generated forecasts
2026-10-08 11:57:03.935 | INFO     | __main__:run_forecasting:770 -   daily        → ₦      345,000/MT  → +0.0%  (2026-10-06)
2026-10-08 11:57:03.935 | INFO     | __main__:run_forecasting:770 -   weekly       → ₦      345,001/MT  → +0.0%  (2026-10-12)
2026-10-08 11:57:03.935 | INFO     | __main__:run_forecasting:770 -   2_weeks      → ₦      338,434/MT  ↓ -1.9%  (2026-10-19)
2026-10-08 11:57:03.935 | INFO     | __main__:run_forecasting:770 -   monthly      → ₦      328,699/MT  ↓ -4.7%  (2026-11-04)
2026-10-08 11:57:03.935 | INFO     | __main__:run_forecasting:770 -   3_months     → ₦      316,310/MT  ↓ -8.3%  (2027-01-03)
2026-10-08 11:57:03.935 | INFO     | __main__:run_forecasting:770 -   6_months     → ₦      305,937/MT  ↓ -11.3%  (2027-04-03)
2026-10-08 11:57:03.935 | INFO     | __main__:run_forecasting:776 -   ✅ Sorghum
2026-10-08 11:57:03.935 | INFO     | __main__:run_forecasting:760 - 
[8/17] Forecasting Beans (white)...
2026-10-08 11:57:04.274 | DEBUG    | __main__:forecast_commodity:618 -   [Beans (white)] 3/3 models generated forecasts
2026-10-08 11:57:04.283 | INFO     | __main__:run_forecasting:770 -   daily        → ₦      562,649/MT  ↓ -4.6%  (2026-10-06)
2026-10-08 11:57:04.283 | INFO     | __main__:run_forecasting:770 -   weekly       → ₦      400,111/MT  ↓ -32.1%  (2026-10-12)
2026-10-08 11:57:04.283 | INFO     | __main__:run_forecasting:770 -   2_weeks      → ₦      399,132/MT  ↓ -32.3%  (2026-10-19)
2026-10-08 11:57:04.283 | INFO     | __main__:run_forecasting:770 -   monthly      → ₦      396,846/MT  ↓ -32.7%  (2026-11-04)
2026-10-08 11:57:04.284 | INFO     | __main__:run_forecasting:770 -   3_months     → ₦      407,674/MT  ↓ -30.9%  (2027-01-03)
2026-10-08 11:57:04.284 | INFO     | __main__:run_forecasting:770 -   6_months     → ₦      408,838/MT  ↓ -30.7%  (2027-04-03)
2026-10-08 11:57:04.284 | INFO     | __main__:run_forecasting:776 -   ✅ Beans (white)
2026-10-08 11:57:04.284 | INFO     | __main__:run_forecasting:760 - 
[9/17] Forecasting Beans (red)...
2026-10-08 11:57:04.603 | DEBUG    | __main__:forecast_commodity:618 -   [Beans (red)] 3/3 models generated forecasts
2026-10-08 11:57:04.611 | INFO     | __main__:run_forecasting:770 -   daily        → ₦      681,629/MT  ↓ -3.8%  (2026-10-06)
2026-10-08 11:57:04.611 | INFO     | __main__:run_forecasting:770 -   weekly       → ₦      522,254/MT  ↓ -26.3%  (2026-10-12)
2026-10-08 11:57:04.612 | INFO     | __main__:run_forecasting:770 -   2_weeks      → ₦      548,022/MT  ↓ -22.6%  (2026-10-19)
2026-10-08 11:57:04.612 | INFO     | __main__:run_forecasting:770 -   monthly      → ₦      621,436/MT  ↓ -12.2%  (2026-11-04)
2026-10-08 11:57:04.612 | INFO     | __main__:run_forecasting:770 -   3_months     → ₦      718,011/MT  ↑ +1.4%  (2027-01-03)
2026-10-08 11:57:04.612 | INFO     | __main__:run_forecasting:770 -   6_months     → ₦      713,433/MT  ↑ +0.7%  (2027-04-03)
2026-10-08 11:57:04.612 | INFO     | __main__:run_forecasting:776 -   ✅ Beans (red)
2026-10-08 11:57:04.612 | INFO     | __main__:run_forecasting:760 - 
[10/17] Forecasting Maize (white)...
2026-10-08 11:57:04.918 | DEBUG    | __main__:forecast_commodity:618 -   [Maize (white)] 3/3 models generated forecasts
2026-10-08 11:57:04.927 | INFO     | __main__:run_forecasting:770 -   daily        → ₦      359,676/MT  ↓ -2.1%  (2026-10-06)
2026-10-08 11:57:04.927 | INFO     | __main__:run_forecasting:770 -   weekly       → ₦      313,346/MT  ↓ -14.7%  (2026-10-12)
2026-10-08 11:57:04.927 | INFO     | __main__:run_forecasting:770 -   2_weeks      → ₦      314,143/MT  ↓ -14.5%  (2026-10-19)
2026-10-08 11:57:04.927 | INFO     | __main__:run_forecasting:770 -   monthly      → ₦      317,289/MT  ↓ -13.6%  (2026-11-04)
2026-10-08 11:57:04.927 | INFO     | __main__:run_forecasting:770 -   3_months     → ₦      330,704/MT  ↓ -10.0%  (2027-01-03)
2026-10-08 11:57:04.927 | INFO     | __main__:run_forecasting:770 -   6_months     → ₦      339,761/MT  ↓ -7.5%  (2027-04-03)
2026-10-08 11:57:04.927 | INFO     | __main__:run_forecasting:776 -   ✅ Maize (white)
2026-10-08 11:57:04.928 | INFO     | __main__:run_forecasting:760 - 
[11/17] Forecasting Maize (yellow)...
2026-10-08 11:57:05.316 | DEBUG    | __main__:forecast_commodity:618 -   [Maize (yellow)] 3/3 models generated forecasts
2026-10-08 11:57:05.325 | INFO     | __main__:run_forecasting:770 -   daily        → ₦      389,296/MT  ↓ -2.0%  (2026-10-06)
2026-10-08 11:57:05.325 | INFO     | __main__:run_forecasting:770 -   weekly       → ₦      341,262/MT  ↓ -14.1%  (2026-10-12)
2026-10-08 11:57:05.325 | INFO     | __main__:run_forecasting:770 -   2_weeks      → ₦      343,917/MT  ↓ -13.4%  (2026-10-19)
2026-10-08 11:57:05.325 | INFO     | __main__:run_forecasting:770 -   monthly      → ₦      349,108/MT  ↓ -12.1%  (2026-11-04)
2026-10-08 11:57:05.325 | INFO     | __main__:run_forecasting:770 -   3_months     → ₦      362,193/MT  ↓ -8.8%  (2027-01-03)
2026-10-08 11:57:05.325 | INFO     | __main__:run_forecasting:770 -   6_months     → ₦      370,965/MT  ↓ -6.6%  (2027-04-03)
2026-10-08 11:57:05.325 | INFO     | __main__:run_forecasting:776 -   ✅ Maize (yellow)
2026-10-08 11:57:05.325 | INFO     | __main__:run_forecasting:760 - 
[12/17] Forecasting Wheat...
2026-10-08 11:57:05.626 | DEBUG    | __main__:forecast_commodity:618 -   [Wheat] 3/3 models generated forecasts
2026-10-08 11:57:05.635 | INFO     | __main__:run_forecasting:770 -   daily        → ₦      690,530/MT  ↓ -1.7%  (2026-10-06)
2026-10-08 11:57:05.635 | INFO     | __main__:run_forecasting:770 -   weekly       → ₦      617,374/MT  ↓ -12.2%  (2026-10-12)
2026-10-08 11:57:05.635 | INFO     | __main__:run_forecasting:770 -   2_weeks      → ₦      609,409/MT  ↓ -13.3%  (2026-10-19)
2026-10-08 11:57:05.635 | INFO     | __main__:run_forecasting:770 -   monthly      → ₦      606,045/MT  ↓ -13.8%  (2026-11-04)
2026-10-08 11:57:05.635 | INFO     | __main__:run_forecasting:770 -   3_months     → ₦      624,174/MT  ↓ -11.2%  (2027-01-03)
2026-10-08 11:57:05.635 | INFO     | __main__:run_forecasting:770 -   6_months     → ₦      626,864/MT  ↓ -10.8%  (2027-04-03)
2026-10-08 11:57:05.635 | INFO     | __main__:run_forecasting:776 -   ✅ Wheat
2026-10-08 11:57:05.635 | INFO     | __main__:run_forecasting:760 - 
[13/17] Forecasting Rice...
2026-10-08 11:57:05.936 | DEBUG    | __main__:forecast_commodity:618 -   [Rice] 3/3 models generated forecasts
2026-10-08 11:57:05.945 | INFO     | __main__:run_forecasting:770 -   daily        → ₦    1,453,709/MT  ↓ -1.8%  (2026-10-06)
2026-10-08 11:57:05.945 | INFO     | __main__:run_forecasting:770 -   weekly       → ₦    1,298,237/MT  ↓ -12.3%  (2026-10-12)
2026-10-08 11:57:05.945 | INFO     | __main__:run_forecasting:770 -   2_weeks      → ₦    1,282,563/MT  ↓ -13.3%  (2026-10-19)
2026-10-08 11:57:05.945 | INFO     | __main__:run_forecasting:770 -   monthly      → ₦    1,266,410/MT  ↓ -14.4%  (2026-11-04)
2026-10-08 11:57:05.945 | INFO     | __main__:run_forecasting:770 -   3_months     → ₦    1,331,648/MT  ↓ -10.0%  (2027-01-03)
2026-10-08 11:57:05.946 | INFO     | __main__:run_forecasting:770 -   6_months     → ₦    1,483,426/MT  ↑ +0.3%  (2027-04-03)
2026-10-08 11:57:05.946 | INFO     | __main__:run_forecasting:776 -   ✅ Rice
2026-10-08 11:57:05.946 | INFO     | __main__:run_forecasting:760 - 
[14/17] Forecasting Meat (beef)...
2026-10-08 11:57:06.246 | DEBUG    | __main__:forecast_commodity:618 -   [Meat (beef)] 3/3 models generated forecasts
2026-10-08 11:57:06.255 | INFO     | __main__:run_forecasting:770 -   daily        → ₦    6,616,850/MT  ↑ +1.1%  (2026-10-06)
2026-10-08 11:57:06.255 | INFO     | __main__:run_forecasting:770 -   weekly       → ₦    7,037,002/MT  ↑ +7.5%  (2026-10-12)
2026-10-08 11:57:06.255 | INFO     | __main__:run_forecasting:770 -   2_weeks      → ₦    6,899,676/MT  ↑ +5.4%  (2026-10-19)
2026-10-08 11:57:06.255 | INFO     | __main__:run_forecasting:770 -   monthly      → ₦    6,927,215/MT  ↑ +5.8%  (2026-11-04)
2026-10-08 11:57:06.255 | INFO     | __main__:run_forecasting:770 -   3_months     → ₦    7,251,526/MT  ↑ +10.8%  (2027-01-03)
2026-10-08 11:57:06.255 | INFO     | __main__:run_forecasting:770 -   6_months     → ₦    7,356,820/MT  ↑ +12.4%  (2027-04-03)
2026-10-08 11:57:06.255 | INFO     | __main__:run_forecasting:776 -   ✅ Meat (beef)
2026-10-08 11:57:06.255 | INFO     | __main__:run_forecasting:760 - 
[15/17] Forecasting Meat (goat)...
2026-10-08 11:57:06.555 | DEBUG    | __main__:forecast_commodity:618 -   [Meat (goat)] 3/3 models generated forecasts
2026-10-08 11:57:06.564 | INFO     | __main__:run_forecasting:770 -   daily        → ₦    6,632,604/MT  ↑ +0.3%  (2026-10-06)
2026-10-08 11:57:06.564 | INFO     | __main__:run_forecasting:770 -   weekly       → ₦    6,772,542/MT  ↑ +2.5%  (2026-10-12)
2026-10-08 11:57:06.564 | INFO     | __main__:run_forecasting:770 -   2_weeks      → ₦    6,724,487/MT  ↑ +1.7%  (2026-10-19)
2026-10-08 11:57:06.564 | INFO     | __main__:run_forecasting:770 -   monthly      → ₦    6,799,764/MT  ↑ +2.9%  (2026-11-04)
2026-10-08 11:57:06.564 | INFO     | __main__:run_forecasting:770 -   3_months     → ₦    6,987,355/MT  ↑ +5.7%  (2027-01-03)
2026-10-08 11:57:06.564 | INFO     | __main__:run_forecasting:770 -   6_months     → ₦    6,938,793/MT  ↑ +5.0%  (2027-04-03)
2026-10-08 11:57:06.564 | INFO     | __main__:run_forecasting:776 -   ✅ Meat (goat)
2026-10-08 11:57:06.564 | INFO     | __main__:run_forecasting:760 - 
[16/17] Forecasting Fish (dried)...
2026-10-08 11:57:06.898 | DEBUG    | __main__:forecast_commodity:618 -   [Fish (dried)] 3/3 models generated forecasts
2026-10-08 11:57:06.907 | INFO     | __main__:run_forecasting:770 -   daily        → ₦    1,143,989/MT  ↓ -3.5%  (2026-10-06)
2026-10-08 11:57:06.907 | INFO     | __main__:run_forecasting:770 -   weekly       → ₦      891,758/MT  ↓ -24.8%  (2026-10-12)
2026-10-08 11:57:06.907 | INFO     | __main__:run_forecasting:770 -   2_weeks      → ₦      898,876/MT  ↓ -24.2%  (2026-10-19)
2026-10-08 11:57:06.907 | INFO     | __main__:run_forecasting:770 -   monthly      → ₦      905,445/MT  ↓ -23.7%  (2026-11-04)
2026-10-08 11:57:06.907 | INFO     | __main__:run_forecasting:770 -   3_months     → ₦      933,882/MT  ↓ -21.3%  (2027-01-03)
2026-10-08 11:57:06.907 | INFO     | __main__:run_forecasting:770 -   6_months     → ₦      950,855/MT  ↓ -19.8%  (2027-04-03)
2026-10-08 11:57:06.907 | INFO     | __main__:run_forecasting:776 -   ✅ Fish (dried)
2026-10-08 11:57:06.907 | INFO     | __main__:run_forecasting:760 - 
[17/17] Forecasting Eggs...
2026-10-08 11:57:07.249 | DEBUG    | __main__:forecast_commodity:618 -   [Eggs] 3/3 models generated forecasts
2026-10-08 11:57:07.257 | INFO     | __main__:run_forecasting:770 -   daily        → ₦        6,099/MT  ↓ -1.0%  (2026-10-06)
2026-10-08 11:57:07.257 | INFO     | __main__:run_forecasting:770 -   weekly       → ₦        5,730/MT  ↓ -7.0%  (2026-10-12)
2026-10-08 11:57:07.258 | INFO     | __main__:run_forecasting:770 -   2_weeks      → ₦        5,616/MT  ↓ -8.8%  (2026-10-19)
2026-10-08 11:57:07.258 | INFO     | __main__:run_forecasting:770 -   monthly      → ₦        5,607/MT  ↓ -9.0%  (2026-11-04)
2026-10-08 11:57:07.258 | INFO     | __main__:run_forecasting:770 -   3_months     → ₦        5,672/MT  ↓ -7.9%  (2027-01-03)
2026-10-08 11:57:07.258 | INFO     | __main__:run_forecasting:770 -   6_months     → ₦        5,414/MT  ↓ -12.1%  (2027-04-03)
2026-10-08 11:57:07.258 | INFO     | __main__:run_forecasting:776 -   ✅ Eggs
2026-10-08 11:57:07.345 | INFO     | __main__:run_forecasting:785 - 
  Forecast JSON saved → /home/runner/work/Agrolinking-Intelligence/Agrolinking-Intelligence/outputs/forecasts/forecast_2026-10-08.json
2026-10-08 11:57:07.345 | INFO     | __main__:run_forecasting:793 -   Daily alert saved → /home/runner/work/Agrolinking-Intelligence/Agrolinking-Intelligence/outputs/daily_alerts/alert_2026-10-08.txt
2026-10-08 11:57:07.345 | INFO     | __main__:run_forecasting:796 - 
============================================================
2026-10-08 11:57:07.345 | INFO     | __main__:run_forecasting:797 -   DAILY PRICE ALERT
2026-10-08 11:57:07.345 | INFO     | __main__:run_forecasting:798 - ============================================================
2026-10-08 11:57:07.345 | INFO     | __main__:run_forecasting:800 -   📊 AGROLINKING COMMODITY INTELLIGENCE ALERT
2026-10-08 11:57:07.346 | INFO     | __main__:run_forecasting:800 -   📅 Thursday, 08 October 2026
2026-10-08 11:57:07.346 | INFO     | __main__:run_forecasting:800 -   ─────────────────────────────────────────────
2026-10-08 11:57:07.346 | INFO     | __main__:run_forecasting:800 -   ▼ Hibiscus           ₦    2,545,759/MT  -2.09%
2026-10-08 11:57:07.346 | INFO     | __main__:run_forecasting:800 -   ▼ Sesame             ₦    1,381,237/MT  -1.34%
2026-10-08 11:57:07.346 | INFO     | __main__:run_forecasting:800 -   ▲ Ginger             ₦    8,111,574/MT  +1.39%
2026-10-08 11:57:07.346 | INFO     | __main__:run_forecasting:800 -   ▼ Cocoa              ₦    6,192,989/MT  -3.23%
2026-10-08 11:57:07.346 | INFO     | __main__:run_forecasting:800 -   ▼ Soybeans           ₦      784,581/MT  -0.69%
2026-10-08 11:57:07.346 | INFO     | __main__:run_forecasting:800 -   → Cashew Nuts        ₦    1,909,163/MT  +0.48%
2026-10-08 11:57:07.346 | INFO     | __main__:run_forecasting:800 -   → Sorghum            ₦      345,000/MT  +0.00%
2026-10-08 11:57:07.346 | INFO     | __main__:run_forecasting:800 -   ▼ Beans (white)      ₦      562,649/MT  -4.59%
2026-10-08 11:57:07.346 | INFO     | __main__:run_forecasting:800 -   ▼ Beans (red)        ₦      681,629/MT  -3.75%
2026-10-08 11:57:07.346 | INFO     | __main__:run_forecasting:800 -   ▼ Maize (white)      ₦      359,676/MT  -2.10%
2026-10-08 11:57:07.346 | INFO     | __main__:run_forecasting:800 -   ▼ Maize (yellow)     ₦      389,296/MT  -2.02%
2026-10-08 11:57:07.346 | INFO     | __main__:run_forecasting:800 -   ▼ Wheat              ₦      690,530/MT  -1.74%
2026-10-08 11:57:07.346 | INFO     | __main__:run_forecasting:800 -   ▼ Rice               ₦    1,453,709/MT  -1.75%
2026-10-08 11:57:07.346 | INFO     | __main__:run_forecasting:800 -   ▲ Meat (beef)        ₦    6,616,850/MT  +1.07%
2026-10-08 11:57:07.346 | INFO     | __main__:run_forecasting:800 -   → Meat (goat)        ₦    6,632,604/MT  +0.35%
2026-10-08 11:57:07.346 | INFO     | __main__:run_forecasting:800 -   ▼ Fish (dried)       ₦    1,143,989/MT  -3.54%
2026-10-08 11:57:07.346 | INFO     | __main__:run_forecasting:800 -   ▼ Eggs               ₦        6,099/MT  -1.00%
2026-10-08 11:57:07.346 | INFO     | __main__:run_forecasting:800 -   ─────────────────────────────────────────────
2026-10-08 11:57:07.346 | INFO     | __main__:run_forecasting:800 -   Source: Agrolinking Intelligence Platform
2026-10-08 11:57:07.346 | INFO     | __main__:run_forecasting:800 -   Next update: 09 Oct 2026
2026-10-08 11:57:07.346 | INFO     | __main__:run_forecasting:804 - 
  Note: master append handled by 06_validate.py (corrected prices).
2026-10-08 11:57:07.347 | INFO     | __main__:run_forecasting:808 - 
======================================================================
2026-10-08 11:57:07.347 | INFO     | __main__:run_forecasting:809 -   FORECAST SUMMARY — ALL COMMODITIES
2026-10-08 11:57:07.347 | INFO     | __main__:run_forecasting:810 - ======================================================================
2026-10-08 11:57:07.347 | INFO     | __main__:run_forecasting:811 -   Commodity                     Today         1 Week        1 Month       3 Months       6 Months
2026-10-08 11:57:07.347 | INFO     | __main__:run_forecasting:816 -   ----------------------------------------------------------------------------------
2026-10-08 11:57:07.347 | INFO     | __main__:run_forecasting:829 -   Hibiscus             ₦   2,545,759  ₦   2,220,314  ₦   2,214,716  ₦   2,227,478  ₦   2,276,201
2026-10-08 11:57:07.347 | INFO     | __main__:run_forecasting:829 -   Sesame               ₦   1,381,237  ₦   1,268,659  ₦   1,244,518  ₦   1,363,162  ₦   1,319,051
2026-10-08 11:57:07.347 | INFO     | __main__:run_forecasting:829 -   Ginger               ₦   8,111,574  ₦   8,781,016  ₦   8,675,612  ₦   8,397,792  ₦   8,369,712
2026-10-08 11:57:07.347 | INFO     | __main__:run_forecasting:829 -   Cocoa                ₦   6,192,989  ₦   4,950,921  ₦   4,772,121  ₦   3,779,848  ₦   2,630,391
2026-10-08 11:57:07.347 | INFO     | __main__:run_forecasting:829 -   Soybeans             ₦     784,581  ₦     752,064  ₦     740,326  ₦     743,953  ₦     760,789
2026-10-08 11:57:07.347 | INFO     | __main__:run_forecasting:829 -   Cashew Nuts          ₦   1,909,163  ₦   1,964,138  ₦   2,003,390  ₦   2,039,366  ₦   2,034,962
2026-10-08 11:57:07.347 | INFO     | __main__:run_forecasting:829 -   Sorghum              ₦     345,000  ₦     345,001  ₦     328,699  ₦     316,310  ₦     305,937
2026-10-08 11:57:07.347 | INFO     | __main__:run_forecasting:829 -   Beans (white)        ₦     562,649  ₦     400,111  ₦     396,846  ₦     407,674  ₦     408,838
2026-10-08 11:57:07.347 | INFO     | __main__:run_forecasting:829 -   Beans (red)          ₦     681,629  ₦     522,254  ₦     621,436  ₦     718,011  ₦     713,433
2026-10-08 11:57:07.347 | INFO     | __main__:run_forecasting:829 -   Maize (white)        ₦     359,676  ₦     313,346  ₦     317,289  ₦     330,704  ₦     339,761
2026-10-08 11:57:07.347 | INFO     | __main__:run_forecasting:829 -   Maize (yellow)       ₦     389,296  ₦     341,262  ₦     349,108  ₦     362,193  ₦     370,965
2026-10-08 11:57:07.347 | INFO     | __main__:run_forecasting:829 -   Wheat                ₦     690,530  ₦     617,374  ₦     606,045  ₦     624,174  ₦     626,864
2026-10-08 11:57:07.347 | INFO     | __main__:run_forecasting:829 -   Rice                 ₦   1,453,709  ₦   1,298,237  ₦   1,266,410  ₦   1,331,648  ₦   1,483,426
2026-10-08 11:57:07.347 | INFO     | __main__:run_forecasting:829 -   Meat (beef)          ₦   6,616,850  ₦   7,037,002  ₦   6,927,215  ₦   7,251,526  ₦   7,356,820
2026-10-08 11:57:07.347 | INFO     | __main__:run_forecasting:829 -   Meat (goat)          ₦   6,632,604  ₦   6,772,542  ₦   6,799,764  ₦   6,987,355  ₦   6,938,793
2026-10-08 11:57:07.348 | INFO     | __main__:run_forecasting:829 -   Fish (dried)         ₦   1,143,989  ₦     891,758  ₦     905,445  ₦     933,882  ₦     950,855
2026-10-08 11:57:07.348 | INFO     | __main__:run_forecasting:829 -   Eggs                 ₦       6,099  ₦       5,730  ₦       5,607  ₦       5,672  ₦       5,414
2026-10-08 11:57:07.348 | INFO     | __main__:run_forecasting:838 - ======================================================================
2026-10-08 11:57:07.348 | SUCCESS  | __main__:run_forecasting:839 - FORECASTING COMPLETE — 17/17 commodities
2026-10-08 11:57:07.348 | INFO     | __main__:run_forecasting:843 - ======================================================================
