2026-04-14 06:26:44.913 | INFO     | __main__:run_step:29 - 
════════════════════════════════════════════════════════════
2026-04-14 06:26:44.943 | INFO     | __main__:run_step:30 -   RUNNING: Step 5 — Forecasting
2026-04-14 06:26:45.016 | INFO     | __main__:run_step:31 - ════════════════════════════════════════════════════════════
2026-04-14 06:26:45.034 | INFO     | forecast:run_forecasting:636 - ============================================================
2026-04-14 06:26:45.048 | INFO     | forecast:run_forecasting:637 - STEP 5 — FORECASTING ENGINE
2026-04-14 06:26:45.052 | INFO     | forecast:run_forecasting:638 -   Run date  : Tuesday, 14 April 2026
2026-04-14 06:26:45.098 | INFO     | forecast:run_forecasting:639 -   Commodities: 11
2026-04-14 06:26:45.129 | INFO     | forecast:run_forecasting:640 -   Horizons  : ['daily', 'weekly', '2_weeks', 'monthly', '3_months', '6_months']
2026-04-14 06:26:45.136 | INFO     | forecast:run_forecasting:641 - ============================================================
2026-04-14 06:26:45.195 | INFO     | forecast:run_forecasting:644 - 
[1/11] Forecasting Hibiscus...
2026-04-14 06:27:57.227 | DEBUG    | forecast:forecast_commodity:553 -   [Hibiscus] 3/3 models generated forecasts
2026-04-14 06:27:57.241 | INFO     | forecast:run_forecasting:654 -   daily        → ₦    1,659,415/MT  ↓ -31.8%  (2026-04-20)
2026-04-14 06:27:57.250 | INFO     | forecast:run_forecasting:654 -   weekly       → ₦    1,659,415/MT  ↓ -31.8%  (2026-04-20)
2026-04-14 06:27:57.259 | INFO     | forecast:run_forecasting:654 -   2_weeks      → ₦    1,530,802/MT  ↓ -37.1%  (2026-04-27)
2026-04-14 06:27:57.274 | INFO     | forecast:run_forecasting:654 -   monthly      → ₦    1,508,016/MT  ↓ -38.0%  (2026-05-11)
2026-04-14 06:27:57.293 | INFO     | forecast:run_forecasting:654 -   3_months     → ₦    1,553,558/MT  ↓ -36.1%  (2026-07-13)
2026-04-14 06:27:57.304 | INFO     | forecast:run_forecasting:654 -   6_months     → ₦    1,495,462/MT  ↓ -38.5%  (2026-10-12)
2026-04-14 06:27:57.316 | INFO     | forecast:run_forecasting:660 -   ✅ Hibiscus
2026-04-14 06:27:57.334 | INFO     | forecast:run_forecasting:644 - 
[2/11] Forecasting Sesame...
2026-04-14 06:27:59.950 | DEBUG    | forecast:forecast_commodity:553 -   [Sesame] 3/3 models generated forecasts
2026-04-14 06:27:59.957 | INFO     | forecast:run_forecasting:654 -   daily        → ₦    8,283,798/MT  ↑ +379.6%  (2026-04-20)
2026-04-14 06:27:59.957 | INFO     | forecast:run_forecasting:654 -   weekly       → ₦    8,283,798/MT  ↑ +379.6%  (2026-04-20)
2026-04-14 06:27:59.957 | INFO     | forecast:run_forecasting:654 -   2_weeks      → ₦    8,359,576/MT  ↑ +384.0%  (2026-04-27)
2026-04-14 06:27:59.961 | INFO     | forecast:run_forecasting:654 -   monthly      → ₦    8,390,028/MT  ↑ +385.8%  (2026-05-11)
2026-04-14 06:27:59.961 | INFO     | forecast:run_forecasting:654 -   3_months     → ₦    8,812,214/MT  ↑ +410.2%  (2026-07-13)
2026-04-14 06:27:59.963 | INFO     | forecast:run_forecasting:654 -   6_months     → ₦    9,421,981/MT  ↑ +445.5%  (2026-10-12)
2026-04-14 06:27:59.963 | INFO     | forecast:run_forecasting:660 -   ✅ Sesame
2026-04-14 06:27:59.964 | INFO     | forecast:run_forecasting:644 - 
[3/11] Forecasting Ginger...
2026-04-14 06:28:02.847 | DEBUG    | forecast:forecast_commodity:553 -   [Ginger] 3/3 models generated forecasts
2026-04-14 06:28:02.857 | INFO     | forecast:run_forecasting:654 -   daily        → ₦   10,005,005/MT  ↑ +0.3%  (2026-04-20)
2026-04-14 06:28:02.857 | INFO     | forecast:run_forecasting:654 -   weekly       → ₦   10,005,005/MT  ↑ +0.3%  (2026-04-20)
2026-04-14 06:28:02.860 | INFO     | forecast:run_forecasting:654 -   2_weeks      → ₦   10,106,090/MT  ↑ +1.3%  (2026-04-27)
2026-04-14 06:28:02.860 | INFO     | forecast:run_forecasting:654 -   monthly      → ₦   10,107,265/MT  ↑ +1.4%  (2026-05-11)
2026-04-14 06:28:02.865 | INFO     | forecast:run_forecasting:654 -   3_months     → ₦    9,523,419/MT  ↓ -4.5%  (2026-07-13)
2026-04-14 06:28:02.876 | INFO     | forecast:run_forecasting:654 -   6_months     → ₦    9,109,903/MT  ↓ -8.7%  (2026-10-12)
2026-04-14 06:28:02.876 | INFO     | forecast:run_forecasting:660 -   ✅ Ginger
2026-04-14 06:28:02.878 | INFO     | forecast:run_forecasting:644 - 
[4/11] Forecasting Cocoa...
2026-04-14 06:28:05.961 | DEBUG    | forecast:forecast_commodity:553 -   [Cocoa] 3/3 models generated forecasts
2026-04-14 06:28:05.969 | INFO     | forecast:run_forecasting:654 -   daily        → ₦   12,838,776/MT  ↑ +101.3%  (2026-04-20)
2026-04-14 06:28:05.976 | INFO     | forecast:run_forecasting:654 -   weekly       → ₦   12,838,776/MT  ↑ +101.3%  (2026-04-20)
2026-04-14 06:28:05.980 | INFO     | forecast:run_forecasting:654 -   2_weeks      → ₦   13,472,107/MT  ↑ +111.2%  (2026-04-27)
2026-04-14 06:28:05.989 | INFO     | forecast:run_forecasting:654 -   monthly      → ₦   14,306,698/MT  ↑ +124.3%  (2026-05-11)
2026-04-14 06:28:05.996 | INFO     | forecast:run_forecasting:654 -   3_months     → ₦   13,072,624/MT  ↑ +104.9%  (2026-07-13)
2026-04-14 06:28:06.003 | INFO     | forecast:run_forecasting:654 -   6_months     → ₦   11,876,449/MT  ↑ +86.2%  (2026-10-12)
2026-04-14 06:28:06.017 | INFO     | forecast:run_forecasting:660 -   ✅ Cocoa
2026-04-14 06:28:06.031 | INFO     | forecast:run_forecasting:644 - 
[5/11] Forecasting Soybeans...
2026-04-14 06:28:08.517 | DEBUG    | forecast:forecast_commodity:553 -   [Soybeans] 3/3 models generated forecasts
2026-04-14 06:28:08.526 | INFO     | forecast:run_forecasting:654 -   daily        → ₦      623,340/MT  ↓ -4.6%  (2026-04-20)
2026-04-14 06:28:08.532 | INFO     | forecast:run_forecasting:654 -   weekly       → ₦      623,340/MT  ↓ -4.6%  (2026-04-20)
2026-04-14 06:28:08.532 | INFO     | forecast:run_forecasting:654 -   2_weeks      → ₦      617,704/MT  ↓ -5.5%  (2026-04-27)
2026-04-14 06:28:08.533 | INFO     | forecast:run_forecasting:654 -   monthly      → ₦      617,572/MT  ↓ -5.5%  (2026-05-11)
2026-04-14 06:28:08.533 | INFO     | forecast:run_forecasting:654 -   3_months     → ₦      600,014/MT  ↓ -8.2%  (2026-07-13)
2026-04-14 06:28:08.548 | INFO     | forecast:run_forecasting:654 -   6_months     → ₦      601,283/MT  ↓ -8.0%  (2026-10-12)
2026-04-14 06:28:08.559 | INFO     | forecast:run_forecasting:660 -   ✅ Soybeans
2026-04-14 06:28:08.572 | INFO     | forecast:run_forecasting:644 - 
[6/11] Forecasting Cashew Nuts...
2026-04-14 06:28:11.221 | DEBUG    | forecast:forecast_commodity:553 -   [Cashew Nuts] 3/3 models generated forecasts
2026-04-14 06:28:11.230 | INFO     | forecast:run_forecasting:654 -   daily        → ₦    1,349,371/MT  ↓ -21.5%  (2026-04-20)
2026-04-14 06:28:11.231 | INFO     | forecast:run_forecasting:654 -   weekly       → ₦    1,349,371/MT  ↓ -21.5%  (2026-04-20)
2026-04-14 06:28:11.234 | INFO     | forecast:run_forecasting:654 -   2_weeks      → ₦    1,346,364/MT  ↓ -21.7%  (2026-04-27)
2026-04-14 06:28:11.236 | INFO     | forecast:run_forecasting:654 -   monthly      → ₦    1,341,489/MT  ↓ -22.0%  (2026-05-11)
2026-04-14 06:28:11.236 | INFO     | forecast:run_forecasting:654 -   3_months     → ₦    1,476,509/MT  ↓ -14.1%  (2026-07-13)
2026-04-14 06:28:11.238 | INFO     | forecast:run_forecasting:654 -   6_months     → ₦    2,688,040/MT  ↑ +56.3%  (2026-10-12)
2026-04-14 06:28:11.241 | INFO     | forecast:run_forecasting:660 -   ✅ Cashew Nuts
2026-04-14 06:28:11.254 | INFO     | forecast:run_forecasting:644 - 
[7/11] Forecasting Sorghum...
2026-04-14 06:28:13.813 | DEBUG    | forecast:forecast_commodity:553 -   [Sorghum] 3/3 models generated forecasts
2026-04-14 06:28:13.822 | INFO     | forecast:run_forecasting:654 -   daily        → ₦      367,953/MT  ↑ +22.5%  (2026-04-20)
2026-04-14 06:28:13.824 | INFO     | forecast:run_forecasting:654 -   weekly       → ₦      367,953/MT  ↑ +22.5%  (2026-04-20)
2026-04-14 06:28:13.828 | INFO     | forecast:run_forecasting:654 -   2_weeks      → ₦      362,243/MT  ↑ +20.6%  (2026-04-27)
2026-04-14 06:28:13.828 | INFO     | forecast:run_forecasting:654 -   monthly      → ₦      358,827/MT  ↑ +19.4%  (2026-05-11)
2026-04-14 06:28:13.828 | INFO     | forecast:run_forecasting:654 -   3_months     → ₦      317,473/MT  ↑ +5.7%  (2026-07-13)
2026-04-14 06:28:13.830 | INFO     | forecast:run_forecasting:654 -   6_months     → ₦      233,583/MT  ↓ -22.2%  (2026-10-12)
2026-04-14 06:28:13.830 | INFO     | forecast:run_forecasting:660 -   ✅ Sorghum
2026-04-14 06:28:13.830 | INFO     | forecast:run_forecasting:644 - 
[8/11] Forecasting Beans (white)...
2026-04-14 06:28:17.824 | DEBUG    | forecast:forecast_commodity:553 -   [Beans (white)] 3/3 models generated forecasts
2026-04-14 06:28:17.837 | INFO     | forecast:run_forecasting:654 -   daily        → ₦      645,050/MT  ↓ -17.6%  (2026-04-20)
2026-04-14 06:28:17.843 | INFO     | forecast:run_forecasting:654 -   weekly       → ₦      645,050/MT  ↓ -17.6%  (2026-04-20)
2026-04-14 06:28:17.856 | INFO     | forecast:run_forecasting:654 -   2_weeks      → ₦      633,202/MT  ↓ -19.1%  (2026-04-27)
2026-04-14 06:28:17.882 | INFO     | forecast:run_forecasting:654 -   monthly      → ₦      641,382/MT  ↓ -18.1%  (2026-05-11)
2026-04-14 06:28:17.900 | INFO     | forecast:run_forecasting:654 -   3_months     → ₦      594,616/MT  ↓ -24.0%  (2026-07-13)
2026-04-14 06:28:17.908 | INFO     | forecast:run_forecasting:654 -   6_months     → ₦      542,513/MT  ↓ -30.7%  (2026-10-12)
2026-04-14 06:28:17.931 | INFO     | forecast:run_forecasting:660 -   ✅ Beans (white)
2026-04-14 06:28:17.947 | INFO     | forecast:run_forecasting:644 - 
[9/11] Forecasting Beans (red)...
2026-04-14 06:28:22.094 | DEBUG    | forecast:forecast_commodity:553 -   [Beans (red)] 3/3 models generated forecasts
2026-04-14 06:28:22.107 | INFO     | forecast:run_forecasting:654 -   daily        → ₦      720,781/MT  ↓ -17.7%  (2026-04-20)
2026-04-14 06:28:22.109 | INFO     | forecast:run_forecasting:654 -   weekly       → ₦      720,781/MT  ↓ -17.7%  (2026-04-20)
2026-04-14 06:28:22.113 | INFO     | forecast:run_forecasting:654 -   2_weeks      → ₦      713,451/MT  ↓ -18.6%  (2026-04-27)
2026-04-14 06:28:22.117 | INFO     | forecast:run_forecasting:654 -   monthly      → ₦      696,546/MT  ↓ -20.5%  (2026-05-11)
2026-04-14 06:28:22.132 | INFO     | forecast:run_forecasting:654 -   3_months     → ₦      575,253/MT  ↓ -34.4%  (2026-07-13)
2026-04-14 06:28:22.141 | INFO     | forecast:run_forecasting:654 -   6_months     → ₦      468,713/MT  ↓ -46.5%  (2026-10-12)
2026-04-14 06:28:22.149 | INFO     | forecast:run_forecasting:660 -   ✅ Beans (red)
2026-04-14 06:28:22.157 | INFO     | forecast:run_forecasting:644 - 
[10/11] Forecasting Maize (white)...
2026-04-14 06:28:25.841 | DEBUG    | forecast:forecast_commodity:553 -   [Maize (white)] 3/3 models generated forecasts
2026-04-14 06:28:25.850 | INFO     | forecast:run_forecasting:654 -   daily        → ₦      155,026/MT  ↓ -27.5%  (2026-04-20)
2026-04-14 06:28:25.853 | INFO     | forecast:run_forecasting:654 -   weekly       → ₦      155,026/MT  ↓ -27.5%  (2026-04-20)
2026-04-14 06:28:25.853 | INFO     | forecast:run_forecasting:654 -   2_weeks      → ₦      155,271/MT  ↓ -27.4%  (2026-04-27)
2026-04-14 06:28:25.855 | INFO     | forecast:run_forecasting:654 -   monthly      → ₦      155,999/MT  ↓ -27.1%  (2026-05-11)
2026-04-14 06:28:25.856 | INFO     | forecast:run_forecasting:654 -   3_months     → ₦      157,115/MT  ↓ -26.6%  (2026-07-13)
2026-04-14 06:28:25.858 | INFO     | forecast:run_forecasting:654 -   6_months     → ₦      154,491/MT  ↓ -27.8%  (2026-10-12)
2026-04-14 06:28:25.859 | INFO     | forecast:run_forecasting:660 -   ✅ Maize (white)
2026-04-14 06:28:25.863 | INFO     | forecast:run_forecasting:644 - 
[11/11] Forecasting Maize (yellow)...
2026-04-14 06:28:28.244 | DEBUG    | forecast:forecast_commodity:553 -   [Maize (yellow)] 3/3 models generated forecasts
2026-04-14 06:28:28.255 | INFO     | forecast:run_forecasting:654 -   daily        → ₦      172,301/MT  ↓ -25.3%  (2026-04-20)
2026-04-14 06:28:28.257 | INFO     | forecast:run_forecasting:654 -   weekly       → ₦      172,301/MT  ↓ -25.3%  (2026-04-20)
2026-04-14 06:28:28.257 | INFO     | forecast:run_forecasting:654 -   2_weeks      → ₦      172,278/MT  ↓ -25.3%  (2026-04-27)
2026-04-14 06:28:28.257 | INFO     | forecast:run_forecasting:654 -   monthly      → ₦      172,269/MT  ↓ -25.3%  (2026-05-11)
2026-04-14 06:28:28.260 | INFO     | forecast:run_forecasting:654 -   3_months     → ₦      172,619/MT  ↓ -25.1%  (2026-07-13)
2026-04-14 06:28:28.260 | INFO     | forecast:run_forecasting:654 -   6_months     → ₦      171,990/MT  ↓ -25.4%  (2026-10-12)
2026-04-14 06:28:28.260 | INFO     | forecast:run_forecasting:660 -   ✅ Maize (yellow)
2026-04-14 06:28:28.556 | INFO     | forecast:run_forecasting:669 - 
  Forecast JSON saved → c:\Users\USER\Downloads\agrolinking-intel-structure\agrolinking-intel\outputs\forecasts\forecast_2026-04-14.json
2026-04-14 06:28:28.561 | INFO     | forecast:run_forecasting:677 -   Daily alert saved → c:\Users\USER\Downloads\agrolinking-intel-structure\agrolinking-intel\outputs\daily_alerts\alert_2026-04-14.txt
2026-04-14 06:28:28.564 | INFO     | forecast:run_forecasting:680 - 
============================================================
2026-04-14 06:28:28.566 | INFO     | forecast:run_forecasting:681 -   DAILY PRICE ALERT
2026-04-14 06:28:28.568 | INFO     | forecast:run_forecasting:682 - ============================================================
2026-04-14 06:28:28.574 | INFO     | forecast:run_forecasting:684 -   📊 AGROLINKING COMMODITY INTELLIGENCE ALERT
2026-04-14 06:28:28.579 | INFO     | forecast:run_forecasting:684 -   📅 Tuesday, 14 April 2026
2026-04-14 06:28:28.582 | INFO     | forecast:run_forecasting:684 -   ─────────────────────────────────────────────
2026-04-14 06:28:28.584 | INFO     | forecast:run_forecasting:684 -   ▼ Hibiscus           ₦    1,659,415/MT  -31.8%
2026-04-14 06:28:28.584 | INFO     | forecast:run_forecasting:684 -   ▲ Sesame             ₦    8,283,798/MT  ++379.6%
2026-04-14 06:28:28.592 | INFO     | forecast:run_forecasting:684 -   → Ginger             ₦   10,005,005/MT  ++0.3%
2026-04-14 06:28:28.594 | INFO     | forecast:run_forecasting:684 -   ▲ Cocoa              ₦   12,838,776/MT  ++101.3%
2026-04-14 06:28:28.595 | INFO     | forecast:run_forecasting:684 -   ▼ Soybeans           ₦      623,340/MT  -4.6%
2026-04-14 06:28:28.595 | INFO     | forecast:run_forecasting:684 -   ▼ Cashew Nuts        ₦    1,349,371/MT  -21.5%
2026-04-14 06:28:28.600 | INFO     | forecast:run_forecasting:684 -   ▲ Sorghum            ₦      367,953/MT  ++22.5%
2026-04-14 06:28:28.601 | INFO     | forecast:run_forecasting:684 -   ▼ Beans (white)      ₦      645,050/MT  -17.6%
2026-04-14 06:28:28.608 | INFO     | forecast:run_forecasting:684 -   ▼ Beans (red)        ₦      720,781/MT  -17.7%
2026-04-14 06:28:28.610 | INFO     | forecast:run_forecasting:684 -   ▼ Maize (white)      ₦      155,026/MT  -27.5%
2026-04-14 06:28:28.610 | INFO     | forecast:run_forecasting:684 -   ▼ Maize (yellow)     ₦      172,301/MT  -25.3%
2026-04-14 06:28:28.613 | INFO     | forecast:run_forecasting:684 -   ─────────────────────────────────────────────
2026-04-14 06:28:28.616 | INFO     | forecast:run_forecasting:684 -   Source: Agrolinking Intelligence Platform
2026-04-14 06:28:28.616 | INFO     | forecast:run_forecasting:684 -   Next update: 15 Apr 2026
2026-04-14 06:28:28.617 | INFO     | forecast:run_forecasting:688 - 
  Note: master append handled by 06_validate.py (corrected prices).
2026-04-14 06:28:28.624 | INFO     | forecast:run_forecasting:692 - 
======================================================================
2026-04-14 06:28:28.626 | INFO     | forecast:run_forecasting:693 -   FORECAST SUMMARY — ALL COMMODITIES
2026-04-14 06:28:28.626 | INFO     | forecast:run_forecasting:694 - ======================================================================
2026-04-14 06:28:28.647 | INFO     | forecast:run_forecasting:695 -   Commodity                     Today         1 Week        1 Month       3 Months       6 Months
2026-04-14 06:28:28.674 | INFO     | forecast:run_forecasting:700 -   ----------------------------------------------------------------------------------
2026-04-14 06:28:28.678 | INFO     | forecast:run_forecasting:713 -   Hibiscus             ₦   1,659,415  ₦   1,659,415  ₦   1,508,016  ₦   1,553,558  ₦   1,495,462
2026-04-14 06:28:28.681 | INFO     | forecast:run_forecasting:713 -   Sesame               ₦   8,283,798  ₦   8,283,798  ₦   8,390,028  ₦   8,812,214  ₦   9,421,981
2026-04-14 06:28:28.688 | INFO     | forecast:run_forecasting:713 -   Ginger               ₦  10,005,005  ₦  10,005,005  ₦  10,107,265  ₦   9,523,419  ₦   9,109,903
2026-04-14 06:28:28.692 | INFO     | forecast:run_forecasting:713 -   Cocoa                ₦  12,838,776  ₦  12,838,776  ₦  14,306,698  ₦  13,072,624  ₦  11,876,449
2026-04-14 06:28:28.696 | INFO     | forecast:run_forecasting:713 -   Soybeans             ₦     623,340  ₦     623,340  ₦     617,572  ₦     600,014  ₦     601,283
2026-04-14 06:28:28.704 | INFO     | forecast:run_forecasting:713 -   Cashew Nuts          ₦   1,349,371  ₦   1,349,371  ₦   1,341,489  ₦   1,476,509  ₦   2,688,040
2026-04-14 06:28:28.710 | INFO     | forecast:run_forecasting:713 -   Sorghum              ₦     367,953  ₦     367,953  ₦     358,827  ₦     317,473  ₦     233,583
2026-04-14 06:28:28.721 | INFO     | forecast:run_forecasting:713 -   Beans (white)        ₦     645,050  ₦     645,050  ₦     641,382  ₦     594,616  ₦     542,513
2026-04-14 06:28:28.726 | INFO     | forecast:run_forecasting:713 -   Beans (red)          ₦     720,781  ₦     720,781  ₦     696,546  ₦     575,253  ₦     468,713
2026-04-14 06:28:28.726 | INFO     | forecast:run_forecasting:713 -   Maize (white)        ₦     155,026  ₦     155,026  ₦     155,999  ₦     157,115  ₦     154,491
2026-04-14 06:28:28.729 | INFO     | forecast:run_forecasting:713 -   Maize (yellow)       ₦     172,301  ₦     172,301  ₦     172,269  ₦     172,619  ₦     171,990
2026-04-14 06:28:28.739 | INFO     | forecast:run_forecasting:722 - ======================================================================
2026-04-14 06:28:28.740 | SUCCESS  | forecast:run_forecasting:723 - FORECASTING COMPLETE — 11/11 commodities
2026-04-14 06:28:28.744 | INFO     | forecast:run_forecasting:727 - ======================================================================
2026-04-14 06:28:28.750 | SUCCESS  | __main__:run_step:36 -   ✅ Step 5 — Forecasting completed in 103.7s
