2026-07-22 07:16:10.423 | INFO     | __main__:run_forecasting:330 - =================================================================
2026-07-22 07:16:10.426 | INFO     | __main__:run_forecasting:331 - STEP 5 — FORECASTING ENGINE
2026-07-22 07:16:10.428 | INFO     | __main__:run_forecasting:332 -   Run date   : Wednesday, 22 July 2026
2026-07-22 07:16:10.428 | INFO     | __main__:run_forecasting:333 -   Commodities: 17
2026-07-22 07:16:10.430 | INFO     | __main__:run_forecasting:334 -   Horizons   : ['daily', 'weekly', '2_weeks', 'monthly', '3_months', '6_months']
2026-07-22 07:16:10.432 | INFO     | __main__:run_forecasting:335 -   Ensemble   : ARIMA + Prophet + Holt-Winters + XGBoost + LightGBM
2026-07-22 07:16:10.434 | INFO     | __main__:run_forecasting:336 - =================================================================
2026-07-22 07:16:11.363 | INFO     | __main__:run_forecasting:353 - 
[1/17] Forecasting Hibiscus...
2026-07-22 07:16:56.996 | DEBUG    | __main__:forecast_holt_winters:131 -     Holt-Winters forecast failed: positive() got an unexpected keyword argument 'lower'
2026-07-22 07:16:57.008 | DEBUG    | __main__:forecast_tree:163 -     Tree forecast failed: Feature shape mismatch, expected: 18, got 16
2026-07-22 07:16:57.010 | INFO     | __main__:forecast_commodity:294 -   daily        -> N   2,221,300/MT  -3.1%  (2026-07-27)
2026-07-22 07:16:57.012 | INFO     | __main__:forecast_commodity:294 -   weekly       -> N   2,221,300/MT  -3.1%  (2026-08-03)
2026-07-22 07:16:57.013 | INFO     | __main__:forecast_commodity:294 -   2_weeks      -> N   2,213,168/MT  -3.5%  (2026-08-10)
2026-07-22 07:16:57.014 | INFO     | __main__:forecast_commodity:294 -   monthly      -> N   2,152,966/MT  -6.1%  (2026-08-24)
2026-07-22 07:16:57.020 | INFO     | __main__:forecast_commodity:294 -   3_months     -> N   2,127,120/MT  -7.3%  (2026-10-26)
2026-07-22 07:16:57.029 | INFO     | __main__:forecast_commodity:294 -   6_months     -> N   2,426,864/MT  +5.8%  (2027-01-25)
2026-07-22 07:16:57.037 | INFO     | __main__:run_forecasting:359 -   Hibiscus
2026-07-22 07:16:57.039 | INFO     | __main__:run_forecasting:353 - 
[2/17] Forecasting Sesame...
2026-07-22 07:16:57.559 | DEBUG    | __main__:forecast_holt_winters:131 -     Holt-Winters forecast failed: positive() got an unexpected keyword argument 'lower'
2026-07-22 07:16:57.565 | DEBUG    | __main__:forecast_tree:163 -     Tree forecast failed: Feature shape mismatch, expected: 18, got 16
2026-07-22 07:16:57.567 | INFO     | __main__:forecast_commodity:294 -   daily        -> N   1,518,132/MT  -6.8%  (2026-07-27)
2026-07-22 07:16:57.573 | INFO     | __main__:forecast_commodity:294 -   weekly       -> N   1,518,132/MT  -6.8%  (2026-08-03)
2026-07-22 07:16:57.581 | INFO     | __main__:forecast_commodity:294 -   2_weeks      -> N   1,581,019/MT  -3.0%  (2026-08-10)
2026-07-22 07:16:57.598 | INFO     | __main__:forecast_commodity:294 -   monthly      -> N   1,572,684/MT  -3.5%  (2026-08-24)
2026-07-22 07:16:57.609 | INFO     | __main__:forecast_commodity:294 -   3_months     -> N   1,492,392/MT  -8.4%  (2026-10-26)
2026-07-22 07:16:57.621 | INFO     | __main__:forecast_commodity:294 -   6_months     -> N   1,658,075/MT  +1.8%  (2027-01-25)
2026-07-22 07:16:57.656 | INFO     | __main__:run_forecasting:359 -   Sesame
2026-07-22 07:16:57.664 | INFO     | __main__:run_forecasting:353 - 
[3/17] Forecasting Ginger...
2026-07-22 07:16:58.319 | DEBUG    | __main__:forecast_holt_winters:131 -     Holt-Winters forecast failed: positive() got an unexpected keyword argument 'lower'
2026-07-22 07:16:58.328 | DEBUG    | __main__:forecast_tree:163 -     Tree forecast failed: Feature shape mismatch, expected: 18, got 16
2026-07-22 07:16:58.328 | INFO     | __main__:forecast_commodity:294 -   daily        -> N  12,492,202/MT  +3.4%  (2026-07-27)
2026-07-22 07:16:58.330 | INFO     | __main__:forecast_commodity:294 -   weekly       -> N  12,492,202/MT  +3.4%  (2026-08-03)
2026-07-22 07:16:58.330 | INFO     | __main__:forecast_commodity:294 -   2_weeks      -> N  12,799,961/MT  +5.9%  (2026-08-10)
2026-07-22 07:16:58.333 | INFO     | __main__:forecast_commodity:294 -   monthly      -> N  12,464,431/MT  +3.1%  (2026-08-24)
2026-07-22 07:16:58.333 | INFO     | __main__:forecast_commodity:294 -   3_months     -> N  12,269,472/MT  +1.5%  (2026-10-26)
2026-07-22 07:16:58.335 | INFO     | __main__:forecast_commodity:294 -   6_months     -> N  13,691,047/MT  +13.3%  (2027-01-25)
2026-07-22 07:16:58.339 | INFO     | __main__:run_forecasting:359 -   Ginger
2026-07-22 07:16:58.340 | INFO     | __main__:run_forecasting:353 - 
[4/17] Forecasting Cocoa...
2026-07-22 07:16:58.864 | DEBUG    | __main__:forecast_holt_winters:131 -     Holt-Winters forecast failed: positive() got an unexpected keyword argument 'lower'
2026-07-22 07:16:58.870 | DEBUG    | __main__:forecast_tree:163 -     Tree forecast failed: Feature shape mismatch, expected: 18, got 16
2026-07-22 07:16:58.872 | INFO     | __main__:forecast_commodity:294 -   daily        -> N   9,098,715/MT  +57.4%  (2026-07-27)
2026-07-22 07:16:58.874 | INFO     | __main__:forecast_commodity:294 -   weekly       -> N   9,098,715/MT  +57.4%  (2026-08-03)
2026-07-22 07:16:58.877 | INFO     | __main__:forecast_commodity:294 -   2_weeks      -> N   9,571,241/MT  +65.6%  (2026-08-10)
2026-07-22 07:16:58.879 | INFO     | __main__:forecast_commodity:294 -   monthly      -> N   9,522,446/MT  +64.8%  (2026-08-24)
2026-07-22 07:16:58.883 | INFO     | __main__:forecast_commodity:294 -   3_months     -> N   8,946,681/MT  +54.8%  (2026-10-26)
2026-07-22 07:16:58.888 | INFO     | __main__:forecast_commodity:294 -   6_months     -> N   9,436,319/MT  +63.3%  (2027-01-25)
2026-07-22 07:16:58.914 | INFO     | __main__:run_forecasting:359 -   Cocoa
2026-07-22 07:16:58.920 | INFO     | __main__:run_forecasting:353 - 
[5/17] Forecasting Soybeans...
2026-07-22 07:16:59.397 | DEBUG    | __main__:forecast_holt_winters:131 -     Holt-Winters forecast failed: positive() got an unexpected keyword argument 'lower'
2026-07-22 07:16:59.405 | DEBUG    | __main__:forecast_tree:163 -     Tree forecast failed: Feature shape mismatch, expected: 18, got 16
2026-07-22 07:16:59.405 | INFO     | __main__:forecast_commodity:294 -   daily        -> N     858,070/MT  +13.6%  (2026-07-27)
2026-07-22 07:16:59.407 | INFO     | __main__:forecast_commodity:294 -   weekly       -> N     858,070/MT  +13.6%  (2026-08-03)
2026-07-22 07:16:59.407 | INFO     | __main__:forecast_commodity:294 -   2_weeks      -> N     871,709/MT  +15.4%  (2026-08-10)
2026-07-22 07:16:59.409 | INFO     | __main__:forecast_commodity:294 -   monthly      -> N     855,298/MT  +13.2%  (2026-08-24)
2026-07-22 07:16:59.411 | INFO     | __main__:forecast_commodity:294 -   3_months     -> N     843,861/MT  +11.7%  (2026-10-26)
2026-07-22 07:16:59.415 | INFO     | __main__:forecast_commodity:294 -   6_months     -> N     864,133/MT  +14.4%  (2027-01-25)
2026-07-22 07:16:59.426 | INFO     | __main__:run_forecasting:359 -   Soybeans
2026-07-22 07:16:59.428 | INFO     | __main__:run_forecasting:353 - 
[6/17] Forecasting Cashew Nuts...
2026-07-22 07:16:59.869 | DEBUG    | __main__:forecast_holt_winters:131 -     Holt-Winters forecast failed: positive() got an unexpected keyword argument 'lower'
2026-07-22 07:16:59.875 | DEBUG    | __main__:forecast_tree:163 -     Tree forecast failed: Feature shape mismatch, expected: 18, got 16
2026-07-22 07:16:59.875 | INFO     | __main__:forecast_commodity:294 -   daily        -> N   2,116,220/MT  +6.1%  (2026-07-27)
2026-07-22 07:16:59.878 | INFO     | __main__:forecast_commodity:294 -   weekly       -> N   2,116,220/MT  +6.1%  (2026-08-03)
2026-07-22 07:16:59.885 | INFO     | __main__:forecast_commodity:294 -   2_weeks      -> N   2,204,580/MT  +10.5%  (2026-08-10)
2026-07-22 07:16:59.889 | INFO     | __main__:forecast_commodity:294 -   monthly      -> N   2,206,670/MT  +10.7%  (2026-08-24)
2026-07-22 07:16:59.900 | INFO     | __main__:forecast_commodity:294 -   3_months     -> N   2,220,249/MT  +11.3%  (2026-10-26)
2026-07-22 07:16:59.914 | INFO     | __main__:forecast_commodity:294 -   6_months     -> N   2,188,071/MT  +9.7%  (2027-01-25)
2026-07-22 07:16:59.940 | INFO     | __main__:run_forecasting:359 -   Cashew Nuts
2026-07-22 07:16:59.965 | INFO     | __main__:run_forecasting:353 - 
[7/17] Forecasting Sorghum...
2026-07-22 07:17:00.605 | DEBUG    | __main__:forecast_holt_winters:131 -     Holt-Winters forecast failed: positive() got an unexpected keyword argument 'lower'
2026-07-22 07:17:00.616 | DEBUG    | __main__:forecast_tree:163 -     Tree forecast failed: Feature shape mismatch, expected: 18, got 16
2026-07-22 07:17:00.616 | INFO     | __main__:forecast_commodity:294 -   daily        -> N     463,756/MT  +9.1%  (2026-07-27)
2026-07-22 07:17:00.622 | INFO     | __main__:forecast_commodity:294 -   weekly       -> N     463,756/MT  +9.1%  (2026-08-03)
2026-07-22 07:17:00.679 | INFO     | __main__:forecast_commodity:294 -   2_weeks      -> N     477,597/MT  +12.4%  (2026-08-10)
2026-07-22 07:17:00.696 | INFO     | __main__:forecast_commodity:294 -   monthly      -> N     481,618/MT  +13.3%  (2026-08-24)
2026-07-22 07:17:00.705 | INFO     | __main__:forecast_commodity:294 -   3_months     -> N     450,250/MT  +6.0%  (2026-10-26)
2026-07-22 07:17:00.740 | INFO     | __main__:forecast_commodity:294 -   6_months     -> N     421,000/MT  -0.9%  (2027-01-25)
2026-07-22 07:17:00.762 | INFO     | __main__:run_forecasting:359 -   Sorghum
2026-07-22 07:17:00.770 | INFO     | __main__:run_forecasting:353 - 
[8/17] Forecasting Beans (white)...
2026-07-22 07:17:01.540 | DEBUG    | __main__:forecast_holt_winters:131 -     Holt-Winters forecast failed: positive() got an unexpected keyword argument 'lower'
2026-07-22 07:17:01.546 | DEBUG    | __main__:forecast_tree:163 -     Tree forecast failed: Feature shape mismatch, expected: 18, got 16
2026-07-22 07:17:01.549 | INFO     | __main__:forecast_commodity:294 -   daily        -> N     980,047/MT  +17.9%  (2026-07-27)
2026-07-22 07:17:01.551 | INFO     | __main__:forecast_commodity:294 -   weekly       -> N     980,047/MT  +17.9%  (2026-08-03)
2026-07-22 07:17:01.555 | INFO     | __main__:forecast_commodity:294 -   2_weeks      -> N   1,000,918/MT  +20.4%  (2026-08-10)
2026-07-22 07:17:01.560 | INFO     | __main__:forecast_commodity:294 -   monthly      -> N     998,476/MT  +20.1%  (2026-08-24)
2026-07-22 07:17:01.567 | INFO     | __main__:forecast_commodity:294 -   3_months     -> N   1,010,912/MT  +21.6%  (2026-10-26)
2026-07-22 07:17:01.573 | INFO     | __main__:forecast_commodity:294 -   6_months     -> N   1,018,362/MT  +22.5%  (2027-01-25)
2026-07-22 07:17:01.592 | INFO     | __main__:run_forecasting:359 -   Beans (white)
2026-07-22 07:17:01.597 | INFO     | __main__:run_forecasting:353 - 
[9/17] Forecasting Beans (red)...
2026-07-22 07:17:02.370 | DEBUG    | __main__:forecast_holt_winters:131 -     Holt-Winters forecast failed: positive() got an unexpected keyword argument 'lower'
2026-07-22 07:17:02.374 | DEBUG    | __main__:forecast_tree:163 -     Tree forecast failed: Feature shape mismatch, expected: 18, got 16
2026-07-22 07:17:02.386 | INFO     | __main__:forecast_commodity:294 -   daily        -> N     832,000/MT  -7.2%  (2026-07-27)
2026-07-22 07:17:02.388 | INFO     | __main__:forecast_commodity:294 -   weekly       -> N     832,000/MT  -7.2%  (2026-08-03)
2026-07-22 07:17:02.389 | INFO     | __main__:forecast_commodity:294 -   2_weeks      -> N     831,616/MT  -7.2%  (2026-08-10)
2026-07-22 07:17:02.396 | INFO     | __main__:forecast_commodity:294 -   monthly      -> N     825,141/MT  -7.9%  (2026-08-24)
2026-07-22 07:17:02.401 | INFO     | __main__:forecast_commodity:294 -   3_months     -> N     758,048/MT  -15.4%  (2026-10-26)
2026-07-22 07:17:02.408 | INFO     | __main__:forecast_commodity:294 -   6_months     -> N     698,823/MT  -22.0%  (2027-01-25)
2026-07-22 07:17:02.410 | INFO     | __main__:run_forecasting:359 -   Beans (red)
2026-07-22 07:17:02.412 | INFO     | __main__:run_forecasting:353 - 
[10/17] Forecasting Maize (white)...
2026-07-22 07:17:03.347 | DEBUG    | __main__:forecast_holt_winters:131 -     Holt-Winters forecast failed: positive() got an unexpected keyword argument 'lower'
2026-07-22 07:17:03.354 | DEBUG    | __main__:forecast_tree:163 -     Tree forecast failed: Feature shape mismatch, expected: 18, got 16
2026-07-22 07:17:03.356 | INFO     | __main__:forecast_commodity:294 -   daily        -> N     367,296/MT  -1.8%  (2026-07-27)
2026-07-22 07:17:03.364 | INFO     | __main__:forecast_commodity:294 -   weekly       -> N     367,296/MT  -1.8%  (2026-08-03)
2026-07-22 07:17:03.388 | INFO     | __main__:forecast_commodity:294 -   2_weeks      -> N     372,332/MT  -0.5%  (2026-08-10)
2026-07-22 07:17:03.400 | INFO     | __main__:forecast_commodity:294 -   monthly      -> N     379,650/MT  +1.5%  (2026-08-24)
2026-07-22 07:17:03.409 | INFO     | __main__:forecast_commodity:294 -   3_months     -> N     367,049/MT  -1.9%  (2026-10-26)
2026-07-22 07:17:03.451 | INFO     | __main__:forecast_commodity:294 -   6_months     -> N     378,866/MT  +1.3%  (2027-01-25)
2026-07-22 07:17:03.484 | INFO     | __main__:run_forecasting:359 -   Maize (white)
2026-07-22 07:17:03.488 | INFO     | __main__:run_forecasting:353 - 
[11/17] Forecasting Maize (yellow)...
2026-07-22 07:17:04.132 | DEBUG    | __main__:forecast_holt_winters:131 -     Holt-Winters forecast failed: positive() got an unexpected keyword argument 'lower'
2026-07-22 07:17:04.136 | DEBUG    | __main__:forecast_tree:163 -     Tree forecast failed: Feature shape mismatch, expected: 18, got 16
2026-07-22 07:17:04.137 | INFO     | __main__:forecast_commodity:294 -   daily        -> N     419,292/MT  +4.0%  (2026-07-27)
2026-07-22 07:17:04.137 | INFO     | __main__:forecast_commodity:294 -   weekly       -> N     419,292/MT  +4.0%  (2026-08-03)
2026-07-22 07:17:04.137 | INFO     | __main__:forecast_commodity:294 -   2_weeks      -> N     410,824/MT  +1.9%  (2026-08-10)
2026-07-22 07:17:04.141 | INFO     | __main__:forecast_commodity:294 -   monthly      -> N     412,105/MT  +2.2%  (2026-08-24)
2026-07-22 07:17:04.152 | INFO     | __main__:forecast_commodity:294 -   3_months     -> N     411,624/MT  +2.1%  (2026-10-26)
2026-07-22 07:17:04.186 | INFO     | __main__:forecast_commodity:294 -   6_months     -> N     428,462/MT  +6.3%  (2027-01-25)
2026-07-22 07:17:04.199 | INFO     | __main__:run_forecasting:359 -   Maize (yellow)
2026-07-22 07:17:04.201 | INFO     | __main__:run_forecasting:353 - 
[12/17] Forecasting Wheat...
2026-07-22 07:17:04.800 | DEBUG    | __main__:forecast_holt_winters:131 -     Holt-Winters forecast failed: positive() got an unexpected keyword argument 'lower'
2026-07-22 07:17:04.805 | DEBUG    | __main__:forecast_tree:163 -     Tree forecast failed: Feature shape mismatch, expected: 18, got 16
2026-07-22 07:17:04.807 | INFO     | __main__:forecast_commodity:294 -   daily        -> N     763,647/MT  +6.5%  (2026-07-27)
2026-07-22 07:17:04.821 | INFO     | __main__:forecast_commodity:294 -   weekly       -> N     763,647/MT  +6.5%  (2026-08-03)
2026-07-22 07:17:04.836 | INFO     | __main__:forecast_commodity:294 -   2_weeks      -> N     759,612/MT  +6.0%  (2026-08-10)
2026-07-22 07:17:04.861 | INFO     | __main__:forecast_commodity:294 -   monthly      -> N     743,077/MT  +3.6%  (2026-08-24)
2026-07-22 07:17:04.903 | INFO     | __main__:forecast_commodity:294 -   3_months     -> N     760,558/MT  +6.1%  (2026-10-26)
2026-07-22 07:17:04.916 | INFO     | __main__:forecast_commodity:294 -   6_months     -> N     792,944/MT  +10.6%  (2027-01-25)
2026-07-22 07:17:04.940 | INFO     | __main__:run_forecasting:359 -   Wheat
2026-07-22 07:17:04.960 | INFO     | __main__:run_forecasting:353 - 
[13/17] Forecasting Rice...
2026-07-22 07:17:05.654 | DEBUG    | __main__:forecast_holt_winters:131 -     Holt-Winters forecast failed: positive() got an unexpected keyword argument 'lower'
2026-07-22 07:17:05.661 | DEBUG    | __main__:forecast_tree:163 -     Tree forecast failed: Feature shape mismatch, expected: 18, got 16
2026-07-22 07:17:05.661 | INFO     | __main__:forecast_commodity:294 -   daily        -> N   1,687,733/MT  +6.4%  (2026-07-27)
2026-07-22 07:17:05.673 | INFO     | __main__:forecast_commodity:294 -   weekly       -> N   1,687,733/MT  +6.4%  (2026-08-03)
2026-07-22 07:17:05.673 | INFO     | __main__:forecast_commodity:294 -   2_weeks      -> N   1,689,304/MT  +6.5%  (2026-08-10)
2026-07-22 07:17:05.690 | INFO     | __main__:forecast_commodity:294 -   monthly      -> N   1,706,012/MT  +7.5%  (2026-08-24)
2026-07-22 07:17:05.721 | INFO     | __main__:forecast_commodity:294 -   3_months     -> N   1,707,975/MT  +7.7%  (2026-10-26)
2026-07-22 07:17:05.729 | INFO     | __main__:forecast_commodity:294 -   6_months     -> N   1,759,191/MT  +10.9%  (2027-01-25)
2026-07-22 07:17:05.752 | INFO     | __main__:run_forecasting:359 -   Rice
2026-07-22 07:17:05.761 | INFO     | __main__:run_forecasting:353 - 
[14/17] Forecasting Eggs...
2026-07-22 07:17:06.730 | DEBUG    | __main__:forecast_holt_winters:131 -     Holt-Winters forecast failed: positive() got an unexpected keyword argument 'lower'
2026-07-22 07:17:06.746 | DEBUG    | __main__:forecast_tree:163 -     Tree forecast failed: Feature shape mismatch, expected: 18, got 16
2026-07-22 07:17:06.748 | INFO     | __main__:forecast_commodity:294 -   daily        -> N       6,907/MT  -1.9%  (2026-07-27)
2026-07-22 07:17:06.768 | INFO     | __main__:forecast_commodity:294 -   weekly       -> N       6,907/MT  -1.9%  (2026-08-03)
2026-07-22 07:17:06.785 | INFO     | __main__:forecast_commodity:294 -   2_weeks      -> N       6,829/MT  -3.0%  (2026-08-10)
2026-07-22 07:17:06.799 | INFO     | __main__:forecast_commodity:294 -   monthly      -> N       7,003/MT  -0.5%  (2026-08-24)
2026-07-22 07:17:06.821 | INFO     | __main__:forecast_commodity:294 -   3_months     -> N       7,397/MT  +5.1%  (2026-10-26)
2026-07-22 07:17:06.869 | INFO     | __main__:forecast_commodity:294 -   6_months     -> N       7,759/MT  +10.2%  (2027-01-25)
2026-07-22 07:17:06.891 | INFO     | __main__:run_forecasting:359 -   Eggs
2026-07-22 07:17:06.934 | INFO     | __main__:run_forecasting:353 - 
[15/17] Forecasting Fish (dried)...
2026-07-22 07:17:08.215 | DEBUG    | __main__:forecast_holt_winters:131 -     Holt-Winters forecast failed: positive() got an unexpected keyword argument 'lower'
2026-07-22 07:17:08.221 | DEBUG    | __main__:forecast_tree:163 -     Tree forecast failed: Feature shape mismatch, expected: 18, got 16
2026-07-22 07:17:08.223 | INFO     | __main__:forecast_commodity:294 -   daily        -> N   2,478,763/MT  -0.8%  (2026-07-27)
2026-07-22 07:17:08.228 | INFO     | __main__:forecast_commodity:294 -   weekly       -> N   2,478,763/MT  -0.8%  (2026-08-03)
2026-07-22 07:17:08.234 | INFO     | __main__:forecast_commodity:294 -   2_weeks      -> N   2,389,121/MT  -4.4%  (2026-08-10)
2026-07-22 07:17:08.250 | INFO     | __main__:forecast_commodity:294 -   monthly      -> N   2,465,499/MT  -1.3%  (2026-08-24)
2026-07-22 07:17:08.263 | INFO     | __main__:forecast_commodity:294 -   3_months     -> N   2,390,790/MT  -4.3%  (2026-10-26)
2026-07-22 07:17:08.280 | INFO     | __main__:forecast_commodity:294 -   6_months     -> N   2,537,426/MT  +1.5%  (2027-01-25)
2026-07-22 07:17:08.288 | INFO     | __main__:run_forecasting:359 -   Fish (dried)
2026-07-22 07:17:08.299 | INFO     | __main__:run_forecasting:353 - 
[16/17] Forecasting Meat (goat)...
2026-07-22 07:17:09.622 | DEBUG    | __main__:forecast_holt_winters:131 -     Holt-Winters forecast failed: positive() got an unexpected keyword argument 'lower'
2026-07-22 07:17:09.626 | DEBUG    | __main__:forecast_tree:163 -     Tree forecast failed: Feature shape mismatch, expected: 18, got 16
2026-07-22 07:17:09.629 | INFO     | __main__:forecast_commodity:294 -   daily        -> N   5,854,056/MT  +3.0%  (2026-07-27)
2026-07-22 07:17:09.641 | INFO     | __main__:forecast_commodity:294 -   weekly       -> N   5,854,056/MT  +3.0%  (2026-08-03)
2026-07-22 07:17:09.657 | INFO     | __main__:forecast_commodity:294 -   2_weeks      -> N   5,860,829/MT  +3.2%  (2026-08-10)
2026-07-22 07:17:09.682 | INFO     | __main__:forecast_commodity:294 -   monthly      -> N   5,953,143/MT  +4.8%  (2026-08-24)
2026-07-22 07:17:09.724 | INFO     | __main__:forecast_commodity:294 -   3_months     -> N   5,889,333/MT  +3.7%  (2026-10-26)
2026-07-22 07:17:09.738 | INFO     | __main__:forecast_commodity:294 -   6_months     -> N   6,434,906/MT  +13.3%  (2027-01-25)
2026-07-22 07:17:09.754 | INFO     | __main__:run_forecasting:359 -   Meat (goat)
2026-07-22 07:17:09.769 | INFO     | __main__:run_forecasting:353 - 
[17/17] Forecasting Meat (beef)...
2026-07-22 07:17:10.674 | DEBUG    | __main__:forecast_holt_winters:131 -     Holt-Winters forecast failed: positive() got an unexpected keyword argument 'lower'
2026-07-22 07:17:10.688 | DEBUG    | __main__:forecast_tree:163 -     Tree forecast failed: Feature shape mismatch, expected: 18, got 16
2026-07-22 07:17:10.690 | INFO     | __main__:forecast_commodity:294 -   daily        -> N   5,431,159/MT  +2.0%  (2026-07-27)
2026-07-22 07:17:10.692 | INFO     | __main__:forecast_commodity:294 -   weekly       -> N   5,431,159/MT  +2.0%  (2026-08-03)
2026-07-22 07:17:10.698 | INFO     | __main__:forecast_commodity:294 -   2_weeks      -> N   5,597,058/MT  +5.1%  (2026-08-10)
2026-07-22 07:17:10.704 | INFO     | __main__:forecast_commodity:294 -   monthly      -> N   5,454,957/MT  +2.5%  (2026-08-24)
2026-07-22 07:17:10.714 | INFO     | __main__:forecast_commodity:294 -   3_months     -> N   5,525,905/MT  +3.8%  (2026-10-26)
2026-07-22 07:17:10.722 | INFO     | __main__:forecast_commodity:294 -   6_months     -> N   5,770,632/MT  +8.4%  (2027-01-25)
2026-07-22 07:17:10.727 | INFO     | __main__:run_forecasting:359 -   Meat (beef)
2026-07-22 07:17:10.845 | INFO     | __main__:run_forecasting:375 - 
  Forecast JSON saved -> C:\Users\USER\Downloads\agrolinking-intel-structure\agrolinking-intel\outputs\forecasts\forecast_2026-07-22.json
2026-07-22 07:17:10.854 | INFO     | __main__:run_forecasting:401 -   Daily alert saved -> C:\Users\USER\Downloads\agrolinking-intel-structure\agrolinking-intel\outputs\daily_alerts\alert_2026-07-22.txt
2026-07-22 07:17:10.854 | INFO     | __main__:run_forecasting:402 - 
=================================================================
2026-07-22 07:17:10.857 | INFO     | __main__:run_forecasting:403 -   DAILY PRICE ALERT
2026-07-22 07:17:10.871 | INFO     | __main__:run_forecasting:404 - =================================================================
2026-07-22 07:17:10.874 | INFO     | __main__:run_forecasting:406 -   AGROLINKING COMMODITY INTELLIGENCE ALERT
2026-07-22 07:17:10.887 | INFO     | __main__:run_forecasting:406 -   Wednesday, 22 July 2026
2026-07-22 07:17:10.887 | INFO     | __main__:run_forecasting:406 -   ─────────────────────────────────────────────
2026-07-22 07:17:10.889 | INFO     | __main__:run_forecasting:406 -   Hibiscus               N   2,221,300/MT  -3.1%
2026-07-22 07:17:10.902 | INFO     | __main__:run_forecasting:406 -   Sesame                 N   1,518,132/MT  -6.8%
2026-07-22 07:17:10.906 | INFO     | __main__:run_forecasting:406 -   Ginger                 N  12,492,202/MT  +3.4%
2026-07-22 07:17:10.907 | INFO     | __main__:run_forecasting:406 -   Cocoa                  N   9,098,715/MT  +57.4%
2026-07-22 07:17:10.918 | INFO     | __main__:run_forecasting:406 -   Soybeans               N     858,070/MT  +13.6%
2026-07-22 07:17:10.922 | INFO     | __main__:run_forecasting:406 -   Cashew Nuts            N   2,116,220/MT  +6.1%
2026-07-22 07:17:10.934 | INFO     | __main__:run_forecasting:406 -   Sorghum                N     463,756/MT  +9.1%
2026-07-22 07:17:10.937 | INFO     | __main__:run_forecasting:406 -   Beans (white)          N     980,047/MT  +17.9%
2026-07-22 07:17:10.939 | INFO     | __main__:run_forecasting:406 -   Beans (red)            N     832,000/MT  -7.2%
2026-07-22 07:17:10.940 | INFO     | __main__:run_forecasting:406 -   Maize (white)          N     367,296/MT  -1.8%
2026-07-22 07:17:10.948 | INFO     | __main__:run_forecasting:406 -   Maize (yellow)         N     419,292/MT  +4.0%
2026-07-22 07:17:10.954 | INFO     | __main__:run_forecasting:406 -   Wheat                  N     763,647/MT  +6.5%
2026-07-22 07:17:10.970 | INFO     | __main__:run_forecasting:406 -   Rice                   N   1,687,733/MT  +6.4%
2026-07-22 07:17:10.973 | INFO     | __main__:run_forecasting:406 -   Eggs                   N       6,907/MT  -1.9%
2026-07-22 07:17:10.975 | INFO     | __main__:run_forecasting:406 -   Fish (dried)           N   2,478,763/MT  -0.8%
2026-07-22 07:17:10.982 | INFO     | __main__:run_forecasting:406 -   Meat (goat)            N   5,854,056/MT  +3.0%
2026-07-22 07:17:10.986 | INFO     | __main__:run_forecasting:406 -   Meat (beef)            N   5,431,159/MT  +2.0%
2026-07-22 07:17:10.988 | INFO     | __main__:run_forecasting:406 -   ─────────────────────────────────────────────
2026-07-22 07:17:10.991 | INFO     | __main__:run_forecasting:406 -   Source: Agrolinking Intelligence Platform
2026-07-22 07:17:10.995 | INFO     | __main__:run_forecasting:406 -   Next update: 23 Jul 2026
2026-07-22 07:17:11.001 | INFO     | __main__:run_forecasting:409 - 
======================================================================
2026-07-22 07:17:11.004 | INFO     | __main__:run_forecasting:410 -   FORECAST SUMMARY
2026-07-22 07:17:11.006 | INFO     | __main__:run_forecasting:411 - ======================================================================
2026-07-22 07:17:11.006 | INFO     | __main__:run_forecasting:413 -   Commodity                      daily        weekly       monthly      3_months      6_months
2026-07-22 07:17:11.008 | INFO     | __main__:run_forecasting:414 -   ---------------------------------------------------------------------------
2026-07-22 07:17:11.012 | INFO     | __main__:run_forecasting:420 -   Hibiscus                N 2,221,300  N 2,221,300  N 2,152,966  N 2,127,120  N 2,426,864
2026-07-22 07:17:11.016 | INFO     | __main__:run_forecasting:420 -   Sesame                  N 1,518,132  N 1,518,132  N 1,572,684  N 1,492,392  N 1,658,075
2026-07-22 07:17:11.020 | INFO     | __main__:run_forecasting:420 -   Ginger                  N12,492,202  N12,492,202  N12,464,431  N12,269,472  N13,691,047
2026-07-22 07:17:11.022 | INFO     | __main__:run_forecasting:420 -   Cocoa                   N 9,098,715  N 9,098,715  N 9,522,446  N 8,946,681  N 9,436,319
2026-07-22 07:17:11.024 | INFO     | __main__:run_forecasting:420 -   Soybeans                N   858,070  N   858,070  N   855,298  N   843,861  N   864,133
2026-07-22 07:17:11.024 | INFO     | __main__:run_forecasting:420 -   Cashew Nuts             N 2,116,220  N 2,116,220  N 2,206,670  N 2,220,249  N 2,188,071
2026-07-22 07:17:11.033 | INFO     | __main__:run_forecasting:420 -   Sorghum                 N   463,756  N   463,756  N   481,618  N   450,250  N   421,000
2026-07-22 07:17:11.036 | INFO     | __main__:run_forecasting:420 -   Beans (white)           N   980,047  N   980,047  N   998,476  N 1,010,912  N 1,018,362
2026-07-22 07:17:11.038 | INFO     | __main__:run_forecasting:420 -   Beans (red)             N   832,000  N   832,000  N   825,141  N   758,048  N   698,823
2026-07-22 07:17:11.039 | INFO     | __main__:run_forecasting:420 -   Maize (white)           N   367,296  N   367,296  N   379,650  N   367,049  N   378,866
2026-07-22 07:17:11.040 | INFO     | __main__:run_forecasting:420 -   Maize (yellow)          N   419,292  N   419,292  N   412,105  N   411,624  N   428,462
2026-07-22 07:17:11.044 | INFO     | __main__:run_forecasting:420 -   Wheat                   N   763,647  N   763,647  N   743,077  N   760,558  N   792,944
2026-07-22 07:17:11.047 | INFO     | __main__:run_forecasting:420 -   Rice                    N 1,687,733  N 1,687,733  N 1,706,012  N 1,707,975  N 1,759,191
2026-07-22 07:17:11.050 | INFO     | __main__:run_forecasting:420 -   Eggs                    N     6,907  N     6,907  N     7,003  N     7,397  N     7,759
2026-07-22 07:17:11.054 | INFO     | __main__:run_forecasting:420 -   Fish (dried)            N 2,478,763  N 2,478,763  N 2,465,499  N 2,390,790  N 2,537,426
2026-07-22 07:17:11.057 | INFO     | __main__:run_forecasting:420 -   Meat (goat)             N 5,854,056  N 5,854,056  N 5,953,143  N 5,889,333  N 6,434,906
2026-07-22 07:17:11.066 | INFO     | __main__:run_forecasting:420 -   Meat (beef)             N 5,431,159  N 5,431,159  N 5,454,957  N 5,525,905  N 5,770,632
2026-07-22 07:17:11.066 | INFO     | __main__:run_forecasting:421 - ======================================================================
2026-07-22 07:17:11.068 | SUCCESS  | __main__:run_forecasting:425 - FORECASTING COMPLETE — 17/17 commodities
