2026-08-12 06:52:30.817 | INFO     | __main__:run_ingestion:386 - ============================================================
2026-08-12 06:52:30.819 | INFO     | __main__:run_ingestion:387 - STEP 1 — DATA INGESTION
2026-08-12 06:52:30.819 | INFO     | __main__:run_ingestion:388 - ============================================================
2026-08-12 06:52:30.819 | INFO     | __main__:load_agricome:37 - Loading Agricome raw data...
2026-08-12 06:52:30.959 | SUCCESS  | __main__:load_agricome:76 - Agricome loaded: 1,355 rows | 11 commodities
2026-08-12 06:52:30.959 | DEBUG    | __main__:load_agricome:77 -   Commodities: ['Beans (red)', 'Beans (white)', 'Cashew Nuts', 'Cocoa', 'Ginger', 'Hibiscus', 'Maize (white)', 'Maize (yellow)', 'Sesame', 'Sorghum', 'Soybeans']
2026-08-12 06:52:30.963 | DEBUG    | __main__:load_agricome:78 -   Date range:  2003-09-15 → 2026-03-18
2026-08-12 06:52:30.963 | INFO     | __main__:load_wfp:129 - Loading WFP Nigeria data...
2026-08-12 06:52:31.772 | SUCCESS  | __main__:load_wfp:178 - WFP fuel data: 107 weekly rows
2026-08-12 06:52:35.779 | SUCCESS  | __main__:load_wfp:215 - WFP commodities loaded: 853 rows | 5 commodities
2026-08-12 06:52:35.779 | DEBUG    | __main__:load_wfp:219 -   Commodities: ['Beans (red)', 'Beans (white)', 'Maize (white)', 'Maize (yellow)', 'Sorghum']
2026-08-12 06:52:35.779 | DEBUG    | __main__:load_wfp:220 -   Date range:  2002-01-15 → 2026-03-15
2026-08-12 06:52:35.779 | INFO     | __main__:merge_sources:239 - Merging Agricome and WFP data sources...
2026-08-12 06:52:35.816 | INFO     | __main__:merge_sources:266 -   Deduplication: removed 635 overlapping rows (Agricome priority)
2026-08-12 06:52:35.823 | SUCCESS  | __main__:merge_sources:276 - Merged dataset: 1,573 rows | 11 commodities
2026-08-12 06:52:35.823 | INFO     | __main__:merge_sources:282 -   Coverage per commodity:
2026-08-12 06:52:35.830 | INFO     | __main__:merge_sources:285 -     Beans (red)           204 rows | 2016-01-11 → 2026-03-16
2026-08-12 06:52:35.830 | INFO     | __main__:merge_sources:285 -     Beans (white)         214 rows | 2002-01-14 → 2026-03-16
2026-08-12 06:52:35.838 | INFO     | __main__:merge_sources:285 -     Cashew Nuts            44 rows | 2025-01-06 → 2026-03-16
2026-08-12 06:52:35.845 | INFO     | __main__:merge_sources:285 -     Cocoa                  44 rows | 2025-01-06 → 2026-03-16
2026-08-12 06:52:35.849 | INFO     | __main__:merge_sources:285 -     Ginger                 40 rows | 2025-01-06 → 2026-03-16
2026-08-12 06:52:35.855 | INFO     | __main__:merge_sources:285 -     Hibiscus               39 rows | 2025-01-06 → 2026-03-16
2026-08-12 06:52:35.859 | INFO     | __main__:merge_sources:285 -     Maize (white)         410 rows | 2002-01-14 → 2023-01-16
2026-08-12 06:52:35.861 | INFO     | __main__:merge_sources:285 -     Maize (yellow)        191 rows | 2014-05-12 → 2023-01-16
2026-08-12 06:52:35.869 | INFO     | __main__:merge_sources:285 -     Sesame                 36 rows | 2025-06-09 → 2026-03-16
2026-08-12 06:52:35.871 | INFO     | __main__:merge_sources:285 -     Sorghum               307 rows | 2002-01-14 → 2026-03-16
2026-08-12 06:52:35.876 | INFO     | __main__:merge_sources:285 -     Soybeans               44 rows | 2025-01-06 → 2026-03-16
2026-08-12 06:52:36.272 | INFO     | __main__:save_outputs:308 -   Existing master found: 16,193 rows (15,836 historical + 357 forecast)
2026-08-12 06:52:36.811 | SUCCESS  | __main__:save_outputs:334 -   Master updated: 16,023 total rows → C:\Users\USER\Downloads\agrolinking-intel-structure\agrolinking-intel\data\processed\agrolinking_master.csv
2026-08-12 06:52:36.882 | SUCCESS  | __main__:save_outputs:359 -   Fuel prices updated: 137 rows → C:\Users\USER\Downloads\agrolinking-intel-structure\agrolinking-intel\data\external\fuel_prices.csv
2026-08-12 06:52:36.887 | INFO     | __main__:save_outputs:377 -   Ingestion metadata saved → C:\Users\USER\Downloads\agrolinking-intel-structure\agrolinking-intel\outputs\logs\ingestion_meta.json
2026-08-12 06:52:36.890 | INFO     | __main__:run_ingestion:395 - ============================================================
2026-08-12 06:52:36.893 | SUCCESS  | __main__:run_ingestion:396 - INGESTION COMPLETE
2026-08-12 06:52:36.893 | INFO     | __main__:run_ingestion:397 - ============================================================
