2026-09-17 22:07:10.575 | INFO     | __main__:run_ingestion:397 - ============================================================
2026-09-17 22:07:10.577 | INFO     | __main__:run_ingestion:398 - STEP 1 — DATA INGESTION
2026-09-17 22:07:10.577 | INFO     | __main__:run_ingestion:399 - ============================================================
2026-09-17 22:07:10.578 | INFO     | __main__:load_agricome:37 - Loading Agricome raw data...
2026-09-17 22:07:10.795 | SUCCESS  | __main__:load_agricome:76 - Agricome loaded: 1,532 rows | 16 commodities
2026-09-17 22:07:10.798 | DEBUG    | __main__:load_agricome:77 -   Commodities: ['Beans (red)', 'Beans (white)', 'Cashew Nuts', 'Cocoa', 'Eggs', 'Fish (dried)', 'Ginger', 'Hibiscus', 'Maize (white)', 'Maize (yellow)', 'Meat (beef)', 'Meat (goat)', 'Rice', 'Sesame', 'Sorghum', 'Soybeans']
2026-09-17 22:07:10.803 | DEBUG    | __main__:load_agricome:78 -   Date range:  2003-09-15 → 2026-08-28
2026-09-17 22:07:10.804 | INFO     | __main__:load_wfp:129 - Loading WFP Nigeria data...
2026-09-17 22:07:13.306 | SUCCESS  | __main__:load_wfp:178 - WFP fuel data: 110 weekly rows
2026-09-17 22:07:19.311 | SUCCESS  | __main__:load_wfp:215 - WFP commodities loaded: 893 rows | 5 commodities
2026-09-17 22:07:19.312 | DEBUG    | __main__:load_wfp:219 -   Commodities: ['Beans (red)', 'Beans (white)', 'Maize (white)', 'Maize (yellow)', 'Sorghum']
2026-09-17 22:07:19.313 | DEBUG    | __main__:load_wfp:220 -   Date range:  2002-01-15 → 2026-07-15
2026-09-17 22:07:19.315 | INFO     | __main__:merge_sources:239 - Merging Agricome and WFP data sources...
2026-09-17 22:07:19.352 | INFO     | __main__:merge_sources:266 -   Deduplication: removed 635 overlapping rows (Agricome priority)
2026-09-17 22:07:19.359 | SUCCESS  | __main__:merge_sources:276 - Merged dataset: 1,790 rows | 16 commodities
2026-09-17 22:07:19.360 | INFO     | __main__:merge_sources:282 -   Coverage per commodity:
2026-09-17 22:07:19.367 | INFO     | __main__:merge_sources:285 -     Beans (red)           208 rows | 2016-01-11 → 2026-07-13
2026-09-17 22:07:19.372 | INFO     | __main__:merge_sources:285 -     Beans (white)         220 rows | 2002-01-14 → 2026-07-13
2026-09-17 22:07:19.378 | INFO     | __main__:merge_sources:285 -     Cashew Nuts            48 rows | 2025-01-06 → 2026-08-24
2026-09-17 22:07:19.385 | INFO     | __main__:merge_sources:285 -     Cocoa                  48 rows | 2025-01-06 → 2026-08-24
2026-09-17 22:07:19.390 | INFO     | __main__:merge_sources:285 -     Eggs                    5 rows | 2026-03-30 → 2026-07-27
2026-09-17 22:07:19.397 | INFO     | __main__:merge_sources:285 -     Fish (dried)            5 rows | 2026-03-30 → 2026-07-27
2026-09-17 22:07:19.400 | INFO     | __main__:merge_sources:285 -     Ginger                 44 rows | 2025-01-06 → 2026-08-24
2026-09-17 22:07:19.403 | INFO     | __main__:merge_sources:285 -     Hibiscus               43 rows | 2025-01-06 → 2026-08-24
2026-09-17 22:07:19.410 | INFO     | __main__:merge_sources:285 -     Maize (white)         468 rows | 2002-01-14 → 2026-07-27
2026-09-17 22:07:19.415 | INFO     | __main__:merge_sources:285 -     Maize (yellow)        234 rows | 2014-05-12 → 2026-07-27
2026-09-17 22:07:19.418 | INFO     | __main__:merge_sources:285 -     Meat (beef)             5 rows | 2026-03-30 → 2026-07-27
2026-09-17 22:07:19.424 | INFO     | __main__:merge_sources:285 -     Meat (goat)             5 rows | 2026-03-30 → 2026-07-27
2026-09-17 22:07:19.428 | INFO     | __main__:merge_sources:285 -     Rice                   43 rows | 2023-01-30 → 2026-07-27
2026-09-17 22:07:19.431 | INFO     | __main__:merge_sources:285 -     Sesame                 40 rows | 2025-06-09 → 2026-08-24
2026-09-17 22:07:19.437 | INFO     | __main__:merge_sources:285 -     Sorghum               326 rows | 2002-01-14 → 2026-08-24
2026-09-17 22:07:19.442 | INFO     | __main__:merge_sources:285 -     Soybeans               48 rows | 2025-01-06 → 2026-08-24
2026-09-17 22:07:19.645 | INFO     | __main__:save_outputs:314 -   Existing master found: 16,648 rows (16,077 historical + 537 forecast + 34 validated_actual)
2026-09-17 22:07:20.436 | SUCCESS  | __main__:save_outputs:345 -   Master updated: 16,614 total rows → C:\Users\USER\Downloads\agrolinking-intel-structure\agrolinking-intel\data\processed\agrolinking_master.csv
2026-09-17 22:07:20.527 | SUCCESS  | __main__:save_outputs:370 -   Fuel prices updated: 141 rows → C:\Users\USER\Downloads\agrolinking-intel-structure\agrolinking-intel\data\external\fuel_prices.csv
2026-09-17 22:07:20.592 | INFO     | __main__:save_outputs:388 -   Ingestion metadata saved → C:\Users\USER\Downloads\agrolinking-intel-structure\agrolinking-intel\outputs\logs\ingestion_meta.json
2026-09-17 22:07:20.626 | INFO     | __main__:run_ingestion:406 - ============================================================
2026-09-17 22:07:20.671 | SUCCESS  | __main__:run_ingestion:407 - INGESTION COMPLETE
2026-09-17 22:07:20.701 | INFO     | __main__:run_ingestion:408 - ============================================================
