2026-04-24 06:35:55.457 | INFO     | __main__:run_training:305 - ============================================================
2026-04-24 06:35:55.461 | INFO     | __main__:run_training:306 - STEP 4 — MODEL TRAINING
2026-04-24 06:35:55.462 | INFO     | __main__:run_training:307 -   Commodities : 12
2026-04-24 06:35:55.462 | INFO     | __main__:run_training:308 -   Models      : ARIMA + Prophet + XGBoost
2026-04-24 06:35:55.462 | INFO     | __main__:run_training:309 - ============================================================
2026-04-24 06:35:55.464 | INFO     | __main__:run_training:313 - 
[1/12] Starting Hibiscus...
2026-04-24 06:35:55.740 | DEBUG    | __main__:train_commodity:260 -   [Hibiscus] Real-data-only mode: 45 rows
2026-04-24 06:35:55.744 | INFO     | __main__:train_commodity:263 - 
───────────────────────────────────────────────────────
2026-04-24 06:35:55.803 | INFO     | __main__:train_commodity:264 -   Hibiscus  (45 rows | last: 2026-04-13)
2026-04-24 06:35:55.846 | INFO     | __main__:train_commodity:265 - ───────────────────────────────────────────────────────
2026-04-24 06:35:55.884 | INFO     | __main__:train_commodity:269 -   [1/3] ARIMA...
2026-04-24 06:36:24.293 | DEBUG    | __main__:train_arima:109 -   [Hibiscus] ARIMA order=(0, 1, 0) MAPE=21.0%
2026-04-24 06:36:24.293 | INFO     | __main__:train_commodity:272 -   [2/3] Prophet...
2026-04-24 06:36:27.247 | DEBUG    | __main__:train_prophet:159 -   [Hibiscus] Prophet MAPE=36.7%
2026-04-24 06:36:27.247 | INFO     | __main__:train_commodity:275 -   [3/3] XGBoost...
2026-04-24 06:36:28.225 | DEBUG    | __main__:train_xgboost:215 -   [Hibiscus] XGBoost MAPE=23.7% | top: rolling_max_4w
2026-04-24 06:36:28.227 | INFO     | __main__:train_commodity:281 -   Ensemble weights: arima: 0.407 | prophet: 0.233 | xgboost: 0.360
2026-04-24 06:36:28.228 | INFO     | __main__:train_commodity:283 -   Model          MAPE               MAE    Weight
2026-04-24 06:36:28.228 | INFO     | __main__:train_commodity:284 -   --------------------------------------------------
2026-04-24 06:36:28.228 | INFO     | __main__:train_commodity:291 -   arima         21.0%  ₦     525,000     0.407
2026-04-24 06:36:28.229 | INFO     | __main__:train_commodity:291 -   prophet       36.7%  ₦     908,482     0.233
2026-04-24 06:36:28.229 | INFO     | __main__:train_commodity:291 -   xgboost       23.7%  ₦     594,192     0.360
2026-04-24 06:36:28.232 | INFO     | __main__:run_training:313 - 
[2/12] Starting Sesame...
2026-04-24 06:36:28.316 | INFO     | __main__:train_commodity:263 - 
───────────────────────────────────────────────────────
2026-04-24 06:36:28.324 | INFO     | __main__:train_commodity:264 -   Sesame  (828 rows | last: 2026-04-13)
2026-04-24 06:36:28.324 | INFO     | __main__:train_commodity:265 - ───────────────────────────────────────────────────────
2026-04-24 06:36:28.324 | INFO     | __main__:train_commodity:269 -   [1/3] ARIMA...
2026-04-24 06:38:53.399 | DEBUG    | __main__:train_arima:109 -   [Sesame] ARIMA order=(1, 1, 0) MAPE=13.1%
2026-04-24 06:38:53.399 | INFO     | __main__:train_commodity:272 -   [2/3] Prophet...
2026-04-24 06:38:55.103 | DEBUG    | __main__:train_prophet:159 -   [Sesame] Prophet MAPE=37.0%
2026-04-24 06:38:55.103 | INFO     | __main__:train_commodity:275 -   [3/3] XGBoost...
2026-04-24 06:38:56.415 | DEBUG    | __main__:train_xgboost:215 -   [Sesame] XGBoost MAPE=17.1% | top: weeks_since_start
2026-04-24 06:38:56.419 | INFO     | __main__:train_commodity:281 -   Ensemble weights: arima: 0.472 | prophet: 0.167 | xgboost: 0.361
2026-04-24 06:38:56.421 | INFO     | __main__:train_commodity:283 -   Model          MAPE               MAE    Weight
2026-04-24 06:38:56.421 | INFO     | __main__:train_commodity:284 -   --------------------------------------------------
2026-04-24 06:38:56.421 | INFO     | __main__:train_commodity:291 -   arima         13.1%  ₦     159,185     0.472
2026-04-24 06:38:56.421 | INFO     | __main__:train_commodity:291 -   prophet       37.0%  ₦     455,303     0.167
2026-04-24 06:38:56.424 | INFO     | __main__:train_commodity:291 -   xgboost       17.1%  ₦     219,602     0.361
2026-04-24 06:38:56.445 | INFO     | __main__:run_training:313 - 
[3/12] Starting Ginger...
2026-04-24 06:38:56.545 | INFO     | __main__:train_commodity:263 - 
───────────────────────────────────────────────────────
2026-04-24 06:38:56.545 | INFO     | __main__:train_commodity:264 -   Ginger  (1372 rows | last: 2026-04-13)
2026-04-24 06:38:56.545 | INFO     | __main__:train_commodity:265 - ───────────────────────────────────────────────────────
2026-04-24 06:38:56.545 | INFO     | __main__:train_commodity:269 -   [1/3] ARIMA...
2026-04-24 06:39:09.339 | DEBUG    | __main__:train_arima:109 -   [Ginger] ARIMA order=(0, 1, 0) MAPE=23.8%
2026-04-24 06:39:09.339 | INFO     | __main__:train_commodity:272 -   [2/3] Prophet...
2026-04-24 06:39:11.182 | DEBUG    | __main__:train_prophet:159 -   [Ginger] Prophet MAPE=63.7%
2026-04-24 06:39:11.182 | INFO     | __main__:train_commodity:275 -   [3/3] XGBoost...
2026-04-24 06:39:12.515 | DEBUG    | __main__:train_xgboost:215 -   [Ginger] XGBoost MAPE=57.3% | top: pct_change_52w
2026-04-24 06:39:12.518 | INFO     | __main__:train_commodity:281 -   Ensemble weights: arima: 0.707 | xgboost: 0.293
2026-04-24 06:39:12.518 | INFO     | __main__:train_commodity:283 -   Model          MAPE               MAE    Weight
2026-04-24 06:39:12.518 | INFO     | __main__:train_commodity:284 -   --------------------------------------------------
2026-04-24 06:39:12.520 | INFO     | __main__:train_commodity:291 -   arima         23.8%  ₦   2,256,923     0.707
2026-04-24 06:39:12.520 | INFO     | __main__:train_commodity:291 -   prophet       63.7%  ₦   6,100,230     0.000
2026-04-24 06:39:12.520 | INFO     | __main__:train_commodity:291 -   xgboost       57.3%  ₦   4,630,089     0.293
2026-04-24 06:39:12.530 | INFO     | __main__:run_training:313 - 
[4/12] Starting Cocoa...
2026-04-24 06:39:12.665 | DEBUG    | __main__:train_commodity:260 -   [Cocoa] Real-data-only mode: 48 rows
2026-04-24 06:39:12.665 | INFO     | __main__:train_commodity:263 - 
───────────────────────────────────────────────────────
2026-04-24 06:39:12.665 | INFO     | __main__:train_commodity:264 -   Cocoa  (48 rows | last: 2026-04-13)
2026-04-24 06:39:12.665 | INFO     | __main__:train_commodity:265 - ───────────────────────────────────────────────────────
2026-04-24 06:39:12.665 | INFO     | __main__:train_commodity:269 -   [1/3] ARIMA...
2026-04-24 06:39:13.891 | DEBUG    | __main__:train_arima:109 -   [Cocoa] ARIMA order=(0, 1, 0) MAPE=36.3%
2026-04-24 06:39:13.891 | INFO     | __main__:train_commodity:272 -   [2/3] Prophet...
2026-04-24 06:39:14.931 | DEBUG    | __main__:train_prophet:159 -   [Cocoa] Prophet MAPE=30.8%
2026-04-24 06:39:14.931 | INFO     | __main__:train_commodity:275 -   [3/3] XGBoost...
2026-04-24 06:39:15.984 | DEBUG    | __main__:train_xgboost:215 -   [Cocoa] XGBoost MAPE=41.6% | top: pct_change_52w
2026-04-24 06:39:15.986 | INFO     | __main__:train_commodity:281 -   Ensemble weights: arima: 0.328 | prophet: 0.386 | xgboost: 0.286
2026-04-24 06:39:15.988 | INFO     | __main__:train_commodity:283 -   Model          MAPE               MAE    Weight
2026-04-24 06:39:15.988 | INFO     | __main__:train_commodity:284 -   --------------------------------------------------
2026-04-24 06:39:15.989 | INFO     | __main__:train_commodity:291 -   arima         36.3%  ₦   2,165,000     0.328
2026-04-24 06:39:15.989 | INFO     | __main__:train_commodity:291 -   prophet       30.8%  ₦   1,868,354     0.386
2026-04-24 06:39:15.989 | INFO     | __main__:train_commodity:291 -   xgboost       41.6%  ₦   2,490,981     0.286
2026-04-24 06:39:15.993 | INFO     | __main__:run_training:313 - 
[5/12] Starting Soybeans...
2026-04-24 06:39:16.094 | INFO     | __main__:train_commodity:263 - 
───────────────────────────────────────────────────────
2026-04-24 06:39:16.094 | INFO     | __main__:train_commodity:264 -   Soybeans  (1372 rows | last: 2026-04-13)
2026-04-24 06:39:16.094 | INFO     | __main__:train_commodity:265 - ───────────────────────────────────────────────────────
2026-04-24 06:39:16.094 | INFO     | __main__:train_commodity:269 -   [1/3] ARIMA...
2026-04-24 06:39:42.324 | DEBUG    | __main__:train_arima:109 -   [Soybeans] ARIMA order=(1, 2, 1) MAPE=17.4%
2026-04-24 06:39:42.324 | INFO     | __main__:train_commodity:272 -   [2/3] Prophet...
2026-04-24 06:39:43.775 | DEBUG    | __main__:train_prophet:159 -   [Soybeans] Prophet MAPE=44.6%
2026-04-24 06:39:43.775 | INFO     | __main__:train_commodity:275 -   [3/3] XGBoost...
2026-04-24 06:39:45.827 | DEBUG    | __main__:train_xgboost:215 -   [Soybeans] XGBoost MAPE=54.4% | top: rolling_max_12w
2026-04-24 06:39:45.829 | INFO     | __main__:train_commodity:281 -   Ensemble weights: arima: 0.585 | prophet: 0.228 | xgboost: 0.187
2026-04-24 06:39:45.829 | INFO     | __main__:train_commodity:283 -   Model          MAPE               MAE    Weight
2026-04-24 06:39:45.832 | INFO     | __main__:train_commodity:284 -   --------------------------------------------------
2026-04-24 06:39:45.832 | INFO     | __main__:train_commodity:291 -   arima         17.4%  ₦     101,624     0.585
2026-04-24 06:39:45.832 | INFO     | __main__:train_commodity:291 -   prophet       44.6%  ₦     267,873     0.228
2026-04-24 06:39:45.832 | INFO     | __main__:train_commodity:291 -   xgboost       54.4%  ₦     336,235     0.187
2026-04-24 06:39:45.841 | INFO     | __main__:run_training:313 - 
[6/12] Starting Cashew Nuts...
2026-04-24 06:39:45.970 | DEBUG    | __main__:train_commodity:260 -   [Cashew Nuts] Real-data-only mode: 48 rows
2026-04-24 06:39:45.970 | INFO     | __main__:train_commodity:263 - 
───────────────────────────────────────────────────────
2026-04-24 06:39:45.970 | INFO     | __main__:train_commodity:264 -   Cashew Nuts  (48 rows | last: 2026-04-13)
2026-04-24 06:39:45.970 | INFO     | __main__:train_commodity:265 - ───────────────────────────────────────────────────────
2026-04-24 06:39:45.970 | INFO     | __main__:train_commodity:269 -   [1/3] ARIMA...
2026-04-24 06:39:47.467 | DEBUG    | __main__:train_arima:109 -   [Cashew Nuts] ARIMA order=(2, 0, 0) MAPE=16.3%
2026-04-24 06:39:47.467 | INFO     | __main__:train_commodity:272 -   [2/3] Prophet...
2026-04-24 06:39:48.611 | DEBUG    | __main__:train_prophet:159 -   [Cashew Nuts] Prophet MAPE=68.7%
2026-04-24 06:39:48.611 | INFO     | __main__:train_commodity:275 -   [3/3] XGBoost...
2026-04-24 06:39:48.821 | DEBUG    | __main__:train_xgboost:215 -   [Cashew Nuts] XGBoost MAPE=3.7% | top: pct_change_52w
2026-04-24 06:39:48.825 | INFO     | __main__:train_commodity:281 -   Ensemble weights: arima: 0.183 | xgboost: 0.817
2026-04-24 06:39:48.825 | INFO     | __main__:train_commodity:283 -   Model          MAPE               MAE    Weight
2026-04-24 06:39:48.827 | INFO     | __main__:train_commodity:284 -   --------------------------------------------------
2026-04-24 06:39:48.827 | INFO     | __main__:train_commodity:291 -   arima         16.3%  ₦     301,076     0.183
2026-04-24 06:39:48.829 | INFO     | __main__:train_commodity:291 -   prophet       68.7%  ₦   1,293,976     0.000
2026-04-24 06:39:48.829 | INFO     | __main__:train_commodity:291 -   xgboost        3.7%  ₦      66,652     0.817
2026-04-24 06:39:48.832 | INFO     | __main__:run_training:313 - 
[7/12] Starting Sorghum...
2026-04-24 06:39:48.979 | INFO     | __main__:train_commodity:263 - 
───────────────────────────────────────────────────────
2026-04-24 06:39:48.979 | INFO     | __main__:train_commodity:264 -   Sorghum  (1266 rows | last: 2026-04-13)
2026-04-24 06:39:48.979 | INFO     | __main__:train_commodity:265 - ───────────────────────────────────────────────────────
2026-04-24 06:39:48.979 | INFO     | __main__:train_commodity:269 -   [1/3] ARIMA...
2026-04-24 06:42:18.800 | DEBUG    | __main__:train_arima:109 -   [Sorghum] ARIMA order=(0, 2, 0) MAPE=58.6%
2026-04-24 06:42:18.800 | INFO     | __main__:train_commodity:272 -   [2/3] Prophet...
2026-04-24 06:42:19.780 | DEBUG    | __main__:train_prophet:159 -   [Sorghum] Prophet MAPE=25.7%
2026-04-24 06:42:19.780 | INFO     | __main__:train_commodity:275 -   [3/3] XGBoost...
2026-04-24 06:42:20.674 | DEBUG    | __main__:train_xgboost:215 -   [Sorghum] XGBoost MAPE=29.9% | top: rolling_mean_4w
2026-04-24 06:42:20.683 | INFO     | __main__:train_commodity:281 -   Ensemble weights: arima: 0.191 | prophet: 0.435 | xgboost: 0.374
2026-04-24 06:42:20.685 | INFO     | __main__:train_commodity:283 -   Model          MAPE               MAE    Weight
2026-04-24 06:42:20.685 | INFO     | __main__:train_commodity:284 -   --------------------------------------------------
2026-04-24 06:42:20.685 | INFO     | __main__:train_commodity:291 -   arima         58.6%  ₦     184,808     0.191
2026-04-24 06:42:20.685 | INFO     | __main__:train_commodity:291 -   prophet       25.7%  ₦      80,476     0.435
2026-04-24 06:42:20.686 | INFO     | __main__:train_commodity:291 -   xgboost       29.9%  ₦     115,937     0.374
2026-04-24 06:42:20.698 | INFO     | __main__:run_training:313 - 
[8/12] Starting Beans (white)...
2026-04-24 06:42:20.807 | INFO     | __main__:train_commodity:263 - 
───────────────────────────────────────────────────────
2026-04-24 06:42:20.807 | INFO     | __main__:train_commodity:264 -   Beans (white)  (1262 rows | last: 2026-03-16)
2026-04-24 06:42:20.807 | INFO     | __main__:train_commodity:265 - ───────────────────────────────────────────────────────
2026-04-24 06:42:20.807 | INFO     | __main__:train_commodity:269 -   [1/3] ARIMA...
2026-04-24 06:42:59.552 | DEBUG    | __main__:train_arima:109 -   [Beans (white)] ARIMA order=(1, 2, 1) MAPE=15.0%
2026-04-24 06:42:59.552 | INFO     | __main__:train_commodity:272 -   [2/3] Prophet...
2026-04-24 06:43:00.552 | DEBUG    | __main__:train_prophet:159 -   [Beans (white)] Prophet MAPE=36.4%
2026-04-24 06:43:00.560 | INFO     | __main__:train_commodity:275 -   [3/3] XGBoost...
2026-04-24 06:43:01.495 | DEBUG    | __main__:train_xgboost:215 -   [Beans (white)] XGBoost MAPE=4.6% | top: rolling_min_4w
2026-04-24 06:43:01.497 | INFO     | __main__:train_commodity:281 -   Ensemble weights: arima: 0.215 | prophet: 0.088 | xgboost: 0.697
2026-04-24 06:43:01.497 | INFO     | __main__:train_commodity:283 -   Model          MAPE               MAE    Weight
2026-04-24 06:43:01.497 | INFO     | __main__:train_commodity:284 -   --------------------------------------------------
2026-04-24 06:43:01.497 | INFO     | __main__:train_commodity:291 -   arima         15.0%  ₦      90,069     0.215
2026-04-24 06:43:01.497 | INFO     | __main__:train_commodity:291 -   prophet       36.4%  ₦     233,665     0.088
2026-04-24 06:43:01.499 | INFO     | __main__:train_commodity:291 -   xgboost        4.6%  ₦      41,028     0.697
2026-04-24 06:43:01.503 | INFO     | __main__:run_training:313 - 
[9/12] Starting Beans (red)...
2026-04-24 06:43:01.583 | INFO     | __main__:train_commodity:263 - 
───────────────────────────────────────────────────────
2026-04-24 06:43:01.583 | INFO     | __main__:train_commodity:264 -   Beans (red)  (531 rows | last: 2026-03-16)
2026-04-24 06:43:01.583 | INFO     | __main__:train_commodity:265 - ───────────────────────────────────────────────────────
2026-04-24 06:43:01.583 | INFO     | __main__:train_commodity:269 -   [1/3] ARIMA...
2026-04-24 06:43:38.204 | DEBUG    | __main__:train_arima:109 -   [Beans (red)] ARIMA order=(1, 2, 1) MAPE=31.0%
2026-04-24 06:43:38.204 | INFO     | __main__:train_commodity:272 -   [2/3] Prophet...
2026-04-24 06:43:38.960 | DEBUG    | __main__:train_prophet:159 -   [Beans (red)] Prophet MAPE=20.8%
2026-04-24 06:43:38.960 | INFO     | __main__:train_commodity:275 -   [3/3] XGBoost...
2026-04-24 06:43:39.484 | DEBUG    | __main__:train_xgboost:215 -   [Beans (red)] XGBoost MAPE=20.9% | top: fuel_cost_index
2026-04-24 06:43:39.486 | INFO     | __main__:train_commodity:281 -   Ensemble weights: arima: 0.252 | prophet: 0.375 | xgboost: 0.373
2026-04-24 06:43:39.488 | INFO     | __main__:train_commodity:283 -   Model          MAPE               MAE    Weight
2026-04-24 06:43:39.488 | INFO     | __main__:train_commodity:284 -   --------------------------------------------------
2026-04-24 06:43:39.488 | INFO     | __main__:train_commodity:291 -   arima         31.0%  ₦     216,085     0.252
2026-04-24 06:43:39.489 | INFO     | __main__:train_commodity:291 -   prophet       20.8%  ₦     161,298     0.375
2026-04-24 06:43:39.489 | INFO     | __main__:train_commodity:291 -   xgboost       20.9%  ₦     323,952     0.373
2026-04-24 06:43:39.491 | INFO     | __main__:run_training:313 - 
[10/12] Starting Maize (white)...
2026-04-24 06:43:39.596 | INFO     | __main__:train_commodity:263 - 
───────────────────────────────────────────────────────
2026-04-24 06:43:39.596 | INFO     | __main__:train_commodity:264 -   Maize (white)  (1265 rows | last: 2026-04-06)
2026-04-24 06:43:39.596 | INFO     | __main__:train_commodity:265 - ───────────────────────────────────────────────────────
2026-04-24 06:43:39.599 | INFO     | __main__:train_commodity:269 -   [1/3] ARIMA...
2026-04-24 06:44:22.775 | DEBUG    | __main__:train_arima:109 -   [Maize (white)] ARIMA order=(1, 1, 0) MAPE=1.0%
2026-04-24 06:44:22.775 | INFO     | __main__:train_commodity:272 -   [2/3] Prophet...
2026-04-24 06:44:24.135 | DEBUG    | __main__:train_prophet:159 -   [Maize (white)] Prophet MAPE=25.8%
2026-04-24 06:44:24.138 | INFO     | __main__:train_commodity:275 -   [3/3] XGBoost...
2026-04-24 06:44:25.076 | DEBUG    | __main__:train_xgboost:215 -   [Maize (white)] XGBoost MAPE=16.6% | top: rolling_mean_4w
2026-04-24 06:44:25.084 | INFO     | __main__:train_commodity:281 -   Ensemble weights: arima: 0.911 | prophet: 0.035 | xgboost: 0.054
2026-04-24 06:44:25.084 | INFO     | __main__:train_commodity:283 -   Model          MAPE               MAE    Weight
2026-04-24 06:44:25.086 | INFO     | __main__:train_commodity:284 -   --------------------------------------------------
2026-04-24 06:44:25.086 | INFO     | __main__:train_commodity:291 -   arima          1.0%  ₦       3,498     0.911
2026-04-24 06:44:25.086 | INFO     | __main__:train_commodity:291 -   prophet       25.8%  ₦      92,823     0.035
2026-04-24 06:44:25.086 | INFO     | __main__:train_commodity:291 -   xgboost       16.6%  ₦      50,676     0.054
2026-04-24 06:44:25.099 | INFO     | __main__:run_training:313 - 
[11/12] Starting Maize (yellow)...
2026-04-24 06:44:25.191 | INFO     | __main__:train_commodity:263 - 
───────────────────────────────────────────────────────
2026-04-24 06:44:25.191 | INFO     | __main__:train_commodity:264 -   Maize (yellow)  (621 rows | last: 2026-04-06)
2026-04-24 06:44:25.191 | INFO     | __main__:train_commodity:265 - ───────────────────────────────────────────────────────
2026-04-24 06:44:25.191 | INFO     | __main__:train_commodity:269 -   [1/3] ARIMA...
2026-04-24 06:45:07.065 | DEBUG    | __main__:train_arima:109 -   [Maize (yellow)] ARIMA order=(1, 1, 0) MAPE=1.0%
2026-04-24 06:45:07.065 | INFO     | __main__:train_commodity:272 -   [2/3] Prophet...
2026-04-24 06:45:07.945 | DEBUG    | __main__:train_prophet:159 -   [Maize (yellow)] Prophet MAPE=6.5%
2026-04-24 06:45:07.945 | INFO     | __main__:train_commodity:275 -   [3/3] XGBoost...
2026-04-24 06:45:08.671 | DEBUG    | __main__:train_xgboost:215 -   [Maize (yellow)] XGBoost MAPE=19.4% | top: price_lag_1w
2026-04-24 06:45:08.676 | INFO     | __main__:train_commodity:281 -   Ensemble weights: arima: 0.831 | prophet: 0.127 | xgboost: 0.043
2026-04-24 06:45:08.676 | INFO     | __main__:train_commodity:283 -   Model          MAPE               MAE    Weight
2026-04-24 06:45:08.676 | INFO     | __main__:train_commodity:284 -   --------------------------------------------------
2026-04-24 06:45:08.677 | INFO     | __main__:train_commodity:291 -   arima          1.0%  ₦       3,816     0.831
2026-04-24 06:45:08.677 | INFO     | __main__:train_commodity:291 -   prophet        6.5%  ₦      25,149     0.127
2026-04-24 06:45:08.677 | INFO     | __main__:train_commodity:291 -   xgboost       19.4%  ₦      68,598     0.043
2026-04-24 06:45:08.691 | INFO     | __main__:run_training:313 - 
[12/12] Starting Wheat...
2026-04-24 06:45:08.776 | INFO     | __main__:train_commodity:263 - 
───────────────────────────────────────────────────────
2026-04-24 06:45:08.776 | INFO     | __main__:train_commodity:264 -   Wheat  (850 rows | last: 2026-04-13)
2026-04-24 06:45:08.776 | INFO     | __main__:train_commodity:265 - ───────────────────────────────────────────────────────
2026-04-24 06:45:08.776 | INFO     | __main__:train_commodity:269 -   [1/3] ARIMA...
2026-04-24 06:45:28.743 | DEBUG    | __main__:train_arima:109 -   [Wheat] ARIMA order=(0, 1, 0) MAPE=19.9%
2026-04-24 06:45:28.743 | INFO     | __main__:train_commodity:272 -   [2/3] Prophet...
2026-04-24 06:45:29.827 | DEBUG    | __main__:train_prophet:159 -   [Wheat] Prophet MAPE=15.1%
2026-04-24 06:45:29.827 | INFO     | __main__:train_commodity:275 -   [3/3] XGBoost...
2026-04-24 06:45:29.994 | DEBUG    | __main__:train_xgboost:215 -   [Wheat] XGBoost MAPE=29.1% | top: data_quality_score
2026-04-24 06:45:29.996 | INFO     | __main__:train_commodity:281 -   Ensemble weights: arima: 0.333 | prophet: 0.439 | xgboost: 0.228
2026-04-24 06:45:29.996 | INFO     | __main__:train_commodity:283 -   Model          MAPE               MAE    Weight
2026-04-24 06:45:29.999 | INFO     | __main__:train_commodity:284 -   --------------------------------------------------
2026-04-24 06:45:29.999 | INFO     | __main__:train_commodity:291 -   arima         19.9%  ₦     130,390     0.333
2026-04-24 06:45:29.999 | INFO     | __main__:train_commodity:291 -   prophet       15.1%  ₦      97,986     0.439
2026-04-24 06:45:29.999 | INFO     | __main__:train_commodity:291 -   xgboost       29.1%  ₦     144,590     0.228
2026-04-24 06:45:30.007 | INFO     | __main__:run_training:324 - 
======================================================================
2026-04-24 06:45:30.007 | INFO     | __main__:run_training:325 -   FINAL TRAINING SUMMARY
2026-04-24 06:45:30.009 | INFO     | __main__:run_training:326 - ======================================================================
2026-04-24 06:45:30.009 | INFO     | __main__:run_training:327 -   Commodity                 ARIMA   Prophet   XGBoost       Best
2026-04-24 06:45:30.009 | INFO     | __main__:run_training:328 -   --------------------------------------------------------------
2026-04-24 06:45:30.009 | INFO     | __main__:run_training:341 -   Hibiscus                  21.0%     36.7%     23.7%      arima
2026-04-24 06:45:30.009 | INFO     | __main__:run_training:341 -   Sesame                    13.1%     37.0%     17.1%      arima
2026-04-24 06:45:30.009 | INFO     | __main__:run_training:341 -   Ginger                    23.8%     63.7%     57.3%      arima
2026-04-24 06:45:30.011 | INFO     | __main__:run_training:341 -   Cocoa                     36.3%     30.8%     41.6%    prophet
2026-04-24 06:45:30.011 | INFO     | __main__:run_training:341 -   Soybeans                  17.4%     44.6%     54.4%      arima
2026-04-24 06:45:30.011 | INFO     | __main__:run_training:341 -   Cashew Nuts               16.3%     68.7%      3.7%    xgboost
2026-04-24 06:45:30.011 | INFO     | __main__:run_training:341 -   Sorghum                   58.6%     25.7%     29.9%    prophet
2026-04-24 06:45:30.011 | INFO     | __main__:run_training:341 -   Beans (white)             15.0%     36.4%      4.6%    xgboost
2026-04-24 06:45:30.011 | INFO     | __main__:run_training:341 -   Beans (red)               31.0%     20.8%     20.9%    prophet
2026-04-24 06:45:30.011 | INFO     | __main__:run_training:341 -   Maize (white)              1.0%     25.8%     16.6%      arima
2026-04-24 06:45:30.013 | INFO     | __main__:run_training:341 -   Maize (yellow)             1.0%      6.5%     19.4%      arima
2026-04-24 06:45:30.013 | INFO     | __main__:run_training:341 -   Wheat                     19.9%     15.1%     29.1%    prophet
2026-04-24 06:45:30.013 | INFO     | __main__:run_training:343 - ======================================================================
2026-04-24 06:45:30.013 | SUCCESS  | __main__:run_training:345 - TRAINING COMPLETE — 12/12 commodities
2026-04-24 06:45:30.013 | INFO     | __main__:run_training:346 - ======================================================================
