2026-05-11 05:20:10.077 | INFO     | __main__:run_training:305 - ============================================================
2026-05-11 05:20:10.080 | INFO     | __main__:run_training:306 - STEP 4 — MODEL TRAINING
2026-05-11 05:20:10.080 | INFO     | __main__:run_training:307 -   Commodities : 12
2026-05-11 05:20:10.080 | INFO     | __main__:run_training:308 -   Models      : ARIMA + Prophet + XGBoost
2026-05-11 05:20:10.080 | INFO     | __main__:run_training:309 - ============================================================
2026-05-11 05:20:10.080 | INFO     | __main__:run_training:313 - 
[1/12] Starting Hibiscus...
2026-05-11 05:20:10.239 | DEBUG    | __main__:train_commodity:260 -   [Hibiscus] Real-data-only mode: 45 rows
2026-05-11 05:20:10.239 | INFO     | __main__:train_commodity:263 - 
───────────────────────────────────────────────────────
2026-05-11 05:20:10.244 | INFO     | __main__:train_commodity:264 -   Hibiscus  (45 rows | last: 2026-04-13)
2026-05-11 05:20:10.244 | INFO     | __main__:train_commodity:265 - ───────────────────────────────────────────────────────
2026-05-11 05:20:10.244 | INFO     | __main__:train_commodity:269 -   [1/3] ARIMA...
2026-05-11 05:20:44.864 | DEBUG    | __main__:train_arima:109 -   [Hibiscus] ARIMA order=(0, 1, 0) MAPE=21.0%
2026-05-11 05:20:44.864 | INFO     | __main__:train_commodity:272 -   [2/3] Prophet...
2026-05-11 05:20:48.404 | DEBUG    | __main__:train_prophet:159 -   [Hibiscus] Prophet MAPE=36.7%
2026-05-11 05:20:48.405 | INFO     | __main__:train_commodity:275 -   [3/3] XGBoost...
2026-05-11 05:20:50.017 | DEBUG    | __main__:train_xgboost:215 -   [Hibiscus] XGBoost MAPE=23.7% | top: rolling_max_4w
2026-05-11 05:20:50.021 | INFO     | __main__:train_commodity:281 -   Ensemble weights: arima: 0.407 | prophet: 0.233 | xgboost: 0.360
2026-05-11 05:20:50.021 | INFO     | __main__:train_commodity:283 -   Model          MAPE               MAE    Weight
2026-05-11 05:20:50.022 | INFO     | __main__:train_commodity:284 -   --------------------------------------------------
2026-05-11 05:20:50.022 | INFO     | __main__:train_commodity:291 -   arima         21.0%  ₦     525,000     0.407
2026-05-11 05:20:50.022 | INFO     | __main__:train_commodity:291 -   prophet       36.7%  ₦     908,482     0.233
2026-05-11 05:20:50.022 | INFO     | __main__:train_commodity:291 -   xgboost       23.7%  ₦     594,192     0.360
2026-05-11 05:20:50.029 | INFO     | __main__:run_training:313 - 
[2/12] Starting Sesame...
2026-05-11 05:20:50.151 | INFO     | __main__:train_commodity:263 - 
───────────────────────────────────────────────────────
2026-05-11 05:20:50.151 | INFO     | __main__:train_commodity:264 -   Sesame  (828 rows | last: 2026-04-13)
2026-05-11 05:20:50.159 | INFO     | __main__:train_commodity:265 - ───────────────────────────────────────────────────────
2026-05-11 05:20:50.159 | INFO     | __main__:train_commodity:269 -   [1/3] ARIMA...
2026-05-11 05:22:58.281 | DEBUG    | __main__:train_arima:109 -   [Sesame] ARIMA order=(1, 1, 0) MAPE=13.1%
2026-05-11 05:22:58.281 | INFO     | __main__:train_commodity:272 -   [2/3] Prophet...
2026-05-11 05:22:59.260 | DEBUG    | __main__:train_prophet:159 -   [Sesame] Prophet MAPE=37.0%
2026-05-11 05:22:59.260 | INFO     | __main__:train_commodity:275 -   [3/3] XGBoost...
2026-05-11 05:23:00.514 | DEBUG    | __main__:train_xgboost:215 -   [Sesame] XGBoost MAPE=17.1% | top: weeks_since_start
2026-05-11 05:23:00.516 | INFO     | __main__:train_commodity:281 -   Ensemble weights: arima: 0.472 | prophet: 0.167 | xgboost: 0.361
2026-05-11 05:23:00.517 | INFO     | __main__:train_commodity:283 -   Model          MAPE               MAE    Weight
2026-05-11 05:23:00.517 | INFO     | __main__:train_commodity:284 -   --------------------------------------------------
2026-05-11 05:23:00.517 | INFO     | __main__:train_commodity:291 -   arima         13.1%  ₦     159,185     0.472
2026-05-11 05:23:00.519 | INFO     | __main__:train_commodity:291 -   prophet       37.0%  ₦     455,303     0.167
2026-05-11 05:23:00.519 | INFO     | __main__:train_commodity:291 -   xgboost       17.1%  ₦     219,602     0.361
2026-05-11 05:23:00.536 | INFO     | __main__:run_training:313 - 
[3/12] Starting Ginger...
2026-05-11 05:23:00.704 | DEBUG    | __main__:train_commodity:260 -   [Ginger] Real-data-only mode: 44 rows
2026-05-11 05:23:00.704 | INFO     | __main__:train_commodity:263 - 
───────────────────────────────────────────────────────
2026-05-11 05:23:00.705 | INFO     | __main__:train_commodity:264 -   Ginger  (44 rows | last: 2026-04-13)
2026-05-11 05:23:00.705 | INFO     | __main__:train_commodity:265 - ───────────────────────────────────────────────────────
2026-05-11 05:23:00.706 | INFO     | __main__:train_commodity:269 -   [1/3] ARIMA...
2026-05-11 05:23:01.444 | DEBUG    | __main__:train_arima:109 -   [Ginger] ARIMA order=(1, 1, 0) MAPE=22.6%
2026-05-11 05:23:01.446 | INFO     | __main__:train_commodity:272 -   [2/3] Prophet...
2026-05-11 05:23:02.601 | DEBUG    | __main__:train_prophet:159 -   [Ginger] Prophet MAPE=33.4%
2026-05-11 05:23:02.601 | INFO     | __main__:train_commodity:275 -   [3/3] XGBoost...
2026-05-11 05:23:02.915 | DEBUG    | __main__:train_xgboost:215 -   [Ginger] XGBoost MAPE=2.3% | top: rolling_max_12w
2026-05-11 05:23:02.917 | INFO     | __main__:train_commodity:281 -   Ensemble weights: arima: 0.088 | prophet: 0.059 | xgboost: 0.853
2026-05-11 05:23:02.917 | INFO     | __main__:train_commodity:283 -   Model          MAPE               MAE    Weight
2026-05-11 05:23:02.917 | INFO     | __main__:train_commodity:284 -   --------------------------------------------------
2026-05-11 05:23:02.917 | INFO     | __main__:train_commodity:291 -   arima         22.6%  ₦   2,279,849     0.088
2026-05-11 05:23:02.919 | INFO     | __main__:train_commodity:291 -   prophet       33.4%  ₦   3,360,407     0.059
2026-05-11 05:23:02.919 | INFO     | __main__:train_commodity:291 -   xgboost        2.3%  ₦     239,659     0.853
2026-05-11 05:23:02.921 | INFO     | __main__:run_training:313 - 
[4/12] Starting Cocoa...
2026-05-11 05:23:03.026 | DEBUG    | __main__:train_commodity:260 -   [Cocoa] Real-data-only mode: 48 rows
2026-05-11 05:23:03.026 | INFO     | __main__:train_commodity:263 - 
───────────────────────────────────────────────────────
2026-05-11 05:23:03.027 | INFO     | __main__:train_commodity:264 -   Cocoa  (48 rows | last: 2026-04-13)
2026-05-11 05:23:03.028 | INFO     | __main__:train_commodity:265 - ───────────────────────────────────────────────────────
2026-05-11 05:23:03.028 | INFO     | __main__:train_commodity:269 -   [1/3] ARIMA...
2026-05-11 05:23:03.822 | DEBUG    | __main__:train_arima:109 -   [Cocoa] ARIMA order=(0, 1, 0) MAPE=36.3%
2026-05-11 05:23:03.822 | INFO     | __main__:train_commodity:272 -   [2/3] Prophet...
2026-05-11 05:23:04.879 | DEBUG    | __main__:train_prophet:159 -   [Cocoa] Prophet MAPE=30.8%
2026-05-11 05:23:04.879 | INFO     | __main__:train_commodity:275 -   [3/3] XGBoost...
2026-05-11 05:23:05.763 | DEBUG    | __main__:train_xgboost:215 -   [Cocoa] XGBoost MAPE=41.6% | top: pct_change_52w
2026-05-11 05:23:05.766 | INFO     | __main__:train_commodity:281 -   Ensemble weights: arima: 0.328 | prophet: 0.386 | xgboost: 0.286
2026-05-11 05:23:05.768 | INFO     | __main__:train_commodity:283 -   Model          MAPE               MAE    Weight
2026-05-11 05:23:05.768 | INFO     | __main__:train_commodity:284 -   --------------------------------------------------
2026-05-11 05:23:05.768 | INFO     | __main__:train_commodity:291 -   arima         36.3%  ₦   2,165,000     0.328
2026-05-11 05:23:05.768 | INFO     | __main__:train_commodity:291 -   prophet       30.8%  ₦   1,868,354     0.386
2026-05-11 05:23:05.770 | INFO     | __main__:train_commodity:291 -   xgboost       41.6%  ₦   2,490,981     0.286
2026-05-11 05:23:05.773 | INFO     | __main__:run_training:313 - 
[5/12] Starting Soybeans...
2026-05-11 05:23:05.872 | INFO     | __main__:train_commodity:263 - 
───────────────────────────────────────────────────────
2026-05-11 05:23:05.872 | INFO     | __main__:train_commodity:264 -   Soybeans  (1372 rows | last: 2026-04-13)
2026-05-11 05:23:05.872 | INFO     | __main__:train_commodity:265 - ───────────────────────────────────────────────────────
2026-05-11 05:23:05.872 | INFO     | __main__:train_commodity:269 -   [1/3] ARIMA...
2026-05-11 05:23:35.202 | DEBUG    | __main__:train_arima:109 -   [Soybeans] ARIMA order=(1, 2, 1) MAPE=17.4%
2026-05-11 05:23:35.202 | INFO     | __main__:train_commodity:272 -   [2/3] Prophet...
2026-05-11 05:23:36.792 | DEBUG    | __main__:train_prophet:159 -   [Soybeans] Prophet MAPE=44.6%
2026-05-11 05:23:36.792 | INFO     | __main__:train_commodity:275 -   [3/3] XGBoost...
2026-05-11 05:23:38.759 | DEBUG    | __main__:train_xgboost:215 -   [Soybeans] XGBoost MAPE=54.4% | top: rolling_max_12w
2026-05-11 05:23:38.761 | INFO     | __main__:train_commodity:281 -   Ensemble weights: arima: 0.585 | prophet: 0.228 | xgboost: 0.187
2026-05-11 05:23:38.761 | INFO     | __main__:train_commodity:283 -   Model          MAPE               MAE    Weight
2026-05-11 05:23:38.761 | INFO     | __main__:train_commodity:284 -   --------------------------------------------------
2026-05-11 05:23:38.761 | INFO     | __main__:train_commodity:291 -   arima         17.4%  ₦     101,624     0.585
2026-05-11 05:23:38.763 | INFO     | __main__:train_commodity:291 -   prophet       44.6%  ₦     267,873     0.228
2026-05-11 05:23:38.763 | INFO     | __main__:train_commodity:291 -   xgboost       54.4%  ₦     336,235     0.187
2026-05-11 05:23:38.768 | INFO     | __main__:run_training:313 - 
[6/12] Starting Cashew Nuts...
2026-05-11 05:23:38.892 | DEBUG    | __main__:train_commodity:260 -   [Cashew Nuts] Real-data-only mode: 48 rows
2026-05-11 05:23:38.892 | INFO     | __main__:train_commodity:263 - 
───────────────────────────────────────────────────────
2026-05-11 05:23:38.892 | INFO     | __main__:train_commodity:264 -   Cashew Nuts  (48 rows | last: 2026-04-13)
2026-05-11 05:23:38.892 | INFO     | __main__:train_commodity:265 - ───────────────────────────────────────────────────────
2026-05-11 05:23:38.894 | INFO     | __main__:train_commodity:269 -   [1/3] ARIMA...
2026-05-11 05:23:40.286 | DEBUG    | __main__:train_arima:109 -   [Cashew Nuts] ARIMA order=(2, 0, 0) MAPE=16.3%
2026-05-11 05:23:40.287 | INFO     | __main__:train_commodity:272 -   [2/3] Prophet...
2026-05-11 05:23:41.995 | DEBUG    | __main__:train_prophet:159 -   [Cashew Nuts] Prophet MAPE=68.7%
2026-05-11 05:23:41.997 | INFO     | __main__:train_commodity:275 -   [3/3] XGBoost...
2026-05-11 05:23:42.368 | DEBUG    | __main__:train_xgboost:215 -   [Cashew Nuts] XGBoost MAPE=3.7% | top: pct_change_52w
2026-05-11 05:23:42.372 | INFO     | __main__:train_commodity:281 -   Ensemble weights: arima: 0.183 | xgboost: 0.817
2026-05-11 05:23:42.374 | INFO     | __main__:train_commodity:283 -   Model          MAPE               MAE    Weight
2026-05-11 05:23:42.374 | INFO     | __main__:train_commodity:284 -   --------------------------------------------------
2026-05-11 05:23:42.374 | INFO     | __main__:train_commodity:291 -   arima         16.3%  ₦     301,076     0.183
2026-05-11 05:23:42.374 | INFO     | __main__:train_commodity:291 -   prophet       68.7%  ₦   1,293,976     0.000
2026-05-11 05:23:42.374 | INFO     | __main__:train_commodity:291 -   xgboost        3.7%  ₦      66,652     0.817
2026-05-11 05:23:42.377 | INFO     | __main__:run_training:313 - 
[7/12] Starting Sorghum...
2026-05-11 05:23:42.540 | INFO     | __main__:train_commodity:263 - 
───────────────────────────────────────────────────────
2026-05-11 05:23:42.542 | INFO     | __main__:train_commodity:264 -   Sorghum  (1266 rows | last: 2026-04-13)
2026-05-11 05:23:42.544 | INFO     | __main__:train_commodity:265 - ───────────────────────────────────────────────────────
2026-05-11 05:23:42.546 | INFO     | __main__:train_commodity:269 -   [1/3] ARIMA...
2026-05-11 05:26:52.614 | DEBUG    | __main__:train_arima:109 -   [Sorghum] ARIMA order=(0, 2, 0) MAPE=58.6%
2026-05-11 05:26:52.614 | INFO     | __main__:train_commodity:272 -   [2/3] Prophet...
2026-05-11 05:26:54.436 | DEBUG    | __main__:train_prophet:159 -   [Sorghum] Prophet MAPE=25.7%
2026-05-11 05:26:54.438 | INFO     | __main__:train_commodity:275 -   [3/3] XGBoost...
2026-05-11 05:26:56.272 | DEBUG    | __main__:train_xgboost:215 -   [Sorghum] XGBoost MAPE=29.9% | top: rolling_mean_4w
2026-05-11 05:26:56.284 | INFO     | __main__:train_commodity:281 -   Ensemble weights: arima: 0.191 | prophet: 0.435 | xgboost: 0.374
2026-05-11 05:26:56.284 | INFO     | __main__:train_commodity:283 -   Model          MAPE               MAE    Weight
2026-05-11 05:26:56.284 | INFO     | __main__:train_commodity:284 -   --------------------------------------------------
2026-05-11 05:26:56.286 | INFO     | __main__:train_commodity:291 -   arima         58.6%  ₦     184,808     0.191
2026-05-11 05:26:56.286 | INFO     | __main__:train_commodity:291 -   prophet       25.7%  ₦      80,476     0.435
2026-05-11 05:26:56.286 | INFO     | __main__:train_commodity:291 -   xgboost       29.9%  ₦     115,937     0.374
2026-05-11 05:26:56.308 | INFO     | __main__:run_training:313 - 
[8/12] Starting Beans (white)...
2026-05-11 05:26:56.456 | INFO     | __main__:train_commodity:263 - 
───────────────────────────────────────────────────────
2026-05-11 05:26:56.460 | INFO     | __main__:train_commodity:264 -   Beans (white)  (1262 rows | last: 2026-03-16)
2026-05-11 05:26:56.460 | INFO     | __main__:train_commodity:265 - ───────────────────────────────────────────────────────
2026-05-11 05:26:56.460 | INFO     | __main__:train_commodity:269 -   [1/3] ARIMA...
2026-05-11 05:27:39.049 | DEBUG    | __main__:train_arima:109 -   [Beans (white)] ARIMA order=(1, 2, 1) MAPE=15.0%
2026-05-11 05:27:39.050 | INFO     | __main__:train_commodity:272 -   [2/3] Prophet...
2026-05-11 05:27:41.174 | DEBUG    | __main__:train_prophet:159 -   [Beans (white)] Prophet MAPE=36.4%
2026-05-11 05:27:41.174 | INFO     | __main__:train_commodity:275 -   [3/3] XGBoost...
2026-05-11 05:27:42.485 | DEBUG    | __main__:train_xgboost:215 -   [Beans (white)] XGBoost MAPE=4.6% | top: rolling_min_4w
2026-05-11 05:27:42.488 | INFO     | __main__:train_commodity:281 -   Ensemble weights: arima: 0.215 | prophet: 0.088 | xgboost: 0.697
2026-05-11 05:27:42.488 | INFO     | __main__:train_commodity:283 -   Model          MAPE               MAE    Weight
2026-05-11 05:27:42.490 | INFO     | __main__:train_commodity:284 -   --------------------------------------------------
2026-05-11 05:27:42.490 | INFO     | __main__:train_commodity:291 -   arima         15.0%  ₦      90,069     0.215
2026-05-11 05:27:42.490 | INFO     | __main__:train_commodity:291 -   prophet       36.4%  ₦     233,665     0.088
2026-05-11 05:27:42.490 | INFO     | __main__:train_commodity:291 -   xgboost        4.6%  ₦      41,028     0.697
2026-05-11 05:27:42.502 | INFO     | __main__:run_training:313 - 
[9/12] Starting Beans (red)...
2026-05-11 05:27:42.627 | INFO     | __main__:train_commodity:263 - 
───────────────────────────────────────────────────────
2026-05-11 05:27:42.628 | INFO     | __main__:train_commodity:264 -   Beans (red)  (531 rows | last: 2026-03-16)
2026-05-11 05:27:42.628 | INFO     | __main__:train_commodity:265 - ───────────────────────────────────────────────────────
2026-05-11 05:27:42.628 | INFO     | __main__:train_commodity:269 -   [1/3] ARIMA...
2026-05-11 05:28:24.830 | DEBUG    | __main__:train_arima:109 -   [Beans (red)] ARIMA order=(1, 2, 1) MAPE=31.0%
2026-05-11 05:28:24.831 | INFO     | __main__:train_commodity:272 -   [2/3] Prophet...
2026-05-11 05:28:25.972 | DEBUG    | __main__:train_prophet:159 -   [Beans (red)] Prophet MAPE=20.8%
2026-05-11 05:28:25.972 | INFO     | __main__:train_commodity:275 -   [3/3] XGBoost...
2026-05-11 05:28:27.060 | DEBUG    | __main__:train_xgboost:215 -   [Beans (red)] XGBoost MAPE=20.9% | top: fuel_cost_index
2026-05-11 05:28:27.065 | INFO     | __main__:train_commodity:281 -   Ensemble weights: arima: 0.252 | prophet: 0.375 | xgboost: 0.373
2026-05-11 05:28:27.065 | INFO     | __main__:train_commodity:283 -   Model          MAPE               MAE    Weight
2026-05-11 05:28:27.065 | INFO     | __main__:train_commodity:284 -   --------------------------------------------------
2026-05-11 05:28:27.067 | INFO     | __main__:train_commodity:291 -   arima         31.0%  ₦     216,085     0.252
2026-05-11 05:28:27.067 | INFO     | __main__:train_commodity:291 -   prophet       20.8%  ₦     161,298     0.375
2026-05-11 05:28:27.069 | INFO     | __main__:train_commodity:291 -   xgboost       20.9%  ₦     323,952     0.373
2026-05-11 05:28:27.073 | INFO     | __main__:run_training:313 - 
[10/12] Starting Maize (white)...
2026-05-11 05:28:27.239 | INFO     | __main__:train_commodity:263 - 
───────────────────────────────────────────────────────
2026-05-11 05:28:27.240 | INFO     | __main__:train_commodity:264 -   Maize (white)  (1265 rows | last: 2026-04-06)
2026-05-11 05:28:27.240 | INFO     | __main__:train_commodity:265 - ───────────────────────────────────────────────────────
2026-05-11 05:28:27.240 | INFO     | __main__:train_commodity:269 -   [1/3] ARIMA...
2026-05-11 05:29:19.603 | DEBUG    | __main__:train_arima:109 -   [Maize (white)] ARIMA order=(1, 1, 0) MAPE=1.0%
2026-05-11 05:29:19.603 | INFO     | __main__:train_commodity:272 -   [2/3] Prophet...
2026-05-11 05:29:22.091 | DEBUG    | __main__:train_prophet:159 -   [Maize (white)] Prophet MAPE=25.8%
2026-05-11 05:29:22.091 | INFO     | __main__:train_commodity:275 -   [3/3] XGBoost...
2026-05-11 05:29:24.065 | DEBUG    | __main__:train_xgboost:215 -   [Maize (white)] XGBoost MAPE=16.6% | top: rolling_mean_4w
2026-05-11 05:29:24.076 | INFO     | __main__:train_commodity:281 -   Ensemble weights: arima: 0.911 | prophet: 0.035 | xgboost: 0.054
2026-05-11 05:29:24.078 | INFO     | __main__:train_commodity:283 -   Model          MAPE               MAE    Weight
2026-05-11 05:29:24.079 | INFO     | __main__:train_commodity:284 -   --------------------------------------------------
2026-05-11 05:29:24.079 | INFO     | __main__:train_commodity:291 -   arima          1.0%  ₦       3,498     0.911
2026-05-11 05:29:24.080 | INFO     | __main__:train_commodity:291 -   prophet       25.8%  ₦      92,823     0.035
2026-05-11 05:29:24.081 | INFO     | __main__:train_commodity:291 -   xgboost       16.6%  ₦      50,676     0.054
2026-05-11 05:29:24.115 | INFO     | __main__:run_training:313 - 
[11/12] Starting Maize (yellow)...
2026-05-11 05:29:24.266 | INFO     | __main__:train_commodity:263 - 
───────────────────────────────────────────────────────
2026-05-11 05:29:24.268 | INFO     | __main__:train_commodity:264 -   Maize (yellow)  (621 rows | last: 2026-04-06)
2026-05-11 05:29:24.268 | INFO     | __main__:train_commodity:265 - ───────────────────────────────────────────────────────
2026-05-11 05:29:24.270 | INFO     | __main__:train_commodity:269 -   [1/3] ARIMA...
2026-05-11 05:30:13.677 | DEBUG    | __main__:train_arima:109 -   [Maize (yellow)] ARIMA order=(1, 1, 0) MAPE=1.0%
2026-05-11 05:30:13.677 | INFO     | __main__:train_commodity:272 -   [2/3] Prophet...
2026-05-11 05:30:15.220 | DEBUG    | __main__:train_prophet:159 -   [Maize (yellow)] Prophet MAPE=6.5%
2026-05-11 05:30:15.220 | INFO     | __main__:train_commodity:275 -   [3/3] XGBoost...
2026-05-11 05:30:16.450 | DEBUG    | __main__:train_xgboost:215 -   [Maize (yellow)] XGBoost MAPE=19.4% | top: price_lag_1w
2026-05-11 05:30:16.454 | INFO     | __main__:train_commodity:281 -   Ensemble weights: arima: 0.831 | prophet: 0.127 | xgboost: 0.043
2026-05-11 05:30:16.454 | INFO     | __main__:train_commodity:283 -   Model          MAPE               MAE    Weight
2026-05-11 05:30:16.454 | INFO     | __main__:train_commodity:284 -   --------------------------------------------------
2026-05-11 05:30:16.456 | INFO     | __main__:train_commodity:291 -   arima          1.0%  ₦       3,816     0.831
2026-05-11 05:30:16.456 | INFO     | __main__:train_commodity:291 -   prophet        6.5%  ₦      25,149     0.127
2026-05-11 05:30:16.456 | INFO     | __main__:train_commodity:291 -   xgboost       19.4%  ₦      68,598     0.043
2026-05-11 05:30:16.479 | INFO     | __main__:run_training:313 - 
[12/12] Starting Wheat...
2026-05-11 05:30:16.606 | INFO     | __main__:train_commodity:263 - 
───────────────────────────────────────────────────────
2026-05-11 05:30:16.606 | INFO     | __main__:train_commodity:264 -   Wheat  (850 rows | last: 2026-04-13)
2026-05-11 05:30:16.608 | INFO     | __main__:train_commodity:265 - ───────────────────────────────────────────────────────
2026-05-11 05:30:16.608 | INFO     | __main__:train_commodity:269 -   [1/3] ARIMA...
2026-05-11 05:30:31.083 | DEBUG    | __main__:train_arima:109 -   [Wheat] ARIMA order=(0, 1, 0) MAPE=2.4%
2026-05-11 05:30:31.083 | INFO     | __main__:train_commodity:272 -   [2/3] Prophet...
2026-05-11 05:30:32.294 | DEBUG    | __main__:train_prophet:159 -   [Wheat] Prophet MAPE=6.5%
2026-05-11 05:30:32.294 | INFO     | __main__:train_commodity:275 -   [3/3] XGBoost...
2026-05-11 05:30:33.028 | DEBUG    | __main__:train_xgboost:215 -   [Wheat] XGBoost MAPE=30.0% | top: pct_change_52w
2026-05-11 05:30:33.034 | INFO     | __main__:train_commodity:281 -   Ensemble weights: arima: 0.688 | prophet: 0.257 | xgboost: 0.056
2026-05-11 05:30:33.035 | INFO     | __main__:train_commodity:283 -   Model          MAPE               MAE    Weight
2026-05-11 05:30:33.035 | INFO     | __main__:train_commodity:284 -   --------------------------------------------------
2026-05-11 05:30:33.036 | INFO     | __main__:train_commodity:291 -   arima          2.4%  ₦      17,023     0.688
2026-05-11 05:30:33.036 | INFO     | __main__:train_commodity:291 -   prophet        6.5%  ₦      44,376     0.257
2026-05-11 05:30:33.037 | INFO     | __main__:train_commodity:291 -   xgboost       30.0%  ₦     204,432     0.056
2026-05-11 05:30:33.050 | INFO     | __main__:run_training:324 - 
======================================================================
2026-05-11 05:30:33.050 | INFO     | __main__:run_training:325 -   FINAL TRAINING SUMMARY
2026-05-11 05:30:33.052 | INFO     | __main__:run_training:326 - ======================================================================
2026-05-11 05:30:33.052 | INFO     | __main__:run_training:327 -   Commodity                 ARIMA   Prophet   XGBoost       Best
2026-05-11 05:30:33.052 | INFO     | __main__:run_training:328 -   --------------------------------------------------------------
2026-05-11 05:30:33.054 | INFO     | __main__:run_training:341 -   Hibiscus                  21.0%     36.7%     23.7%      arima
2026-05-11 05:30:33.054 | INFO     | __main__:run_training:341 -   Sesame                    13.1%     37.0%     17.1%      arima
2026-05-11 05:30:33.054 | INFO     | __main__:run_training:341 -   Ginger                    22.6%     33.4%      2.3%    xgboost
2026-05-11 05:30:33.056 | INFO     | __main__:run_training:341 -   Cocoa                     36.3%     30.8%     41.6%    prophet
2026-05-11 05:30:33.056 | INFO     | __main__:run_training:341 -   Soybeans                  17.4%     44.6%     54.4%      arima
2026-05-11 05:30:33.058 | INFO     | __main__:run_training:341 -   Cashew Nuts               16.3%     68.7%      3.7%    xgboost
2026-05-11 05:30:33.060 | INFO     | __main__:run_training:341 -   Sorghum                   58.6%     25.7%     29.9%    prophet
2026-05-11 05:30:33.061 | INFO     | __main__:run_training:341 -   Beans (white)             15.0%     36.4%      4.6%    xgboost
2026-05-11 05:30:33.061 | INFO     | __main__:run_training:341 -   Beans (red)               31.0%     20.8%     20.9%    prophet
2026-05-11 05:30:33.061 | INFO     | __main__:run_training:341 -   Maize (white)              1.0%     25.8%     16.6%      arima
2026-05-11 05:30:33.061 | INFO     | __main__:run_training:341 -   Maize (yellow)             1.0%      6.5%     19.4%      arima
2026-05-11 05:30:33.063 | INFO     | __main__:run_training:341 -   Wheat                      2.4%      6.5%     30.0%      arima
2026-05-11 05:30:33.063 | INFO     | __main__:run_training:343 - ======================================================================
2026-05-11 05:30:33.064 | SUCCESS  | __main__:run_training:345 - TRAINING COMPLETE — 12/12 commodities
2026-05-11 05:30:33.064 | INFO     | __main__:run_training:346 - ======================================================================
