2026-05-19 06:14:03.735 | INFO     | __main__:run_training:305 - ============================================================
2026-05-19 06:14:03.741 | INFO     | __main__:run_training:306 - STEP 4 — MODEL TRAINING
2026-05-19 06:14:03.741 | INFO     | __main__:run_training:307 -   Commodities : 12
2026-05-19 06:14:03.743 | INFO     | __main__:run_training:308 -   Models      : ARIMA + Prophet + XGBoost
2026-05-19 06:14:03.745 | INFO     | __main__:run_training:309 - ============================================================
2026-05-19 06:14:03.745 | INFO     | __main__:run_training:313 - 
[1/12] Starting Hibiscus...
2026-05-19 06:14:04.046 | DEBUG    | __main__:train_commodity:260 -   [Hibiscus] Real-data-only mode: 45 rows
2026-05-19 06:14:04.046 | INFO     | __main__:train_commodity:263 - 
───────────────────────────────────────────────────────
2026-05-19 06:14:04.054 | INFO     | __main__:train_commodity:264 -   Hibiscus  (45 rows | last: 2026-04-13)
2026-05-19 06:14:04.054 | INFO     | __main__:train_commodity:265 - ───────────────────────────────────────────────────────
2026-05-19 06:14:04.056 | INFO     | __main__:train_commodity:269 -   [1/3] ARIMA...
2026-05-19 06:14:40.317 | DEBUG    | __main__:train_arima:109 -   [Hibiscus] ARIMA order=(0, 1, 0) MAPE=21.0%
2026-05-19 06:14:40.319 | INFO     | __main__:train_commodity:272 -   [2/3] Prophet...
2026-05-19 06:14:43.967 | DEBUG    | __main__:train_prophet:159 -   [Hibiscus] Prophet MAPE=36.7%
2026-05-19 06:14:43.968 | INFO     | __main__:train_commodity:275 -   [3/3] XGBoost...
2026-05-19 06:14:45.420 | DEBUG    | __main__:train_xgboost:215 -   [Hibiscus] XGBoost MAPE=23.7% | top: rolling_max_4w
2026-05-19 06:14:45.426 | INFO     | __main__:train_commodity:281 -   Ensemble weights: arima: 0.407 | prophet: 0.233 | xgboost: 0.360
2026-05-19 06:14:45.428 | INFO     | __main__:train_commodity:283 -   Model          MAPE               MAE    Weight
2026-05-19 06:14:45.428 | INFO     | __main__:train_commodity:284 -   --------------------------------------------------
2026-05-19 06:14:45.430 | INFO     | __main__:train_commodity:291 -   arima         21.0%  ₦     525,000     0.407
2026-05-19 06:14:45.430 | INFO     | __main__:train_commodity:291 -   prophet       36.7%  ₦     908,482     0.233
2026-05-19 06:14:45.430 | INFO     | __main__:train_commodity:291 -   xgboost       23.7%  ₦     594,192     0.360
2026-05-19 06:14:45.436 | INFO     | __main__:run_training:313 - 
[2/12] Starting Sesame...
2026-05-19 06:14:45.545 | INFO     | __main__:train_commodity:263 - 
───────────────────────────────────────────────────────
2026-05-19 06:14:45.545 | INFO     | __main__:train_commodity:264 -   Sesame  (828 rows | last: 2026-04-13)
2026-05-19 06:14:45.545 | INFO     | __main__:train_commodity:265 - ───────────────────────────────────────────────────────
2026-05-19 06:14:45.545 | INFO     | __main__:train_commodity:269 -   [1/3] ARIMA...
2026-05-19 06:16:54.723 | DEBUG    | __main__:train_arima:109 -   [Sesame] ARIMA order=(1, 1, 0) MAPE=13.1%
2026-05-19 06:16:54.725 | INFO     | __main__:train_commodity:272 -   [2/3] Prophet...
2026-05-19 06:16:56.249 | DEBUG    | __main__:train_prophet:159 -   [Sesame] Prophet MAPE=37.0%
2026-05-19 06:16:56.249 | INFO     | __main__:train_commodity:275 -   [3/3] XGBoost...
2026-05-19 06:16:57.841 | DEBUG    | __main__:train_xgboost:215 -   [Sesame] XGBoost MAPE=17.1% | top: weeks_since_start
2026-05-19 06:16:57.847 | INFO     | __main__:train_commodity:281 -   Ensemble weights: arima: 0.472 | prophet: 0.167 | xgboost: 0.361
2026-05-19 06:16:57.847 | INFO     | __main__:train_commodity:283 -   Model          MAPE               MAE    Weight
2026-05-19 06:16:57.847 | INFO     | __main__:train_commodity:284 -   --------------------------------------------------
2026-05-19 06:16:57.849 | INFO     | __main__:train_commodity:291 -   arima         13.1%  ₦     159,185     0.472
2026-05-19 06:16:57.849 | INFO     | __main__:train_commodity:291 -   prophet       37.0%  ₦     455,303     0.167
2026-05-19 06:16:57.849 | INFO     | __main__:train_commodity:291 -   xgboost       17.1%  ₦     219,602     0.361
2026-05-19 06:16:57.876 | INFO     | __main__:run_training:313 - 
[3/12] Starting Ginger...
2026-05-19 06:16:58.000 | DEBUG    | __main__:train_commodity:260 -   [Ginger] Real-data-only mode: 44 rows
2026-05-19 06:16:58.000 | INFO     | __main__:train_commodity:263 - 
───────────────────────────────────────────────────────
2026-05-19 06:16:58.002 | INFO     | __main__:train_commodity:264 -   Ginger  (44 rows | last: 2026-04-13)
2026-05-19 06:16:58.004 | INFO     | __main__:train_commodity:265 - ───────────────────────────────────────────────────────
2026-05-19 06:16:58.004 | INFO     | __main__:train_commodity:269 -   [1/3] ARIMA...
2026-05-19 06:16:59.105 | DEBUG    | __main__:train_arima:109 -   [Ginger] ARIMA order=(1, 1, 0) MAPE=22.6%
2026-05-19 06:16:59.106 | INFO     | __main__:train_commodity:272 -   [2/3] Prophet...
2026-05-19 06:17:00.043 | DEBUG    | __main__:train_prophet:159 -   [Ginger] Prophet MAPE=33.4%
2026-05-19 06:17:00.043 | INFO     | __main__:train_commodity:275 -   [3/3] XGBoost...
2026-05-19 06:17:00.572 | DEBUG    | __main__:train_xgboost:215 -   [Ginger] XGBoost MAPE=2.3% | top: rolling_max_12w
2026-05-19 06:17:00.578 | INFO     | __main__:train_commodity:281 -   Ensemble weights: arima: 0.088 | prophet: 0.059 | xgboost: 0.853
2026-05-19 06:17:00.578 | INFO     | __main__:train_commodity:283 -   Model          MAPE               MAE    Weight
2026-05-19 06:17:00.578 | INFO     | __main__:train_commodity:284 -   --------------------------------------------------
2026-05-19 06:17:00.580 | INFO     | __main__:train_commodity:291 -   arima         22.6%  ₦   2,279,849     0.088
2026-05-19 06:17:00.580 | INFO     | __main__:train_commodity:291 -   prophet       33.4%  ₦   3,360,407     0.059
2026-05-19 06:17:00.580 | INFO     | __main__:train_commodity:291 -   xgboost        2.3%  ₦     239,659     0.853
2026-05-19 06:17:00.584 | INFO     | __main__:run_training:313 - 
[4/12] Starting Cocoa...
2026-05-19 06:17:00.713 | DEBUG    | __main__:train_commodity:260 -   [Cocoa] Real-data-only mode: 48 rows
2026-05-19 06:17:00.713 | INFO     | __main__:train_commodity:263 - 
───────────────────────────────────────────────────────
2026-05-19 06:17:00.716 | INFO     | __main__:train_commodity:264 -   Cocoa  (48 rows | last: 2026-04-13)
2026-05-19 06:17:00.716 | INFO     | __main__:train_commodity:265 - ───────────────────────────────────────────────────────
2026-05-19 06:17:00.716 | INFO     | __main__:train_commodity:269 -   [1/3] ARIMA...
2026-05-19 06:17:01.999 | DEBUG    | __main__:train_arima:109 -   [Cocoa] ARIMA order=(0, 1, 0) MAPE=36.3%
2026-05-19 06:17:01.999 | INFO     | __main__:train_commodity:272 -   [2/3] Prophet...
2026-05-19 06:17:03.062 | DEBUG    | __main__:train_prophet:159 -   [Cocoa] Prophet MAPE=30.8%
2026-05-19 06:17:03.064 | INFO     | __main__:train_commodity:275 -   [3/3] XGBoost...
2026-05-19 06:17:04.383 | DEBUG    | __main__:train_xgboost:215 -   [Cocoa] XGBoost MAPE=41.6% | top: pct_change_52w
2026-05-19 06:17:04.387 | INFO     | __main__:train_commodity:281 -   Ensemble weights: arima: 0.328 | prophet: 0.386 | xgboost: 0.286
2026-05-19 06:17:04.390 | INFO     | __main__:train_commodity:283 -   Model          MAPE               MAE    Weight
2026-05-19 06:17:04.390 | INFO     | __main__:train_commodity:284 -   --------------------------------------------------
2026-05-19 06:17:04.391 | INFO     | __main__:train_commodity:291 -   arima         36.3%  ₦   2,165,000     0.328
2026-05-19 06:17:04.391 | INFO     | __main__:train_commodity:291 -   prophet       30.8%  ₦   1,868,354     0.386
2026-05-19 06:17:04.391 | INFO     | __main__:train_commodity:291 -   xgboost       41.6%  ₦   2,490,981     0.286
2026-05-19 06:17:04.395 | INFO     | __main__:run_training:313 - 
[5/12] Starting Soybeans...
2026-05-19 06:17:04.517 | INFO     | __main__:train_commodity:263 - 
───────────────────────────────────────────────────────
2026-05-19 06:17:04.517 | INFO     | __main__:train_commodity:264 -   Soybeans  (1372 rows | last: 2026-04-13)
2026-05-19 06:17:04.517 | INFO     | __main__:train_commodity:265 - ───────────────────────────────────────────────────────
2026-05-19 06:17:04.517 | INFO     | __main__:train_commodity:269 -   [1/3] ARIMA...
2026-05-19 06:17:35.694 | DEBUG    | __main__:train_arima:109 -   [Soybeans] ARIMA order=(1, 2, 1) MAPE=17.4%
2026-05-19 06:17:35.694 | INFO     | __main__:train_commodity:272 -   [2/3] Prophet...
2026-05-19 06:17:37.583 | DEBUG    | __main__:train_prophet:159 -   [Soybeans] Prophet MAPE=44.6%
2026-05-19 06:17:37.585 | INFO     | __main__:train_commodity:275 -   [3/3] XGBoost...
2026-05-19 06:17:39.788 | DEBUG    | __main__:train_xgboost:215 -   [Soybeans] XGBoost MAPE=54.4% | top: rolling_max_12w
2026-05-19 06:17:39.792 | INFO     | __main__:train_commodity:281 -   Ensemble weights: arima: 0.585 | prophet: 0.228 | xgboost: 0.187
2026-05-19 06:17:39.792 | INFO     | __main__:train_commodity:283 -   Model          MAPE               MAE    Weight
2026-05-19 06:17:39.794 | INFO     | __main__:train_commodity:284 -   --------------------------------------------------
2026-05-19 06:17:39.794 | INFO     | __main__:train_commodity:291 -   arima         17.4%  ₦     101,624     0.585
2026-05-19 06:17:39.794 | INFO     | __main__:train_commodity:291 -   prophet       44.6%  ₦     267,873     0.228
2026-05-19 06:17:39.794 | INFO     | __main__:train_commodity:291 -   xgboost       54.4%  ₦     336,235     0.187
2026-05-19 06:17:39.804 | INFO     | __main__:run_training:313 - 
[6/12] Starting Cashew Nuts...
2026-05-19 06:17:39.944 | DEBUG    | __main__:train_commodity:260 -   [Cashew Nuts] Real-data-only mode: 48 rows
2026-05-19 06:17:39.945 | INFO     | __main__:train_commodity:263 - 
───────────────────────────────────────────────────────
2026-05-19 06:17:39.945 | INFO     | __main__:train_commodity:264 -   Cashew Nuts  (48 rows | last: 2026-04-13)
2026-05-19 06:17:39.945 | INFO     | __main__:train_commodity:265 - ───────────────────────────────────────────────────────
2026-05-19 06:17:39.945 | INFO     | __main__:train_commodity:269 -   [1/3] ARIMA...
2026-05-19 06:17:41.325 | DEBUG    | __main__:train_arima:109 -   [Cashew Nuts] ARIMA order=(2, 0, 0) MAPE=16.3%
2026-05-19 06:17:41.325 | INFO     | __main__:train_commodity:272 -   [2/3] Prophet...
2026-05-19 06:17:42.248 | DEBUG    | __main__:train_prophet:159 -   [Cashew Nuts] Prophet MAPE=68.7%
2026-05-19 06:17:42.248 | INFO     | __main__:train_commodity:275 -   [3/3] XGBoost...
2026-05-19 06:17:42.485 | DEBUG    | __main__:train_xgboost:215 -   [Cashew Nuts] XGBoost MAPE=3.7% | top: pct_change_52w
2026-05-19 06:17:42.489 | INFO     | __main__:train_commodity:281 -   Ensemble weights: arima: 0.183 | xgboost: 0.817
2026-05-19 06:17:42.489 | INFO     | __main__:train_commodity:283 -   Model          MAPE               MAE    Weight
2026-05-19 06:17:42.491 | INFO     | __main__:train_commodity:284 -   --------------------------------------------------
2026-05-19 06:17:42.491 | INFO     | __main__:train_commodity:291 -   arima         16.3%  ₦     301,076     0.183
2026-05-19 06:17:42.491 | INFO     | __main__:train_commodity:291 -   prophet       68.7%  ₦   1,293,976     0.000
2026-05-19 06:17:42.491 | INFO     | __main__:train_commodity:291 -   xgboost        3.7%  ₦      66,652     0.817
2026-05-19 06:17:42.495 | INFO     | __main__:run_training:313 - 
[7/12] Starting Sorghum...
2026-05-19 06:17:42.644 | INFO     | __main__:train_commodity:263 - 
───────────────────────────────────────────────────────
2026-05-19 06:17:42.644 | INFO     | __main__:train_commodity:264 -   Sorghum  (1266 rows | last: 2026-04-13)
2026-05-19 06:17:42.644 | INFO     | __main__:train_commodity:265 - ───────────────────────────────────────────────────────
2026-05-19 06:17:42.644 | INFO     | __main__:train_commodity:269 -   [1/3] ARIMA...
2026-05-19 06:20:39.255 | DEBUG    | __main__:train_arima:109 -   [Sorghum] ARIMA order=(0, 2, 0) MAPE=58.6%
2026-05-19 06:20:39.255 | INFO     | __main__:train_commodity:272 -   [2/3] Prophet...
2026-05-19 06:20:41.658 | DEBUG    | __main__:train_prophet:159 -   [Sorghum] Prophet MAPE=25.7%
2026-05-19 06:20:41.658 | INFO     | __main__:train_commodity:275 -   [3/3] XGBoost...
2026-05-19 06:20:44.064 | DEBUG    | __main__:train_xgboost:215 -   [Sorghum] XGBoost MAPE=29.9% | top: rolling_mean_4w
2026-05-19 06:20:44.066 | INFO     | __main__:train_commodity:281 -   Ensemble weights: arima: 0.191 | prophet: 0.435 | xgboost: 0.374
2026-05-19 06:20:44.068 | INFO     | __main__:train_commodity:283 -   Model          MAPE               MAE    Weight
2026-05-19 06:20:44.068 | INFO     | __main__:train_commodity:284 -   --------------------------------------------------
2026-05-19 06:20:44.068 | INFO     | __main__:train_commodity:291 -   arima         58.6%  ₦     184,808     0.191
2026-05-19 06:20:44.068 | INFO     | __main__:train_commodity:291 -   prophet       25.7%  ₦      80,476     0.435
2026-05-19 06:20:44.070 | INFO     | __main__:train_commodity:291 -   xgboost       29.9%  ₦     115,937     0.374
2026-05-19 06:20:44.137 | INFO     | __main__:run_training:313 - 
[8/12] Starting Beans (white)...
2026-05-19 06:20:44.276 | INFO     | __main__:train_commodity:263 - 
───────────────────────────────────────────────────────
2026-05-19 06:20:44.277 | INFO     | __main__:train_commodity:264 -   Beans (white)  (1262 rows | last: 2026-03-16)
2026-05-19 06:20:44.277 | INFO     | __main__:train_commodity:265 - ───────────────────────────────────────────────────────
2026-05-19 06:20:44.277 | INFO     | __main__:train_commodity:269 -   [1/3] ARIMA...
2026-05-19 06:21:27.460 | DEBUG    | __main__:train_arima:109 -   [Beans (white)] ARIMA order=(1, 2, 1) MAPE=15.0%
2026-05-19 06:21:27.464 | INFO     | __main__:train_commodity:272 -   [2/3] Prophet...
2026-05-19 06:21:29.689 | DEBUG    | __main__:train_prophet:159 -   [Beans (white)] Prophet MAPE=36.4%
2026-05-19 06:21:29.689 | INFO     | __main__:train_commodity:275 -   [3/3] XGBoost...
2026-05-19 06:21:30.686 | DEBUG    | __main__:train_xgboost:215 -   [Beans (white)] XGBoost MAPE=4.6% | top: rolling_min_4w
2026-05-19 06:21:30.691 | INFO     | __main__:train_commodity:281 -   Ensemble weights: arima: 0.215 | prophet: 0.088 | xgboost: 0.697
2026-05-19 06:21:30.691 | INFO     | __main__:train_commodity:283 -   Model          MAPE               MAE    Weight
2026-05-19 06:21:30.691 | INFO     | __main__:train_commodity:284 -   --------------------------------------------------
2026-05-19 06:21:30.693 | INFO     | __main__:train_commodity:291 -   arima         15.0%  ₦      90,069     0.215
2026-05-19 06:21:30.693 | INFO     | __main__:train_commodity:291 -   prophet       36.4%  ₦     233,665     0.088
2026-05-19 06:21:30.693 | INFO     | __main__:train_commodity:291 -   xgboost        4.6%  ₦      41,028     0.697
2026-05-19 06:21:30.700 | INFO     | __main__:run_training:313 - 
[9/12] Starting Beans (red)...
2026-05-19 06:21:30.811 | INFO     | __main__:train_commodity:263 - 
───────────────────────────────────────────────────────
2026-05-19 06:21:30.811 | INFO     | __main__:train_commodity:264 -   Beans (red)  (531 rows | last: 2026-03-16)
2026-05-19 06:21:30.811 | INFO     | __main__:train_commodity:265 - ───────────────────────────────────────────────────────
2026-05-19 06:21:30.811 | INFO     | __main__:train_commodity:269 -   [1/3] ARIMA...
2026-05-19 06:22:08.619 | DEBUG    | __main__:train_arima:109 -   [Beans (red)] ARIMA order=(1, 2, 1) MAPE=31.0%
2026-05-19 06:22:08.619 | INFO     | __main__:train_commodity:272 -   [2/3] Prophet...
2026-05-19 06:22:09.883 | DEBUG    | __main__:train_prophet:159 -   [Beans (red)] Prophet MAPE=20.8%
2026-05-19 06:22:09.885 | INFO     | __main__:train_commodity:275 -   [3/3] XGBoost...
2026-05-19 06:22:11.322 | DEBUG    | __main__:train_xgboost:215 -   [Beans (red)] XGBoost MAPE=20.9% | top: fuel_cost_index
2026-05-19 06:22:11.326 | INFO     | __main__:train_commodity:281 -   Ensemble weights: arima: 0.252 | prophet: 0.375 | xgboost: 0.373
2026-05-19 06:22:11.329 | INFO     | __main__:train_commodity:283 -   Model          MAPE               MAE    Weight
2026-05-19 06:22:11.334 | INFO     | __main__:train_commodity:284 -   --------------------------------------------------
2026-05-19 06:22:11.336 | INFO     | __main__:train_commodity:291 -   arima         31.0%  ₦     216,085     0.252
2026-05-19 06:22:11.341 | INFO     | __main__:train_commodity:291 -   prophet       20.8%  ₦     161,298     0.375
2026-05-19 06:22:11.342 | INFO     | __main__:train_commodity:291 -   xgboost       20.9%  ₦     323,952     0.373
2026-05-19 06:22:11.353 | INFO     | __main__:run_training:313 - 
[10/12] Starting Maize (white)...
2026-05-19 06:22:11.574 | INFO     | __main__:train_commodity:263 - 
───────────────────────────────────────────────────────
2026-05-19 06:22:11.578 | INFO     | __main__:train_commodity:264 -   Maize (white)  (1265 rows | last: 2026-04-06)
2026-05-19 06:22:11.578 | INFO     | __main__:train_commodity:265 - ───────────────────────────────────────────────────────
2026-05-19 06:22:11.586 | INFO     | __main__:train_commodity:269 -   [1/3] ARIMA...
2026-05-19 06:23:08.865 | DEBUG    | __main__:train_arima:109 -   [Maize (white)] ARIMA order=(1, 1, 0) MAPE=1.0%
2026-05-19 06:23:08.865 | INFO     | __main__:train_commodity:272 -   [2/3] Prophet...
2026-05-19 06:23:10.885 | DEBUG    | __main__:train_prophet:159 -   [Maize (white)] Prophet MAPE=25.8%
2026-05-19 06:23:10.886 | INFO     | __main__:train_commodity:275 -   [3/3] XGBoost...
2026-05-19 06:23:12.714 | DEBUG    | __main__:train_xgboost:215 -   [Maize (white)] XGBoost MAPE=16.6% | top: rolling_mean_4w
2026-05-19 06:23:12.719 | INFO     | __main__:train_commodity:281 -   Ensemble weights: arima: 0.911 | prophet: 0.035 | xgboost: 0.054
2026-05-19 06:23:12.719 | INFO     | __main__:train_commodity:283 -   Model          MAPE               MAE    Weight
2026-05-19 06:23:12.719 | INFO     | __main__:train_commodity:284 -   --------------------------------------------------
2026-05-19 06:23:12.721 | INFO     | __main__:train_commodity:291 -   arima          1.0%  ₦       3,498     0.911
2026-05-19 06:23:12.721 | INFO     | __main__:train_commodity:291 -   prophet       25.8%  ₦      92,823     0.035
2026-05-19 06:23:12.721 | INFO     | __main__:train_commodity:291 -   xgboost       16.6%  ₦      50,676     0.054
2026-05-19 06:23:12.739 | INFO     | __main__:run_training:313 - 
[11/12] Starting Maize (yellow)...
2026-05-19 06:23:12.893 | INFO     | __main__:train_commodity:263 - 
───────────────────────────────────────────────────────
2026-05-19 06:23:12.897 | INFO     | __main__:train_commodity:264 -   Maize (yellow)  (621 rows | last: 2026-04-06)
2026-05-19 06:23:12.897 | INFO     | __main__:train_commodity:265 - ───────────────────────────────────────────────────────
2026-05-19 06:23:12.899 | INFO     | __main__:train_commodity:269 -   [1/3] ARIMA...
2026-05-19 06:24:09.996 | DEBUG    | __main__:train_arima:109 -   [Maize (yellow)] ARIMA order=(1, 1, 0) MAPE=1.0%
2026-05-19 06:24:09.996 | INFO     | __main__:train_commodity:272 -   [2/3] Prophet...
2026-05-19 06:24:11.763 | DEBUG    | __main__:train_prophet:159 -   [Maize (yellow)] Prophet MAPE=6.5%
2026-05-19 06:24:11.765 | INFO     | __main__:train_commodity:275 -   [3/3] XGBoost...
2026-05-19 06:24:13.220 | DEBUG    | __main__:train_xgboost:215 -   [Maize (yellow)] XGBoost MAPE=19.4% | top: price_lag_1w
2026-05-19 06:24:13.223 | INFO     | __main__:train_commodity:281 -   Ensemble weights: arima: 0.831 | prophet: 0.127 | xgboost: 0.043
2026-05-19 06:24:13.224 | INFO     | __main__:train_commodity:283 -   Model          MAPE               MAE    Weight
2026-05-19 06:24:13.224 | INFO     | __main__:train_commodity:284 -   --------------------------------------------------
2026-05-19 06:24:13.224 | INFO     | __main__:train_commodity:291 -   arima          1.0%  ₦       3,816     0.831
2026-05-19 06:24:13.224 | INFO     | __main__:train_commodity:291 -   prophet        6.5%  ₦      25,149     0.127
2026-05-19 06:24:13.226 | INFO     | __main__:train_commodity:291 -   xgboost       19.4%  ₦      68,598     0.043
2026-05-19 06:24:13.251 | INFO     | __main__:run_training:313 - 
[12/12] Starting Wheat...
2026-05-19 06:24:13.352 | INFO     | __main__:train_commodity:263 - 
───────────────────────────────────────────────────────
2026-05-19 06:24:13.352 | INFO     | __main__:train_commodity:264 -   Wheat  (850 rows | last: 2026-04-13)
2026-05-19 06:24:13.352 | INFO     | __main__:train_commodity:265 - ───────────────────────────────────────────────────────
2026-05-19 06:24:13.360 | INFO     | __main__:train_commodity:269 -   [1/3] ARIMA...
2026-05-19 06:24:29.479 | DEBUG    | __main__:train_arima:109 -   [Wheat] ARIMA order=(0, 1, 0) MAPE=2.4%
2026-05-19 06:24:29.483 | INFO     | __main__:train_commodity:272 -   [2/3] Prophet...
2026-05-19 06:24:31.313 | DEBUG    | __main__:train_prophet:159 -   [Wheat] Prophet MAPE=6.5%
2026-05-19 06:24:31.314 | INFO     | __main__:train_commodity:275 -   [3/3] XGBoost...
2026-05-19 06:24:32.340 | DEBUG    | __main__:train_xgboost:215 -   [Wheat] XGBoost MAPE=30.0% | top: pct_change_52w
2026-05-19 06:24:32.345 | INFO     | __main__:train_commodity:281 -   Ensemble weights: arima: 0.688 | prophet: 0.257 | xgboost: 0.056
2026-05-19 06:24:32.345 | INFO     | __main__:train_commodity:283 -   Model          MAPE               MAE    Weight
2026-05-19 06:24:32.345 | INFO     | __main__:train_commodity:284 -   --------------------------------------------------
2026-05-19 06:24:32.347 | INFO     | __main__:train_commodity:291 -   arima          2.4%  ₦      17,023     0.688
2026-05-19 06:24:32.347 | INFO     | __main__:train_commodity:291 -   prophet        6.5%  ₦      44,376     0.257
2026-05-19 06:24:32.349 | INFO     | __main__:train_commodity:291 -   xgboost       30.0%  ₦     204,432     0.056
2026-05-19 06:24:32.361 | INFO     | __main__:run_training:324 - 
======================================================================
2026-05-19 06:24:32.361 | INFO     | __main__:run_training:325 -   FINAL TRAINING SUMMARY
2026-05-19 06:24:32.362 | INFO     | __main__:run_training:326 - ======================================================================
2026-05-19 06:24:32.362 | INFO     | __main__:run_training:327 -   Commodity                 ARIMA   Prophet   XGBoost       Best
2026-05-19 06:24:32.364 | INFO     | __main__:run_training:328 -   --------------------------------------------------------------
2026-05-19 06:24:32.364 | INFO     | __main__:run_training:341 -   Hibiscus                  21.0%     36.7%     23.7%      arima
2026-05-19 06:24:32.366 | INFO     | __main__:run_training:341 -   Sesame                    13.1%     37.0%     17.1%      arima
2026-05-19 06:24:32.366 | INFO     | __main__:run_training:341 -   Ginger                    22.6%     33.4%      2.3%    xgboost
2026-05-19 06:24:32.367 | INFO     | __main__:run_training:341 -   Cocoa                     36.3%     30.8%     41.6%    prophet
2026-05-19 06:24:32.367 | INFO     | __main__:run_training:341 -   Soybeans                  17.4%     44.6%     54.4%      arima
2026-05-19 06:24:32.367 | INFO     | __main__:run_training:341 -   Cashew Nuts               16.3%     68.7%      3.7%    xgboost
2026-05-19 06:24:32.369 | INFO     | __main__:run_training:341 -   Sorghum                   58.6%     25.7%     29.9%    prophet
2026-05-19 06:24:32.369 | INFO     | __main__:run_training:341 -   Beans (white)             15.0%     36.4%      4.6%    xgboost
2026-05-19 06:24:32.371 | INFO     | __main__:run_training:341 -   Beans (red)               31.0%     20.8%     20.9%    prophet
2026-05-19 06:24:32.371 | INFO     | __main__:run_training:341 -   Maize (white)              1.0%     25.8%     16.6%      arima
2026-05-19 06:24:32.371 | INFO     | __main__:run_training:341 -   Maize (yellow)             1.0%      6.5%     19.4%      arima
2026-05-19 06:24:32.373 | INFO     | __main__:run_training:341 -   Wheat                      2.4%      6.5%     30.0%      arima
2026-05-19 06:24:32.375 | INFO     | __main__:run_training:343 - ======================================================================
2026-05-19 06:24:32.377 | SUCCESS  | __main__:run_training:345 - TRAINING COMPLETE — 12/12 commodities
2026-05-19 06:24:32.377 | INFO     | __main__:run_training:346 - ======================================================================
