2026-05-29 07:32:08.690 | INFO     | __main__:run_training:490 - =================================================================
2026-05-29 07:32:08.694 | INFO     | __main__:run_training:491 - STEP 4 — MODEL TRAINING
2026-05-29 07:32:08.701 | INFO     | __main__:run_training:492 -   Commodities : 13
2026-05-29 07:32:08.703 | INFO     | __main__:run_training:493 -   Models      : ARIMA + Prophet + Holt-Winters + XGBoost + LightGBM
2026-05-29 07:32:08.703 | INFO     | __main__:run_training:494 -   Weighting   : Inverse-MAPE (lower error = higher weight, floor 0.05)
2026-05-29 07:32:08.705 | INFO     | __main__:run_training:495 - =================================================================
2026-05-29 07:32:09.464 | INFO     | __main__:run_training:498 -   Features loaded: 13775 rows
2026-05-29 07:32:09.467 | INFO     | __main__:run_training:505 - 
[1/13] Starting Hibiscus...
2026-05-29 07:32:09.587 | INFO     | __main__:train_commodity:386 - 
2026-05-29 07:32:09.588 | INFO     | __main__:train_commodity:387 - ───────────────────────────────────────────────────────
2026-05-29 07:32:09.598 | INFO     | __main__:train_commodity:388 -   Hibiscus  (855 rows | last: 2026-06-04)
2026-05-29 07:32:09.607 | INFO     | __main__:train_commodity:389 - ───────────────────────────────────────────────────────
2026-05-29 07:32:09.615 | INFO     | __main__:train_commodity:402 -   [1/5] ARIMA...
2026-05-29 07:33:06.804 | DEBUG    | __main__:train_arima:139 -     ARIMA order=(2, 1, 2) seasonal=(0, 0, 0, 0) MAPE=25.3%
2026-05-29 07:33:06.804 | INFO     | __main__:train_commodity:407 -   [2/5] Prophet...
2026-05-29 07:33:14.610 | DEBUG    | __main__:train_prophet:196 -     Prophet MAPE=17.2%
2026-05-29 07:33:14.610 | INFO     | __main__:train_commodity:412 -   [3/5] Holt-Winters...
2026-05-29 07:33:14.721 | DEBUG    | __main__:train_holt_winters:260 -     Holt-Winters MAPE=18.8%
2026-05-29 07:33:14.721 | INFO     | __main__:train_commodity:417 -   [4/5] XGBoost...
2026-05-29 07:33:19.777 | DEBUG    | __main__:train_xgboost:320 -     XGBoost MAPE=32.2%
2026-05-29 07:33:19.777 | INFO     | __main__:train_commodity:422 -   [5/5] LightGBM...
2026-05-29 07:33:19.780 | WARNING  | __main__:train_lightgbm:337 -     LightGBM not installed. Run: pip install lightgbm
2026-05-29 07:33:19.839 | INFO     | __main__:train_commodity:468 -   Weights: arima: 0.217 | prophet: 0.320 | holt_winters: 0.292 | xgboost: 0.171 | lightgbm: 0.000
2026-05-29 07:33:19.839 | INFO     | __main__:train_commodity:471 -   Model              MAPE             MAE    Weight
2026-05-29 07:33:19.841 | INFO     | __main__:train_commodity:472 -   --------------------------------------------------
2026-05-29 07:33:19.841 | INFO     | __main__:train_commodity:478 -   arima             25.3%  N     423,842     0.217
2026-05-29 07:33:19.842 | INFO     | __main__:train_commodity:478 -   prophet           17.2%  N     289,504     0.320 *
2026-05-29 07:33:19.842 | INFO     | __main__:train_commodity:478 -   holt_winters      18.8%  N     319,272     0.292
2026-05-29 07:33:19.844 | INFO     | __main__:train_commodity:478 -   xgboost           32.2%  N     524,008     0.171
2026-05-29 07:33:19.848 | INFO     | __main__:train_commodity:483 -   lightgbm         failed              --     0.000
2026-05-29 07:33:19.850 | INFO     | __main__:train_commodity:485 -   Best model: prophet (17.2% MAPE)
2026-05-29 07:33:19.869 | INFO     | __main__:run_training:505 - 
[2/13] Starting Sesame...
2026-05-29 07:33:19.905 | INFO     | __main__:train_commodity:386 - 
2026-05-29 07:33:19.908 | INFO     | __main__:train_commodity:387 - ───────────────────────────────────────────────────────
2026-05-29 07:33:19.909 | INFO     | __main__:train_commodity:388 -   Sesame  (833 rows | last: 2026-06-04)
2026-05-29 07:33:19.909 | INFO     | __main__:train_commodity:389 - ───────────────────────────────────────────────────────
2026-05-29 07:33:19.918 | INFO     | __main__:train_commodity:402 -   [1/5] ARIMA...
2026-05-29 07:33:24.914 | DEBUG    | __main__:train_arima:139 -     ARIMA order=(0, 1, 1) seasonal=(0, 0, 0, 0) MAPE=15.2%
2026-05-29 07:33:24.914 | INFO     | __main__:train_commodity:407 -   [2/5] Prophet...
2026-05-29 07:33:29.361 | DEBUG    | __main__:train_prophet:196 -     Prophet MAPE=7.3%
2026-05-29 07:33:29.361 | INFO     | __main__:train_commodity:412 -   [3/5] Holt-Winters...
2026-05-29 07:33:29.654 | DEBUG    | __main__:train_holt_winters:260 -     Holt-Winters MAPE=14.2%
2026-05-29 07:33:29.654 | INFO     | __main__:train_commodity:417 -   [4/5] XGBoost...
2026-05-29 07:33:31.598 | DEBUG    | __main__:train_xgboost:320 -     XGBoost MAPE=18.5%
2026-05-29 07:33:31.598 | INFO     | __main__:train_commodity:422 -   [5/5] LightGBM...
2026-05-29 07:33:31.600 | WARNING  | __main__:train_lightgbm:337 -     LightGBM not installed. Run: pip install lightgbm
2026-05-29 07:33:31.657 | INFO     | __main__:train_commodity:468 -   Weights: arima: 0.201 | prophet: 0.418 | holt_winters: 0.216 | xgboost: 0.165 | lightgbm: 0.000
2026-05-29 07:33:31.658 | INFO     | __main__:train_commodity:471 -   Model              MAPE             MAE    Weight
2026-05-29 07:33:31.659 | INFO     | __main__:train_commodity:472 -   --------------------------------------------------
2026-05-29 07:33:31.659 | INFO     | __main__:train_commodity:478 -   arima             15.2%  N     196,234     0.201
2026-05-29 07:33:31.659 | INFO     | __main__:train_commodity:478 -   prophet            7.3%  N      92,042     0.418 *
2026-05-29 07:33:31.664 | INFO     | __main__:train_commodity:478 -   holt_winters      14.2%  N     183,791     0.216
2026-05-29 07:33:31.666 | INFO     | __main__:train_commodity:478 -   xgboost           18.5%  N     237,702     0.165
2026-05-29 07:33:31.670 | INFO     | __main__:train_commodity:483 -   lightgbm         failed              --     0.000
2026-05-29 07:33:31.671 | INFO     | __main__:train_commodity:485 -   Best model: prophet (7.3% MAPE)
2026-05-29 07:33:31.675 | INFO     | __main__:run_training:505 - 
[3/13] Starting Ginger...
2026-05-29 07:33:31.721 | INFO     | __main__:train_commodity:386 - 
2026-05-29 07:33:31.723 | INFO     | __main__:train_commodity:387 - ───────────────────────────────────────────────────────
2026-05-29 07:33:31.723 | INFO     | __main__:train_commodity:388 -   Ginger  (1377 rows | last: 2026-06-04)
2026-05-29 07:33:31.723 | INFO     | __main__:train_commodity:389 - ───────────────────────────────────────────────────────
2026-05-29 07:33:31.726 | INFO     | __main__:train_commodity:402 -   [1/5] ARIMA...
2026-05-29 07:33:57.006 | DEBUG    | __main__:train_arima:139 -     ARIMA order=(2, 0, 2) seasonal=(0, 0, 0, 0) MAPE=61.7%
2026-05-29 07:33:57.006 | INFO     | __main__:train_commodity:407 -   [2/5] Prophet...
2026-05-29 07:34:00.422 | DEBUG    | __main__:train_prophet:196 -     Prophet MAPE=62.9%
2026-05-29 07:34:00.424 | INFO     | __main__:train_commodity:412 -   [3/5] Holt-Winters...
2026-05-29 07:34:00.497 | WARNING  | __main__:train_holt_winters:255 -     Holt-Winters: all configs failed, using simple ETS
2026-05-29 07:34:00.641 | INFO     | __main__:train_commodity:417 -   [4/5] XGBoost...
2026-05-29 07:34:01.993 | DEBUG    | __main__:train_xgboost:320 -     XGBoost MAPE=56.6%
2026-05-29 07:34:01.993 | INFO     | __main__:train_commodity:422 -   [5/5] LightGBM...
2026-05-29 07:34:01.997 | WARNING  | __main__:train_lightgbm:337 -     LightGBM not installed. Run: pip install lightgbm
2026-05-29 07:34:02.048 | INFO     | __main__:train_commodity:468 -   Weights: arima: 0.232 | prophet: 0.228 | holt_winters: 0.287 | xgboost: 0.253 | lightgbm: 0.000
2026-05-29 07:34:02.048 | INFO     | __main__:train_commodity:471 -   Model              MAPE             MAE    Weight
2026-05-29 07:34:02.050 | INFO     | __main__:train_commodity:472 -   --------------------------------------------------
2026-05-29 07:34:02.050 | INFO     | __main__:train_commodity:478 -   arima             61.7%  N   4,893,346     0.232
2026-05-29 07:34:02.051 | INFO     | __main__:train_commodity:478 -   prophet           62.9%  N   4,919,259     0.228
2026-05-29 07:34:02.051 | INFO     | __main__:train_commodity:478 -   holt_winters      50.0%  N           0     0.287 *
2026-05-29 07:34:02.051 | INFO     | __main__:train_commodity:478 -   xgboost           56.6%  N   4,716,987     0.253
2026-05-29 07:34:02.051 | INFO     | __main__:train_commodity:483 -   lightgbm         failed              --     0.000
2026-05-29 07:34:02.054 | INFO     | __main__:train_commodity:485 -   Best model: holt_winters (50.0% MAPE)
2026-05-29 07:34:02.059 | INFO     | __main__:run_training:505 - 
[4/13] Starting Cocoa...
2026-05-29 07:34:02.104 | INFO     | __main__:train_commodity:386 - 
2026-05-29 07:34:02.104 | INFO     | __main__:train_commodity:387 - ───────────────────────────────────────────────────────
2026-05-29 07:34:02.106 | INFO     | __main__:train_commodity:388 -   Cocoa  (1377 rows | last: 2026-06-04)
2026-05-29 07:34:02.106 | INFO     | __main__:train_commodity:389 - ───────────────────────────────────────────────────────
2026-05-29 07:34:02.108 | INFO     | __main__:train_commodity:402 -   [1/5] ARIMA...
2026-05-29 07:34:14.171 | DEBUG    | __main__:train_arima:139 -     ARIMA order=(0, 1, 2) seasonal=(0, 0, 0, 0) MAPE=52.9%
2026-05-29 07:34:14.171 | INFO     | __main__:train_commodity:407 -   [2/5] Prophet...
2026-05-29 07:34:19.974 | DEBUG    | __main__:train_prophet:196 -     Prophet MAPE=56.4%
2026-05-29 07:34:19.975 | INFO     | __main__:train_commodity:412 -   [3/5] Holt-Winters...
2026-05-29 07:34:20.199 | DEBUG    | __main__:train_holt_winters:260 -     Holt-Winters MAPE=52.5%
2026-05-29 07:34:20.199 | INFO     | __main__:train_commodity:417 -   [4/5] XGBoost...
2026-05-29 07:34:23.200 | DEBUG    | __main__:train_xgboost:320 -     XGBoost MAPE=53.0%
2026-05-29 07:34:23.201 | INFO     | __main__:train_commodity:422 -   [5/5] LightGBM...
2026-05-29 07:34:23.206 | WARNING  | __main__:train_lightgbm:337 -     LightGBM not installed. Run: pip install lightgbm
2026-05-29 07:34:23.309 | INFO     | __main__:train_commodity:468 -   Weights: arima: 0.254 | prophet: 0.238 | holt_winters: 0.256 | xgboost: 0.253 | lightgbm: 0.000
2026-05-29 07:34:23.311 | INFO     | __main__:train_commodity:471 -   Model              MAPE             MAE    Weight
2026-05-29 07:34:23.319 | INFO     | __main__:train_commodity:472 -   --------------------------------------------------
2026-05-29 07:34:23.321 | INFO     | __main__:train_commodity:478 -   arima             52.9%  N   4,522,965     0.254
2026-05-29 07:34:23.321 | INFO     | __main__:train_commodity:478 -   prophet           56.4%  N   4,585,266     0.238
2026-05-29 07:34:23.323 | INFO     | __main__:train_commodity:478 -   holt_winters      52.5%  N   4,479,679     0.256 *
2026-05-29 07:34:23.323 | INFO     | __main__:train_commodity:478 -   xgboost           53.0%  N   4,612,362     0.253
2026-05-29 07:34:23.325 | INFO     | __main__:train_commodity:483 -   lightgbm         failed              --     0.000
2026-05-29 07:34:23.341 | INFO     | __main__:train_commodity:485 -   Best model: holt_winters (52.5% MAPE)
2026-05-29 07:34:23.355 | INFO     | __main__:run_training:505 - 
[5/13] Starting Soybeans...
2026-05-29 07:34:23.450 | INFO     | __main__:train_commodity:386 - 
2026-05-29 07:34:23.451 | INFO     | __main__:train_commodity:387 - ───────────────────────────────────────────────────────
2026-05-29 07:34:23.452 | INFO     | __main__:train_commodity:388 -   Soybeans  (1377 rows | last: 2026-06-04)
2026-05-29 07:34:23.454 | INFO     | __main__:train_commodity:389 - ───────────────────────────────────────────────────────
2026-05-29 07:34:23.459 | INFO     | __main__:train_commodity:402 -   [1/5] ARIMA...
2026-05-29 07:34:32.357 | DEBUG    | __main__:train_arima:139 -     ARIMA order=(0, 1, 1) seasonal=(0, 0, 0, 0) MAPE=38.5%
2026-05-29 07:34:32.358 | INFO     | __main__:train_commodity:407 -   [2/5] Prophet...
2026-05-29 07:34:37.349 | DEBUG    | __main__:train_prophet:196 -     Prophet MAPE=56.2%
2026-05-29 07:34:37.351 | INFO     | __main__:train_commodity:412 -   [3/5] Holt-Winters...
2026-05-29 07:34:37.599 | DEBUG    | __main__:train_holt_winters:260 -     Holt-Winters MAPE=29.7%
2026-05-29 07:34:37.599 | INFO     | __main__:train_commodity:417 -   [4/5] XGBoost...
2026-05-29 07:34:39.936 | DEBUG    | __main__:train_xgboost:320 -     XGBoost MAPE=42.2%
2026-05-29 07:34:39.936 | INFO     | __main__:train_commodity:422 -   [5/5] LightGBM...
2026-05-29 07:34:39.941 | WARNING  | __main__:train_lightgbm:337 -     LightGBM not installed. Run: pip install lightgbm
2026-05-29 07:34:40.040 | INFO     | __main__:train_commodity:468 -   Weights: arima: 0.257 | prophet: 0.176 | holt_winters: 0.333 | xgboost: 0.234 | lightgbm: 0.000
2026-05-29 07:34:40.040 | INFO     | __main__:train_commodity:471 -   Model              MAPE             MAE    Weight
2026-05-29 07:34:40.041 | INFO     | __main__:train_commodity:472 -   --------------------------------------------------
2026-05-29 07:34:40.043 | INFO     | __main__:train_commodity:478 -   arima             38.5%  N     277,734     0.257
2026-05-29 07:34:40.044 | INFO     | __main__:train_commodity:478 -   prophet           56.2%  N     339,702     0.176
2026-05-29 07:34:40.044 | INFO     | __main__:train_commodity:478 -   holt_winters      29.7%  N     167,919     0.333 *
2026-05-29 07:34:40.045 | INFO     | __main__:train_commodity:478 -   xgboost           42.2%  N     297,835     0.234
2026-05-29 07:34:40.050 | INFO     | __main__:train_commodity:483 -   lightgbm         failed              --     0.000
2026-05-29 07:34:40.052 | INFO     | __main__:train_commodity:485 -   Best model: holt_winters (29.7% MAPE)
2026-05-29 07:34:40.066 | INFO     | __main__:run_training:505 - 
[6/13] Starting Cashew Nuts...
2026-05-29 07:34:40.107 | INFO     | __main__:train_commodity:386 - 
2026-05-29 07:34:40.108 | INFO     | __main__:train_commodity:387 - ───────────────────────────────────────────────────────
2026-05-29 07:34:40.108 | INFO     | __main__:train_commodity:388 -   Cashew Nuts  (855 rows | last: 2026-06-04)
2026-05-29 07:34:40.109 | INFO     | __main__:train_commodity:389 - ───────────────────────────────────────────────────────
2026-05-29 07:34:40.110 | INFO     | __main__:train_commodity:402 -   [1/5] ARIMA...
2026-05-29 07:34:48.148 | DEBUG    | __main__:train_arima:139 -     ARIMA order=(2, 1, 2) seasonal=(0, 0, 0, 0) MAPE=22.0%
2026-05-29 07:34:48.148 | INFO     | __main__:train_commodity:407 -   [2/5] Prophet...
2026-05-29 07:34:52.173 | DEBUG    | __main__:train_prophet:196 -     Prophet MAPE=17.8%
2026-05-29 07:34:52.173 | INFO     | __main__:train_commodity:412 -   [3/5] Holt-Winters...
2026-05-29 07:34:52.317 | DEBUG    | __main__:train_holt_winters:260 -     Holt-Winters MAPE=16.3%
2026-05-29 07:34:52.317 | INFO     | __main__:train_commodity:417 -   [4/5] XGBoost...
2026-05-29 07:34:54.339 | DEBUG    | __main__:train_xgboost:320 -     XGBoost MAPE=23.8%
2026-05-29 07:34:54.339 | INFO     | __main__:train_commodity:422 -   [5/5] LightGBM...
2026-05-29 07:34:54.343 | WARNING  | __main__:train_lightgbm:337 -     LightGBM not installed. Run: pip install lightgbm
2026-05-29 07:34:54.409 | INFO     | __main__:train_commodity:468 -   Weights: arima: 0.222 | prophet: 0.274 | holt_winters: 0.299 | xgboost: 0.205 | lightgbm: 0.000
2026-05-29 07:34:54.413 | INFO     | __main__:train_commodity:471 -   Model              MAPE             MAE    Weight
2026-05-29 07:34:54.415 | INFO     | __main__:train_commodity:472 -   --------------------------------------------------
2026-05-29 07:34:54.415 | INFO     | __main__:train_commodity:478 -   arima             22.0%  N     418,532     0.222
2026-05-29 07:34:54.415 | INFO     | __main__:train_commodity:478 -   prophet           17.8%  N     343,581     0.274
2026-05-29 07:34:54.418 | INFO     | __main__:train_commodity:478 -   holt_winters      16.3%  N     302,092     0.299 *
2026-05-29 07:34:54.420 | INFO     | __main__:train_commodity:478 -   xgboost           23.8%  N     461,364     0.205
2026-05-29 07:34:54.420 | INFO     | __main__:train_commodity:483 -   lightgbm         failed              --     0.000
2026-05-29 07:34:54.422 | INFO     | __main__:train_commodity:485 -   Best model: holt_winters (16.3% MAPE)
2026-05-29 07:34:54.433 | INFO     | __main__:run_training:505 - 
[7/13] Starting Sorghum...
2026-05-29 07:34:54.477 | INFO     | __main__:train_commodity:386 - 
2026-05-29 07:34:54.477 | INFO     | __main__:train_commodity:387 - ───────────────────────────────────────────────────────
2026-05-29 07:34:54.478 | INFO     | __main__:train_commodity:388 -   Sorghum  (1271 rows | last: 2026-06-04)
2026-05-29 07:34:54.478 | INFO     | __main__:train_commodity:389 - ───────────────────────────────────────────────────────
2026-05-29 07:34:54.481 | INFO     | __main__:train_commodity:402 -   [1/5] ARIMA...
2026-05-29 07:35:08.344 | DEBUG    | __main__:train_arima:139 -     ARIMA order=(2, 1, 2) seasonal=(0, 0, 0, 0) MAPE=28.3%
2026-05-29 07:35:08.344 | INFO     | __main__:train_commodity:407 -   [2/5] Prophet...
2026-05-29 07:35:12.057 | DEBUG    | __main__:train_prophet:196 -     Prophet MAPE=48.1%
2026-05-29 07:35:12.059 | INFO     | __main__:train_commodity:412 -   [3/5] Holt-Winters...
2026-05-29 07:35:12.192 | WARNING  | __main__:train_holt_winters:255 -     Holt-Winters: all configs failed, using simple ETS
2026-05-29 07:35:12.358 | INFO     | __main__:train_commodity:417 -   [4/5] XGBoost...
2026-05-29 07:35:14.841 | DEBUG    | __main__:train_xgboost:320 -     XGBoost MAPE=26.1%
2026-05-29 07:35:14.842 | INFO     | __main__:train_commodity:422 -   [5/5] LightGBM...
2026-05-29 07:35:14.851 | WARNING  | __main__:train_lightgbm:337 -     LightGBM not installed. Run: pip install lightgbm
2026-05-29 07:35:14.942 | INFO     | __main__:train_commodity:468 -   Weights: arima: 0.309 | prophet: 0.182 | holt_winters: 0.175 | xgboost: 0.335 | lightgbm: 0.000
2026-05-29 07:35:14.950 | INFO     | __main__:train_commodity:471 -   Model              MAPE             MAE    Weight
2026-05-29 07:35:14.955 | INFO     | __main__:train_commodity:472 -   --------------------------------------------------
2026-05-29 07:35:14.956 | INFO     | __main__:train_commodity:478 -   arima             28.3%  N     148,335     0.309
2026-05-29 07:35:14.956 | INFO     | __main__:train_commodity:478 -   prophet           48.1%  N     217,798     0.182
2026-05-29 07:35:14.959 | INFO     | __main__:train_commodity:478 -   holt_winters      50.0%  N           0     0.175
2026-05-29 07:35:14.960 | INFO     | __main__:train_commodity:478 -   xgboost           26.1%  N     145,230     0.335 *
2026-05-29 07:35:14.961 | INFO     | __main__:train_commodity:483 -   lightgbm         failed              --     0.000
2026-05-29 07:35:14.966 | INFO     | __main__:train_commodity:485 -   Best model: xgboost (26.1% MAPE)
2026-05-29 07:35:14.974 | INFO     | __main__:run_training:505 - 
[8/13] Starting Beans (white)...
2026-05-29 07:35:15.017 | INFO     | __main__:train_commodity:386 - 
2026-05-29 07:35:15.017 | INFO     | __main__:train_commodity:387 - ───────────────────────────────────────────────────────
2026-05-29 07:35:15.019 | INFO     | __main__:train_commodity:388 -   Beans (white)  (1267 rows | last: 2026-06-04)
2026-05-29 07:35:15.019 | INFO     | __main__:train_commodity:389 - ───────────────────────────────────────────────────────
2026-05-29 07:35:15.021 | INFO     | __main__:train_commodity:402 -   [1/5] ARIMA...
2026-05-29 07:35:25.307 | DEBUG    | __main__:train_arima:139 -     ARIMA order=(2, 1, 2) seasonal=(0, 0, 0, 0) MAPE=33.5%
2026-05-29 07:35:25.309 | INFO     | __main__:train_commodity:407 -   [2/5] Prophet...
2026-05-29 07:35:31.371 | DEBUG    | __main__:train_prophet:196 -     Prophet MAPE=68.4%
2026-05-29 07:35:31.372 | INFO     | __main__:train_commodity:412 -   [3/5] Holt-Winters...
2026-05-29 07:35:31.719 | DEBUG    | __main__:train_holt_winters:260 -     Holt-Winters MAPE=82.5%
2026-05-29 07:35:31.719 | INFO     | __main__:train_commodity:417 -   [4/5] XGBoost...
2026-05-29 07:35:34.225 | DEBUG    | __main__:train_xgboost:320 -     XGBoost MAPE=2.7%
2026-05-29 07:35:34.225 | INFO     | __main__:train_commodity:422 -   [5/5] LightGBM...
2026-05-29 07:35:34.229 | WARNING  | __main__:train_lightgbm:337 -     LightGBM not installed. Run: pip install lightgbm
2026-05-29 07:35:34.302 | INFO     | __main__:train_commodity:468 -   Weights: arima: 0.067 | prophet: 0.048 | holt_winters: 0.048 | xgboost: 0.836 | lightgbm: 0.000
2026-05-29 07:35:34.302 | INFO     | __main__:train_commodity:471 -   Model              MAPE             MAE    Weight
2026-05-29 07:35:34.302 | INFO     | __main__:train_commodity:472 -   --------------------------------------------------
2026-05-29 07:35:34.304 | INFO     | __main__:train_commodity:478 -   arima             33.5%  N     319,631     0.067
2026-05-29 07:35:34.304 | INFO     | __main__:train_commodity:478 -   prophet           68.4%  N     592,429     0.048
2026-05-29 07:35:34.306 | INFO     | __main__:train_commodity:478 -   holt_winters      82.5%  N     506,676     0.048
2026-05-29 07:35:34.306 | INFO     | __main__:train_commodity:478 -   xgboost            2.7%  N      26,928     0.836 *
2026-05-29 07:35:34.306 | INFO     | __main__:train_commodity:483 -   lightgbm         failed              --     0.000
2026-05-29 07:35:34.308 | INFO     | __main__:train_commodity:485 -   Best model: xgboost (2.7% MAPE)
2026-05-29 07:35:34.318 | INFO     | __main__:run_training:505 - 
[9/13] Starting Beans (red)...
2026-05-29 07:35:34.354 | INFO     | __main__:train_commodity:386 - 
2026-05-29 07:35:34.356 | INFO     | __main__:train_commodity:387 - ───────────────────────────────────────────────────────
2026-05-29 07:35:34.356 | INFO     | __main__:train_commodity:388 -   Beans (red)  (537 rows | last: 2026-06-04)
2026-05-29 07:35:34.356 | INFO     | __main__:train_commodity:389 - ───────────────────────────────────────────────────────
2026-05-29 07:35:34.358 | INFO     | __main__:train_commodity:402 -   [1/5] ARIMA...
2026-05-29 07:35:40.573 | DEBUG    | __main__:train_arima:139 -     ARIMA order=(0, 1, 1) seasonal=(0, 0, 0, 0) MAPE=30.0%
2026-05-29 07:35:40.573 | INFO     | __main__:train_commodity:407 -   [2/5] Prophet...
2026-05-29 07:35:44.836 | DEBUG    | __main__:train_prophet:196 -     Prophet MAPE=38.2%
2026-05-29 07:35:44.837 | INFO     | __main__:train_commodity:412 -   [3/5] Holt-Winters...
2026-05-29 07:35:44.972 | WARNING  | __main__:train_holt_winters:255 -     Holt-Winters: all configs failed, using simple ETS
2026-05-29 07:35:45.145 | INFO     | __main__:train_commodity:417 -   [4/5] XGBoost...
2026-05-29 07:35:49.436 | DEBUG    | __main__:train_xgboost:320 -     XGBoost MAPE=11.2%
2026-05-29 07:35:49.436 | INFO     | __main__:train_commodity:422 -   [5/5] LightGBM...
2026-05-29 07:35:49.440 | WARNING  | __main__:train_lightgbm:337 -     LightGBM not installed. Run: pip install lightgbm
2026-05-29 07:35:49.498 | INFO     | __main__:train_commodity:468 -   Weights: arima: 0.198 | prophet: 0.155 | holt_winters: 0.118 | xgboost: 0.529 | lightgbm: 0.000
2026-05-29 07:35:49.500 | INFO     | __main__:train_commodity:471 -   Model              MAPE             MAE    Weight
2026-05-29 07:35:49.500 | INFO     | __main__:train_commodity:472 -   --------------------------------------------------
2026-05-29 07:35:49.502 | INFO     | __main__:train_commodity:478 -   arima             30.0%  N     338,681     0.198
2026-05-29 07:35:49.503 | INFO     | __main__:train_commodity:478 -   prophet           38.2%  N     478,474     0.155
2026-05-29 07:35:49.503 | INFO     | __main__:train_commodity:478 -   holt_winters      50.0%  N           0     0.118
2026-05-29 07:35:49.505 | INFO     | __main__:train_commodity:478 -   xgboost           11.2%  N     173,379     0.529 *
2026-05-29 07:35:49.505 | INFO     | __main__:train_commodity:483 -   lightgbm         failed              --     0.000
2026-05-29 07:35:49.507 | INFO     | __main__:train_commodity:485 -   Best model: xgboost (11.2% MAPE)
2026-05-29 07:35:49.516 | INFO     | __main__:run_training:505 - 
[10/13] Starting Maize (white)...
2026-05-29 07:35:49.554 | INFO     | __main__:train_commodity:386 - 
2026-05-29 07:35:49.556 | INFO     | __main__:train_commodity:387 - ───────────────────────────────────────────────────────
2026-05-29 07:35:49.556 | INFO     | __main__:train_commodity:388 -   Maize (white)  (1270 rows | last: 2026-06-04)
2026-05-29 07:35:49.558 | INFO     | __main__:train_commodity:389 - ───────────────────────────────────────────────────────
2026-05-29 07:35:49.558 | INFO     | __main__:train_commodity:402 -   [1/5] ARIMA...
2026-05-29 07:36:02.655 | DEBUG    | __main__:train_arima:139 -     ARIMA order=(2, 1, 2) seasonal=(0, 0, 0, 0) MAPE=20.3%
2026-05-29 07:36:02.655 | INFO     | __main__:train_commodity:407 -   [2/5] Prophet...
2026-05-29 07:36:07.438 | DEBUG    | __main__:train_prophet:196 -     Prophet MAPE=37.2%
2026-05-29 07:36:07.438 | INFO     | __main__:train_commodity:412 -   [3/5] Holt-Winters...
2026-05-29 07:36:07.769 | DEBUG    | __main__:train_holt_winters:260 -     Holt-Winters MAPE=15.0%
2026-05-29 07:36:07.770 | INFO     | __main__:train_commodity:417 -   [4/5] XGBoost...
2026-05-29 07:36:10.087 | DEBUG    | __main__:train_xgboost:320 -     XGBoost MAPE=13.2%
2026-05-29 07:36:10.087 | INFO     | __main__:train_commodity:422 -   [5/5] LightGBM...
2026-05-29 07:36:10.102 | WARNING  | __main__:train_lightgbm:337 -     LightGBM not installed. Run: pip install lightgbm
2026-05-29 07:36:10.233 | INFO     | __main__:train_commodity:468 -   Weights: arima: 0.225 | prophet: 0.123 | holt_winters: 0.305 | xgboost: 0.347 | lightgbm: 0.000
2026-05-29 07:36:10.239 | INFO     | __main__:train_commodity:471 -   Model              MAPE             MAE    Weight
2026-05-29 07:36:10.252 | INFO     | __main__:train_commodity:472 -   --------------------------------------------------
2026-05-29 07:36:10.259 | INFO     | __main__:train_commodity:478 -   arima             20.3%  N      62,117     0.225
2026-05-29 07:36:10.261 | INFO     | __main__:train_commodity:478 -   prophet           37.2%  N     103,676     0.123
2026-05-29 07:36:10.273 | INFO     | __main__:train_commodity:478 -   holt_winters      15.0%  N      44,806     0.305
2026-05-29 07:36:10.310 | INFO     | __main__:train_commodity:478 -   xgboost           13.2%  N      42,289     0.347 *
2026-05-29 07:36:10.310 | INFO     | __main__:train_commodity:483 -   lightgbm         failed              --     0.000
2026-05-29 07:36:10.314 | INFO     | __main__:train_commodity:485 -   Best model: xgboost (13.2% MAPE)
2026-05-29 07:36:10.333 | INFO     | __main__:run_training:505 - 
[11/13] Starting Maize (yellow)...
2026-05-29 07:36:10.385 | INFO     | __main__:train_commodity:386 - 
2026-05-29 07:36:10.390 | INFO     | __main__:train_commodity:387 - ───────────────────────────────────────────────────────
2026-05-29 07:36:10.403 | INFO     | __main__:train_commodity:388 -   Maize (yellow)  (627 rows | last: 2026-06-04)
2026-05-29 07:36:10.406 | INFO     | __main__:train_commodity:389 - ───────────────────────────────────────────────────────
2026-05-29 07:36:10.410 | INFO     | __main__:train_commodity:402 -   [1/5] ARIMA...
2026-05-29 07:36:15.783 | DEBUG    | __main__:train_arima:139 -     ARIMA order=(2, 1, 0) seasonal=(0, 0, 0, 0) MAPE=13.0%
2026-05-29 07:36:15.783 | INFO     | __main__:train_commodity:407 -   [2/5] Prophet...
2026-05-29 07:36:19.356 | DEBUG    | __main__:train_prophet:196 -     Prophet MAPE=18.3%
2026-05-29 07:36:19.356 | INFO     | __main__:train_commodity:412 -   [3/5] Holt-Winters...
2026-05-29 07:36:19.572 | DEBUG    | __main__:train_holt_winters:260 -     Holt-Winters MAPE=2.3%
2026-05-29 07:36:19.572 | INFO     | __main__:train_commodity:417 -   [4/5] XGBoost...
2026-05-29 07:36:22.068 | DEBUG    | __main__:train_xgboost:320 -     XGBoost MAPE=18.3%
2026-05-29 07:36:22.070 | INFO     | __main__:train_commodity:422 -   [5/5] LightGBM...
2026-05-29 07:36:22.072 | WARNING  | __main__:train_lightgbm:337 -     LightGBM not installed. Run: pip install lightgbm
2026-05-29 07:36:22.119 | INFO     | __main__:train_commodity:468 -   Weights: arima: 0.124 | prophet: 0.088 | holt_winters: 0.700 | xgboost: 0.088 | lightgbm: 0.000
2026-05-29 07:36:22.119 | INFO     | __main__:train_commodity:471 -   Model              MAPE             MAE    Weight
2026-05-29 07:36:22.119 | INFO     | __main__:train_commodity:472 -   --------------------------------------------------
2026-05-29 07:36:22.121 | INFO     | __main__:train_commodity:478 -   arima             13.0%  N      46,672     0.124
2026-05-29 07:36:22.122 | INFO     | __main__:train_commodity:478 -   prophet           18.3%  N      64,643     0.088
2026-05-29 07:36:22.122 | INFO     | __main__:train_commodity:478 -   holt_winters       2.3%  N       8,140     0.700 *
2026-05-29 07:36:22.122 | INFO     | __main__:train_commodity:478 -   xgboost           18.3%  N      66,351     0.088
2026-05-29 07:36:22.122 | INFO     | __main__:train_commodity:483 -   lightgbm         failed              --     0.000
2026-05-29 07:36:22.124 | INFO     | __main__:train_commodity:485 -   Best model: holt_winters (2.3% MAPE)
2026-05-29 07:36:22.126 | INFO     | __main__:run_training:505 - 
[12/13] Starting Wheat...
2026-05-29 07:36:22.157 | INFO     | __main__:train_commodity:386 - 
2026-05-29 07:36:22.157 | INFO     | __main__:train_commodity:387 - ───────────────────────────────────────────────────────
2026-05-29 07:36:22.157 | INFO     | __main__:train_commodity:388 -   Wheat  (855 rows | last: 2026-06-04)
2026-05-29 07:36:22.159 | INFO     | __main__:train_commodity:389 - ───────────────────────────────────────────────────────
2026-05-29 07:36:22.159 | INFO     | __main__:train_commodity:402 -   [1/5] ARIMA...
2026-05-29 07:36:35.185 | DEBUG    | __main__:train_arima:139 -     ARIMA order=(2, 0, 0) seasonal=(0, 0, 0, 0) MAPE=40.1%
2026-05-29 07:36:35.185 | INFO     | __main__:train_commodity:407 -   [2/5] Prophet...
2026-05-29 07:36:38.659 | DEBUG    | __main__:train_prophet:196 -     Prophet MAPE=39.6%
2026-05-29 07:36:38.659 | INFO     | __main__:train_commodity:412 -   [3/5] Holt-Winters...
2026-05-29 07:36:38.817 | DEBUG    | __main__:train_holt_winters:260 -     Holt-Winters MAPE=27.4%
2026-05-29 07:36:38.817 | INFO     | __main__:train_commodity:417 -   [4/5] XGBoost...
2026-05-29 07:36:40.421 | DEBUG    | __main__:train_xgboost:320 -     XGBoost MAPE=27.7%
2026-05-29 07:36:40.422 | INFO     | __main__:train_commodity:422 -   [5/5] LightGBM...
2026-05-29 07:36:40.425 | WARNING  | __main__:train_lightgbm:337 -     LightGBM not installed. Run: pip install lightgbm
2026-05-29 07:36:40.474 | INFO     | __main__:train_commodity:468 -   Weights: arima: 0.203 | prophet: 0.206 | holt_winters: 0.297 | xgboost: 0.294 | lightgbm: 0.000
2026-05-29 07:36:40.476 | INFO     | __main__:train_commodity:471 -   Model              MAPE             MAE    Weight
2026-05-29 07:36:40.478 | INFO     | __main__:train_commodity:472 -   --------------------------------------------------
2026-05-29 07:36:40.478 | INFO     | __main__:train_commodity:478 -   arima             40.1%  N     268,552     0.203
2026-05-29 07:36:40.478 | INFO     | __main__:train_commodity:478 -   prophet           39.6%  N     262,336     0.206
2026-05-29 07:36:40.480 | INFO     | __main__:train_commodity:478 -   holt_winters      27.4%  N     184,340     0.297 *
2026-05-29 07:36:40.480 | INFO     | __main__:train_commodity:478 -   xgboost           27.7%  N     188,480     0.294
2026-05-29 07:36:40.482 | INFO     | __main__:train_commodity:483 -   lightgbm         failed              --     0.000
2026-05-29 07:36:40.484 | INFO     | __main__:train_commodity:485 -   Best model: holt_winters (27.4% MAPE)
2026-05-29 07:36:40.492 | INFO     | __main__:run_training:505 - 
[13/13] Starting Rice...
2026-05-29 07:36:40.529 | INFO     | __main__:train_commodity:386 - 
2026-05-29 07:36:40.531 | INFO     | __main__:train_commodity:387 - ───────────────────────────────────────────────────────
2026-05-29 07:36:40.531 | INFO     | __main__:train_commodity:388 -   Rice  (1274 rows | last: 2026-06-04)
2026-05-29 07:36:40.531 | INFO     | __main__:train_commodity:389 - ───────────────────────────────────────────────────────
2026-05-29 07:36:40.533 | INFO     | __main__:train_commodity:402 -   [1/5] ARIMA...
2026-05-29 07:36:57.412 | DEBUG    | __main__:train_arima:139 -     ARIMA order=(1, 1, 2) seasonal=(0, 0, 0, 0) MAPE=44.3%
2026-05-29 07:36:57.412 | INFO     | __main__:train_commodity:407 -   [2/5] Prophet...
2026-05-29 07:37:01.240 | DEBUG    | __main__:train_prophet:196 -     Prophet MAPE=37.3%
2026-05-29 07:37:01.240 | INFO     | __main__:train_commodity:412 -   [3/5] Holt-Winters...
2026-05-29 07:37:01.404 | DEBUG    | __main__:train_holt_winters:260 -     Holt-Winters MAPE=13.5%
2026-05-29 07:37:01.404 | INFO     | __main__:train_commodity:417 -   [4/5] XGBoost...
2026-05-29 07:37:03.216 | DEBUG    | __main__:train_xgboost:320 -     XGBoost MAPE=41.8%
2026-05-29 07:37:03.216 | INFO     | __main__:train_commodity:422 -   [5/5] LightGBM...
2026-05-29 07:37:03.220 | WARNING  | __main__:train_lightgbm:337 -     LightGBM not installed. Run: pip install lightgbm
2026-05-29 07:37:03.277 | INFO     | __main__:train_commodity:468 -   Weights: arima: 0.153 | prophet: 0.182 | holt_winters: 0.503 | xgboost: 0.162 | lightgbm: 0.000
2026-05-29 07:37:03.278 | INFO     | __main__:train_commodity:471 -   Model              MAPE             MAE    Weight
2026-05-29 07:37:03.279 | INFO     | __main__:train_commodity:472 -   --------------------------------------------------
2026-05-29 07:37:03.280 | INFO     | __main__:train_commodity:478 -   arima             44.3%  N     578,789     0.153
2026-05-29 07:37:03.280 | INFO     | __main__:train_commodity:478 -   prophet           37.3%  N     482,582     0.182
2026-05-29 07:37:03.281 | INFO     | __main__:train_commodity:478 -   holt_winters      13.5%  N     161,548     0.503 *
2026-05-29 07:37:03.282 | INFO     | __main__:train_commodity:478 -   xgboost           41.8%  N     556,509     0.162
2026-05-29 07:37:03.282 | INFO     | __main__:train_commodity:483 -   lightgbm         failed              --     0.000
2026-05-29 07:37:03.283 | INFO     | __main__:train_commodity:485 -   Best model: holt_winters (13.5% MAPE)
2026-05-29 07:37:03.292 | INFO     | __main__:run_training:520 - 
2026-05-29 07:37:03.293 | INFO     | __main__:run_training:521 - ======================================================================
2026-05-29 07:37:03.293 | INFO     | __main__:run_training:522 -   FINAL TRAINING SUMMARY
2026-05-29 07:37:03.295 | INFO     | __main__:run_training:523 - ======================================================================
2026-05-29 07:37:03.297 | INFO     | __main__:run_training:524 -   Commodity                ARIMA  Prophet   HoltW     XGB     LGB  Best
2026-05-29 07:37:03.297 | INFO     | __main__:run_training:525 -   ----------------------------------------------------------------------
2026-05-29 07:37:03.297 | INFO     | __main__:run_training:538 -   Hibiscus                 25.3%    17.2%   18.8%   32.2%    fail  prophet
2026-05-29 07:37:03.298 | INFO     | __main__:run_training:538 -   Sesame                   15.2%     7.3%   14.2%   18.5%    fail  prophet
2026-05-29 07:37:03.299 | INFO     | __main__:run_training:538 -   Ginger                   61.7%    62.9%   50.0%   56.6%    fail  holt_winters
2026-05-29 07:37:03.301 | INFO     | __main__:run_training:538 -   Cocoa                    52.9%    56.4%   52.5%   53.0%    fail  holt_winters
2026-05-29 07:37:03.301 | INFO     | __main__:run_training:538 -   Soybeans                 38.5%    56.2%   29.7%   42.2%    fail  holt_winters
2026-05-29 07:37:03.302 | INFO     | __main__:run_training:538 -   Cashew Nuts              22.0%    17.8%   16.3%   23.8%    fail  holt_winters
2026-05-29 07:37:03.303 | INFO     | __main__:run_training:538 -   Sorghum                  28.3%    48.1%   50.0%   26.1%    fail  xgboost
2026-05-29 07:37:03.303 | INFO     | __main__:run_training:538 -   Beans (white)            33.5%    68.4%   82.5%    2.7%    fail  xgboost
2026-05-29 07:37:03.304 | INFO     | __main__:run_training:538 -   Beans (red)              30.0%    38.2%   50.0%   11.2%    fail  xgboost
2026-05-29 07:37:03.305 | INFO     | __main__:run_training:538 -   Maize (white)            20.3%    37.2%   15.0%   13.2%    fail  xgboost
2026-05-29 07:37:03.305 | INFO     | __main__:run_training:538 -   Maize (yellow)           13.0%    18.3%    2.3%   18.4%    fail  holt_winters
2026-05-29 07:37:03.307 | INFO     | __main__:run_training:538 -   Wheat                    40.1%    39.6%   27.4%   27.7%    fail  holt_winters
2026-05-29 07:37:03.307 | INFO     | __main__:run_training:538 -   Rice                     44.4%    37.3%   13.5%   41.8%    fail  holt_winters
2026-05-29 07:37:03.307 | INFO     | __main__:run_training:542 - ======================================================================
2026-05-29 07:37:03.307 | INFO     | __main__:run_training:543 -   Trained: 13/13
2026-05-29 07:37:03.315 | SUCCESS  | __main__:run_training:573 - TRAINING COMPLETE — 13/13 commodities
