2026-05-31 13:17:53.018 | INFO     | __main__:run_training:490 - =================================================================
2026-05-31 13:17:53.022 | INFO     | __main__:run_training:491 - STEP 4 — MODEL TRAINING
2026-05-31 13:17:53.022 | INFO     | __main__:run_training:492 -   Commodities : 13
2026-05-31 13:17:53.024 | INFO     | __main__:run_training:493 -   Models      : ARIMA + Prophet + Holt-Winters + XGBoost + LightGBM
2026-05-31 13:17:53.024 | INFO     | __main__:run_training:494 -   Weighting   : Inverse-MAPE (lower error = higher weight, floor 0.05)
2026-05-31 13:17:53.026 | INFO     | __main__:run_training:495 - =================================================================
2026-05-31 13:17:53.455 | INFO     | __main__:run_training:498 -   Features loaded: 13801 rows
2026-05-31 13:17:53.456 | INFO     | __main__:run_training:505 - 
[1/13] Starting Hibiscus...
2026-05-31 13:17:53.519 | INFO     | __main__:train_commodity:386 - 
2026-05-31 13:17:53.520 | INFO     | __main__:train_commodity:387 - ───────────────────────────────────────────────────────
2026-05-31 13:17:53.521 | INFO     | __main__:train_commodity:388 -   Hibiscus  (857 rows | last: 2026-06-06)
2026-05-31 13:17:53.522 | INFO     | __main__:train_commodity:389 - ───────────────────────────────────────────────────────
2026-05-31 13:17:53.524 | INFO     | __main__:train_commodity:402 -   [1/5] ARIMA...
2026-05-31 13:18:09.567 | DEBUG    | __main__:train_arima:139 -     ARIMA order=(2, 1, 2) seasonal=(0, 0, 0, 0) MAPE=25.3%
2026-05-31 13:18:09.567 | INFO     | __main__:train_commodity:407 -   [2/5] Prophet...
2026-05-31 13:18:13.718 | DEBUG    | __main__:train_prophet:196 -     Prophet MAPE=17.4%
2026-05-31 13:18:13.720 | INFO     | __main__:train_commodity:412 -   [3/5] Holt-Winters...
2026-05-31 13:18:13.789 | DEBUG    | __main__:train_holt_winters:260 -     Holt-Winters MAPE=18.6%
2026-05-31 13:18:13.789 | INFO     | __main__:train_commodity:417 -   [4/5] XGBoost...
2026-05-31 13:18:15.644 | DEBUG    | __main__:train_xgboost:320 -     XGBoost MAPE=29.5%
2026-05-31 13:18:15.644 | INFO     | __main__:train_commodity:422 -   [5/5] LightGBM...
2026-05-31 13:18:15.648 | WARNING  | __main__:train_lightgbm:337 -     LightGBM not installed. Run: pip install lightgbm
2026-05-31 13:18:15.707 | INFO     | __main__:train_commodity:468 -   Weights: arima: 0.214 | prophet: 0.311 | holt_winters: 0.291 | xgboost: 0.184 | lightgbm: 0.000
2026-05-31 13:18:15.708 | INFO     | __main__:train_commodity:471 -   Model              MAPE             MAE    Weight
2026-05-31 13:18:15.708 | INFO     | __main__:train_commodity:472 -   --------------------------------------------------
2026-05-31 13:18:15.709 | INFO     | __main__:train_commodity:478 -   arima             25.3%  N     427,192     0.214
2026-05-31 13:18:15.710 | INFO     | __main__:train_commodity:478 -   prophet           17.4%  N     295,883     0.311 *
2026-05-31 13:18:15.710 | INFO     | __main__:train_commodity:478 -   holt_winters      18.6%  N     319,523     0.291
2026-05-31 13:18:15.711 | INFO     | __main__:train_commodity:478 -   xgboost           29.5%  N     493,918     0.184
2026-05-31 13:18:15.711 | INFO     | __main__:train_commodity:483 -   lightgbm         failed              --     0.000
2026-05-31 13:18:15.712 | INFO     | __main__:train_commodity:485 -   Best model: prophet (17.4% MAPE)
2026-05-31 13:18:15.719 | INFO     | __main__:run_training:505 - 
[2/13] Starting Sesame...
2026-05-31 13:18:15.762 | INFO     | __main__:train_commodity:386 - 
2026-05-31 13:18:15.770 | INFO     | __main__:train_commodity:387 - ───────────────────────────────────────────────────────
2026-05-31 13:18:15.777 | INFO     | __main__:train_commodity:388 -   Sesame  (835 rows | last: 2026-06-06)
2026-05-31 13:18:15.779 | INFO     | __main__:train_commodity:389 - ───────────────────────────────────────────────────────
2026-05-31 13:18:15.780 | INFO     | __main__:train_commodity:402 -   [1/5] ARIMA...
2026-05-31 13:18:24.778 | DEBUG    | __main__:train_arima:139 -     ARIMA order=(0, 1, 1) seasonal=(0, 0, 0, 0) MAPE=14.8%
2026-05-31 13:18:24.780 | INFO     | __main__:train_commodity:407 -   [2/5] Prophet...
2026-05-31 13:18:32.604 | DEBUG    | __main__:train_prophet:196 -     Prophet MAPE=7.6%
2026-05-31 13:18:32.605 | INFO     | __main__:train_commodity:412 -   [3/5] Holt-Winters...
2026-05-31 13:18:32.886 | DEBUG    | __main__:train_holt_winters:260 -     Holt-Winters MAPE=13.8%
2026-05-31 13:18:32.886 | INFO     | __main__:train_commodity:417 -   [4/5] XGBoost...
2026-05-31 13:18:35.387 | DEBUG    | __main__:train_xgboost:320 -     XGBoost MAPE=18.6%
2026-05-31 13:18:35.387 | INFO     | __main__:train_commodity:422 -   [5/5] LightGBM...
2026-05-31 13:18:35.391 | WARNING  | __main__:train_lightgbm:337 -     LightGBM not installed. Run: pip install lightgbm
2026-05-31 13:18:35.442 | INFO     | __main__:train_commodity:468 -   Weights: arima: 0.207 | prophet: 0.406 | holt_winters: 0.222 | xgboost: 0.165 | lightgbm: 0.000
2026-05-31 13:18:35.442 | INFO     | __main__:train_commodity:471 -   Model              MAPE             MAE    Weight
2026-05-31 13:18:35.443 | INFO     | __main__:train_commodity:472 -   --------------------------------------------------
2026-05-31 13:18:35.444 | INFO     | __main__:train_commodity:478 -   arima             14.8%  N     193,836     0.207
2026-05-31 13:18:35.444 | INFO     | __main__:train_commodity:478 -   prophet            7.6%  N      95,089     0.406 *
2026-05-31 13:18:35.445 | INFO     | __main__:train_commodity:478 -   holt_winters      13.8%  N     181,614     0.222
2026-05-31 13:18:35.446 | INFO     | __main__:train_commodity:478 -   xgboost           18.6%  N     240,671     0.165
2026-05-31 13:18:35.446 | INFO     | __main__:train_commodity:483 -   lightgbm         failed              --     0.000
2026-05-31 13:18:35.447 | INFO     | __main__:train_commodity:485 -   Best model: prophet (7.6% MAPE)
2026-05-31 13:18:35.456 | INFO     | __main__:run_training:505 - 
[3/13] Starting Ginger...
2026-05-31 13:18:35.500 | INFO     | __main__:train_commodity:386 - 
2026-05-31 13:18:35.502 | INFO     | __main__:train_commodity:387 - ───────────────────────────────────────────────────────
2026-05-31 13:18:35.503 | INFO     | __main__:train_commodity:388 -   Ginger  (1379 rows | last: 2026-06-06)
2026-05-31 13:18:35.503 | INFO     | __main__:train_commodity:389 - ───────────────────────────────────────────────────────
2026-05-31 13:18:35.506 | INFO     | __main__:train_commodity:402 -   [1/5] ARIMA...
2026-05-31 13:18:47.906 | DEBUG    | __main__:train_arima:139 -     ARIMA order=(2, 0, 2) seasonal=(0, 0, 0, 0) MAPE=58.5%
2026-05-31 13:18:47.906 | INFO     | __main__:train_commodity:407 -   [2/5] Prophet...
2026-05-31 13:18:50.759 | DEBUG    | __main__:train_prophet:196 -     Prophet MAPE=63.0%
2026-05-31 13:18:50.759 | INFO     | __main__:train_commodity:412 -   [3/5] Holt-Winters...
2026-05-31 13:18:50.844 | WARNING  | __main__:train_holt_winters:255 -     Holt-Winters: all configs failed, using simple ETS
2026-05-31 13:18:50.980 | INFO     | __main__:train_commodity:417 -   [4/5] XGBoost...
2026-05-31 13:18:52.793 | DEBUG    | __main__:train_xgboost:320 -     XGBoost MAPE=57.4%
2026-05-31 13:18:52.793 | INFO     | __main__:train_commodity:422 -   [5/5] LightGBM...
2026-05-31 13:18:52.796 | WARNING  | __main__:train_lightgbm:337 -     LightGBM not installed. Run: pip install lightgbm
2026-05-31 13:18:52.848 | INFO     | __main__:train_commodity:468 -   Weights: arima: 0.243 | prophet: 0.225 | holt_winters: 0.284 | xgboost: 0.248 | lightgbm: 0.000
2026-05-31 13:18:52.850 | INFO     | __main__:train_commodity:471 -   Model              MAPE             MAE    Weight
2026-05-31 13:18:52.850 | INFO     | __main__:train_commodity:472 -   --------------------------------------------------
2026-05-31 13:18:52.851 | INFO     | __main__:train_commodity:478 -   arima             58.5%  N   4,763,336     0.243
2026-05-31 13:18:52.852 | INFO     | __main__:train_commodity:478 -   prophet           63.0%  N   4,979,904     0.225
2026-05-31 13:18:52.853 | INFO     | __main__:train_commodity:478 -   holt_winters      50.0%  N           0     0.284 *
2026-05-31 13:18:52.853 | INFO     | __main__:train_commodity:478 -   xgboost           57.4%  N   4,800,363     0.248
2026-05-31 13:18:52.854 | INFO     | __main__:train_commodity:483 -   lightgbm         failed              --     0.000
2026-05-31 13:18:52.854 | INFO     | __main__:train_commodity:485 -   Best model: holt_winters (50.0% MAPE)
2026-05-31 13:18:52.860 | INFO     | __main__:run_training:505 - 
[4/13] Starting Cocoa...
2026-05-31 13:18:52.893 | INFO     | __main__:train_commodity:386 - 
2026-05-31 13:18:52.895 | INFO     | __main__:train_commodity:387 - ───────────────────────────────────────────────────────
2026-05-31 13:18:52.895 | INFO     | __main__:train_commodity:388 -   Cocoa  (1379 rows | last: 2026-06-06)
2026-05-31 13:18:52.895 | INFO     | __main__:train_commodity:389 - ───────────────────────────────────────────────────────
2026-05-31 13:18:52.897 | INFO     | __main__:train_commodity:402 -   [1/5] ARIMA...
2026-05-31 13:18:59.116 | DEBUG    | __main__:train_arima:139 -     ARIMA order=(0, 1, 2) seasonal=(0, 0, 0, 0) MAPE=53.5%
2026-05-31 13:18:59.116 | INFO     | __main__:train_commodity:407 -   [2/5] Prophet...
2026-05-31 13:19:00.990 | DEBUG    | __main__:train_prophet:196 -     Prophet MAPE=56.5%
2026-05-31 13:19:00.990 | INFO     | __main__:train_commodity:412 -   [3/5] Holt-Winters...
2026-05-31 13:19:01.066 | DEBUG    | __main__:train_holt_winters:260 -     Holt-Winters MAPE=53.1%
2026-05-31 13:19:01.067 | INFO     | __main__:train_commodity:417 -   [4/5] XGBoost...
2026-05-31 13:19:02.321 | DEBUG    | __main__:train_xgboost:320 -     XGBoost MAPE=53.6%
2026-05-31 13:19:02.321 | INFO     | __main__:train_commodity:422 -   [5/5] LightGBM...
2026-05-31 13:19:02.325 | WARNING  | __main__:train_lightgbm:337 -     LightGBM not installed. Run: pip install lightgbm
2026-05-31 13:19:02.385 | INFO     | __main__:train_commodity:468 -   Weights: arima: 0.253 | prophet: 0.240 | holt_winters: 0.255 | xgboost: 0.252 | lightgbm: 0.000
2026-05-31 13:19:02.385 | INFO     | __main__:train_commodity:471 -   Model              MAPE             MAE    Weight
2026-05-31 13:19:02.386 | INFO     | __main__:train_commodity:472 -   --------------------------------------------------
2026-05-31 13:19:02.387 | INFO     | __main__:train_commodity:478 -   arima             53.5%  N   4,560,755     0.253
2026-05-31 13:19:02.387 | INFO     | __main__:train_commodity:478 -   prophet           56.5%  N   4,609,682     0.240
2026-05-31 13:19:02.388 | INFO     | __main__:train_commodity:478 -   holt_winters      53.1%  N   4,517,207     0.255 *
2026-05-31 13:19:02.388 | INFO     | __main__:train_commodity:478 -   xgboost           53.6%  N   4,654,079     0.252
2026-05-31 13:19:02.389 | INFO     | __main__:train_commodity:483 -   lightgbm         failed              --     0.000
2026-05-31 13:19:02.389 | INFO     | __main__:train_commodity:485 -   Best model: holt_winters (53.1% MAPE)
2026-05-31 13:19:02.394 | INFO     | __main__:run_training:505 - 
[5/13] Starting Soybeans...
2026-05-31 13:19:02.432 | INFO     | __main__:train_commodity:386 - 
2026-05-31 13:19:02.434 | INFO     | __main__:train_commodity:387 - ───────────────────────────────────────────────────────
2026-05-31 13:19:02.435 | INFO     | __main__:train_commodity:388 -   Soybeans  (1379 rows | last: 2026-06-06)
2026-05-31 13:19:02.436 | INFO     | __main__:train_commodity:389 - ───────────────────────────────────────────────────────
2026-05-31 13:19:02.437 | INFO     | __main__:train_commodity:402 -   [1/5] ARIMA...
2026-05-31 13:19:06.033 | DEBUG    | __main__:train_arima:139 -     ARIMA order=(0, 1, 1) seasonal=(0, 0, 0, 0) MAPE=39.1%
2026-05-31 13:19:06.033 | INFO     | __main__:train_commodity:407 -   [2/5] Prophet...
2026-05-31 13:19:08.251 | DEBUG    | __main__:train_prophet:196 -     Prophet MAPE=55.4%
2026-05-31 13:19:08.251 | INFO     | __main__:train_commodity:412 -   [3/5] Holt-Winters...
2026-05-31 13:19:08.334 | DEBUG    | __main__:train_holt_winters:260 -     Holt-Winters MAPE=30.0%
2026-05-31 13:19:08.334 | INFO     | __main__:train_commodity:417 -   [4/5] XGBoost...
2026-05-31 13:19:10.115 | DEBUG    | __main__:train_xgboost:320 -     XGBoost MAPE=44.0%
2026-05-31 13:19:10.115 | INFO     | __main__:train_commodity:422 -   [5/5] LightGBM...
2026-05-31 13:19:10.119 | WARNING  | __main__:train_lightgbm:337 -     LightGBM not installed. Run: pip install lightgbm
2026-05-31 13:19:10.180 | INFO     | __main__:train_commodity:468 -   Weights: arima: 0.257 | prophet: 0.181 | holt_winters: 0.334 | xgboost: 0.228 | lightgbm: 0.000
2026-05-31 13:19:10.181 | INFO     | __main__:train_commodity:471 -   Model              MAPE             MAE    Weight
2026-05-31 13:19:10.182 | INFO     | __main__:train_commodity:472 -   --------------------------------------------------
2026-05-31 13:19:10.183 | INFO     | __main__:train_commodity:478 -   arima             39.1%  N     282,332     0.257
2026-05-31 13:19:10.183 | INFO     | __main__:train_commodity:478 -   prophet           55.4%  N     338,935     0.181
2026-05-31 13:19:10.184 | INFO     | __main__:train_commodity:478 -   holt_winters      30.0%  N     198,237     0.334 *
2026-05-31 13:19:10.185 | INFO     | __main__:train_commodity:478 -   xgboost           44.0%  N     304,542     0.228
2026-05-31 13:19:10.185 | INFO     | __main__:train_commodity:483 -   lightgbm         failed              --     0.000
2026-05-31 13:19:10.186 | INFO     | __main__:train_commodity:485 -   Best model: holt_winters (30.0% MAPE)
2026-05-31 13:19:10.194 | INFO     | __main__:run_training:505 - 
[6/13] Starting Cashew Nuts...
2026-05-31 13:19:10.231 | INFO     | __main__:train_commodity:386 - 
2026-05-31 13:19:10.231 | INFO     | __main__:train_commodity:387 - ───────────────────────────────────────────────────────
2026-05-31 13:19:10.234 | INFO     | __main__:train_commodity:388 -   Cashew Nuts  (857 rows | last: 2026-06-06)
2026-05-31 13:19:10.234 | INFO     | __main__:train_commodity:389 - ───────────────────────────────────────────────────────
2026-05-31 13:19:10.237 | INFO     | __main__:train_commodity:402 -   [1/5] ARIMA...
2026-05-31 13:19:14.266 | DEBUG    | __main__:train_arima:139 -     ARIMA order=(2, 1, 2) seasonal=(0, 0, 0, 0) MAPE=21.2%
2026-05-31 13:19:14.266 | INFO     | __main__:train_commodity:407 -   [2/5] Prophet...
2026-05-31 13:19:15.806 | DEBUG    | __main__:train_prophet:196 -     Prophet MAPE=17.9%
2026-05-31 13:19:15.806 | INFO     | __main__:train_commodity:412 -   [3/5] Holt-Winters...
2026-05-31 13:19:15.878 | DEBUG    | __main__:train_holt_winters:260 -     Holt-Winters MAPE=14.6%
2026-05-31 13:19:15.878 | INFO     | __main__:train_commodity:417 -   [4/5] XGBoost...
2026-05-31 13:19:17.500 | DEBUG    | __main__:train_xgboost:320 -     XGBoost MAPE=21.5%
2026-05-31 13:19:17.500 | INFO     | __main__:train_commodity:422 -   [5/5] LightGBM...
2026-05-31 13:19:17.504 | WARNING  | __main__:train_lightgbm:337 -     LightGBM not installed. Run: pip install lightgbm
2026-05-31 13:19:17.559 | INFO     | __main__:train_commodity:468 -   Weights: arima: 0.217 | prophet: 0.256 | holt_winters: 0.313 | xgboost: 0.214 | lightgbm: 0.000
2026-05-31 13:19:17.560 | INFO     | __main__:train_commodity:471 -   Model              MAPE             MAE    Weight
2026-05-31 13:19:17.561 | INFO     | __main__:train_commodity:472 -   --------------------------------------------------
2026-05-31 13:19:17.561 | INFO     | __main__:train_commodity:478 -   arima             21.2%  N     399,575     0.217
2026-05-31 13:19:17.562 | INFO     | __main__:train_commodity:478 -   prophet           17.9%  N     345,966     0.256
2026-05-31 13:19:17.563 | INFO     | __main__:train_commodity:478 -   holt_winters      14.6%  N     264,802     0.313 *
2026-05-31 13:19:17.563 | INFO     | __main__:train_commodity:478 -   xgboost           21.5%  N     421,753     0.214
2026-05-31 13:19:17.564 | INFO     | __main__:train_commodity:483 -   lightgbm         failed              --     0.000
2026-05-31 13:19:17.565 | INFO     | __main__:train_commodity:485 -   Best model: holt_winters (14.6% MAPE)
2026-05-31 13:19:17.572 | INFO     | __main__:run_training:505 - 
[7/13] Starting Sorghum...
2026-05-31 13:19:17.610 | INFO     | __main__:train_commodity:386 - 
2026-05-31 13:19:17.612 | INFO     | __main__:train_commodity:387 - ───────────────────────────────────────────────────────
2026-05-31 13:19:17.612 | INFO     | __main__:train_commodity:388 -   Sorghum  (1273 rows | last: 2026-06-06)
2026-05-31 13:19:17.612 | INFO     | __main__:train_commodity:389 - ───────────────────────────────────────────────────────
2026-05-31 13:19:17.614 | INFO     | __main__:train_commodity:402 -   [1/5] ARIMA...
2026-05-31 13:19:24.902 | DEBUG    | __main__:train_arima:139 -     ARIMA order=(2, 1, 2) seasonal=(0, 0, 0, 0) MAPE=29.0%
2026-05-31 13:19:24.902 | INFO     | __main__:train_commodity:407 -   [2/5] Prophet...
2026-05-31 13:19:27.073 | DEBUG    | __main__:train_prophet:196 -     Prophet MAPE=47.6%
2026-05-31 13:19:27.073 | INFO     | __main__:train_commodity:412 -   [3/5] Holt-Winters...
2026-05-31 13:19:27.200 | WARNING  | __main__:train_holt_winters:255 -     Holt-Winters: all configs failed, using simple ETS
2026-05-31 13:19:27.283 | INFO     | __main__:train_commodity:417 -   [4/5] XGBoost...
2026-05-31 13:19:29.013 | DEBUG    | __main__:train_xgboost:320 -     XGBoost MAPE=26.4%
2026-05-31 13:19:29.013 | INFO     | __main__:train_commodity:422 -   [5/5] LightGBM...
2026-05-31 13:19:29.017 | WARNING  | __main__:train_lightgbm:337 -     LightGBM not installed. Run: pip install lightgbm
2026-05-31 13:19:29.080 | INFO     | __main__:train_commodity:468 -   Weights: arima: 0.304 | prophet: 0.186 | holt_winters: 0.176 | xgboost: 0.334 | lightgbm: 0.000
2026-05-31 13:19:29.081 | INFO     | __main__:train_commodity:471 -   Model              MAPE             MAE    Weight
2026-05-31 13:19:29.081 | INFO     | __main__:train_commodity:472 -   --------------------------------------------------
2026-05-31 13:19:29.083 | INFO     | __main__:train_commodity:478 -   arima             29.0%  N     144,850     0.304
2026-05-31 13:19:29.084 | INFO     | __main__:train_commodity:478 -   prophet           47.6%  N     216,529     0.186
2026-05-31 13:19:29.085 | INFO     | __main__:train_commodity:478 -   holt_winters      50.0%  N           0     0.176
2026-05-31 13:19:29.086 | INFO     | __main__:train_commodity:478 -   xgboost           26.4%  N     146,617     0.334 *
2026-05-31 13:19:29.087 | INFO     | __main__:train_commodity:483 -   lightgbm         failed              --     0.000
2026-05-31 13:19:29.088 | INFO     | __main__:train_commodity:485 -   Best model: xgboost (26.4% MAPE)
2026-05-31 13:19:29.097 | INFO     | __main__:run_training:505 - 
[8/13] Starting Beans (white)...
2026-05-31 13:19:29.135 | INFO     | __main__:train_commodity:386 - 
2026-05-31 13:19:29.136 | INFO     | __main__:train_commodity:387 - ───────────────────────────────────────────────────────
2026-05-31 13:19:29.138 | INFO     | __main__:train_commodity:388 -   Beans (white)  (1269 rows | last: 2026-06-06)
2026-05-31 13:19:29.138 | INFO     | __main__:train_commodity:389 - ───────────────────────────────────────────────────────
2026-05-31 13:19:29.140 | INFO     | __main__:train_commodity:402 -   [1/5] ARIMA...
2026-05-31 13:19:34.033 | DEBUG    | __main__:train_arima:139 -     ARIMA order=(2, 1, 2) seasonal=(0, 0, 0, 0) MAPE=34.5%
2026-05-31 13:19:34.033 | INFO     | __main__:train_commodity:407 -   [2/5] Prophet...
2026-05-31 13:19:37.419 | DEBUG    | __main__:train_prophet:196 -     Prophet MAPE=66.7%
2026-05-31 13:19:37.419 | INFO     | __main__:train_commodity:412 -   [3/5] Holt-Winters...
2026-05-31 13:19:37.608 | WARNING  | __main__:train_holt_winters:255 -     Holt-Winters: all configs failed, using simple ETS
2026-05-31 13:19:37.720 | INFO     | __main__:train_commodity:417 -   [4/5] XGBoost...
2026-05-31 13:19:39.457 | DEBUG    | __main__:train_xgboost:320 -     XGBoost MAPE=2.7%
2026-05-31 13:19:39.457 | INFO     | __main__:train_commodity:422 -   [5/5] LightGBM...
2026-05-31 13:19:39.461 | WARNING  | __main__:train_lightgbm:337 -     LightGBM not installed. Run: pip install lightgbm
2026-05-31 13:19:39.529 | INFO     | __main__:train_commodity:468 -   Weights: arima: 0.066 | prophet: 0.049 | holt_winters: 0.049 | xgboost: 0.836 | lightgbm: 0.000
2026-05-31 13:19:39.530 | INFO     | __main__:train_commodity:471 -   Model              MAPE             MAE    Weight
2026-05-31 13:19:39.530 | INFO     | __main__:train_commodity:472 -   --------------------------------------------------
2026-05-31 13:19:39.531 | INFO     | __main__:train_commodity:478 -   arima             34.5%  N     314,288     0.066
2026-05-31 13:19:39.532 | INFO     | __main__:train_commodity:478 -   prophet           66.7%  N     583,090     0.049
2026-05-31 13:19:39.533 | INFO     | __main__:train_commodity:478 -   holt_winters      50.0%  N           0     0.049
2026-05-31 13:19:39.534 | INFO     | __main__:train_commodity:478 -   xgboost            2.7%  N      27,264     0.836 *
2026-05-31 13:19:39.534 | INFO     | __main__:train_commodity:483 -   lightgbm         failed              --     0.000
2026-05-31 13:19:39.536 | INFO     | __main__:train_commodity:485 -   Best model: xgboost (2.7% MAPE)
2026-05-31 13:19:39.542 | INFO     | __main__:run_training:505 - 
[9/13] Starting Beans (red)...
2026-05-31 13:19:39.575 | INFO     | __main__:train_commodity:386 - 
2026-05-31 13:19:39.575 | INFO     | __main__:train_commodity:387 - ───────────────────────────────────────────────────────
2026-05-31 13:19:39.577 | INFO     | __main__:train_commodity:388 -   Beans (red)  (539 rows | last: 2026-06-06)
2026-05-31 13:19:39.577 | INFO     | __main__:train_commodity:389 - ───────────────────────────────────────────────────────
2026-05-31 13:19:39.579 | INFO     | __main__:train_commodity:402 -   [1/5] ARIMA...
2026-05-31 13:19:43.450 | DEBUG    | __main__:train_arima:139 -     ARIMA order=(0, 1, 1) seasonal=(0, 0, 0, 0) MAPE=32.8%
2026-05-31 13:19:43.450 | INFO     | __main__:train_commodity:407 -   [2/5] Prophet...
2026-05-31 13:19:45.089 | DEBUG    | __main__:train_prophet:196 -     Prophet MAPE=40.0%
2026-05-31 13:19:45.089 | INFO     | __main__:train_commodity:412 -   [3/5] Holt-Winters...
2026-05-31 13:19:45.135 | WARNING  | __main__:train_holt_winters:255 -     Holt-Winters: all configs failed, using simple ETS
2026-05-31 13:19:45.203 | INFO     | __main__:train_commodity:417 -   [4/5] XGBoost...
2026-05-31 13:19:46.606 | DEBUG    | __main__:train_xgboost:320 -     XGBoost MAPE=8.9%
2026-05-31 13:19:46.606 | INFO     | __main__:train_commodity:422 -   [5/5] LightGBM...
2026-05-31 13:19:46.609 | WARNING  | __main__:train_lightgbm:337 -     LightGBM not installed. Run: pip install lightgbm
2026-05-31 13:19:46.656 | INFO     | __main__:train_commodity:468 -   Weights: arima: 0.162 | prophet: 0.133 | holt_winters: 0.106 | xgboost: 0.599 | lightgbm: 0.000
2026-05-31 13:19:46.657 | INFO     | __main__:train_commodity:471 -   Model              MAPE             MAE    Weight
2026-05-31 13:19:46.658 | INFO     | __main__:train_commodity:472 -   --------------------------------------------------
2026-05-31 13:19:46.658 | INFO     | __main__:train_commodity:478 -   arima             32.8%  N     353,756     0.162
2026-05-31 13:19:46.659 | INFO     | __main__:train_commodity:478 -   prophet           40.0%  N     486,829     0.133
2026-05-31 13:19:46.660 | INFO     | __main__:train_commodity:478 -   holt_winters      50.0%  N           0     0.106
2026-05-31 13:19:46.660 | INFO     | __main__:train_commodity:478 -   xgboost            8.9%  N     136,080     0.599 *
2026-05-31 13:19:46.661 | INFO     | __main__:train_commodity:483 -   lightgbm         failed              --     0.000
2026-05-31 13:19:46.661 | INFO     | __main__:train_commodity:485 -   Best model: xgboost (8.9% MAPE)
2026-05-31 13:19:46.669 | INFO     | __main__:run_training:505 - 
[10/13] Starting Maize (white)...
2026-05-31 13:19:46.705 | INFO     | __main__:train_commodity:386 - 
2026-05-31 13:19:46.705 | INFO     | __main__:train_commodity:387 - ───────────────────────────────────────────────────────
2026-05-31 13:19:46.707 | INFO     | __main__:train_commodity:388 -   Maize (white)  (1272 rows | last: 2026-06-06)
2026-05-31 13:19:46.707 | INFO     | __main__:train_commodity:389 - ───────────────────────────────────────────────────────
2026-05-31 13:19:46.709 | INFO     | __main__:train_commodity:402 -   [1/5] ARIMA...
2026-05-31 13:19:52.300 | DEBUG    | __main__:train_arima:139 -     ARIMA order=(2, 1, 2) seasonal=(0, 0, 0, 0) MAPE=19.4%
2026-05-31 13:19:52.300 | INFO     | __main__:train_commodity:407 -   [2/5] Prophet...
2026-05-31 13:19:54.173 | DEBUG    | __main__:train_prophet:196 -     Prophet MAPE=36.3%
2026-05-31 13:19:54.173 | INFO     | __main__:train_commodity:412 -   [3/5] Holt-Winters...
2026-05-31 13:19:54.267 | DEBUG    | __main__:train_holt_winters:260 -     Holt-Winters MAPE=15.0%
2026-05-31 13:19:54.267 | INFO     | __main__:train_commodity:417 -   [4/5] XGBoost...
2026-05-31 13:19:56.000 | DEBUG    | __main__:train_xgboost:320 -     XGBoost MAPE=13.3%
2026-05-31 13:19:56.001 | INFO     | __main__:train_commodity:422 -   [5/5] LightGBM...
2026-05-31 13:19:56.003 | WARNING  | __main__:train_lightgbm:337 -     LightGBM not installed. Run: pip install lightgbm
2026-05-31 13:19:56.072 | INFO     | __main__:train_commodity:468 -   Weights: arima: 0.233 | prophet: 0.124 | holt_winters: 0.302 | xgboost: 0.340 | lightgbm: 0.000
2026-05-31 13:19:56.072 | INFO     | __main__:train_commodity:471 -   Model              MAPE             MAE    Weight
2026-05-31 13:19:56.073 | INFO     | __main__:train_commodity:472 -   --------------------------------------------------
2026-05-31 13:19:56.074 | INFO     | __main__:train_commodity:478 -   arima             19.4%  N      59,797     0.233
2026-05-31 13:19:56.074 | INFO     | __main__:train_commodity:478 -   prophet           36.3%  N     101,683     0.124
2026-05-31 13:19:56.075 | INFO     | __main__:train_commodity:478 -   holt_winters      15.0%  N      44,076     0.302
2026-05-31 13:19:56.076 | INFO     | __main__:train_commodity:478 -   xgboost           13.3%  N      42,900     0.340 *
2026-05-31 13:19:56.077 | INFO     | __main__:train_commodity:483 -   lightgbm         failed              --     0.000
2026-05-31 13:19:56.077 | INFO     | __main__:train_commodity:485 -   Best model: xgboost (13.3% MAPE)
2026-05-31 13:19:56.084 | INFO     | __main__:run_training:505 - 
[11/13] Starting Maize (yellow)...
2026-05-31 13:19:56.117 | INFO     | __main__:train_commodity:386 - 
2026-05-31 13:19:56.119 | INFO     | __main__:train_commodity:387 - ───────────────────────────────────────────────────────
2026-05-31 13:19:56.120 | INFO     | __main__:train_commodity:388 -   Maize (yellow)  (629 rows | last: 2026-06-06)
2026-05-31 13:19:56.120 | INFO     | __main__:train_commodity:389 - ───────────────────────────────────────────────────────
2026-05-31 13:19:56.122 | INFO     | __main__:train_commodity:402 -   [1/5] ARIMA...
2026-05-31 13:19:58.451 | DEBUG    | __main__:train_arima:139 -     ARIMA order=(2, 1, 0) seasonal=(0, 0, 0, 0) MAPE=11.3%
2026-05-31 13:19:58.451 | INFO     | __main__:train_commodity:407 -   [2/5] Prophet...
2026-05-31 13:20:02.440 | DEBUG    | __main__:train_prophet:196 -     Prophet MAPE=16.5%
2026-05-31 13:20:02.442 | INFO     | __main__:train_commodity:412 -   [3/5] Holt-Winters...
2026-05-31 13:20:02.667 | DEBUG    | __main__:train_holt_winters:260 -     Holt-Winters MAPE=9.3%
2026-05-31 13:20:02.667 | INFO     | __main__:train_commodity:417 -   [4/5] XGBoost...
2026-05-31 13:20:04.950 | DEBUG    | __main__:train_xgboost:320 -     XGBoost MAPE=18.2%
2026-05-31 13:20:04.951 | INFO     | __main__:train_commodity:422 -   [5/5] LightGBM...
2026-05-31 13:20:04.953 | WARNING  | __main__:train_lightgbm:337 -     LightGBM not installed. Run: pip install lightgbm
2026-05-31 13:20:04.998 | INFO     | __main__:train_commodity:468 -   Weights: arima: 0.284 | prophet: 0.195 | holt_winters: 0.345 | xgboost: 0.176 | lightgbm: 0.000
2026-05-31 13:20:04.998 | INFO     | __main__:train_commodity:471 -   Model              MAPE             MAE    Weight
2026-05-31 13:20:05.000 | INFO     | __main__:train_commodity:472 -   --------------------------------------------------
2026-05-31 13:20:05.001 | INFO     | __main__:train_commodity:478 -   arima             11.3%  N      41,206     0.284
2026-05-31 13:20:05.002 | INFO     | __main__:train_commodity:478 -   prophet           16.5%  N      58,539     0.195
2026-05-31 13:20:05.002 | INFO     | __main__:train_commodity:478 -   holt_winters       9.3%  N      33,430     0.345 *
2026-05-31 13:20:05.003 | INFO     | __main__:train_commodity:478 -   xgboost           18.2%  N      66,414     0.176
2026-05-31 13:20:05.004 | INFO     | __main__:train_commodity:483 -   lightgbm         failed              --     0.000
2026-05-31 13:20:05.005 | INFO     | __main__:train_commodity:485 -   Best model: holt_winters (9.3% MAPE)
2026-05-31 13:20:05.008 | INFO     | __main__:run_training:505 - 
[12/13] Starting Wheat...
2026-05-31 13:20:05.043 | INFO     | __main__:train_commodity:386 - 
2026-05-31 13:20:05.045 | INFO     | __main__:train_commodity:387 - ───────────────────────────────────────────────────────
2026-05-31 13:20:05.045 | INFO     | __main__:train_commodity:388 -   Wheat  (857 rows | last: 2026-06-06)
2026-05-31 13:20:05.045 | INFO     | __main__:train_commodity:389 - ───────────────────────────────────────────────────────
2026-05-31 13:20:05.049 | INFO     | __main__:train_commodity:402 -   [1/5] ARIMA...
2026-05-31 13:20:11.601 | DEBUG    | __main__:train_arima:139 -     ARIMA order=(2, 0, 2) seasonal=(0, 0, 0, 0) MAPE=37.4%
2026-05-31 13:20:11.601 | INFO     | __main__:train_commodity:407 -   [2/5] Prophet...
2026-05-31 13:20:14.426 | DEBUG    | __main__:train_prophet:196 -     Prophet MAPE=39.2%
2026-05-31 13:20:14.426 | INFO     | __main__:train_commodity:412 -   [3/5] Holt-Winters...
2026-05-31 13:20:14.527 | DEBUG    | __main__:train_holt_winters:260 -     Holt-Winters MAPE=20.3%
2026-05-31 13:20:14.528 | INFO     | __main__:train_commodity:417 -   [4/5] XGBoost...
2026-05-31 13:20:16.946 | DEBUG    | __main__:train_xgboost:320 -     XGBoost MAPE=27.4%
2026-05-31 13:20:16.948 | INFO     | __main__:train_commodity:422 -   [5/5] LightGBM...
2026-05-31 13:20:16.951 | WARNING  | __main__:train_lightgbm:337 -     LightGBM not installed. Run: pip install lightgbm
2026-05-31 13:20:17.002 | INFO     | __main__:train_commodity:468 -   Weights: arima: 0.194 | prophet: 0.185 | holt_winters: 0.357 | xgboost: 0.264 | lightgbm: 0.000
2026-05-31 13:20:17.003 | INFO     | __main__:train_commodity:471 -   Model              MAPE             MAE    Weight
2026-05-31 13:20:17.003 | INFO     | __main__:train_commodity:472 -   --------------------------------------------------
2026-05-31 13:20:17.004 | INFO     | __main__:train_commodity:478 -   arima             37.4%  N     255,550     0.194
2026-05-31 13:20:17.005 | INFO     | __main__:train_commodity:478 -   prophet           39.2%  N     260,259     0.185
2026-05-31 13:20:17.005 | INFO     | __main__:train_commodity:478 -   holt_winters      20.3%  N     120,664     0.357 *
2026-05-31 13:20:17.006 | INFO     | __main__:train_commodity:478 -   xgboost           27.4%  N     186,513     0.264
2026-05-31 13:20:17.007 | INFO     | __main__:train_commodity:483 -   lightgbm         failed              --     0.000
2026-05-31 13:20:17.007 | INFO     | __main__:train_commodity:485 -   Best model: holt_winters (20.3% MAPE)
2026-05-31 13:20:17.011 | INFO     | __main__:run_training:505 - 
[13/13] Starting Rice...
2026-05-31 13:20:17.047 | INFO     | __main__:train_commodity:386 - 
2026-05-31 13:20:17.047 | INFO     | __main__:train_commodity:387 - ───────────────────────────────────────────────────────
2026-05-31 13:20:17.049 | INFO     | __main__:train_commodity:388 -   Rice  (1276 rows | last: 2026-06-06)
2026-05-31 13:20:17.050 | INFO     | __main__:train_commodity:389 - ───────────────────────────────────────────────────────
2026-05-31 13:20:17.053 | INFO     | __main__:train_commodity:402 -   [1/5] ARIMA...
2026-05-31 13:20:24.201 | DEBUG    | __main__:train_arima:139 -     ARIMA order=(1, 1, 2) seasonal=(0, 0, 0, 0) MAPE=43.9%
2026-05-31 13:20:24.201 | INFO     | __main__:train_commodity:407 -   [2/5] Prophet...
2026-05-31 13:20:27.238 | DEBUG    | __main__:train_prophet:196 -     Prophet MAPE=37.4%
2026-05-31 13:20:27.238 | INFO     | __main__:train_commodity:412 -   [3/5] Holt-Winters...
2026-05-31 13:20:27.350 | DEBUG    | __main__:train_holt_winters:260 -     Holt-Winters MAPE=13.5%
2026-05-31 13:20:27.350 | INFO     | __main__:train_commodity:417 -   [4/5] XGBoost...
2026-05-31 13:20:29.332 | DEBUG    | __main__:train_xgboost:320 -     XGBoost MAPE=42.1%
2026-05-31 13:20:29.332 | INFO     | __main__:train_commodity:422 -   [5/5] LightGBM...
2026-05-31 13:20:29.334 | WARNING  | __main__:train_lightgbm:337 -     LightGBM not installed. Run: pip install lightgbm
2026-05-31 13:20:29.402 | INFO     | __main__:train_commodity:468 -   Weights: arima: 0.154 | prophet: 0.181 | holt_winters: 0.503 | xgboost: 0.161 | lightgbm: 0.000
2026-05-31 13:20:29.403 | INFO     | __main__:train_commodity:471 -   Model              MAPE             MAE    Weight
2026-05-31 13:20:29.404 | INFO     | __main__:train_commodity:472 -   --------------------------------------------------
2026-05-31 13:20:29.405 | INFO     | __main__:train_commodity:478 -   arima             43.9%  N     576,612     0.154
2026-05-31 13:20:29.405 | INFO     | __main__:train_commodity:478 -   prophet           37.4%  N     485,274     0.181
2026-05-31 13:20:29.406 | INFO     | __main__:train_commodity:478 -   holt_winters      13.5%  N     162,353     0.503 *
2026-05-31 13:20:29.406 | INFO     | __main__:train_commodity:478 -   xgboost           42.1%  N     562,303     0.161
2026-05-31 13:20:29.407 | INFO     | __main__:train_commodity:483 -   lightgbm         failed              --     0.000
2026-05-31 13:20:29.408 | INFO     | __main__:train_commodity:485 -   Best model: holt_winters (13.5% MAPE)
2026-05-31 13:20:29.415 | INFO     | __main__:run_training:520 - 
2026-05-31 13:20:29.416 | INFO     | __main__:run_training:521 - ======================================================================
2026-05-31 13:20:29.419 | INFO     | __main__:run_training:522 -   FINAL TRAINING SUMMARY
2026-05-31 13:20:29.420 | INFO     | __main__:run_training:523 - ======================================================================
2026-05-31 13:20:29.420 | INFO     | __main__:run_training:524 -   Commodity                ARIMA  Prophet   HoltW     XGB     LGB  Best
2026-05-31 13:20:29.421 | INFO     | __main__:run_training:525 -   ----------------------------------------------------------------------
2026-05-31 13:20:29.427 | INFO     | __main__:run_training:538 -   Hibiscus                 25.2%    17.4%   18.6%   29.5%    fail  prophet
2026-05-31 13:20:29.427 | INFO     | __main__:run_training:538 -   Sesame                   14.8%     7.6%   13.8%   18.6%    fail  prophet
2026-05-31 13:20:29.429 | INFO     | __main__:run_training:538 -   Ginger                   58.5%    63.0%   50.0%   57.4%    fail  holt_winters
2026-05-31 13:20:29.430 | INFO     | __main__:run_training:538 -   Cocoa                    53.5%    56.5%   53.1%   53.6%    fail  holt_winters
2026-05-31 13:20:29.430 | INFO     | __main__:run_training:538 -   Soybeans                 39.1%    55.4%   30.0%   44.0%    fail  holt_winters
2026-05-31 13:20:29.432 | INFO     | __main__:run_training:538 -   Cashew Nuts              21.2%    17.9%   14.6%   21.5%    fail  holt_winters
2026-05-31 13:20:29.432 | INFO     | __main__:run_training:538 -   Sorghum                  29.0%    47.6%   50.0%   26.4%    fail  xgboost
2026-05-31 13:20:29.433 | INFO     | __main__:run_training:538 -   Beans (white)            34.5%    66.7%   50.0%    2.7%    fail  xgboost
2026-05-31 13:20:29.436 | INFO     | __main__:run_training:538 -   Beans (red)              32.8%    40.0%   50.0%    8.9%    fail  xgboost
2026-05-31 13:20:29.436 | INFO     | __main__:run_training:538 -   Maize (white)            19.4%    36.3%   14.9%   13.3%    fail  xgboost
2026-05-31 13:20:29.437 | INFO     | __main__:run_training:538 -   Maize (yellow)           11.3%    16.4%    9.3%   18.2%    fail  holt_winters
2026-05-31 13:20:29.438 | INFO     | __main__:run_training:538 -   Wheat                    37.4%    39.2%   20.3%   27.4%    fail  holt_winters
2026-05-31 13:20:29.439 | INFO     | __main__:run_training:538 -   Rice                     43.9%    37.4%   13.5%   42.1%    fail  holt_winters
2026-05-31 13:20:29.440 | INFO     | __main__:run_training:542 - ======================================================================
2026-05-31 13:20:29.441 | INFO     | __main__:run_training:543 -   Trained: 13/13
2026-05-31 13:20:29.447 | SUCCESS  | __main__:run_training:573 - TRAINING COMPLETE — 13/13 commodities
