2026-07-26 00:00:45.934 | INFO     | __main__:run_training:490 - =================================================================
2026-07-26 00:00:45.948 | INFO     | __main__:run_training:491 - STEP 4 — MODEL TRAINING
2026-07-26 00:00:45.949 | INFO     | __main__:run_training:492 -   Commodities : 17
2026-07-26 00:00:45.951 | INFO     | __main__:run_training:493 -   Models      : ARIMA + Prophet + Holt-Winters + XGBoost + LightGBM
2026-07-26 00:00:45.951 | INFO     | __main__:run_training:494 -   Weighting   : Inverse-MAPE (lower error = higher weight, floor 0.05)
2026-07-26 00:00:45.951 | INFO     | __main__:run_training:495 - =================================================================
2026-07-26 00:00:46.715 | INFO     | __main__:run_training:498 -   Features loaded: 16078 rows
2026-07-26 00:00:46.720 | INFO     | __main__:run_training:505 - 
[1/17] Starting Hibiscus...
2026-07-26 00:00:46.866 | INFO     | __main__:train_commodity:386 - 
2026-07-26 00:00:46.866 | INFO     | __main__:train_commodity:387 - ───────────────────────────────────────────────────────
2026-07-26 00:00:46.870 | INFO     | __main__:train_commodity:388 -   Hibiscus  (865 rows | last: 2026-08-01)
2026-07-26 00:00:46.871 | INFO     | __main__:train_commodity:389 - ───────────────────────────────────────────────────────
2026-07-26 00:00:46.882 | INFO     | __main__:train_commodity:402 -   [1/5] ARIMA...
2026-07-26 00:01:36.125 | DEBUG    | __main__:train_arima:139 -     ARIMA order=(2, 1, 2) seasonal=(0, 0, 0, 0) MAPE=24.4%
2026-07-26 00:01:36.125 | INFO     | __main__:train_commodity:407 -   [2/5] Prophet...
2026-07-26 00:01:42.567 | DEBUG    | __main__:train_prophet:196 -     Prophet MAPE=18.0%
2026-07-26 00:01:42.567 | INFO     | __main__:train_commodity:412 -   [3/5] Holt-Winters...
2026-07-26 00:01:42.743 | DEBUG    | __main__:train_holt_winters:260 -     Holt-Winters MAPE=18.5%
2026-07-26 00:01:42.744 | INFO     | __main__:train_commodity:417 -   [4/5] XGBoost...
2026-07-26 00:02:05.180 | DEBUG    | __main__:train_xgboost:320 -     XGBoost MAPE=30.0%
2026-07-26 00:02:05.180 | INFO     | __main__:train_commodity:422 -   [5/5] LightGBM...
2026-07-26 00:02:05.185 | WARNING  | __main__:train_lightgbm:337 -     LightGBM not installed. Run: pip install lightgbm
2026-07-26 00:02:05.285 | INFO     | __main__:train_commodity:468 -   Weights: arima: 0.223 | prophet: 0.302 | holt_winters: 0.294 | xgboost: 0.181 | lightgbm: 0.000
2026-07-26 00:02:05.286 | INFO     | __main__:train_commodity:471 -   Model              MAPE             MAE    Weight
2026-07-26 00:02:05.287 | INFO     | __main__:train_commodity:472 -   --------------------------------------------------
2026-07-26 00:02:05.292 | INFO     | __main__:train_commodity:478 -   arima             24.4%  N     433,945     0.223
2026-07-26 00:02:05.305 | INFO     | __main__:train_commodity:478 -   prophet           18.0%  N     317,576     0.302 *
2026-07-26 00:02:05.313 | INFO     | __main__:train_commodity:478 -   holt_winters      18.5%  N     329,093     0.294
2026-07-26 00:02:05.315 | INFO     | __main__:train_commodity:478 -   xgboost           30.0%  N     528,208     0.181
2026-07-26 00:02:05.318 | INFO     | __main__:train_commodity:483 -   lightgbm         failed              --     0.000
2026-07-26 00:02:05.319 | INFO     | __main__:train_commodity:485 -   Best model: prophet (18.0% MAPE)
2026-07-26 00:02:05.328 | INFO     | __main__:run_training:505 - 
[2/17] Starting Sesame...
2026-07-26 00:02:05.388 | INFO     | __main__:train_commodity:386 - 
2026-07-26 00:02:05.388 | INFO     | __main__:train_commodity:387 - ───────────────────────────────────────────────────────
2026-07-26 00:02:05.390 | INFO     | __main__:train_commodity:388 -   Sesame  (843 rows | last: 2026-08-01)
2026-07-26 00:02:05.400 | INFO     | __main__:train_commodity:389 - ───────────────────────────────────────────────────────
2026-07-26 00:02:05.408 | INFO     | __main__:train_commodity:402 -   [1/5] ARIMA...
2026-07-26 00:02:13.325 | DEBUG    | __main__:train_arima:139 -     ARIMA order=(0, 1, 1) seasonal=(0, 0, 0, 0) MAPE=15.9%
2026-07-26 00:02:13.328 | INFO     | __main__:train_commodity:407 -   [2/5] Prophet...
2026-07-26 00:02:18.387 | DEBUG    | __main__:train_prophet:196 -     Prophet MAPE=8.0%
2026-07-26 00:02:18.388 | INFO     | __main__:train_commodity:412 -   [3/5] Holt-Winters...
2026-07-26 00:02:18.578 | DEBUG    | __main__:train_holt_winters:260 -     Holt-Winters MAPE=14.7%
2026-07-26 00:02:18.578 | INFO     | __main__:train_commodity:417 -   [4/5] XGBoost...
2026-07-26 00:02:21.981 | DEBUG    | __main__:train_xgboost:320 -     XGBoost MAPE=14.3%
2026-07-26 00:02:21.981 | INFO     | __main__:train_commodity:422 -   [5/5] LightGBM...
2026-07-26 00:02:21.985 | WARNING  | __main__:train_lightgbm:337 -     LightGBM not installed. Run: pip install lightgbm
2026-07-26 00:02:22.031 | INFO     | __main__:train_commodity:468 -   Weights: arima: 0.193 | prophet: 0.385 | holt_winters: 0.208 | xgboost: 0.214 | lightgbm: 0.000
2026-07-26 00:02:22.031 | INFO     | __main__:train_commodity:471 -   Model              MAPE             MAE    Weight
2026-07-26 00:02:22.033 | INFO     | __main__:train_commodity:472 -   --------------------------------------------------
2026-07-26 00:02:22.034 | INFO     | __main__:train_commodity:478 -   arima             15.9%  N     217,364     0.193
2026-07-26 00:02:22.035 | INFO     | __main__:train_commodity:478 -   prophet            8.0%  N     102,037     0.385 *
2026-07-26 00:02:22.035 | INFO     | __main__:train_commodity:478 -   holt_winters      14.7%  N     203,152     0.208
2026-07-26 00:02:22.036 | INFO     | __main__:train_commodity:478 -   xgboost           14.3%  N     203,864     0.214
2026-07-26 00:02:22.036 | INFO     | __main__:train_commodity:483 -   lightgbm         failed              --     0.000
2026-07-26 00:02:22.036 | INFO     | __main__:train_commodity:485 -   Best model: prophet (8.0% MAPE)
2026-07-26 00:02:22.047 | INFO     | __main__:run_training:505 - 
[3/17] Starting Ginger...
2026-07-26 00:02:22.096 | INFO     | __main__:train_commodity:386 - 
2026-07-26 00:02:22.096 | INFO     | __main__:train_commodity:387 - ───────────────────────────────────────────────────────
2026-07-26 00:02:22.098 | INFO     | __main__:train_commodity:388 -   Ginger  (1387 rows | last: 2026-08-01)
2026-07-26 00:02:22.098 | INFO     | __main__:train_commodity:389 - ───────────────────────────────────────────────────────
2026-07-26 00:02:22.103 | INFO     | __main__:train_commodity:402 -   [1/5] ARIMA...
2026-07-26 00:02:39.509 | DEBUG    | __main__:train_arima:139 -     ARIMA order=(2, 0, 2) seasonal=(0, 0, 0, 0) MAPE=64.5%
2026-07-26 00:02:39.509 | INFO     | __main__:train_commodity:407 -   [2/5] Prophet...
2026-07-26 00:02:42.571 | DEBUG    | __main__:train_prophet:196 -     Prophet MAPE=63.9%
2026-07-26 00:02:42.571 | INFO     | __main__:train_commodity:412 -   [3/5] Holt-Winters...
2026-07-26 00:02:42.772 | DEBUG    | __main__:train_holt_winters:260 -     Holt-Winters MAPE=60.8%
2026-07-26 00:02:42.772 | INFO     | __main__:train_commodity:417 -   [4/5] XGBoost...
2026-07-26 00:02:44.527 | DEBUG    | __main__:train_xgboost:320 -     XGBoost MAPE=60.0%
2026-07-26 00:02:44.527 | INFO     | __main__:train_commodity:422 -   [5/5] LightGBM...
2026-07-26 00:02:44.531 | WARNING  | __main__:train_lightgbm:337 -     LightGBM not installed. Run: pip install lightgbm
2026-07-26 00:02:44.576 | INFO     | __main__:train_commodity:468 -   Weights: arima: 0.241 | prophet: 0.244 | holt_winters: 0.256 | xgboost: 0.259 | lightgbm: 0.000
2026-07-26 00:02:44.578 | INFO     | __main__:train_commodity:471 -   Model              MAPE             MAE    Weight
2026-07-26 00:02:44.578 | INFO     | __main__:train_commodity:472 -   --------------------------------------------------
2026-07-26 00:02:44.578 | INFO     | __main__:train_commodity:478 -   arima             64.5%  N   5,275,050     0.241
2026-07-26 00:02:44.580 | INFO     | __main__:train_commodity:478 -   prophet           63.9%  N   5,241,476     0.244
2026-07-26 00:02:44.580 | INFO     | __main__:train_commodity:478 -   holt_winters      60.8%  N   5,089,796     0.256
2026-07-26 00:02:44.580 | INFO     | __main__:train_commodity:478 -   xgboost           60.0%  N   5,131,323     0.259 *
2026-07-26 00:02:44.583 | INFO     | __main__:train_commodity:483 -   lightgbm         failed              --     0.000
2026-07-26 00:02:44.583 | INFO     | __main__:train_commodity:485 -   Best model: xgboost (60.0% MAPE)
2026-07-26 00:02:44.590 | INFO     | __main__:run_training:505 - 
[4/17] Starting Cocoa...
2026-07-26 00:02:44.624 | INFO     | __main__:train_commodity:386 - 
2026-07-26 00:02:44.624 | INFO     | __main__:train_commodity:387 - ───────────────────────────────────────────────────────
2026-07-26 00:02:44.625 | INFO     | __main__:train_commodity:388 -   Cocoa  (1387 rows | last: 2026-08-01)
2026-07-26 00:02:44.627 | INFO     | __main__:train_commodity:389 - ───────────────────────────────────────────────────────
2026-07-26 00:02:44.629 | INFO     | __main__:train_commodity:402 -   [1/5] ARIMA...
2026-07-26 00:02:58.502 | DEBUG    | __main__:train_arima:139 -     ARIMA order=(0, 1, 2) seasonal=(0, 0, 0, 0) MAPE=55.4%
2026-07-26 00:02:58.505 | INFO     | __main__:train_commodity:407 -   [2/5] Prophet...
2026-07-26 00:03:05.092 | DEBUG    | __main__:train_prophet:196 -     Prophet MAPE=57.2%
2026-07-26 00:03:05.093 | INFO     | __main__:train_commodity:412 -   [3/5] Holt-Winters...
2026-07-26 00:03:05.277 | DEBUG    | __main__:train_holt_winters:260 -     Holt-Winters MAPE=55.1%
2026-07-26 00:03:05.279 | INFO     | __main__:train_commodity:417 -   [4/5] XGBoost...
2026-07-26 00:03:07.560 | DEBUG    | __main__:train_xgboost:320 -     XGBoost MAPE=55.7%
2026-07-26 00:03:07.560 | INFO     | __main__:train_commodity:422 -   [5/5] LightGBM...
2026-07-26 00:03:07.563 | WARNING  | __main__:train_lightgbm:337 -     LightGBM not installed. Run: pip install lightgbm
2026-07-26 00:03:07.624 | INFO     | __main__:train_commodity:468 -   Weights: arima: 0.252 | prophet: 0.244 | holt_winters: 0.254 | xgboost: 0.250 | lightgbm: 0.000
2026-07-26 00:03:07.625 | INFO     | __main__:train_commodity:471 -   Model              MAPE             MAE    Weight
2026-07-26 00:03:07.625 | INFO     | __main__:train_commodity:472 -   --------------------------------------------------
2026-07-26 00:03:07.626 | INFO     | __main__:train_commodity:478 -   arima             55.4%  N   4,677,286     0.252
2026-07-26 00:03:07.627 | INFO     | __main__:train_commodity:478 -   prophet           57.2%  N   4,674,733     0.244
2026-07-26 00:03:07.627 | INFO     | __main__:train_commodity:478 -   holt_winters      55.1%  N   4,659,325     0.254 *
2026-07-26 00:03:07.628 | INFO     | __main__:train_commodity:478 -   xgboost           55.7%  N   4,751,387     0.250
2026-07-26 00:03:07.628 | INFO     | __main__:train_commodity:483 -   lightgbm         failed              --     0.000
2026-07-26 00:03:07.629 | INFO     | __main__:train_commodity:485 -   Best model: holt_winters (55.1% MAPE)
2026-07-26 00:03:07.634 | INFO     | __main__:run_training:505 - 
[5/17] Starting Soybeans...
2026-07-26 00:03:07.672 | INFO     | __main__:train_commodity:386 - 
2026-07-26 00:03:07.673 | INFO     | __main__:train_commodity:387 - ───────────────────────────────────────────────────────
2026-07-26 00:03:07.674 | INFO     | __main__:train_commodity:388 -   Soybeans  (1387 rows | last: 2026-08-01)
2026-07-26 00:03:07.674 | INFO     | __main__:train_commodity:389 - ───────────────────────────────────────────────────────
2026-07-26 00:03:07.677 | INFO     | __main__:train_commodity:402 -   [1/5] ARIMA...
2026-07-26 00:03:13.541 | DEBUG    | __main__:train_arima:139 -     ARIMA order=(0, 1, 1) seasonal=(0, 0, 0, 0) MAPE=41.9%
2026-07-26 00:03:13.541 | INFO     | __main__:train_commodity:407 -   [2/5] Prophet...
2026-07-26 00:03:17.520 | DEBUG    | __main__:train_prophet:196 -     Prophet MAPE=53.3%
2026-07-26 00:03:17.521 | INFO     | __main__:train_commodity:412 -   [3/5] Holt-Winters...
2026-07-26 00:03:17.639 | DEBUG    | __main__:train_holt_winters:260 -     Holt-Winters MAPE=35.0%
2026-07-26 00:03:17.639 | INFO     | __main__:train_commodity:417 -   [4/5] XGBoost...
2026-07-26 00:03:20.547 | DEBUG    | __main__:train_xgboost:320 -     XGBoost MAPE=44.5%
2026-07-26 00:03:20.547 | INFO     | __main__:train_commodity:422 -   [5/5] LightGBM...
2026-07-26 00:03:20.551 | WARNING  | __main__:train_lightgbm:337 -     LightGBM not installed. Run: pip install lightgbm
2026-07-26 00:03:20.650 | INFO     | __main__:train_commodity:468 -   Weights: arima: 0.255 | prophet: 0.200 | holt_winters: 0.305 | xgboost: 0.240 | lightgbm: 0.000
2026-07-26 00:03:20.650 | INFO     | __main__:train_commodity:471 -   Model              MAPE             MAE    Weight
2026-07-26 00:03:20.651 | INFO     | __main__:train_commodity:472 -   --------------------------------------------------
2026-07-26 00:03:20.651 | INFO     | __main__:train_commodity:478 -   arima             41.9%  N     299,760     0.255
2026-07-26 00:03:20.651 | INFO     | __main__:train_commodity:478 -   prophet           53.3%  N     337,159     0.200
2026-07-26 00:03:20.651 | INFO     | __main__:train_commodity:478 -   holt_winters      35.0%  N     254,122     0.305 *
2026-07-26 00:03:20.653 | INFO     | __main__:train_commodity:478 -   xgboost           44.5%  N     316,210     0.240
2026-07-26 00:03:20.655 | INFO     | __main__:train_commodity:483 -   lightgbm         failed              --     0.000
2026-07-26 00:03:20.655 | INFO     | __main__:train_commodity:485 -   Best model: holt_winters (35.0% MAPE)
2026-07-26 00:03:20.661 | INFO     | __main__:run_training:505 - 
[6/17] Starting Cashew Nuts...
2026-07-26 00:03:20.732 | INFO     | __main__:train_commodity:386 - 
2026-07-26 00:03:20.742 | INFO     | __main__:train_commodity:387 - ───────────────────────────────────────────────────────
2026-07-26 00:03:20.747 | INFO     | __main__:train_commodity:388 -   Cashew Nuts  (865 rows | last: 2026-08-01)
2026-07-26 00:03:20.752 | INFO     | __main__:train_commodity:389 - ───────────────────────────────────────────────────────
2026-07-26 00:03:20.762 | INFO     | __main__:train_commodity:402 -   [1/5] ARIMA...
2026-07-26 00:03:26.849 | DEBUG    | __main__:train_arima:139 -     ARIMA order=(2, 1, 2) seasonal=(0, 0, 0, 0) MAPE=20.8%
2026-07-26 00:03:26.849 | INFO     | __main__:train_commodity:407 -   [2/5] Prophet...
2026-07-26 00:03:29.884 | DEBUG    | __main__:train_prophet:196 -     Prophet MAPE=17.8%
2026-07-26 00:03:29.884 | INFO     | __main__:train_commodity:412 -   [3/5] Holt-Winters...
2026-07-26 00:03:30.045 | DEBUG    | __main__:train_holt_winters:260 -     Holt-Winters MAPE=13.9%
2026-07-26 00:03:30.045 | INFO     | __main__:train_commodity:417 -   [4/5] XGBoost...
2026-07-26 00:03:32.848 | DEBUG    | __main__:train_xgboost:320 -     XGBoost MAPE=22.8%
2026-07-26 00:03:32.848 | INFO     | __main__:train_commodity:422 -   [5/5] LightGBM...
2026-07-26 00:03:32.852 | WARNING  | __main__:train_lightgbm:337 -     LightGBM not installed. Run: pip install lightgbm
2026-07-26 00:03:32.922 | INFO     | __main__:train_commodity:468 -   Weights: arima: 0.219 | prophet: 0.255 | holt_winters: 0.326 | xgboost: 0.200 | lightgbm: 0.000
2026-07-26 00:03:32.922 | INFO     | __main__:train_commodity:471 -   Model              MAPE             MAE    Weight
2026-07-26 00:03:32.925 | INFO     | __main__:train_commodity:472 -   --------------------------------------------------
2026-07-26 00:03:32.925 | INFO     | __main__:train_commodity:478 -   arima             20.8%  N     387,444     0.219
2026-07-26 00:03:32.927 | INFO     | __main__:train_commodity:478 -   prophet           17.8%  N     347,157     0.255
2026-07-26 00:03:32.927 | INFO     | __main__:train_commodity:478 -   holt_winters      13.9%  N     243,790     0.326 *
2026-07-26 00:03:32.927 | INFO     | __main__:train_commodity:478 -   xgboost           22.8%  N     451,922     0.200
2026-07-26 00:03:32.927 | INFO     | __main__:train_commodity:483 -   lightgbm         failed              --     0.000
2026-07-26 00:03:32.929 | INFO     | __main__:train_commodity:485 -   Best model: holt_winters (13.9% MAPE)
2026-07-26 00:03:32.947 | INFO     | __main__:run_training:505 - 
[7/17] Starting Sorghum...
2026-07-26 00:03:33.006 | INFO     | __main__:train_commodity:386 - 
2026-07-26 00:03:33.006 | INFO     | __main__:train_commodity:387 - ───────────────────────────────────────────────────────
2026-07-26 00:03:33.009 | INFO     | __main__:train_commodity:388 -   Sorghum  (1281 rows | last: 2026-08-01)
2026-07-26 00:03:33.011 | INFO     | __main__:train_commodity:389 - ───────────────────────────────────────────────────────
2026-07-26 00:03:33.013 | INFO     | __main__:train_commodity:402 -   [1/5] ARIMA...
2026-07-26 00:03:41.694 | DEBUG    | __main__:train_arima:139 -     ARIMA order=(2, 1, 2) seasonal=(0, 0, 0, 0) MAPE=29.5%
2026-07-26 00:03:41.694 | INFO     | __main__:train_commodity:407 -   [2/5] Prophet...
2026-07-26 00:03:45.078 | DEBUG    | __main__:train_prophet:196 -     Prophet MAPE=44.3%
2026-07-26 00:03:45.078 | INFO     | __main__:train_commodity:412 -   [3/5] Holt-Winters...
2026-07-26 00:03:45.341 | DEBUG    | __main__:train_holt_winters:260 -     Holt-Winters MAPE=34.0%
2026-07-26 00:03:45.341 | INFO     | __main__:train_commodity:417 -   [4/5] XGBoost...
2026-07-26 00:03:48.155 | DEBUG    | __main__:train_xgboost:320 -     XGBoost MAPE=27.1%
2026-07-26 00:03:48.155 | INFO     | __main__:train_commodity:422 -   [5/5] LightGBM...
2026-07-26 00:03:48.158 | WARNING  | __main__:train_lightgbm:337 -     LightGBM not installed. Run: pip install lightgbm
2026-07-26 00:03:48.214 | INFO     | __main__:train_commodity:468 -   Weights: arima: 0.276 | prophet: 0.184 | holt_winters: 0.240 | xgboost: 0.300 | lightgbm: 0.000
2026-07-26 00:03:48.214 | INFO     | __main__:train_commodity:471 -   Model              MAPE             MAE    Weight
2026-07-26 00:03:48.214 | INFO     | __main__:train_commodity:472 -   --------------------------------------------------
2026-07-26 00:03:48.216 | INFO     | __main__:train_commodity:478 -   arima             29.5%  N     155,772     0.276
2026-07-26 00:03:48.216 | INFO     | __main__:train_commodity:478 -   prophet           44.3%  N     205,691     0.184
2026-07-26 00:03:48.216 | INFO     | __main__:train_commodity:478 -   holt_winters      34.0%  N     129,568     0.240
2026-07-26 00:03:48.216 | INFO     | __main__:train_commodity:478 -   xgboost           27.1%  N     149,107     0.300 *
2026-07-26 00:03:48.216 | INFO     | __main__:train_commodity:483 -   lightgbm         failed              --     0.000
2026-07-26 00:03:48.218 | INFO     | __main__:train_commodity:485 -   Best model: xgboost (27.1% MAPE)
2026-07-26 00:03:48.222 | INFO     | __main__:run_training:505 - 
[8/17] Starting Beans (white)...
2026-07-26 00:03:48.251 | INFO     | __main__:train_commodity:386 - 
2026-07-26 00:03:48.251 | INFO     | __main__:train_commodity:387 - ───────────────────────────────────────────────────────
2026-07-26 00:03:48.252 | INFO     | __main__:train_commodity:388 -   Beans (white)  (1277 rows | last: 2026-08-01)
2026-07-26 00:03:48.253 | INFO     | __main__:train_commodity:389 - ───────────────────────────────────────────────────────
2026-07-26 00:03:48.254 | INFO     | __main__:train_commodity:402 -   [1/5] ARIMA...
2026-07-26 00:03:54.321 | DEBUG    | __main__:train_arima:139 -     ARIMA order=(2, 1, 2) seasonal=(0, 0, 0, 0) MAPE=36.6%
2026-07-26 00:03:54.321 | INFO     | __main__:train_commodity:407 -   [2/5] Prophet...
2026-07-26 00:03:57.924 | DEBUG    | __main__:train_prophet:196 -     Prophet MAPE=60.2%
2026-07-26 00:03:57.924 | INFO     | __main__:train_commodity:412 -   [3/5] Holt-Winters...
2026-07-26 00:03:58.011 | WARNING  | __main__:train_holt_winters:255 -     Holt-Winters: all configs failed, using simple ETS
2026-07-26 00:03:58.144 | INFO     | __main__:train_commodity:417 -   [4/5] XGBoost...
2026-07-26 00:03:59.576 | DEBUG    | __main__:train_xgboost:320 -     XGBoost MAPE=2.7%
2026-07-26 00:03:59.576 | INFO     | __main__:train_commodity:422 -   [5/5] LightGBM...
2026-07-26 00:03:59.580 | WARNING  | __main__:train_lightgbm:337 -     LightGBM not installed. Run: pip install lightgbm
2026-07-26 00:03:59.641 | INFO     | __main__:train_commodity:468 -   Weights: arima: 0.061 | prophet: 0.049 | holt_winters: 0.049 | xgboost: 0.840 | lightgbm: 0.000
2026-07-26 00:03:59.641 | INFO     | __main__:train_commodity:471 -   Model              MAPE             MAE    Weight
2026-07-26 00:03:59.642 | INFO     | __main__:train_commodity:472 -   --------------------------------------------------
2026-07-26 00:03:59.643 | INFO     | __main__:train_commodity:478 -   arima             36.6%  N     313,760     0.061
2026-07-26 00:03:59.645 | INFO     | __main__:train_commodity:478 -   prophet           60.2%  N     542,642     0.049
2026-07-26 00:03:59.645 | INFO     | __main__:train_commodity:478 -   holt_winters      50.0%  N           0     0.049
2026-07-26 00:03:59.645 | INFO     | __main__:train_commodity:478 -   xgboost            2.7%  N      26,728     0.840 *
2026-07-26 00:03:59.647 | INFO     | __main__:train_commodity:483 -   lightgbm         failed              --     0.000
2026-07-26 00:03:59.649 | INFO     | __main__:train_commodity:485 -   Best model: xgboost (2.7% MAPE)
2026-07-26 00:03:59.657 | INFO     | __main__:run_training:505 - 
[9/17] Starting Beans (red)...
2026-07-26 00:03:59.685 | INFO     | __main__:train_commodity:386 - 
2026-07-26 00:03:59.686 | INFO     | __main__:train_commodity:387 - ───────────────────────────────────────────────────────
2026-07-26 00:03:59.686 | INFO     | __main__:train_commodity:388 -   Beans (red)  (547 rows | last: 2026-08-01)
2026-07-26 00:03:59.688 | INFO     | __main__:train_commodity:389 - ───────────────────────────────────────────────────────
2026-07-26 00:03:59.695 | INFO     | __main__:train_commodity:402 -   [1/5] ARIMA...
2026-07-26 00:04:06.095 | DEBUG    | __main__:train_arima:139 -     ARIMA order=(0, 1, 1) seasonal=(0, 0, 0, 0) MAPE=47.0%
2026-07-26 00:04:06.095 | INFO     | __main__:train_commodity:407 -   [2/5] Prophet...
2026-07-26 00:04:08.797 | DEBUG    | __main__:train_prophet:196 -     Prophet MAPE=56.5%
2026-07-26 00:04:08.799 | INFO     | __main__:train_commodity:412 -   [3/5] Holt-Winters...
2026-07-26 00:04:08.935 | WARNING  | __main__:train_holt_winters:255 -     Holt-Winters: all configs failed, using simple ETS
2026-07-26 00:04:09.066 | INFO     | __main__:train_commodity:417 -   [4/5] XGBoost...
2026-07-26 00:04:10.868 | DEBUG    | __main__:train_xgboost:320 -     XGBoost MAPE=3.7%
2026-07-26 00:04:10.868 | INFO     | __main__:train_commodity:422 -   [5/5] LightGBM...
2026-07-26 00:04:10.870 | WARNING  | __main__:train_lightgbm:337 -     LightGBM not installed. Run: pip install lightgbm
2026-07-26 00:04:10.912 | INFO     | __main__:train_commodity:468 -   Weights: arima: 0.065 | prophet: 0.054 | holt_winters: 0.061 | xgboost: 0.821 | lightgbm: 0.000
2026-07-26 00:04:10.912 | INFO     | __main__:train_commodity:471 -   Model              MAPE             MAE    Weight
2026-07-26 00:04:10.913 | INFO     | __main__:train_commodity:472 -   --------------------------------------------------
2026-07-26 00:04:10.914 | INFO     | __main__:train_commodity:478 -   arima             47.0%  N     459,767     0.065
2026-07-26 00:04:10.915 | INFO     | __main__:train_commodity:478 -   prophet           56.5%  N     597,621     0.054
2026-07-26 00:04:10.915 | INFO     | __main__:train_commodity:478 -   holt_winters      50.0%  N           0     0.061
2026-07-26 00:04:10.917 | INFO     | __main__:train_commodity:478 -   xgboost            3.7%  N      51,477     0.821 *
2026-07-26 00:04:10.918 | INFO     | __main__:train_commodity:483 -   lightgbm         failed              --     0.000
2026-07-26 00:04:10.920 | INFO     | __main__:train_commodity:485 -   Best model: xgboost (3.7% MAPE)
2026-07-26 00:04:10.931 | INFO     | __main__:run_training:505 - 
[10/17] Starting Maize (white)...
2026-07-26 00:04:11.010 | INFO     | __main__:train_commodity:386 - 
2026-07-26 00:04:11.013 | INFO     | __main__:train_commodity:387 - ───────────────────────────────────────────────────────
2026-07-26 00:04:11.014 | INFO     | __main__:train_commodity:388 -   Maize (white)  (1280 rows | last: 2026-08-01)
2026-07-26 00:04:11.019 | INFO     | __main__:train_commodity:389 - ───────────────────────────────────────────────────────
2026-07-26 00:04:11.024 | INFO     | __main__:train_commodity:402 -   [1/5] ARIMA...
2026-07-26 00:04:20.027 | DEBUG    | __main__:train_arima:139 -     ARIMA order=(2, 1, 2) seasonal=(0, 0, 0, 0) MAPE=18.2%
2026-07-26 00:04:20.027 | INFO     | __main__:train_commodity:407 -   [2/5] Prophet...
2026-07-26 00:04:22.384 | DEBUG    | __main__:train_prophet:196 -     Prophet MAPE=32.7%
2026-07-26 00:04:22.384 | INFO     | __main__:train_commodity:412 -   [3/5] Holt-Winters...
2026-07-26 00:04:22.513 | DEBUG    | __main__:train_holt_winters:260 -     Holt-Winters MAPE=15.8%
2026-07-26 00:04:22.513 | INFO     | __main__:train_commodity:417 -   [4/5] XGBoost...
2026-07-26 00:04:23.927 | DEBUG    | __main__:train_xgboost:320 -     XGBoost MAPE=14.0%
2026-07-26 00:04:23.929 | INFO     | __main__:train_commodity:422 -   [5/5] LightGBM...
2026-07-26 00:04:23.931 | WARNING  | __main__:train_lightgbm:337 -     LightGBM not installed. Run: pip install lightgbm
2026-07-26 00:04:23.984 | INFO     | __main__:train_commodity:468 -   Weights: arima: 0.250 | prophet: 0.139 | holt_winters: 0.288 | xgboost: 0.323 | lightgbm: 0.000
2026-07-26 00:04:23.986 | INFO     | __main__:train_commodity:471 -   Model              MAPE             MAE    Weight
2026-07-26 00:04:23.986 | INFO     | __main__:train_commodity:472 -   --------------------------------------------------
2026-07-26 00:04:23.988 | INFO     | __main__:train_commodity:478 -   arima             18.2%  N      56,418     0.250
2026-07-26 00:04:23.988 | INFO     | __main__:train_commodity:478 -   prophet           32.7%  N      93,371     0.139
2026-07-26 00:04:23.988 | INFO     | __main__:train_commodity:478 -   holt_winters      15.8%  N      46,101     0.288
2026-07-26 00:04:23.988 | INFO     | __main__:train_commodity:478 -   xgboost           14.0%  N      45,963     0.323 *
2026-07-26 00:04:23.989 | INFO     | __main__:train_commodity:483 -   lightgbm         failed              --     0.000
2026-07-26 00:04:23.989 | INFO     | __main__:train_commodity:485 -   Best model: xgboost (14.0% MAPE)
2026-07-26 00:04:23.996 | INFO     | __main__:run_training:505 - 
[11/17] Starting Maize (yellow)...
2026-07-26 00:04:24.024 | INFO     | __main__:train_commodity:386 - 
2026-07-26 00:04:24.024 | INFO     | __main__:train_commodity:387 - ───────────────────────────────────────────────────────
2026-07-26 00:04:24.024 | INFO     | __main__:train_commodity:388 -   Maize (yellow)  (637 rows | last: 2026-08-01)
2026-07-26 00:04:24.026 | INFO     | __main__:train_commodity:389 - ───────────────────────────────────────────────────────
2026-07-26 00:04:24.026 | INFO     | __main__:train_commodity:402 -   [1/5] ARIMA...
2026-07-26 00:04:26.704 | DEBUG    | __main__:train_arima:139 -     ARIMA order=(2, 1, 0) seasonal=(0, 0, 0, 0) MAPE=9.5%
2026-07-26 00:04:26.704 | INFO     | __main__:train_commodity:407 -   [2/5] Prophet...
2026-07-26 00:04:29.394 | DEBUG    | __main__:train_prophet:196 -     Prophet MAPE=12.8%
2026-07-26 00:04:29.394 | INFO     | __main__:train_commodity:412 -   [3/5] Holt-Winters...
2026-07-26 00:04:29.514 | DEBUG    | __main__:train_holt_winters:260 -     Holt-Winters MAPE=19.0%
2026-07-26 00:04:29.514 | INFO     | __main__:train_commodity:417 -   [4/5] XGBoost...
2026-07-26 00:04:30.957 | DEBUG    | __main__:train_xgboost:320 -     XGBoost MAPE=17.7%
2026-07-26 00:04:30.959 | INFO     | __main__:train_commodity:422 -   [5/5] LightGBM...
2026-07-26 00:04:30.961 | WARNING  | __main__:train_lightgbm:337 -     LightGBM not installed. Run: pip install lightgbm
2026-07-26 00:04:30.994 | INFO     | __main__:train_commodity:468 -   Weights: arima: 0.359 | prophet: 0.268 | holt_winters: 0.180 | xgboost: 0.193 | lightgbm: 0.000
2026-07-26 00:04:30.996 | INFO     | __main__:train_commodity:471 -   Model              MAPE             MAE    Weight
2026-07-26 00:04:30.996 | INFO     | __main__:train_commodity:472 -   --------------------------------------------------
2026-07-26 00:04:30.998 | INFO     | __main__:train_commodity:478 -   arima              9.5%  N      35,408     0.359 *
2026-07-26 00:04:30.998 | INFO     | __main__:train_commodity:478 -   prophet           12.8%  N      46,163     0.268
2026-07-26 00:04:30.998 | INFO     | __main__:train_commodity:478 -   holt_winters      19.0%  N      69,683     0.180
2026-07-26 00:04:31.000 | INFO     | __main__:train_commodity:478 -   xgboost           17.7%  N      65,490     0.193
2026-07-26 00:04:31.000 | INFO     | __main__:train_commodity:483 -   lightgbm         failed              --     0.000
2026-07-26 00:04:31.001 | INFO     | __main__:train_commodity:485 -   Best model: arima (9.5% MAPE)
2026-07-26 00:04:31.004 | INFO     | __main__:run_training:505 - 
[12/17] Starting Wheat...
2026-07-26 00:04:31.030 | INFO     | __main__:train_commodity:386 - 
2026-07-26 00:04:31.030 | INFO     | __main__:train_commodity:387 - ───────────────────────────────────────────────────────
2026-07-26 00:04:31.032 | INFO     | __main__:train_commodity:388 -   Wheat  (865 rows | last: 2026-08-01)
2026-07-26 00:04:31.032 | INFO     | __main__:train_commodity:389 - ───────────────────────────────────────────────────────
2026-07-26 00:04:31.034 | INFO     | __main__:train_commodity:402 -   [1/5] ARIMA...
2026-07-26 00:04:36.132 | DEBUG    | __main__:train_arima:139 -     ARIMA order=(0, 1, 1) seasonal=(0, 0, 0, 0) MAPE=28.8%
2026-07-26 00:04:36.132 | INFO     | __main__:train_commodity:407 -   [2/5] Prophet...
2026-07-26 00:04:38.961 | DEBUG    | __main__:train_prophet:196 -     Prophet MAPE=35.2%
2026-07-26 00:04:38.961 | INFO     | __main__:train_commodity:412 -   [3/5] Holt-Winters...
2026-07-26 00:04:39.064 | DEBUG    | __main__:train_holt_winters:260 -     Holt-Winters MAPE=12.1%
2026-07-26 00:04:39.064 | INFO     | __main__:train_commodity:417 -   [4/5] XGBoost...
2026-07-26 00:04:40.320 | DEBUG    | __main__:train_xgboost:320 -     XGBoost MAPE=29.8%
2026-07-26 00:04:40.320 | INFO     | __main__:train_commodity:422 -   [5/5] LightGBM...
2026-07-26 00:04:40.322 | WARNING  | __main__:train_lightgbm:337 -     LightGBM not installed. Run: pip install lightgbm
2026-07-26 00:04:40.366 | INFO     | __main__:train_commodity:468 -   Weights: arima: 0.194 | prophet: 0.159 | holt_winters: 0.461 | xgboost: 0.187 | lightgbm: 0.000
2026-07-26 00:04:40.366 | INFO     | __main__:train_commodity:471 -   Model              MAPE             MAE    Weight
2026-07-26 00:04:40.368 | INFO     | __main__:train_commodity:472 -   --------------------------------------------------
2026-07-26 00:04:40.368 | INFO     | __main__:train_commodity:478 -   arima             28.8%  N     192,850     0.194
2026-07-26 00:04:40.370 | INFO     | __main__:train_commodity:478 -   prophet           35.2%  N     238,404     0.159
2026-07-26 00:04:40.376 | INFO     | __main__:train_commodity:478 -   holt_winters      12.1%  N      71,181     0.461 *
2026-07-26 00:04:40.377 | INFO     | __main__:train_commodity:478 -   xgboost           29.8%  N     203,647     0.187
2026-07-26 00:04:40.379 | INFO     | __main__:train_commodity:483 -   lightgbm         failed              --     0.000
2026-07-26 00:04:40.379 | INFO     | __main__:train_commodity:485 -   Best model: holt_winters (12.1% MAPE)
2026-07-26 00:04:40.381 | INFO     | __main__:run_training:505 - 
[13/17] Starting Rice...
2026-07-26 00:04:40.417 | INFO     | __main__:train_commodity:386 - 
2026-07-26 00:04:40.418 | INFO     | __main__:train_commodity:387 - ───────────────────────────────────────────────────────
2026-07-26 00:04:40.419 | INFO     | __main__:train_commodity:388 -   Rice  (1285 rows | last: 2026-08-01)
2026-07-26 00:04:40.419 | INFO     | __main__:train_commodity:389 - ───────────────────────────────────────────────────────
2026-07-26 00:04:40.421 | INFO     | __main__:train_commodity:402 -   [1/5] ARIMA...
2026-07-26 00:04:53.648 | DEBUG    | __main__:train_arima:139 -     ARIMA order=(1, 1, 2) seasonal=(0, 0, 0, 0) MAPE=45.1%
2026-07-26 00:04:53.649 | INFO     | __main__:train_commodity:407 -   [2/5] Prophet...
2026-07-26 00:04:57.868 | DEBUG    | __main__:train_prophet:196 -     Prophet MAPE=37.2%
2026-07-26 00:04:57.868 | INFO     | __main__:train_commodity:412 -   [3/5] Holt-Winters...
2026-07-26 00:04:58.067 | DEBUG    | __main__:train_holt_winters:260 -     Holt-Winters MAPE=55.2%
2026-07-26 00:04:58.067 | INFO     | __main__:train_commodity:417 -   [4/5] XGBoost...
2026-07-26 00:05:00.054 | DEBUG    | __main__:train_xgboost:320 -     XGBoost MAPE=44.1%
2026-07-26 00:05:00.056 | INFO     | __main__:train_commodity:422 -   [5/5] LightGBM...
2026-07-26 00:05:00.057 | WARNING  | __main__:train_lightgbm:337 -     LightGBM not installed. Run: pip install lightgbm
2026-07-26 00:05:00.116 | INFO     | __main__:train_commodity:468 -   Weights: arima: 0.247 | prophet: 0.299 | holt_winters: 0.202 | xgboost: 0.252 | lightgbm: 0.000
2026-07-26 00:05:00.116 | INFO     | __main__:train_commodity:471 -   Model              MAPE             MAE    Weight
2026-07-26 00:05:00.116 | INFO     | __main__:train_commodity:472 -   --------------------------------------------------
2026-07-26 00:05:00.118 | INFO     | __main__:train_commodity:478 -   arima             45.1%  N     600,782     0.247
2026-07-26 00:05:00.118 | INFO     | __main__:train_commodity:478 -   prophet           37.2%  N     491,893     0.299 *
2026-07-26 00:05:00.118 | INFO     | __main__:train_commodity:478 -   holt_winters      55.2%  N     729,520     0.202
2026-07-26 00:05:00.120 | INFO     | __main__:train_commodity:478 -   xgboost           44.1%  N     595,126     0.252
2026-07-26 00:05:00.120 | INFO     | __main__:train_commodity:483 -   lightgbm         failed              --     0.000
2026-07-26 00:05:00.120 | INFO     | __main__:train_commodity:485 -   Best model: prophet (37.2% MAPE)
2026-07-26 00:05:00.130 | INFO     | __main__:run_training:505 - 
[14/17] Starting Eggs...
2026-07-26 00:05:00.162 | INFO     | __main__:train_commodity:386 - 
2026-07-26 00:05:00.162 | INFO     | __main__:train_commodity:387 - ───────────────────────────────────────────────────────
2026-07-26 00:05:00.164 | INFO     | __main__:train_commodity:388 -   Eggs  (529 rows | last: 2026-08-01)
2026-07-26 00:05:00.164 | INFO     | __main__:train_commodity:389 - ───────────────────────────────────────────────────────
2026-07-26 00:05:00.167 | INFO     | __main__:train_commodity:402 -   [1/5] ARIMA...
2026-07-26 00:05:06.404 | DEBUG    | __main__:train_arima:139 -     ARIMA order=(2, 1, 2) seasonal=(0, 0, 0, 0) MAPE=19.7%
2026-07-26 00:05:06.404 | INFO     | __main__:train_commodity:407 -   [2/5] Prophet...
2026-07-26 00:05:09.264 | DEBUG    | __main__:train_prophet:196 -     Prophet MAPE=11.5%
2026-07-26 00:05:09.264 | INFO     | __main__:train_commodity:412 -   [3/5] Holt-Winters...
2026-07-26 00:05:09.446 | DEBUG    | __main__:train_holt_winters:260 -     Holt-Winters MAPE=48.2%
2026-07-26 00:05:09.446 | INFO     | __main__:train_commodity:417 -   [4/5] XGBoost...
2026-07-26 00:05:10.932 | DEBUG    | __main__:train_xgboost:320 -     XGBoost MAPE=19.8%
2026-07-26 00:05:10.932 | INFO     | __main__:train_commodity:422 -   [5/5] LightGBM...
2026-07-26 00:05:10.941 | WARNING  | __main__:train_lightgbm:337 -     LightGBM not installed. Run: pip install lightgbm
2026-07-26 00:05:11.042 | INFO     | __main__:train_commodity:468 -   Weights: arima: 0.242 | prophet: 0.417 | holt_winters: 0.099 | xgboost: 0.241 | lightgbm: 0.000
2026-07-26 00:05:11.044 | INFO     | __main__:train_commodity:471 -   Model              MAPE             MAE    Weight
2026-07-26 00:05:11.053 | INFO     | __main__:train_commodity:472 -   --------------------------------------------------
2026-07-26 00:05:11.065 | INFO     | __main__:train_commodity:478 -   arima             19.7%  N       1,282     0.242
2026-07-26 00:05:11.069 | INFO     | __main__:train_commodity:478 -   prophet           11.5%  N         726     0.417 *
2026-07-26 00:05:11.073 | INFO     | __main__:train_commodity:478 -   holt_winters      48.2%  N       3,172     0.099
2026-07-26 00:05:11.084 | INFO     | __main__:train_commodity:478 -   xgboost           19.8%  N       1,301     0.241
2026-07-26 00:05:11.094 | INFO     | __main__:train_commodity:483 -   lightgbm         failed              --     0.000
2026-07-26 00:05:11.107 | INFO     | __main__:train_commodity:485 -   Best model: prophet (11.5% MAPE)
2026-07-26 00:05:11.111 | INFO     | __main__:run_training:505 - 
[15/17] Starting Fish (dried)...
2026-07-26 00:05:11.147 | INFO     | __main__:train_commodity:386 - 
2026-07-26 00:05:11.148 | INFO     | __main__:train_commodity:387 - ───────────────────────────────────────────────────────
2026-07-26 00:05:11.149 | INFO     | __main__:train_commodity:388 -   Fish (dried)  (555 rows | last: 2026-08-01)
2026-07-26 00:05:11.150 | INFO     | __main__:train_commodity:389 - ───────────────────────────────────────────────────────
2026-07-26 00:05:11.152 | INFO     | __main__:train_commodity:402 -   [1/5] ARIMA...
2026-07-26 00:05:15.879 | DEBUG    | __main__:train_arima:139 -     ARIMA order=(0, 1, 1) seasonal=(0, 0, 0, 0) MAPE=48.5%
2026-07-26 00:05:15.880 | INFO     | __main__:train_commodity:407 -   [2/5] Prophet...
2026-07-26 00:05:18.820 | DEBUG    | __main__:train_prophet:196 -     Prophet MAPE=23.1%
2026-07-26 00:05:18.821 | INFO     | __main__:train_commodity:412 -   [3/5] Holt-Winters...
2026-07-26 00:05:18.988 | WARNING  | __main__:train_holt_winters:255 -     Holt-Winters: all configs failed, using simple ETS
2026-07-26 00:05:19.358 | INFO     | __main__:train_commodity:417 -   [4/5] XGBoost...
2026-07-26 00:05:22.372 | DEBUG    | __main__:train_xgboost:320 -     XGBoost MAPE=12.8%
2026-07-26 00:05:22.372 | INFO     | __main__:train_commodity:422 -   [5/5] LightGBM...
2026-07-26 00:05:22.376 | WARNING  | __main__:train_lightgbm:337 -     LightGBM not installed. Run: pip install lightgbm
2026-07-26 00:05:22.422 | INFO     | __main__:train_commodity:468 -   Weights: arima: 0.127 | prophet: 0.267 | holt_winters: 0.123 | xgboost: 0.483 | lightgbm: 0.000
2026-07-26 00:05:22.423 | INFO     | __main__:train_commodity:471 -   Model              MAPE             MAE    Weight
2026-07-26 00:05:22.423 | INFO     | __main__:train_commodity:472 -   --------------------------------------------------
2026-07-26 00:05:22.424 | INFO     | __main__:train_commodity:478 -   arima             48.5%  N     667,350     0.127
2026-07-26 00:05:22.424 | INFO     | __main__:train_commodity:478 -   prophet           23.1%  N     375,913     0.267
2026-07-26 00:05:22.424 | INFO     | __main__:train_commodity:478 -   holt_winters      50.0%  N           0     0.123
2026-07-26 00:05:22.424 | INFO     | __main__:train_commodity:478 -   xgboost           12.8%  N     262,583     0.483 *
2026-07-26 00:05:22.426 | INFO     | __main__:train_commodity:483 -   lightgbm         failed              --     0.000
2026-07-26 00:05:22.426 | INFO     | __main__:train_commodity:485 -   Best model: xgboost (12.8% MAPE)
2026-07-26 00:05:22.428 | INFO     | __main__:run_training:505 - 
[16/17] Starting Meat (goat)...
2026-07-26 00:05:22.453 | INFO     | __main__:train_commodity:386 - 
2026-07-26 00:05:22.454 | INFO     | __main__:train_commodity:387 - ───────────────────────────────────────────────────────
2026-07-26 00:05:22.457 | INFO     | __main__:train_commodity:388 -   Meat (goat)  (555 rows | last: 2026-08-01)
2026-07-26 00:05:22.462 | INFO     | __main__:train_commodity:389 - ───────────────────────────────────────────────────────
2026-07-26 00:05:22.464 | INFO     | __main__:train_commodity:402 -   [1/5] ARIMA...
2026-07-26 00:05:25.772 | DEBUG    | __main__:train_arima:139 -     ARIMA order=(0, 1, 0) seasonal=(0, 0, 0, 0) MAPE=33.0%
2026-07-26 00:05:25.773 | INFO     | __main__:train_commodity:407 -   [2/5] Prophet...
2026-07-26 00:05:28.566 | DEBUG    | __main__:train_prophet:196 -     Prophet MAPE=16.0%
2026-07-26 00:05:28.566 | INFO     | __main__:train_commodity:412 -   [3/5] Holt-Winters...
2026-07-26 00:05:28.615 | WARNING  | __main__:train_holt_winters:255 -     Holt-Winters: all configs failed, using simple ETS
2026-07-26 00:05:28.674 | INFO     | __main__:train_commodity:417 -   [4/5] XGBoost...
2026-07-26 00:05:32.036 | DEBUG    | __main__:train_xgboost:320 -     XGBoost MAPE=15.2%
2026-07-26 00:05:32.036 | INFO     | __main__:train_commodity:422 -   [5/5] LightGBM...
2026-07-26 00:05:32.039 | WARNING  | __main__:train_lightgbm:337 -     LightGBM not installed. Run: pip install lightgbm
2026-07-26 00:05:32.110 | INFO     | __main__:train_commodity:468 -   Weights: arima: 0.170 | prophet: 0.350 | holt_winters: 0.112 | xgboost: 0.369 | lightgbm: 0.000
2026-07-26 00:05:32.115 | INFO     | __main__:train_commodity:471 -   Model              MAPE             MAE    Weight
2026-07-26 00:05:32.115 | INFO     | __main__:train_commodity:472 -   --------------------------------------------------
2026-07-26 00:05:32.116 | INFO     | __main__:train_commodity:478 -   arima             33.0%  N   1,850,868     0.170
2026-07-26 00:05:32.116 | INFO     | __main__:train_commodity:478 -   prophet           16.0%  N     831,102     0.350
2026-07-26 00:05:32.116 | INFO     | __main__:train_commodity:478 -   holt_winters      50.0%  N           0     0.112
2026-07-26 00:05:32.116 | INFO     | __main__:train_commodity:478 -   xgboost           15.2%  N     885,938     0.369 *
2026-07-26 00:05:32.118 | INFO     | __main__:train_commodity:483 -   lightgbm         failed              --     0.000
2026-07-26 00:05:32.118 | INFO     | __main__:train_commodity:485 -   Best model: xgboost (15.2% MAPE)
2026-07-26 00:05:32.127 | INFO     | __main__:run_training:505 - 
[17/17] Starting Meat (beef)...
2026-07-26 00:05:32.171 | INFO     | __main__:train_commodity:386 - 
2026-07-26 00:05:32.171 | INFO     | __main__:train_commodity:387 - ───────────────────────────────────────────────────────
2026-07-26 00:05:32.179 | INFO     | __main__:train_commodity:388 -   Meat (beef)  (533 rows | last: 2026-08-01)
2026-07-26 00:05:32.179 | INFO     | __main__:train_commodity:389 - ───────────────────────────────────────────────────────
2026-07-26 00:05:32.181 | INFO     | __main__:train_commodity:402 -   [1/5] ARIMA...
2026-07-26 00:05:37.714 | DEBUG    | __main__:train_arima:139 -     ARIMA order=(2, 1, 2) seasonal=(0, 0, 0, 0) MAPE=16.5%
2026-07-26 00:05:37.716 | INFO     | __main__:train_commodity:407 -   [2/5] Prophet...
2026-07-26 00:05:40.434 | DEBUG    | __main__:train_prophet:196 -     Prophet MAPE=19.0%
2026-07-26 00:05:40.436 | INFO     | __main__:train_commodity:412 -   [3/5] Holt-Winters...
2026-07-26 00:05:40.606 | WARNING  | __main__:train_holt_winters:255 -     Holt-Winters: all configs failed, using simple ETS
2026-07-26 00:05:40.728 | INFO     | __main__:train_commodity:417 -   [4/5] XGBoost...
2026-07-26 00:05:44.316 | DEBUG    | __main__:train_xgboost:320 -     XGBoost MAPE=17.3%
2026-07-26 00:05:44.318 | INFO     | __main__:train_commodity:422 -   [5/5] LightGBM...
2026-07-26 00:05:44.321 | WARNING  | __main__:train_lightgbm:337 -     LightGBM not installed. Run: pip install lightgbm
2026-07-26 00:05:44.370 | INFO     | __main__:train_commodity:468 -   Weights: arima: 0.317 | prophet: 0.276 | holt_winters: 0.104 | xgboost: 0.303 | lightgbm: 0.000
2026-07-26 00:05:44.372 | INFO     | __main__:train_commodity:471 -   Model              MAPE             MAE    Weight
2026-07-26 00:05:44.372 | INFO     | __main__:train_commodity:472 -   --------------------------------------------------
2026-07-26 00:05:44.372 | INFO     | __main__:train_commodity:478 -   arima             16.5%  N     898,122     0.317 *
2026-07-26 00:05:44.374 | INFO     | __main__:train_commodity:478 -   prophet           19.0%  N     989,016     0.276
2026-07-26 00:05:44.376 | INFO     | __main__:train_commodity:478 -   holt_winters      50.0%  N           0     0.104
2026-07-26 00:05:44.376 | INFO     | __main__:train_commodity:478 -   xgboost           17.3%  N     998,103     0.303
2026-07-26 00:05:44.378 | INFO     | __main__:train_commodity:483 -   lightgbm         failed              --     0.000
2026-07-26 00:05:44.380 | INFO     | __main__:train_commodity:485 -   Best model: arima (16.5% MAPE)
2026-07-26 00:05:44.383 | INFO     | __main__:run_training:520 - 
2026-07-26 00:05:44.384 | INFO     | __main__:run_training:521 - ======================================================================
2026-07-26 00:05:44.384 | INFO     | __main__:run_training:522 -   FINAL TRAINING SUMMARY
2026-07-26 00:05:44.387 | INFO     | __main__:run_training:523 - ======================================================================
2026-07-26 00:05:44.387 | INFO     | __main__:run_training:524 -   Commodity                ARIMA  Prophet   HoltW     XGB     LGB  Best
2026-07-26 00:05:44.389 | INFO     | __main__:run_training:525 -   ----------------------------------------------------------------------
2026-07-26 00:05:44.389 | INFO     | __main__:run_training:538 -   Hibiscus                 24.4%    18.0%   18.5%   30.1%    fail  prophet
2026-07-26 00:05:44.389 | INFO     | __main__:run_training:538 -   Sesame                   15.9%     8.0%   14.7%   14.3%    fail  prophet
2026-07-26 00:05:44.391 | INFO     | __main__:run_training:538 -   Ginger                   64.5%    63.9%   60.9%   60.0%    fail  xgboost
2026-07-26 00:05:44.391 | INFO     | __main__:run_training:538 -   Cocoa                    55.4%    57.2%   55.1%   55.7%    fail  holt_winters
2026-07-26 00:05:44.394 | INFO     | __main__:run_training:538 -   Soybeans                 41.9%    53.4%   35.0%   44.5%    fail  holt_winters
2026-07-26 00:05:44.398 | INFO     | __main__:run_training:538 -   Cashew Nuts              20.8%    17.9%   13.9%   22.8%    fail  holt_winters
2026-07-26 00:05:44.399 | INFO     | __main__:run_training:538 -   Sorghum                  29.5%    44.3%   34.0%   27.1%    fail  xgboost
2026-07-26 00:05:44.399 | INFO     | __main__:run_training:538 -   Beans (white)            36.6%    60.2%   50.0%    2.7%    fail  xgboost
2026-07-26 00:05:44.402 | INFO     | __main__:run_training:538 -   Beans (red)              47.0%    56.5%   50.0%    3.7%    fail  xgboost
2026-07-26 00:05:44.402 | INFO     | __main__:run_training:538 -   Maize (white)            18.1%    32.7%   15.8%   14.0%    fail  xgboost
2026-07-26 00:05:44.402 | INFO     | __main__:run_training:538 -   Maize (yellow)            9.5%    12.8%   19.0%   17.7%    fail  arima
2026-07-26 00:05:44.407 | INFO     | __main__:run_training:538 -   Wheat                    28.8%    35.2%   12.1%   29.8%    fail  holt_winters
2026-07-26 00:05:44.408 | INFO     | __main__:run_training:538 -   Rice                     45.1%    37.2%   55.2%   44.1%    fail  prophet
2026-07-26 00:05:44.409 | INFO     | __main__:run_training:538 -   Eggs                     19.7%    11.5%   48.2%   19.8%    fail  prophet
2026-07-26 00:05:44.411 | INFO     | __main__:run_training:538 -   Fish (dried)             48.5%    23.1%   50.0%   12.8%    fail  xgboost
2026-07-26 00:05:44.414 | INFO     | __main__:run_training:538 -   Meat (goat)              33.0%    16.0%   50.0%   15.2%    fail  xgboost
2026-07-26 00:05:44.416 | INFO     | __main__:run_training:538 -   Meat (beef)              16.5%    19.0%   50.0%   17.3%    fail  arima
2026-07-26 00:05:44.419 | INFO     | __main__:run_training:542 - ======================================================================
2026-07-26 00:05:44.419 | INFO     | __main__:run_training:543 -   Trained: 17/17
2026-07-26 00:05:44.426 | SUCCESS  | __main__:run_training:573 - TRAINING COMPLETE — 17/17 commodities
