2026-04-07 15:56:29.200 | INFO     | __main__:run_training:289 - ============================================================
2026-04-07 15:56:29.208 | INFO     | __main__:run_training:290 - STEP 4 — MODEL TRAINING
2026-04-07 15:56:29.210 | INFO     | __main__:run_training:291 -   Commodities : 11
2026-04-07 15:56:29.212 | INFO     | __main__:run_training:292 -   Models      : ARIMA + Prophet + XGBoost
2026-04-07 15:56:29.214 | INFO     | __main__:run_training:293 - ============================================================
2026-04-07 15:56:29.215 | INFO     | __main__:run_training:297 - 
[1/11] Starting Hibiscus...
2026-04-07 15:56:29.438 | INFO     | __main__:train_commodity:247 - 
───────────────────────────────────────────────────────
2026-04-07 15:56:29.452 | INFO     | __main__:train_commodity:248 -   Hibiscus  (63 rows | last: 2026-03-16)
2026-04-07 15:56:29.453 | INFO     | __main__:train_commodity:249 - ───────────────────────────────────────────────────────
2026-04-07 15:56:29.454 | INFO     | __main__:train_commodity:253 -   [1/3] ARIMA...
2026-04-07 15:57:13.328 | DEBUG    | __main__:train_arima:109 -   [Hibiscus] ARIMA order=(0, 2, 0) MAPE=41.5%
2026-04-07 15:57:13.330 | INFO     | __main__:train_commodity:256 -   [2/3] Prophet...
2026-04-07 15:57:21.001 | DEBUG    | __main__:train_prophet:159 -   [Hibiscus] Prophet MAPE=46.6%
2026-04-07 15:57:21.002 | INFO     | __main__:train_commodity:259 -   [3/3] XGBoost...
2026-04-07 15:57:22.078 | DEBUG    | __main__:train_xgboost:215 -   [Hibiscus] XGBoost MAPE=25.5% | top: is_lean_season
2026-04-07 15:57:22.085 | INFO     | __main__:train_commodity:265 -   Ensemble weights: arima: 0.284 | prophet: 0.253 | xgboost: 0.462
2026-04-07 15:57:22.085 | INFO     | __main__:train_commodity:267 -   Model          MAPE               MAE    Weight
2026-04-07 15:57:22.087 | INFO     | __main__:train_commodity:268 -   --------------------------------------------------
2026-04-07 15:57:22.087 | INFO     | __main__:train_commodity:275 -   arima         41.5%  ₦     981,282     0.284
2026-04-07 15:57:22.087 | INFO     | __main__:train_commodity:275 -   prophet       46.6%  ₦   1,089,154     0.253
2026-04-07 15:57:22.093 | INFO     | __main__:train_commodity:275 -   xgboost       25.5%  ₦     601,809     0.462
2026-04-07 15:57:22.100 | INFO     | __main__:run_training:297 - 
[2/11] Starting Sesame...
2026-04-07 15:57:22.188 | INFO     | __main__:train_commodity:247 - 
───────────────────────────────────────────────────────
2026-04-07 15:57:22.190 | INFO     | __main__:train_commodity:248 -   Sesame  (41 rows | last: 2026-03-16)
2026-04-07 15:57:22.190 | INFO     | __main__:train_commodity:249 - ───────────────────────────────────────────────────────
2026-04-07 15:57:22.192 | INFO     | __main__:train_commodity:253 -   [1/3] ARIMA...
2026-04-07 15:57:22.989 | DEBUG    | __main__:train_arima:109 -   [Sesame] ARIMA order=(0, 1, 0) MAPE=15.4%
2026-04-07 15:57:22.989 | INFO     | __main__:train_commodity:256 -   [2/3] Prophet...
2026-04-07 15:57:25.697 | DEBUG    | __main__:train_prophet:159 -   [Sesame] Prophet MAPE=10.2%
2026-04-07 15:57:25.697 | INFO     | __main__:train_commodity:259 -   [3/3] XGBoost...
2026-04-07 15:57:26.079 | DEBUG    | __main__:train_xgboost:215 -   [Sesame] XGBoost MAPE=1.9% | top: season_planting
2026-04-07 15:57:26.083 | INFO     | __main__:train_commodity:265 -   Ensemble weights: arima: 0.095 | prophet: 0.143 | xgboost: 0.762
2026-04-07 15:57:26.085 | INFO     | __main__:train_commodity:267 -   Model          MAPE               MAE    Weight
2026-04-07 15:57:26.087 | INFO     | __main__:train_commodity:268 -   --------------------------------------------------
2026-04-07 15:57:26.087 | INFO     | __main__:train_commodity:275 -   arima         15.4%  ₦     194,731     0.095
2026-04-07 15:57:26.089 | INFO     | __main__:train_commodity:275 -   prophet       10.2%  ₦     128,684     0.143
2026-04-07 15:57:26.089 | INFO     | __main__:train_commodity:275 -   xgboost        1.9%  ₦      24,198     0.762
2026-04-07 15:57:26.093 | INFO     | __main__:run_training:297 - 
[3/11] Starting Ginger...
2026-04-07 15:57:26.166 | INFO     | __main__:train_commodity:247 - 
───────────────────────────────────────────────────────
2026-04-07 15:57:26.169 | INFO     | __main__:train_commodity:248 -   Ginger  (63 rows | last: 2026-03-16)
2026-04-07 15:57:26.169 | INFO     | __main__:train_commodity:249 - ───────────────────────────────────────────────────────
2026-04-07 15:57:26.170 | INFO     | __main__:train_commodity:253 -   [1/3] ARIMA...
2026-04-07 15:57:27.628 | DEBUG    | __main__:train_arima:109 -   [Ginger] ARIMA order=(0, 1, 0) MAPE=6.5%
2026-04-07 15:57:27.628 | INFO     | __main__:train_commodity:256 -   [2/3] Prophet...
2026-04-07 15:57:30.702 | DEBUG    | __main__:train_prophet:159 -   [Ginger] Prophet MAPE=27.4%
2026-04-07 15:57:30.702 | INFO     | __main__:train_commodity:259 -   [3/3] XGBoost...
2026-04-07 15:57:31.062 | DEBUG    | __main__:train_xgboost:215 -   [Ginger] XGBoost MAPE=11.0% | top: food_inflation_yoy
2026-04-07 15:57:31.068 | INFO     | __main__:train_commodity:265 -   Ensemble weights: arima: 0.547 | prophet: 0.130 | xgboost: 0.323
2026-04-07 15:57:31.068 | INFO     | __main__:train_commodity:267 -   Model          MAPE               MAE    Weight
2026-04-07 15:57:31.068 | INFO     | __main__:train_commodity:268 -   --------------------------------------------------
2026-04-07 15:57:31.070 | INFO     | __main__:train_commodity:275 -   arima          6.5%  ₦     605,699     0.547
2026-04-07 15:57:31.070 | INFO     | __main__:train_commodity:275 -   prophet       27.4%  ₦   2,641,030     0.130
2026-04-07 15:57:31.070 | INFO     | __main__:train_commodity:275 -   xgboost       11.0%  ₦   1,009,326     0.323
2026-04-07 15:57:31.074 | INFO     | __main__:run_training:297 - 
[4/11] Starting Cocoa...
2026-04-07 15:57:31.143 | INFO     | __main__:train_commodity:247 - 
───────────────────────────────────────────────────────
2026-04-07 15:57:31.145 | INFO     | __main__:train_commodity:248 -   Cocoa  (63 rows | last: 2026-03-16)
2026-04-07 15:57:31.145 | INFO     | __main__:train_commodity:249 - ───────────────────────────────────────────────────────
2026-04-07 15:57:31.147 | INFO     | __main__:train_commodity:253 -   [1/3] ARIMA...
2026-04-07 15:57:32.158 | DEBUG    | __main__:train_arima:109 -   [Cocoa] ARIMA order=(0, 1, 0) MAPE=31.3%
2026-04-07 15:57:32.158 | INFO     | __main__:train_commodity:256 -   [2/3] Prophet...
2026-04-07 15:57:34.975 | DEBUG    | __main__:train_prophet:159 -   [Cocoa] Prophet MAPE=36.9%
2026-04-07 15:57:34.975 | INFO     | __main__:train_commodity:259 -   [3/3] XGBoost...
2026-04-07 15:57:35.769 | DEBUG    | __main__:train_xgboost:215 -   [Cocoa] XGBoost MAPE=35.3% | top: month_sin
2026-04-07 15:57:35.773 | INFO     | __main__:train_commodity:265 -   Ensemble weights: arima: 0.365 | prophet: 0.310 | xgboost: 0.324
2026-04-07 15:57:35.773 | INFO     | __main__:train_commodity:267 -   Model          MAPE               MAE    Weight
2026-04-07 15:57:35.773 | INFO     | __main__:train_commodity:268 -   --------------------------------------------------
2026-04-07 15:57:35.775 | INFO     | __main__:train_commodity:275 -   arima         31.3%  ₦   2,073,077     0.365
2026-04-07 15:57:35.775 | INFO     | __main__:train_commodity:275 -   prophet       36.9%  ₦   2,504,552     0.310
2026-04-07 15:57:35.777 | INFO     | __main__:train_commodity:275 -   xgboost       35.3%  ₦   2,432,965     0.324
2026-04-07 15:57:35.782 | INFO     | __main__:run_training:297 - 
[5/11] Starting Soybeans...
2026-04-07 15:57:35.859 | INFO     | __main__:train_commodity:247 - 
───────────────────────────────────────────────────────
2026-04-07 15:57:35.860 | INFO     | __main__:train_commodity:248 -   Soybeans  (63 rows | last: 2026-03-16)
2026-04-07 15:57:35.862 | INFO     | __main__:train_commodity:249 - ───────────────────────────────────────────────────────
2026-04-07 15:57:35.862 | INFO     | __main__:train_commodity:253 -   [1/3] ARIMA...
2026-04-07 15:57:37.172 | DEBUG    | __main__:train_arima:109 -   [Soybeans] ARIMA order=(0, 1, 0) MAPE=24.5%
2026-04-07 15:57:37.172 | INFO     | __main__:train_commodity:256 -   [2/3] Prophet...
2026-04-07 15:57:39.887 | DEBUG    | __main__:train_prophet:159 -   [Soybeans] Prophet MAPE=52.0%
2026-04-07 15:57:39.889 | INFO     | __main__:train_commodity:259 -   [3/3] XGBoost...
2026-04-07 15:57:40.279 | DEBUG    | __main__:train_xgboost:215 -   [Soybeans] XGBoost MAPE=8.1% | top: price_lag_1w
2026-04-07 15:57:40.284 | INFO     | __main__:train_commodity:265 -   Ensemble weights: arima: 0.222 | prophet: 0.104 | xgboost: 0.674
2026-04-07 15:57:40.284 | INFO     | __main__:train_commodity:267 -   Model          MAPE               MAE    Weight
2026-04-07 15:57:40.286 | INFO     | __main__:train_commodity:268 -   --------------------------------------------------
2026-04-07 15:57:40.286 | INFO     | __main__:train_commodity:275 -   arima         24.5%  ₦     162,692     0.222
2026-04-07 15:57:40.288 | INFO     | __main__:train_commodity:275 -   prophet       52.0%  ₦     341,052     0.104
2026-04-07 15:57:40.288 | INFO     | __main__:train_commodity:275 -   xgboost        8.1%  ₦      47,636     0.674
2026-04-07 15:57:40.292 | INFO     | __main__:run_training:297 - 
[6/11] Starting Cashew Nuts...
2026-04-07 15:57:40.382 | INFO     | __main__:train_commodity:247 - 
───────────────────────────────────────────────────────
2026-04-07 15:57:40.385 | INFO     | __main__:train_commodity:248 -   Cashew Nuts  (63 rows | last: 2026-03-16)
2026-04-07 15:57:40.388 | INFO     | __main__:train_commodity:249 - ───────────────────────────────────────────────────────
2026-04-07 15:57:40.392 | INFO     | __main__:train_commodity:253 -   [1/3] ARIMA...
2026-04-07 15:57:41.694 | DEBUG    | __main__:train_arima:109 -   [Cashew Nuts] ARIMA order=(0, 1, 0) MAPE=14.0%
2026-04-07 15:57:41.694 | INFO     | __main__:train_commodity:256 -   [2/3] Prophet...
2026-04-07 15:57:43.589 | DEBUG    | __main__:train_prophet:159 -   [Cashew Nuts] Prophet MAPE=23.3%
2026-04-07 15:57:43.589 | INFO     | __main__:train_commodity:259 -   [3/3] XGBoost...
2026-04-07 15:57:44.831 | DEBUG    | __main__:train_xgboost:215 -   [Cashew Nuts] XGBoost MAPE=5.6% | top: rolling_min_12w
2026-04-07 15:57:44.837 | INFO     | __main__:train_commodity:265 -   Ensemble weights: arima: 0.244 | prophet: 0.147 | xgboost: 0.609
2026-04-07 15:57:44.839 | INFO     | __main__:train_commodity:267 -   Model          MAPE               MAE    Weight
2026-04-07 15:57:44.839 | INFO     | __main__:train_commodity:268 -   --------------------------------------------------
2026-04-07 15:57:44.839 | INFO     | __main__:train_commodity:275 -   arima         14.0%  ₦     208,462     0.244
2026-04-07 15:57:44.841 | INFO     | __main__:train_commodity:275 -   prophet       23.3%  ₦     350,428     0.147
2026-04-07 15:57:44.843 | INFO     | __main__:train_commodity:275 -   xgboost        5.6%  ₦      83,865     0.609
2026-04-07 15:57:44.847 | INFO     | __main__:run_training:297 - 
[7/11] Starting Sorghum...
2026-04-07 15:57:45.080 | INFO     | __main__:train_commodity:247 - 
───────────────────────────────────────────────────────
2026-04-07 15:57:45.080 | INFO     | __main__:train_commodity:248 -   Sorghum  (1262 rows | last: 2026-03-16)
2026-04-07 15:57:45.087 | INFO     | __main__:train_commodity:249 - ───────────────────────────────────────────────────────
2026-04-07 15:57:45.087 | INFO     | __main__:train_commodity:253 -   [1/3] ARIMA...
2026-04-07 15:59:10.872 | DEBUG    | __main__:train_arima:109 -   [Sorghum] ARIMA order=(2, 2, 2) MAPE=15.9%
2026-04-07 15:59:10.872 | INFO     | __main__:train_commodity:256 -   [2/3] Prophet...
2026-04-07 15:59:13.220 | DEBUG    | __main__:train_prophet:159 -   [Sorghum] Prophet MAPE=19.1%
2026-04-07 15:59:13.220 | INFO     | __main__:train_commodity:259 -   [3/3] XGBoost...
2026-04-07 15:59:14.790 | DEBUG    | __main__:train_xgboost:215 -   [Sorghum] XGBoost MAPE=35.9% | top: rolling_mean_4w
2026-04-07 15:59:14.796 | INFO     | __main__:train_commodity:265 -   Ensemble weights: arima: 0.440 | prophet: 0.365 | xgboost: 0.195
2026-04-07 15:59:14.796 | INFO     | __main__:train_commodity:267 -   Model          MAPE               MAE    Weight
2026-04-07 15:59:14.796 | INFO     | __main__:train_commodity:268 -   --------------------------------------------------
2026-04-07 15:59:14.798 | INFO     | __main__:train_commodity:275 -   arima         15.9%  ₦      51,417     0.440
2026-04-07 15:59:14.798 | INFO     | __main__:train_commodity:275 -   prophet       19.1%  ₦      63,114     0.365
2026-04-07 15:59:14.800 | INFO     | __main__:train_commodity:275 -   xgboost       35.9%  ₦     171,612     0.195
2026-04-07 15:59:14.809 | INFO     | __main__:run_training:297 - 
[8/11] Starting Beans (white)...
2026-04-07 15:59:15.002 | INFO     | __main__:train_commodity:247 - 
───────────────────────────────────────────────────────
2026-04-07 15:59:15.004 | INFO     | __main__:train_commodity:248 -   Beans (white)  (1262 rows | last: 2026-03-16)
2026-04-07 15:59:15.004 | INFO     | __main__:train_commodity:249 - ───────────────────────────────────────────────────────
2026-04-07 15:59:15.004 | INFO     | __main__:train_commodity:253 -   [1/3] ARIMA...
2026-04-07 15:59:35.783 | DEBUG    | __main__:train_arima:109 -   [Beans (white)] ARIMA order=(0, 2, 0) MAPE=11.0%
2026-04-07 15:59:35.783 | INFO     | __main__:train_commodity:256 -   [2/3] Prophet...
2026-04-07 15:59:37.652 | DEBUG    | __main__:train_prophet:159 -   [Beans (white)] Prophet MAPE=17.0%
2026-04-07 15:59:37.652 | INFO     | __main__:train_commodity:259 -   [3/3] XGBoost...
2026-04-07 15:59:39.114 | DEBUG    | __main__:train_xgboost:215 -   [Beans (white)] XGBoost MAPE=20.9% | top: pct_change_52w
2026-04-07 15:59:39.118 | INFO     | __main__:train_commodity:265 -   Ensemble weights: arima: 0.460 | prophet: 0.298 | xgboost: 0.242
2026-04-07 15:59:39.120 | INFO     | __main__:train_commodity:267 -   Model          MAPE               MAE    Weight
2026-04-07 15:59:39.120 | INFO     | __main__:train_commodity:268 -   --------------------------------------------------
2026-04-07 15:59:39.121 | INFO     | __main__:train_commodity:275 -   arima         11.0%  ₦      79,931     0.460
2026-04-07 15:59:39.122 | INFO     | __main__:train_commodity:275 -   prophet       17.0%  ₦     112,698     0.298
2026-04-07 15:59:39.123 | INFO     | __main__:train_commodity:275 -   xgboost       20.9%  ₦     234,873     0.242
2026-04-07 15:59:39.131 | INFO     | __main__:run_training:297 - 
[9/11] Starting Beans (red)...
2026-04-07 15:59:39.285 | INFO     | __main__:train_commodity:247 - 
───────────────────────────────────────────────────────
2026-04-07 15:59:39.287 | INFO     | __main__:train_commodity:248 -   Beans (red)  (532 rows | last: 2026-03-16)
2026-04-07 15:59:39.289 | INFO     | __main__:train_commodity:249 - ───────────────────────────────────────────────────────
2026-04-07 15:59:39.289 | INFO     | __main__:train_commodity:253 -   [1/3] ARIMA...
2026-04-07 16:00:06.491 | DEBUG    | __main__:train_arima:109 -   [Beans (red)] ARIMA order=(0, 2, 0) MAPE=28.4%
2026-04-07 16:00:06.491 | INFO     | __main__:train_commodity:256 -   [2/3] Prophet...
2026-04-07 16:00:07.929 | DEBUG    | __main__:train_prophet:159 -   [Beans (red)] Prophet MAPE=26.2%
2026-04-07 16:00:07.929 | INFO     | __main__:train_commodity:259 -   [3/3] XGBoost...
2026-04-07 16:00:09.032 | DEBUG    | __main__:train_xgboost:215 -   [Beans (red)] XGBoost MAPE=21.5% | top: fuel_cost_index
2026-04-07 16:00:09.036 | INFO     | __main__:train_commodity:265 -   Ensemble weights: arima: 0.293 | prophet: 0.319 | xgboost: 0.388
2026-04-07 16:00:09.038 | INFO     | __main__:train_commodity:267 -   Model          MAPE               MAE    Weight
2026-04-07 16:00:09.038 | INFO     | __main__:train_commodity:268 -   --------------------------------------------------
2026-04-07 16:00:09.038 | INFO     | __main__:train_commodity:275 -   arima         28.4%  ₦     207,790     0.293
2026-04-07 16:00:09.040 | INFO     | __main__:train_commodity:275 -   prophet       26.2%  ₦     193,604     0.319
2026-04-07 16:00:09.040 | INFO     | __main__:train_commodity:275 -   xgboost       21.5%  ₦     303,901     0.388
2026-04-07 16:00:09.044 | INFO     | __main__:run_training:297 - 
[10/11] Starting Maize (white)...
2026-04-07 16:00:09.203 | INFO     | __main__:train_commodity:247 - 
───────────────────────────────────────────────────────
2026-04-07 16:00:09.203 | INFO     | __main__:train_commodity:248 -   Maize (white)  (1097 rows | last: 2023-01-16)
2026-04-07 16:00:09.203 | INFO     | __main__:train_commodity:249 - ───────────────────────────────────────────────────────
2026-04-07 16:00:09.203 | INFO     | __main__:train_commodity:253 -   [1/3] ARIMA...
2026-04-07 16:02:03.129 | DEBUG    | __main__:train_arima:109 -   [Maize (white)] ARIMA order=(1, 1, 1) MAPE=6.0%
2026-04-07 16:02:03.145 | INFO     | __main__:train_commodity:256 -   [2/3] Prophet...
2026-04-07 16:02:04.884 | DEBUG    | __main__:train_prophet:159 -   [Maize (white)] Prophet MAPE=41.3%
2026-04-07 16:02:04.890 | INFO     | __main__:train_commodity:259 -   [3/3] XGBoost...
2026-04-07 16:02:06.652 | DEBUG    | __main__:train_xgboost:215 -   [Maize (white)] XGBoost MAPE=3.0% | top: rolling_mean_4w
2026-04-07 16:02:06.658 | INFO     | __main__:train_commodity:265 -   Ensemble weights: arima: 0.317 | prophet: 0.046 | xgboost: 0.638
2026-04-07 16:02:06.658 | INFO     | __main__:train_commodity:267 -   Model          MAPE               MAE    Weight
2026-04-07 16:02:06.660 | INFO     | __main__:train_commodity:268 -   --------------------------------------------------
2026-04-07 16:02:06.660 | INFO     | __main__:train_commodity:275 -   arima          6.0%  ₦      12,237     0.317
2026-04-07 16:02:06.660 | INFO     | __main__:train_commodity:275 -   prophet       41.3%  ₦      85,758     0.046
2026-04-07 16:02:06.662 | INFO     | __main__:train_commodity:275 -   xgboost        3.0%  ₦       5,172     0.638
2026-04-07 16:02:06.686 | INFO     | __main__:run_training:297 - 
[11/11] Starting Maize (yellow)...
2026-04-07 16:02:06.816 | INFO     | __main__:train_commodity:247 - 
───────────────────────────────────────────────────────
2026-04-07 16:02:06.817 | INFO     | __main__:train_commodity:248 -   Maize (yellow)  (454 rows | last: 2023-01-16)
2026-04-07 16:02:06.818 | INFO     | __main__:train_commodity:249 - ───────────────────────────────────────────────────────
2026-04-07 16:02:06.819 | INFO     | __main__:train_commodity:253 -   [1/3] ARIMA...
2026-04-07 16:04:44.532 | DEBUG    | __main__:train_arima:109 -   [Maize (yellow)] ARIMA order=(1, 1, 1) MAPE=3.6%
2026-04-07 16:04:44.532 | INFO     | __main__:train_commodity:256 -   [2/3] Prophet...
2026-04-07 16:04:46.295 | DEBUG    | __main__:train_prophet:159 -   [Maize (yellow)] Prophet MAPE=15.5%
2026-04-07 16:04:46.295 | INFO     | __main__:train_commodity:259 -   [3/3] XGBoost...
2026-04-07 16:04:49.063 | DEBUG    | __main__:train_xgboost:215 -   [Maize (yellow)] XGBoost MAPE=10.6% | top: rolling_min_4w
2026-04-07 16:04:49.067 | INFO     | __main__:train_commodity:265 -   Ensemble weights: arima: 0.633 | prophet: 0.149 | xgboost: 0.218
2026-04-07 16:04:49.069 | INFO     | __main__:train_commodity:267 -   Model          MAPE               MAE    Weight
2026-04-07 16:04:49.069 | INFO     | __main__:train_commodity:268 -   --------------------------------------------------
2026-04-07 16:04:49.071 | INFO     | __main__:train_commodity:275 -   arima          3.6%  ₦       7,950     0.633
2026-04-07 16:04:49.071 | INFO     | __main__:train_commodity:275 -   prophet       15.5%  ₦      34,129     0.149
2026-04-07 16:04:49.071 | INFO     | __main__:train_commodity:275 -   xgboost       10.6%  ₦      23,993     0.218
2026-04-07 16:04:49.119 | INFO     | __main__:run_training:308 - 
======================================================================
2026-04-07 16:04:49.122 | INFO     | __main__:run_training:309 -   FINAL TRAINING SUMMARY
2026-04-07 16:04:49.122 | INFO     | __main__:run_training:310 - ======================================================================
2026-04-07 16:04:49.124 | INFO     | __main__:run_training:311 -   Commodity                 ARIMA   Prophet   XGBoost       Best
2026-04-07 16:04:49.126 | INFO     | __main__:run_training:312 -   --------------------------------------------------------------
2026-04-07 16:04:49.127 | INFO     | __main__:run_training:325 -   Hibiscus                  41.5%     46.6%     25.5%    xgboost
2026-04-07 16:04:49.129 | INFO     | __main__:run_training:325 -   Sesame                    15.4%     10.2%      1.9%    xgboost
2026-04-07 16:04:49.130 | INFO     | __main__:run_training:325 -   Ginger                     6.5%     27.4%     11.0%      arima
2026-04-07 16:04:49.131 | INFO     | __main__:run_training:325 -   Cocoa                     31.3%     36.9%     35.3%      arima
2026-04-07 16:04:49.132 | INFO     | __main__:run_training:325 -   Soybeans                  24.5%     52.0%      8.1%    xgboost
2026-04-07 16:04:49.133 | INFO     | __main__:run_training:325 -   Cashew Nuts               14.0%     23.3%      5.6%    xgboost
2026-04-07 16:04:49.135 | INFO     | __main__:run_training:325 -   Sorghum                   15.9%     19.1%     35.9%      arima
2026-04-07 16:04:49.136 | INFO     | __main__:run_training:325 -   Beans (white)             11.0%     17.0%     20.9%      arima
2026-04-07 16:04:49.138 | INFO     | __main__:run_training:325 -   Beans (red)               28.4%     26.2%     21.5%    xgboost
2026-04-07 16:04:49.139 | INFO     | __main__:run_training:325 -   Maize (white)              6.0%     41.3%      3.0%    xgboost
2026-04-07 16:04:49.146 | INFO     | __main__:run_training:325 -   Maize (yellow)             3.6%     15.5%     10.6%      arima
2026-04-07 16:04:49.147 | INFO     | __main__:run_training:327 - ======================================================================
2026-04-07 16:04:49.149 | SUCCESS  | __main__:run_training:329 - TRAINING COMPLETE — 11/11 commodities
2026-04-07 16:04:49.152 | INFO     | __main__:run_training:330 - ======================================================================
