2026-10-06 11:47:48.471 | INFO     | __main__:run_training:305 - ============================================================
2026-10-06 11:47:48.472 | INFO     | __main__:run_training:306 - STEP 4 — MODEL TRAINING
2026-10-06 11:47:48.472 | INFO     | __main__:run_training:307 -   Commodities : 17
2026-10-06 11:47:48.472 | INFO     | __main__:run_training:308 -   Models      : ARIMA + Prophet + XGBoost
2026-10-06 11:47:48.472 | INFO     | __main__:run_training:309 - ============================================================
2026-10-06 11:47:48.472 | INFO     | __main__:run_training:313 - 
[1/17] Starting Hibiscus...
2026-10-06 11:47:48.489 | DEBUG    | __main__:train_commodity:260 -   [Hibiscus] Real-data-only mode: 53 rows
2026-10-06 11:47:48.489 | INFO     | __main__:train_commodity:263 - 
───────────────────────────────────────────────────────
2026-10-06 11:47:48.489 | INFO     | __main__:train_commodity:264 -   Hibiscus  (53 rows | last: 2026-10-05)
2026-10-06 11:47:48.489 | INFO     | __main__:train_commodity:265 - ───────────────────────────────────────────────────────
2026-10-06 11:47:48.489 | INFO     | __main__:train_commodity:269 -   [1/3] ARIMA...
2026-10-06 11:47:51.734 | DEBUG    | __main__:train_arima:109 -   [Hibiscus] ARIMA order=(2, 0, 0) MAPE=39.8%
2026-10-06 11:47:51.734 | INFO     | __main__:train_commodity:272 -   [2/3] Prophet...
2026-10-06 11:47:51.955 | DEBUG    | __main__:train_prophet:159 -   [Hibiscus] Prophet MAPE=8.2%
2026-10-06 11:47:51.955 | INFO     | __main__:train_commodity:275 -   [3/3] XGBoost...
2026-10-06 11:47:52.108 | DEBUG    | __main__:train_xgboost:215 -   [Hibiscus] XGBoost MAPE=17.5% | top: price_lag_1w
2026-10-06 11:47:52.109 | INFO     | __main__:train_commodity:281 -   Ensemble weights: arima: 0.123 | prophet: 0.597 | xgboost: 0.280
2026-10-06 11:47:52.109 | INFO     | __main__:train_commodity:283 -   Model          MAPE               MAE    Weight
2026-10-06 11:47:52.109 | INFO     | __main__:train_commodity:284 -   --------------------------------------------------
2026-10-06 11:47:52.109 | INFO     | __main__:train_commodity:291 -   arima         39.8%  ₦     995,567     0.123
2026-10-06 11:47:52.109 | INFO     | __main__:train_commodity:291 -   prophet        8.2%  ₦     201,935     0.597
2026-10-06 11:47:52.109 | INFO     | __main__:train_commodity:291 -   xgboost       17.5%  ₦     440,474     0.280
2026-10-06 11:47:52.110 | INFO     | __main__:run_training:313 - 
[2/17] Starting Sesame...
2026-10-06 11:47:52.126 | INFO     | __main__:train_commodity:263 - 
───────────────────────────────────────────────────────
2026-10-06 11:47:52.126 | INFO     | __main__:train_commodity:264 -   Sesame  (855 rows | last: 2026-10-05)
2026-10-06 11:47:52.126 | INFO     | __main__:train_commodity:265 - ───────────────────────────────────────────────────────
2026-10-06 11:47:52.126 | INFO     | __main__:train_commodity:269 -   [1/3] ARIMA...
2026-10-06 11:48:38.506 | DEBUG    | __main__:train_arima:109 -   [Sesame] ARIMA order=(2, 0, 1) MAPE=28.8%
2026-10-06 11:48:38.507 | INFO     | __main__:train_commodity:272 -   [2/3] Prophet...
2026-10-06 11:48:38.761 | DEBUG    | __main__:train_prophet:159 -   [Sesame] Prophet MAPE=7.0%
2026-10-06 11:48:38.761 | INFO     | __main__:train_commodity:275 -   [3/3] XGBoost...
2026-10-06 11:48:39.199 | DEBUG    | __main__:train_xgboost:215 -   [Sesame] XGBoost MAPE=12.8% | top: fuel_diesel_ngn_litre
2026-10-06 11:48:39.200 | INFO     | __main__:train_commodity:281 -   Ensemble weights: arima: 0.137 | prophet: 0.558 | xgboost: 0.306
2026-10-06 11:48:39.200 | INFO     | __main__:train_commodity:283 -   Model          MAPE               MAE    Weight
2026-10-06 11:48:39.200 | INFO     | __main__:train_commodity:284 -   --------------------------------------------------
2026-10-06 11:48:39.200 | INFO     | __main__:train_commodity:291 -   arima         28.8%  ₦     382,736     0.137
2026-10-06 11:48:39.200 | INFO     | __main__:train_commodity:291 -   prophet        7.0%  ₦      91,911     0.558
2026-10-06 11:48:39.200 | INFO     | __main__:train_commodity:291 -   xgboost       12.8%  ₦     178,271     0.306
2026-10-06 11:48:39.204 | INFO     | __main__:run_training:313 - 
[3/17] Starting Ginger...
2026-10-06 11:48:39.219 | DEBUG    | __main__:train_commodity:260 -   [Ginger] Real-data-only mode: 52 rows
2026-10-06 11:48:39.219 | INFO     | __main__:train_commodity:263 - 
───────────────────────────────────────────────────────
2026-10-06 11:48:39.219 | INFO     | __main__:train_commodity:264 -   Ginger  (52 rows | last: 2026-10-05)
2026-10-06 11:48:39.219 | INFO     | __main__:train_commodity:265 - ───────────────────────────────────────────────────────
2026-10-06 11:48:39.219 | INFO     | __main__:train_commodity:269 -   [1/3] ARIMA...
2026-10-06 11:48:39.413 | DEBUG    | __main__:train_arima:109 -   [Ginger] ARIMA order=(0, 1, 0) MAPE=14.8%
2026-10-06 11:48:39.413 | INFO     | __main__:train_commodity:272 -   [2/3] Prophet...
2026-10-06 11:48:39.567 | DEBUG    | __main__:train_prophet:159 -   [Ginger] Prophet MAPE=33.0%
2026-10-06 11:48:39.567 | INFO     | __main__:train_commodity:275 -   [3/3] XGBoost...
2026-10-06 11:48:39.685 | DEBUG    | __main__:train_xgboost:215 -   [Ginger] XGBoost MAPE=6.6% | top: rolling_max_12w
2026-10-06 11:48:39.685 | INFO     | __main__:train_commodity:281 -   Ensemble weights: arima: 0.271 | prophet: 0.121 | xgboost: 0.608
2026-10-06 11:48:39.685 | INFO     | __main__:train_commodity:283 -   Model          MAPE               MAE    Weight
2026-10-06 11:48:39.686 | INFO     | __main__:train_commodity:284 -   --------------------------------------------------
2026-10-06 11:48:39.686 | INFO     | __main__:train_commodity:291 -   arima         14.8%  ₦   1,263,636     0.271
2026-10-06 11:48:39.686 | INFO     | __main__:train_commodity:291 -   prophet       33.0%  ₦   2,983,856     0.121
2026-10-06 11:48:39.686 | INFO     | __main__:train_commodity:291 -   xgboost        6.6%  ₦     578,610     0.608
2026-10-06 11:48:39.687 | INFO     | __main__:run_training:313 - 
[4/17] Starting Cocoa...
2026-10-06 11:48:39.703 | DEBUG    | __main__:train_commodity:260 -   [Cocoa] Real-data-only mode: 56 rows
2026-10-06 11:48:39.703 | INFO     | __main__:train_commodity:263 - 
───────────────────────────────────────────────────────
2026-10-06 11:48:39.704 | INFO     | __main__:train_commodity:264 -   Cocoa  (56 rows | last: 2026-10-05)
2026-10-06 11:48:39.704 | INFO     | __main__:train_commodity:265 - ───────────────────────────────────────────────────────
2026-10-06 11:48:39.704 | INFO     | __main__:train_commodity:269 -   [1/3] ARIMA...
2026-10-06 11:48:39.945 | DEBUG    | __main__:train_arima:109 -   [Cocoa] ARIMA order=(0, 1, 0) MAPE=18.0%
2026-10-06 11:48:39.945 | INFO     | __main__:train_commodity:272 -   [2/3] Prophet...
2026-10-06 11:48:40.125 | DEBUG    | __main__:train_prophet:159 -   [Cocoa] Prophet MAPE=35.0%
2026-10-06 11:48:40.125 | INFO     | __main__:train_commodity:275 -   [3/3] XGBoost...
2026-10-06 11:48:40.290 | DEBUG    | __main__:train_xgboost:215 -   [Cocoa] XGBoost MAPE=42.7% | top: pct_change_52w
2026-10-06 11:48:40.291 | INFO     | __main__:train_commodity:281 -   Ensemble weights: arima: 0.517 | prophet: 0.266 | xgboost: 0.217
2026-10-06 11:48:40.291 | INFO     | __main__:train_commodity:283 -   Model          MAPE               MAE    Weight
2026-10-06 11:48:40.291 | INFO     | __main__:train_commodity:284 -   --------------------------------------------------
2026-10-06 11:48:40.291 | INFO     | __main__:train_commodity:291 -   arima         18.0%  ₦   1,054,554     0.517
2026-10-06 11:48:40.291 | INFO     | __main__:train_commodity:291 -   prophet       35.0%  ₦   1,990,494     0.266
2026-10-06 11:48:40.291 | INFO     | __main__:train_commodity:291 -   xgboost       42.7%  ₦   2,295,310     0.217
2026-10-06 11:48:40.292 | INFO     | __main__:run_training:313 - 
[5/17] Starting Soybeans...
2026-10-06 11:48:40.308 | INFO     | __main__:train_commodity:263 - 
───────────────────────────────────────────────────────
2026-10-06 11:48:40.308 | INFO     | __main__:train_commodity:264 -   Soybeans  (1399 rows | last: 2026-10-05)
2026-10-06 11:48:40.308 | INFO     | __main__:train_commodity:265 - ───────────────────────────────────────────────────────
2026-10-06 11:48:40.308 | INFO     | __main__:train_commodity:269 -   [1/3] ARIMA...
2026-10-06 11:48:56.561 | DEBUG    | __main__:train_arima:109 -   [Soybeans] ARIMA order=(1, 1, 2) MAPE=2.0%
2026-10-06 11:48:56.561 | INFO     | __main__:train_commodity:272 -   [2/3] Prophet...
2026-10-06 11:48:56.949 | DEBUG    | __main__:train_prophet:159 -   [Soybeans] Prophet MAPE=12.2%
2026-10-06 11:48:56.949 | INFO     | __main__:train_commodity:275 -   [3/3] XGBoost...
2026-10-06 11:48:57.406 | DEBUG    | __main__:train_xgboost:215 -   [Soybeans] XGBoost MAPE=46.5% | top: year
2026-10-06 11:48:57.407 | INFO     | __main__:train_commodity:281 -   Ensemble weights: arima: 0.832 | prophet: 0.134 | xgboost: 0.035
2026-10-06 11:48:57.407 | INFO     | __main__:train_commodity:283 -   Model          MAPE               MAE    Weight
2026-10-06 11:48:57.407 | INFO     | __main__:train_commodity:284 -   --------------------------------------------------
2026-10-06 11:48:57.407 | INFO     | __main__:train_commodity:291 -   arima          2.0%  ₦      15,464     0.832
2026-10-06 11:48:57.407 | INFO     | __main__:train_commodity:291 -   prophet       12.2%  ₦      95,892     0.134
2026-10-06 11:48:57.407 | INFO     | __main__:train_commodity:291 -   xgboost       46.5%  ₦     334,433     0.035
2026-10-06 11:48:57.408 | INFO     | __main__:run_training:313 - 
[6/17] Starting Cashew Nuts...
2026-10-06 11:48:57.420 | DEBUG    | __main__:train_commodity:260 -   [Cashew Nuts] Real-data-only mode: 56 rows
2026-10-06 11:48:57.420 | INFO     | __main__:train_commodity:263 - 
───────────────────────────────────────────────────────
2026-10-06 11:48:57.421 | INFO     | __main__:train_commodity:264 -   Cashew Nuts  (56 rows | last: 2026-10-05)
2026-10-06 11:48:57.421 | INFO     | __main__:train_commodity:265 - ───────────────────────────────────────────────────────
2026-10-06 11:48:57.421 | INFO     | __main__:train_commodity:269 -   [1/3] ARIMA...
2026-10-06 11:48:57.856 | DEBUG    | __main__:train_arima:109 -   [Cashew Nuts] ARIMA order=(2, 0, 0) MAPE=3.1%
2026-10-06 11:48:57.856 | INFO     | __main__:train_commodity:272 -   [2/3] Prophet...
2026-10-06 11:48:57.992 | DEBUG    | __main__:train_prophet:159 -   [Cashew Nuts] Prophet MAPE=33.7%
2026-10-06 11:48:57.992 | INFO     | __main__:train_commodity:275 -   [3/3] XGBoost...
2026-10-06 11:48:58.051 | DEBUG    | __main__:train_xgboost:215 -   [Cashew Nuts] XGBoost MAPE=2.7% | top: season_dry
2026-10-06 11:48:58.051 | INFO     | __main__:train_commodity:281 -   Ensemble weights: arima: 0.448 | prophet: 0.041 | xgboost: 0.511
2026-10-06 11:48:58.051 | INFO     | __main__:train_commodity:283 -   Model          MAPE               MAE    Weight
2026-10-06 11:48:58.052 | INFO     | __main__:train_commodity:284 -   --------------------------------------------------
2026-10-06 11:48:58.052 | INFO     | __main__:train_commodity:291 -   arima          3.1%  ₦      58,490     0.448
2026-10-06 11:48:58.052 | INFO     | __main__:train_commodity:291 -   prophet       33.7%  ₦     646,251     0.041
2026-10-06 11:48:58.052 | INFO     | __main__:train_commodity:291 -   xgboost        2.7%  ₦      51,143     0.511
2026-10-06 11:48:58.052 | INFO     | __main__:run_training:313 - 
[7/17] Starting Sorghum...
2026-10-06 11:48:58.068 | INFO     | __main__:train_commodity:263 - 
───────────────────────────────────────────────────────
2026-10-06 11:48:58.068 | INFO     | __main__:train_commodity:264 -   Sorghum  (1293 rows | last: 2026-10-05)
2026-10-06 11:48:58.068 | INFO     | __main__:train_commodity:265 - ───────────────────────────────────────────────────────
2026-10-06 11:48:58.068 | INFO     | __main__:train_commodity:269 -   [1/3] ARIMA...
2026-10-06 11:49:11.912 | DEBUG    | __main__:train_arima:109 -   [Sorghum] ARIMA order=(1, 1, 1) MAPE=7.3%
2026-10-06 11:49:11.912 | INFO     | __main__:train_commodity:272 -   [2/3] Prophet...
2026-10-06 11:49:12.263 | DEBUG    | __main__:train_prophet:159 -   [Sorghum] Prophet MAPE=19.3%
2026-10-06 11:49:12.263 | INFO     | __main__:train_commodity:275 -   [3/3] XGBoost...
2026-10-06 11:49:12.753 | DEBUG    | __main__:train_xgboost:215 -   [Sorghum] XGBoost MAPE=30.4% | top: price_lag_1w
2026-10-06 11:49:12.753 | INFO     | __main__:train_commodity:281 -   Ensemble weights: arima: 0.618 | prophet: 0.234 | xgboost: 0.148
2026-10-06 11:49:12.753 | INFO     | __main__:train_commodity:283 -   Model          MAPE               MAE    Weight
2026-10-06 11:49:12.753 | INFO     | __main__:train_commodity:284 -   --------------------------------------------------
2026-10-06 11:49:12.753 | INFO     | __main__:train_commodity:291 -   arima          7.3%  ₦      27,338     0.618
2026-10-06 11:49:12.754 | INFO     | __main__:train_commodity:291 -   prophet       19.3%  ₦      70,650     0.234
2026-10-06 11:49:12.754 | INFO     | __main__:train_commodity:291 -   xgboost       30.4%  ₦     165,054     0.148
2026-10-06 11:49:12.755 | INFO     | __main__:run_training:313 - 
[8/17] Starting Beans (white)...
2026-10-06 11:49:12.769 | INFO     | __main__:train_commodity:263 - 
───────────────────────────────────────────────────────
2026-10-06 11:49:12.770 | INFO     | __main__:train_commodity:264 -   Beans (white)  (1281 rows | last: 2026-07-13)
2026-10-06 11:49:12.770 | INFO     | __main__:train_commodity:265 - ───────────────────────────────────────────────────────
2026-10-06 11:49:12.770 | INFO     | __main__:train_commodity:269 -   [1/3] ARIMA...
2026-10-06 11:49:20.515 | DEBUG    | __main__:train_arima:109 -   [Beans (white)] ARIMA order=(0, 2, 1) MAPE=30.6%
2026-10-06 11:49:20.515 | INFO     | __main__:train_commodity:272 -   [2/3] Prophet...
2026-10-06 11:49:20.939 | DEBUG    | __main__:train_prophet:159 -   [Beans (white)] Prophet MAPE=84.8%
2026-10-06 11:49:20.939 | INFO     | __main__:train_commodity:275 -   [3/3] XGBoost...
2026-10-06 11:49:21.468 | DEBUG    | __main__:train_xgboost:215 -   [Beans (white)] XGBoost MAPE=6.4% | top: rolling_min_4w
2026-10-06 11:49:21.469 | INFO     | __main__:train_commodity:281 -   Ensemble weights: arima: 0.172 | xgboost: 0.828
2026-10-06 11:49:21.469 | INFO     | __main__:train_commodity:283 -   Model          MAPE               MAE    Weight
2026-10-06 11:49:21.469 | INFO     | __main__:train_commodity:284 -   --------------------------------------------------
2026-10-06 11:49:21.469 | INFO     | __main__:train_commodity:291 -   arima         30.6%  ₦     283,175     0.172
2026-10-06 11:49:21.469 | INFO     | __main__:train_commodity:291 -   prophet       84.8%  ₦     785,812     0.000
2026-10-06 11:49:21.469 | INFO     | __main__:train_commodity:291 -   xgboost        6.4%  ₦      70,600     0.828
2026-10-06 11:49:21.475 | INFO     | __main__:run_training:313 - 
[9/17] Starting Beans (red)...
2026-10-06 11:49:21.483 | INFO     | __main__:train_commodity:263 - 
───────────────────────────────────────────────────────
2026-10-06 11:49:21.483 | INFO     | __main__:train_commodity:264 -   Beans (red)  (551 rows | last: 2026-07-13)
2026-10-06 11:49:21.483 | INFO     | __main__:train_commodity:265 - ───────────────────────────────────────────────────────
2026-10-06 11:49:21.483 | INFO     | __main__:train_commodity:269 -   [1/3] ARIMA...
2026-10-06 11:49:28.710 | DEBUG    | __main__:train_arima:109 -   [Beans (red)] ARIMA order=(0, 2, 1) MAPE=37.1%
2026-10-06 11:49:28.710 | INFO     | __main__:train_commodity:272 -   [2/3] Prophet...
2026-10-06 11:49:28.953 | DEBUG    | __main__:train_prophet:159 -   [Beans (red)] Prophet MAPE=84.0%
2026-10-06 11:49:28.953 | INFO     | __main__:train_commodity:275 -   [3/3] XGBoost...
2026-10-06 11:49:29.122 | DEBUG    | __main__:train_xgboost:215 -   [Beans (red)] XGBoost MAPE=8.3% | top: rolling_min_4w
2026-10-06 11:49:29.123 | INFO     | __main__:train_commodity:281 -   Ensemble weights: arima: 0.183 | xgboost: 0.817
2026-10-06 11:49:29.123 | INFO     | __main__:train_commodity:283 -   Model          MAPE               MAE    Weight
2026-10-06 11:49:29.123 | INFO     | __main__:train_commodity:284 -   --------------------------------------------------
2026-10-06 11:49:29.123 | INFO     | __main__:train_commodity:291 -   arima         37.1%  ₦     365,168     0.183
2026-10-06 11:49:29.123 | INFO     | __main__:train_commodity:291 -   prophet       84.0%  ₦     829,584     0.000
2026-10-06 11:49:29.123 | INFO     | __main__:train_commodity:291 -   xgboost        8.3%  ₦     124,257     0.817
2026-10-06 11:49:29.129 | INFO     | __main__:run_training:313 - 
[10/17] Starting Maize (white)...
2026-10-06 11:49:29.142 | INFO     | __main__:train_commodity:263 - 
───────────────────────────────────────────────────────
2026-10-06 11:49:29.143 | INFO     | __main__:train_commodity:264 -   Maize (white)  (1283 rows | last: 2026-07-27)
2026-10-06 11:49:29.143 | INFO     | __main__:train_commodity:265 - ───────────────────────────────────────────────────────
2026-10-06 11:49:29.143 | INFO     | __main__:train_commodity:269 -   [1/3] ARIMA...
2026-10-06 11:49:46.133 | DEBUG    | __main__:train_arima:109 -   [Maize (white)] ARIMA order=(1, 2, 2) MAPE=1.9%
2026-10-06 11:49:46.134 | INFO     | __main__:train_commodity:272 -   [2/3] Prophet...
2026-10-06 11:49:46.530 | DEBUG    | __main__:train_prophet:159 -   [Maize (white)] Prophet MAPE=20.8%
2026-10-06 11:49:46.530 | INFO     | __main__:train_commodity:275 -   [3/3] XGBoost...
2026-10-06 11:49:47.038 | DEBUG    | __main__:train_xgboost:215 -   [Maize (white)] XGBoost MAPE=44.5% | top: rolling_mean_4w
2026-10-06 11:49:47.039 | INFO     | __main__:train_commodity:281 -   Ensemble weights: arima: 0.884 | prophet: 0.079 | xgboost: 0.037
2026-10-06 11:49:47.039 | INFO     | __main__:train_commodity:283 -   Model          MAPE               MAE    Weight
2026-10-06 11:49:47.039 | INFO     | __main__:train_commodity:284 -   --------------------------------------------------
2026-10-06 11:49:47.039 | INFO     | __main__:train_commodity:291 -   arima          1.9%  ₦      11,359     0.884
2026-10-06 11:49:47.039 | INFO     | __main__:train_commodity:291 -   prophet       20.8%  ₦     124,349     0.079
2026-10-06 11:49:47.039 | INFO     | __main__:train_commodity:291 -   xgboost       44.5%  ₦     308,165     0.037
2026-10-06 11:49:47.040 | INFO     | __main__:run_training:313 - 
[11/17] Starting Maize (yellow)...
2026-10-06 11:49:47.051 | INFO     | __main__:train_commodity:263 - 
───────────────────────────────────────────────────────
2026-10-06 11:49:47.051 | INFO     | __main__:train_commodity:264 -   Maize (yellow)  (640 rows | last: 2026-07-27)
2026-10-06 11:49:47.051 | INFO     | __main__:train_commodity:265 - ───────────────────────────────────────────────────────
2026-10-06 11:49:47.051 | INFO     | __main__:train_commodity:269 -   [1/3] ARIMA...
2026-10-06 11:49:58.635 | DEBUG    | __main__:train_arima:109 -   [Maize (yellow)] ARIMA order=(1, 2, 2) MAPE=1.9%
2026-10-06 11:49:58.635 | INFO     | __main__:train_commodity:272 -   [2/3] Prophet...
2026-10-06 11:49:58.872 | DEBUG    | __main__:train_prophet:159 -   [Maize (yellow)] Prophet MAPE=30.7%
2026-10-06 11:49:58.872 | INFO     | __main__:train_commodity:275 -   [3/3] XGBoost...
2026-10-06 11:49:59.509 | DEBUG    | __main__:train_xgboost:215 -   [Maize (yellow)] XGBoost MAPE=19.3% | top: rolling_max_12w
2026-10-06 11:49:59.509 | INFO     | __main__:train_commodity:281 -   Ensemble weights: arima: 0.864 | prophet: 0.053 | xgboost: 0.084
2026-10-06 11:49:59.510 | INFO     | __main__:train_commodity:283 -   Model          MAPE               MAE    Weight
2026-10-06 11:49:59.510 | INFO     | __main__:train_commodity:284 -   --------------------------------------------------
2026-10-06 11:49:59.510 | INFO     | __main__:train_commodity:291 -   arima          1.9%  ₦      12,377     0.864
2026-10-06 11:49:59.510 | INFO     | __main__:train_commodity:291 -   prophet       30.7%  ₦     198,335     0.053
2026-10-06 11:49:59.510 | INFO     | __main__:train_commodity:291 -   xgboost       19.3%  ₦     176,423     0.084
2026-10-06 11:49:59.511 | INFO     | __main__:run_training:313 - 
[12/17] Starting Wheat...
2026-10-06 11:49:59.521 | INFO     | __main__:train_commodity:263 - 
───────────────────────────────────────────────────────
2026-10-06 11:49:59.521 | INFO     | __main__:train_commodity:264 -   Wheat  (850 rows | last: 2026-04-13)
2026-10-06 11:49:59.521 | INFO     | __main__:train_commodity:265 - ───────────────────────────────────────────────────────
2026-10-06 11:49:59.521 | INFO     | __main__:train_commodity:269 -   [1/3] ARIMA...
2026-10-06 11:50:03.983 | DEBUG    | __main__:train_arima:109 -   [Wheat] ARIMA order=(0, 1, 0) MAPE=2.6%
2026-10-06 11:50:03.983 | INFO     | __main__:train_commodity:272 -   [2/3] Prophet...
2026-10-06 11:50:04.198 | DEBUG    | __main__:train_prophet:159 -   [Wheat] Prophet MAPE=8.2%
2026-10-06 11:50:04.198 | INFO     | __main__:train_commodity:275 -   [3/3] XGBoost...
2026-10-06 11:50:04.426 | DEBUG    | __main__:train_xgboost:215 -   [Wheat] XGBoost MAPE=29.0% | top: weeks_since_start
2026-10-06 11:50:04.426 | INFO     | __main__:train_commodity:281 -   Ensemble weights: arima: 0.712 | prophet: 0.224 | xgboost: 0.063
2026-10-06 11:50:04.427 | INFO     | __main__:train_commodity:283 -   Model          MAPE               MAE    Weight
2026-10-06 11:50:04.427 | INFO     | __main__:train_commodity:284 -   --------------------------------------------------
2026-10-06 11:50:04.427 | INFO     | __main__:train_commodity:291 -   arima          2.6%  ₦      17,439     0.712
2026-10-06 11:50:04.427 | INFO     | __main__:train_commodity:291 -   prophet        8.2%  ₦      55,513     0.224
2026-10-06 11:50:04.427 | INFO     | __main__:train_commodity:291 -   xgboost       29.0%  ₦     187,024     0.063
2026-10-06 11:50:04.428 | INFO     | __main__:run_training:313 - 
[13/17] Starting Rice...
2026-10-06 11:50:04.441 | INFO     | __main__:train_commodity:263 - 
───────────────────────────────────────────────────────
2026-10-06 11:50:04.441 | INFO     | __main__:train_commodity:264 -   Rice  (1283 rows | last: 2026-07-27)
2026-10-06 11:50:04.442 | INFO     | __main__:train_commodity:265 - ───────────────────────────────────────────────────────
2026-10-06 11:50:04.442 | INFO     | __main__:train_commodity:269 -   [1/3] ARIMA...
2026-10-06 11:50:08.459 | DEBUG    | __main__:train_arima:109 -   [Rice] ARIMA order=(0, 2, 0) MAPE=6.9%
2026-10-06 11:50:08.459 | INFO     | __main__:train_commodity:272 -   [2/3] Prophet...
2026-10-06 11:50:08.887 | DEBUG    | __main__:train_prophet:159 -   [Rice] Prophet MAPE=15.6%
2026-10-06 11:50:08.887 | INFO     | __main__:train_commodity:275 -   [3/3] XGBoost...
2026-10-06 11:50:09.383 | DEBUG    | __main__:train_xgboost:215 -   [Rice] XGBoost MAPE=47.5% | top: price_lag_1w
2026-10-06 11:50:09.383 | INFO     | __main__:train_commodity:281 -   Ensemble weights: arima: 0.631 | prophet: 0.278 | xgboost: 0.091
2026-10-06 11:50:09.384 | INFO     | __main__:train_commodity:283 -   Model          MAPE               MAE    Weight
2026-10-06 11:50:09.384 | INFO     | __main__:train_commodity:284 -   --------------------------------------------------
2026-10-06 11:50:09.384 | INFO     | __main__:train_commodity:291 -   arima          6.9%  ₦     125,992     0.631
2026-10-06 11:50:09.384 | INFO     | __main__:train_commodity:291 -   prophet       15.6%  ₦     281,922     0.278
2026-10-06 11:50:09.384 | INFO     | __main__:train_commodity:291 -   xgboost       47.5%  ₦     844,283     0.091
2026-10-06 11:50:09.385 | INFO     | __main__:run_training:313 - 
[14/17] Starting Meat (beef)...
2026-10-06 11:50:09.393 | INFO     | __main__:train_commodity:263 - 
───────────────────────────────────────────────────────
2026-10-06 11:50:09.394 | INFO     | __main__:train_commodity:264 -   Meat (beef)  (531 rows | last: 2026-07-27)
2026-10-06 11:50:09.394 | INFO     | __main__:train_commodity:265 - ───────────────────────────────────────────────────────
2026-10-06 11:50:09.394 | INFO     | __main__:train_commodity:269 -   [1/3] ARIMA...
2026-10-06 11:50:16.099 | DEBUG    | __main__:train_arima:109 -   [Meat (beef)] ARIMA order=(0, 1, 0) MAPE=7.9%
2026-10-06 11:50:16.100 | INFO     | __main__:train_commodity:272 -   [2/3] Prophet...
2026-10-06 11:50:16.326 | DEBUG    | __main__:train_prophet:159 -   [Meat (beef)] Prophet MAPE=25.9%
2026-10-06 11:50:16.326 | INFO     | __main__:train_commodity:275 -   [3/3] XGBoost...
2026-10-06 11:50:16.752 | DEBUG    | __main__:train_xgboost:215 -   [Meat (beef)] XGBoost MAPE=34.2% | top: rolling_min_12w
2026-10-06 11:50:16.753 | INFO     | __main__:train_commodity:281 -   Ensemble weights: arima: 0.652 | prophet: 0.198 | xgboost: 0.150
2026-10-06 11:50:16.753 | INFO     | __main__:train_commodity:283 -   Model          MAPE               MAE    Weight
2026-10-06 11:50:16.753 | INFO     | __main__:train_commodity:284 -   --------------------------------------------------
2026-10-06 11:50:16.753 | INFO     | __main__:train_commodity:291 -   arima          7.9%  ₦     448,331     0.652
2026-10-06 11:50:16.753 | INFO     | __main__:train_commodity:291 -   prophet       25.9%  ₦   1,476,355     0.198
2026-10-06 11:50:16.753 | INFO     | __main__:train_commodity:291 -   xgboost       34.2%  ₦   1,954,812     0.150
2026-10-06 11:50:16.754 | INFO     | __main__:run_training:313 - 
[15/17] Starting Meat (goat)...
2026-10-06 11:50:16.763 | INFO     | __main__:train_commodity:263 - 
───────────────────────────────────────────────────────
2026-10-06 11:50:16.763 | INFO     | __main__:train_commodity:264 -   Meat (goat)  (553 rows | last: 2026-07-27)
2026-10-06 11:50:16.763 | INFO     | __main__:train_commodity:265 - ───────────────────────────────────────────────────────
2026-10-06 11:50:16.763 | INFO     | __main__:train_commodity:269 -   [1/3] ARIMA...
2026-10-06 11:50:28.464 | DEBUG    | __main__:train_arima:109 -   [Meat (goat)] ARIMA order=(0, 1, 2) MAPE=1.7%
2026-10-06 11:50:28.465 | INFO     | __main__:train_commodity:272 -   [2/3] Prophet...
2026-10-06 11:50:28.875 | DEBUG    | __main__:train_prophet:159 -   [Meat (goat)] Prophet MAPE=4.7%
2026-10-06 11:50:28.875 | INFO     | __main__:train_commodity:275 -   [3/3] XGBoost...
2026-10-06 11:50:29.154 | DEBUG    | __main__:train_xgboost:215 -   [Meat (goat)] XGBoost MAPE=17.0% | top: rolling_min_4w
2026-10-06 11:50:29.155 | INFO     | __main__:train_commodity:281 -   Ensemble weights: arima: 0.682 | prophet: 0.249 | xgboost: 0.069
2026-10-06 11:50:29.155 | INFO     | __main__:train_commodity:283 -   Model          MAPE               MAE    Weight
2026-10-06 11:50:29.155 | INFO     | __main__:train_commodity:284 -   --------------------------------------------------
2026-10-06 11:50:29.155 | INFO     | __main__:train_commodity:291 -   arima          1.7%  ₦      98,040     0.682
2026-10-06 11:50:29.155 | INFO     | __main__:train_commodity:291 -   prophet        4.7%  ₦     270,147     0.249
2026-10-06 11:50:29.155 | INFO     | __main__:train_commodity:291 -   xgboost       17.0%  ₦     972,879     0.069
2026-10-06 11:50:29.156 | INFO     | __main__:run_training:313 - 
[16/17] Starting Fish (dried)...
2026-10-06 11:50:29.165 | INFO     | __main__:train_commodity:263 - 
───────────────────────────────────────────────────────
2026-10-06 11:50:29.166 | INFO     | __main__:train_commodity:264 -   Fish (dried)  (553 rows | last: 2026-07-27)
2026-10-06 11:50:29.166 | INFO     | __main__:train_commodity:265 - ───────────────────────────────────────────────────────
2026-10-06 11:50:29.166 | INFO     | __main__:train_commodity:269 -   [1/3] ARIMA...
2026-10-06 11:50:44.096 | DEBUG    | __main__:train_arima:109 -   [Fish (dried)] ARIMA order=(1, 1, 0) MAPE=15.2%
2026-10-06 11:50:44.097 | INFO     | __main__:train_commodity:272 -   [2/3] Prophet...
2026-10-06 11:50:44.274 | DEBUG    | __main__:train_prophet:159 -   [Fish (dried)] Prophet MAPE=66.6%
2026-10-06 11:50:44.274 | INFO     | __main__:train_commodity:275 -   [3/3] XGBoost...
2026-10-06 11:50:44.871 | DEBUG    | __main__:train_xgboost:215 -   [Fish (dried)] XGBoost MAPE=13.3% | top: rolling_min_4w
2026-10-06 11:50:44.871 | INFO     | __main__:train_commodity:281 -   Ensemble weights: arima: 0.467 | xgboost: 0.533
2026-10-06 11:50:44.871 | INFO     | __main__:train_commodity:283 -   Model          MAPE               MAE    Weight
2026-10-06 11:50:44.871 | INFO     | __main__:train_commodity:284 -   --------------------------------------------------
2026-10-06 11:50:44.872 | INFO     | __main__:train_commodity:291 -   arima         15.2%  ₦     232,947     0.467
2026-10-06 11:50:44.872 | INFO     | __main__:train_commodity:291 -   prophet       66.6%  ₦   1,022,638     0.000
2026-10-06 11:50:44.872 | INFO     | __main__:train_commodity:291 -   xgboost       13.3%  ₦     200,185     0.533
2026-10-06 11:50:44.873 | INFO     | __main__:run_training:313 - 
[17/17] Starting Eggs...
2026-10-06 11:50:44.881 | INFO     | __main__:train_commodity:263 - 
───────────────────────────────────────────────────────
2026-10-06 11:50:44.881 | INFO     | __main__:train_commodity:264 -   Eggs  (527 rows | last: 2026-07-27)
2026-10-06 11:50:44.881 | INFO     | __main__:train_commodity:265 - ───────────────────────────────────────────────────────
2026-10-06 11:50:44.881 | INFO     | __main__:train_commodity:269 -   [1/3] ARIMA...
2026-10-06 11:50:54.363 | DEBUG    | __main__:train_arima:109 -   [Eggs] ARIMA order=(0, 2, 0) MAPE=6.4%
2026-10-06 11:50:54.363 | INFO     | __main__:train_commodity:272 -   [2/3] Prophet...
2026-10-06 11:50:54.607 | DEBUG    | __main__:train_prophet:159 -   [Eggs] Prophet MAPE=17.1%
2026-10-06 11:50:54.607 | INFO     | __main__:train_commodity:275 -   [3/3] XGBoost...
2026-10-06 11:50:55.211 | DEBUG    | __main__:train_xgboost:215 -   [Eggs] XGBoost MAPE=30.9% | top: headline_inflation_yoy
2026-10-06 11:50:55.212 | INFO     | __main__:train_commodity:281 -   Ensemble weights: arima: 0.633 | prophet: 0.236 | xgboost: 0.131
2026-10-06 11:50:55.212 | INFO     | __main__:train_commodity:283 -   Model          MAPE               MAE    Weight
2026-10-06 11:50:55.212 | INFO     | __main__:train_commodity:284 -   --------------------------------------------------
2026-10-06 11:50:55.212 | INFO     | __main__:train_commodity:291 -   arima          6.4%  ₦         417     0.633
2026-10-06 11:50:55.212 | INFO     | __main__:train_commodity:291 -   prophet       17.1%  ₦       1,120     0.236
2026-10-06 11:50:55.212 | INFO     | __main__:train_commodity:291 -   xgboost       30.9%  ₦       1,964     0.131
2026-10-06 11:50:55.215 | INFO     | __main__:run_training:324 - 
======================================================================
2026-10-06 11:50:55.215 | INFO     | __main__:run_training:325 -   FINAL TRAINING SUMMARY
2026-10-06 11:50:55.215 | INFO     | __main__:run_training:326 - ======================================================================
2026-10-06 11:50:55.215 | INFO     | __main__:run_training:327 -   Commodity                 ARIMA   Prophet   XGBoost       Best
2026-10-06 11:50:55.215 | INFO     | __main__:run_training:328 -   --------------------------------------------------------------
2026-10-06 11:50:55.215 | INFO     | __main__:run_training:341 -   Hibiscus                  39.8%      8.2%     17.5%    prophet
2026-10-06 11:50:55.215 | INFO     | __main__:run_training:341 -   Sesame                    28.8%      7.0%     12.8%    prophet
2026-10-06 11:50:55.215 | INFO     | __main__:run_training:341 -   Ginger                    14.8%     33.0%      6.6%    xgboost
2026-10-06 11:50:55.215 | INFO     | __main__:run_training:341 -   Cocoa                     18.0%     35.0%     42.7%      arima
2026-10-06 11:50:55.215 | INFO     | __main__:run_training:341 -   Soybeans                   2.0%     12.2%     46.5%      arima
2026-10-06 11:50:55.215 | INFO     | __main__:run_training:341 -   Cashew Nuts                3.1%     33.7%      2.7%    xgboost
2026-10-06 11:50:55.215 | INFO     | __main__:run_training:341 -   Sorghum                    7.3%     19.3%     30.4%      arima
2026-10-06 11:50:55.215 | INFO     | __main__:run_training:341 -   Beans (white)             30.6%     84.8%      6.4%    xgboost
2026-10-06 11:50:55.216 | INFO     | __main__:run_training:341 -   Beans (red)               37.1%     84.0%      8.3%    xgboost
2026-10-06 11:50:55.216 | INFO     | __main__:run_training:341 -   Maize (white)              1.9%     20.8%     44.5%      arima
2026-10-06 11:50:55.216 | INFO     | __main__:run_training:341 -   Maize (yellow)             1.9%     30.7%     19.3%      arima
2026-10-06 11:50:55.216 | INFO     | __main__:run_training:341 -   Wheat                      2.6%      8.2%     29.0%      arima
2026-10-06 11:50:55.216 | INFO     | __main__:run_training:341 -   Rice                       6.9%     15.6%     47.5%      arima
2026-10-06 11:50:55.216 | INFO     | __main__:run_training:341 -   Meat (beef)                7.9%     25.9%     34.2%      arima
2026-10-06 11:50:55.216 | INFO     | __main__:run_training:341 -   Meat (goat)                1.7%      4.7%     17.0%      arima
2026-10-06 11:50:55.216 | INFO     | __main__:run_training:341 -   Fish (dried)              15.2%     66.6%     13.3%    xgboost
2026-10-06 11:50:55.216 | INFO     | __main__:run_training:341 -   Eggs                       6.4%     17.1%     30.9%      arima
2026-10-06 11:50:55.216 | INFO     | __main__:run_training:343 - ======================================================================
2026-10-06 11:50:55.216 | SUCCESS  | __main__:run_training:345 - TRAINING COMPLETE — 17/17 commodities
2026-10-06 11:50:55.216 | INFO     | __main__:run_training:346 - ======================================================================
2026-10-06 11:55:28.375 | INFO     | __main__:run_training:305 - ============================================================
2026-10-06 11:55:28.375 | INFO     | __main__:run_training:306 - STEP 4 — MODEL TRAINING
2026-10-06 11:55:28.376 | INFO     | __main__:run_training:307 -   Commodities : 17
2026-10-06 11:55:28.376 | INFO     | __main__:run_training:308 -   Models      : ARIMA + Prophet + XGBoost
2026-10-06 11:55:28.376 | INFO     | __main__:run_training:309 - ============================================================
2026-10-06 11:55:28.376 | INFO     | __main__:run_training:313 - 
[1/17] Starting Hibiscus...
2026-10-06 11:55:28.392 | DEBUG    | __main__:train_commodity:260 -   [Hibiscus] Real-data-only mode: 53 rows
2026-10-06 11:55:28.392 | INFO     | __main__:train_commodity:263 - 
───────────────────────────────────────────────────────
2026-10-06 11:55:28.392 | INFO     | __main__:train_commodity:264 -   Hibiscus  (53 rows | last: 2026-10-05)
2026-10-06 11:55:28.392 | INFO     | __main__:train_commodity:265 - ───────────────────────────────────────────────────────
2026-10-06 11:55:28.392 | INFO     | __main__:train_commodity:269 -   [1/3] ARIMA...
2026-10-06 11:55:30.831 | DEBUG    | __main__:train_arima:109 -   [Hibiscus] ARIMA order=(2, 0, 0) MAPE=39.8%
2026-10-06 11:55:30.832 | INFO     | __main__:train_commodity:272 -   [2/3] Prophet...
2026-10-06 11:55:31.054 | DEBUG    | __main__:train_prophet:159 -   [Hibiscus] Prophet MAPE=8.2%
2026-10-06 11:55:31.054 | INFO     | __main__:train_commodity:275 -   [3/3] XGBoost...
2026-10-06 11:55:31.206 | DEBUG    | __main__:train_xgboost:215 -   [Hibiscus] XGBoost MAPE=17.5% | top: price_lag_1w
2026-10-06 11:55:31.207 | INFO     | __main__:train_commodity:281 -   Ensemble weights: arima: 0.123 | prophet: 0.597 | xgboost: 0.280
2026-10-06 11:55:31.207 | INFO     | __main__:train_commodity:283 -   Model          MAPE               MAE    Weight
2026-10-06 11:55:31.207 | INFO     | __main__:train_commodity:284 -   --------------------------------------------------
2026-10-06 11:55:31.207 | INFO     | __main__:train_commodity:291 -   arima         39.8%  ₦     995,567     0.123
2026-10-06 11:55:31.207 | INFO     | __main__:train_commodity:291 -   prophet        8.2%  ₦     201,935     0.597
2026-10-06 11:55:31.207 | INFO     | __main__:train_commodity:291 -   xgboost       17.5%  ₦     440,677     0.280
2026-10-06 11:55:31.208 | INFO     | __main__:run_training:313 - 
[2/17] Starting Sesame...
2026-10-06 11:55:31.224 | INFO     | __main__:train_commodity:263 - 
───────────────────────────────────────────────────────
2026-10-06 11:55:31.224 | INFO     | __main__:train_commodity:264 -   Sesame  (855 rows | last: 2026-10-05)
2026-10-06 11:55:31.225 | INFO     | __main__:train_commodity:265 - ───────────────────────────────────────────────────────
2026-10-06 11:55:31.225 | INFO     | __main__:train_commodity:269 -   [1/3] ARIMA...
2026-10-06 11:56:17.427 | DEBUG    | __main__:train_arima:109 -   [Sesame] ARIMA order=(2, 0, 1) MAPE=28.7%
2026-10-06 11:56:17.428 | INFO     | __main__:train_commodity:272 -   [2/3] Prophet...
2026-10-06 11:56:17.655 | DEBUG    | __main__:train_prophet:159 -   [Sesame] Prophet MAPE=7.0%
2026-10-06 11:56:17.655 | INFO     | __main__:train_commodity:275 -   [3/3] XGBoost...
2026-10-06 11:56:18.094 | DEBUG    | __main__:train_xgboost:215 -   [Sesame] XGBoost MAPE=12.8% | top: fuel_diesel_ngn_litre
2026-10-06 11:56:18.094 | INFO     | __main__:train_commodity:281 -   Ensemble weights: arima: 0.137 | prophet: 0.558 | xgboost: 0.305
2026-10-06 11:56:18.094 | INFO     | __main__:train_commodity:283 -   Model          MAPE               MAE    Weight
2026-10-06 11:56:18.094 | INFO     | __main__:train_commodity:284 -   --------------------------------------------------
2026-10-06 11:56:18.094 | INFO     | __main__:train_commodity:291 -   arima         28.7%  ₦     382,063     0.137
2026-10-06 11:56:18.094 | INFO     | __main__:train_commodity:291 -   prophet        7.0%  ₦      92,085     0.558
2026-10-06 11:56:18.095 | INFO     | __main__:train_commodity:291 -   xgboost       12.8%  ₦     178,351     0.305
2026-10-06 11:56:18.098 | INFO     | __main__:run_training:313 - 
[3/17] Starting Ginger...
2026-10-06 11:56:18.113 | DEBUG    | __main__:train_commodity:260 -   [Ginger] Real-data-only mode: 52 rows
2026-10-06 11:56:18.113 | INFO     | __main__:train_commodity:263 - 
───────────────────────────────────────────────────────
2026-10-06 11:56:18.114 | INFO     | __main__:train_commodity:264 -   Ginger  (52 rows | last: 2026-10-05)
2026-10-06 11:56:18.114 | INFO     | __main__:train_commodity:265 - ───────────────────────────────────────────────────────
2026-10-06 11:56:18.114 | INFO     | __main__:train_commodity:269 -   [1/3] ARIMA...
2026-10-06 11:56:18.313 | DEBUG    | __main__:train_arima:109 -   [Ginger] ARIMA order=(0, 1, 0) MAPE=14.8%
2026-10-06 11:56:18.314 | INFO     | __main__:train_commodity:272 -   [2/3] Prophet...
2026-10-06 11:56:18.473 | DEBUG    | __main__:train_prophet:159 -   [Ginger] Prophet MAPE=33.0%
2026-10-06 11:56:18.473 | INFO     | __main__:train_commodity:275 -   [3/3] XGBoost...
2026-10-06 11:56:18.594 | DEBUG    | __main__:train_xgboost:215 -   [Ginger] XGBoost MAPE=6.6% | top: rolling_max_12w
2026-10-06 11:56:18.594 | INFO     | __main__:train_commodity:281 -   Ensemble weights: arima: 0.271 | prophet: 0.122 | xgboost: 0.607
2026-10-06 11:56:18.595 | INFO     | __main__:train_commodity:283 -   Model          MAPE               MAE    Weight
2026-10-06 11:56:18.595 | INFO     | __main__:train_commodity:284 -   --------------------------------------------------
2026-10-06 11:56:18.595 | INFO     | __main__:train_commodity:291 -   arima         14.8%  ₦   1,263,636     0.271
2026-10-06 11:56:18.595 | INFO     | __main__:train_commodity:291 -   prophet       33.0%  ₦   2,983,856     0.122
2026-10-06 11:56:18.595 | INFO     | __main__:train_commodity:291 -   xgboost        6.6%  ₦     580,050     0.607
2026-10-06 11:56:18.596 | INFO     | __main__:run_training:313 - 
[4/17] Starting Cocoa...
2026-10-06 11:56:18.613 | DEBUG    | __main__:train_commodity:260 -   [Cocoa] Real-data-only mode: 56 rows
2026-10-06 11:56:18.613 | INFO     | __main__:train_commodity:263 - 
───────────────────────────────────────────────────────
2026-10-06 11:56:18.613 | INFO     | __main__:train_commodity:264 -   Cocoa  (56 rows | last: 2026-10-05)
2026-10-06 11:56:18.613 | INFO     | __main__:train_commodity:265 - ───────────────────────────────────────────────────────
2026-10-06 11:56:18.613 | INFO     | __main__:train_commodity:269 -   [1/3] ARIMA...
2026-10-06 11:56:18.862 | DEBUG    | __main__:train_arima:109 -   [Cocoa] ARIMA order=(0, 1, 0) MAPE=18.0%
2026-10-06 11:56:18.862 | INFO     | __main__:train_commodity:272 -   [2/3] Prophet...
2026-10-06 11:56:19.045 | DEBUG    | __main__:train_prophet:159 -   [Cocoa] Prophet MAPE=35.0%
2026-10-06 11:56:19.045 | INFO     | __main__:train_commodity:275 -   [3/3] XGBoost...
2026-10-06 11:56:19.209 | DEBUG    | __main__:train_xgboost:215 -   [Cocoa] XGBoost MAPE=42.7% | top: pct_change_52w
2026-10-06 11:56:19.210 | INFO     | __main__:train_commodity:281 -   Ensemble weights: arima: 0.517 | prophet: 0.266 | xgboost: 0.217
2026-10-06 11:56:19.210 | INFO     | __main__:train_commodity:283 -   Model          MAPE               MAE    Weight
2026-10-06 11:56:19.210 | INFO     | __main__:train_commodity:284 -   --------------------------------------------------
2026-10-06 11:56:19.210 | INFO     | __main__:train_commodity:291 -   arima         18.0%  ₦   1,054,554     0.517
2026-10-06 11:56:19.210 | INFO     | __main__:train_commodity:291 -   prophet       35.0%  ₦   1,990,494     0.266
2026-10-06 11:56:19.210 | INFO     | __main__:train_commodity:291 -   xgboost       42.7%  ₦   2,295,333     0.217
2026-10-06 11:56:19.211 | INFO     | __main__:run_training:313 - 
[5/17] Starting Soybeans...
2026-10-06 11:56:19.228 | INFO     | __main__:train_commodity:263 - 
───────────────────────────────────────────────────────
2026-10-06 11:56:19.228 | INFO     | __main__:train_commodity:264 -   Soybeans  (1399 rows | last: 2026-10-05)
2026-10-06 11:56:19.228 | INFO     | __main__:train_commodity:265 - ───────────────────────────────────────────────────────
2026-10-06 11:56:19.228 | INFO     | __main__:train_commodity:269 -   [1/3] ARIMA...
2026-10-06 11:56:35.401 | DEBUG    | __main__:train_arima:109 -   [Soybeans] ARIMA order=(1, 1, 2) MAPE=2.0%
2026-10-06 11:56:35.401 | INFO     | __main__:train_commodity:272 -   [2/3] Prophet...
2026-10-06 11:56:35.792 | DEBUG    | __main__:train_prophet:159 -   [Soybeans] Prophet MAPE=12.2%
2026-10-06 11:56:35.792 | INFO     | __main__:train_commodity:275 -   [3/3] XGBoost...
2026-10-06 11:56:36.237 | DEBUG    | __main__:train_xgboost:215 -   [Soybeans] XGBoost MAPE=46.5% | top: year
2026-10-06 11:56:36.237 | INFO     | __main__:train_commodity:281 -   Ensemble weights: arima: 0.831 | prophet: 0.134 | xgboost: 0.035
2026-10-06 11:56:36.237 | INFO     | __main__:train_commodity:283 -   Model          MAPE               MAE    Weight
2026-10-06 11:56:36.237 | INFO     | __main__:train_commodity:284 -   --------------------------------------------------
2026-10-06 11:56:36.237 | INFO     | __main__:train_commodity:291 -   arima          2.0%  ₦      15,568     0.831
2026-10-06 11:56:36.238 | INFO     | __main__:train_commodity:291 -   prophet       12.2%  ₦      96,180     0.134
2026-10-06 11:56:36.238 | INFO     | __main__:train_commodity:291 -   xgboost       46.5%  ₦     334,459     0.035
2026-10-06 11:56:36.238 | INFO     | __main__:run_training:313 - 
[6/17] Starting Cashew Nuts...
2026-10-06 11:56:36.251 | DEBUG    | __main__:train_commodity:260 -   [Cashew Nuts] Real-data-only mode: 56 rows
2026-10-06 11:56:36.251 | INFO     | __main__:train_commodity:263 - 
───────────────────────────────────────────────────────
2026-10-06 11:56:36.251 | INFO     | __main__:train_commodity:264 -   Cashew Nuts  (56 rows | last: 2026-10-05)
2026-10-06 11:56:36.251 | INFO     | __main__:train_commodity:265 - ───────────────────────────────────────────────────────
2026-10-06 11:56:36.251 | INFO     | __main__:train_commodity:269 -   [1/3] ARIMA...
2026-10-06 11:56:36.686 | DEBUG    | __main__:train_arima:109 -   [Cashew Nuts] ARIMA order=(2, 0, 0) MAPE=3.1%
2026-10-06 11:56:36.686 | INFO     | __main__:train_commodity:272 -   [2/3] Prophet...
2026-10-06 11:56:36.825 | DEBUG    | __main__:train_prophet:159 -   [Cashew Nuts] Prophet MAPE=33.7%
2026-10-06 11:56:36.825 | INFO     | __main__:train_commodity:275 -   [3/3] XGBoost...
2026-10-06 11:56:36.884 | DEBUG    | __main__:train_xgboost:215 -   [Cashew Nuts] XGBoost MAPE=2.7% | top: season_dry
2026-10-06 11:56:36.885 | INFO     | __main__:train_commodity:281 -   Ensemble weights: arima: 0.448 | prophet: 0.041 | xgboost: 0.511
2026-10-06 11:56:36.885 | INFO     | __main__:train_commodity:283 -   Model          MAPE               MAE    Weight
2026-10-06 11:56:36.885 | INFO     | __main__:train_commodity:284 -   --------------------------------------------------
2026-10-06 11:56:36.885 | INFO     | __main__:train_commodity:291 -   arima          3.1%  ₦      58,490     0.448
2026-10-06 11:56:36.885 | INFO     | __main__:train_commodity:291 -   prophet       33.7%  ₦     646,251     0.041
2026-10-06 11:56:36.885 | INFO     | __main__:train_commodity:291 -   xgboost        2.7%  ₦      51,143     0.511
2026-10-06 11:56:36.886 | INFO     | __main__:run_training:313 - 
[7/17] Starting Sorghum...
2026-10-06 11:56:36.902 | INFO     | __main__:train_commodity:263 - 
───────────────────────────────────────────────────────
2026-10-06 11:56:36.902 | INFO     | __main__:train_commodity:264 -   Sorghum  (1293 rows | last: 2026-10-05)
2026-10-06 11:56:36.902 | INFO     | __main__:train_commodity:265 - ───────────────────────────────────────────────────────
2026-10-06 11:56:36.902 | INFO     | __main__:train_commodity:269 -   [1/3] ARIMA...
2026-10-06 11:56:50.577 | DEBUG    | __main__:train_arima:109 -   [Sorghum] ARIMA order=(1, 1, 1) MAPE=7.3%
2026-10-06 11:56:50.577 | INFO     | __main__:train_commodity:272 -   [2/3] Prophet...
2026-10-06 11:56:50.937 | DEBUG    | __main__:train_prophet:159 -   [Sorghum] Prophet MAPE=19.3%
2026-10-06 11:56:50.937 | INFO     | __main__:train_commodity:275 -   [3/3] XGBoost...
2026-10-06 11:56:51.426 | DEBUG    | __main__:train_xgboost:215 -   [Sorghum] XGBoost MAPE=30.4% | top: price_lag_1w
2026-10-06 11:56:51.427 | INFO     | __main__:train_commodity:281 -   Ensemble weights: arima: 0.618 | prophet: 0.234 | xgboost: 0.148
2026-10-06 11:56:51.427 | INFO     | __main__:train_commodity:283 -   Model          MAPE               MAE    Weight
2026-10-06 11:56:51.427 | INFO     | __main__:train_commodity:284 -   --------------------------------------------------
2026-10-06 11:56:51.427 | INFO     | __main__:train_commodity:291 -   arima          7.3%  ₦      27,348     0.618
2026-10-06 11:56:51.427 | INFO     | __main__:train_commodity:291 -   prophet       19.3%  ₦      70,641     0.234
2026-10-06 11:56:51.427 | INFO     | __main__:train_commodity:291 -   xgboost       30.4%  ₦     165,055     0.148
2026-10-06 11:56:51.428 | INFO     | __main__:run_training:313 - 
[8/17] Starting Beans (white)...
2026-10-06 11:56:51.443 | INFO     | __main__:train_commodity:263 - 
───────────────────────────────────────────────────────
2026-10-06 11:56:51.444 | INFO     | __main__:train_commodity:264 -   Beans (white)  (1281 rows | last: 2026-07-13)
2026-10-06 11:56:51.444 | INFO     | __main__:train_commodity:265 - ───────────────────────────────────────────────────────
2026-10-06 11:56:51.444 | INFO     | __main__:train_commodity:269 -   [1/3] ARIMA...
2026-10-06 11:56:59.040 | DEBUG    | __main__:train_arima:109 -   [Beans (white)] ARIMA order=(0, 2, 1) MAPE=30.6%
2026-10-06 11:56:59.041 | INFO     | __main__:train_commodity:272 -   [2/3] Prophet...
2026-10-06 11:56:59.466 | DEBUG    | __main__:train_prophet:159 -   [Beans (white)] Prophet MAPE=84.8%
2026-10-06 11:56:59.466 | INFO     | __main__:train_commodity:275 -   [3/3] XGBoost...
2026-10-06 11:56:59.998 | DEBUG    | __main__:train_xgboost:215 -   [Beans (white)] XGBoost MAPE=6.4% | top: rolling_min_4w
2026-10-06 11:56:59.999 | INFO     | __main__:train_commodity:281 -   Ensemble weights: arima: 0.172 | xgboost: 0.828
2026-10-06 11:56:59.999 | INFO     | __main__:train_commodity:283 -   Model          MAPE               MAE    Weight
2026-10-06 11:56:59.999 | INFO     | __main__:train_commodity:284 -   --------------------------------------------------
2026-10-06 11:56:59.999 | INFO     | __main__:train_commodity:291 -   arima         30.6%  ₦     283,175     0.172
2026-10-06 11:56:59.999 | INFO     | __main__:train_commodity:291 -   prophet       84.8%  ₦     785,812     0.000
2026-10-06 11:56:59.999 | INFO     | __main__:train_commodity:291 -   xgboost        6.4%  ₦      70,600     0.828
2026-10-06 11:57:00.000 | INFO     | __main__:run_training:313 - 
[9/17] Starting Beans (red)...
2026-10-06 11:57:00.009 | INFO     | __main__:train_commodity:263 - 
───────────────────────────────────────────────────────
2026-10-06 11:57:00.009 | INFO     | __main__:train_commodity:264 -   Beans (red)  (551 rows | last: 2026-07-13)
2026-10-06 11:57:00.009 | INFO     | __main__:train_commodity:265 - ───────────────────────────────────────────────────────
2026-10-06 11:57:00.009 | INFO     | __main__:train_commodity:269 -   [1/3] ARIMA...
2026-10-06 11:57:07.050 | DEBUG    | __main__:train_arima:109 -   [Beans (red)] ARIMA order=(0, 2, 1) MAPE=37.1%
2026-10-06 11:57:07.050 | INFO     | __main__:train_commodity:272 -   [2/3] Prophet...
2026-10-06 11:57:07.220 | DEBUG    | __main__:train_prophet:159 -   [Beans (red)] Prophet MAPE=84.0%
2026-10-06 11:57:07.220 | INFO     | __main__:train_commodity:275 -   [3/3] XGBoost...
2026-10-06 11:57:07.382 | DEBUG    | __main__:train_xgboost:215 -   [Beans (red)] XGBoost MAPE=8.3% | top: rolling_min_4w
2026-10-06 11:57:07.382 | INFO     | __main__:train_commodity:281 -   Ensemble weights: arima: 0.183 | xgboost: 0.817
2026-10-06 11:57:07.382 | INFO     | __main__:train_commodity:283 -   Model          MAPE               MAE    Weight
2026-10-06 11:57:07.382 | INFO     | __main__:train_commodity:284 -   --------------------------------------------------
2026-10-06 11:57:07.382 | INFO     | __main__:train_commodity:291 -   arima         37.1%  ₦     365,168     0.183
2026-10-06 11:57:07.382 | INFO     | __main__:train_commodity:291 -   prophet       84.0%  ₦     829,584     0.000
2026-10-06 11:57:07.383 | INFO     | __main__:train_commodity:291 -   xgboost        8.3%  ₦     124,257     0.817
2026-10-06 11:57:07.383 | INFO     | __main__:run_training:313 - 
[10/17] Starting Maize (white)...
2026-10-06 11:57:07.398 | INFO     | __main__:train_commodity:263 - 
───────────────────────────────────────────────────────
2026-10-06 11:57:07.399 | INFO     | __main__:train_commodity:264 -   Maize (white)  (1283 rows | last: 2026-07-27)
2026-10-06 11:57:07.399 | INFO     | __main__:train_commodity:265 - ───────────────────────────────────────────────────────
2026-10-06 11:57:07.399 | INFO     | __main__:train_commodity:269 -   [1/3] ARIMA...
2026-10-06 11:57:24.126 | DEBUG    | __main__:train_arima:109 -   [Maize (white)] ARIMA order=(1, 2, 2) MAPE=1.9%
2026-10-06 11:57:24.126 | INFO     | __main__:train_commodity:272 -   [2/3] Prophet...
2026-10-06 11:57:24.537 | DEBUG    | __main__:train_prophet:159 -   [Maize (white)] Prophet MAPE=20.8%
2026-10-06 11:57:24.537 | INFO     | __main__:train_commodity:275 -   [3/3] XGBoost...
2026-10-06 11:57:25.050 | DEBUG    | __main__:train_xgboost:215 -   [Maize (white)] XGBoost MAPE=44.5% | top: rolling_mean_4w
2026-10-06 11:57:25.051 | INFO     | __main__:train_commodity:281 -   Ensemble weights: arima: 0.884 | prophet: 0.079 | xgboost: 0.037
2026-10-06 11:57:25.051 | INFO     | __main__:train_commodity:283 -   Model          MAPE               MAE    Weight
2026-10-06 11:57:25.051 | INFO     | __main__:train_commodity:284 -   --------------------------------------------------
2026-10-06 11:57:25.051 | INFO     | __main__:train_commodity:291 -   arima          1.9%  ₦      11,359     0.884
2026-10-06 11:57:25.051 | INFO     | __main__:train_commodity:291 -   prophet       20.8%  ₦     124,349     0.079
2026-10-06 11:57:25.052 | INFO     | __main__:train_commodity:291 -   xgboost       44.5%  ₦     308,165     0.037
2026-10-06 11:57:25.052 | INFO     | __main__:run_training:313 - 
[11/17] Starting Maize (yellow)...
2026-10-06 11:57:25.063 | INFO     | __main__:train_commodity:263 - 
───────────────────────────────────────────────────────
2026-10-06 11:57:25.063 | INFO     | __main__:train_commodity:264 -   Maize (yellow)  (640 rows | last: 2026-07-27)
2026-10-06 11:57:25.063 | INFO     | __main__:train_commodity:265 - ───────────────────────────────────────────────────────
2026-10-06 11:57:25.063 | INFO     | __main__:train_commodity:269 -   [1/3] ARIMA...
2026-10-06 11:57:36.643 | DEBUG    | __main__:train_arima:109 -   [Maize (yellow)] ARIMA order=(1, 2, 2) MAPE=1.9%
2026-10-06 11:57:36.644 | INFO     | __main__:train_commodity:272 -   [2/3] Prophet...
2026-10-06 11:57:36.889 | DEBUG    | __main__:train_prophet:159 -   [Maize (yellow)] Prophet MAPE=30.7%
2026-10-06 11:57:36.889 | INFO     | __main__:train_commodity:275 -   [3/3] XGBoost...
2026-10-06 11:57:37.536 | DEBUG    | __main__:train_xgboost:215 -   [Maize (yellow)] XGBoost MAPE=19.3% | top: rolling_max_12w
2026-10-06 11:57:37.536 | INFO     | __main__:train_commodity:281 -   Ensemble weights: arima: 0.864 | prophet: 0.053 | xgboost: 0.084
2026-10-06 11:57:37.537 | INFO     | __main__:train_commodity:283 -   Model          MAPE               MAE    Weight
2026-10-06 11:57:37.537 | INFO     | __main__:train_commodity:284 -   --------------------------------------------------
2026-10-06 11:57:37.537 | INFO     | __main__:train_commodity:291 -   arima          1.9%  ₦      12,377     0.864
2026-10-06 11:57:37.537 | INFO     | __main__:train_commodity:291 -   prophet       30.7%  ₦     198,335     0.053
2026-10-06 11:57:37.537 | INFO     | __main__:train_commodity:291 -   xgboost       19.3%  ₦     176,423     0.084
2026-10-06 11:57:37.538 | INFO     | __main__:run_training:313 - 
[12/17] Starting Wheat...
2026-10-06 11:57:37.548 | INFO     | __main__:train_commodity:263 - 
───────────────────────────────────────────────────────
2026-10-06 11:57:37.549 | INFO     | __main__:train_commodity:264 -   Wheat  (850 rows | last: 2026-04-13)
2026-10-06 11:57:37.549 | INFO     | __main__:train_commodity:265 - ───────────────────────────────────────────────────────
2026-10-06 11:57:37.549 | INFO     | __main__:train_commodity:269 -   [1/3] ARIMA...
2026-10-06 11:57:41.966 | DEBUG    | __main__:train_arima:109 -   [Wheat] ARIMA order=(0, 1, 0) MAPE=2.6%
2026-10-06 11:57:41.967 | INFO     | __main__:train_commodity:272 -   [2/3] Prophet...
2026-10-06 11:57:42.181 | DEBUG    | __main__:train_prophet:159 -   [Wheat] Prophet MAPE=8.2%
2026-10-06 11:57:42.181 | INFO     | __main__:train_commodity:275 -   [3/3] XGBoost...
2026-10-06 11:57:42.409 | DEBUG    | __main__:train_xgboost:215 -   [Wheat] XGBoost MAPE=29.0% | top: weeks_since_start
2026-10-06 11:57:42.410 | INFO     | __main__:train_commodity:281 -   Ensemble weights: arima: 0.712 | prophet: 0.224 | xgboost: 0.063
2026-10-06 11:57:42.410 | INFO     | __main__:train_commodity:283 -   Model          MAPE               MAE    Weight
2026-10-06 11:57:42.410 | INFO     | __main__:train_commodity:284 -   --------------------------------------------------
2026-10-06 11:57:42.410 | INFO     | __main__:train_commodity:291 -   arima          2.6%  ₦      17,439     0.712
2026-10-06 11:57:42.410 | INFO     | __main__:train_commodity:291 -   prophet        8.2%  ₦      55,513     0.224
2026-10-06 11:57:42.410 | INFO     | __main__:train_commodity:291 -   xgboost       29.0%  ₦     187,024     0.063
2026-10-06 11:57:42.411 | INFO     | __main__:run_training:313 - 
[13/17] Starting Rice...
2026-10-06 11:57:42.424 | INFO     | __main__:train_commodity:263 - 
───────────────────────────────────────────────────────
2026-10-06 11:57:42.425 | INFO     | __main__:train_commodity:264 -   Rice  (1283 rows | last: 2026-07-27)
2026-10-06 11:57:42.425 | INFO     | __main__:train_commodity:265 - ───────────────────────────────────────────────────────
2026-10-06 11:57:42.425 | INFO     | __main__:train_commodity:269 -   [1/3] ARIMA...
2026-10-06 11:57:46.372 | DEBUG    | __main__:train_arima:109 -   [Rice] ARIMA order=(0, 2, 0) MAPE=6.9%
2026-10-06 11:57:46.372 | INFO     | __main__:train_commodity:272 -   [2/3] Prophet...
2026-10-06 11:57:46.805 | DEBUG    | __main__:train_prophet:159 -   [Rice] Prophet MAPE=15.6%
2026-10-06 11:57:46.805 | INFO     | __main__:train_commodity:275 -   [3/3] XGBoost...
2026-10-06 11:57:47.310 | DEBUG    | __main__:train_xgboost:215 -   [Rice] XGBoost MAPE=47.5% | top: price_lag_1w
2026-10-06 11:57:47.311 | INFO     | __main__:train_commodity:281 -   Ensemble weights: arima: 0.631 | prophet: 0.278 | xgboost: 0.091
2026-10-06 11:57:47.311 | INFO     | __main__:train_commodity:283 -   Model          MAPE               MAE    Weight
2026-10-06 11:57:47.311 | INFO     | __main__:train_commodity:284 -   --------------------------------------------------
2026-10-06 11:57:47.311 | INFO     | __main__:train_commodity:291 -   arima          6.9%  ₦     125,992     0.631
2026-10-06 11:57:47.311 | INFO     | __main__:train_commodity:291 -   prophet       15.6%  ₦     281,922     0.278
2026-10-06 11:57:47.311 | INFO     | __main__:train_commodity:291 -   xgboost       47.5%  ₦     844,283     0.091
2026-10-06 11:57:47.312 | INFO     | __main__:run_training:313 - 
[14/17] Starting Meat (beef)...
2026-10-06 11:57:47.321 | INFO     | __main__:train_commodity:263 - 
───────────────────────────────────────────────────────
2026-10-06 11:57:47.321 | INFO     | __main__:train_commodity:264 -   Meat (beef)  (531 rows | last: 2026-07-27)
2026-10-06 11:57:47.321 | INFO     | __main__:train_commodity:265 - ───────────────────────────────────────────────────────
2026-10-06 11:57:47.321 | INFO     | __main__:train_commodity:269 -   [1/3] ARIMA...
2026-10-06 11:57:54.026 | DEBUG    | __main__:train_arima:109 -   [Meat (beef)] ARIMA order=(0, 1, 0) MAPE=7.9%
2026-10-06 11:57:54.026 | INFO     | __main__:train_commodity:272 -   [2/3] Prophet...
2026-10-06 11:57:54.257 | DEBUG    | __main__:train_prophet:159 -   [Meat (beef)] Prophet MAPE=25.9%
2026-10-06 11:57:54.258 | INFO     | __main__:train_commodity:275 -   [3/3] XGBoost...
2026-10-06 11:57:54.680 | DEBUG    | __main__:train_xgboost:215 -   [Meat (beef)] XGBoost MAPE=34.2% | top: rolling_min_12w
2026-10-06 11:57:54.681 | INFO     | __main__:train_commodity:281 -   Ensemble weights: arima: 0.652 | prophet: 0.198 | xgboost: 0.150
2026-10-06 11:57:54.681 | INFO     | __main__:train_commodity:283 -   Model          MAPE               MAE    Weight
2026-10-06 11:57:54.681 | INFO     | __main__:train_commodity:284 -   --------------------------------------------------
2026-10-06 11:57:54.681 | INFO     | __main__:train_commodity:291 -   arima          7.9%  ₦     448,331     0.652
2026-10-06 11:57:54.681 | INFO     | __main__:train_commodity:291 -   prophet       25.9%  ₦   1,476,355     0.198
2026-10-06 11:57:54.682 | INFO     | __main__:train_commodity:291 -   xgboost       34.2%  ₦   1,954,812     0.150
2026-10-06 11:57:54.682 | INFO     | __main__:run_training:313 - 
[15/17] Starting Meat (goat)...
2026-10-06 11:57:54.691 | INFO     | __main__:train_commodity:263 - 
───────────────────────────────────────────────────────
2026-10-06 11:57:54.691 | INFO     | __main__:train_commodity:264 -   Meat (goat)  (553 rows | last: 2026-07-27)
2026-10-06 11:57:54.692 | INFO     | __main__:train_commodity:265 - ───────────────────────────────────────────────────────
2026-10-06 11:57:54.692 | INFO     | __main__:train_commodity:269 -   [1/3] ARIMA...
2026-10-06 11:58:06.319 | DEBUG    | __main__:train_arima:109 -   [Meat (goat)] ARIMA order=(0, 1, 2) MAPE=1.7%
2026-10-06 11:58:06.319 | INFO     | __main__:train_commodity:272 -   [2/3] Prophet...
2026-10-06 11:58:06.732 | DEBUG    | __main__:train_prophet:159 -   [Meat (goat)] Prophet MAPE=4.7%
2026-10-06 11:58:06.732 | INFO     | __main__:train_commodity:275 -   [3/3] XGBoost...
2026-10-06 11:58:06.926 | DEBUG    | __main__:train_xgboost:215 -   [Meat (goat)] XGBoost MAPE=17.0% | top: rolling_min_4w
2026-10-06 11:58:06.927 | INFO     | __main__:train_commodity:281 -   Ensemble weights: arima: 0.682 | prophet: 0.249 | xgboost: 0.069
2026-10-06 11:58:06.927 | INFO     | __main__:train_commodity:283 -   Model          MAPE               MAE    Weight
2026-10-06 11:58:06.927 | INFO     | __main__:train_commodity:284 -   --------------------------------------------------
2026-10-06 11:58:06.927 | INFO     | __main__:train_commodity:291 -   arima          1.7%  ₦      98,040     0.682
2026-10-06 11:58:06.927 | INFO     | __main__:train_commodity:291 -   prophet        4.7%  ₦     270,147     0.249
2026-10-06 11:58:06.927 | INFO     | __main__:train_commodity:291 -   xgboost       17.0%  ₦     972,879     0.069
2026-10-06 11:58:06.928 | INFO     | __main__:run_training:313 - 
[16/17] Starting Fish (dried)...
2026-10-06 11:58:06.938 | INFO     | __main__:train_commodity:263 - 
───────────────────────────────────────────────────────
2026-10-06 11:58:06.938 | INFO     | __main__:train_commodity:264 -   Fish (dried)  (553 rows | last: 2026-07-27)
2026-10-06 11:58:06.938 | INFO     | __main__:train_commodity:265 - ───────────────────────────────────────────────────────
2026-10-06 11:58:06.939 | INFO     | __main__:train_commodity:269 -   [1/3] ARIMA...
2026-10-06 11:58:22.020 | DEBUG    | __main__:train_arima:109 -   [Fish (dried)] ARIMA order=(1, 1, 0) MAPE=15.2%
2026-10-06 11:58:22.020 | INFO     | __main__:train_commodity:272 -   [2/3] Prophet...
2026-10-06 11:58:22.198 | DEBUG    | __main__:train_prophet:159 -   [Fish (dried)] Prophet MAPE=66.6%
2026-10-06 11:58:22.198 | INFO     | __main__:train_commodity:275 -   [3/3] XGBoost...
2026-10-06 11:58:22.834 | DEBUG    | __main__:train_xgboost:215 -   [Fish (dried)] XGBoost MAPE=13.3% | top: rolling_min_4w
2026-10-06 11:58:22.835 | INFO     | __main__:train_commodity:281 -   Ensemble weights: arima: 0.467 | xgboost: 0.533
2026-10-06 11:58:22.835 | INFO     | __main__:train_commodity:283 -   Model          MAPE               MAE    Weight
2026-10-06 11:58:22.835 | INFO     | __main__:train_commodity:284 -   --------------------------------------------------
2026-10-06 11:58:22.835 | INFO     | __main__:train_commodity:291 -   arima         15.2%  ₦     232,947     0.467
2026-10-06 11:58:22.836 | INFO     | __main__:train_commodity:291 -   prophet       66.6%  ₦   1,022,638     0.000
2026-10-06 11:58:22.836 | INFO     | __main__:train_commodity:291 -   xgboost       13.3%  ₦     200,185     0.533
2026-10-06 11:58:22.837 | INFO     | __main__:run_training:313 - 
[17/17] Starting Eggs...
2026-10-06 11:58:22.845 | INFO     | __main__:train_commodity:263 - 
───────────────────────────────────────────────────────
2026-10-06 11:58:22.845 | INFO     | __main__:train_commodity:264 -   Eggs  (527 rows | last: 2026-07-27)
2026-10-06 11:58:22.845 | INFO     | __main__:train_commodity:265 - ───────────────────────────────────────────────────────
2026-10-06 11:58:22.845 | INFO     | __main__:train_commodity:269 -   [1/3] ARIMA...
2026-10-06 11:58:32.364 | DEBUG    | __main__:train_arima:109 -   [Eggs] ARIMA order=(0, 2, 0) MAPE=6.4%
2026-10-06 11:58:32.364 | INFO     | __main__:train_commodity:272 -   [2/3] Prophet...
2026-10-06 11:58:32.610 | DEBUG    | __main__:train_prophet:159 -   [Eggs] Prophet MAPE=17.1%
2026-10-06 11:58:32.611 | INFO     | __main__:train_commodity:275 -   [3/3] XGBoost...
2026-10-06 11:58:33.208 | DEBUG    | __main__:train_xgboost:215 -   [Eggs] XGBoost MAPE=30.9% | top: headline_inflation_yoy
2026-10-06 11:58:33.208 | INFO     | __main__:train_commodity:281 -   Ensemble weights: arima: 0.633 | prophet: 0.236 | xgboost: 0.131
2026-10-06 11:58:33.208 | INFO     | __main__:train_commodity:283 -   Model          MAPE               MAE    Weight
2026-10-06 11:58:33.209 | INFO     | __main__:train_commodity:284 -   --------------------------------------------------
2026-10-06 11:58:33.209 | INFO     | __main__:train_commodity:291 -   arima          6.4%  ₦         417     0.633
2026-10-06 11:58:33.209 | INFO     | __main__:train_commodity:291 -   prophet       17.1%  ₦       1,120     0.236
2026-10-06 11:58:33.209 | INFO     | __main__:train_commodity:291 -   xgboost       30.9%  ₦       1,964     0.131
2026-10-06 11:58:33.211 | INFO     | __main__:run_training:324 - 
======================================================================
2026-10-06 11:58:33.211 | INFO     | __main__:run_training:325 -   FINAL TRAINING SUMMARY
2026-10-06 11:58:33.211 | INFO     | __main__:run_training:326 - ======================================================================
2026-10-06 11:58:33.211 | INFO     | __main__:run_training:327 -   Commodity                 ARIMA   Prophet   XGBoost       Best
2026-10-06 11:58:33.212 | INFO     | __main__:run_training:328 -   --------------------------------------------------------------
2026-10-06 11:58:33.212 | INFO     | __main__:run_training:341 -   Hibiscus                  39.8%      8.2%     17.5%    prophet
2026-10-06 11:58:33.212 | INFO     | __main__:run_training:341 -   Sesame                    28.7%      7.0%     12.8%    prophet
2026-10-06 11:58:33.212 | INFO     | __main__:run_training:341 -   Ginger                    14.8%     33.0%      6.6%    xgboost
2026-10-06 11:58:33.212 | INFO     | __main__:run_training:341 -   Cocoa                     18.0%     35.0%     42.7%      arima
2026-10-06 11:58:33.212 | INFO     | __main__:run_training:341 -   Soybeans                   2.0%     12.2%     46.5%      arima
2026-10-06 11:58:33.212 | INFO     | __main__:run_training:341 -   Cashew Nuts                3.1%     33.7%      2.7%    xgboost
2026-10-06 11:58:33.212 | INFO     | __main__:run_training:341 -   Sorghum                    7.3%     19.3%     30.4%      arima
2026-10-06 11:58:33.212 | INFO     | __main__:run_training:341 -   Beans (white)             30.6%     84.8%      6.4%    xgboost
2026-10-06 11:58:33.212 | INFO     | __main__:run_training:341 -   Beans (red)               37.1%     84.0%      8.3%    xgboost
2026-10-06 11:58:33.213 | INFO     | __main__:run_training:341 -   Maize (white)              1.9%     20.8%     44.5%      arima
2026-10-06 11:58:33.213 | INFO     | __main__:run_training:341 -   Maize (yellow)             1.9%     30.7%     19.3%      arima
2026-10-06 11:58:33.213 | INFO     | __main__:run_training:341 -   Wheat                      2.6%      8.2%     29.0%      arima
2026-10-06 11:58:33.213 | INFO     | __main__:run_training:341 -   Rice                       6.9%     15.6%     47.5%      arima
2026-10-06 11:58:33.213 | INFO     | __main__:run_training:341 -   Meat (beef)                7.9%     25.9%     34.2%      arima
2026-10-06 11:58:33.213 | INFO     | __main__:run_training:341 -   Meat (goat)                1.7%      4.7%     17.0%      arima
2026-10-06 11:58:33.213 | INFO     | __main__:run_training:341 -   Fish (dried)              15.2%     66.6%     13.3%    xgboost
2026-10-06 11:58:33.213 | INFO     | __main__:run_training:341 -   Eggs                       6.4%     17.1%     30.9%      arima
2026-10-06 11:58:33.213 | INFO     | __main__:run_training:343 - ======================================================================
2026-10-06 11:58:33.213 | SUCCESS  | __main__:run_training:345 - TRAINING COMPLETE — 17/17 commodities
2026-10-06 11:58:33.213 | INFO     | __main__:run_training:346 - ======================================================================
