2026-10-05 12:11:48.136 | INFO     | __main__:run_training:305 - ============================================================
2026-10-05 12:11:48.136 | INFO     | __main__:run_training:306 - STEP 4 — MODEL TRAINING
2026-10-05 12:11:48.136 | INFO     | __main__:run_training:307 -   Commodities : 17
2026-10-05 12:11:48.137 | INFO     | __main__:run_training:308 -   Models      : ARIMA + Prophet + XGBoost
2026-10-05 12:11:48.137 | INFO     | __main__:run_training:309 - ============================================================
2026-10-05 12:11:48.137 | INFO     | __main__:run_training:313 - 
[1/17] Starting Hibiscus...
2026-10-05 12:11:48.152 | DEBUG    | __main__:train_commodity:260 -   [Hibiscus] Real-data-only mode: 49 rows
2026-10-05 12:11:48.153 | INFO     | __main__:train_commodity:263 - 
───────────────────────────────────────────────────────
2026-10-05 12:11:48.153 | INFO     | __main__:train_commodity:264 -   Hibiscus  (49 rows | last: 2026-08-24)
2026-10-05 12:11:48.153 | INFO     | __main__:train_commodity:265 - ───────────────────────────────────────────────────────
2026-10-05 12:11:48.153 | INFO     | __main__:train_commodity:269 -   [1/3] ARIMA...
2026-10-05 12:11:50.914 | DEBUG    | __main__:train_arima:109 -   [Hibiscus] ARIMA order=(2, 0, 2) MAPE=36.7%
2026-10-05 12:11:50.914 | INFO     | __main__:train_commodity:272 -   [2/3] Prophet...
2026-10-05 12:11:51.151 | DEBUG    | __main__:train_prophet:159 -   [Hibiscus] Prophet MAPE=58.2%
2026-10-05 12:11:51.151 | INFO     | __main__:train_commodity:275 -   [3/3] XGBoost...
2026-10-05 12:11:51.294 | DEBUG    | __main__:train_xgboost:215 -   [Hibiscus] XGBoost MAPE=5.6% | top: price_lag_8w
2026-10-05 12:11:51.294 | INFO     | __main__:train_commodity:281 -   Ensemble weights: arima: 0.122 | prophet: 0.077 | xgboost: 0.801
2026-10-05 12:11:51.294 | INFO     | __main__:train_commodity:283 -   Model          MAPE               MAE    Weight
2026-10-05 12:11:51.295 | INFO     | __main__:train_commodity:284 -   --------------------------------------------------
2026-10-05 12:11:51.295 | INFO     | __main__:train_commodity:291 -   arima         36.7%  ₦     892,959     0.122
2026-10-05 12:11:51.295 | INFO     | __main__:train_commodity:291 -   prophet       58.2%  ₦   1,405,021     0.077
2026-10-05 12:11:51.295 | INFO     | __main__:train_commodity:291 -   xgboost        5.6%  ₦     137,834     0.801
2026-10-05 12:11:51.296 | INFO     | __main__:run_training:313 - 
[2/17] Starting Sesame...
2026-10-05 12:11:51.309 | INFO     | __main__:train_commodity:263 - 
───────────────────────────────────────────────────────
2026-10-05 12:11:51.310 | INFO     | __main__:train_commodity:264 -   Sesame  (849 rows | last: 2026-08-24)
2026-10-05 12:11:51.310 | INFO     | __main__:train_commodity:265 - ───────────────────────────────────────────────────────
2026-10-05 12:11:51.310 | INFO     | __main__:train_commodity:269 -   [1/3] ARIMA...
2026-10-05 12:12:47.222 | DEBUG    | __main__:train_arima:109 -   [Sesame] ARIMA order=(2, 0, 1) MAPE=26.5%
2026-10-05 12:12:47.222 | INFO     | __main__:train_commodity:272 -   [2/3] Prophet...
2026-10-05 12:12:47.419 | DEBUG    | __main__:train_prophet:159 -   [Sesame] Prophet MAPE=13.9%
2026-10-05 12:12:47.419 | INFO     | __main__:train_commodity:275 -   [3/3] XGBoost...
2026-10-05 12:12:47.928 | DEBUG    | __main__:train_xgboost:215 -   [Sesame] XGBoost MAPE=12.6% | top: fuel_diesel_ngn_litre
2026-10-05 12:12:47.928 | INFO     | __main__:train_commodity:281 -   Ensemble weights: arima: 0.200 | prophet: 0.381 | xgboost: 0.419
2026-10-05 12:12:47.928 | INFO     | __main__:train_commodity:283 -   Model          MAPE               MAE    Weight
2026-10-05 12:12:47.928 | INFO     | __main__:train_commodity:284 -   --------------------------------------------------
2026-10-05 12:12:47.929 | INFO     | __main__:train_commodity:291 -   arima         26.5%  ₦     347,507     0.200
2026-10-05 12:12:47.929 | INFO     | __main__:train_commodity:291 -   prophet       13.9%  ₦     176,901     0.381
2026-10-05 12:12:47.929 | INFO     | __main__:train_commodity:291 -   xgboost       12.6%  ₦     173,113     0.419
2026-10-05 12:12:47.931 | INFO     | __main__:run_training:313 - 
[3/17] Starting Ginger...
2026-10-05 12:12:47.946 | DEBUG    | __main__:train_commodity:260 -   [Ginger] Real-data-only mode: 48 rows
2026-10-05 12:12:47.946 | INFO     | __main__:train_commodity:263 - 
───────────────────────────────────────────────────────
2026-10-05 12:12:47.946 | INFO     | __main__:train_commodity:264 -   Ginger  (48 rows | last: 2026-08-24)
2026-10-05 12:12:47.946 | INFO     | __main__:train_commodity:265 - ───────────────────────────────────────────────────────
2026-10-05 12:12:47.946 | INFO     | __main__:train_commodity:269 -   [1/3] ARIMA...
2026-10-05 12:12:48.164 | DEBUG    | __main__:train_arima:109 -   [Ginger] ARIMA order=(0, 1, 0) MAPE=5.0%
2026-10-05 12:12:48.164 | INFO     | __main__:train_commodity:272 -   [2/3] Prophet...
2026-10-05 12:12:48.321 | DEBUG    | __main__:train_prophet:159 -   [Ginger] Prophet MAPE=19.7%
2026-10-05 12:12:48.321 | INFO     | __main__:train_commodity:275 -   [3/3] XGBoost...
2026-10-05 12:12:48.402 | DEBUG    | __main__:train_xgboost:215 -   [Ginger] XGBoost MAPE=4.4% | top: season_harvesting
2026-10-05 12:12:48.403 | INFO     | __main__:train_commodity:281 -   Ensemble weights: arima: 0.415 | prophet: 0.106 | xgboost: 0.479
2026-10-05 12:12:48.403 | INFO     | __main__:train_commodity:283 -   Model          MAPE               MAE    Weight
2026-10-05 12:12:48.403 | INFO     | __main__:train_commodity:284 -   --------------------------------------------------
2026-10-05 12:12:48.403 | INFO     | __main__:train_commodity:291 -   arima          5.0%  ₦     530,000     0.415
2026-10-05 12:12:48.403 | INFO     | __main__:train_commodity:291 -   prophet       19.7%  ₦   1,997,536     0.106
2026-10-05 12:12:48.403 | INFO     | __main__:train_commodity:291 -   xgboost        4.4%  ₦     459,698     0.479
2026-10-05 12:12:48.404 | INFO     | __main__:run_training:313 - 
[4/17] Starting Cocoa...
2026-10-05 12:12:48.419 | DEBUG    | __main__:train_commodity:260 -   [Cocoa] Real-data-only mode: 52 rows
2026-10-05 12:12:48.419 | INFO     | __main__:train_commodity:263 - 
───────────────────────────────────────────────────────
2026-10-05 12:12:48.419 | INFO     | __main__:train_commodity:264 -   Cocoa  (52 rows | last: 2026-08-24)
2026-10-05 12:12:48.419 | INFO     | __main__:train_commodity:265 - ───────────────────────────────────────────────────────
2026-10-05 12:12:48.419 | INFO     | __main__:train_commodity:269 -   [1/3] ARIMA...
2026-10-05 12:12:48.611 | DEBUG    | __main__:train_arima:109 -   [Cocoa] ARIMA order=(0, 1, 0) MAPE=12.1%
2026-10-05 12:12:48.612 | INFO     | __main__:train_commodity:272 -   [2/3] Prophet...
2026-10-05 12:12:48.760 | DEBUG    | __main__:train_prophet:159 -   [Cocoa] Prophet MAPE=20.1%
2026-10-05 12:12:48.760 | INFO     | __main__:train_commodity:275 -   [3/3] XGBoost...
2026-10-05 12:12:48.936 | DEBUG    | __main__:train_xgboost:215 -   [Cocoa] XGBoost MAPE=29.8% | top: season_harvesting
2026-10-05 12:12:48.937 | INFO     | __main__:train_commodity:281 -   Ensemble weights: arima: 0.499 | prophet: 0.299 | xgboost: 0.202
2026-10-05 12:12:48.937 | INFO     | __main__:train_commodity:283 -   Model          MAPE               MAE    Weight
2026-10-05 12:12:48.937 | INFO     | __main__:train_commodity:284 -   --------------------------------------------------
2026-10-05 12:12:48.937 | INFO     | __main__:train_commodity:291 -   arima         12.1%  ₦     622,727     0.499
2026-10-05 12:12:48.937 | INFO     | __main__:train_commodity:291 -   prophet       20.1%  ₦   1,161,096     0.299
2026-10-05 12:12:48.937 | INFO     | __main__:train_commodity:291 -   xgboost       29.8%  ₦   1,551,173     0.202
2026-10-05 12:12:48.938 | INFO     | __main__:run_training:313 - 
[5/17] Starting Soybeans...
2026-10-05 12:12:48.952 | INFO     | __main__:train_commodity:263 - 
───────────────────────────────────────────────────────
2026-10-05 12:12:48.953 | INFO     | __main__:train_commodity:264 -   Soybeans  (1393 rows | last: 2026-08-24)
2026-10-05 12:12:48.953 | INFO     | __main__:train_commodity:265 - ───────────────────────────────────────────────────────
2026-10-05 12:12:48.953 | INFO     | __main__:train_commodity:269 -   [1/3] ARIMA...
2026-10-05 12:12:56.850 | DEBUG    | __main__:train_arima:109 -   [Soybeans] ARIMA order=(1, 2, 1) MAPE=15.8%
2026-10-05 12:12:56.850 | INFO     | __main__:train_commodity:272 -   [2/3] Prophet...
2026-10-05 12:12:57.200 | DEBUG    | __main__:train_prophet:159 -   [Soybeans] Prophet MAPE=30.2%
2026-10-05 12:12:57.201 | INFO     | __main__:train_commodity:275 -   [3/3] XGBoost...
2026-10-05 12:12:57.483 | DEBUG    | __main__:train_xgboost:215 -   [Soybeans] XGBoost MAPE=45.1% | top: fx_rate_usd_ngn
2026-10-05 12:12:57.484 | INFO     | __main__:train_commodity:281 -   Ensemble weights: arima: 0.533 | prophet: 0.280 | xgboost: 0.187
2026-10-05 12:12:57.484 | INFO     | __main__:train_commodity:283 -   Model          MAPE               MAE    Weight
2026-10-05 12:12:57.484 | INFO     | __main__:train_commodity:284 -   --------------------------------------------------
2026-10-05 12:12:57.484 | INFO     | __main__:train_commodity:291 -   arima         15.8%  ₦     123,905     0.533
2026-10-05 12:12:57.484 | INFO     | __main__:train_commodity:291 -   prophet       30.2%  ₦     232,166     0.280
2026-10-05 12:12:57.484 | INFO     | __main__:train_commodity:291 -   xgboost       45.1%  ₦     323,513     0.187
2026-10-05 12:12:57.485 | INFO     | __main__:run_training:313 - 
[6/17] Starting Cashew Nuts...
2026-10-05 12:12:57.497 | DEBUG    | __main__:train_commodity:260 -   [Cashew Nuts] Real-data-only mode: 52 rows
2026-10-05 12:12:57.497 | INFO     | __main__:train_commodity:263 - 
───────────────────────────────────────────────────────
2026-10-05 12:12:57.497 | INFO     | __main__:train_commodity:264 -   Cashew Nuts  (52 rows | last: 2026-08-24)
2026-10-05 12:12:57.497 | INFO     | __main__:train_commodity:265 - ───────────────────────────────────────────────────────
2026-10-05 12:12:57.497 | INFO     | __main__:train_commodity:269 -   [1/3] ARIMA...
2026-10-05 12:12:57.809 | DEBUG    | __main__:train_arima:109 -   [Cashew Nuts] ARIMA order=(2, 0, 0) MAPE=3.7%
2026-10-05 12:12:57.809 | INFO     | __main__:train_commodity:272 -   [2/3] Prophet...
2026-10-05 12:12:57.961 | DEBUG    | __main__:train_prophet:159 -   [Cashew Nuts] Prophet MAPE=83.6%
2026-10-05 12:12:57.961 | INFO     | __main__:train_commodity:275 -   [3/3] XGBoost...
2026-10-05 12:12:58.010 | DEBUG    | __main__:train_xgboost:215 -   [Cashew Nuts] XGBoost MAPE=2.6% | top: rolling_min_4w
2026-10-05 12:12:58.010 | INFO     | __main__:train_commodity:281 -   Ensemble weights: arima: 0.417 | xgboost: 0.583
2026-10-05 12:12:58.011 | INFO     | __main__:train_commodity:283 -   Model          MAPE               MAE    Weight
2026-10-05 12:12:58.011 | INFO     | __main__:train_commodity:284 -   --------------------------------------------------
2026-10-05 12:12:58.011 | INFO     | __main__:train_commodity:291 -   arima          3.7%  ₦      68,924     0.417
2026-10-05 12:12:58.011 | INFO     | __main__:train_commodity:291 -   prophet       83.6%  ₦   1,588,009     0.000
2026-10-05 12:12:58.011 | INFO     | __main__:train_commodity:291 -   xgboost        2.6%  ₦      50,830     0.583
2026-10-05 12:12:58.012 | INFO     | __main__:run_training:313 - 
[7/17] Starting Sorghum...
2026-10-05 12:12:58.025 | INFO     | __main__:train_commodity:263 - 
───────────────────────────────────────────────────────
2026-10-05 12:12:58.026 | INFO     | __main__:train_commodity:264 -   Sorghum  (1287 rows | last: 2026-08-24)
2026-10-05 12:12:58.026 | INFO     | __main__:train_commodity:265 - ───────────────────────────────────────────────────────
2026-10-05 12:12:58.026 | INFO     | __main__:train_commodity:269 -   [1/3] ARIMA...
2026-10-05 12:13:04.729 | DEBUG    | __main__:train_arima:109 -   [Sorghum] ARIMA order=(1, 2, 1) MAPE=32.6%
2026-10-05 12:13:04.729 | INFO     | __main__:train_commodity:272 -   [2/3] Prophet...
2026-10-05 12:13:05.036 | DEBUG    | __main__:train_prophet:159 -   [Sorghum] Prophet MAPE=91.7%
2026-10-05 12:13:05.037 | INFO     | __main__:train_commodity:275 -   [3/3] XGBoost...
2026-10-05 12:13:05.426 | DEBUG    | __main__:train_xgboost:215 -   [Sorghum] XGBoost MAPE=30.3% | top: price_lag_1w
2026-10-05 12:13:05.427 | INFO     | __main__:train_commodity:281 -   Ensemble weights: arima: 0.482 | xgboost: 0.518
2026-10-05 12:13:05.427 | INFO     | __main__:train_commodity:283 -   Model          MAPE               MAE    Weight
2026-10-05 12:13:05.427 | INFO     | __main__:train_commodity:284 -   --------------------------------------------------
2026-10-05 12:13:05.427 | INFO     | __main__:train_commodity:291 -   arima         32.6%  ₦     118,189     0.482
2026-10-05 12:13:05.427 | INFO     | __main__:train_commodity:291 -   prophet       91.7%  ₦     323,423     0.000
2026-10-05 12:13:05.427 | INFO     | __main__:train_commodity:291 -   xgboost       30.3%  ₦     164,117     0.518
2026-10-05 12:13:05.428 | INFO     | __main__:run_training:313 - 
[8/17] Starting Beans (white)...
2026-10-05 12:13:05.442 | INFO     | __main__:train_commodity:263 - 
───────────────────────────────────────────────────────
2026-10-05 12:13:05.442 | INFO     | __main__:train_commodity:264 -   Beans (white)  (1281 rows | last: 2026-07-13)
2026-10-05 12:13:05.442 | INFO     | __main__:train_commodity:265 - ───────────────────────────────────────────────────────
2026-10-05 12:13:05.443 | INFO     | __main__:train_commodity:269 -   [1/3] ARIMA...
2026-10-05 12:13:10.577 | DEBUG    | __main__:train_arima:109 -   [Beans (white)] ARIMA order=(0, 2, 1) MAPE=30.6%
2026-10-05 12:13:10.577 | INFO     | __main__:train_commodity:272 -   [2/3] Prophet...
2026-10-05 12:13:10.986 | DEBUG    | __main__:train_prophet:159 -   [Beans (white)] Prophet MAPE=84.8%
2026-10-05 12:13:10.987 | INFO     | __main__:train_commodity:275 -   [3/3] XGBoost...
2026-10-05 12:13:11.445 | DEBUG    | __main__:train_xgboost:215 -   [Beans (white)] XGBoost MAPE=6.4% | top: rolling_min_4w
2026-10-05 12:13:11.445 | INFO     | __main__:train_commodity:281 -   Ensemble weights: arima: 0.172 | xgboost: 0.828
2026-10-05 12:13:11.445 | INFO     | __main__:train_commodity:283 -   Model          MAPE               MAE    Weight
2026-10-05 12:13:11.445 | INFO     | __main__:train_commodity:284 -   --------------------------------------------------
2026-10-05 12:13:11.445 | INFO     | __main__:train_commodity:291 -   arima         30.6%  ₦     283,175     0.172
2026-10-05 12:13:11.445 | INFO     | __main__:train_commodity:291 -   prophet       84.8%  ₦     785,812     0.000
2026-10-05 12:13:11.446 | INFO     | __main__:train_commodity:291 -   xgboost        6.4%  ₦      70,600     0.828
2026-10-05 12:13:11.449 | INFO     | __main__:run_training:313 - 
[9/17] Starting Beans (red)...
2026-10-05 12:13:11.457 | INFO     | __main__:train_commodity:263 - 
───────────────────────────────────────────────────────
2026-10-05 12:13:11.457 | INFO     | __main__:train_commodity:264 -   Beans (red)  (551 rows | last: 2026-07-13)
2026-10-05 12:13:11.457 | INFO     | __main__:train_commodity:265 - ───────────────────────────────────────────────────────
2026-10-05 12:13:11.457 | INFO     | __main__:train_commodity:269 -   [1/3] ARIMA...
2026-10-05 12:13:16.298 | DEBUG    | __main__:train_arima:109 -   [Beans (red)] ARIMA order=(0, 2, 1) MAPE=37.1%
2026-10-05 12:13:16.298 | INFO     | __main__:train_commodity:272 -   [2/3] Prophet...
2026-10-05 12:13:16.446 | DEBUG    | __main__:train_prophet:159 -   [Beans (red)] Prophet MAPE=84.0%
2026-10-05 12:13:16.446 | INFO     | __main__:train_commodity:275 -   [3/3] XGBoost...
2026-10-05 12:13:16.581 | DEBUG    | __main__:train_xgboost:215 -   [Beans (red)] XGBoost MAPE=8.3% | top: rolling_min_4w
2026-10-05 12:13:16.581 | INFO     | __main__:train_commodity:281 -   Ensemble weights: arima: 0.183 | xgboost: 0.817
2026-10-05 12:13:16.581 | INFO     | __main__:train_commodity:283 -   Model          MAPE               MAE    Weight
2026-10-05 12:13:16.581 | INFO     | __main__:train_commodity:284 -   --------------------------------------------------
2026-10-05 12:13:16.581 | INFO     | __main__:train_commodity:291 -   arima         37.1%  ₦     365,168     0.183
2026-10-05 12:13:16.581 | INFO     | __main__:train_commodity:291 -   prophet       84.0%  ₦     829,584     0.000
2026-10-05 12:13:16.581 | INFO     | __main__:train_commodity:291 -   xgboost        8.3%  ₦     124,257     0.817
2026-10-05 12:13:16.585 | INFO     | __main__:run_training:313 - 
[10/17] Starting Maize (white)...
2026-10-05 12:13:16.598 | INFO     | __main__:train_commodity:263 - 
───────────────────────────────────────────────────────
2026-10-05 12:13:16.598 | INFO     | __main__:train_commodity:264 -   Maize (white)  (1283 rows | last: 2026-07-27)
2026-10-05 12:13:16.598 | INFO     | __main__:train_commodity:265 - ───────────────────────────────────────────────────────
2026-10-05 12:13:16.599 | INFO     | __main__:train_commodity:269 -   [1/3] ARIMA...
2026-10-05 12:13:27.670 | DEBUG    | __main__:train_arima:109 -   [Maize (white)] ARIMA order=(1, 2, 2) MAPE=1.9%
2026-10-05 12:13:27.670 | INFO     | __main__:train_commodity:272 -   [2/3] Prophet...
2026-10-05 12:13:28.049 | DEBUG    | __main__:train_prophet:159 -   [Maize (white)] Prophet MAPE=20.8%
2026-10-05 12:13:28.049 | INFO     | __main__:train_commodity:275 -   [3/3] XGBoost...
2026-10-05 12:13:28.494 | DEBUG    | __main__:train_xgboost:215 -   [Maize (white)] XGBoost MAPE=44.5% | top: rolling_mean_4w
2026-10-05 12:13:28.495 | INFO     | __main__:train_commodity:281 -   Ensemble weights: arima: 0.884 | prophet: 0.079 | xgboost: 0.037
2026-10-05 12:13:28.495 | INFO     | __main__:train_commodity:283 -   Model          MAPE               MAE    Weight
2026-10-05 12:13:28.495 | INFO     | __main__:train_commodity:284 -   --------------------------------------------------
2026-10-05 12:13:28.495 | INFO     | __main__:train_commodity:291 -   arima          1.9%  ₦      11,357     0.884
2026-10-05 12:13:28.495 | INFO     | __main__:train_commodity:291 -   prophet       20.8%  ₦     124,349     0.079
2026-10-05 12:13:28.495 | INFO     | __main__:train_commodity:291 -   xgboost       44.5%  ₦     308,165     0.037
2026-10-05 12:13:28.496 | INFO     | __main__:run_training:313 - 
[11/17] Starting Maize (yellow)...
2026-10-05 12:13:28.505 | INFO     | __main__:train_commodity:263 - 
───────────────────────────────────────────────────────
2026-10-05 12:13:28.505 | INFO     | __main__:train_commodity:264 -   Maize (yellow)  (640 rows | last: 2026-07-27)
2026-10-05 12:13:28.506 | INFO     | __main__:train_commodity:265 - ───────────────────────────────────────────────────────
2026-10-05 12:13:28.506 | INFO     | __main__:train_commodity:269 -   [1/3] ARIMA...
2026-10-05 12:13:35.975 | DEBUG    | __main__:train_arima:109 -   [Maize (yellow)] ARIMA order=(1, 2, 2) MAPE=1.9%
2026-10-05 12:13:35.976 | INFO     | __main__:train_commodity:272 -   [2/3] Prophet...
2026-10-05 12:13:36.204 | DEBUG    | __main__:train_prophet:159 -   [Maize (yellow)] Prophet MAPE=30.7%
2026-10-05 12:13:36.205 | INFO     | __main__:train_commodity:275 -   [3/3] XGBoost...
2026-10-05 12:13:36.740 | DEBUG    | __main__:train_xgboost:215 -   [Maize (yellow)] XGBoost MAPE=19.3% | top: rolling_max_12w
2026-10-05 12:13:36.740 | INFO     | __main__:train_commodity:281 -   Ensemble weights: arima: 0.864 | prophet: 0.053 | xgboost: 0.084
2026-10-05 12:13:36.741 | INFO     | __main__:train_commodity:283 -   Model          MAPE               MAE    Weight
2026-10-05 12:13:36.741 | INFO     | __main__:train_commodity:284 -   --------------------------------------------------
2026-10-05 12:13:36.741 | INFO     | __main__:train_commodity:291 -   arima          1.9%  ₦      12,378     0.864
2026-10-05 12:13:36.741 | INFO     | __main__:train_commodity:291 -   prophet       30.7%  ₦     198,335     0.053
2026-10-05 12:13:36.741 | INFO     | __main__:train_commodity:291 -   xgboost       19.3%  ₦     176,423     0.084
2026-10-05 12:13:36.742 | INFO     | __main__:run_training:313 - 
[12/17] Starting Wheat...
2026-10-05 12:13:36.752 | INFO     | __main__:train_commodity:263 - 
───────────────────────────────────────────────────────
2026-10-05 12:13:36.752 | INFO     | __main__:train_commodity:264 -   Wheat  (850 rows | last: 2026-04-13)
2026-10-05 12:13:36.753 | INFO     | __main__:train_commodity:265 - ───────────────────────────────────────────────────────
2026-10-05 12:13:36.753 | INFO     | __main__:train_commodity:269 -   [1/3] ARIMA...
2026-10-05 12:13:40.026 | DEBUG    | __main__:train_arima:109 -   [Wheat] ARIMA order=(0, 1, 0) MAPE=2.6%
2026-10-05 12:13:40.027 | INFO     | __main__:train_commodity:272 -   [2/3] Prophet...
2026-10-05 12:13:40.224 | DEBUG    | __main__:train_prophet:159 -   [Wheat] Prophet MAPE=8.2%
2026-10-05 12:13:40.225 | INFO     | __main__:train_commodity:275 -   [3/3] XGBoost...
2026-10-05 12:13:40.407 | DEBUG    | __main__:train_xgboost:215 -   [Wheat] XGBoost MAPE=29.0% | top: weeks_since_start
2026-10-05 12:13:40.408 | INFO     | __main__:train_commodity:281 -   Ensemble weights: arima: 0.712 | prophet: 0.224 | xgboost: 0.063
2026-10-05 12:13:40.408 | INFO     | __main__:train_commodity:283 -   Model          MAPE               MAE    Weight
2026-10-05 12:13:40.408 | INFO     | __main__:train_commodity:284 -   --------------------------------------------------
2026-10-05 12:13:40.408 | INFO     | __main__:train_commodity:291 -   arima          2.6%  ₦      17,439     0.712
2026-10-05 12:13:40.408 | INFO     | __main__:train_commodity:291 -   prophet        8.2%  ₦      55,513     0.224
2026-10-05 12:13:40.408 | INFO     | __main__:train_commodity:291 -   xgboost       29.0%  ₦     187,024     0.063
2026-10-05 12:13:40.409 | INFO     | __main__:run_training:313 - 
[13/17] Starting Rice...
2026-10-05 12:13:40.421 | INFO     | __main__:train_commodity:263 - 
───────────────────────────────────────────────────────
2026-10-05 12:13:40.421 | INFO     | __main__:train_commodity:264 -   Rice  (1283 rows | last: 2026-07-27)
2026-10-05 12:13:40.421 | INFO     | __main__:train_commodity:265 - ───────────────────────────────────────────────────────
2026-10-05 12:13:40.421 | INFO     | __main__:train_commodity:269 -   [1/3] ARIMA...
2026-10-05 12:13:42.961 | DEBUG    | __main__:train_arima:109 -   [Rice] ARIMA order=(0, 2, 0) MAPE=6.9%
2026-10-05 12:13:42.961 | INFO     | __main__:train_commodity:272 -   [2/3] Prophet...
2026-10-05 12:13:43.371 | DEBUG    | __main__:train_prophet:159 -   [Rice] Prophet MAPE=15.6%
2026-10-05 12:13:43.371 | INFO     | __main__:train_commodity:275 -   [3/3] XGBoost...
2026-10-05 12:13:43.804 | DEBUG    | __main__:train_xgboost:215 -   [Rice] XGBoost MAPE=47.5% | top: price_lag_1w
2026-10-05 12:13:43.805 | INFO     | __main__:train_commodity:281 -   Ensemble weights: arima: 0.631 | prophet: 0.278 | xgboost: 0.091
2026-10-05 12:13:43.805 | INFO     | __main__:train_commodity:283 -   Model          MAPE               MAE    Weight
2026-10-05 12:13:43.805 | INFO     | __main__:train_commodity:284 -   --------------------------------------------------
2026-10-05 12:13:43.805 | INFO     | __main__:train_commodity:291 -   arima          6.9%  ₦     125,992     0.631
2026-10-05 12:13:43.805 | INFO     | __main__:train_commodity:291 -   prophet       15.6%  ₦     281,922     0.278
2026-10-05 12:13:43.805 | INFO     | __main__:train_commodity:291 -   xgboost       47.5%  ₦     844,283     0.091
2026-10-05 12:13:43.806 | INFO     | __main__:run_training:313 - 
[14/17] Starting Meat (beef)...
2026-10-05 12:13:43.814 | INFO     | __main__:train_commodity:263 - 
───────────────────────────────────────────────────────
2026-10-05 12:13:43.814 | INFO     | __main__:train_commodity:264 -   Meat (beef)  (531 rows | last: 2026-07-27)
2026-10-05 12:13:43.814 | INFO     | __main__:train_commodity:265 - ───────────────────────────────────────────────────────
2026-10-05 12:13:43.814 | INFO     | __main__:train_commodity:269 -   [1/3] ARIMA...
2026-10-05 12:13:48.378 | DEBUG    | __main__:train_arima:109 -   [Meat (beef)] ARIMA order=(0, 1, 0) MAPE=7.9%
2026-10-05 12:13:48.378 | INFO     | __main__:train_commodity:272 -   [2/3] Prophet...
2026-10-05 12:13:48.591 | DEBUG    | __main__:train_prophet:159 -   [Meat (beef)] Prophet MAPE=25.9%
2026-10-05 12:13:48.592 | INFO     | __main__:train_commodity:275 -   [3/3] XGBoost...
2026-10-05 12:13:48.949 | DEBUG    | __main__:train_xgboost:215 -   [Meat (beef)] XGBoost MAPE=34.2% | top: rolling_min_12w
2026-10-05 12:13:48.949 | INFO     | __main__:train_commodity:281 -   Ensemble weights: arima: 0.652 | prophet: 0.198 | xgboost: 0.150
2026-10-05 12:13:48.949 | INFO     | __main__:train_commodity:283 -   Model          MAPE               MAE    Weight
2026-10-05 12:13:48.949 | INFO     | __main__:train_commodity:284 -   --------------------------------------------------
2026-10-05 12:13:48.950 | INFO     | __main__:train_commodity:291 -   arima          7.9%  ₦     448,331     0.652
2026-10-05 12:13:48.950 | INFO     | __main__:train_commodity:291 -   prophet       25.9%  ₦   1,476,355     0.198
2026-10-05 12:13:48.950 | INFO     | __main__:train_commodity:291 -   xgboost       34.2%  ₦   1,954,812     0.150
2026-10-05 12:13:48.951 | INFO     | __main__:run_training:313 - 
[15/17] Starting Meat (goat)...
2026-10-05 12:13:48.959 | INFO     | __main__:train_commodity:263 - 
───────────────────────────────────────────────────────
2026-10-05 12:13:48.959 | INFO     | __main__:train_commodity:264 -   Meat (goat)  (553 rows | last: 2026-07-27)
2026-10-05 12:13:48.959 | INFO     | __main__:train_commodity:265 - ───────────────────────────────────────────────────────
2026-10-05 12:13:48.960 | INFO     | __main__:train_commodity:269 -   [1/3] ARIMA...
2026-10-05 12:13:56.681 | DEBUG    | __main__:train_arima:109 -   [Meat (goat)] ARIMA order=(0, 1, 2) MAPE=1.7%
2026-10-05 12:13:56.681 | INFO     | __main__:train_commodity:272 -   [2/3] Prophet...
2026-10-05 12:13:57.067 | DEBUG    | __main__:train_prophet:159 -   [Meat (goat)] Prophet MAPE=4.7%
2026-10-05 12:13:57.068 | INFO     | __main__:train_commodity:275 -   [3/3] XGBoost...
2026-10-05 12:13:57.228 | DEBUG    | __main__:train_xgboost:215 -   [Meat (goat)] XGBoost MAPE=17.0% | top: rolling_min_4w
2026-10-05 12:13:57.229 | INFO     | __main__:train_commodity:281 -   Ensemble weights: arima: 0.682 | prophet: 0.249 | xgboost: 0.069
2026-10-05 12:13:57.229 | INFO     | __main__:train_commodity:283 -   Model          MAPE               MAE    Weight
2026-10-05 12:13:57.229 | INFO     | __main__:train_commodity:284 -   --------------------------------------------------
2026-10-05 12:13:57.229 | INFO     | __main__:train_commodity:291 -   arima          1.7%  ₦      98,040     0.682
2026-10-05 12:13:57.229 | INFO     | __main__:train_commodity:291 -   prophet        4.7%  ₦     270,147     0.249
2026-10-05 12:13:57.229 | INFO     | __main__:train_commodity:291 -   xgboost       17.0%  ₦     972,879     0.069
2026-10-05 12:13:57.230 | INFO     | __main__:run_training:313 - 
[16/17] Starting Fish (dried)...
2026-10-05 12:13:57.239 | INFO     | __main__:train_commodity:263 - 
───────────────────────────────────────────────────────
2026-10-05 12:13:57.239 | INFO     | __main__:train_commodity:264 -   Fish (dried)  (553 rows | last: 2026-07-27)
2026-10-05 12:13:57.239 | INFO     | __main__:train_commodity:265 - ───────────────────────────────────────────────────────
2026-10-05 12:13:57.239 | INFO     | __main__:train_commodity:269 -   [1/3] ARIMA...
2026-10-05 12:14:07.068 | DEBUG    | __main__:train_arima:109 -   [Fish (dried)] ARIMA order=(1, 1, 0) MAPE=15.2%
2026-10-05 12:14:07.068 | INFO     | __main__:train_commodity:272 -   [2/3] Prophet...
2026-10-05 12:14:07.229 | DEBUG    | __main__:train_prophet:159 -   [Fish (dried)] Prophet MAPE=66.6%
2026-10-05 12:14:07.229 | INFO     | __main__:train_commodity:275 -   [3/3] XGBoost...
2026-10-05 12:14:07.733 | DEBUG    | __main__:train_xgboost:215 -   [Fish (dried)] XGBoost MAPE=13.3% | top: rolling_min_4w
2026-10-05 12:14:07.734 | INFO     | __main__:train_commodity:281 -   Ensemble weights: arima: 0.467 | xgboost: 0.533
2026-10-05 12:14:07.734 | INFO     | __main__:train_commodity:283 -   Model          MAPE               MAE    Weight
2026-10-05 12:14:07.734 | INFO     | __main__:train_commodity:284 -   --------------------------------------------------
2026-10-05 12:14:07.734 | INFO     | __main__:train_commodity:291 -   arima         15.2%  ₦     232,947     0.467
2026-10-05 12:14:07.734 | INFO     | __main__:train_commodity:291 -   prophet       66.6%  ₦   1,022,638     0.000
2026-10-05 12:14:07.734 | INFO     | __main__:train_commodity:291 -   xgboost       13.3%  ₦     200,185     0.533
2026-10-05 12:14:07.736 | INFO     | __main__:run_training:313 - 
[17/17] Starting Eggs...
2026-10-05 12:14:07.743 | INFO     | __main__:train_commodity:263 - 
───────────────────────────────────────────────────────
2026-10-05 12:14:07.743 | INFO     | __main__:train_commodity:264 -   Eggs  (527 rows | last: 2026-07-27)
2026-10-05 12:14:07.743 | INFO     | __main__:train_commodity:265 - ───────────────────────────────────────────────────────
2026-10-05 12:14:07.744 | INFO     | __main__:train_commodity:269 -   [1/3] ARIMA...
2026-10-05 12:14:13.924 | DEBUG    | __main__:train_arima:109 -   [Eggs] ARIMA order=(0, 2, 0) MAPE=6.4%
2026-10-05 12:14:13.925 | INFO     | __main__:train_commodity:272 -   [2/3] Prophet...
2026-10-05 12:14:14.153 | DEBUG    | __main__:train_prophet:159 -   [Eggs] Prophet MAPE=17.1%
2026-10-05 12:14:14.153 | INFO     | __main__:train_commodity:275 -   [3/3] XGBoost...
2026-10-05 12:14:14.658 | DEBUG    | __main__:train_xgboost:215 -   [Eggs] XGBoost MAPE=30.9% | top: headline_inflation_yoy
2026-10-05 12:14:14.659 | INFO     | __main__:train_commodity:281 -   Ensemble weights: arima: 0.633 | prophet: 0.236 | xgboost: 0.131
2026-10-05 12:14:14.659 | INFO     | __main__:train_commodity:283 -   Model          MAPE               MAE    Weight
2026-10-05 12:14:14.659 | INFO     | __main__:train_commodity:284 -   --------------------------------------------------
2026-10-05 12:14:14.659 | INFO     | __main__:train_commodity:291 -   arima          6.4%  ₦         417     0.633
2026-10-05 12:14:14.659 | INFO     | __main__:train_commodity:291 -   prophet       17.1%  ₦       1,120     0.236
2026-10-05 12:14:14.659 | INFO     | __main__:train_commodity:291 -   xgboost       30.9%  ₦       1,964     0.131
2026-10-05 12:14:14.662 | INFO     | __main__:run_training:324 - 
======================================================================
2026-10-05 12:14:14.662 | INFO     | __main__:run_training:325 -   FINAL TRAINING SUMMARY
2026-10-05 12:14:14.662 | INFO     | __main__:run_training:326 - ======================================================================
2026-10-05 12:14:14.662 | INFO     | __main__:run_training:327 -   Commodity                 ARIMA   Prophet   XGBoost       Best
2026-10-05 12:14:14.662 | INFO     | __main__:run_training:328 -   --------------------------------------------------------------
2026-10-05 12:14:14.662 | INFO     | __main__:run_training:341 -   Hibiscus                  36.7%     58.2%      5.6%    xgboost
2026-10-05 12:14:14.662 | INFO     | __main__:run_training:341 -   Sesame                    26.5%     13.9%     12.6%    xgboost
2026-10-05 12:14:14.662 | INFO     | __main__:run_training:341 -   Ginger                     5.0%     19.7%      4.4%    xgboost
2026-10-05 12:14:14.662 | INFO     | __main__:run_training:341 -   Cocoa                     12.1%     20.1%     29.8%      arima
2026-10-05 12:14:14.662 | INFO     | __main__:run_training:341 -   Soybeans                  15.8%     30.2%     45.1%      arima
2026-10-05 12:14:14.662 | INFO     | __main__:run_training:341 -   Cashew Nuts                3.7%     83.6%      2.6%    xgboost
2026-10-05 12:14:14.662 | INFO     | __main__:run_training:341 -   Sorghum                   32.6%     91.7%     30.3%    xgboost
2026-10-05 12:14:14.662 | INFO     | __main__:run_training:341 -   Beans (white)             30.6%     84.8%      6.4%    xgboost
2026-10-05 12:14:14.662 | INFO     | __main__:run_training:341 -   Beans (red)               37.1%     84.0%      8.3%    xgboost
2026-10-05 12:14:14.662 | INFO     | __main__:run_training:341 -   Maize (white)              1.9%     20.8%     44.5%      arima
2026-10-05 12:14:14.662 | INFO     | __main__:run_training:341 -   Maize (yellow)             1.9%     30.7%     19.3%      arima
2026-10-05 12:14:14.663 | INFO     | __main__:run_training:341 -   Wheat                      2.6%      8.2%     29.0%      arima
2026-10-05 12:14:14.663 | INFO     | __main__:run_training:341 -   Rice                       6.9%     15.6%     47.5%      arima
2026-10-05 12:14:14.663 | INFO     | __main__:run_training:341 -   Meat (beef)                7.9%     25.9%     34.2%      arima
2026-10-05 12:14:14.663 | INFO     | __main__:run_training:341 -   Meat (goat)                1.7%      4.7%     17.0%      arima
2026-10-05 12:14:14.663 | INFO     | __main__:run_training:341 -   Fish (dried)              15.2%     66.6%     13.3%    xgboost
2026-10-05 12:14:14.663 | INFO     | __main__:run_training:341 -   Eggs                       6.4%     17.1%     30.9%      arima
2026-10-05 12:14:14.663 | INFO     | __main__:run_training:343 - ======================================================================
2026-10-05 12:14:14.663 | SUCCESS  | __main__:run_training:345 - TRAINING COMPLETE — 17/17 commodities
2026-10-05 12:14:14.663 | INFO     | __main__:run_training:346 - ======================================================================
