2026-08-28 07:50:57.207 | INFO     | __main__:run_training:305 - ============================================================
2026-08-28 07:50:57.210 | INFO     | __main__:run_training:306 - STEP 4 — MODEL TRAINING
2026-08-28 07:50:57.210 | INFO     | __main__:run_training:307 -   Commodities : 17
2026-08-28 07:50:57.214 | INFO     | __main__:run_training:308 -   Models      : ARIMA + Prophet + XGBoost
2026-08-28 07:50:57.214 | INFO     | __main__:run_training:309 - ============================================================
2026-08-28 07:50:57.216 | INFO     | __main__:run_training:313 - 
[1/17] Starting Hibiscus...
2026-08-28 07:50:57.412 | DEBUG    | __main__:train_commodity:260 -   [Hibiscus] Real-data-only mode: 45 rows
2026-08-28 07:50:57.412 | INFO     | __main__:train_commodity:263 - 
───────────────────────────────────────────────────────
2026-08-28 07:50:57.418 | INFO     | __main__:train_commodity:264 -   Hibiscus  (45 rows | last: 2026-04-13)
2026-08-28 07:50:57.419 | INFO     | __main__:train_commodity:265 - ───────────────────────────────────────────────────────
2026-08-28 07:50:57.419 | INFO     | __main__:train_commodity:269 -   [1/3] ARIMA...
2026-08-28 07:51:09.826 | DEBUG    | __main__:train_arima:109 -   [Hibiscus] ARIMA order=(0, 1, 0) MAPE=21.0%
2026-08-28 07:51:09.826 | INFO     | __main__:train_commodity:272 -   [2/3] Prophet...
2026-08-28 07:51:15.482 | DEBUG    | __main__:train_prophet:159 -   [Hibiscus] Prophet MAPE=36.7%
2026-08-28 07:51:15.483 | INFO     | __main__:train_commodity:275 -   [3/3] XGBoost...
2026-08-28 07:51:16.838 | DEBUG    | __main__:train_xgboost:215 -   [Hibiscus] XGBoost MAPE=23.8% | top: pct_change_52w
2026-08-28 07:51:16.842 | INFO     | __main__:train_commodity:281 -   Ensemble weights: arima: 0.408 | prophet: 0.233 | xgboost: 0.359
2026-08-28 07:51:16.842 | INFO     | __main__:train_commodity:283 -   Model          MAPE               MAE    Weight
2026-08-28 07:51:16.843 | INFO     | __main__:train_commodity:284 -   --------------------------------------------------
2026-08-28 07:51:16.843 | INFO     | __main__:train_commodity:291 -   arima         21.0%  ₦     525,000     0.408
2026-08-28 07:51:16.844 | INFO     | __main__:train_commodity:291 -   prophet       36.7%  ₦     908,482     0.233
2026-08-28 07:51:16.844 | INFO     | __main__:train_commodity:291 -   xgboost       23.8%  ₦     595,832     0.359
2026-08-28 07:51:16.847 | INFO     | __main__:run_training:313 - 
[2/17] Starting Sesame...
2026-08-28 07:51:16.926 | INFO     | __main__:train_commodity:263 - 
───────────────────────────────────────────────────────
2026-08-28 07:51:16.926 | INFO     | __main__:train_commodity:264 -   Sesame  (828 rows | last: 2026-04-13)
2026-08-28 07:51:16.926 | INFO     | __main__:train_commodity:265 - ───────────────────────────────────────────────────────
2026-08-28 07:51:16.926 | INFO     | __main__:train_commodity:269 -   [1/3] ARIMA...
2026-08-28 07:53:33.220 | DEBUG    | __main__:train_arima:109 -   [Sesame] ARIMA order=(1, 1, 0) MAPE=13.0%
2026-08-28 07:53:33.250 | INFO     | __main__:train_commodity:272 -   [2/3] Prophet...
2026-08-28 07:53:35.318 | DEBUG    | __main__:train_prophet:159 -   [Sesame] Prophet MAPE=37.1%
2026-08-28 07:53:35.318 | INFO     | __main__:train_commodity:275 -   [3/3] XGBoost...
2026-08-28 07:53:37.640 | DEBUG    | __main__:train_xgboost:215 -   [Sesame] XGBoost MAPE=17.1% | top: fuel_diesel_ngn_litre
2026-08-28 07:53:37.645 | INFO     | __main__:train_commodity:281 -   Ensemble weights: arima: 0.473 | prophet: 0.166 | xgboost: 0.361
2026-08-28 07:53:37.645 | INFO     | __main__:train_commodity:283 -   Model          MAPE               MAE    Weight
2026-08-28 07:53:37.645 | INFO     | __main__:train_commodity:284 -   --------------------------------------------------
2026-08-28 07:53:37.649 | INFO     | __main__:train_commodity:291 -   arima         13.0%  ₦     158,499     0.473
2026-08-28 07:53:37.649 | INFO     | __main__:train_commodity:291 -   prophet       37.1%  ₦     456,642     0.166
2026-08-28 07:53:37.649 | INFO     | __main__:train_commodity:291 -   xgboost       17.1%  ₦     219,294     0.361
2026-08-28 07:53:37.673 | INFO     | __main__:run_training:313 - 
[3/17] Starting Ginger...
2026-08-28 07:53:37.846 | DEBUG    | __main__:train_commodity:260 -   [Ginger] Real-data-only mode: 44 rows
2026-08-28 07:53:37.847 | INFO     | __main__:train_commodity:263 - 
───────────────────────────────────────────────────────
2026-08-28 07:53:37.847 | INFO     | __main__:train_commodity:264 -   Ginger  (44 rows | last: 2026-04-13)
2026-08-28 07:53:37.847 | INFO     | __main__:train_commodity:265 - ───────────────────────────────────────────────────────
2026-08-28 07:53:37.849 | INFO     | __main__:train_commodity:269 -   [1/3] ARIMA...
2026-08-28 07:53:39.110 | DEBUG    | __main__:train_arima:109 -   [Ginger] ARIMA order=(1, 1, 0) MAPE=22.6%
2026-08-28 07:53:39.110 | INFO     | __main__:train_commodity:272 -   [2/3] Prophet...
2026-08-28 07:53:40.340 | DEBUG    | __main__:train_prophet:159 -   [Ginger] Prophet MAPE=33.4%
2026-08-28 07:53:40.340 | INFO     | __main__:train_commodity:275 -   [3/3] XGBoost...
2026-08-28 07:53:40.878 | DEBUG    | __main__:train_xgboost:215 -   [Ginger] XGBoost MAPE=2.3% | top: rolling_max_12w
2026-08-28 07:53:40.883 | INFO     | __main__:train_commodity:281 -   Ensemble weights: arima: 0.087 | prophet: 0.059 | xgboost: 0.854
2026-08-28 07:53:40.883 | INFO     | __main__:train_commodity:283 -   Model          MAPE               MAE    Weight
2026-08-28 07:53:40.884 | INFO     | __main__:train_commodity:284 -   --------------------------------------------------
2026-08-28 07:53:40.884 | INFO     | __main__:train_commodity:291 -   arima         22.6%  ₦   2,279,849     0.087
2026-08-28 07:53:40.886 | INFO     | __main__:train_commodity:291 -   prophet       33.4%  ₦   3,360,407     0.059
2026-08-28 07:53:40.887 | INFO     | __main__:train_commodity:291 -   xgboost        2.3%  ₦     237,743     0.854
2026-08-28 07:53:40.893 | INFO     | __main__:run_training:313 - 
[4/17] Starting Cocoa...
2026-08-28 07:53:41.013 | DEBUG    | __main__:train_commodity:260 -   [Cocoa] Real-data-only mode: 48 rows
2026-08-28 07:53:41.014 | INFO     | __main__:train_commodity:263 - 
───────────────────────────────────────────────────────
2026-08-28 07:53:41.014 | INFO     | __main__:train_commodity:264 -   Cocoa  (48 rows | last: 2026-04-13)
2026-08-28 07:53:41.014 | INFO     | __main__:train_commodity:265 - ───────────────────────────────────────────────────────
2026-08-28 07:53:41.016 | INFO     | __main__:train_commodity:269 -   [1/3] ARIMA...
2026-08-28 07:53:42.373 | DEBUG    | __main__:train_arima:109 -   [Cocoa] ARIMA order=(0, 1, 0) MAPE=36.3%
2026-08-28 07:53:42.373 | INFO     | __main__:train_commodity:272 -   [2/3] Prophet...
2026-08-28 07:53:43.544 | DEBUG    | __main__:train_prophet:159 -   [Cocoa] Prophet MAPE=30.8%
2026-08-28 07:53:43.544 | INFO     | __main__:train_commodity:275 -   [3/3] XGBoost...
2026-08-28 07:53:45.103 | DEBUG    | __main__:train_xgboost:215 -   [Cocoa] XGBoost MAPE=41.6% | top: pct_change_52w
2026-08-28 07:53:45.108 | INFO     | __main__:train_commodity:281 -   Ensemble weights: arima: 0.328 | prophet: 0.386 | xgboost: 0.286
2026-08-28 07:53:45.108 | INFO     | __main__:train_commodity:283 -   Model          MAPE               MAE    Weight
2026-08-28 07:53:45.110 | INFO     | __main__:train_commodity:284 -   --------------------------------------------------
2026-08-28 07:53:45.110 | INFO     | __main__:train_commodity:291 -   arima         36.3%  ₦   2,165,000     0.328
2026-08-28 07:53:45.110 | INFO     | __main__:train_commodity:291 -   prophet       30.8%  ₦   1,868,354     0.386
2026-08-28 07:53:45.111 | INFO     | __main__:train_commodity:291 -   xgboost       41.6%  ₦   2,491,368     0.286
2026-08-28 07:53:45.113 | INFO     | __main__:run_training:313 - 
[5/17] Starting Soybeans...
2026-08-28 07:53:45.216 | INFO     | __main__:train_commodity:263 - 
───────────────────────────────────────────────────────
2026-08-28 07:53:45.216 | INFO     | __main__:train_commodity:264 -   Soybeans  (1372 rows | last: 2026-04-13)
2026-08-28 07:53:45.216 | INFO     | __main__:train_commodity:265 - ───────────────────────────────────────────────────────
2026-08-28 07:53:45.216 | INFO     | __main__:train_commodity:269 -   [1/3] ARIMA...
2026-08-28 07:54:47.186 | DEBUG    | __main__:train_arima:109 -   [Soybeans] ARIMA order=(1, 2, 1) MAPE=18.5%
2026-08-28 07:54:47.192 | INFO     | __main__:train_commodity:272 -   [2/3] Prophet...
2026-08-28 07:54:49.578 | DEBUG    | __main__:train_prophet:159 -   [Soybeans] Prophet MAPE=44.5%
2026-08-28 07:54:49.578 | INFO     | __main__:train_commodity:275 -   [3/3] XGBoost...
2026-08-28 07:54:51.978 | DEBUG    | __main__:train_xgboost:215 -   [Soybeans] XGBoost MAPE=53.0% | top: rolling_max_4w
2026-08-28 07:54:51.982 | INFO     | __main__:train_commodity:281 -   Ensemble weights: arima: 0.567 | prophet: 0.235 | xgboost: 0.198
2026-08-28 07:54:51.982 | INFO     | __main__:train_commodity:283 -   Model          MAPE               MAE    Weight
2026-08-28 07:54:51.984 | INFO     | __main__:train_commodity:284 -   --------------------------------------------------
2026-08-28 07:54:51.984 | INFO     | __main__:train_commodity:291 -   arima         18.5%  ₦     108,015     0.567
2026-08-28 07:54:51.984 | INFO     | __main__:train_commodity:291 -   prophet       44.5%  ₦     266,688     0.235
2026-08-28 07:54:51.985 | INFO     | __main__:train_commodity:291 -   xgboost       53.0%  ₦     323,800     0.198
2026-08-28 07:54:51.992 | INFO     | __main__:run_training:313 - 
[6/17] Starting Cashew Nuts...
2026-08-28 07:54:52.073 | DEBUG    | __main__:train_commodity:260 -   [Cashew Nuts] Real-data-only mode: 48 rows
2026-08-28 07:54:52.073 | INFO     | __main__:train_commodity:263 - 
───────────────────────────────────────────────────────
2026-08-28 07:54:52.073 | INFO     | __main__:train_commodity:264 -   Cashew Nuts  (48 rows | last: 2026-04-13)
2026-08-28 07:54:52.073 | INFO     | __main__:train_commodity:265 - ───────────────────────────────────────────────────────
2026-08-28 07:54:52.073 | INFO     | __main__:train_commodity:269 -   [1/3] ARIMA...
2026-08-28 07:54:53.662 | DEBUG    | __main__:train_arima:109 -   [Cashew Nuts] ARIMA order=(2, 0, 0) MAPE=16.3%
2026-08-28 07:54:53.664 | INFO     | __main__:train_commodity:272 -   [2/3] Prophet...
2026-08-28 07:54:54.891 | DEBUG    | __main__:train_prophet:159 -   [Cashew Nuts] Prophet MAPE=68.7%
2026-08-28 07:54:54.900 | INFO     | __main__:train_commodity:275 -   [3/3] XGBoost...
2026-08-28 07:54:55.142 | DEBUG    | __main__:train_xgboost:215 -   [Cashew Nuts] XGBoost MAPE=3.6% | top: pct_change_52w
2026-08-28 07:54:55.147 | INFO     | __main__:train_commodity:281 -   Ensemble weights: arima: 0.180 | xgboost: 0.820
2026-08-28 07:54:55.147 | INFO     | __main__:train_commodity:283 -   Model          MAPE               MAE    Weight
2026-08-28 07:54:55.149 | INFO     | __main__:train_commodity:284 -   --------------------------------------------------
2026-08-28 07:54:55.149 | INFO     | __main__:train_commodity:291 -   arima         16.3%  ₦     301,076     0.180
2026-08-28 07:54:55.149 | INFO     | __main__:train_commodity:291 -   prophet       68.7%  ₦   1,293,976     0.000
2026-08-28 07:54:55.151 | INFO     | __main__:train_commodity:291 -   xgboost        3.6%  ₦      65,354     0.820
2026-08-28 07:54:55.152 | INFO     | __main__:run_training:313 - 
[7/17] Starting Sorghum...
2026-08-28 07:54:55.252 | INFO     | __main__:train_commodity:263 - 
───────────────────────────────────────────────────────
2026-08-28 07:54:55.252 | INFO     | __main__:train_commodity:264 -   Sorghum  (1266 rows | last: 2026-04-13)
2026-08-28 07:54:55.252 | INFO     | __main__:train_commodity:265 - ───────────────────────────────────────────────────────
2026-08-28 07:54:55.252 | INFO     | __main__:train_commodity:269 -   [1/3] ARIMA...
2026-08-28 07:55:59.588 | DEBUG    | __main__:train_arima:109 -   [Sorghum] ARIMA order=(2, 1, 2) MAPE=42.6%
2026-08-28 07:55:59.588 | INFO     | __main__:train_commodity:272 -   [2/3] Prophet...
2026-08-28 07:56:01.276 | DEBUG    | __main__:train_prophet:159 -   [Sorghum] Prophet MAPE=30.9%
2026-08-28 07:56:01.283 | INFO     | __main__:train_commodity:275 -   [3/3] XGBoost...
2026-08-28 07:56:02.958 | DEBUG    | __main__:train_xgboost:215 -   [Sorghum] XGBoost MAPE=34.2% | top: rolling_mean_4w
2026-08-28 07:56:02.961 | INFO     | __main__:train_commodity:281 -   Ensemble weights: arima: 0.276 | prophet: 0.380 | xgboost: 0.344
2026-08-28 07:56:02.961 | INFO     | __main__:train_commodity:283 -   Model          MAPE               MAE    Weight
2026-08-28 07:56:02.963 | INFO     | __main__:train_commodity:284 -   --------------------------------------------------
2026-08-28 07:56:02.963 | INFO     | __main__:train_commodity:291 -   arima         42.6%  ₦     135,520     0.276
2026-08-28 07:56:02.963 | INFO     | __main__:train_commodity:291 -   prophet       30.9%  ₦     100,253     0.380
2026-08-28 07:56:02.963 | INFO     | __main__:train_commodity:291 -   xgboost       34.2%  ₦     175,836     0.344
2026-08-28 07:56:02.970 | INFO     | __main__:run_training:313 - 
[8/17] Starting Beans (white)...
2026-08-28 07:56:03.057 | INFO     | __main__:train_commodity:263 - 
───────────────────────────────────────────────────────
2026-08-28 07:56:03.057 | INFO     | __main__:train_commodity:264 -   Beans (white)  (1262 rows | last: 2026-03-16)
2026-08-28 07:56:03.057 | INFO     | __main__:train_commodity:265 - ───────────────────────────────────────────────────────
2026-08-28 07:56:03.066 | INFO     | __main__:train_commodity:269 -   [1/3] ARIMA...
2026-08-28 07:56:56.642 | DEBUG    | __main__:train_arima:109 -   [Beans (white)] ARIMA order=(1, 2, 2) MAPE=13.2%
2026-08-28 07:56:56.642 | INFO     | __main__:train_commodity:272 -   [2/3] Prophet...
2026-08-28 07:56:58.435 | DEBUG    | __main__:train_prophet:159 -   [Beans (white)] Prophet MAPE=24.7%
2026-08-28 07:56:58.442 | INFO     | __main__:train_commodity:275 -   [3/3] XGBoost...
2026-08-28 07:56:59.677 | DEBUG    | __main__:train_xgboost:215 -   [Beans (white)] XGBoost MAPE=4.8% | top: rolling_min_4w
2026-08-28 07:56:59.682 | INFO     | __main__:train_commodity:281 -   Ensemble weights: arima: 0.232 | prophet: 0.124 | xgboost: 0.644
2026-08-28 07:56:59.684 | INFO     | __main__:train_commodity:283 -   Model          MAPE               MAE    Weight
2026-08-28 07:56:59.684 | INFO     | __main__:train_commodity:284 -   --------------------------------------------------
2026-08-28 07:56:59.684 | INFO     | __main__:train_commodity:291 -   arima         13.2%  ₦      84,774     0.232
2026-08-28 07:56:59.686 | INFO     | __main__:train_commodity:291 -   prophet       24.7%  ₦     157,881     0.124
2026-08-28 07:56:59.686 | INFO     | __main__:train_commodity:291 -   xgboost        4.8%  ₦      44,455     0.644
2026-08-28 07:56:59.696 | INFO     | __main__:run_training:313 - 
[9/17] Starting Beans (red)...
2026-08-28 07:56:59.762 | INFO     | __main__:train_commodity:263 - 
───────────────────────────────────────────────────────
2026-08-28 07:56:59.762 | INFO     | __main__:train_commodity:264 -   Beans (red)  (532 rows | last: 2026-03-16)
2026-08-28 07:56:59.762 | INFO     | __main__:train_commodity:265 - ───────────────────────────────────────────────────────
2026-08-28 07:56:59.762 | INFO     | __main__:train_commodity:269 -   [1/3] ARIMA...
2026-08-28 07:58:05.244 | DEBUG    | __main__:train_arima:109 -   [Beans (red)] ARIMA order=(1, 1, 2) MAPE=33.8%
2026-08-28 07:58:05.244 | INFO     | __main__:train_commodity:272 -   [2/3] Prophet...
2026-08-28 07:58:07.106 | DEBUG    | __main__:train_prophet:159 -   [Beans (red)] Prophet MAPE=36.8%
2026-08-28 07:58:07.106 | INFO     | __main__:train_commodity:275 -   [3/3] XGBoost...
2026-08-28 07:58:08.537 | DEBUG    | __main__:train_xgboost:215 -   [Beans (red)] XGBoost MAPE=20.2% | top: price_lag_1w
2026-08-28 07:58:08.541 | INFO     | __main__:train_commodity:281 -   Ensemble weights: arima: 0.279 | prophet: 0.256 | xgboost: 0.466
2026-08-28 07:58:08.541 | INFO     | __main__:train_commodity:283 -   Model          MAPE               MAE    Weight
2026-08-28 07:58:08.543 | INFO     | __main__:train_commodity:284 -   --------------------------------------------------
2026-08-28 07:58:08.543 | INFO     | __main__:train_commodity:291 -   arima         33.8%  ₦     239,245     0.279
2026-08-28 07:58:08.544 | INFO     | __main__:train_commodity:291 -   prophet       36.8%  ₦     290,968     0.256
2026-08-28 07:58:08.545 | INFO     | __main__:train_commodity:291 -   xgboost       20.2%  ₦     322,441     0.466
2026-08-28 07:58:08.547 | INFO     | __main__:run_training:313 - 
[10/17] Starting Maize (white)...
2026-08-28 07:58:08.642 | INFO     | __main__:train_commodity:263 - 
───────────────────────────────────────────────────────
2026-08-28 07:58:08.642 | INFO     | __main__:train_commodity:264 -   Maize (white)  (1274 rows | last: 2026-07-27)
2026-08-28 07:58:08.642 | INFO     | __main__:train_commodity:265 - ───────────────────────────────────────────────────────
2026-08-28 07:58:08.642 | INFO     | __main__:train_commodity:269 -   [1/3] ARIMA...
2026-08-28 07:59:29.798 | DEBUG    | __main__:train_arima:109 -   [Maize (white)] ARIMA order=(2, 1, 1) MAPE=15.1%
2026-08-28 07:59:29.801 | INFO     | __main__:train_commodity:272 -   [2/3] Prophet...
2026-08-28 07:59:32.865 | DEBUG    | __main__:train_prophet:159 -   [Maize (white)] Prophet MAPE=32.2%
2026-08-28 07:59:32.867 | INFO     | __main__:train_commodity:275 -   [3/3] XGBoost...
2026-08-28 07:59:35.682 | DEBUG    | __main__:train_xgboost:215 -   [Maize (white)] XGBoost MAPE=24.8% | top: rolling_mean_4w
2026-08-28 07:59:35.686 | INFO     | __main__:train_commodity:281 -   Ensemble weights: arima: 0.481 | prophet: 0.226 | xgboost: 0.293
2026-08-28 07:59:35.686 | INFO     | __main__:train_commodity:283 -   Model          MAPE               MAE    Weight
2026-08-28 07:59:35.688 | INFO     | __main__:train_commodity:284 -   --------------------------------------------------
2026-08-28 07:59:35.688 | INFO     | __main__:train_commodity:291 -   arima         15.1%  ₦      75,803     0.481
2026-08-28 07:59:35.688 | INFO     | __main__:train_commodity:291 -   prophet       32.2%  ₦     146,592     0.226
2026-08-28 07:59:35.688 | INFO     | __main__:train_commodity:291 -   xgboost       24.8%  ₦     117,031     0.293
2026-08-28 07:59:35.710 | INFO     | __main__:run_training:313 - 
[11/17] Starting Maize (yellow)...
2026-08-28 07:59:35.773 | INFO     | __main__:train_commodity:263 - 
───────────────────────────────────────────────────────
2026-08-28 07:59:35.773 | INFO     | __main__:train_commodity:264 -   Maize (yellow)  (631 rows | last: 2026-07-27)
2026-08-28 07:59:35.773 | INFO     | __main__:train_commodity:265 - ───────────────────────────────────────────────────────
2026-08-28 07:59:35.775 | INFO     | __main__:train_commodity:269 -   [1/3] ARIMA...
2026-08-28 08:01:03.733 | DEBUG    | __main__:train_arima:109 -   [Maize (yellow)] ARIMA order=(2, 1, 1) MAPE=15.2%
2026-08-28 08:01:03.734 | INFO     | __main__:train_commodity:272 -   [2/3] Prophet...
2026-08-28 08:01:05.048 | DEBUG    | __main__:train_prophet:159 -   [Maize (yellow)] Prophet MAPE=36.6%
2026-08-28 08:01:05.050 | INFO     | __main__:train_commodity:275 -   [3/3] XGBoost...
2026-08-28 08:01:08.227 | DEBUG    | __main__:train_xgboost:215 -   [Maize (yellow)] XGBoost MAPE=19.3% | top: rolling_min_4w
2026-08-28 08:01:08.230 | INFO     | __main__:train_commodity:281 -   Ensemble weights: arima: 0.454 | prophet: 0.189 | xgboost: 0.357
2026-08-28 08:01:08.232 | INFO     | __main__:train_commodity:283 -   Model          MAPE               MAE    Weight
2026-08-28 08:01:08.233 | INFO     | __main__:train_commodity:284 -   --------------------------------------------------
2026-08-28 08:01:08.237 | INFO     | __main__:train_commodity:291 -   arima         15.2%  ₦      82,338     0.454
2026-08-28 08:01:08.241 | INFO     | __main__:train_commodity:291 -   prophet       36.6%  ₦     177,896     0.189
2026-08-28 08:01:08.244 | INFO     | __main__:train_commodity:291 -   xgboost       19.3%  ₦     115,710     0.357
2026-08-28 08:01:08.296 | INFO     | __main__:run_training:313 - 
[12/17] Starting Wheat...
2026-08-28 08:01:08.412 | INFO     | __main__:train_commodity:263 - 
───────────────────────────────────────────────────────
2026-08-28 08:01:08.414 | INFO     | __main__:train_commodity:264 -   Wheat  (850 rows | last: 2026-04-13)
2026-08-28 08:01:08.414 | INFO     | __main__:train_commodity:265 - ───────────────────────────────────────────────────────
2026-08-28 08:01:08.415 | INFO     | __main__:train_commodity:269 -   [1/3] ARIMA...
2026-08-28 08:01:31.582 | DEBUG    | __main__:train_arima:109 -   [Wheat] ARIMA order=(0, 1, 0) MAPE=2.4%
2026-08-28 08:01:31.582 | INFO     | __main__:train_commodity:272 -   [2/3] Prophet...
2026-08-28 08:01:33.176 | DEBUG    | __main__:train_prophet:159 -   [Wheat] Prophet MAPE=6.4%
2026-08-28 08:01:33.176 | INFO     | __main__:train_commodity:275 -   [3/3] XGBoost...
2026-08-28 08:01:34.515 | DEBUG    | __main__:train_xgboost:215 -   [Wheat] XGBoost MAPE=29.3% | top: pct_change_52w
2026-08-28 08:01:34.519 | INFO     | __main__:train_commodity:281 -   Ensemble weights: arima: 0.684 | prophet: 0.259 | xgboost: 0.057
2026-08-28 08:01:34.519 | INFO     | __main__:train_commodity:283 -   Model          MAPE               MAE    Weight
2026-08-28 08:01:34.519 | INFO     | __main__:train_commodity:284 -   --------------------------------------------------
2026-08-28 08:01:34.519 | INFO     | __main__:train_commodity:291 -   arima          2.4%  ₦      17,023     0.684
2026-08-28 08:01:34.524 | INFO     | __main__:train_commodity:291 -   prophet        6.4%  ₦      43,620     0.259
2026-08-28 08:01:34.525 | INFO     | __main__:train_commodity:291 -   xgboost       29.3%  ₦     199,079     0.057
2026-08-28 08:01:34.532 | INFO     | __main__:run_training:313 - 
[13/17] Starting Rice...
2026-08-28 08:01:34.644 | INFO     | __main__:train_commodity:263 - 
───────────────────────────────────────────────────────
2026-08-28 08:01:34.645 | INFO     | __main__:train_commodity:264 -   Rice  (1271 rows | last: 2026-05-18)
2026-08-28 08:01:34.646 | INFO     | __main__:train_commodity:265 - ───────────────────────────────────────────────────────
2026-08-28 08:01:34.646 | INFO     | __main__:train_commodity:269 -   [1/3] ARIMA...
2026-08-28 08:01:58.539 | DEBUG    | __main__:train_arima:109 -   [Rice] ARIMA order=(0, 2, 0) MAPE=25.8%
2026-08-28 08:01:58.541 | INFO     | __main__:train_commodity:272 -   [2/3] Prophet...
2026-08-28 08:02:03.541 | DEBUG    | __main__:train_prophet:159 -   [Rice] Prophet MAPE=3.8%
2026-08-28 08:02:03.547 | INFO     | __main__:train_commodity:275 -   [3/3] XGBoost...
2026-08-28 08:02:17.339 | DEBUG    | __main__:train_xgboost:215 -   [Rice] XGBoost MAPE=40.4% | top: price_lag_1w
2026-08-28 08:02:17.341 | INFO     | __main__:train_commodity:281 -   Ensemble weights: arima: 0.119 | prophet: 0.806 | xgboost: 0.076
2026-08-28 08:02:17.344 | INFO     | __main__:train_commodity:283 -   Model          MAPE               MAE    Weight
2026-08-28 08:02:17.344 | INFO     | __main__:train_commodity:284 -   --------------------------------------------------
2026-08-28 08:02:17.344 | INFO     | __main__:train_commodity:291 -   arima         25.8%  ₦     400,738     0.119
2026-08-28 08:02:17.346 | INFO     | __main__:train_commodity:291 -   prophet        3.8%  ₦      58,886     0.806
2026-08-28 08:02:17.346 | INFO     | __main__:train_commodity:291 -   xgboost       40.4%  ₦     535,647     0.076
2026-08-28 08:02:17.353 | INFO     | __main__:run_training:313 - 
[14/17] Starting Meat (beef)...
2026-08-28 08:02:17.462 | INFO     | __main__:train_commodity:263 - 
───────────────────────────────────────────────────────
2026-08-28 08:02:17.468 | INFO     | __main__:train_commodity:264 -   Meat (beef)  (521 rows | last: 2026-06-01)
2026-08-28 08:02:17.468 | INFO     | __main__:train_commodity:265 - ───────────────────────────────────────────────────────
2026-08-28 08:02:17.470 | INFO     | __main__:train_commodity:269 -   [1/3] ARIMA...
2026-08-28 08:03:00.723 | DEBUG    | __main__:train_arima:109 -   [Meat (beef)] ARIMA order=(0, 1, 1) MAPE=23.9%
2026-08-28 08:03:00.724 | INFO     | __main__:train_commodity:272 -   [2/3] Prophet...
2026-08-28 08:03:03.255 | DEBUG    | __main__:train_prophet:159 -   [Meat (beef)] Prophet MAPE=44.1%
2026-08-28 08:03:03.257 | INFO     | __main__:train_commodity:275 -   [3/3] XGBoost...
2026-08-28 08:03:06.277 | DEBUG    | __main__:train_xgboost:215 -   [Meat (beef)] XGBoost MAPE=31.8% | top: food_inflation_yoy
2026-08-28 08:03:06.281 | INFO     | __main__:train_commodity:281 -   Ensemble weights: arima: 0.436 | prophet: 0.236 | xgboost: 0.327
2026-08-28 08:03:06.283 | INFO     | __main__:train_commodity:283 -   Model          MAPE               MAE    Weight
2026-08-28 08:03:06.284 | INFO     | __main__:train_commodity:284 -   --------------------------------------------------
2026-08-28 08:03:06.284 | INFO     | __main__:train_commodity:291 -   arima         23.9%  ₦   1,013,777     0.436
2026-08-28 08:03:06.284 | INFO     | __main__:train_commodity:291 -   prophet       44.1%  ₦   1,974,035     0.236
2026-08-28 08:03:06.284 | INFO     | __main__:train_commodity:291 -   xgboost       31.8%  ₦   1,778,005     0.327
2026-08-28 08:03:06.288 | INFO     | __main__:run_training:313 - 
[15/17] Starting Meat (goat)...
2026-08-28 08:03:06.378 | INFO     | __main__:train_commodity:263 - 
───────────────────────────────────────────────────────
2026-08-28 08:03:06.384 | INFO     | __main__:train_commodity:264 -   Meat (goat)  (543 rows | last: 2026-06-01)
2026-08-28 08:03:06.384 | INFO     | __main__:train_commodity:265 - ───────────────────────────────────────────────────────
2026-08-28 08:03:06.384 | INFO     | __main__:train_commodity:269 -   [1/3] ARIMA...
2026-08-28 08:04:16.091 | DEBUG    | __main__:train_arima:109 -   [Meat (goat)] ARIMA order=(0, 1, 2) MAPE=22.1%
2026-08-28 08:04:16.091 | INFO     | __main__:train_commodity:272 -   [2/3] Prophet...
2026-08-28 08:04:17.975 | DEBUG    | __main__:train_prophet:159 -   [Meat (goat)] Prophet MAPE=31.8%
2026-08-28 08:04:17.976 | INFO     | __main__:train_commodity:275 -   [3/3] XGBoost...
2026-08-28 08:04:18.885 | DEBUG    | __main__:train_xgboost:215 -   [Meat (goat)] XGBoost MAPE=22.0% | top: rolling_min_4w
2026-08-28 08:04:18.889 | INFO     | __main__:train_commodity:281 -   Ensemble weights: arima: 0.371 | prophet: 0.258 | xgboost: 0.372
2026-08-28 08:04:18.893 | INFO     | __main__:train_commodity:283 -   Model          MAPE               MAE    Weight
2026-08-28 08:04:18.894 | INFO     | __main__:train_commodity:284 -   --------------------------------------------------
2026-08-28 08:04:18.899 | INFO     | __main__:train_commodity:291 -   arima         22.1%  ₦   1,024,219     0.371
2026-08-28 08:04:18.902 | INFO     | __main__:train_commodity:291 -   prophet       31.8%  ₦   1,553,594     0.258
2026-08-28 08:04:18.903 | INFO     | __main__:train_commodity:291 -   xgboost       22.0%  ₦   1,216,720     0.372
2026-08-28 08:04:18.931 | INFO     | __main__:run_training:313 - 
[16/17] Starting Fish (dried)...
2026-08-28 08:04:19.004 | INFO     | __main__:train_commodity:263 - 
───────────────────────────────────────────────────────
2026-08-28 08:04:19.004 | INFO     | __main__:train_commodity:264 -   Fish (dried)  (543 rows | last: 2026-06-01)
2026-08-28 08:04:19.006 | INFO     | __main__:train_commodity:265 - ───────────────────────────────────────────────────────
2026-08-28 08:04:19.006 | INFO     | __main__:train_commodity:269 -   [1/3] ARIMA...
2026-08-28 08:05:26.883 | DEBUG    | __main__:train_arima:109 -   [Fish (dried)] ARIMA order=(1, 1, 0) MAPE=22.0%
2026-08-28 08:05:26.884 | INFO     | __main__:train_commodity:272 -   [2/3] Prophet...
2026-08-28 08:05:28.612 | DEBUG    | __main__:train_prophet:159 -   [Fish (dried)] Prophet MAPE=50.1%
2026-08-28 08:05:28.614 | INFO     | __main__:train_commodity:275 -   [3/3] XGBoost...
2026-08-28 08:05:29.391 | DEBUG    | __main__:train_xgboost:215 -   [Fish (dried)] XGBoost MAPE=29.3% | top: rolling_min_4w
2026-08-28 08:05:29.396 | INFO     | __main__:train_commodity:281 -   Ensemble weights: arima: 0.457 | prophet: 0.200 | xgboost: 0.343
2026-08-28 08:05:29.396 | INFO     | __main__:train_commodity:283 -   Model          MAPE               MAE    Weight
2026-08-28 08:05:29.397 | INFO     | __main__:train_commodity:284 -   --------------------------------------------------
2026-08-28 08:05:29.399 | INFO     | __main__:train_commodity:291 -   arima         22.0%  ₦     586,994     0.457
2026-08-28 08:05:29.400 | INFO     | __main__:train_commodity:291 -   prophet       50.1%  ₦   1,310,251     0.200
2026-08-28 08:05:29.400 | INFO     | __main__:train_commodity:291 -   xgboost       29.3%  ₦     526,406     0.343
2026-08-28 08:05:29.441 | INFO     | __main__:run_training:313 - 
[17/17] Starting Eggs...
2026-08-28 08:05:29.498 | INFO     | __main__:train_commodity:263 - 
───────────────────────────────────────────────────────
2026-08-28 08:05:29.498 | INFO     | __main__:train_commodity:264 -   Eggs  (517 rows | last: 2026-06-01)
2026-08-28 08:05:29.498 | INFO     | __main__:train_commodity:265 - ───────────────────────────────────────────────────────
2026-08-28 08:05:29.498 | INFO     | __main__:train_commodity:269 -   [1/3] ARIMA...
2026-08-28 08:07:21.145 | DEBUG    | __main__:train_arima:109 -   [Eggs] ARIMA order=(1, 1, 0) MAPE=6.2%
2026-08-28 08:07:21.149 | INFO     | __main__:train_commodity:272 -   [2/3] Prophet...
2026-08-28 08:07:23.112 | DEBUG    | __main__:train_prophet:159 -   [Eggs] Prophet MAPE=19.3%
2026-08-28 08:07:23.112 | INFO     | __main__:train_commodity:275 -   [3/3] XGBoost...
2026-08-28 08:07:25.819 | DEBUG    | __main__:train_xgboost:215 -   [Eggs] XGBoost MAPE=34.5% | top: food_inflation_yoy
2026-08-28 08:07:25.822 | INFO     | __main__:train_commodity:281 -   Ensemble weights: arima: 0.668 | prophet: 0.213 | xgboost: 0.119
2026-08-28 08:07:25.822 | INFO     | __main__:train_commodity:283 -   Model          MAPE               MAE    Weight
2026-08-28 08:07:25.824 | INFO     | __main__:train_commodity:284 -   --------------------------------------------------
2026-08-28 08:07:25.824 | INFO     | __main__:train_commodity:291 -   arima          6.2%  ₦         428     0.668
2026-08-28 08:07:25.824 | INFO     | __main__:train_commodity:291 -   prophet       19.3%  ₦       1,305     0.213
2026-08-28 08:07:25.825 | INFO     | __main__:train_commodity:291 -   xgboost       34.5%  ₦       2,184     0.119
2026-08-28 08:07:25.859 | INFO     | __main__:run_training:324 - 
======================================================================
2026-08-28 08:07:25.859 | INFO     | __main__:run_training:325 -   FINAL TRAINING SUMMARY
2026-08-28 08:07:25.861 | INFO     | __main__:run_training:326 - ======================================================================
2026-08-28 08:07:25.861 | INFO     | __main__:run_training:327 -   Commodity                 ARIMA   Prophet   XGBoost       Best
2026-08-28 08:07:25.862 | INFO     | __main__:run_training:328 -   --------------------------------------------------------------
2026-08-28 08:07:25.862 | INFO     | __main__:run_training:341 -   Hibiscus                  21.0%     36.7%     23.8%      arima
2026-08-28 08:07:25.864 | INFO     | __main__:run_training:341 -   Sesame                    13.0%     37.1%     17.1%      arima
2026-08-28 08:07:25.866 | INFO     | __main__:run_training:341 -   Ginger                    22.6%     33.4%      2.3%    xgboost
2026-08-28 08:07:25.868 | INFO     | __main__:run_training:341 -   Cocoa                     36.3%     30.8%     41.6%    prophet
2026-08-28 08:07:25.868 | INFO     | __main__:run_training:341 -   Soybeans                  18.5%     44.5%     53.0%      arima
2026-08-28 08:07:25.868 | INFO     | __main__:run_training:341 -   Cashew Nuts               16.3%     68.7%      3.6%    xgboost
2026-08-28 08:07:25.870 | INFO     | __main__:run_training:341 -   Sorghum                   42.6%     30.9%     34.2%    prophet
2026-08-28 08:07:25.870 | INFO     | __main__:run_training:341 -   Beans (white)             13.2%     24.7%      4.8%    xgboost
2026-08-28 08:07:25.870 | INFO     | __main__:run_training:341 -   Beans (red)               33.8%     36.8%     20.2%    xgboost
2026-08-28 08:07:25.872 | INFO     | __main__:run_training:341 -   Maize (white)             15.1%     32.2%     24.8%      arima
2026-08-28 08:07:25.872 | INFO     | __main__:run_training:341 -   Maize (yellow)            15.2%     36.6%     19.3%      arima
2026-08-28 08:07:25.872 | INFO     | __main__:run_training:341 -   Wheat                      2.4%      6.4%     29.3%      arima
2026-08-28 08:07:25.874 | INFO     | __main__:run_training:341 -   Rice                      25.8%      3.8%     40.4%    prophet
2026-08-28 08:07:25.874 | INFO     | __main__:run_training:341 -   Meat (beef)               23.9%     44.1%     31.8%      arima
2026-08-28 08:07:25.874 | INFO     | __main__:run_training:341 -   Meat (goat)               22.1%     31.8%     22.0%    xgboost
2026-08-28 08:07:25.876 | INFO     | __main__:run_training:341 -   Fish (dried)              22.0%     50.1%     29.3%      arima
2026-08-28 08:07:25.877 | INFO     | __main__:run_training:341 -   Eggs                       6.2%     19.3%     34.5%      arima
2026-08-28 08:07:25.878 | INFO     | __main__:run_training:343 - ======================================================================
2026-08-28 08:07:25.878 | SUCCESS  | __main__:run_training:345 - TRAINING COMPLETE — 17/17 commodities
2026-08-28 08:07:25.880 | INFO     | __main__:run_training:346 - ======================================================================
