2026-08-17 06:52:20.217 | INFO     | __main__:run_training:305 - ============================================================
2026-08-17 06:52:20.225 | INFO     | __main__:run_training:306 - STEP 4 — MODEL TRAINING
2026-08-17 06:52:20.235 | INFO     | __main__:run_training:307 -   Commodities : 17
2026-08-17 06:52:20.241 | INFO     | __main__:run_training:308 -   Models      : ARIMA + Prophet + XGBoost
2026-08-17 06:52:20.249 | INFO     | __main__:run_training:309 - ============================================================
2026-08-17 06:52:20.254 | INFO     | __main__:run_training:313 - 
[1/17] Starting Hibiscus...
2026-08-17 06:52:20.683 | DEBUG    | __main__:train_commodity:260 -   [Hibiscus] Real-data-only mode: 45 rows
2026-08-17 06:52:20.683 | INFO     | __main__:train_commodity:263 - 
───────────────────────────────────────────────────────
2026-08-17 06:52:20.700 | INFO     | __main__:train_commodity:264 -   Hibiscus  (45 rows | last: 2026-04-13)
2026-08-17 06:52:20.700 | INFO     | __main__:train_commodity:265 - ───────────────────────────────────────────────────────
2026-08-17 06:52:20.706 | INFO     | __main__:train_commodity:269 -   [1/3] ARIMA...
2026-08-17 06:52:34.790 | DEBUG    | __main__:train_arima:109 -   [Hibiscus] ARIMA order=(0, 1, 0) MAPE=21.0%
2026-08-17 06:52:34.791 | INFO     | __main__:train_commodity:272 -   [2/3] Prophet...
2026-08-17 06:52:45.159 | DEBUG    | __main__:train_prophet:159 -   [Hibiscus] Prophet MAPE=36.7%
2026-08-17 06:52:45.175 | INFO     | __main__:train_commodity:275 -   [3/3] XGBoost...
2026-08-17 06:52:56.713 | DEBUG    | __main__:train_xgboost:215 -   [Hibiscus] XGBoost MAPE=23.8% | top: pct_change_52w
2026-08-17 06:52:56.716 | INFO     | __main__:train_commodity:281 -   Ensemble weights: arima: 0.408 | prophet: 0.233 | xgboost: 0.359
2026-08-17 06:52:56.718 | INFO     | __main__:train_commodity:283 -   Model          MAPE               MAE    Weight
2026-08-17 06:52:56.718 | INFO     | __main__:train_commodity:284 -   --------------------------------------------------
2026-08-17 06:52:56.720 | INFO     | __main__:train_commodity:291 -   arima         21.0%  ₦     525,000     0.408
2026-08-17 06:52:56.720 | INFO     | __main__:train_commodity:291 -   prophet       36.7%  ₦     908,482     0.233
2026-08-17 06:52:56.720 | INFO     | __main__:train_commodity:291 -   xgboost       23.8%  ₦     595,832     0.359
2026-08-17 06:52:56.724 | INFO     | __main__:run_training:313 - 
[2/17] Starting Sesame...
2026-08-17 06:52:56.825 | INFO     | __main__:train_commodity:263 - 
───────────────────────────────────────────────────────
2026-08-17 06:52:56.828 | INFO     | __main__:train_commodity:264 -   Sesame  (828 rows | last: 2026-04-13)
2026-08-17 06:52:56.828 | INFO     | __main__:train_commodity:265 - ───────────────────────────────────────────────────────
2026-08-17 06:52:56.831 | INFO     | __main__:train_commodity:269 -   [1/3] ARIMA...
2026-08-17 06:57:27.692 | DEBUG    | __main__:train_arima:109 -   [Sesame] ARIMA order=(1, 1, 0) MAPE=13.0%
2026-08-17 06:57:27.716 | INFO     | __main__:train_commodity:272 -   [2/3] Prophet...
2026-08-17 06:57:30.917 | DEBUG    | __main__:train_prophet:159 -   [Sesame] Prophet MAPE=37.2%
2026-08-17 06:57:30.919 | INFO     | __main__:train_commodity:275 -   [3/3] XGBoost...
2026-08-17 06:57:34.283 | DEBUG    | __main__:train_xgboost:215 -   [Sesame] XGBoost MAPE=17.1% | top: weeks_since_start
2026-08-17 06:57:34.298 | INFO     | __main__:train_commodity:281 -   Ensemble weights: arima: 0.473 | prophet: 0.166 | xgboost: 0.361
2026-08-17 06:57:34.298 | INFO     | __main__:train_commodity:283 -   Model          MAPE               MAE    Weight
2026-08-17 06:57:34.306 | INFO     | __main__:train_commodity:284 -   --------------------------------------------------
2026-08-17 06:57:34.317 | INFO     | __main__:train_commodity:291 -   arima         13.0%  ₦     158,499     0.473
2026-08-17 06:57:34.317 | INFO     | __main__:train_commodity:291 -   prophet       37.2%  ₦     457,208     0.166
2026-08-17 06:57:34.330 | INFO     | __main__:train_commodity:291 -   xgboost       17.1%  ₦     219,236     0.361
2026-08-17 06:57:34.387 | INFO     | __main__:run_training:313 - 
[3/17] Starting Ginger...
2026-08-17 06:57:34.646 | DEBUG    | __main__:train_commodity:260 -   [Ginger] Real-data-only mode: 44 rows
2026-08-17 06:57:34.646 | INFO     | __main__:train_commodity:263 - 
───────────────────────────────────────────────────────
2026-08-17 06:57:34.654 | INFO     | __main__:train_commodity:264 -   Ginger  (44 rows | last: 2026-04-13)
2026-08-17 06:57:34.661 | INFO     | __main__:train_commodity:265 - ───────────────────────────────────────────────────────
2026-08-17 06:57:34.667 | INFO     | __main__:train_commodity:269 -   [1/3] ARIMA...
2026-08-17 06:57:36.120 | DEBUG    | __main__:train_arima:109 -   [Ginger] ARIMA order=(1, 1, 0) MAPE=22.6%
2026-08-17 06:57:36.120 | INFO     | __main__:train_commodity:272 -   [2/3] Prophet...
2026-08-17 06:57:38.531 | DEBUG    | __main__:train_prophet:159 -   [Ginger] Prophet MAPE=33.4%
2026-08-17 06:57:38.532 | INFO     | __main__:train_commodity:275 -   [3/3] XGBoost...
2026-08-17 06:57:41.794 | DEBUG    | __main__:train_xgboost:215 -   [Ginger] XGBoost MAPE=2.3% | top: rolling_max_12w
2026-08-17 06:57:41.797 | INFO     | __main__:train_commodity:281 -   Ensemble weights: arima: 0.087 | prophet: 0.059 | xgboost: 0.854
2026-08-17 06:57:41.800 | INFO     | __main__:train_commodity:283 -   Model          MAPE               MAE    Weight
2026-08-17 06:57:41.800 | INFO     | __main__:train_commodity:284 -   --------------------------------------------------
2026-08-17 06:57:41.802 | INFO     | __main__:train_commodity:291 -   arima         22.6%  ₦   2,279,849     0.087
2026-08-17 06:57:41.803 | INFO     | __main__:train_commodity:291 -   prophet       33.4%  ₦   3,360,407     0.059
2026-08-17 06:57:41.804 | INFO     | __main__:train_commodity:291 -   xgboost        2.3%  ₦     237,743     0.854
2026-08-17 06:57:41.811 | INFO     | __main__:run_training:313 - 
[4/17] Starting Cocoa...
2026-08-17 06:57:41.979 | DEBUG    | __main__:train_commodity:260 -   [Cocoa] Real-data-only mode: 48 rows
2026-08-17 06:57:41.979 | INFO     | __main__:train_commodity:263 - 
───────────────────────────────────────────────────────
2026-08-17 06:57:41.981 | INFO     | __main__:train_commodity:264 -   Cocoa  (48 rows | last: 2026-04-13)
2026-08-17 06:57:41.982 | INFO     | __main__:train_commodity:265 - ───────────────────────────────────────────────────────
2026-08-17 06:57:41.982 | INFO     | __main__:train_commodity:269 -   [1/3] ARIMA...
2026-08-17 06:57:43.848 | DEBUG    | __main__:train_arima:109 -   [Cocoa] ARIMA order=(0, 1, 0) MAPE=36.3%
2026-08-17 06:57:43.848 | INFO     | __main__:train_commodity:272 -   [2/3] Prophet...
2026-08-17 06:57:45.558 | DEBUG    | __main__:train_prophet:159 -   [Cocoa] Prophet MAPE=30.8%
2026-08-17 06:57:45.559 | INFO     | __main__:train_commodity:275 -   [3/3] XGBoost...
2026-08-17 06:57:47.561 | DEBUG    | __main__:train_xgboost:215 -   [Cocoa] XGBoost MAPE=41.6% | top: pct_change_52w
2026-08-17 06:57:47.576 | INFO     | __main__:train_commodity:281 -   Ensemble weights: arima: 0.328 | prophet: 0.386 | xgboost: 0.286
2026-08-17 06:57:47.581 | INFO     | __main__:train_commodity:283 -   Model          MAPE               MAE    Weight
2026-08-17 06:57:47.583 | INFO     | __main__:train_commodity:284 -   --------------------------------------------------
2026-08-17 06:57:47.585 | INFO     | __main__:train_commodity:291 -   arima         36.3%  ₦   2,165,000     0.328
2026-08-17 06:57:47.593 | INFO     | __main__:train_commodity:291 -   prophet       30.8%  ₦   1,868,354     0.386
2026-08-17 06:57:47.600 | INFO     | __main__:train_commodity:291 -   xgboost       41.6%  ₦   2,491,368     0.286
2026-08-17 06:57:47.611 | INFO     | __main__:run_training:313 - 
[5/17] Starting Soybeans...
2026-08-17 06:57:47.750 | INFO     | __main__:train_commodity:263 - 
───────────────────────────────────────────────────────
2026-08-17 06:57:47.752 | INFO     | __main__:train_commodity:264 -   Soybeans  (1372 rows | last: 2026-04-13)
2026-08-17 06:57:47.753 | INFO     | __main__:train_commodity:265 - ───────────────────────────────────────────────────────
2026-08-17 06:57:47.754 | INFO     | __main__:train_commodity:269 -   [1/3] ARIMA...
2026-08-17 06:58:55.648 | DEBUG    | __main__:train_arima:109 -   [Soybeans] ARIMA order=(1, 2, 1) MAPE=18.5%
2026-08-17 06:58:55.649 | INFO     | __main__:train_commodity:272 -   [2/3] Prophet...
2026-08-17 06:58:58.080 | DEBUG    | __main__:train_prophet:159 -   [Soybeans] Prophet MAPE=44.5%
2026-08-17 06:58:58.081 | INFO     | __main__:train_commodity:275 -   [3/3] XGBoost...
2026-08-17 06:59:02.309 | DEBUG    | __main__:train_xgboost:215 -   [Soybeans] XGBoost MAPE=53.0% | top: rolling_max_4w
2026-08-17 06:59:02.312 | INFO     | __main__:train_commodity:281 -   Ensemble weights: arima: 0.567 | prophet: 0.235 | xgboost: 0.198
2026-08-17 06:59:02.314 | INFO     | __main__:train_commodity:283 -   Model          MAPE               MAE    Weight
2026-08-17 06:59:02.315 | INFO     | __main__:train_commodity:284 -   --------------------------------------------------
2026-08-17 06:59:02.315 | INFO     | __main__:train_commodity:291 -   arima         18.5%  ₦     108,015     0.567
2026-08-17 06:59:02.315 | INFO     | __main__:train_commodity:291 -   prophet       44.5%  ₦     266,688     0.235
2026-08-17 06:59:02.315 | INFO     | __main__:train_commodity:291 -   xgboost       53.0%  ₦     323,800     0.198
2026-08-17 06:59:02.324 | INFO     | __main__:run_training:313 - 
[6/17] Starting Cashew Nuts...
2026-08-17 06:59:02.443 | DEBUG    | __main__:train_commodity:260 -   [Cashew Nuts] Real-data-only mode: 48 rows
2026-08-17 06:59:02.443 | INFO     | __main__:train_commodity:263 - 
───────────────────────────────────────────────────────
2026-08-17 06:59:02.444 | INFO     | __main__:train_commodity:264 -   Cashew Nuts  (48 rows | last: 2026-04-13)
2026-08-17 06:59:02.445 | INFO     | __main__:train_commodity:265 - ───────────────────────────────────────────────────────
2026-08-17 06:59:02.445 | INFO     | __main__:train_commodity:269 -   [1/3] ARIMA...
2026-08-17 06:59:03.615 | DEBUG    | __main__:train_arima:109 -   [Cashew Nuts] ARIMA order=(2, 0, 0) MAPE=16.3%
2026-08-17 06:59:03.616 | INFO     | __main__:train_commodity:272 -   [2/3] Prophet...
2026-08-17 06:59:05.363 | DEBUG    | __main__:train_prophet:159 -   [Cashew Nuts] Prophet MAPE=68.7%
2026-08-17 06:59:05.363 | INFO     | __main__:train_commodity:275 -   [3/3] XGBoost...
2026-08-17 06:59:05.593 | DEBUG    | __main__:train_xgboost:215 -   [Cashew Nuts] XGBoost MAPE=3.6% | top: pct_change_52w
2026-08-17 06:59:05.597 | INFO     | __main__:train_commodity:281 -   Ensemble weights: arima: 0.180 | xgboost: 0.820
2026-08-17 06:59:05.599 | INFO     | __main__:train_commodity:283 -   Model          MAPE               MAE    Weight
2026-08-17 06:59:05.600 | INFO     | __main__:train_commodity:284 -   --------------------------------------------------
2026-08-17 06:59:05.601 | INFO     | __main__:train_commodity:291 -   arima         16.3%  ₦     301,076     0.180
2026-08-17 06:59:05.603 | INFO     | __main__:train_commodity:291 -   prophet       68.7%  ₦   1,293,976     0.000
2026-08-17 06:59:05.604 | INFO     | __main__:train_commodity:291 -   xgboost        3.6%  ₦      65,354     0.820
2026-08-17 06:59:05.611 | INFO     | __main__:run_training:313 - 
[7/17] Starting Sorghum...
2026-08-17 06:59:05.716 | INFO     | __main__:train_commodity:263 - 
───────────────────────────────────────────────────────
2026-08-17 06:59:05.718 | INFO     | __main__:train_commodity:264 -   Sorghum  (1266 rows | last: 2026-04-13)
2026-08-17 06:59:05.718 | INFO     | __main__:train_commodity:265 - ───────────────────────────────────────────────────────
2026-08-17 06:59:05.718 | INFO     | __main__:train_commodity:269 -   [1/3] ARIMA...
2026-08-17 07:00:34.027 | DEBUG    | __main__:train_arima:109 -   [Sorghum] ARIMA order=(2, 1, 2) MAPE=42.6%
2026-08-17 07:00:34.029 | INFO     | __main__:train_commodity:272 -   [2/3] Prophet...
2026-08-17 07:00:36.307 | DEBUG    | __main__:train_prophet:159 -   [Sorghum] Prophet MAPE=31.2%
2026-08-17 07:00:36.308 | INFO     | __main__:train_commodity:275 -   [3/3] XGBoost...
2026-08-17 07:00:39.671 | DEBUG    | __main__:train_xgboost:215 -   [Sorghum] XGBoost MAPE=34.9% | top: rolling_mean_4w
2026-08-17 07:00:39.676 | INFO     | __main__:train_commodity:281 -   Ensemble weights: arima: 0.279 | prophet: 0.381 | xgboost: 0.341
2026-08-17 07:00:39.676 | INFO     | __main__:train_commodity:283 -   Model          MAPE               MAE    Weight
2026-08-17 07:00:39.676 | INFO     | __main__:train_commodity:284 -   --------------------------------------------------
2026-08-17 07:00:39.678 | INFO     | __main__:train_commodity:291 -   arima         42.6%  ₦     135,520     0.279
2026-08-17 07:00:39.678 | INFO     | __main__:train_commodity:291 -   prophet       31.2%  ₦     101,165     0.381
2026-08-17 07:00:39.679 | INFO     | __main__:train_commodity:291 -   xgboost       34.9%  ₦     178,026     0.341
2026-08-17 07:00:39.687 | INFO     | __main__:run_training:313 - 
[8/17] Starting Beans (white)...
2026-08-17 07:00:39.821 | INFO     | __main__:train_commodity:263 - 
───────────────────────────────────────────────────────
2026-08-17 07:00:39.821 | INFO     | __main__:train_commodity:264 -   Beans (white)  (1262 rows | last: 2026-03-16)
2026-08-17 07:00:39.824 | INFO     | __main__:train_commodity:265 - ───────────────────────────────────────────────────────
2026-08-17 07:00:39.825 | INFO     | __main__:train_commodity:269 -   [1/3] ARIMA...
2026-08-17 07:01:45.905 | DEBUG    | __main__:train_arima:109 -   [Beans (white)] ARIMA order=(1, 2, 2) MAPE=13.2%
2026-08-17 07:01:45.909 | INFO     | __main__:train_commodity:272 -   [2/3] Prophet...
2026-08-17 07:01:49.208 | DEBUG    | __main__:train_prophet:159 -   [Beans (white)] Prophet MAPE=24.3%
2026-08-17 07:01:49.209 | INFO     | __main__:train_commodity:275 -   [3/3] XGBoost...
2026-08-17 07:01:50.961 | DEBUG    | __main__:train_xgboost:215 -   [Beans (white)] XGBoost MAPE=4.8% | top: rolling_min_4w
2026-08-17 07:01:50.967 | INFO     | __main__:train_commodity:281 -   Ensemble weights: arima: 0.231 | prophet: 0.126 | xgboost: 0.643
2026-08-17 07:01:50.967 | INFO     | __main__:train_commodity:283 -   Model          MAPE               MAE    Weight
2026-08-17 07:01:50.969 | INFO     | __main__:train_commodity:284 -   --------------------------------------------------
2026-08-17 07:01:50.969 | INFO     | __main__:train_commodity:291 -   arima         13.2%  ₦      84,774     0.231
2026-08-17 07:01:50.971 | INFO     | __main__:train_commodity:291 -   prophet       24.3%  ₦     155,030     0.126
2026-08-17 07:01:50.972 | INFO     | __main__:train_commodity:291 -   xgboost        4.8%  ₦      44,455     0.643
2026-08-17 07:01:50.984 | INFO     | __main__:run_training:313 - 
[9/17] Starting Beans (red)...
2026-08-17 07:01:51.069 | INFO     | __main__:train_commodity:263 - 
───────────────────────────────────────────────────────
2026-08-17 07:01:51.072 | INFO     | __main__:train_commodity:264 -   Beans (red)  (532 rows | last: 2026-03-16)
2026-08-17 07:01:51.074 | INFO     | __main__:train_commodity:265 - ───────────────────────────────────────────────────────
2026-08-17 07:01:51.074 | INFO     | __main__:train_commodity:269 -   [1/3] ARIMA...
2026-08-17 07:03:48.932 | DEBUG    | __main__:train_arima:109 -   [Beans (red)] ARIMA order=(1, 1, 2) MAPE=33.8%
2026-08-17 07:03:48.933 | INFO     | __main__:train_commodity:272 -   [2/3] Prophet...
2026-08-17 07:03:50.664 | DEBUG    | __main__:train_prophet:159 -   [Beans (red)] Prophet MAPE=38.5%
2026-08-17 07:03:50.666 | INFO     | __main__:train_commodity:275 -   [3/3] XGBoost...
2026-08-17 07:03:52.369 | DEBUG    | __main__:train_xgboost:215 -   [Beans (red)] XGBoost MAPE=20.2% | top: price_lag_1w
2026-08-17 07:03:52.377 | INFO     | __main__:train_commodity:281 -   Ensemble weights: arima: 0.282 | prophet: 0.247 | xgboost: 0.471
2026-08-17 07:03:52.378 | INFO     | __main__:train_commodity:283 -   Model          MAPE               MAE    Weight
2026-08-17 07:03:52.380 | INFO     | __main__:train_commodity:284 -   --------------------------------------------------
2026-08-17 07:03:52.381 | INFO     | __main__:train_commodity:291 -   arima         33.8%  ₦     239,054     0.282
2026-08-17 07:03:52.382 | INFO     | __main__:train_commodity:291 -   prophet       38.5%  ₦     304,534     0.247
2026-08-17 07:03:52.383 | INFO     | __main__:train_commodity:291 -   xgboost       20.2%  ₦     321,246     0.471
2026-08-17 07:03:52.406 | INFO     | __main__:run_training:313 - 
[10/17] Starting Maize (white)...
2026-08-17 07:03:52.504 | INFO     | __main__:train_commodity:263 - 
───────────────────────────────────────────────────────
2026-08-17 07:03:52.506 | INFO     | __main__:train_commodity:264 -   Maize (white)  (1265 rows | last: 2026-04-06)
2026-08-17 07:03:52.506 | INFO     | __main__:train_commodity:265 - ───────────────────────────────────────────────────────
2026-08-17 07:03:52.507 | INFO     | __main__:train_commodity:269 -   [1/3] ARIMA...
2026-08-17 07:04:38.652 | DEBUG    | __main__:train_arima:109 -   [Maize (white)] ARIMA order=(0, 1, 1) MAPE=0.8%
2026-08-17 07:04:38.652 | INFO     | __main__:train_commodity:272 -   [2/3] Prophet...
2026-08-17 07:04:41.037 | DEBUG    | __main__:train_prophet:159 -   [Maize (white)] Prophet MAPE=25.7%
2026-08-17 07:04:41.038 | INFO     | __main__:train_commodity:275 -   [3/3] XGBoost...
2026-08-17 07:04:43.476 | DEBUG    | __main__:train_xgboost:215 -   [Maize (white)] XGBoost MAPE=17.2% | top: rolling_mean_4w
2026-08-17 07:04:43.481 | INFO     | __main__:train_commodity:281 -   Ensemble weights: arima: 0.931 | prophet: 0.028 | xgboost: 0.041
2026-08-17 07:04:43.483 | INFO     | __main__:train_commodity:283 -   Model          MAPE               MAE    Weight
2026-08-17 07:04:43.483 | INFO     | __main__:train_commodity:284 -   --------------------------------------------------
2026-08-17 07:04:43.483 | INFO     | __main__:train_commodity:291 -   arima          0.8%  ₦       2,735     0.931
2026-08-17 07:04:43.485 | INFO     | __main__:train_commodity:291 -   prophet       25.7%  ₦      92,545     0.028
2026-08-17 07:04:43.488 | INFO     | __main__:train_commodity:291 -   xgboost       17.2%  ₦      52,536     0.041
2026-08-17 07:04:43.529 | INFO     | __main__:run_training:313 - 
[11/17] Starting Maize (yellow)...
2026-08-17 07:04:43.609 | INFO     | __main__:train_commodity:263 - 
───────────────────────────────────────────────────────
2026-08-17 07:04:43.611 | INFO     | __main__:train_commodity:264 -   Maize (yellow)  (622 rows | last: 2026-04-06)
2026-08-17 07:04:43.612 | INFO     | __main__:train_commodity:265 - ───────────────────────────────────────────────────────
2026-08-17 07:04:43.612 | INFO     | __main__:train_commodity:269 -   [1/3] ARIMA...
2026-08-17 07:05:35.393 | DEBUG    | __main__:train_arima:109 -   [Maize (yellow)] ARIMA order=(0, 1, 1) MAPE=0.8%
2026-08-17 07:05:35.395 | INFO     | __main__:train_commodity:272 -   [2/3] Prophet...
2026-08-17 07:05:37.034 | DEBUG    | __main__:train_prophet:159 -   [Maize (yellow)] Prophet MAPE=6.3%
2026-08-17 07:05:37.034 | INFO     | __main__:train_commodity:275 -   [3/3] XGBoost...
2026-08-17 07:05:41.109 | DEBUG    | __main__:train_xgboost:215 -   [Maize (yellow)] XGBoost MAPE=19.5% | top: price_lag_1w
2026-08-17 07:05:41.113 | INFO     | __main__:train_commodity:281 -   Ensemble weights: arima: 0.863 | prophet: 0.103 | xgboost: 0.034
2026-08-17 07:05:41.113 | INFO     | __main__:train_commodity:283 -   Model          MAPE               MAE    Weight
2026-08-17 07:05:41.113 | INFO     | __main__:train_commodity:284 -   --------------------------------------------------
2026-08-17 07:05:41.116 | INFO     | __main__:train_commodity:291 -   arima          0.8%  ₦       2,949     0.863
2026-08-17 07:05:41.117 | INFO     | __main__:train_commodity:291 -   prophet        6.3%  ₦      24,604     0.103
2026-08-17 07:05:41.118 | INFO     | __main__:train_commodity:291 -   xgboost       19.5%  ₦      68,905     0.034
2026-08-17 07:05:41.157 | INFO     | __main__:run_training:313 - 
[12/17] Starting Wheat...
2026-08-17 07:05:41.307 | INFO     | __main__:train_commodity:263 - 
───────────────────────────────────────────────────────
2026-08-17 07:05:41.312 | INFO     | __main__:train_commodity:264 -   Wheat  (850 rows | last: 2026-04-13)
2026-08-17 07:05:41.321 | INFO     | __main__:train_commodity:265 - ───────────────────────────────────────────────────────
2026-08-17 07:05:41.323 | INFO     | __main__:train_commodity:269 -   [1/3] ARIMA...
2026-08-17 07:06:05.995 | DEBUG    | __main__:train_arima:109 -   [Wheat] ARIMA order=(0, 1, 0) MAPE=2.4%
2026-08-17 07:06:05.997 | INFO     | __main__:train_commodity:272 -   [2/3] Prophet...
2026-08-17 07:06:08.144 | DEBUG    | __main__:train_prophet:159 -   [Wheat] Prophet MAPE=6.4%
2026-08-17 07:06:08.145 | INFO     | __main__:train_commodity:275 -   [3/3] XGBoost...
2026-08-17 07:06:10.855 | DEBUG    | __main__:train_xgboost:215 -   [Wheat] XGBoost MAPE=29.3% | top: pct_change_52w
2026-08-17 07:06:10.858 | INFO     | __main__:train_commodity:281 -   Ensemble weights: arima: 0.684 | prophet: 0.259 | xgboost: 0.057
2026-08-17 07:06:10.858 | INFO     | __main__:train_commodity:283 -   Model          MAPE               MAE    Weight
2026-08-17 07:06:10.858 | INFO     | __main__:train_commodity:284 -   --------------------------------------------------
2026-08-17 07:06:10.861 | INFO     | __main__:train_commodity:291 -   arima          2.4%  ₦      17,023     0.684
2026-08-17 07:06:10.861 | INFO     | __main__:train_commodity:291 -   prophet        6.4%  ₦      43,620     0.259
2026-08-17 07:06:10.861 | INFO     | __main__:train_commodity:291 -   xgboost       29.3%  ₦     199,079     0.057
2026-08-17 07:06:10.871 | INFO     | __main__:run_training:313 - 
[13/17] Starting Rice...
2026-08-17 07:06:10.983 | INFO     | __main__:train_commodity:263 - 
───────────────────────────────────────────────────────
2026-08-17 07:06:10.983 | INFO     | __main__:train_commodity:264 -   Rice  (1271 rows | last: 2026-05-18)
2026-08-17 07:06:10.985 | INFO     | __main__:train_commodity:265 - ───────────────────────────────────────────────────────
2026-08-17 07:06:10.986 | INFO     | __main__:train_commodity:269 -   [1/3] ARIMA...
2026-08-17 07:06:40.879 | DEBUG    | __main__:train_arima:109 -   [Rice] ARIMA order=(0, 2, 0) MAPE=25.8%
2026-08-17 07:06:40.880 | INFO     | __main__:train_commodity:272 -   [2/3] Prophet...
2026-08-17 07:06:44.707 | DEBUG    | __main__:train_prophet:159 -   [Rice] Prophet MAPE=3.8%
2026-08-17 07:06:44.707 | INFO     | __main__:train_commodity:275 -   [3/3] XGBoost...
2026-08-17 07:06:57.172 | DEBUG    | __main__:train_xgboost:215 -   [Rice] XGBoost MAPE=40.4% | top: price_lag_1w
2026-08-17 07:06:57.179 | INFO     | __main__:train_commodity:281 -   Ensemble weights: arima: 0.119 | prophet: 0.806 | xgboost: 0.076
2026-08-17 07:06:57.179 | INFO     | __main__:train_commodity:283 -   Model          MAPE               MAE    Weight
2026-08-17 07:06:57.181 | INFO     | __main__:train_commodity:284 -   --------------------------------------------------
2026-08-17 07:06:57.182 | INFO     | __main__:train_commodity:291 -   arima         25.8%  ₦     400,738     0.119
2026-08-17 07:06:57.182 | INFO     | __main__:train_commodity:291 -   prophet        3.8%  ₦      59,022     0.806
2026-08-17 07:06:57.182 | INFO     | __main__:train_commodity:291 -   xgboost       40.4%  ₦     535,646     0.076
2026-08-17 07:06:57.196 | INFO     | __main__:run_training:313 - 
[14/17] Starting Meat (beef)...
2026-08-17 07:06:57.366 | INFO     | __main__:train_commodity:263 - 
───────────────────────────────────────────────────────
2026-08-17 07:06:57.380 | INFO     | __main__:train_commodity:264 -   Meat (beef)  (521 rows | last: 2026-06-01)
2026-08-17 07:06:57.382 | INFO     | __main__:train_commodity:265 - ───────────────────────────────────────────────────────
2026-08-17 07:06:57.400 | INFO     | __main__:train_commodity:269 -   [1/3] ARIMA...
2026-08-17 07:08:03.388 | DEBUG    | __main__:train_arima:109 -   [Meat (beef)] ARIMA order=(0, 1, 1) MAPE=23.9%
2026-08-17 07:08:03.390 | INFO     | __main__:train_commodity:272 -   [2/3] Prophet...
2026-08-17 07:08:06.245 | DEBUG    | __main__:train_prophet:159 -   [Meat (beef)] Prophet MAPE=44.0%
2026-08-17 07:08:06.247 | INFO     | __main__:train_commodity:275 -   [3/3] XGBoost...
2026-08-17 07:08:11.657 | DEBUG    | __main__:train_xgboost:215 -   [Meat (beef)] XGBoost MAPE=31.8% | top: food_inflation_yoy
2026-08-17 07:08:11.664 | INFO     | __main__:train_commodity:281 -   Ensemble weights: arima: 0.436 | prophet: 0.236 | xgboost: 0.327
2026-08-17 07:08:11.666 | INFO     | __main__:train_commodity:283 -   Model          MAPE               MAE    Weight
2026-08-17 07:08:11.666 | INFO     | __main__:train_commodity:284 -   --------------------------------------------------
2026-08-17 07:08:11.666 | INFO     | __main__:train_commodity:291 -   arima         23.9%  ₦   1,013,499     0.436
2026-08-17 07:08:11.668 | INFO     | __main__:train_commodity:291 -   prophet       44.0%  ₦   1,973,757     0.236
2026-08-17 07:08:11.670 | INFO     | __main__:train_commodity:291 -   xgboost       31.8%  ₦   1,778,099     0.327
2026-08-17 07:08:11.678 | INFO     | __main__:run_training:313 - 
[15/17] Starting Meat (goat)...
2026-08-17 07:08:11.767 | INFO     | __main__:train_commodity:263 - 
───────────────────────────────────────────────────────
2026-08-17 07:08:11.768 | INFO     | __main__:train_commodity:264 -   Meat (goat)  (543 rows | last: 2026-06-01)
2026-08-17 07:08:11.770 | INFO     | __main__:train_commodity:265 - ───────────────────────────────────────────────────────
2026-08-17 07:08:11.770 | INFO     | __main__:train_commodity:269 -   [1/3] ARIMA...
2026-08-17 07:09:28.738 | DEBUG    | __main__:train_arima:109 -   [Meat (goat)] ARIMA order=(0, 1, 2) MAPE=22.1%
2026-08-17 07:09:28.740 | INFO     | __main__:train_commodity:272 -   [2/3] Prophet...
2026-08-17 07:09:31.515 | DEBUG    | __main__:train_prophet:159 -   [Meat (goat)] Prophet MAPE=31.8%
2026-08-17 07:09:31.515 | INFO     | __main__:train_commodity:275 -   [3/3] XGBoost...
2026-08-17 07:09:32.874 | DEBUG    | __main__:train_xgboost:215 -   [Meat (goat)] XGBoost MAPE=22.0% | top: rolling_min_4w
2026-08-17 07:09:32.881 | INFO     | __main__:train_commodity:281 -   Ensemble weights: arima: 0.371 | prophet: 0.258 | xgboost: 0.372
2026-08-17 07:09:32.881 | INFO     | __main__:train_commodity:283 -   Model          MAPE               MAE    Weight
2026-08-17 07:09:32.881 | INFO     | __main__:train_commodity:284 -   --------------------------------------------------
2026-08-17 07:09:32.881 | INFO     | __main__:train_commodity:291 -   arima         22.1%  ₦   1,024,283     0.371
2026-08-17 07:09:32.884 | INFO     | __main__:train_commodity:291 -   prophet       31.8%  ₦   1,553,658     0.258
2026-08-17 07:09:32.885 | INFO     | __main__:train_commodity:291 -   xgboost       22.0%  ₦   1,216,705     0.372
2026-08-17 07:09:32.920 | INFO     | __main__:run_training:313 - 
[16/17] Starting Fish (dried)...
2026-08-17 07:09:32.994 | INFO     | __main__:train_commodity:263 - 
───────────────────────────────────────────────────────
2026-08-17 07:09:32.995 | INFO     | __main__:train_commodity:264 -   Fish (dried)  (543 rows | last: 2026-06-01)
2026-08-17 07:09:32.995 | INFO     | __main__:train_commodity:265 - ───────────────────────────────────────────────────────
2026-08-17 07:09:32.995 | INFO     | __main__:train_commodity:269 -   [1/3] ARIMA...
2026-08-17 07:10:55.924 | DEBUG    | __main__:train_arima:109 -   [Fish (dried)] ARIMA order=(1, 1, 0) MAPE=22.0%
2026-08-17 07:10:55.925 | INFO     | __main__:train_commodity:272 -   [2/3] Prophet...
2026-08-17 07:10:57.809 | DEBUG    | __main__:train_prophet:159 -   [Fish (dried)] Prophet MAPE=50.1%
2026-08-17 07:10:57.810 | INFO     | __main__:train_commodity:275 -   [3/3] XGBoost...
2026-08-17 07:10:58.865 | DEBUG    | __main__:train_xgboost:215 -   [Fish (dried)] XGBoost MAPE=29.3% | top: rolling_min_4w
2026-08-17 07:10:58.870 | INFO     | __main__:train_commodity:281 -   Ensemble weights: arima: 0.457 | prophet: 0.200 | xgboost: 0.343
2026-08-17 07:10:58.871 | INFO     | __main__:train_commodity:283 -   Model          MAPE               MAE    Weight
2026-08-17 07:10:58.873 | INFO     | __main__:train_commodity:284 -   --------------------------------------------------
2026-08-17 07:10:58.874 | INFO     | __main__:train_commodity:291 -   arima         22.0%  ₦     586,958     0.457
2026-08-17 07:10:58.874 | INFO     | __main__:train_commodity:291 -   prophet       50.1%  ₦   1,310,216     0.200
2026-08-17 07:10:58.876 | INFO     | __main__:train_commodity:291 -   xgboost       29.3%  ₦     526,398     0.343
2026-08-17 07:10:58.910 | INFO     | __main__:run_training:313 - 
[17/17] Starting Eggs...
2026-08-17 07:10:59.000 | INFO     | __main__:train_commodity:263 - 
───────────────────────────────────────────────────────
2026-08-17 07:10:59.000 | INFO     | __main__:train_commodity:264 -   Eggs  (517 rows | last: 2026-06-01)
2026-08-17 07:10:59.000 | INFO     | __main__:train_commodity:265 - ───────────────────────────────────────────────────────
2026-08-17 07:10:59.000 | INFO     | __main__:train_commodity:269 -   [1/3] ARIMA...
2026-08-17 07:12:39.916 | DEBUG    | __main__:train_arima:109 -   [Eggs] ARIMA order=(1, 1, 0) MAPE=6.2%
2026-08-17 07:12:39.923 | INFO     | __main__:train_commodity:272 -   [2/3] Prophet...
2026-08-17 07:12:41.622 | DEBUG    | __main__:train_prophet:159 -   [Eggs] Prophet MAPE=19.3%
2026-08-17 07:12:41.624 | INFO     | __main__:train_commodity:275 -   [3/3] XGBoost...
2026-08-17 07:12:45.765 | DEBUG    | __main__:train_xgboost:215 -   [Eggs] XGBoost MAPE=34.5% | top: food_inflation_yoy
2026-08-17 07:12:45.770 | INFO     | __main__:train_commodity:281 -   Ensemble weights: arima: 0.668 | prophet: 0.213 | xgboost: 0.119
2026-08-17 07:12:45.770 | INFO     | __main__:train_commodity:283 -   Model          MAPE               MAE    Weight
2026-08-17 07:12:45.772 | INFO     | __main__:train_commodity:284 -   --------------------------------------------------
2026-08-17 07:12:45.774 | INFO     | __main__:train_commodity:291 -   arima          6.2%  ₦         428     0.668
2026-08-17 07:12:45.775 | INFO     | __main__:train_commodity:291 -   prophet       19.3%  ₦       1,305     0.213
2026-08-17 07:12:45.775 | INFO     | __main__:train_commodity:291 -   xgboost       34.5%  ₦       2,184     0.119
2026-08-17 07:12:45.827 | INFO     | __main__:run_training:324 - 
======================================================================
2026-08-17 07:12:45.829 | INFO     | __main__:run_training:325 -   FINAL TRAINING SUMMARY
2026-08-17 07:12:45.829 | INFO     | __main__:run_training:326 - ======================================================================
2026-08-17 07:12:45.831 | INFO     | __main__:run_training:327 -   Commodity                 ARIMA   Prophet   XGBoost       Best
2026-08-17 07:12:45.831 | INFO     | __main__:run_training:328 -   --------------------------------------------------------------
2026-08-17 07:12:45.831 | INFO     | __main__:run_training:341 -   Hibiscus                  21.0%     36.7%     23.8%      arima
2026-08-17 07:12:45.833 | INFO     | __main__:run_training:341 -   Sesame                    13.0%     37.2%     17.1%      arima
2026-08-17 07:12:45.833 | INFO     | __main__:run_training:341 -   Ginger                    22.6%     33.4%      2.3%    xgboost
2026-08-17 07:12:45.833 | INFO     | __main__:run_training:341 -   Cocoa                     36.3%     30.8%     41.6%    prophet
2026-08-17 07:12:45.838 | INFO     | __main__:run_training:341 -   Soybeans                  18.5%     44.5%     53.0%      arima
2026-08-17 07:12:45.840 | INFO     | __main__:run_training:341 -   Cashew Nuts               16.3%     68.7%      3.6%    xgboost
2026-08-17 07:12:45.841 | INFO     | __main__:run_training:341 -   Sorghum                   42.6%     31.2%     34.9%    prophet
2026-08-17 07:12:45.843 | INFO     | __main__:run_training:341 -   Beans (white)             13.2%     24.3%      4.8%    xgboost
2026-08-17 07:12:45.844 | INFO     | __main__:run_training:341 -   Beans (red)               33.8%     38.5%     20.2%    xgboost
2026-08-17 07:12:45.846 | INFO     | __main__:run_training:341 -   Maize (white)              0.8%     25.7%     17.2%      arima
2026-08-17 07:12:45.848 | INFO     | __main__:run_training:341 -   Maize (yellow)             0.8%      6.3%     19.5%      arima
2026-08-17 07:12:45.850 | INFO     | __main__:run_training:341 -   Wheat                      2.4%      6.4%     29.3%      arima
2026-08-17 07:12:45.850 | INFO     | __main__:run_training:341 -   Rice                      25.8%      3.8%     40.4%    prophet
2026-08-17 07:12:45.850 | INFO     | __main__:run_training:341 -   Meat (beef)               23.9%     44.0%     31.8%      arima
2026-08-17 07:12:45.852 | INFO     | __main__:run_training:341 -   Meat (goat)               22.1%     31.8%     22.0%    xgboost
2026-08-17 07:12:45.852 | INFO     | __main__:run_training:341 -   Fish (dried)              22.0%     50.1%     29.3%      arima
2026-08-17 07:12:45.854 | INFO     | __main__:run_training:341 -   Eggs                       6.2%     19.3%     34.5%      arima
2026-08-17 07:12:45.854 | INFO     | __main__:run_training:343 - ======================================================================
2026-08-17 07:12:45.856 | SUCCESS  | __main__:run_training:345 - TRAINING COMPLETE — 17/17 commodities
2026-08-17 07:12:45.856 | INFO     | __main__:run_training:346 - ======================================================================
