2026-08-10 06:36:35.587 | INFO     | __main__:run_training:305 - ============================================================
2026-08-10 06:36:35.593 | INFO     | __main__:run_training:306 - STEP 4 — MODEL TRAINING
2026-08-10 06:36:35.594 | INFO     | __main__:run_training:307 -   Commodities : 13
2026-08-10 06:36:35.595 | INFO     | __main__:run_training:308 -   Models      : ARIMA + Prophet + XGBoost
2026-08-10 06:36:35.596 | INFO     | __main__:run_training:309 - ============================================================
2026-08-10 06:36:35.597 | INFO     | __main__:run_training:313 - 
[1/13] Starting Hibiscus...
2026-08-10 06:36:35.953 | DEBUG    | __main__:train_commodity:260 -   [Hibiscus] Real-data-only mode: 45 rows
2026-08-10 06:36:35.958 | INFO     | __main__:train_commodity:263 - 
───────────────────────────────────────────────────────
2026-08-10 06:36:35.978 | INFO     | __main__:train_commodity:264 -   Hibiscus  (45 rows | last: 2026-04-13)
2026-08-10 06:36:35.979 | INFO     | __main__:train_commodity:265 - ───────────────────────────────────────────────────────
2026-08-10 06:36:35.980 | INFO     | __main__:train_commodity:269 -   [1/3] ARIMA...
2026-08-10 06:37:26.641 | DEBUG    | __main__:train_arima:109 -   [Hibiscus] ARIMA order=(0, 1, 0) MAPE=21.0%
2026-08-10 06:37:26.641 | INFO     | __main__:train_commodity:272 -   [2/3] Prophet...
2026-08-10 06:37:31.367 | DEBUG    | __main__:train_prophet:159 -   [Hibiscus] Prophet MAPE=36.7%
2026-08-10 06:37:31.367 | INFO     | __main__:train_commodity:275 -   [3/3] XGBoost...
2026-08-10 06:37:33.827 | DEBUG    | __main__:train_xgboost:215 -   [Hibiscus] XGBoost MAPE=23.8% | top: pct_change_52w
2026-08-10 06:37:33.831 | INFO     | __main__:train_commodity:281 -   Ensemble weights: arima: 0.408 | prophet: 0.233 | xgboost: 0.359
2026-08-10 06:37:33.832 | INFO     | __main__:train_commodity:283 -   Model          MAPE               MAE    Weight
2026-08-10 06:37:33.833 | INFO     | __main__:train_commodity:284 -   --------------------------------------------------
2026-08-10 06:37:33.833 | INFO     | __main__:train_commodity:291 -   arima         21.0%  ₦     525,000     0.408
2026-08-10 06:37:33.834 | INFO     | __main__:train_commodity:291 -   prophet       36.7%  ₦     908,482     0.233
2026-08-10 06:37:33.835 | INFO     | __main__:train_commodity:291 -   xgboost       23.8%  ₦     595,832     0.359
2026-08-10 06:37:33.838 | INFO     | __main__:run_training:313 - 
[2/13] Starting Sesame...
2026-08-10 06:37:33.971 | INFO     | __main__:train_commodity:263 - 
───────────────────────────────────────────────────────
2026-08-10 06:37:33.972 | INFO     | __main__:train_commodity:264 -   Sesame  (828 rows | last: 2026-04-13)
2026-08-10 06:37:33.973 | INFO     | __main__:train_commodity:265 - ───────────────────────────────────────────────────────
2026-08-10 06:37:33.973 | INFO     | __main__:train_commodity:269 -   [1/3] ARIMA...
2026-08-10 06:40:22.969 | DEBUG    | __main__:train_arima:109 -   [Sesame] ARIMA order=(1, 1, 0) MAPE=13.0%
2026-08-10 06:40:22.981 | INFO     | __main__:train_commodity:272 -   [2/3] Prophet...
2026-08-10 06:40:26.070 | DEBUG    | __main__:train_prophet:159 -   [Sesame] Prophet MAPE=37.0%
2026-08-10 06:40:26.071 | INFO     | __main__:train_commodity:275 -   [3/3] XGBoost...
2026-08-10 06:40:30.396 | DEBUG    | __main__:train_xgboost:215 -   [Sesame] XGBoost MAPE=17.1% | top: fuel_diesel_ngn_litre
2026-08-10 06:40:30.404 | INFO     | __main__:train_commodity:281 -   Ensemble weights: arima: 0.472 | prophet: 0.166 | xgboost: 0.361
2026-08-10 06:40:30.405 | INFO     | __main__:train_commodity:283 -   Model          MAPE               MAE    Weight
2026-08-10 06:40:30.406 | INFO     | __main__:train_commodity:284 -   --------------------------------------------------
2026-08-10 06:40:30.407 | INFO     | __main__:train_commodity:291 -   arima         13.0%  ₦     158,499     0.472
2026-08-10 06:40:30.408 | INFO     | __main__:train_commodity:291 -   prophet       37.0%  ₦     455,016     0.166
2026-08-10 06:40:30.409 | INFO     | __main__:train_commodity:291 -   xgboost       17.1%  ₦     219,181     0.361
2026-08-10 06:40:30.456 | INFO     | __main__:run_training:313 - 
[3/13] Starting Ginger...
2026-08-10 06:40:30.805 | DEBUG    | __main__:train_commodity:260 -   [Ginger] Real-data-only mode: 44 rows
2026-08-10 06:40:30.805 | INFO     | __main__:train_commodity:263 - 
───────────────────────────────────────────────────────
2026-08-10 06:40:30.817 | INFO     | __main__:train_commodity:264 -   Ginger  (44 rows | last: 2026-04-13)
2026-08-10 06:40:30.851 | INFO     | __main__:train_commodity:265 - ───────────────────────────────────────────────────────
2026-08-10 06:40:30.858 | INFO     | __main__:train_commodity:269 -   [1/3] ARIMA...
2026-08-10 06:40:33.138 | DEBUG    | __main__:train_arima:109 -   [Ginger] ARIMA order=(1, 1, 0) MAPE=22.6%
2026-08-10 06:40:33.138 | INFO     | __main__:train_commodity:272 -   [2/3] Prophet...
2026-08-10 06:40:34.787 | DEBUG    | __main__:train_prophet:159 -   [Ginger] Prophet MAPE=33.4%
2026-08-10 06:40:34.788 | INFO     | __main__:train_commodity:275 -   [3/3] XGBoost...
2026-08-10 06:40:35.875 | DEBUG    | __main__:train_xgboost:215 -   [Ginger] XGBoost MAPE=2.3% | top: rolling_max_12w
2026-08-10 06:40:35.878 | INFO     | __main__:train_commodity:281 -   Ensemble weights: arima: 0.087 | prophet: 0.059 | xgboost: 0.854
2026-08-10 06:40:35.881 | INFO     | __main__:train_commodity:283 -   Model          MAPE               MAE    Weight
2026-08-10 06:40:35.881 | INFO     | __main__:train_commodity:284 -   --------------------------------------------------
2026-08-10 06:40:35.882 | INFO     | __main__:train_commodity:291 -   arima         22.6%  ₦   2,279,849     0.087
2026-08-10 06:40:35.883 | INFO     | __main__:train_commodity:291 -   prophet       33.4%  ₦   3,360,407     0.059
2026-08-10 06:40:35.885 | INFO     | __main__:train_commodity:291 -   xgboost        2.3%  ₦     237,743     0.854
2026-08-10 06:40:35.889 | INFO     | __main__:run_training:313 - 
[4/13] Starting Cocoa...
2026-08-10 06:40:36.139 | DEBUG    | __main__:train_commodity:260 -   [Cocoa] Real-data-only mode: 48 rows
2026-08-10 06:40:36.139 | INFO     | __main__:train_commodity:263 - 
───────────────────────────────────────────────────────
2026-08-10 06:40:36.142 | INFO     | __main__:train_commodity:264 -   Cocoa  (48 rows | last: 2026-04-13)
2026-08-10 06:40:36.143 | INFO     | __main__:train_commodity:265 - ───────────────────────────────────────────────────────
2026-08-10 06:40:36.146 | INFO     | __main__:train_commodity:269 -   [1/3] ARIMA...
2026-08-10 06:40:38.042 | DEBUG    | __main__:train_arima:109 -   [Cocoa] ARIMA order=(0, 1, 0) MAPE=36.3%
2026-08-10 06:40:38.043 | INFO     | __main__:train_commodity:272 -   [2/3] Prophet...
2026-08-10 06:40:39.605 | DEBUG    | __main__:train_prophet:159 -   [Cocoa] Prophet MAPE=30.8%
2026-08-10 06:40:39.606 | INFO     | __main__:train_commodity:275 -   [3/3] XGBoost...
2026-08-10 06:40:42.088 | DEBUG    | __main__:train_xgboost:215 -   [Cocoa] XGBoost MAPE=41.6% | top: pct_change_52w
2026-08-10 06:40:42.094 | INFO     | __main__:train_commodity:281 -   Ensemble weights: arima: 0.328 | prophet: 0.386 | xgboost: 0.286
2026-08-10 06:40:42.097 | INFO     | __main__:train_commodity:283 -   Model          MAPE               MAE    Weight
2026-08-10 06:40:42.099 | INFO     | __main__:train_commodity:284 -   --------------------------------------------------
2026-08-10 06:40:42.100 | INFO     | __main__:train_commodity:291 -   arima         36.3%  ₦   2,165,000     0.328
2026-08-10 06:40:42.101 | INFO     | __main__:train_commodity:291 -   prophet       30.8%  ₦   1,868,354     0.386
2026-08-10 06:40:42.102 | INFO     | __main__:train_commodity:291 -   xgboost       41.6%  ₦   2,491,368     0.286
2026-08-10 06:40:42.107 | INFO     | __main__:run_training:313 - 
[5/13] Starting Soybeans...
2026-08-10 06:40:42.266 | INFO     | __main__:train_commodity:263 - 
───────────────────────────────────────────────────────
2026-08-10 06:40:42.267 | INFO     | __main__:train_commodity:264 -   Soybeans  (1372 rows | last: 2026-04-13)
2026-08-10 06:40:42.267 | INFO     | __main__:train_commodity:265 - ───────────────────────────────────────────────────────
2026-08-10 06:40:42.268 | INFO     | __main__:train_commodity:269 -   [1/3] ARIMA...
2026-08-10 06:41:31.493 | DEBUG    | __main__:train_arima:109 -   [Soybeans] ARIMA order=(1, 2, 1) MAPE=18.5%
2026-08-10 06:41:31.494 | INFO     | __main__:train_commodity:272 -   [2/3] Prophet...
2026-08-10 06:41:34.505 | DEBUG    | __main__:train_prophet:159 -   [Soybeans] Prophet MAPE=44.5%
2026-08-10 06:41:34.506 | INFO     | __main__:train_commodity:275 -   [3/3] XGBoost...
2026-08-10 06:41:38.467 | DEBUG    | __main__:train_xgboost:215 -   [Soybeans] XGBoost MAPE=53.0% | top: rolling_max_4w
2026-08-10 06:41:38.472 | INFO     | __main__:train_commodity:281 -   Ensemble weights: arima: 0.567 | prophet: 0.236 | xgboost: 0.198
2026-08-10 06:41:38.472 | INFO     | __main__:train_commodity:283 -   Model          MAPE               MAE    Weight
2026-08-10 06:41:38.473 | INFO     | __main__:train_commodity:284 -   --------------------------------------------------
2026-08-10 06:41:38.474 | INFO     | __main__:train_commodity:291 -   arima         18.5%  ₦     108,015     0.567
2026-08-10 06:41:38.475 | INFO     | __main__:train_commodity:291 -   prophet       44.5%  ₦     266,075     0.236
2026-08-10 06:41:38.475 | INFO     | __main__:train_commodity:291 -   xgboost       53.0%  ₦     324,014     0.198
2026-08-10 06:41:38.488 | INFO     | __main__:run_training:313 - 
[6/13] Starting Cashew Nuts...
2026-08-10 06:41:38.683 | DEBUG    | __main__:train_commodity:260 -   [Cashew Nuts] Real-data-only mode: 48 rows
2026-08-10 06:41:38.684 | INFO     | __main__:train_commodity:263 - 
───────────────────────────────────────────────────────
2026-08-10 06:41:38.686 | INFO     | __main__:train_commodity:264 -   Cashew Nuts  (48 rows | last: 2026-04-13)
2026-08-10 06:41:38.687 | INFO     | __main__:train_commodity:265 - ───────────────────────────────────────────────────────
2026-08-10 06:41:38.688 | INFO     | __main__:train_commodity:269 -   [1/3] ARIMA...
2026-08-10 06:41:40.127 | DEBUG    | __main__:train_arima:109 -   [Cashew Nuts] ARIMA order=(2, 0, 0) MAPE=16.3%
2026-08-10 06:41:40.127 | INFO     | __main__:train_commodity:272 -   [2/3] Prophet...
2026-08-10 06:41:41.506 | DEBUG    | __main__:train_prophet:159 -   [Cashew Nuts] Prophet MAPE=68.7%
2026-08-10 06:41:41.507 | INFO     | __main__:train_commodity:275 -   [3/3] XGBoost...
2026-08-10 06:41:41.828 | DEBUG    | __main__:train_xgboost:215 -   [Cashew Nuts] XGBoost MAPE=3.6% | top: pct_change_52w
2026-08-10 06:41:41.831 | INFO     | __main__:train_commodity:281 -   Ensemble weights: arima: 0.180 | xgboost: 0.820
2026-08-10 06:41:41.832 | INFO     | __main__:train_commodity:283 -   Model          MAPE               MAE    Weight
2026-08-10 06:41:41.833 | INFO     | __main__:train_commodity:284 -   --------------------------------------------------
2026-08-10 06:41:41.834 | INFO     | __main__:train_commodity:291 -   arima         16.3%  ₦     301,076     0.180
2026-08-10 06:41:41.835 | INFO     | __main__:train_commodity:291 -   prophet       68.7%  ₦   1,293,976     0.000
2026-08-10 06:41:41.835 | INFO     | __main__:train_commodity:291 -   xgboost        3.6%  ₦      65,354     0.820
2026-08-10 06:41:41.845 | INFO     | __main__:run_training:313 - 
[7/13] Starting Sorghum...
2026-08-10 06:41:42.028 | INFO     | __main__:train_commodity:263 - 
───────────────────────────────────────────────────────
2026-08-10 06:41:42.029 | INFO     | __main__:train_commodity:264 -   Sorghum  (1266 rows | last: 2026-04-13)
2026-08-10 06:41:42.030 | INFO     | __main__:train_commodity:265 - ───────────────────────────────────────────────────────
2026-08-10 06:41:42.031 | INFO     | __main__:train_commodity:269 -   [1/3] ARIMA...
2026-08-10 06:42:48.335 | DEBUG    | __main__:train_arima:109 -   [Sorghum] ARIMA order=(2, 1, 2) MAPE=42.6%
2026-08-10 06:42:48.335 | INFO     | __main__:train_commodity:272 -   [2/3] Prophet...
2026-08-10 06:42:49.963 | DEBUG    | __main__:train_prophet:159 -   [Sorghum] Prophet MAPE=31.4%
2026-08-10 06:42:49.963 | INFO     | __main__:train_commodity:275 -   [3/3] XGBoost...
2026-08-10 06:42:51.899 | DEBUG    | __main__:train_xgboost:215 -   [Sorghum] XGBoost MAPE=34.5% | top: rolling_mean_4w
2026-08-10 06:42:51.903 | INFO     | __main__:train_commodity:281 -   Ensemble weights: arima: 0.278 | prophet: 0.378 | xgboost: 0.344
2026-08-10 06:42:51.903 | INFO     | __main__:train_commodity:283 -   Model          MAPE               MAE    Weight
2026-08-10 06:42:51.903 | INFO     | __main__:train_commodity:284 -   --------------------------------------------------
2026-08-10 06:42:51.904 | INFO     | __main__:train_commodity:291 -   arima         42.6%  ₦     135,520     0.278
2026-08-10 06:42:51.904 | INFO     | __main__:train_commodity:291 -   prophet       31.4%  ₦     101,714     0.378
2026-08-10 06:42:51.904 | INFO     | __main__:train_commodity:291 -   xgboost       34.5%  ₦     176,900     0.344
2026-08-10 06:42:51.911 | INFO     | __main__:run_training:313 - 
[8/13] Starting Beans (white)...
2026-08-10 06:42:52.036 | INFO     | __main__:train_commodity:263 - 
───────────────────────────────────────────────────────
2026-08-10 06:42:52.036 | INFO     | __main__:train_commodity:264 -   Beans (white)  (1262 rows | last: 2026-03-16)
2026-08-10 06:42:52.036 | INFO     | __main__:train_commodity:265 - ───────────────────────────────────────────────────────
2026-08-10 06:42:52.036 | INFO     | __main__:train_commodity:269 -   [1/3] ARIMA...
2026-08-10 06:43:28.439 | DEBUG    | __main__:train_arima:109 -   [Beans (white)] ARIMA order=(1, 2, 2) MAPE=13.2%
2026-08-10 06:43:28.439 | INFO     | __main__:train_commodity:272 -   [2/3] Prophet...
2026-08-10 06:43:30.439 | DEBUG    | __main__:train_prophet:159 -   [Beans (white)] Prophet MAPE=25.8%
2026-08-10 06:43:30.439 | INFO     | __main__:train_commodity:275 -   [3/3] XGBoost...
2026-08-10 06:43:31.464 | DEBUG    | __main__:train_xgboost:215 -   [Beans (white)] XGBoost MAPE=4.7% | top: rolling_min_4w
2026-08-10 06:43:31.466 | INFO     | __main__:train_commodity:281 -   Ensemble weights: arima: 0.232 | prophet: 0.119 | xgboost: 0.649
2026-08-10 06:43:31.466 | INFO     | __main__:train_commodity:283 -   Model          MAPE               MAE    Weight
2026-08-10 06:43:31.468 | INFO     | __main__:train_commodity:284 -   --------------------------------------------------
2026-08-10 06:43:31.468 | INFO     | __main__:train_commodity:291 -   arima         13.2%  ₦      84,774     0.232
2026-08-10 06:43:31.468 | INFO     | __main__:train_commodity:291 -   prophet       25.8%  ₦     165,212     0.119
2026-08-10 06:43:31.470 | INFO     | __main__:train_commodity:291 -   xgboost        4.7%  ₦      44,338     0.649
2026-08-10 06:43:31.476 | INFO     | __main__:run_training:313 - 
[9/13] Starting Beans (red)...
2026-08-10 06:43:31.577 | INFO     | __main__:train_commodity:263 - 
───────────────────────────────────────────────────────
2026-08-10 06:43:31.577 | INFO     | __main__:train_commodity:264 -   Beans (red)  (532 rows | last: 2026-03-16)
2026-08-10 06:43:31.577 | INFO     | __main__:train_commodity:265 - ───────────────────────────────────────────────────────
2026-08-10 06:43:31.577 | INFO     | __main__:train_commodity:269 -   [1/3] ARIMA...
2026-08-10 06:44:16.577 | DEBUG    | __main__:train_arima:109 -   [Beans (red)] ARIMA order=(1, 1, 2) MAPE=33.8%
2026-08-10 06:44:16.577 | INFO     | __main__:train_commodity:272 -   [2/3] Prophet...
2026-08-10 06:44:17.340 | DEBUG    | __main__:train_prophet:159 -   [Beans (red)] Prophet MAPE=39.9%
2026-08-10 06:44:17.340 | INFO     | __main__:train_commodity:275 -   [3/3] XGBoost...
2026-08-10 06:44:18.053 | DEBUG    | __main__:train_xgboost:215 -   [Beans (red)] XGBoost MAPE=20.2% | top: price_lag_1w
2026-08-10 06:44:18.056 | INFO     | __main__:train_commodity:281 -   Ensemble weights: arima: 0.284 | prophet: 0.241 | xgboost: 0.475
2026-08-10 06:44:18.056 | INFO     | __main__:train_commodity:283 -   Model          MAPE               MAE    Weight
2026-08-10 06:44:18.057 | INFO     | __main__:train_commodity:284 -   --------------------------------------------------
2026-08-10 06:44:18.057 | INFO     | __main__:train_commodity:291 -   arima         33.8%  ₦     239,054     0.284
2026-08-10 06:44:18.057 | INFO     | __main__:train_commodity:291 -   prophet       39.9%  ₦     315,163     0.241
2026-08-10 06:44:18.057 | INFO     | __main__:train_commodity:291 -   xgboost       20.2%  ₦     321,244     0.475
2026-08-10 06:44:18.062 | INFO     | __main__:run_training:313 - 
[10/13] Starting Maize (white)...
2026-08-10 06:44:18.242 | INFO     | __main__:train_commodity:263 - 
───────────────────────────────────────────────────────
2026-08-10 06:44:18.248 | INFO     | __main__:train_commodity:264 -   Maize (white)  (1265 rows | last: 2026-04-06)
2026-08-10 06:44:18.261 | INFO     | __main__:train_commodity:265 - ───────────────────────────────────────────────────────
2026-08-10 06:44:18.269 | INFO     | __main__:train_commodity:269 -   [1/3] ARIMA...
2026-08-10 06:44:46.073 | DEBUG    | __main__:train_arima:109 -   [Maize (white)] ARIMA order=(0, 1, 1) MAPE=0.8%
2026-08-10 06:44:46.074 | INFO     | __main__:train_commodity:272 -   [2/3] Prophet...
2026-08-10 06:44:48.244 | DEBUG    | __main__:train_prophet:159 -   [Maize (white)] Prophet MAPE=26.0%
2026-08-10 06:44:48.244 | INFO     | __main__:train_commodity:275 -   [3/3] XGBoost...
2026-08-10 06:44:49.333 | DEBUG    | __main__:train_xgboost:215 -   [Maize (white)] XGBoost MAPE=17.0% | top: rolling_mean_4w
2026-08-10 06:44:49.337 | INFO     | __main__:train_commodity:281 -   Ensemble weights: arima: 0.931 | prophet: 0.027 | xgboost: 0.042
2026-08-10 06:44:49.337 | INFO     | __main__:train_commodity:283 -   Model          MAPE               MAE    Weight
2026-08-10 06:44:49.337 | INFO     | __main__:train_commodity:284 -   --------------------------------------------------
2026-08-10 06:44:49.339 | INFO     | __main__:train_commodity:291 -   arima          0.8%  ₦       2,735     0.931
2026-08-10 06:44:49.339 | INFO     | __main__:train_commodity:291 -   prophet       26.0%  ₦      93,390     0.027
2026-08-10 06:44:49.339 | INFO     | __main__:train_commodity:291 -   xgboost       17.0%  ₦      51,989     0.042
2026-08-10 06:44:49.353 | INFO     | __main__:run_training:313 - 
[11/13] Starting Maize (yellow)...
2026-08-10 06:44:49.548 | INFO     | __main__:train_commodity:263 - 
───────────────────────────────────────────────────────
2026-08-10 06:44:49.571 | INFO     | __main__:train_commodity:264 -   Maize (yellow)  (622 rows | last: 2026-04-06)
2026-08-10 06:44:49.578 | INFO     | __main__:train_commodity:265 - ───────────────────────────────────────────────────────
2026-08-10 06:44:49.586 | INFO     | __main__:train_commodity:269 -   [1/3] ARIMA...
2026-08-10 06:45:24.381 | DEBUG    | __main__:train_arima:109 -   [Maize (yellow)] ARIMA order=(0, 1, 1) MAPE=0.8%
2026-08-10 06:45:24.381 | INFO     | __main__:train_commodity:272 -   [2/3] Prophet...
2026-08-10 06:45:26.164 | DEBUG    | __main__:train_prophet:159 -   [Maize (yellow)] Prophet MAPE=6.4%
2026-08-10 06:45:26.165 | INFO     | __main__:train_commodity:275 -   [3/3] XGBoost...
2026-08-10 06:45:29.719 | DEBUG    | __main__:train_xgboost:215 -   [Maize (yellow)] XGBoost MAPE=19.5% | top: price_lag_1w
2026-08-10 06:45:29.721 | INFO     | __main__:train_commodity:281 -   Ensemble weights: arima: 0.863 | prophet: 0.103 | xgboost: 0.034
2026-08-10 06:45:29.723 | INFO     | __main__:train_commodity:283 -   Model          MAPE               MAE    Weight
2026-08-10 06:45:29.723 | INFO     | __main__:train_commodity:284 -   --------------------------------------------------
2026-08-10 06:45:29.723 | INFO     | __main__:train_commodity:291 -   arima          0.8%  ₦       2,949     0.863
2026-08-10 06:45:29.723 | INFO     | __main__:train_commodity:291 -   prophet        6.4%  ₦      24,668     0.103
2026-08-10 06:45:29.723 | INFO     | __main__:train_commodity:291 -   xgboost       19.5%  ₦      68,957     0.034
2026-08-10 06:45:29.744 | INFO     | __main__:run_training:313 - 
[12/13] Starting Wheat...
2026-08-10 06:45:29.861 | INFO     | __main__:train_commodity:263 - 
───────────────────────────────────────────────────────
2026-08-10 06:45:29.861 | INFO     | __main__:train_commodity:264 -   Wheat  (850 rows | last: 2026-04-13)
2026-08-10 06:45:29.861 | INFO     | __main__:train_commodity:265 - ───────────────────────────────────────────────────────
2026-08-10 06:45:29.861 | INFO     | __main__:train_commodity:269 -   [1/3] ARIMA...
2026-08-10 06:45:53.495 | DEBUG    | __main__:train_arima:109 -   [Wheat] ARIMA order=(0, 1, 0) MAPE=2.4%
2026-08-10 06:45:53.495 | INFO     | __main__:train_commodity:272 -   [2/3] Prophet...
2026-08-10 06:45:55.077 | DEBUG    | __main__:train_prophet:159 -   [Wheat] Prophet MAPE=6.4%
2026-08-10 06:45:55.078 | INFO     | __main__:train_commodity:275 -   [3/3] XGBoost...
2026-08-10 06:45:56.750 | DEBUG    | __main__:train_xgboost:215 -   [Wheat] XGBoost MAPE=29.3% | top: pct_change_52w
2026-08-10 06:45:56.754 | INFO     | __main__:train_commodity:281 -   Ensemble weights: arima: 0.684 | prophet: 0.259 | xgboost: 0.057
2026-08-10 06:45:56.754 | INFO     | __main__:train_commodity:283 -   Model          MAPE               MAE    Weight
2026-08-10 06:45:56.754 | INFO     | __main__:train_commodity:284 -   --------------------------------------------------
2026-08-10 06:45:56.756 | INFO     | __main__:train_commodity:291 -   arima          2.4%  ₦      17,023     0.684
2026-08-10 06:45:56.756 | INFO     | __main__:train_commodity:291 -   prophet        6.4%  ₦      43,620     0.259
2026-08-10 06:45:56.757 | INFO     | __main__:train_commodity:291 -   xgboost       29.3%  ₦     199,079     0.057
2026-08-10 06:45:56.763 | INFO     | __main__:run_training:313 - 
[13/13] Starting Rice...
2026-08-10 06:45:56.869 | INFO     | __main__:train_commodity:263 - 
───────────────────────────────────────────────────────
2026-08-10 06:45:56.870 | INFO     | __main__:train_commodity:264 -   Rice  (1271 rows | last: 2026-05-18)
2026-08-10 06:45:56.871 | INFO     | __main__:train_commodity:265 - ───────────────────────────────────────────────────────
2026-08-10 06:45:56.871 | INFO     | __main__:train_commodity:269 -   [1/3] ARIMA...
2026-08-10 06:46:19.577 | DEBUG    | __main__:train_arima:109 -   [Rice] ARIMA order=(0, 2, 0) MAPE=25.8%
2026-08-10 06:46:19.577 | INFO     | __main__:train_commodity:272 -   [2/3] Prophet...
2026-08-10 06:46:22.781 | DEBUG    | __main__:train_prophet:159 -   [Rice] Prophet MAPE=3.8%
2026-08-10 06:46:22.781 | INFO     | __main__:train_commodity:275 -   [3/3] XGBoost...
2026-08-10 06:46:24.731 | DEBUG    | __main__:train_xgboost:215 -   [Rice] XGBoost MAPE=40.4% | top: rolling_mean_4w
2026-08-10 06:46:24.737 | INFO     | __main__:train_commodity:281 -   Ensemble weights: arima: 0.119 | prophet: 0.806 | xgboost: 0.076
2026-08-10 06:46:24.737 | INFO     | __main__:train_commodity:283 -   Model          MAPE               MAE    Weight
2026-08-10 06:46:24.737 | INFO     | __main__:train_commodity:284 -   --------------------------------------------------
2026-08-10 06:46:24.737 | INFO     | __main__:train_commodity:291 -   arima         25.8%  ₦     400,738     0.119
2026-08-10 06:46:24.739 | INFO     | __main__:train_commodity:291 -   prophet        3.8%  ₦      58,990     0.806
2026-08-10 06:46:24.739 | INFO     | __main__:train_commodity:291 -   xgboost       40.4%  ₦     535,882     0.076
2026-08-10 06:46:24.760 | INFO     | __main__:run_training:324 - 
======================================================================
2026-08-10 06:46:24.762 | INFO     | __main__:run_training:325 -   FINAL TRAINING SUMMARY
2026-08-10 06:46:24.762 | INFO     | __main__:run_training:326 - ======================================================================
2026-08-10 06:46:24.764 | INFO     | __main__:run_training:327 -   Commodity                 ARIMA   Prophet   XGBoost       Best
2026-08-10 06:46:24.766 | INFO     | __main__:run_training:328 -   --------------------------------------------------------------
2026-08-10 06:46:24.767 | INFO     | __main__:run_training:341 -   Hibiscus                  21.0%     36.7%     23.8%      arima
2026-08-10 06:46:24.767 | INFO     | __main__:run_training:341 -   Sesame                    13.0%     37.0%     17.1%      arima
2026-08-10 06:46:24.767 | INFO     | __main__:run_training:341 -   Ginger                    22.6%     33.4%      2.3%    xgboost
2026-08-10 06:46:24.769 | INFO     | __main__:run_training:341 -   Cocoa                     36.3%     30.8%     41.6%    prophet
2026-08-10 06:46:24.769 | INFO     | __main__:run_training:341 -   Soybeans                  18.5%     44.5%     53.0%      arima
2026-08-10 06:46:24.769 | INFO     | __main__:run_training:341 -   Cashew Nuts               16.3%     68.7%      3.6%    xgboost
2026-08-10 06:46:24.769 | INFO     | __main__:run_training:341 -   Sorghum                   42.6%     31.4%     34.5%    prophet
2026-08-10 06:46:24.771 | INFO     | __main__:run_training:341 -   Beans (white)             13.2%     25.8%      4.7%    xgboost
2026-08-10 06:46:24.771 | INFO     | __main__:run_training:341 -   Beans (red)               33.8%     39.9%     20.2%    xgboost
2026-08-10 06:46:24.771 | INFO     | __main__:run_training:341 -   Maize (white)              0.8%     26.0%     17.0%      arima
2026-08-10 06:46:24.773 | INFO     | __main__:run_training:341 -   Maize (yellow)             0.8%      6.4%     19.5%      arima
2026-08-10 06:46:24.774 | INFO     | __main__:run_training:341 -   Wheat                      2.4%      6.4%     29.3%      arima
2026-08-10 06:46:24.774 | INFO     | __main__:run_training:341 -   Rice                      25.8%      3.8%     40.4%    prophet
2026-08-10 06:46:24.774 | INFO     | __main__:run_training:343 - ======================================================================
2026-08-10 06:46:24.776 | SUCCESS  | __main__:run_training:345 - TRAINING COMPLETE — 13/13 commodities
2026-08-10 06:46:24.776 | INFO     | __main__:run_training:346 - ======================================================================
