2026-10-09 11:50:38.537 | INFO     | __main__:run_zonal_forecast:587 - =================================================================
2026-10-09 11:50:38.537 | INFO     | __main__:run_zonal_forecast:588 - STEP 7 — ZONAL & STATE-LEVEL FORECASTING
2026-10-09 11:50:38.537 | INFO     | __main__:run_zonal_forecast:589 -   Date  : Friday, 09 October 2026  11:50
2026-10-09 11:50:38.537 | INFO     | __main__:run_zonal_forecast:590 -   Anchor: DAILY INTERPOLATED (from last_known_date, drifts daily)
2026-10-09 11:50:38.537 | INFO     | __main__:run_zonal_forecast:591 - =================================================================
2026-10-09 11:50:38.564 | INFO     | __main__:run_zonal_forecast:594 -   Source: forecast_validated_2026-10-09.json
2026-10-09 11:50:38.565 | INFO     | __main__:run_zonal_forecast:601 -   Maize (white): last_known=2026-10-05, days_elapsed=4
2026-10-09 11:50:38.565 | INFO     | __main__:run_zonal_forecast:601 -   Hibiscus: last_known=2026-10-05, days_elapsed=4
2026-10-09 11:50:38.565 | INFO     | __main__:run_zonal_forecast:601 -   Sesame: last_known=2026-10-05, days_elapsed=4
2026-10-09 11:50:38.565 | INFO     | __main__:build_zonal_output:257 - 
2026-10-09 11:50:38.565 | INFO     | __main__:build_zonal_output:258 -   NATIONAL ANCHORS (interpolated from last_known_date to today):
2026-10-09 11:50:38.565 | INFO     | __main__:build_zonal_output:259 -   Commodity                 Today Price   Day Chg    vs Ref  Source
2026-10-09 11:50:38.565 | INFO     | __main__:build_zonal_output:260 -   --------------------------------------------------------------------------------
2026-10-09 11:50:38.566 | INFO     | __main__:build_zonal_output:289 -   Hibiscus               N   2,383,036    -2.23%   +2.50%  daily_series d4 (-8.34% vs ref)
2026-10-09 11:50:38.566 | INFO     | __main__:build_zonal_output:289 -   Sesame                 N   1,324,489    -1.41%  -19.73%  daily_series d4 (-5.39% vs ref)
2026-10-09 11:50:38.566 | INFO     | __main__:build_zonal_output:289 -   Ginger                 N   8,446,295    +1.34%  -29.61%  daily_series d4 (+5.58% vs ref)
2026-10-09 11:50:38.566 | INFO     | __main__:build_zonal_output:289 -   Cocoa                  N   5,571,955    -3.58%   -1.38%  daily_series d4 (-12.94% vs ref)
2026-10-09 11:50:38.566 | INFO     | __main__:build_zonal_output:289 -   Soybeans               N     768,322    -0.70%   +3.13%  daily_series d4 (-2.74% vs ref)
2026-10-09 11:50:38.566 | INFO     | __main__:build_zonal_output:289 -   Cashew Nuts            N   1,936,650    +0.48%   -0.68%  daily_series d4 (+1.93% vs ref)
2026-10-09 11:50:38.566 | INFO     | __main__:build_zonal_output:289 -   Sorghum                N     345,000    +0.00%  -17.86%  daily_series d4 (+0.00% vs ref)
2026-10-09 11:50:38.566 | INFO     | __main__:build_zonal_output:289 -   Beans (white)          N     481,380    -5.33%  -40.79%  daily_series d4 (-18.37% vs ref)
2026-10-09 11:50:38.566 | INFO     | __main__:build_zonal_output:289 -   Beans (red)            N     601,942    -4.23%  -34.21%  daily_series d4 (-15.00% vs ref)
2026-10-09 11:50:38.566 | INFO     | __main__:build_zonal_output:289 -   Maize (white)          N     336,535    -2.24%   -9.04%  daily_series d4 (-8.41% vs ref)
2026-10-09 11:50:38.566 | INFO     | __main__:build_zonal_output:289 -   Maize (yellow)         N     365,304    -2.14%   -8.67%  daily_series d4 (-8.06% vs ref)
2026-10-09 11:50:38.567 | INFO     | __main__:build_zonal_output:289 -   Wheat                  N     653,992    -1.83%   -7.48%  daily_series d4 (-6.94% vs ref)
2026-10-09 11:50:38.567 | INFO     | __main__:build_zonal_output:289 -   Rice                   N   1,375,973    -1.85%  -11.23%  daily_series d4 (-7.01% vs ref)
2026-10-09 11:50:38.567 | INFO     | __main__:build_zonal_output:289 -   Meat (beef)            N   6,827,011    +1.04%   +5.03%  daily_series d4 (+4.28% vs ref)
2026-10-09 11:50:38.567 | INFO     | __main__:build_zonal_output:289 -   Meat (goat)            N   6,650,237    +0.35%   +2.31%  daily_series d4 (+1.41% vs ref)
2026-10-09 11:50:38.567 | INFO     | __main__:build_zonal_output:289 -   Fish (dried)           N   1,017,841    -3.97%  -15.18%  daily_series d4 (-14.18% vs ref)
2026-10-09 11:50:38.567 | INFO     | __main__:build_zonal_output:289 -   Eggs                   N       5,913    -1.03%   -4.62%  daily_series d4 (-4.00% vs ref)
2026-10-09 11:50:38.567 | INFO     | __main__:build_zonal_output:292 - 
2026-10-09 11:50:38.662 | INFO     | __main__:run_zonal_forecast:607 - 
2026-10-09 11:50:38.663 | INFO     | __main__:run_zonal_forecast:608 -   Zone             State        Commodity                 State Price  Day Chg
2026-10-09 11:50:38.663 | INFO     | __main__:run_zonal_forecast:609 -   ------------------------------------------------------------------------
2026-10-09 11:50:38.663 | INFO     | __main__:run_zonal_forecast:616 -   North West       Kano         * Sesame                N   1,099,326/MT  -1.41%
2026-10-09 11:50:38.663 | INFO     | __main__:run_zonal_forecast:616 -   North West       Kano         * Sorghum               N     269,100/MT  +0.00%
2026-10-09 11:50:38.663 | INFO     | __main__:run_zonal_forecast:616 -   North West       Kano         * Beans (white)         N     418,800/MT  -5.33%
2026-10-09 11:50:38.663 | INFO     | __main__:run_zonal_forecast:616 -   North West       Kano         * Maize (white)         N     269,228/MT  -2.24%
2026-10-09 11:50:38.663 | INFO     | __main__:run_zonal_forecast:616 -   North West       Kano         * Maize (yellow)        N     292,244/MT  -2.14%
2026-10-09 11:50:38.663 | INFO     | __main__:run_zonal_forecast:616 -   North West       Kano         * Wheat                 N     582,053/MT  -1.83%
2026-10-09 11:50:38.663 | INFO     | __main__:run_zonal_forecast:616 -   North West       Kaduna       * Ginger                N   6,081,332/MT  +1.34%
2026-10-09 11:50:38.663 | INFO     | __main__:run_zonal_forecast:616 -   North West       Kaduna       * Soybeans              N     645,391/MT  -0.70%
2026-10-09 11:50:38.663 | INFO     | __main__:run_zonal_forecast:616 -   North West       Kaduna       * Sorghum               N     276,000/MT  +0.00%
2026-10-09 11:50:38.663 | INFO     | __main__:run_zonal_forecast:616 -   North West       Kaduna       * Maize (white)         N     272,594/MT  -2.24%
2026-10-09 11:50:38.663 | INFO     | __main__:run_zonal_forecast:616 -   North West       Kaduna       * Maize (yellow)        N     295,897/MT  -2.14%
2026-10-09 11:50:38.664 | INFO     | __main__:run_zonal_forecast:616 -   North West       Kaduna       * Wheat                 N     568,973/MT  -1.83%
2026-10-09 11:50:38.664 | INFO     | __main__:run_zonal_forecast:616 -   North Central    Plateau      * Ginger                N   6,334,721/MT  +1.34%
2026-10-09 11:50:38.664 | INFO     | __main__:run_zonal_forecast:616 -   North Central    Plateau      * Soybeans              N     637,707/MT  -0.70%
2026-10-09 11:50:38.664 | INFO     | __main__:run_zonal_forecast:616 -   North Central    Plateau      * Beans (white)         N     433,242/MT  -5.33%
2026-10-09 11:50:38.664 | INFO     | __main__:run_zonal_forecast:616 -   North Central    Plateau      * Maize (white)         N     292,786/MT  -2.24%
2026-10-09 11:50:38.664 | INFO     | __main__:run_zonal_forecast:616 -   North Central    Plateau      * Wheat                 N     595,132/MT  -1.83%
2026-10-09 11:50:38.664 | INFO     | __main__:run_zonal_forecast:616 -   North Central    Kogi         * Cocoa                 N   4,903,320/MT  -3.58%
2026-10-09 11:50:38.664 | INFO     | __main__:run_zonal_forecast:616 -   North Central    Kogi         * Soybeans              N     668,440/MT  -0.70%
2026-10-09 11:50:38.664 | INFO     | __main__:run_zonal_forecast:616 -   North Central    Kogi         * Cashew Nuts           N   1,549,320/MT  +0.48%
2026-10-09 11:50:38.664 | INFO     | __main__:run_zonal_forecast:616 -   North Central    Kogi         * Sorghum               N     313,950/MT  +0.00%
2026-10-09 11:50:38.664 | INFO     | __main__:run_zonal_forecast:616 -   North Central    Kogi         * Beans (white)         N     442,869/MT  -5.33%
2026-10-09 11:50:38.664 | INFO     | __main__:run_zonal_forecast:616 -   North Central    Kogi         * Maize (white)         N     302,882/MT  -2.24%
2026-10-09 11:50:38.664 | INFO     | __main__:run_zonal_forecast:616 -   North East       Adamawa      * Sesame                N   1,139,061/MT  -1.41%
2026-10-09 11:50:38.664 | INFO     | __main__:run_zonal_forecast:616 -   North East       Adamawa      * Ginger                N   7,010,425/MT  +1.34%
2026-10-09 11:50:38.664 | INFO     | __main__:run_zonal_forecast:616 -   North East       Adamawa      * Soybeans              N     683,807/MT  -0.70%
2026-10-09 11:50:38.664 | INFO     | __main__:run_zonal_forecast:616 -   North East       Adamawa      * Sorghum               N     300,150/MT  +0.00%
2026-10-09 11:50:38.664 | INFO     | __main__:run_zonal_forecast:616 -   North East       Adamawa      * Beans (white)         N     442,869/MT  -5.33%
2026-10-09 11:50:38.665 | INFO     | __main__:run_zonal_forecast:616 -   North East       Adamawa      * Maize (white)         N     296,151/MT  -2.24%
2026-10-09 11:50:38.665 | INFO     | __main__:run_zonal_forecast:616 -   North East       Borno        * Sesame                N   1,178,795/MT  -1.41%
2026-10-09 11:50:38.665 | INFO     | __main__:run_zonal_forecast:616 -   North East       Borno        * Sorghum               N     317,400/MT  +0.00%
2026-10-09 11:50:38.665 | INFO     | __main__:run_zonal_forecast:616 -   North East       Borno        * Beans (white)         N     510,262/MT  -5.33%
2026-10-09 11:50:38.665 | INFO     | __main__:run_zonal_forecast:616 -   North East       Borno        * Maize (white)         N     363,458/MT  -2.24%
2026-10-09 11:50:38.665 | INFO     | __main__:run_zonal_forecast:616 -   North East       Borno        * Wheat                 N     732,471/MT  -1.83%
2026-10-09 11:50:38.665 | INFO     | __main__:run_zonal_forecast:616 -   South West       Oyo          * Hibiscus              N   2,454,528/MT  -2.23%
2026-10-09 11:50:38.665 | INFO     | __main__:run_zonal_forecast:616 -   South West       Oyo          * Cocoa                 N   4,959,040/MT  -3.58%
2026-10-09 11:50:38.665 | INFO     | __main__:run_zonal_forecast:616 -   South West       Oyo          * Soybeans              N     799,055/MT  -0.70%
2026-10-09 11:50:38.665 | INFO     | __main__:run_zonal_forecast:616 -   South West       Oyo          * Cashew Nuts           N   1,665,519/MT  +0.48%
2026-10-09 11:50:38.665 | INFO     | __main__:run_zonal_forecast:616 -   South West       Oyo          * Beans (white)         N     529,518/MT  -5.33%
2026-10-09 11:50:38.665 | INFO     | __main__:run_zonal_forecast:616 -   South West       Oyo          * Maize (white)         N     363,458/MT  -2.24%
2026-10-09 11:50:38.665 | INFO     | __main__:run_zonal_forecast:616 -   South West       Lagos        * Hibiscus              N   2,740,492/MT  -2.23%
2026-10-09 11:50:38.665 | INFO     | __main__:run_zonal_forecast:616 -   South West       Lagos        * Sesame                N   1,562,897/MT  -1.41%
2026-10-09 11:50:38.665 | INFO     | __main__:run_zonal_forecast:616 -   South West       Lagos        * Cocoa                 N   6,017,712/MT  -3.58%
2026-10-09 11:50:38.665 | INFO     | __main__:run_zonal_forecast:616 -   South West       Lagos        * Soybeans              N     937,353/MT  -0.70%
2026-10-09 11:50:38.665 | INFO     | __main__:run_zonal_forecast:616 -   South West       Lagos        * Beans (white)         N     616,166/MT  -5.33%
2026-10-09 11:50:38.665 | INFO     | __main__:run_zonal_forecast:616 -   South West       Lagos        * Beans (red)           N     752,427/MT  -4.23%
2026-10-09 11:50:38.665 | INFO     | __main__:run_zonal_forecast:616 -   South West       Lagos        * Maize (white)         N     437,496/MT  -2.24%
2026-10-09 11:50:38.666 | INFO     | __main__:run_zonal_forecast:616 -   South West       Lagos        * Maize (yellow)        N     474,896/MT  -2.14%
2026-10-09 11:50:38.666 | INFO     | __main__:run_zonal_forecast:616 -   South East       Anambra      * Cocoa                 N   5,850,553/MT  -3.58%
2026-10-09 11:50:38.666 | INFO     | __main__:run_zonal_forecast:616 -   South East       Anambra      * Cashew Nuts           N   2,130,315/MT  +0.48%
2026-10-09 11:50:38.666 | INFO     | __main__:run_zonal_forecast:616 -   South East       Anambra      * Beans (white)         N     568,028/MT  -5.33%
2026-10-09 11:50:38.666 | INFO     | __main__:run_zonal_forecast:616 -   South East       Anambra      * Beans (red)           N     692,233/MT  -4.23%
2026-10-09 11:50:38.666 | INFO     | __main__:run_zonal_forecast:616 -   South East       Anambra      * Maize (white)         N     403,842/MT  -2.24%
2026-10-09 11:50:38.666 | INFO     | __main__:run_zonal_forecast:616 -   South East       Imo          * Cocoa                 N   5,070,479/MT  -3.58%
2026-10-09 11:50:38.666 | INFO     | __main__:run_zonal_forecast:616 -   South East       Imo          * Cashew Nuts           N   2,052,849/MT  +0.48%
2026-10-09 11:50:38.666 | INFO     | __main__:run_zonal_forecast:616 -   South East       Imo          * Beans (white)         N     553,587/MT  -5.33%
2026-10-09 11:50:38.666 | INFO     | __main__:run_zonal_forecast:616 -   South East       Imo          * Maize (white)         N     393,746/MT  -2.24%
2026-10-09 11:50:38.666 | INFO     | __main__:run_zonal_forecast:616 -   South South      Rivers       * Hibiscus              N   2,669,001/MT  -2.23%
2026-10-09 11:50:38.666 | INFO     | __main__:run_zonal_forecast:616 -   South South      Rivers       * Sesame                N   1,562,897/MT  -1.41%
2026-10-09 11:50:38.666 | INFO     | __main__:run_zonal_forecast:616 -   South South      Rivers       * Cocoa                 N   5,850,553/MT  -3.58%
2026-10-09 11:50:38.666 | INFO     | __main__:run_zonal_forecast:616 -   South South      Rivers       * Beans (white)         N     587,283/MT  -5.33%
2026-10-09 11:50:38.666 | INFO     | __main__:run_zonal_forecast:616 -   South South      Rivers       * Beans (red)           N     722,330/MT  -4.23%
2026-10-09 11:50:38.666 | INFO     | __main__:run_zonal_forecast:616 -   South South      Rivers       * Maize (white)         N     420,669/MT  -2.24%
2026-10-09 11:50:38.666 | INFO     | __main__:run_zonal_forecast:616 -   South South      Delta        * Hibiscus              N   2,573,679/MT  -2.23%
2026-10-09 11:50:38.666 | INFO     | __main__:run_zonal_forecast:616 -   South South      Delta        * Sesame                N   1,536,407/MT  -1.41%
2026-10-09 11:50:38.667 | INFO     | __main__:run_zonal_forecast:616 -   South South      Delta        * Cocoa                 N   5,181,918/MT  -3.58%
2026-10-09 11:50:38.667 | INFO     | __main__:run_zonal_forecast:616 -   South South      Delta        * Soybeans              N     875,887/MT  -0.70%
2026-10-09 11:50:38.667 | INFO     | __main__:run_zonal_forecast:616 -   South South      Delta        * Beans (white)         N     563,214/MT  -5.33%
2026-10-09 11:50:38.667 | INFO     | __main__:run_zonal_forecast:616 -   South South      Delta        * Maize (white)         N     403,842/MT  -2.24%
2026-10-09 11:50:38.938 | SUCCESS  | __main__:run_zonal_forecast:630 -   Zonal JSON  -> /home/runner/work/Agrolinking-Intelligence/Agrolinking-Intelligence/outputs/forecasts/zonal/zonal_forecast_2026-10-09.json
2026-10-09 11:50:39.105 | WARNING  | __main__:write_zonal_to_postgres:451 -   [Postgres] Could not connect — skipping zonal dual-write this run: connection to server at "ji5ecism7r.m6f48luj98.tsdb.cloud.timescale.com" (3.89.147.111), port 38941 failed: fe_sendauth: no password supplied

2026-10-09 11:50:39.106 | SUCCESS  | __main__:run_zonal_forecast:638 -   Zonal alert -> /home/runner/work/Agrolinking-Intelligence/Agrolinking-Intelligence/outputs/daily_alerts/alert_zonal_2026-10-09.txt
2026-10-09 11:50:39.107 | INFO     | __main__:run_zonal_forecast:640 - 
2026-10-09 11:50:39.107 | INFO     | __main__:run_zonal_forecast:641 - =================================================================
2026-10-09 11:50:39.107 | INFO     | __main__:run_zonal_forecast:643 -   ================================================
2026-10-09 11:50:39.107 | INFO     | __main__:run_zonal_forecast:643 -   AGROLINKING ZONAL COMMODITY INTELLIGENCE
2026-10-09 11:50:39.107 | INFO     | __main__:run_zonal_forecast:643 -   Date: Friday, 09 October 2026
2026-10-09 11:50:39.107 | INFO     | __main__:run_zonal_forecast:643 -   6 Zones | 12 States | 12 Commodities
2026-10-09 11:50:39.107 | INFO     | __main__:run_zonal_forecast:643 -   ================================================
2026-10-09 11:50:39.107 | INFO     | __main__:run_zonal_forecast:643 -   
2026-10-09 11:50:39.107 | INFO     | __main__:run_zonal_forecast:643 -   NORTH WEST (Kano & Kaduna)
2026-10-09 11:50:39.107 | INFO     | __main__:run_zonal_forecast:643 -   Nigeria's main grain belt. Highest Maize, Sorghum, Sesame, Wheat production.
2026-10-09 11:50:39.107 | INFO     | __main__:run_zonal_forecast:643 -   
2026-10-09 11:50:39.107 | INFO     | __main__:run_zonal_forecast:643 -     Commodity           Kano                Kaduna            
2026-10-09 11:50:39.107 | INFO     | __main__:run_zonal_forecast:643 -     ------------------------------------------------------------
2026-10-09 11:50:39.107 | INFO     | __main__:run_zonal_forecast:643 -     Hibiscus                N2.264M    (-2.23%)     N2.216M    (-2.23%) 
2026-10-09 11:50:39.107 | INFO     | __main__:run_zonal_forecast:643 -     Sesame                * N1.099M    (-1.41%)     N1.126M    (-1.41%) 
2026-10-09 11:50:39.107 | INFO     | __main__:run_zonal_forecast:643 -     Ginger                  N8.277M    (+1.34%)   * N6.081M    (+1.34%) 
2026-10-09 11:50:39.107 | INFO     | __main__:run_zonal_forecast:643 -     Cocoa                   N5.683M    (-3.58%)     N5.851M    (-3.58%) 
2026-10-09 11:50:39.107 | INFO     | __main__:run_zonal_forecast:643 -     Soybeans                N691K      (-0.70%)   * N645K      (-0.70%) 
2026-10-09 11:50:39.108 | INFO     | __main__:run_zonal_forecast:643 -     Cashew Nuts             N1.937M    (+0.48%)     N1.975M    (+0.48%) 
2026-10-09 11:50:39.108 | INFO     | __main__:run_zonal_forecast:643 -     Sorghum               * N269K                 * N276K               
2026-10-09 11:50:39.108 | INFO     | __main__:run_zonal_forecast:643 -     Beans (white)         * N419K      (-5.33%)     N424K      (-5.33%) 
2026-10-09 11:50:39.108 | INFO     | __main__:run_zonal_forecast:643 -     Beans (red)             N542K      (-4.23%)     N548K      (-4.23%) 
2026-10-09 11:50:39.108 | INFO     | __main__:run_zonal_forecast:643 -     Maize (white)         * N269K      (-2.24%)   * N273K      (-2.24%) 
2026-10-09 11:50:39.108 | INFO     | __main__:run_zonal_forecast:643 -     Maize (yellow)        * N292K      (-2.14%)   * N296K      (-2.14%) 
2026-10-09 11:50:39.108 | INFO     | __main__:run_zonal_forecast:643 -     Wheat                 * N582K      (-1.83%)   * N569K      (-1.83%) 
2026-10-09 11:50:39.108 | INFO     | __main__:run_zonal_forecast:643 -     Rice                    N1.307M    (-1.85%)     N1.280M    (-1.85%) 
2026-10-09 11:50:39.108 | INFO     | __main__:run_zonal_forecast:643 -     Meat (beef)             N5.939M    (+1.04%)     N5.939M    (+1.04%) 
2026-10-09 11:50:39.108 | INFO     | __main__:run_zonal_forecast:643 -     Meat (goat)             N5.786M    (+0.35%)     N5.786M    (+0.35%) 
2026-10-09 11:50:39.108 | INFO     | __main__:run_zonal_forecast:643 -     Fish (dried)            N886K      (-3.97%)     N886K      (-3.97%) 
2026-10-09 11:50:39.108 | INFO     | __main__:run_zonal_forecast:643 -     Eggs                    N5K        (-1.03%)     N5K        (-1.03%) 
2026-10-09 11:50:39.108 | INFO     | __main__:run_zonal_forecast:643 -   
2026-10-09 11:50:39.108 | INFO     | __main__:run_zonal_forecast:643 -   NORTH CENTRAL (Plateau & Kogi)
2026-10-09 11:50:39.108 | INFO     | __main__:run_zonal_forecast:643 -   Middle Belt. Ginger heartland (Plateau), Cashew/Cocoa belt (Kogi).
2026-10-09 11:50:39.108 | INFO     | __main__:run_zonal_forecast:643 -   
2026-10-09 11:50:39.108 | INFO     | __main__:run_zonal_forecast:643 -     Commodity           Plateau             Kogi              
2026-10-09 11:50:39.108 | INFO     | __main__:run_zonal_forecast:643 -     ------------------------------------------------------------
2026-10-09 11:50:39.108 | INFO     | __main__:run_zonal_forecast:643 -     Hibiscus                N2.312M    (-2.23%)     N2.288M    (-2.23%) 
2026-10-09 11:50:39.108 | INFO     | __main__:run_zonal_forecast:643 -     Sesame                  N1.272M    (-1.41%)     N1.285M    (-1.41%) 
2026-10-09 11:50:39.108 | INFO     | __main__:run_zonal_forecast:643 -     Ginger                * N6.335M    (+1.34%)     N7.940M    (+1.34%) 
2026-10-09 11:50:39.109 | INFO     | __main__:run_zonal_forecast:643 -     Cocoa                   N6.018M    (-3.58%)   * N4.903M    (-3.58%) 
2026-10-09 11:50:39.109 | INFO     | __main__:run_zonal_forecast:643 -     Soybeans              * N638K      (-0.70%)   * N668K      (-0.70%) 
2026-10-09 11:50:39.109 | INFO     | __main__:run_zonal_forecast:643 -     Cashew Nuts             N2.033M    (+0.48%)   * N1.549M    (+0.48%) 
2026-10-09 11:50:39.109 | INFO     | __main__:run_zonal_forecast:643 -     Sorghum                 N317K                 * N314K               
2026-10-09 11:50:39.109 | INFO     | __main__:run_zonal_forecast:643 -     Beans (white)         * N433K      (-5.33%)   * N443K      (-5.33%) 
2026-10-09 11:50:39.109 | INFO     | __main__:run_zonal_forecast:643 -     Beans (red)             N572K      (-4.23%)     N566K      (-4.23%) 
2026-10-09 11:50:39.109 | INFO     | __main__:run_zonal_forecast:643 -     Maize (white)         * N293K      (-2.24%)   * N303K      (-2.24%) 
2026-10-09 11:50:39.109 | INFO     | __main__:run_zonal_forecast:643 -     Maize (yellow)          N321K      (-2.14%)     N332K      (-2.14%) 
2026-10-09 11:50:39.109 | INFO     | __main__:run_zonal_forecast:643 -     Wheat                 * N595K      (-1.83%)     N634K      (-1.83%) 
2026-10-09 11:50:39.109 | INFO     | __main__:run_zonal_forecast:643 -     Rice                    N1.238M    (-1.85%)     N1.335M    (-1.85%) 
2026-10-09 11:50:39.109 | INFO     | __main__:run_zonal_forecast:643 -     Meat (beef)             N6.486M    (+1.04%)     N6.486M    (+1.04%) 
2026-10-09 11:50:39.109 | INFO     | __main__:run_zonal_forecast:643 -     Meat (goat)             N6.318M    (+0.35%)     N6.318M    (+0.35%) 
2026-10-09 11:50:39.109 | INFO     | __main__:run_zonal_forecast:643 -     Fish (dried)            N967K      (-3.97%)     N967K      (-3.97%) 
2026-10-09 11:50:39.109 | INFO     | __main__:run_zonal_forecast:643 -     Eggs                    N6K        (-1.03%)     N6K        (-1.03%) 
2026-10-09 11:50:39.109 | INFO     | __main__:run_zonal_forecast:643 -   
2026-10-09 11:50:39.109 | INFO     | __main__:run_zonal_forecast:643 -   NORTH EAST (Adamawa & Borno)
2026-10-09 11:50:39.109 | INFO     | __main__:run_zonal_forecast:643 -   Semi-arid. Sorghum, Maize. Conflict premium on imports in Borno.
2026-10-09 11:50:39.109 | INFO     | __main__:run_zonal_forecast:643 -   
2026-10-09 11:50:39.109 | INFO     | __main__:run_zonal_forecast:643 -     Commodity           Adamawa             Borno             
2026-10-09 11:50:39.109 | INFO     | __main__:run_zonal_forecast:643 -     ------------------------------------------------------------
2026-10-09 11:50:39.110 | INFO     | __main__:run_zonal_forecast:643 -     Hibiscus                N2.335M    (-2.23%)     N2.502M    (-2.23%) 
2026-10-09 11:50:39.110 | INFO     | __main__:run_zonal_forecast:643 -     Sesame                * N1.139M    (-1.41%)   * N1.179M    (-1.41%) 
2026-10-09 11:50:39.110 | INFO     | __main__:run_zonal_forecast:643 -     Ginger                * N7.010M    (+1.34%)     N9.713M    (+1.34%) 
2026-10-09 11:50:39.110 | INFO     | __main__:run_zonal_forecast:643 -     Cocoa                   N5.851M    (-3.58%)     N6.575M    (-3.58%) 
2026-10-09 11:50:39.110 | INFO     | __main__:run_zonal_forecast:643 -     Soybeans              * N684K      (-0.70%)     N830K      (-0.70%) 
2026-10-09 11:50:39.110 | INFO     | __main__:run_zonal_forecast:643 -     Cashew Nuts             N2.014M    (+0.48%)     N2.227M    (+0.48%) 
2026-10-09 11:50:39.110 | INFO     | __main__:run_zonal_forecast:643 -     Sorghum               * N300K                 * N317K               
2026-10-09 11:50:39.110 | INFO     | __main__:run_zonal_forecast:643 -     Beans (white)         * N443K      (-5.33%)   * N510K      (-5.33%) 
2026-10-09 11:50:39.110 | INFO     | __main__:run_zonal_forecast:643 -     Beans (red)             N572K      (-4.23%)     N662K      (-4.23%) 
2026-10-09 11:50:39.110 | INFO     | __main__:run_zonal_forecast:643 -     Maize (white)         * N296K      (-2.24%)   * N363K      (-2.24%) 
2026-10-09 11:50:39.110 | INFO     | __main__:run_zonal_forecast:643 -     Maize (yellow)          N325K      (-2.14%)     N395K      (-2.14%) 
2026-10-09 11:50:39.110 | INFO     | __main__:run_zonal_forecast:643 -     Wheat                   N641K      (-1.83%)   * N732K      (-1.83%) 
2026-10-09 11:50:39.110 | INFO     | __main__:run_zonal_forecast:643 -     Rice                    N1.403M    (-1.85%)     N1.514M    (-1.85%) 
2026-10-09 11:50:39.110 | INFO     | __main__:run_zonal_forecast:643 -     Meat (beef)             N6.964M    (+1.04%)     N6.964M    (+1.04%) 
2026-10-09 11:50:39.110 | INFO     | __main__:run_zonal_forecast:643 -     Meat (goat)             N6.783M    (+0.35%)     N6.783M    (+0.35%) 
2026-10-09 11:50:39.110 | INFO     | __main__:run_zonal_forecast:643 -     Fish (dried)            N1.038M    (-3.97%)     N1.038M    (-3.97%) 
2026-10-09 11:50:39.110 | INFO     | __main__:run_zonal_forecast:643 -     Eggs                    N6K        (-1.03%)     N6K        (-1.03%) 
2026-10-09 11:50:39.110 | INFO     | __main__:run_zonal_forecast:643 -   
2026-10-09 11:50:39.110 | INFO     | __main__:run_zonal_forecast:643 -   SOUTH WEST (Oyo & Lagos)
2026-10-09 11:50:39.110 | INFO     | __main__:run_zonal_forecast:643 -   Commercial capital. Lagos is the price-setter for consumer markets.
2026-10-09 11:50:39.110 | INFO     | __main__:run_zonal_forecast:643 -   
2026-10-09 11:50:39.111 | INFO     | __main__:run_zonal_forecast:643 -     Commodity           Oyo                 Lagos             
2026-10-09 11:50:39.111 | INFO     | __main__:run_zonal_forecast:643 -     ------------------------------------------------------------
2026-10-09 11:50:39.111 | INFO     | __main__:run_zonal_forecast:643 -     Hibiscus              * N2.455M    (-2.23%)   * N2.740M    (-2.23%) 
2026-10-09 11:50:39.111 | INFO     | __main__:run_zonal_forecast:643 -     Sesame                  N1.404M    (-1.41%)   * N1.563M    (-1.41%) 
2026-10-09 11:50:39.111 | INFO     | __main__:run_zonal_forecast:643 -     Ginger                  N9.122M    (+1.34%)     N10.136M   (+1.34%) 
2026-10-09 11:50:39.111 | INFO     | __main__:run_zonal_forecast:643 -     Cocoa                 * N4.959M    (-3.58%)   * N6.018M    (-3.58%) 
2026-10-09 11:50:39.111 | INFO     | __main__:run_zonal_forecast:643 -     Soybeans              * N799K      (-0.70%)   * N937K      (-0.70%) 
2026-10-09 11:50:39.111 | INFO     | __main__:run_zonal_forecast:643 -     Cashew Nuts           * N1.666M    (+0.48%)     N2.130M    (+0.48%) 
2026-10-09 11:50:39.111 | INFO     | __main__:run_zonal_forecast:643 -     Sorghum                 N362K                   N407K               
2026-10-09 11:50:39.111 | INFO     | __main__:run_zonal_forecast:643 -     Beans (white)         * N530K      (-5.33%)   * N616K      (-5.33%) 
2026-10-09 11:50:39.111 | INFO     | __main__:run_zonal_forecast:643 -     Beans (red)             N674K      (-4.23%)   * N752K      (-4.23%) 
2026-10-09 11:50:39.111 | INFO     | __main__:run_zonal_forecast:643 -     Maize (white)         * N363K      (-2.24%)   * N437K      (-2.24%) 
2026-10-09 11:50:39.111 | INFO     | __main__:run_zonal_forecast:643 -     Maize (yellow)          N395K      (-2.14%)   * N475K      (-2.14%) 
2026-10-09 11:50:39.111 | INFO     | __main__:run_zonal_forecast:643 -     Wheat                   N719K      (-1.83%)     N752K      (-1.83%) 
2026-10-09 11:50:39.111 | INFO     | __main__:run_zonal_forecast:643 -     Rice                    N1.486M    (-1.85%)     N1.624M    (-1.85%) 
2026-10-09 11:50:39.111 | INFO     | __main__:run_zonal_forecast:643 -     Meat (beef)             N7.919M    (+1.04%)     N7.919M    (+1.04%) 
2026-10-09 11:50:39.111 | INFO     | __main__:run_zonal_forecast:643 -     Meat (goat)             N7.714M    (+0.35%)     N7.714M    (+0.35%) 
2026-10-09 11:50:39.111 | INFO     | __main__:run_zonal_forecast:643 -     Fish (dried)            N1.181M    (-3.97%)     N1.181M    (-3.97%) 
2026-10-09 11:50:39.111 | INFO     | __main__:run_zonal_forecast:643 -     Eggs                    N7K        (-1.03%)     N7K        (-1.03%) 
2026-10-09 11:50:39.111 | INFO     | __main__:run_zonal_forecast:643 -   
2026-10-09 11:50:39.111 | INFO     | __main__:run_zonal_forecast:643 -   SOUTH EAST (Anambra & Imo)
2026-10-09 11:50:39.112 | INFO     | __main__:run_zonal_forecast:643 -   High consumption, low production of traded commodities. Import-dependent.
2026-10-09 11:50:39.112 | INFO     | __main__:run_zonal_forecast:643 -   
2026-10-09 11:50:39.112 | INFO     | __main__:run_zonal_forecast:643 -     Commodity           Anambra             Imo               
2026-10-09 11:50:39.112 | INFO     | __main__:run_zonal_forecast:643 -     ------------------------------------------------------------
2026-10-09 11:50:39.112 | INFO     | __main__:run_zonal_forecast:643 -     Hibiscus                N2.669M    (-2.23%)     N2.621M    (-2.23%) 
2026-10-09 11:50:39.112 | INFO     | __main__:run_zonal_forecast:643 -     Sesame                  N1.536M    (-1.41%)     N1.510M    (-1.41%) 
2026-10-09 11:50:39.112 | INFO     | __main__:run_zonal_forecast:643 -     Ginger                  N9.713M    (+1.34%)     N9.460M    (+1.34%) 
2026-10-09 11:50:39.112 | INFO     | __main__:run_zonal_forecast:643 -     Cocoa                 * N5.851M    (-3.58%)   * N5.070M    (-3.58%) 
2026-10-09 11:50:39.112 | INFO     | __main__:run_zonal_forecast:643 -     Soybeans                N876K      (-0.70%)     N861K      (-0.70%) 
2026-10-09 11:50:39.112 | INFO     | __main__:run_zonal_forecast:643 -     Cashew Nuts           * N2.130M    (+0.48%)   * N2.053M    (+0.48%) 
2026-10-09 11:50:39.112 | INFO     | __main__:run_zonal_forecast:643 -     Sorghum                 N393K                   N386K               
2026-10-09 11:50:39.112 | INFO     | __main__:run_zonal_forecast:643 -     Beans (white)         * N568K      (-5.33%)   * N554K      (-5.33%) 
2026-10-09 11:50:39.112 | INFO     | __main__:run_zonal_forecast:643 -     Beans (red)           * N692K      (-4.23%)     N680K      (-4.23%) 
2026-10-09 11:50:39.112 | INFO     | __main__:run_zonal_forecast:643 -     Maize (white)         * N404K      (-2.24%)   * N394K      (-2.24%) 
2026-10-09 11:50:39.112 | INFO     | __main__:run_zonal_forecast:643 -     Maize (yellow)          N438K      (-2.14%)     N427K      (-2.14%) 
2026-10-09 11:50:39.112 | INFO     | __main__:run_zonal_forecast:643 -     Wheat                   N772K      (-1.83%)     N759K      (-1.83%) 
2026-10-09 11:50:39.112 | INFO     | __main__:run_zonal_forecast:643 -     Rice                    N1.541M    (-1.85%)     N1.514M    (-1.85%) 
2026-10-09 11:50:39.112 | INFO     | __main__:run_zonal_forecast:643 -     Meat (beef)             N7.715M    (+1.04%)     N7.715M    (+1.04%) 
2026-10-09 11:50:39.112 | INFO     | __main__:run_zonal_forecast:643 -     Meat (goat)             N7.515M    (+0.35%)     N7.515M    (+0.35%) 
2026-10-09 11:50:39.112 | INFO     | __main__:run_zonal_forecast:643 -     Fish (dried)            N1.150M    (-3.97%)     N1.150M    (-3.97%) 
2026-10-09 11:50:39.112 | INFO     | __main__:run_zonal_forecast:643 -     Eggs                    N7K        (-1.03%)     N7K        (-1.03%) 
2026-10-09 11:50:39.113 | INFO     | __main__:run_zonal_forecast:643 -   
2026-10-09 11:50:39.113 | INFO     | __main__:run_zonal_forecast:643 -   SOUTH SOUTH (Rivers & Delta)
2026-10-09 11:50:39.113 | INFO     | __main__:run_zonal_forecast:643 -   Oil belt. High purchasing power. Cocoa producer (Delta).
2026-10-09 11:50:39.113 | INFO     | __main__:run_zonal_forecast:643 -   
2026-10-09 11:50:39.113 | INFO     | __main__:run_zonal_forecast:643 -     Commodity           Rivers              Delta             
2026-10-09 11:50:39.113 | INFO     | __main__:run_zonal_forecast:643 -     ------------------------------------------------------------
2026-10-09 11:50:39.113 | INFO     | __main__:run_zonal_forecast:643 -     Hibiscus              * N2.669M    (-2.23%)   * N2.574M    (-2.23%) 
2026-10-09 11:50:39.113 | INFO     | __main__:run_zonal_forecast:643 -     Sesame                * N1.563M    (-1.41%)   * N1.536M    (-1.41%) 
2026-10-09 11:50:39.113 | INFO     | __main__:run_zonal_forecast:643 -     Ginger                  N10.136M   (+1.34%)     N9.713M    (+1.34%) 
2026-10-09 11:50:39.113 | INFO     | __main__:run_zonal_forecast:643 -     Cocoa                 * N5.851M    (-3.58%)   * N5.182M    (-3.58%) 
2026-10-09 11:50:39.113 | INFO     | __main__:run_zonal_forecast:643 -     Soybeans                N907K      (-0.70%)   * N876K      (-0.70%) 
2026-10-09 11:50:39.113 | INFO     | __main__:run_zonal_forecast:643 -     Cashew Nuts             N2.227M    (+0.48%)     N2.130M    (+0.48%) 
2026-10-09 11:50:39.113 | INFO     | __main__:run_zonal_forecast:643 -     Sorghum                 N414K                   N407K               
2026-10-09 11:50:39.113 | INFO     | __main__:run_zonal_forecast:643 -     Beans (white)         * N587K      (-5.33%)   * N563K      (-5.33%) 
2026-10-09 11:50:39.113 | INFO     | __main__:run_zonal_forecast:643 -     Beans (red)           * N722K      (-4.23%)     N692K      (-4.23%) 
2026-10-09 11:50:39.113 | INFO     | __main__:run_zonal_forecast:643 -     Maize (white)         * N421K      (-2.24%)   * N404K      (-2.24%) 
2026-10-09 11:50:39.113 | INFO     | __main__:run_zonal_forecast:643 -     Maize (yellow)          N457K      (-2.14%)     N438K      (-2.14%) 
2026-10-09 11:50:39.113 | INFO     | __main__:run_zonal_forecast:643 -     Wheat                   N798K      (-1.83%)     N785K      (-1.83%) 
2026-10-09 11:50:39.113 | INFO     | __main__:run_zonal_forecast:643 -     Rice                    N1.582M    (-1.85%)     N1.541M    (-1.85%) 
2026-10-09 11:50:39.113 | INFO     | __main__:run_zonal_forecast:643 -     Meat (beef)             N7.783M    (+1.04%)     N7.783M    (+1.04%) 
2026-10-09 11:50:39.113 | INFO     | __main__:run_zonal_forecast:643 -     Meat (goat)             N7.581M    (+0.35%)     N7.581M    (+0.35%) 
2026-10-09 11:50:39.114 | INFO     | __main__:run_zonal_forecast:643 -     Fish (dried)            N1.160M    (-3.97%)     N1.160M    (-3.97%) 
2026-10-09 11:50:39.114 | INFO     | __main__:run_zonal_forecast:643 -     Eggs                    N7K        (-1.03%)     N7K        (-1.03%) 
2026-10-09 11:50:39.114 | INFO     | __main__:run_zonal_forecast:643 -   
2026-10-09 11:50:39.114 | INFO     | __main__:run_zonal_forecast:643 -   ==========================================================
2026-10-09 11:50:39.114 | INFO     | __main__:run_zonal_forecast:643 -   * = primary commodity  (+/-%) = day-on-day change
2026-10-09 11:50:39.114 | INFO     | __main__:run_zonal_forecast:643 -   
2026-10-09 11:50:39.114 | INFO     | __main__:run_zonal_forecast:643 -   NATIONAL PRICE CHANGES TODAY:
2026-10-09 11:50:39.114 | INFO     | __main__:run_zonal_forecast:643 -     Commodity                   Price   Day Chg    vs Ref
2026-10-09 11:50:39.114 | INFO     | __main__:run_zonal_forecast:643 -     ------------------------------------------------------
2026-10-09 11:50:39.114 | INFO     | __main__:run_zonal_forecast:643 -     Hibiscus                  N2.383M    -2.23%    +2.50%
2026-10-09 11:50:39.114 | INFO     | __main__:run_zonal_forecast:643 -     Sesame                    N1.324M    -1.41%   -19.73%
2026-10-09 11:50:39.114 | INFO     | __main__:run_zonal_forecast:643 -     Ginger                    N8.446M    +1.34%   -29.61%
2026-10-09 11:50:39.114 | INFO     | __main__:run_zonal_forecast:643 -     Cocoa                     N5.572M    -3.58%    -1.38%
2026-10-09 11:50:39.114 | INFO     | __main__:run_zonal_forecast:643 -     Soybeans                    N768K    -0.70%    +3.13%
2026-10-09 11:50:39.114 | INFO     | __main__:run_zonal_forecast:643 -     Cashew Nuts               N1.937M    +0.48%    -0.68%
2026-10-09 11:50:39.114 | INFO     | __main__:run_zonal_forecast:643 -     Sorghum                     N345K    +0.00%   -17.86%
2026-10-09 11:50:39.114 | INFO     | __main__:run_zonal_forecast:643 -     Beans (white)               N481K    -5.33%   -40.79%
2026-10-09 11:50:39.114 | INFO     | __main__:run_zonal_forecast:643 -     Beans (red)                 N602K    -4.23%   -34.21%
2026-10-09 11:50:39.114 | INFO     | __main__:run_zonal_forecast:643 -     Maize (white)               N337K    -2.24%    -9.04%
2026-10-09 11:50:39.114 | INFO     | __main__:run_zonal_forecast:643 -     Maize (yellow)              N365K    -2.14%    -8.67%
2026-10-09 11:50:39.115 | INFO     | __main__:run_zonal_forecast:643 -     Wheat                       N654K    -1.83%    -7.48%
2026-10-09 11:50:39.115 | INFO     | __main__:run_zonal_forecast:643 -     Rice                      N1.376M    -1.85%   -11.23%
2026-10-09 11:50:39.115 | INFO     | __main__:run_zonal_forecast:643 -     Meat (beef)               N6.827M    +1.04%    +5.03%
2026-10-09 11:50:39.115 | INFO     | __main__:run_zonal_forecast:643 -     Meat (goat)               N6.650M    +0.35%    +2.31%
2026-10-09 11:50:39.115 | INFO     | __main__:run_zonal_forecast:643 -     Fish (dried)              N1.018M    -3.97%   -15.18%
2026-10-09 11:50:39.115 | INFO     | __main__:run_zonal_forecast:643 -     Eggs                          N6K    -1.03%    -4.62%
2026-10-09 11:50:39.115 | INFO     | __main__:run_zonal_forecast:643 -   
2026-10-09 11:50:39.115 | INFO     | __main__:run_zonal_forecast:643 -   BEST SOURCING NATIONALLY:
2026-10-09 11:50:39.115 | INFO     | __main__:run_zonal_forecast:643 -     Commodity              Best State           Price  Spread
2026-10-09 11:50:39.115 | INFO     | __main__:run_zonal_forecast:643 -     ------------------------------------------------------------
2026-10-09 11:50:39.115 | INFO     | __main__:run_zonal_forecast:643 -     Hibiscus               Kaduna             N2.216M  24% vs Lagos
2026-10-09 11:50:39.115 | INFO     | __main__:run_zonal_forecast:643 -     Sesame                 Kano               N1.099M  42% vs Lagos
2026-10-09 11:50:39.115 | INFO     | __main__:run_zonal_forecast:643 -     Ginger                 Kaduna             N6.081M  67% vs Lagos
2026-10-09 11:50:39.115 | INFO     | __main__:run_zonal_forecast:643 -     Cocoa                  Kogi               N4.903M  34% vs Borno
2026-10-09 11:50:39.115 | INFO     | __main__:run_zonal_forecast:643 -     Soybeans               Plateau              N638K  47% vs Lagos
2026-10-09 11:50:39.115 | INFO     | __main__:run_zonal_forecast:643 -     Cashew Nuts            Kogi               N1.549M  44% vs Borno
2026-10-09 11:50:39.115 | INFO     | __main__:run_zonal_forecast:643 -     Sorghum                Kano                 N269K  54% vs Rivers
2026-10-09 11:50:39.115 | INFO     | __main__:run_zonal_forecast:643 -     Beans (white)          Kano                 N419K  47% vs Lagos
2026-10-09 11:50:39.115 | INFO     | __main__:run_zonal_forecast:643 -     Beans (red)            Kano                 N542K  39% vs Lagos
2026-10-09 11:50:39.115 | INFO     | __main__:run_zonal_forecast:643 -     Maize (white)          Kano                 N269K  62% vs Lagos
2026-10-09 11:50:39.115 | INFO     | __main__:run_zonal_forecast:643 -     Maize (yellow)         Kano                 N292K  62% vs Lagos
2026-10-09 11:50:39.116 | INFO     | __main__:run_zonal_forecast:643 -     Wheat                  Kaduna               N569K  40% vs Rivers
2026-10-09 11:50:39.116 | INFO     | __main__:run_zonal_forecast:643 -     Rice                   Plateau            N1.238M  31% vs Lagos
2026-10-09 11:50:39.116 | INFO     | __main__:run_zonal_forecast:643 -     Meat (beef)            Kano               N5.939M  33% vs Oyo
2026-10-09 11:50:39.116 | INFO     | __main__:run_zonal_forecast:643 -     Meat (goat)            Kano               N5.786M  33% vs Oyo
2026-10-09 11:50:39.116 | INFO     | __main__:run_zonal_forecast:643 -     Fish (dried)           Kano                 N886K  33% vs Oyo
2026-10-09 11:50:39.116 | INFO     | __main__:run_zonal_forecast:643 -     Eggs                   Kano                   N5K  33% vs Oyo
2026-10-09 11:50:39.116 | INFO     | __main__:run_zonal_forecast:643 -   
2026-10-09 11:50:39.116 | INFO     | __main__:run_zonal_forecast:643 -   ==========================================================
2026-10-09 11:50:39.116 | INFO     | __main__:run_zonal_forecast:643 -   Source: Agrolinking Intelligence Platform
2026-10-09 11:50:39.116 | INFO     | __main__:run_zonal_forecast:643 -   Next update: 10 Oct 2026
2026-10-09 11:50:39.116 | INFO     | __main__:run_zonal_forecast:644 - =================================================================
2026-10-09 11:50:39.116 | SUCCESS  | __main__:run_zonal_forecast:645 - ZONAL FORECASTING COMPLETE — 6 zones | 12 states | 17 commodities
