2026-08-20 07:03:58.372 | INFO     | __main__:run_zonal_forecast:464 - =================================================================
2026-08-20 07:03:58.372 | INFO     | __main__:run_zonal_forecast:465 - STEP 7 — ZONAL & STATE-LEVEL FORECASTING
2026-08-20 07:03:58.372 | INFO     | __main__:run_zonal_forecast:466 -   Date  : Thursday, 20 August 2026  07:03
2026-08-20 07:03:58.372 | INFO     | __main__:run_zonal_forecast:467 -   Anchor: DAILY INTERPOLATED (from last_known_date, drifts daily)
2026-08-20 07:03:58.372 | INFO     | __main__:run_zonal_forecast:468 - =================================================================
2026-08-20 07:03:58.528 | INFO     | __main__:run_zonal_forecast:471 -   Source: forecast_validated_2026-08-20.json
2026-08-20 07:03:58.531 | INFO     | __main__:run_zonal_forecast:478 -   Maize (white): last_known=2023-01-16, days_elapsed=1312
2026-08-20 07:03:58.531 | INFO     | __main__:run_zonal_forecast:478 -   Hibiscus: last_known=2026-04-13, days_elapsed=129
2026-08-20 07:03:58.533 | INFO     | __main__:run_zonal_forecast:478 -   Sesame: last_known=2026-04-13, days_elapsed=129
2026-08-20 07:03:58.533 | INFO     | __main__:build_zonal_output:285 - 
2026-08-20 07:03:58.535 | INFO     | __main__:build_zonal_output:286 -   NATIONAL ANCHORS (interpolated from last_known_date to today):
2026-08-20 07:03:58.535 | INFO     | __main__:build_zonal_output:287 -   Commodity                 Today Price   Day Chg    vs Ref  Source
2026-08-20 07:03:58.535 | INFO     | __main__:build_zonal_output:288 -   --------------------------------------------------------------------------------
2026-08-20 07:03:58.535 | DEBUG    | __main__:get_daily_price:116 -   last_known=2026-04-13, run=2026-08-20, elapsed=129d
2026-08-20 07:03:58.539 | DEBUG    | __main__:get_daily_price:116 -   last_known=2026-04-13, run=2026-08-19, elapsed=128d
2026-08-20 07:03:58.539 | INFO     | __main__:build_zonal_output:318 -   Hibiscus               N   2,466,464    -0.01%   -1.34%  interp d129 (weekly series | -1.34%
2026-08-20 07:03:58.539 | DEBUG    | __main__:get_daily_price:116 -   last_known=2026-04-13, run=2026-08-20, elapsed=129d
2026-08-20 07:03:58.545 | DEBUG    | __main__:get_daily_price:116 -   last_known=2026-04-13, run=2026-08-19, elapsed=128d
2026-08-20 07:03:58.550 | INFO     | __main__:build_zonal_output:318 -   Sesame                 N   1,386,508    -0.02%   -2.36%  interp d129 (weekly series | -2.36%
2026-08-20 07:03:58.552 | DEBUG    | __main__:get_daily_price:116 -   last_known=2026-04-13, run=2026-08-20, elapsed=129d
2026-08-20 07:03:58.552 | DEBUG    | __main__:get_daily_price:116 -   last_known=2026-04-13, run=2026-08-19, elapsed=128d
2026-08-20 07:03:58.556 | INFO     | __main__:build_zonal_output:318 -   Ginger                 N   9,330,212    -0.01%   -0.74%  interp d129 (weekly series | -0.74%
2026-08-20 07:03:58.556 | DEBUG    | __main__:get_daily_price:116 -   last_known=2026-04-13, run=2026-08-20, elapsed=129d
2026-08-20 07:03:58.558 | DEBUG    | __main__:get_daily_price:116 -   last_known=2026-04-13, run=2026-08-19, elapsed=128d
2026-08-20 07:03:58.558 | INFO     | __main__:build_zonal_output:318 -   Cocoa                  N   4,573,483    +0.01%  + +1.63%  interp d129 (weekly series | +1.63%
2026-08-20 07:03:58.558 | DEBUG    | __main__:get_daily_price:116 -   last_known=2026-04-13, run=2026-08-20, elapsed=129d
2026-08-20 07:03:58.565 | DEBUG    | __main__:get_daily_price:116 -   last_known=2026-04-13, run=2026-08-19, elapsed=128d
2026-08-20 07:03:58.565 | INFO     | __main__:build_zonal_output:318 -   Soybeans               N     781,825    -0.01%   -1.03%  interp d129 (weekly series | -1.03%
2026-08-20 07:03:58.568 | DEBUG    | __main__:get_daily_price:116 -   last_known=2026-04-13, run=2026-08-20, elapsed=129d
2026-08-20 07:03:58.570 | DEBUG    | __main__:get_daily_price:116 -   last_known=2026-04-13, run=2026-08-19, elapsed=128d
2026-08-20 07:03:58.572 | INFO     | __main__:build_zonal_output:318 -   Cashew Nuts            N   1,885,820    -0.02%   -2.29%  interp d129 (weekly series | -2.29%
2026-08-20 07:03:58.572 | DEBUG    | __main__:get_daily_price:116 -   last_known=2026-04-13, run=2026-08-20, elapsed=129d
2026-08-20 07:03:58.575 | DEBUG    | __main__:get_daily_price:116 -   last_known=2026-04-13, run=2026-08-19, elapsed=128d
2026-08-20 07:03:58.576 | INFO     | __main__:build_zonal_output:318 -   Sorghum                N     340,117    -0.01%   -1.42%  interp d129 (weekly series | -1.42%
2026-08-20 07:03:58.576 | DEBUG    | __main__:get_daily_price:116 -   last_known=2026-03-16, run=2026-08-20, elapsed=157d
2026-08-20 07:03:58.581 | DEBUG    | __main__:get_daily_price:116 -   last_known=2026-03-16, run=2026-08-19, elapsed=156d
2026-08-20 07:03:58.583 | INFO     | __main__:build_zonal_output:318 -   Beans (white)          N     739,290    -0.01%   -1.43%  interp d157 (weekly series | -1.43%
2026-08-20 07:03:58.583 | DEBUG    | __main__:get_daily_price:116 -   last_known=2026-03-16, run=2026-08-20, elapsed=157d
2026-08-20 07:03:58.585 | DEBUG    | __main__:get_daily_price:116 -   last_known=2026-03-16, run=2026-08-19, elapsed=156d
2026-08-20 07:03:58.587 | INFO     | __main__:build_zonal_output:318 -   Beans (red)            N     839,021    -0.01%   -1.29%  interp d157 (weekly series | -1.29%
2026-08-20 07:03:58.587 | DEBUG    | __main__:get_daily_price:88 -   last_known_date 2023-01-16 is stale (>2yr). Using forecast_start as anchor.
2026-08-20 07:03:58.587 | DEBUG    | __main__:get_daily_price:116 -   last_known=2023-01-16, run=2026-08-20, elapsed=7d
2026-08-20 07:03:58.593 | DEBUG    | __main__:get_daily_price:88 -   last_known_date 2023-01-16 is stale (>2yr). Using forecast_start as anchor.
2026-08-20 07:03:58.593 | DEBUG    | __main__:get_daily_price:116 -   last_known=2023-01-16, run=2026-08-19, elapsed=7d
2026-08-20 07:03:58.593 | INFO     | __main__:build_zonal_output:318 -   Maize (white)          N     391,398    -0.08%   -0.91%  interp d7 (weekly series | -0.91% v
2026-08-20 07:03:58.593 | DEBUG    | __main__:get_daily_price:88 -   last_known_date 2023-01-16 is stale (>2yr). Using forecast_start as anchor.
2026-08-20 07:03:58.597 | DEBUG    | __main__:get_daily_price:116 -   last_known=2023-01-16, run=2026-08-20, elapsed=7d
2026-08-20 07:03:58.597 | DEBUG    | __main__:get_daily_price:88 -   last_known_date 2023-01-16 is stale (>2yr). Using forecast_start as anchor.
2026-08-20 07:03:58.600 | DEBUG    | __main__:get_daily_price:116 -   last_known=2023-01-16, run=2026-08-19, elapsed=7d
2026-08-20 07:03:58.600 | INFO     | __main__:build_zonal_output:318 -   Maize (yellow)         N     417,891    -0.07%   -0.74%  interp d7 (weekly series | -0.74% v
2026-08-20 07:03:58.600 | DEBUG    | __main__:get_daily_price:116 -   last_known=2026-04-13, run=2026-08-20, elapsed=129d
2026-08-20 07:03:58.604 | DEBUG    | __main__:get_daily_price:116 -   last_known=2026-04-13, run=2026-08-19, elapsed=128d
2026-08-20 07:03:58.606 | INFO     | __main__:build_zonal_output:318 -   Wheat                  N     987,037    -0.01%   -1.30%  interp d129 (weekly series | -1.30%
2026-08-20 07:03:58.606 | DEBUG    | __main__:get_daily_price:88 -   last_known_date 2023-01-09 is stale (>2yr). Using forecast_start as anchor.
2026-08-20 07:03:58.606 | DEBUG    | __main__:get_daily_price:116 -   last_known=2023-01-09, run=2026-08-20, elapsed=7d
2026-08-20 07:03:58.613 | DEBUG    | __main__:get_daily_price:88 -   last_known_date 2023-01-09 is stale (>2yr). Using forecast_start as anchor.
2026-08-20 07:03:58.613 | DEBUG    | __main__:get_daily_price:116 -   last_known=2023-01-09, run=2026-08-19, elapsed=7d
2026-08-20 07:03:58.615 | INFO     | __main__:build_zonal_output:318 -   Rice                   N   1,344,876    +0.17%  + +1.88%  interp d7 (weekly series | +1.88% v
2026-08-20 07:03:58.615 | DEBUG    | __main__:get_daily_price:116 -   last_known=2026-03-09, run=2026-08-20, elapsed=164d
2026-08-20 07:03:58.621 | DEBUG    | __main__:get_daily_price:116 -   last_known=2026-03-09, run=2026-08-19, elapsed=163d
2026-08-20 07:03:58.625 | INFO     | __main__:build_zonal_output:318 -   Meat (beef)            N   4,642,268    +0.01%  + +2.34%  interp d164 (weekly series | +2.34%
2026-08-20 07:03:58.626 | DEBUG    | __main__:get_daily_price:116 -   last_known=2026-03-09, run=2026-08-20, elapsed=164d
2026-08-20 07:03:58.627 | DEBUG    | __main__:get_daily_price:116 -   last_known=2026-03-09, run=2026-08-19, elapsed=163d
2026-08-20 07:03:58.631 | INFO     | __main__:build_zonal_output:318 -   Meat (goat)            N   6,852,722    -0.01%   -2.10%  interp d164 (weekly series | -2.10%
2026-08-20 07:03:58.634 | DEBUG    | __main__:get_daily_price:116 -   last_known=2026-03-09, run=2026-08-20, elapsed=164d
2026-08-20 07:03:58.639 | DEBUG    | __main__:get_daily_price:116 -   last_known=2026-03-09, run=2026-08-19, elapsed=163d
2026-08-20 07:03:58.639 | INFO     | __main__:build_zonal_output:318 -   Fish (dried)           N   9,670,419    -0.02%   -3.30%  interp d164 (weekly series | -3.30%
2026-08-20 07:03:58.641 | DEBUG    | __main__:get_daily_price:116 -   last_known=2026-03-09, run=2026-08-20, elapsed=164d
2026-08-20 07:03:58.643 | DEBUG    | __main__:get_daily_price:116 -   last_known=2026-03-09, run=2026-08-19, elapsed=163d
2026-08-20 07:03:58.643 | INFO     | __main__:build_zonal_output:318 -   Eggs                   N       7,711    -0.02%   -2.64%  interp d164 (weekly series | -2.64%
2026-08-20 07:03:58.645 | INFO     | __main__:build_zonal_output:321 - 
2026-08-20 07:03:58.730 | INFO     | __main__:run_zonal_forecast:484 - 
2026-08-20 07:03:58.732 | INFO     | __main__:run_zonal_forecast:485 -   Zone             State        Commodity                 State Price  Day Chg
2026-08-20 07:03:58.732 | INFO     | __main__:run_zonal_forecast:486 -   ------------------------------------------------------------------------
2026-08-20 07:03:58.734 | INFO     | __main__:run_zonal_forecast:493 -   North West       Kano         * Sesame                N   1,150,801/MT  -0.02%
2026-08-20 07:03:58.734 | INFO     | __main__:run_zonal_forecast:493 -   North West       Kano         * Sorghum               N     265,292/MT  -0.01%
2026-08-20 07:03:58.735 | INFO     | __main__:run_zonal_forecast:493 -   North West       Kano         * Beans (white)         N     643,183/MT  -0.01%
2026-08-20 07:03:58.735 | INFO     | __main__:run_zonal_forecast:493 -   North West       Kano         * Maize (white)         N     313,119/MT  -0.08%
2026-08-20 07:03:58.735 | INFO     | __main__:run_zonal_forecast:493 -   North West       Kano         * Maize (yellow)        N     334,313/MT  -0.07%
2026-08-20 07:03:58.735 | INFO     | __main__:run_zonal_forecast:493 -   North West       Kano         * Wheat                 N     878,463/MT  -0.01%
2026-08-20 07:03:58.739 | INFO     | __main__:run_zonal_forecast:493 -   North West       Kaduna       * Ginger                N   6,717,752/MT  -0.01%
2026-08-20 07:03:58.739 | INFO     | __main__:run_zonal_forecast:493 -   North West       Kaduna       * Soybeans              N     656,733/MT  -0.01%
2026-08-20 07:03:58.739 | INFO     | __main__:run_zonal_forecast:493 -   North West       Kaduna       * Sorghum               N     272,094/MT  -0.01%
2026-08-20 07:03:58.742 | INFO     | __main__:run_zonal_forecast:493 -   North West       Kaduna       * Maize (white)         N     317,033/MT  -0.08%
2026-08-20 07:03:58.742 | INFO     | __main__:run_zonal_forecast:493 -   North West       Kaduna       * Maize (yellow)        N     338,492/MT  -0.07%
2026-08-20 07:03:58.742 | INFO     | __main__:run_zonal_forecast:493 -   North West       Kaduna       * Wheat                 N     858,722/MT  -0.01%
2026-08-20 07:03:58.744 | INFO     | __main__:run_zonal_forecast:493 -   North Central    Plateau      * Ginger                N   6,997,659/MT  -0.01%
2026-08-20 07:03:58.744 | INFO     | __main__:run_zonal_forecast:493 -   North Central    Plateau      * Soybeans              N     648,915/MT  -0.01%
2026-08-20 07:03:58.756 | INFO     | __main__:run_zonal_forecast:493 -   North Central    Plateau      * Beans (white)         N     665,361/MT  -0.01%
2026-08-20 07:03:58.762 | INFO     | __main__:run_zonal_forecast:493 -   North Central    Plateau      * Maize (white)         N     340,516/MT  -0.08%
2026-08-20 07:03:58.767 | INFO     | __main__:run_zonal_forecast:493 -   North Central    Plateau      * Wheat                 N     898,204/MT  -0.01%
2026-08-20 07:03:58.771 | INFO     | __main__:run_zonal_forecast:493 -   North Central    Kogi         * Cocoa                 N   4,024,665/MT  +0.01%
2026-08-20 07:03:58.775 | INFO     | __main__:run_zonal_forecast:493 -   North Central    Kogi         * Soybeans              N     680,188/MT  -0.01%
2026-08-20 07:03:58.781 | INFO     | __main__:run_zonal_forecast:493 -   North Central    Kogi         * Cashew Nuts           N   1,508,656/MT  -0.02%
2026-08-20 07:03:58.783 | INFO     | __main__:run_zonal_forecast:493 -   North Central    Kogi         * Sorghum               N     309,507/MT  -0.01%
2026-08-20 07:03:58.790 | INFO     | __main__:run_zonal_forecast:493 -   North Central    Kogi         * Beans (white)         N     680,147/MT  -0.01%
2026-08-20 07:03:58.794 | INFO     | __main__:run_zonal_forecast:493 -   North Central    Kogi         * Maize (white)         N     352,258/MT  -0.08%
2026-08-20 07:03:58.798 | INFO     | __main__:run_zonal_forecast:493 -   North East       Adamawa      * Sesame                N   1,192,397/MT  -0.02%
2026-08-20 07:03:58.804 | INFO     | __main__:run_zonal_forecast:493 -   North East       Adamawa      * Ginger                N   7,744,076/MT  -0.01%
2026-08-20 07:03:58.808 | INFO     | __main__:run_zonal_forecast:493 -   North East       Adamawa      * Soybeans              N     695,824/MT  -0.01%
2026-08-20 07:03:58.811 | INFO     | __main__:run_zonal_forecast:493 -   North East       Adamawa      * Sorghum               N     295,902/MT  -0.01%
2026-08-20 07:03:58.817 | INFO     | __main__:run_zonal_forecast:493 -   North East       Adamawa      * Beans (white)         N     680,147/MT  -0.01%
2026-08-20 07:03:58.823 | INFO     | __main__:run_zonal_forecast:493 -   North East       Adamawa      * Maize (white)         N     344,430/MT  -0.08%
2026-08-20 07:03:58.845 | INFO     | __main__:run_zonal_forecast:493 -   North East       Borno        * Sesame                N   1,233,992/MT  -0.02%
2026-08-20 07:03:58.848 | INFO     | __main__:run_zonal_forecast:493 -   North East       Borno        * Sorghum               N     312,908/MT  -0.01%
2026-08-20 07:03:58.854 | INFO     | __main__:run_zonal_forecast:493 -   North East       Borno        * Beans (white)         N     783,648/MT  -0.01%
2026-08-20 07:03:58.859 | INFO     | __main__:run_zonal_forecast:493 -   North East       Borno        * Maize (white)         N     422,710/MT  -0.08%
2026-08-20 07:03:58.863 | INFO     | __main__:run_zonal_forecast:493 -   North East       Borno        * Wheat                 N   1,105,482/MT  -0.01%
2026-08-20 07:03:58.868 | INFO     | __main__:run_zonal_forecast:493 -   South West       Oyo          * Hibiscus              N   2,540,458/MT  -0.01%
2026-08-20 07:03:58.873 | INFO     | __main__:run_zonal_forecast:493 -   South West       Oyo          * Cocoa                 N   4,070,400/MT  +0.01%
2026-08-20 07:03:58.877 | INFO     | __main__:run_zonal_forecast:493 -   South West       Oyo          * Soybeans              N     813,098/MT  -0.01%
2026-08-20 07:03:58.888 | INFO     | __main__:run_zonal_forecast:493 -   South West       Oyo          * Cashew Nuts           N   1,621,805/MT  -0.02%
2026-08-20 07:03:58.903 | INFO     | __main__:run_zonal_forecast:493 -   South West       Oyo          * Beans (white)         N     813,219/MT  -0.01%
2026-08-20 07:03:58.908 | INFO     | __main__:run_zonal_forecast:493 -   South West       Oyo          * Maize (white)         N     422,710/MT  -0.08%
2026-08-20 07:03:58.915 | INFO     | __main__:run_zonal_forecast:493 -   South West       Lagos        * Hibiscus              N   2,836,433/MT  -0.01%
2026-08-20 07:03:58.937 | INFO     | __main__:run_zonal_forecast:493 -   South West       Lagos        * Sesame                N   1,636,079/MT  -0.02%
2026-08-20 07:03:58.945 | INFO     | __main__:run_zonal_forecast:493 -   South West       Lagos        * Cocoa                 N   4,939,362/MT  +0.01%
2026-08-20 07:03:58.949 | INFO     | __main__:run_zonal_forecast:493 -   South West       Lagos        * Soybeans              N     953,826/MT  -0.01%
2026-08-20 07:03:58.951 | INFO     | __main__:run_zonal_forecast:493 -   South West       Lagos        * Beans (white)         N     946,292/MT  -0.01%
2026-08-20 07:03:58.955 | INFO     | __main__:run_zonal_forecast:493 -   South West       Lagos        * Beans (red)           N   1,048,776/MT  -0.01%
2026-08-20 07:03:58.955 | INFO     | __main__:run_zonal_forecast:493 -   South West       Lagos        * Maize (white)         N     508,818/MT  -0.08%
2026-08-20 07:03:58.968 | INFO     | __main__:run_zonal_forecast:493 -   South West       Lagos        * Maize (yellow)        N     543,259/MT  -0.07%
2026-08-20 07:03:58.969 | INFO     | __main__:run_zonal_forecast:493 -   South East       Anambra      * Cocoa                 N   4,802,157/MT  +0.01%
2026-08-20 07:03:58.970 | INFO     | __main__:run_zonal_forecast:493 -   South East       Anambra      * Cashew Nuts           N   2,074,402/MT  -0.02%
2026-08-20 07:03:58.972 | INFO     | __main__:run_zonal_forecast:493 -   South East       Anambra      * Beans (white)         N     872,363/MT  -0.01%
2026-08-20 07:03:58.973 | INFO     | __main__:run_zonal_forecast:493 -   South East       Anambra      * Beans (red)           N     964,874/MT  -0.01%
2026-08-20 07:03:58.973 | INFO     | __main__:run_zonal_forecast:493 -   South East       Anambra      * Maize (white)         N     469,678/MT  -0.08%
2026-08-20 07:03:58.981 | INFO     | __main__:run_zonal_forecast:493 -   South East       Imo          * Cocoa                 N   4,161,869/MT  +0.01%
2026-08-20 07:03:58.984 | INFO     | __main__:run_zonal_forecast:493 -   South East       Imo          * Cashew Nuts           N   1,998,969/MT  -0.02%
2026-08-20 07:03:58.986 | INFO     | __main__:run_zonal_forecast:493 -   South East       Imo          * Beans (white)         N     850,184/MT  -0.01%
2026-08-20 07:03:58.990 | INFO     | __main__:run_zonal_forecast:493 -   South East       Imo          * Maize (white)         N     457,936/MT  -0.08%
2026-08-20 07:03:58.993 | INFO     | __main__:run_zonal_forecast:493 -   South South      Rivers       * Hibiscus              N   2,762,439/MT  -0.01%
2026-08-20 07:03:58.995 | INFO     | __main__:run_zonal_forecast:493 -   South South      Rivers       * Sesame                N   1,636,079/MT  -0.02%
2026-08-20 07:03:58.996 | INFO     | __main__:run_zonal_forecast:493 -   South South      Rivers       * Cocoa                 N   4,802,157/MT  +0.01%
2026-08-20 07:03:58.997 | INFO     | __main__:run_zonal_forecast:493 -   South South      Rivers       * Beans (white)         N     901,934/MT  -0.01%
2026-08-20 07:03:59.001 | INFO     | __main__:run_zonal_forecast:493 -   South South      Rivers       * Beans (red)           N   1,006,825/MT  -0.01%
2026-08-20 07:03:59.002 | INFO     | __main__:run_zonal_forecast:493 -   South South      Rivers       * Maize (white)         N     489,248/MT  -0.08%
2026-08-20 07:03:59.003 | INFO     | __main__:run_zonal_forecast:493 -   South South      Delta        * Hibiscus              N   2,663,781/MT  -0.01%
2026-08-20 07:03:59.009 | INFO     | __main__:run_zonal_forecast:493 -   South South      Delta        * Sesame                N   1,608,349/MT  -0.02%
2026-08-20 07:03:59.010 | INFO     | __main__:run_zonal_forecast:493 -   South South      Delta        * Cocoa                 N   4,253,339/MT  +0.01%
2026-08-20 07:03:59.014 | INFO     | __main__:run_zonal_forecast:493 -   South South      Delta        * Soybeans              N     891,280/MT  -0.01%
2026-08-20 07:03:59.017 | INFO     | __main__:run_zonal_forecast:493 -   South South      Delta        * Beans (white)         N     864,970/MT  -0.01%
2026-08-20 07:03:59.017 | INFO     | __main__:run_zonal_forecast:493 -   South South      Delta        * Maize (white)         N     469,678/MT  -0.08%
2026-08-20 07:03:59.404 | SUCCESS  | __main__:run_zonal_forecast:507 -   Zonal JSON  -> C:\Users\USER\Downloads\agrolinking-intel-structure\agrolinking-intel\outputs\forecasts\zonal\zonal_forecast_2026-08-20.json
2026-08-20 07:03:59.420 | SUCCESS  | __main__:run_zonal_forecast:513 -   Zonal alert -> C:\Users\USER\Downloads\agrolinking-intel-structure\agrolinking-intel\outputs\daily_alerts\alert_zonal_2026-08-20.txt
2026-08-20 07:03:59.420 | INFO     | __main__:run_zonal_forecast:515 - 
2026-08-20 07:03:59.420 | INFO     | __main__:run_zonal_forecast:516 - =================================================================
2026-08-20 07:03:59.420 | INFO     | __main__:run_zonal_forecast:518 -   ================================================
2026-08-20 07:03:59.424 | INFO     | __main__:run_zonal_forecast:518 -   AGROLINKING ZONAL COMMODITY INTELLIGENCE
2026-08-20 07:03:59.426 | INFO     | __main__:run_zonal_forecast:518 -   Date: Thursday, 20 August 2026
2026-08-20 07:03:59.426 | INFO     | __main__:run_zonal_forecast:518 -   6 Zones | 12 States | 12 Commodities
2026-08-20 07:03:59.427 | INFO     | __main__:run_zonal_forecast:518 -   ================================================
2026-08-20 07:03:59.427 | INFO     | __main__:run_zonal_forecast:518 -   
2026-08-20 07:03:59.427 | INFO     | __main__:run_zonal_forecast:518 -   NORTH WEST (Kano & Kaduna)
2026-08-20 07:03:59.427 | INFO     | __main__:run_zonal_forecast:518 -   Nigeria's main grain belt. Highest Maize, Sorghum, Sesame, Wheat production.
2026-08-20 07:03:59.427 | INFO     | __main__:run_zonal_forecast:518 -   
2026-08-20 07:03:59.427 | INFO     | __main__:run_zonal_forecast:518 -     Commodity           Kano                Kaduna            
2026-08-20 07:03:59.431 | INFO     | __main__:run_zonal_forecast:518 -     ------------------------------------------------------------
2026-08-20 07:03:59.431 | INFO     | __main__:run_zonal_forecast:518 -     Hibiscus                N2.343M    (-0.0%)    N2.294M    (-0.0%)
2026-08-20 07:03:59.432 | INFO     | __main__:run_zonal_forecast:518 -     Sesame                * N1.151M    (-0.0%)    N1.179M    (-0.0%)
2026-08-20 07:03:59.432 | INFO     | __main__:run_zonal_forecast:518 -     Ginger                  N9.144M    (-0.0%)  * N6.718M    (-0.0%)
2026-08-20 07:03:59.434 | INFO     | __main__:run_zonal_forecast:518 -     Cocoa                   N4.665M    (+0.0%)    N4.802M    (+0.0%)
2026-08-20 07:03:59.434 | INFO     | __main__:run_zonal_forecast:518 -     Soybeans                N704K      (-0.0%)  * N657K      (-0.0%)
2026-08-20 07:03:59.434 | INFO     | __main__:run_zonal_forecast:518 -     Cashew Nuts             N1.886M    (-0.0%)    N1.924M    (-0.0%)
2026-08-20 07:03:59.434 | INFO     | __main__:run_zonal_forecast:518 -     Sorghum               * N265K      (-0.0%)  * N272K      (-0.0%)
2026-08-20 07:03:59.438 | INFO     | __main__:run_zonal_forecast:518 -     Beans (white)         * N643K      (-0.0%)    N651K      (-0.0%)
2026-08-20 07:03:59.438 | INFO     | __main__:run_zonal_forecast:518 -     Beans (red)             N755K      (-0.0%)    N764K      (-0.0%)
2026-08-20 07:03:59.438 | INFO     | __main__:run_zonal_forecast:518 -     Maize (white)         * N313K      (-0.1%)  * N317K      (-0.1%)
2026-08-20 07:03:59.440 | INFO     | __main__:run_zonal_forecast:518 -     Maize (yellow)        * N334K      (-0.1%)  * N338K      (-0.1%)
2026-08-20 07:03:59.440 | INFO     | __main__:run_zonal_forecast:518 -     Wheat                 * N878K      (-0.0%)  * N859K      (-0.0%)
2026-08-20 07:03:59.440 | INFO     | __main__:run_zonal_forecast:518 -     Rice                    N1.278M    (+0.2%)    N1.251M    (+0.2%)
2026-08-20 07:03:59.442 | INFO     | __main__:run_zonal_forecast:518 -     Meat (beef)             N4.039M    (+0.0%)    N4.039M    (+0.0%)
2026-08-20 07:03:59.442 | INFO     | __main__:run_zonal_forecast:518 -     Meat (goat)             N5.962M    (-0.0%)    N5.962M    (-0.0%)
2026-08-20 07:03:59.442 | INFO     | __main__:run_zonal_forecast:518 -     Fish (dried)            N8.413M    (-0.0%)    N8.413M    (-0.0%)
2026-08-20 07:03:59.444 | INFO     | __main__:run_zonal_forecast:518 -     Eggs                    N7K        (-0.0%)    N7K        (-0.0%)
2026-08-20 07:03:59.444 | INFO     | __main__:run_zonal_forecast:518 -   
2026-08-20 07:03:59.445 | INFO     | __main__:run_zonal_forecast:518 -   NORTH CENTRAL (Plateau & Kogi)
2026-08-20 07:03:59.445 | INFO     | __main__:run_zonal_forecast:518 -   Middle Belt. Ginger heartland (Plateau), Cashew/Cocoa belt (Kogi).
2026-08-20 07:03:59.445 | INFO     | __main__:run_zonal_forecast:518 -   
2026-08-20 07:03:59.445 | INFO     | __main__:run_zonal_forecast:518 -     Commodity           Plateau             Kogi              
2026-08-20 07:03:59.449 | INFO     | __main__:run_zonal_forecast:518 -     ------------------------------------------------------------
2026-08-20 07:03:59.449 | INFO     | __main__:run_zonal_forecast:518 -     Hibiscus                N2.392M    (-0.0%)    N2.368M    (-0.0%)
2026-08-20 07:03:59.449 | INFO     | __main__:run_zonal_forecast:518 -     Sesame                  N1.331M    (-0.0%)    N1.345M    (-0.0%)
2026-08-20 07:03:59.449 | INFO     | __main__:run_zonal_forecast:518 -     Ginger                * N6.998M    (-0.0%)    N8.770M    (-0.0%)
2026-08-20 07:03:59.449 | INFO     | __main__:run_zonal_forecast:518 -     Cocoa                   N4.939M    (+0.0%)  * N4.025M    (+0.0%)
2026-08-20 07:03:59.449 | INFO     | __main__:run_zonal_forecast:518 -     Soybeans              * N649K      (-0.0%)  * N680K      (-0.0%)
2026-08-20 07:03:59.449 | INFO     | __main__:run_zonal_forecast:518 -     Cashew Nuts             N1.980M    (-0.0%)  * N1.509M    (-0.0%)
2026-08-20 07:03:59.449 | INFO     | __main__:run_zonal_forecast:518 -     Sorghum                 N313K      (-0.0%)  * N310K      (-0.0%)
2026-08-20 07:03:59.449 | INFO     | __main__:run_zonal_forecast:518 -     Beans (white)         * N665K      (-0.0%)  * N680K      (-0.0%)
2026-08-20 07:03:59.449 | INFO     | __main__:run_zonal_forecast:518 -     Beans (red)             N797K      (-0.0%)    N789K      (-0.0%)
2026-08-20 07:03:59.454 | INFO     | __main__:run_zonal_forecast:518 -     Maize (white)         * N341K      (-0.1%)  * N352K      (-0.1%)
2026-08-20 07:03:59.454 | INFO     | __main__:run_zonal_forecast:518 -     Maize (yellow)          N368K      (-0.1%)    N380K      (-0.1%)
2026-08-20 07:03:59.456 | INFO     | __main__:run_zonal_forecast:518 -     Wheat                 * N898K      (-0.0%)    N957K      (-0.0%)
2026-08-20 07:03:59.456 | INFO     | __main__:run_zonal_forecast:518 -     Rice                    N1.210M    (+0.2%)    N1.305M    (+0.2%)
2026-08-20 07:03:59.457 | INFO     | __main__:run_zonal_forecast:518 -     Meat (beef)             N4.410M    (+0.0%)    N4.410M    (+0.0%)
2026-08-20 07:03:59.457 | INFO     | __main__:run_zonal_forecast:518 -     Meat (goat)             N6.510M    (-0.0%)    N6.510M    (-0.0%)
2026-08-20 07:03:59.459 | INFO     | __main__:run_zonal_forecast:518 -     Fish (dried)            N9.187M    (-0.0%)    N9.187M    (-0.0%)
2026-08-20 07:03:59.459 | INFO     | __main__:run_zonal_forecast:518 -     Eggs                    N7K        (-0.0%)    N7K        (-0.0%)
2026-08-20 07:03:59.459 | INFO     | __main__:run_zonal_forecast:518 -   
2026-08-20 07:03:59.459 | INFO     | __main__:run_zonal_forecast:518 -   NORTH EAST (Adamawa & Borno)
2026-08-20 07:03:59.459 | INFO     | __main__:run_zonal_forecast:518 -   Semi-arid. Sorghum, Maize. Conflict premium on imports in Borno.
2026-08-20 07:03:59.459 | INFO     | __main__:run_zonal_forecast:518 -   
2026-08-20 07:03:59.462 | INFO     | __main__:run_zonal_forecast:518 -     Commodity           Adamawa             Borno             
2026-08-20 07:03:59.462 | INFO     | __main__:run_zonal_forecast:518 -     ------------------------------------------------------------
2026-08-20 07:03:59.462 | INFO     | __main__:run_zonal_forecast:518 -     Hibiscus                N2.417M    (-0.0%)    N2.590M    (-0.0%)
2026-08-20 07:03:59.464 | INFO     | __main__:run_zonal_forecast:518 -     Sesame                * N1.192M    (-0.0%)  * N1.234M    (-0.0%)
2026-08-20 07:03:59.464 | INFO     | __main__:run_zonal_forecast:518 -     Ginger                * N7.744M    (-0.0%)    N10.730M   (-0.0%)
2026-08-20 07:03:59.464 | INFO     | __main__:run_zonal_forecast:518 -     Cocoa                   N4.802M    (+0.0%)    N5.397M    (+0.0%)
2026-08-20 07:03:59.466 | INFO     | __main__:run_zonal_forecast:518 -     Soybeans              * N696K      (-0.0%)    N844K      (-0.0%)
2026-08-20 07:03:59.466 | INFO     | __main__:run_zonal_forecast:518 -     Cashew Nuts             N1.961M    (-0.0%)    N2.169M    (-0.0%)
2026-08-20 07:03:59.468 | INFO     | __main__:run_zonal_forecast:518 -     Sorghum               * N296K      (-0.0%)  * N313K      (-0.0%)
2026-08-20 07:03:59.468 | INFO     | __main__:run_zonal_forecast:518 -     Beans (white)         * N680K      (-0.0%)  * N784K      (-0.0%)
2026-08-20 07:03:59.468 | INFO     | __main__:run_zonal_forecast:518 -     Beans (red)             N797K      (-0.0%)    N923K      (-0.0%)
2026-08-20 07:03:59.468 | INFO     | __main__:run_zonal_forecast:518 -     Maize (white)         * N344K      (-0.1%)  * N423K      (-0.1%)
2026-08-20 07:03:59.471 | INFO     | __main__:run_zonal_forecast:518 -     Maize (yellow)          N372K      (-0.1%)    N451K      (-0.1%)
2026-08-20 07:03:59.471 | INFO     | __main__:run_zonal_forecast:518 -     Wheat                   N967K      (-0.0%)  * N1.105M    (-0.0%)
2026-08-20 07:03:59.471 | INFO     | __main__:run_zonal_forecast:518 -     Rice                    N1.372M    (+0.2%)    N1.479M    (+0.2%)
2026-08-20 07:03:59.473 | INFO     | __main__:run_zonal_forecast:518 -     Meat (beef)             N4.735M    (+0.0%)    N4.735M    (+0.0%)
2026-08-20 07:03:59.473 | INFO     | __main__:run_zonal_forecast:518 -     Meat (goat)             N6.990M    (-0.0%)    N6.990M    (-0.0%)
2026-08-20 07:03:59.473 | INFO     | __main__:run_zonal_forecast:518 -     Fish (dried)            N9.864M    (-0.0%)    N9.864M    (-0.0%)
2026-08-20 07:03:59.473 | INFO     | __main__:run_zonal_forecast:518 -     Eggs                    N8K        (-0.0%)    N8K        (-0.0%)
2026-08-20 07:03:59.473 | INFO     | __main__:run_zonal_forecast:518 -   
2026-08-20 07:03:59.475 | INFO     | __main__:run_zonal_forecast:518 -   SOUTH WEST (Oyo & Lagos)
2026-08-20 07:03:59.475 | INFO     | __main__:run_zonal_forecast:518 -   Commercial capital. Lagos is the price-setter for consumer markets.
2026-08-20 07:03:59.475 | INFO     | __main__:run_zonal_forecast:518 -   
2026-08-20 07:03:59.475 | INFO     | __main__:run_zonal_forecast:518 -     Commodity           Oyo                 Lagos             
2026-08-20 07:03:59.477 | INFO     | __main__:run_zonal_forecast:518 -     ------------------------------------------------------------
2026-08-20 07:03:59.477 | INFO     | __main__:run_zonal_forecast:518 -     Hibiscus              * N2.540M    (-0.0%)  * N2.836M    (-0.0%)
2026-08-20 07:03:59.477 | INFO     | __main__:run_zonal_forecast:518 -     Sesame                  N1.470M    (-0.0%)  * N1.636M    (-0.0%)
2026-08-20 07:03:59.478 | INFO     | __main__:run_zonal_forecast:518 -     Ginger                  N10.077M   (-0.0%)    N11.196M   (-0.0%)
2026-08-20 07:03:59.478 | INFO     | __main__:run_zonal_forecast:518 -     Cocoa                 * N4.070M    (+0.0%)  * N4.939M    (+0.0%)
2026-08-20 07:03:59.480 | INFO     | __main__:run_zonal_forecast:518 -     Soybeans              * N813K      (-0.0%)  * N954K      (-0.0%)
2026-08-20 07:03:59.480 | INFO     | __main__:run_zonal_forecast:518 -     Cashew Nuts           * N1.622M    (-0.0%)    N2.074M    (-0.0%)
2026-08-20 07:03:59.480 | INFO     | __main__:run_zonal_forecast:518 -     Sorghum                 N357K      (-0.0%)    N401K      (-0.0%)
2026-08-20 07:03:59.481 | INFO     | __main__:run_zonal_forecast:518 -     Beans (white)         * N813K      (-0.0%)  * N946K      (-0.0%)
2026-08-20 07:03:59.481 | INFO     | __main__:run_zonal_forecast:518 -     Beans (red)             N940K      (-0.0%)  * N1.049M    (-0.0%)
2026-08-20 07:03:59.481 | INFO     | __main__:run_zonal_forecast:518 -     Maize (white)         * N423K      (-0.1%)  * N509K      (-0.1%)
2026-08-20 07:03:59.481 | INFO     | __main__:run_zonal_forecast:518 -     Maize (yellow)          N451K      (-0.1%)  * N543K      (-0.1%)
2026-08-20 07:03:59.483 | INFO     | __main__:run_zonal_forecast:518 -     Wheat                   N1.086M    (-0.0%)    N1.135M    (-0.0%)
2026-08-20 07:03:59.483 | INFO     | __main__:run_zonal_forecast:518 -     Rice                    N1.452M    (+0.2%)    N1.587M    (+0.2%)
2026-08-20 07:03:59.483 | INFO     | __main__:run_zonal_forecast:518 -     Meat (beef)             N5.385M    (+0.0%)    N5.385M    (+0.0%)
2026-08-20 07:03:59.485 | INFO     | __main__:run_zonal_forecast:518 -     Meat (goat)             N7.949M    (-0.0%)    N7.949M    (-0.0%)
2026-08-20 07:03:59.485 | INFO     | __main__:run_zonal_forecast:518 -     Fish (dried)            N11.218M   (-0.0%)    N11.218M   (-0.0%)
2026-08-20 07:03:59.487 | INFO     | __main__:run_zonal_forecast:518 -     Eggs                    N9K        (-0.0%)    N9K        (-0.0%)
2026-08-20 07:03:59.487 | INFO     | __main__:run_zonal_forecast:518 -   
2026-08-20 07:03:59.487 | INFO     | __main__:run_zonal_forecast:518 -   SOUTH EAST (Anambra & Imo)
2026-08-20 07:03:59.487 | INFO     | __main__:run_zonal_forecast:518 -   High consumption, low production of traded commodities. Import-dependent.
2026-08-20 07:03:59.489 | INFO     | __main__:run_zonal_forecast:518 -   
2026-08-20 07:03:59.489 | INFO     | __main__:run_zonal_forecast:518 -     Commodity           Anambra             Imo               
2026-08-20 07:03:59.489 | INFO     | __main__:run_zonal_forecast:518 -     ------------------------------------------------------------
2026-08-20 07:03:59.489 | INFO     | __main__:run_zonal_forecast:518 -     Hibiscus                N2.762M    (-0.0%)    N2.713M    (-0.0%)
2026-08-20 07:03:59.491 | INFO     | __main__:run_zonal_forecast:518 -     Sesame                  N1.608M    (-0.0%)    N1.581M    (-0.0%)
2026-08-20 07:03:59.491 | INFO     | __main__:run_zonal_forecast:518 -     Ginger                  N10.730M   (-0.0%)    N10.450M   (-0.0%)
2026-08-20 07:03:59.491 | INFO     | __main__:run_zonal_forecast:518 -     Cocoa                 * N4.802M    (+0.0%)  * N4.162M    (+0.0%)
2026-08-20 07:03:59.491 | INFO     | __main__:run_zonal_forecast:518 -     Soybeans                N891K      (-0.0%)    N876K      (-0.0%)
2026-08-20 07:03:59.491 | INFO     | __main__:run_zonal_forecast:518 -     Cashew Nuts           * N2.074M    (-0.0%)  * N1.999M    (-0.0%)
2026-08-20 07:03:59.491 | INFO     | __main__:run_zonal_forecast:518 -     Sorghum                 N388K      (-0.0%)    N381K      (-0.0%)
2026-08-20 07:03:59.491 | INFO     | __main__:run_zonal_forecast:518 -     Beans (white)         * N872K      (-0.0%)  * N850K      (-0.0%)
2026-08-20 07:03:59.491 | INFO     | __main__:run_zonal_forecast:518 -     Beans (red)           * N965K      (-0.0%)    N948K      (-0.0%)
2026-08-20 07:03:59.491 | INFO     | __main__:run_zonal_forecast:518 -     Maize (white)         * N470K      (-0.1%)  * N458K      (-0.1%)
2026-08-20 07:03:59.491 | INFO     | __main__:run_zonal_forecast:518 -     Maize (yellow)          N501K      (-0.1%)    N489K      (-0.1%)
2026-08-20 07:03:59.491 | INFO     | __main__:run_zonal_forecast:518 -     Wheat                   N1.165M    (-0.0%)    N1.145M    (-0.0%)
2026-08-20 07:03:59.491 | INFO     | __main__:run_zonal_forecast:518 -     Rice                    N1.506M    (+0.2%)    N1.479M    (+0.2%)
2026-08-20 07:03:59.491 | INFO     | __main__:run_zonal_forecast:518 -     Meat (beef)             N5.246M    (+0.0%)    N5.246M    (+0.0%)
2026-08-20 07:03:59.497 | INFO     | __main__:run_zonal_forecast:518 -     Meat (goat)             N7.744M    (-0.0%)    N7.744M    (-0.0%)
2026-08-20 07:03:59.497 | INFO     | __main__:run_zonal_forecast:518 -     Fish (dried)            N10.928M   (-0.0%)    N10.928M   (-0.0%)
2026-08-20 07:03:59.497 | INFO     | __main__:run_zonal_forecast:518 -     Eggs                    N9K        (-0.0%)    N9K        (-0.0%)
2026-08-20 07:03:59.497 | INFO     | __main__:run_zonal_forecast:518 -   
2026-08-20 07:03:59.498 | INFO     | __main__:run_zonal_forecast:518 -   SOUTH SOUTH (Rivers & Delta)
2026-08-20 07:03:59.499 | INFO     | __main__:run_zonal_forecast:518 -   Oil belt. High purchasing power. Cocoa producer (Delta).
2026-08-20 07:03:59.499 | INFO     | __main__:run_zonal_forecast:518 -   
2026-08-20 07:03:59.499 | INFO     | __main__:run_zonal_forecast:518 -     Commodity           Rivers              Delta             
2026-08-20 07:03:59.501 | INFO     | __main__:run_zonal_forecast:518 -     ------------------------------------------------------------
2026-08-20 07:03:59.501 | INFO     | __main__:run_zonal_forecast:518 -     Hibiscus              * N2.762M    (-0.0%)  * N2.664M    (-0.0%)
2026-08-20 07:03:59.501 | INFO     | __main__:run_zonal_forecast:518 -     Sesame                * N1.636M    (-0.0%)  * N1.608M    (-0.0%)
2026-08-20 07:03:59.503 | INFO     | __main__:run_zonal_forecast:518 -     Ginger                  N11.196M   (-0.0%)    N10.730M   (-0.0%)
2026-08-20 07:03:59.503 | INFO     | __main__:run_zonal_forecast:518 -     Cocoa                 * N4.802M    (+0.0%)  * N4.253M    (+0.0%)
2026-08-20 07:03:59.503 | INFO     | __main__:run_zonal_forecast:518 -     Soybeans                N923K      (-0.0%)  * N891K      (-0.0%)
2026-08-20 07:03:59.505 | INFO     | __main__:run_zonal_forecast:518 -     Cashew Nuts             N2.169M    (-0.0%)    N2.074M    (-0.0%)
2026-08-20 07:03:59.505 | INFO     | __main__:run_zonal_forecast:518 -     Sorghum                 N408K      (-0.0%)    N401K      (-0.0%)
2026-08-20 07:03:59.506 | INFO     | __main__:run_zonal_forecast:518 -     Beans (white)         * N902K      (-0.0%)  * N865K      (-0.0%)
2026-08-20 07:03:59.506 | INFO     | __main__:run_zonal_forecast:518 -     Beans (red)           * N1.007M    (-0.0%)    N965K      (-0.0%)
2026-08-20 07:03:59.507 | INFO     | __main__:run_zonal_forecast:518 -     Maize (white)         * N489K      (-0.1%)  * N470K      (-0.1%)
2026-08-20 07:03:59.507 | INFO     | __main__:run_zonal_forecast:518 -     Maize (yellow)          N522K      (-0.1%)    N501K      (-0.1%)
2026-08-20 07:03:59.508 | INFO     | __main__:run_zonal_forecast:518 -     Wheat                   N1.204M    (-0.0%)    N1.184M    (-0.0%)
2026-08-20 07:03:59.508 | INFO     | __main__:run_zonal_forecast:518 -     Rice                    N1.547M    (+0.2%)    N1.506M    (+0.2%)
2026-08-20 07:03:59.508 | INFO     | __main__:run_zonal_forecast:518 -     Meat (beef)             N5.292M    (+0.0%)    N5.292M    (+0.0%)
2026-08-20 07:03:59.508 | INFO     | __main__:run_zonal_forecast:518 -     Meat (goat)             N7.812M    (-0.0%)    N7.812M    (-0.0%)
2026-08-20 07:03:59.508 | INFO     | __main__:run_zonal_forecast:518 -     Fish (dried)            N11.024M   (-0.0%)    N11.024M   (-0.0%)
2026-08-20 07:03:59.511 | INFO     | __main__:run_zonal_forecast:518 -     Eggs                    N9K        (-0.0%)    N9K        (-0.0%)
2026-08-20 07:03:59.511 | INFO     | __main__:run_zonal_forecast:518 -   
2026-08-20 07:03:59.511 | INFO     | __main__:run_zonal_forecast:518 -   ==========================================================
2026-08-20 07:03:59.511 | INFO     | __main__:run_zonal_forecast:518 -   * = primary commodity  (+/-%) = day-on-day change
2026-08-20 07:03:59.511 | INFO     | __main__:run_zonal_forecast:518 -   
2026-08-20 07:03:59.514 | INFO     | __main__:run_zonal_forecast:518 -   NATIONAL PRICE CHANGES TODAY:
2026-08-20 07:03:59.514 | INFO     | __main__:run_zonal_forecast:518 -     Commodity                   Price   Day Chg    vs Ref
2026-08-20 07:03:59.514 | INFO     | __main__:run_zonal_forecast:518 -     ------------------------------------------------------
2026-08-20 07:03:59.514 | INFO     | __main__:run_zonal_forecast:518 -     Hibiscus                  N2.466M    -0.01%    -1.34%
2026-08-20 07:03:59.514 | INFO     | __main__:run_zonal_forecast:518 -     Sesame                    N1.387M    -0.02%    -2.36%
2026-08-20 07:03:59.514 | INFO     | __main__:run_zonal_forecast:518 -     Ginger                    N9.330M    -0.01%    -0.74%
2026-08-20 07:03:59.514 | INFO     | __main__:run_zonal_forecast:518 -     Cocoa                     N4.573M    +0.01%    +1.63%
2026-08-20 07:03:59.514 | INFO     | __main__:run_zonal_forecast:518 -     Soybeans                    N782K    -0.01%    -1.03%
2026-08-20 07:03:59.517 | INFO     | __main__:run_zonal_forecast:518 -     Cashew Nuts               N1.886M    -0.02%    -2.29%
2026-08-20 07:03:59.517 | INFO     | __main__:run_zonal_forecast:518 -     Sorghum                     N340K    -0.01%    -1.42%
2026-08-20 07:03:59.517 | INFO     | __main__:run_zonal_forecast:518 -     Beans (white)               N739K    -0.01%    -1.43%
2026-08-20 07:03:59.517 | INFO     | __main__:run_zonal_forecast:518 -     Beans (red)                 N839K    -0.01%    -1.29%
2026-08-20 07:03:59.517 | INFO     | __main__:run_zonal_forecast:518 -     Maize (white)               N391K    -0.08%    -0.91%
2026-08-20 07:03:59.517 | INFO     | __main__:run_zonal_forecast:518 -     Maize (yellow)              N418K    -0.07%    -0.74%
2026-08-20 07:03:59.517 | INFO     | __main__:run_zonal_forecast:518 -     Wheat                       N987K    -0.01%    -1.30%
2026-08-20 07:03:59.521 | INFO     | __main__:run_zonal_forecast:518 -     Rice                      N1.345M    +0.17%    +1.88%
2026-08-20 07:03:59.521 | INFO     | __main__:run_zonal_forecast:518 -     Meat (beef)               N4.642M    +0.01%    +2.34%
2026-08-20 07:03:59.522 | INFO     | __main__:run_zonal_forecast:518 -     Meat (goat)               N6.853M    -0.01%    -2.10%
2026-08-20 07:03:59.522 | INFO     | __main__:run_zonal_forecast:518 -     Fish (dried)              N9.670M    -0.02%    -3.30%
2026-08-20 07:03:59.522 | INFO     | __main__:run_zonal_forecast:518 -     Eggs                          N8K    -0.02%    -2.64%
2026-08-20 07:03:59.522 | INFO     | __main__:run_zonal_forecast:518 -   
2026-08-20 07:03:59.522 | INFO     | __main__:run_zonal_forecast:518 -   BEST SOURCING NATIONALLY:
2026-08-20 07:03:59.522 | INFO     | __main__:run_zonal_forecast:518 -     Commodity              Best State           Price  Spread
2026-08-20 07:03:59.526 | INFO     | __main__:run_zonal_forecast:518 -     ------------------------------------------------------------
2026-08-20 07:03:59.528 | INFO     | __main__:run_zonal_forecast:518 -     Hibiscus               Kaduna             N2.294M  24% vs Lagos
2026-08-20 07:03:59.528 | INFO     | __main__:run_zonal_forecast:518 -     Sesame                 Kano               N1.151M  42% vs Lagos
2026-08-20 07:03:59.528 | INFO     | __main__:run_zonal_forecast:518 -     Ginger                 Kaduna             N6.718M  67% vs Lagos
2026-08-20 07:03:59.530 | INFO     | __main__:run_zonal_forecast:518 -     Cocoa                  Kogi               N4.025M  34% vs Borno
2026-08-20 07:03:59.530 | INFO     | __main__:run_zonal_forecast:518 -     Soybeans               Plateau              N649K  47% vs Lagos
2026-08-20 07:03:59.530 | INFO     | __main__:run_zonal_forecast:518 -     Cashew Nuts            Kogi               N1.509M  44% vs Borno
2026-08-20 07:03:59.532 | INFO     | __main__:run_zonal_forecast:518 -     Sorghum                Kano                 N265K  54% vs Rivers
2026-08-20 07:03:59.532 | INFO     | __main__:run_zonal_forecast:518 -     Beans (white)          Kano                 N643K  47% vs Lagos
2026-08-20 07:03:59.532 | INFO     | __main__:run_zonal_forecast:518 -     Beans (red)            Kano                 N755K  39% vs Lagos
2026-08-20 07:03:59.534 | INFO     | __main__:run_zonal_forecast:518 -     Maize (white)          Kano                 N313K  62% vs Lagos
2026-08-20 07:03:59.534 | INFO     | __main__:run_zonal_forecast:518 -     Maize (yellow)         Kano                 N334K  62% vs Lagos
2026-08-20 07:03:59.534 | INFO     | __main__:run_zonal_forecast:518 -     Wheat                  Kaduna               N859K  40% vs Rivers
2026-08-20 07:03:59.536 | INFO     | __main__:run_zonal_forecast:518 -     Rice                   Plateau            N1.210M  31% vs Lagos
2026-08-20 07:03:59.536 | INFO     | __main__:run_zonal_forecast:518 -     Meat (beef)            Kano               N4.039M  33% vs Oyo
2026-08-20 07:03:59.536 | INFO     | __main__:run_zonal_forecast:518 -     Meat (goat)            Kano               N5.962M  33% vs Oyo
2026-08-20 07:03:59.536 | INFO     | __main__:run_zonal_forecast:518 -     Fish (dried)           Kano               N8.413M  33% vs Oyo
2026-08-20 07:03:59.538 | INFO     | __main__:run_zonal_forecast:518 -     Eggs                   Kano                   N7K  33% vs Oyo
2026-08-20 07:03:59.539 | INFO     | __main__:run_zonal_forecast:518 -   
2026-08-20 07:03:59.539 | INFO     | __main__:run_zonal_forecast:518 -   ==========================================================
2026-08-20 07:03:59.539 | INFO     | __main__:run_zonal_forecast:518 -   Source: Agrolinking Intelligence Platform
2026-08-20 07:03:59.540 | INFO     | __main__:run_zonal_forecast:518 -   Next update: 21 Aug 2026
2026-08-20 07:03:59.540 | INFO     | __main__:run_zonal_forecast:519 - =================================================================
2026-08-20 07:03:59.540 | SUCCESS  | __main__:run_zonal_forecast:520 - ZONAL FORECASTING COMPLETE — 6 zones | 12 states | 17 commodities
