2026-07-29 08:09:17.052 | INFO     | __main__:run_zonal_forecast:464 - =================================================================
2026-07-29 08:09:17.067 | INFO     | __main__:run_zonal_forecast:465 - STEP 7 — ZONAL & STATE-LEVEL FORECASTING
2026-07-29 08:09:17.072 | INFO     | __main__:run_zonal_forecast:466 -   Date  : Wednesday, 29 July 2026  08:09
2026-07-29 08:09:17.075 | INFO     | __main__:run_zonal_forecast:467 -   Anchor: DAILY INTERPOLATED (from last_known_date, drifts daily)
2026-07-29 08:09:17.079 | INFO     | __main__:run_zonal_forecast:468 - =================================================================
2026-07-29 08:09:17.321 | INFO     | __main__:run_zonal_forecast:471 -   Source: forecast_validated_2026-07-29.json
2026-07-29 08:09:17.323 | INFO     | __main__:run_zonal_forecast:478 -   Maize (white): last_known=2026-07-29, days_elapsed=0
2026-07-29 08:09:17.325 | INFO     | __main__:run_zonal_forecast:478 -   Hibiscus: last_known=2026-07-29, days_elapsed=0
2026-07-29 08:09:17.325 | INFO     | __main__:run_zonal_forecast:478 -   Sesame: last_known=2026-07-29, days_elapsed=0
2026-07-29 08:09:17.327 | INFO     | __main__:build_zonal_output:285 - 
2026-07-29 08:09:17.327 | INFO     | __main__:build_zonal_output:286 -   NATIONAL ANCHORS (interpolated from last_known_date to today):
2026-07-29 08:09:17.329 | INFO     | __main__:build_zonal_output:287 -   Commodity                 Today Price   Day Chg    vs Ref  Source
2026-07-29 08:09:17.329 | INFO     | __main__:build_zonal_output:288 -   --------------------------------------------------------------------------------
2026-07-29 08:09:17.331 | DEBUG    | __main__:get_daily_price:116 -   last_known=2026-07-29, run=2026-07-29, elapsed=7d
2026-07-29 08:09:17.335 | DEBUG    | __main__:get_daily_price:82 -   last_known_date 2026-07-29 is in future. Capping to 7 days ago.
2026-07-29 08:09:17.337 | DEBUG    | __main__:get_daily_price:116 -   last_known=2026-07-29, run=2026-07-28, elapsed=7d
2026-07-29 08:09:17.339 | INFO     | __main__:build_zonal_output:318 -   Hibiscus               N   2,423,673    -0.08%   -1.07%  interp d7 (weekly series | -1.07% v
2026-07-29 08:09:17.339 | DEBUG    | __main__:get_daily_price:116 -   last_known=2026-07-29, run=2026-07-29, elapsed=7d
2026-07-29 08:09:17.344 | DEBUG    | __main__:get_daily_price:82 -   last_known_date 2026-07-29 is in future. Capping to 7 days ago.
2026-07-29 08:09:17.344 | DEBUG    | __main__:get_daily_price:116 -   last_known=2026-07-29, run=2026-07-28, elapsed=7d
2026-07-29 08:09:17.348 | INFO     | __main__:build_zonal_output:318 -   Sesame                 N   1,475,144    +0.07%  + +1.04%  interp d7 (weekly series | +1.04% v
2026-07-29 08:09:17.348 | DEBUG    | __main__:get_daily_price:116 -   last_known=2026-07-29, run=2026-07-29, elapsed=7d
2026-07-29 08:09:17.352 | DEBUG    | __main__:get_daily_price:82 -   last_known_date 2026-07-29 is in future. Capping to 7 days ago.
2026-07-29 08:09:17.354 | DEBUG    | __main__:get_daily_price:116 -   last_known=2026-07-29, run=2026-07-28, elapsed=7d
2026-07-29 08:09:17.357 | INFO     | __main__:build_zonal_output:318 -   Ginger                 N   9,851,782    +0.11%  + +1.56%  interp d7 (weekly series | +1.56% v
2026-07-29 08:09:17.357 | DEBUG    | __main__:get_daily_price:116 -   last_known=2026-07-29, run=2026-07-29, elapsed=7d
2026-07-29 08:09:17.363 | DEBUG    | __main__:get_daily_price:82 -   last_known_date 2026-07-29 is in future. Capping to 7 days ago.
2026-07-29 08:09:17.363 | DEBUG    | __main__:get_daily_price:116 -   last_known=2026-07-29, run=2026-07-28, elapsed=7d
2026-07-29 08:09:17.367 | INFO     | __main__:build_zonal_output:318 -   Cocoa                  N   4,762,801    +0.09%  + +1.34%  interp d7 (weekly series | +1.34% v
2026-07-29 08:09:17.369 | DEBUG    | __main__:get_daily_price:116 -   last_known=2026-07-29, run=2026-07-29, elapsed=7d
2026-07-29 08:09:17.371 | DEBUG    | __main__:get_daily_price:82 -   last_known_date 2026-07-29 is in future. Capping to 7 days ago.
2026-07-29 08:09:17.371 | DEBUG    | __main__:get_daily_price:116 -   last_known=2026-07-29, run=2026-07-28, elapsed=7d
2026-07-29 08:09:17.375 | INFO     | __main__:build_zonal_output:318 -   Soybeans               N     784,174    +0.04%  + +0.54%  interp d7 (weekly series | +0.54% v
2026-07-29 08:09:17.375 | DEBUG    | __main__:get_daily_price:116 -   last_known=2026-07-29, run=2026-07-29, elapsed=7d
2026-07-29 08:09:17.379 | DEBUG    | __main__:get_daily_price:82 -   last_known_date 2026-07-29 is in future. Capping to 7 days ago.
2026-07-29 08:09:17.381 | DEBUG    | __main__:get_daily_price:116 -   last_known=2026-07-29, run=2026-07-28, elapsed=7d
2026-07-29 08:09:17.383 | INFO     | __main__:build_zonal_output:318 -   Cashew Nuts            N   1,922,397    +0.08%  + +1.18%  interp d7 (weekly series | +1.18% v
2026-07-29 08:09:17.383 | DEBUG    | __main__:get_daily_price:116 -   last_known=2026-07-29, run=2026-07-29, elapsed=7d
2026-07-29 08:09:17.387 | DEBUG    | __main__:get_daily_price:82 -   last_known_date 2026-07-29 is in future. Capping to 7 days ago.
2026-07-29 08:09:17.387 | DEBUG    | __main__:get_daily_price:116 -   last_known=2026-07-29, run=2026-07-28, elapsed=7d
2026-07-29 08:09:17.390 | INFO     | __main__:build_zonal_output:318 -   Sorghum                N     357,685    +0.05%  + +0.76%  interp d7 (weekly series | +0.76% v
2026-07-29 08:09:17.390 | DEBUG    | __main__:get_daily_price:116 -   last_known=2026-07-29, run=2026-07-29, elapsed=7d
2026-07-29 08:09:17.394 | DEBUG    | __main__:get_daily_price:82 -   last_known_date 2026-07-29 is in future. Capping to 7 days ago.
2026-07-29 08:09:17.394 | DEBUG    | __main__:get_daily_price:116 -   last_known=2026-07-29, run=2026-07-28, elapsed=7d
2026-07-29 08:09:17.399 | INFO     | __main__:build_zonal_output:318 -   Beans (white)          N     761,449    +0.11%  + +1.53%  interp d7 (weekly series | +1.53% v
2026-07-29 08:09:17.399 | DEBUG    | __main__:get_daily_price:116 -   last_known=2026-07-29, run=2026-07-29, elapsed=7d
2026-07-29 08:09:17.403 | DEBUG    | __main__:get_daily_price:82 -   last_known_date 2026-07-29 is in future. Capping to 7 days ago.
2026-07-29 08:09:17.403 | DEBUG    | __main__:get_daily_price:116 -   last_known=2026-07-29, run=2026-07-28, elapsed=7d
2026-07-29 08:09:17.413 | INFO     | __main__:build_zonal_output:318 -   Beans (red)            N     843,347    -0.06%   -0.78%  interp d7 (weekly series | -0.78% v
2026-07-29 08:09:17.414 | DEBUG    | __main__:get_daily_price:116 -   last_known=2026-07-29, run=2026-07-29, elapsed=7d
2026-07-29 08:09:17.416 | DEBUG    | __main__:get_daily_price:82 -   last_known_date 2026-07-29 is in future. Capping to 7 days ago.
2026-07-29 08:09:17.416 | DEBUG    | __main__:get_daily_price:116 -   last_known=2026-07-29, run=2026-07-28, elapsed=7d
2026-07-29 08:09:17.418 | INFO     | __main__:build_zonal_output:318 -   Maize (white)          N     391,622    -0.06%   -0.86%  interp d7 (weekly series | -0.86% v
2026-07-29 08:09:17.420 | DEBUG    | __main__:get_daily_price:116 -   last_known=2026-07-29, run=2026-07-29, elapsed=7d
2026-07-29 08:09:17.423 | DEBUG    | __main__:get_daily_price:82 -   last_known_date 2026-07-29 is in future. Capping to 7 days ago.
2026-07-29 08:09:17.425 | DEBUG    | __main__:get_daily_price:116 -   last_known=2026-07-29, run=2026-07-28, elapsed=7d
2026-07-29 08:09:17.427 | INFO     | __main__:build_zonal_output:318 -   Maize (yellow)         N     419,301    -0.03%   -0.40%  interp d7 (weekly series | -0.40% v
2026-07-29 08:09:17.427 | DEBUG    | __main__:get_daily_price:116 -   last_known=2026-07-29, run=2026-07-29, elapsed=7d
2026-07-29 08:09:17.433 | DEBUG    | __main__:get_daily_price:82 -   last_known_date 2026-07-29 is in future. Capping to 7 days ago.
2026-07-29 08:09:17.433 | DEBUG    | __main__:get_daily_price:116 -   last_known=2026-07-29, run=2026-07-28, elapsed=7d
2026-07-29 08:09:17.434 | INFO     | __main__:build_zonal_output:318 -   Wheat                  N     986,221    -0.10%   -1.38%  interp d7 (weekly series | -1.38% v
2026-07-29 08:09:17.436 | DEBUG    | __main__:get_daily_price:116 -   last_known=2026-07-29, run=2026-07-29, elapsed=7d
2026-07-29 08:09:17.440 | DEBUG    | __main__:get_daily_price:82 -   last_known_date 2026-07-29 is in future. Capping to 7 days ago.
2026-07-29 08:09:17.440 | DEBUG    | __main__:get_daily_price:116 -   last_known=2026-07-29, run=2026-07-28, elapsed=7d
2026-07-29 08:09:17.442 | INFO     | __main__:build_zonal_output:318 -   Rice                   N   1,336,893    +0.09%  + +1.28%  interp d7 (weekly series | +1.28% v
2026-07-29 08:09:17.442 | DEBUG    | __main__:get_daily_price:116 -   last_known=2026-07-29, run=2026-07-29, elapsed=7d
2026-07-29 08:09:17.446 | DEBUG    | __main__:get_daily_price:82 -   last_known_date 2026-07-29 is in future. Capping to 7 days ago.
2026-07-29 08:09:17.446 | DEBUG    | __main__:get_daily_price:116 -   last_known=2026-07-29, run=2026-07-28, elapsed=7d
2026-07-29 08:09:17.448 | INFO     | __main__:build_zonal_output:318 -   Eggs                   N       7,865    -0.05%   -0.69%  interp d7 (weekly series | -0.69% v
2026-07-29 08:09:17.450 | DEBUG    | __main__:get_daily_price:116 -   last_known=2026-07-29, run=2026-07-29, elapsed=7d
2026-07-29 08:09:17.454 | DEBUG    | __main__:get_daily_price:82 -   last_known_date 2026-07-29 is in future. Capping to 7 days ago.
2026-07-29 08:09:17.454 | DEBUG    | __main__:get_daily_price:116 -   last_known=2026-07-29, run=2026-07-28, elapsed=7d
2026-07-29 08:09:17.456 | INFO     | __main__:build_zonal_output:318 -   Fish (dried)           N   2,937,329    -0.07%   -1.03%  interp d7 (weekly series | -1.03% v
2026-07-29 08:09:17.458 | DEBUG    | __main__:get_daily_price:116 -   last_known=2026-07-29, run=2026-07-29, elapsed=7d
2026-07-29 08:09:17.460 | DEBUG    | __main__:get_daily_price:82 -   last_known_date 2026-07-29 is in future. Capping to 7 days ago.
2026-07-29 08:09:17.460 | DEBUG    | __main__:get_daily_price:116 -   last_known=2026-07-29, run=2026-07-28, elapsed=7d
2026-07-29 08:09:17.464 | INFO     | __main__:build_zonal_output:318 -   Meat (goat)            N   4,913,140    +0.08%  + +1.09%  interp d7 (weekly series | +1.09% v
2026-07-29 08:09:17.464 | DEBUG    | __main__:get_daily_price:116 -   last_known=2026-07-29, run=2026-07-29, elapsed=7d
2026-07-29 08:09:17.468 | DEBUG    | __main__:get_daily_price:82 -   last_known_date 2026-07-29 is in future. Capping to 7 days ago.
2026-07-29 08:09:17.468 | DEBUG    | __main__:get_daily_price:116 -   last_known=2026-07-29, run=2026-07-28, elapsed=7d
2026-07-29 08:09:17.472 | INFO     | __main__:build_zonal_output:318 -   Meat (beef)            N   4,590,662    +0.09%  + +1.21%  interp d7 (weekly series | +1.21% v
2026-07-29 08:09:17.474 | INFO     | __main__:build_zonal_output:321 - 
2026-07-29 08:09:17.597 | INFO     | __main__:run_zonal_forecast:484 - 
2026-07-29 08:09:17.599 | INFO     | __main__:run_zonal_forecast:485 -   Zone             State        Commodity                 State Price  Day Chg
2026-07-29 08:09:17.599 | INFO     | __main__:run_zonal_forecast:486 -   ------------------------------------------------------------------------
2026-07-29 08:09:17.599 | INFO     | __main__:run_zonal_forecast:493 -   North West       Kano         * Sesame                N   1,224,369/MT  +0.07%
2026-07-29 08:09:17.602 | INFO     | __main__:run_zonal_forecast:493 -   North West       Kano         * Sorghum               N     278,994/MT  +0.05%
2026-07-29 08:09:17.602 | INFO     | __main__:run_zonal_forecast:493 -   North West       Kano         * Beans (white)         N     662,461/MT  +0.11%
2026-07-29 08:09:17.604 | INFO     | __main__:run_zonal_forecast:493 -   North West       Kano         * Maize (white)         N     313,298/MT  -0.06%
2026-07-29 08:09:17.604 | INFO     | __main__:run_zonal_forecast:493 -   North West       Kano         * Maize (yellow)        N     335,440/MT  -0.03%
2026-07-29 08:09:17.606 | INFO     | __main__:run_zonal_forecast:493 -   North West       Kano         * Wheat                 N     877,737/MT  -0.10%
2026-07-29 08:09:17.608 | INFO     | __main__:run_zonal_forecast:493 -   North West       Kaduna       * Ginger                N   7,093,283/MT  +0.11%
2026-07-29 08:09:17.610 | INFO     | __main__:run_zonal_forecast:493 -   North West       Kaduna       * Soybeans              N     658,706/MT  +0.04%
2026-07-29 08:09:17.610 | INFO     | __main__:run_zonal_forecast:493 -   North West       Kaduna       * Sorghum               N     286,148/MT  +0.05%
2026-07-29 08:09:17.612 | INFO     | __main__:run_zonal_forecast:493 -   North West       Kaduna       * Maize (white)         N     317,214/MT  -0.06%
2026-07-29 08:09:17.614 | INFO     | __main__:run_zonal_forecast:493 -   North West       Kaduna       * Maize (yellow)        N     339,633/MT  -0.03%
2026-07-29 08:09:17.614 | INFO     | __main__:run_zonal_forecast:493 -   North West       Kaduna       * Wheat                 N     858,012/MT  -0.10%
2026-07-29 08:09:17.614 | INFO     | __main__:run_zonal_forecast:493 -   North West       Kaduna       * Rice                  N   1,243,310/MT  +0.09%
2026-07-29 08:09:17.616 | INFO     | __main__:run_zonal_forecast:493 -   North Central    Plateau      * Ginger                N   7,388,836/MT  +0.11%
2026-07-29 08:09:17.616 | INFO     | __main__:run_zonal_forecast:493 -   North Central    Plateau      * Soybeans              N     650,864/MT  +0.04%
2026-07-29 08:09:17.618 | INFO     | __main__:run_zonal_forecast:493 -   North Central    Plateau      * Beans (white)         N     685,304/MT  +0.11%
2026-07-29 08:09:17.620 | INFO     | __main__:run_zonal_forecast:493 -   North Central    Plateau      * Maize (white)         N     340,711/MT  -0.06%
2026-07-29 08:09:17.620 | INFO     | __main__:run_zonal_forecast:493 -   North Central    Plateau      * Wheat                 N     897,461/MT  -0.10%
2026-07-29 08:09:17.622 | INFO     | __main__:run_zonal_forecast:493 -   North Central    Plateau      * Rice                  N   1,203,203/MT  +0.09%
2026-07-29 08:09:17.622 | INFO     | __main__:run_zonal_forecast:493 -   North Central    Kogi         * Cocoa                 N   4,191,265/MT  +0.09%
2026-07-29 08:09:17.624 | INFO     | __main__:run_zonal_forecast:493 -   North Central    Kogi         * Soybeans              N     682,231/MT  +0.04%
2026-07-29 08:09:17.624 | INFO     | __main__:run_zonal_forecast:493 -   North Central    Kogi         * Cashew Nuts           N   1,537,918/MT  +0.08%
2026-07-29 08:09:17.624 | INFO     | __main__:run_zonal_forecast:493 -   North Central    Kogi         * Sorghum               N     325,493/MT  +0.05%
2026-07-29 08:09:17.627 | INFO     | __main__:run_zonal_forecast:493 -   North Central    Kogi         * Beans (white)         N     700,533/MT  +0.11%
2026-07-29 08:09:17.627 | INFO     | __main__:run_zonal_forecast:493 -   North Central    Kogi         * Maize (white)         N     352,460/MT  -0.06%
2026-07-29 08:09:17.629 | INFO     | __main__:run_zonal_forecast:493 -   North East       Adamawa      * Sesame                N   1,268,624/MT  +0.07%
2026-07-29 08:09:17.629 | INFO     | __main__:run_zonal_forecast:493 -   North East       Adamawa      * Ginger                N   8,176,979/MT  +0.11%
2026-07-29 08:09:17.629 | INFO     | __main__:run_zonal_forecast:493 -   North East       Adamawa      * Soybeans              N     697,915/MT  +0.04%
2026-07-29 08:09:17.631 | INFO     | __main__:run_zonal_forecast:493 -   North East       Adamawa      * Sorghum               N     311,186/MT  +0.05%
2026-07-29 08:09:17.632 | INFO     | __main__:run_zonal_forecast:493 -   North East       Adamawa      * Beans (white)         N     700,533/MT  +0.11%
2026-07-29 08:09:17.632 | INFO     | __main__:run_zonal_forecast:493 -   North East       Adamawa      * Maize (white)         N     344,627/MT  -0.06%
2026-07-29 08:09:17.634 | INFO     | __main__:run_zonal_forecast:493 -   North East       Borno        * Sesame                N   1,312,878/MT  +0.07%
2026-07-29 08:09:17.634 | INFO     | __main__:run_zonal_forecast:493 -   North East       Borno        * Sorghum               N     329,070/MT  +0.05%
2026-07-29 08:09:17.636 | INFO     | __main__:run_zonal_forecast:493 -   North East       Borno        * Beans (white)         N     807,136/MT  +0.11%
2026-07-29 08:09:17.636 | INFO     | __main__:run_zonal_forecast:493 -   North East       Borno        * Maize (white)         N     422,952/MT  -0.06%
2026-07-29 08:09:17.638 | INFO     | __main__:run_zonal_forecast:493 -   North East       Borno        * Wheat                 N   1,104,567/MT  -0.10%
2026-07-29 08:09:17.640 | INFO     | __main__:run_zonal_forecast:493 -   South West       Oyo          * Hibiscus              N   2,496,383/MT  -0.08%
2026-07-29 08:09:17.640 | INFO     | __main__:run_zonal_forecast:493 -   South West       Oyo          * Cocoa                 N   4,238,893/MT  +0.09%
2026-07-29 08:09:17.640 | INFO     | __main__:run_zonal_forecast:493 -   South West       Oyo          * Soybeans              N     815,541/MT  +0.04%
2026-07-29 08:09:17.642 | INFO     | __main__:run_zonal_forecast:493 -   South West       Oyo          * Cashew Nuts           N   1,653,261/MT  +0.08%
2026-07-29 08:09:17.642 | INFO     | __main__:run_zonal_forecast:493 -   South West       Oyo          * Beans (white)         N     837,594/MT  +0.11%
2026-07-29 08:09:17.645 | INFO     | __main__:run_zonal_forecast:493 -   South West       Oyo          * Maize (white)         N     422,952/MT  -0.06%
2026-07-29 08:09:17.647 | INFO     | __main__:run_zonal_forecast:493 -   South West       Lagos        * Hibiscus              N   2,787,224/MT  -0.08%
2026-07-29 08:09:17.649 | INFO     | __main__:run_zonal_forecast:493 -   South West       Lagos        * Sesame                N   1,740,670/MT  +0.07%
2026-07-29 08:09:17.649 | INFO     | __main__:run_zonal_forecast:493 -   South West       Lagos        * Cocoa                 N   5,143,825/MT  +0.09%
2026-07-29 08:09:17.649 | INFO     | __main__:run_zonal_forecast:493 -   South West       Lagos        * Soybeans              N     956,692/MT  +0.04%
2026-07-29 08:09:17.651 | INFO     | __main__:run_zonal_forecast:493 -   South West       Lagos        * Beans (white)         N     974,655/MT  +0.11%
2026-07-29 08:09:17.651 | INFO     | __main__:run_zonal_forecast:493 -   South West       Lagos        * Beans (red)           N   1,054,184/MT  -0.06%
2026-07-29 08:09:17.651 | INFO     | __main__:run_zonal_forecast:493 -   South West       Lagos        * Maize (white)         N     509,109/MT  -0.06%
2026-07-29 08:09:17.653 | INFO     | __main__:run_zonal_forecast:493 -   South West       Lagos        * Maize (yellow)        N     545,091/MT  -0.03%
2026-07-29 08:09:17.655 | INFO     | __main__:run_zonal_forecast:493 -   South East       Anambra      * Cocoa                 N   5,000,941/MT  +0.09%
2026-07-29 08:09:17.655 | INFO     | __main__:run_zonal_forecast:493 -   South East       Anambra      * Cashew Nuts           N   2,114,637/MT  +0.08%
2026-07-29 08:09:17.655 | INFO     | __main__:run_zonal_forecast:493 -   South East       Anambra      * Beans (white)         N     898,510/MT  +0.11%
2026-07-29 08:09:17.657 | INFO     | __main__:run_zonal_forecast:493 -   South East       Anambra      * Beans (red)           N     969,849/MT  -0.06%
2026-07-29 08:09:17.657 | INFO     | __main__:run_zonal_forecast:493 -   South East       Anambra      * Maize (white)         N     469,946/MT  -0.06%
2026-07-29 08:09:17.659 | INFO     | __main__:run_zonal_forecast:493 -   South East       Imo          * Cocoa                 N   4,334,149/MT  +0.09%
2026-07-29 08:09:17.659 | INFO     | __main__:run_zonal_forecast:493 -   South East       Imo          * Cashew Nuts           N   2,037,741/MT  +0.08%
2026-07-29 08:09:17.661 | INFO     | __main__:run_zonal_forecast:493 -   South East       Imo          * Beans (white)         N     875,667/MT  +0.11%
2026-07-29 08:09:17.661 | INFO     | __main__:run_zonal_forecast:493 -   South East       Imo          * Maize (white)         N     458,198/MT  -0.06%
2026-07-29 08:09:17.664 | INFO     | __main__:run_zonal_forecast:493 -   South South      Rivers       * Hibiscus              N   2,714,514/MT  -0.08%
2026-07-29 08:09:17.664 | INFO     | __main__:run_zonal_forecast:493 -   South South      Rivers       * Sesame                N   1,740,670/MT  +0.07%
2026-07-29 08:09:17.664 | INFO     | __main__:run_zonal_forecast:493 -   South South      Rivers       * Cocoa                 N   5,000,941/MT  +0.09%
2026-07-29 08:09:17.665 | INFO     | __main__:run_zonal_forecast:493 -   South South      Rivers       * Beans (white)         N     928,968/MT  +0.11%
2026-07-29 08:09:17.667 | INFO     | __main__:run_zonal_forecast:493 -   South South      Rivers       * Beans (red)           N   1,012,017/MT  -0.06%
2026-07-29 08:09:17.667 | INFO     | __main__:run_zonal_forecast:493 -   South South      Rivers       * Maize (white)         N     489,527/MT  -0.06%
2026-07-29 08:09:17.669 | INFO     | __main__:run_zonal_forecast:493 -   South South      Delta        * Hibiscus              N   2,617,567/MT  -0.08%
2026-07-29 08:09:17.669 | INFO     | __main__:run_zonal_forecast:493 -   South South      Delta        * Sesame                N   1,711,167/MT  +0.07%
2026-07-29 08:09:17.671 | INFO     | __main__:run_zonal_forecast:493 -   South South      Delta        * Cocoa                 N   4,429,405/MT  +0.09%
2026-07-29 08:09:17.674 | INFO     | __main__:run_zonal_forecast:493 -   South South      Delta        * Soybeans              N     893,958/MT  +0.04%
2026-07-29 08:09:17.674 | INFO     | __main__:run_zonal_forecast:493 -   South South      Delta        * Beans (white)         N     890,896/MT  +0.11%
2026-07-29 08:09:17.674 | INFO     | __main__:run_zonal_forecast:493 -   South South      Delta        * Maize (white)         N     469,946/MT  -0.06%
2026-07-29 08:09:18.621 | SUCCESS  | __main__:run_zonal_forecast:507 -   Zonal JSON  -> C:\Users\USER\Downloads\agrolinking-intel-structure\agrolinking-intel\outputs\forecasts\zonal\zonal_forecast_2026-07-29.json
2026-07-29 08:09:18.629 | SUCCESS  | __main__:run_zonal_forecast:513 -   Zonal alert -> C:\Users\USER\Downloads\agrolinking-intel-structure\agrolinking-intel\outputs\daily_alerts\alert_zonal_2026-07-29.txt
2026-07-29 08:09:18.629 | INFO     | __main__:run_zonal_forecast:515 - 
2026-07-29 08:09:18.629 | INFO     | __main__:run_zonal_forecast:516 - =================================================================
2026-07-29 08:09:18.631 | INFO     | __main__:run_zonal_forecast:518 -   ================================================
2026-07-29 08:09:18.631 | INFO     | __main__:run_zonal_forecast:518 -   AGROLINKING ZONAL COMMODITY INTELLIGENCE
2026-07-29 08:09:18.633 | INFO     | __main__:run_zonal_forecast:518 -   Date: Wednesday, 29 July 2026
2026-07-29 08:09:18.633 | INFO     | __main__:run_zonal_forecast:518 -   6 Zones | 12 States | 12 Commodities
2026-07-29 08:09:18.634 | INFO     | __main__:run_zonal_forecast:518 -   ================================================
2026-07-29 08:09:18.634 | INFO     | __main__:run_zonal_forecast:518 -   
2026-07-29 08:09:18.634 | INFO     | __main__:run_zonal_forecast:518 -   NORTH WEST (Kano & Kaduna)
2026-07-29 08:09:18.636 | INFO     | __main__:run_zonal_forecast:518 -   Nigeria's main grain belt. Highest Maize, Sorghum, Sesame, Wheat production.
2026-07-29 08:09:18.636 | INFO     | __main__:run_zonal_forecast:518 -   
2026-07-29 08:09:18.638 | INFO     | __main__:run_zonal_forecast:518 -     Commodity           Kano                Kaduna            
2026-07-29 08:09:18.638 | INFO     | __main__:run_zonal_forecast:518 -     ------------------------------------------------------------
2026-07-29 08:09:18.638 | INFO     | __main__:run_zonal_forecast:518 -     Hibiscus                N2.302M    (-0.1%)    N2.254M    (-0.1%)
2026-07-29 08:09:18.640 | INFO     | __main__:run_zonal_forecast:518 -     Sesame                * N1.224M    (+0.1%)    N1.254M    (+0.1%)
2026-07-29 08:09:18.642 | INFO     | __main__:run_zonal_forecast:518 -     Ginger                  N9.655M    (+0.1%)  * N7.093M    (+0.1%)
2026-07-29 08:09:18.644 | INFO     | __main__:run_zonal_forecast:518 -     Cocoa                   N4.858M    (+0.1%)    N5.001M    (+0.1%)
2026-07-29 08:09:18.644 | INFO     | __main__:run_zonal_forecast:518 -     Soybeans                N706K      (+0.0%)  * N659K      (+0.0%)
2026-07-29 08:09:18.644 | INFO     | __main__:run_zonal_forecast:518 -     Cashew Nuts             N1.922M    (+0.1%)    N1.961M    (+0.1%)
2026-07-29 08:09:18.646 | INFO     | __main__:run_zonal_forecast:518 -     Sorghum               * N279K      (+0.1%)  * N286K      (+0.1%)
2026-07-29 08:09:18.646 | INFO     | __main__:run_zonal_forecast:518 -     Beans (white)         * N662K      (+0.1%)    N670K      (+0.1%)
2026-07-29 08:09:18.646 | INFO     | __main__:run_zonal_forecast:518 -     Beans (red)             N759K      (-0.1%)    N767K      (-0.1%)
2026-07-29 08:09:18.646 | INFO     | __main__:run_zonal_forecast:518 -     Maize (white)         * N313K      (-0.1%)  * N317K      (-0.1%)
2026-07-29 08:09:18.651 | INFO     | __main__:run_zonal_forecast:518 -     Maize (yellow)        * N335K      (-0.0%)  * N340K      (-0.0%)
2026-07-29 08:09:18.651 | INFO     | __main__:run_zonal_forecast:518 -     Wheat                 * N878K      (-0.1%)  * N858K      (-0.1%)
2026-07-29 08:09:18.653 | INFO     | __main__:run_zonal_forecast:518 -     Rice                    N1.270M    (+0.1%)  * N1.243M    (+0.1%)
2026-07-29 08:09:18.653 | INFO     | __main__:run_zonal_forecast:518 -     Eggs                    N7K        (-0.1%)    N7K        (-0.1%)
2026-07-29 08:09:18.655 | INFO     | __main__:run_zonal_forecast:518 -     Fish (dried)            N3.231M    (-0.1%)    N3.172M    (-0.1%)
2026-07-29 08:09:18.655 | INFO     | __main__:run_zonal_forecast:518 -     Meat (goat)             N4.274M    (+0.1%)    N4.373M    (+0.1%)
2026-07-29 08:09:18.659 | INFO     | __main__:run_zonal_forecast:518 -     Meat (beef)             N4.040M    (+0.1%)    N4.132M    (+0.1%)
2026-07-29 08:09:18.661 | INFO     | __main__:run_zonal_forecast:518 -   
2026-07-29 08:09:18.661 | INFO     | __main__:run_zonal_forecast:518 -   NORTH CENTRAL (Plateau & Kogi)
2026-07-29 08:09:18.663 | INFO     | __main__:run_zonal_forecast:518 -   Middle Belt. Ginger heartland (Plateau), Cashew/Cocoa belt (Kogi).
2026-07-29 08:09:18.663 | INFO     | __main__:run_zonal_forecast:518 -   
2026-07-29 08:09:18.665 | INFO     | __main__:run_zonal_forecast:518 -     Commodity           Plateau             Kogi              
2026-07-29 08:09:18.666 | INFO     | __main__:run_zonal_forecast:518 -     ------------------------------------------------------------
2026-07-29 08:09:18.666 | INFO     | __main__:run_zonal_forecast:518 -     Hibiscus                N2.351M    (-0.1%)    N2.327M    (-0.1%)
2026-07-29 08:09:18.668 | INFO     | __main__:run_zonal_forecast:518 -     Sesame                  N1.416M    (+0.1%)    N1.431M    (+0.1%)
2026-07-29 08:09:18.668 | INFO     | __main__:run_zonal_forecast:518 -     Ginger                * N7.389M    (+0.1%)    N9.261M    (+0.1%)
2026-07-29 08:09:18.673 | INFO     | __main__:run_zonal_forecast:518 -     Cocoa                   N5.144M    (+0.1%)  * N4.191M    (+0.1%)
2026-07-29 08:09:18.673 | INFO     | __main__:run_zonal_forecast:518 -     Soybeans              * N651K      (+0.0%)  * N682K      (+0.0%)
2026-07-29 08:09:18.673 | INFO     | __main__:run_zonal_forecast:518 -     Cashew Nuts             N2.019M    (+0.1%)  * N1.538M    (+0.1%)
2026-07-29 08:09:18.675 | INFO     | __main__:run_zonal_forecast:518 -     Sorghum                 N329K      (+0.1%)  * N325K      (+0.1%)
2026-07-29 08:09:18.675 | INFO     | __main__:run_zonal_forecast:518 -     Beans (white)         * N685K      (+0.1%)  * N701K      (+0.1%)
2026-07-29 08:09:18.679 | INFO     | __main__:run_zonal_forecast:518 -     Beans (red)             N801K      (-0.1%)    N793K      (-0.1%)
2026-07-29 08:09:18.681 | INFO     | __main__:run_zonal_forecast:518 -     Maize (white)         * N341K      (-0.1%)  * N352K      (-0.1%)
2026-07-29 08:09:18.681 | INFO     | __main__:run_zonal_forecast:518 -     Maize (yellow)          N369K      (-0.0%)    N382K      (-0.0%)
2026-07-29 08:09:18.683 | INFO     | __main__:run_zonal_forecast:518 -     Wheat                 * N897K      (-0.1%)    N957K      (-0.1%)
2026-07-29 08:09:18.683 | INFO     | __main__:run_zonal_forecast:518 -     Rice                  * N1.203M    (+0.1%)    N1.297M    (+0.1%)
2026-07-29 08:09:18.683 | INFO     | __main__:run_zonal_forecast:518 -     Eggs                    N7K        (-0.1%)    N8K        (-0.1%)
2026-07-29 08:09:18.685 | INFO     | __main__:run_zonal_forecast:518 -     Fish (dried)            N3.084M    (-0.1%)    N2.996M    (-0.1%)
2026-07-29 08:09:18.687 | INFO     | __main__:run_zonal_forecast:518 -     Meat (goat)             N4.471M    (+0.1%)    N4.618M    (+0.1%)
2026-07-29 08:09:18.687 | INFO     | __main__:run_zonal_forecast:518 -     Meat (beef)             N4.223M    (+0.1%)    N4.361M    (+0.1%)
2026-07-29 08:09:18.689 | INFO     | __main__:run_zonal_forecast:518 -   
2026-07-29 08:09:18.689 | INFO     | __main__:run_zonal_forecast:518 -   NORTH EAST (Adamawa & Borno)
2026-07-29 08:09:18.695 | INFO     | __main__:run_zonal_forecast:518 -   Semi-arid. Sorghum, Maize. Conflict premium on imports in Borno.
2026-07-29 08:09:18.695 | INFO     | __main__:run_zonal_forecast:518 -   
2026-07-29 08:09:18.695 | INFO     | __main__:run_zonal_forecast:518 -     Commodity           Adamawa             Borno             
2026-07-29 08:09:18.697 | INFO     | __main__:run_zonal_forecast:518 -     ------------------------------------------------------------
2026-07-29 08:09:18.699 | INFO     | __main__:run_zonal_forecast:518 -     Hibiscus                N2.375M    (-0.1%)    N2.545M    (-0.1%)
2026-07-29 08:09:18.699 | INFO     | __main__:run_zonal_forecast:518 -     Sesame                * N1.269M    (+0.1%)  * N1.313M    (+0.1%)
2026-07-29 08:09:18.701 | INFO     | __main__:run_zonal_forecast:518 -     Ginger                * N8.177M    (+0.1%)    N11.330M   (+0.1%)
2026-07-29 08:09:18.701 | INFO     | __main__:run_zonal_forecast:518 -     Cocoa                   N5.001M    (+0.1%)    N5.620M    (+0.1%)
2026-07-29 08:09:18.701 | INFO     | __main__:run_zonal_forecast:518 -     Soybeans              * N698K      (+0.0%)    N847K      (+0.0%)
2026-07-29 08:09:18.703 | INFO     | __main__:run_zonal_forecast:518 -     Cashew Nuts             N1.999M    (+0.1%)    N2.211M    (+0.1%)
2026-07-29 08:09:18.703 | INFO     | __main__:run_zonal_forecast:518 -     Sorghum               * N311K      (+0.1%)  * N329K      (+0.1%)
2026-07-29 08:09:18.703 | INFO     | __main__:run_zonal_forecast:518 -     Beans (white)         * N701K      (+0.1%)  * N807K      (+0.1%)
2026-07-29 08:09:18.705 | INFO     | __main__:run_zonal_forecast:518 -     Beans (red)             N801K      (-0.1%)    N928K      (-0.1%)
2026-07-29 08:09:18.705 | INFO     | __main__:run_zonal_forecast:518 -     Maize (white)         * N345K      (-0.1%)  * N423K      (-0.1%)
2026-07-29 08:09:18.708 | INFO     | __main__:run_zonal_forecast:518 -     Maize (yellow)          N373K      (-0.0%)    N453K      (-0.0%)
2026-07-29 08:09:18.710 | INFO     | __main__:run_zonal_forecast:518 -     Wheat                   N966K      (-0.1%)  * N1.105M    (-0.1%)
2026-07-29 08:09:18.712 | INFO     | __main__:run_zonal_forecast:518 -     Rice                    N1.364M    (+0.1%)    N1.471M    (+0.1%)
2026-07-29 08:09:18.714 | INFO     | __main__:run_zonal_forecast:518 -     Eggs                    N8K        (-0.1%)    N8K        (-0.1%)
2026-07-29 08:09:18.715 | INFO     | __main__:run_zonal_forecast:518 -     Fish (dried)            N3.290M    (-0.1%)    N3.466M    (-0.1%)
2026-07-29 08:09:18.715 | INFO     | __main__:run_zonal_forecast:518 -     Meat (goat)             N4.520M    (+0.1%)    N5.110M    (+0.1%)
2026-07-29 08:09:18.715 | INFO     | __main__:run_zonal_forecast:518 -     Meat (beef)             N4.269M    (+0.1%)    N4.820M    (+0.1%)
2026-07-29 08:09:18.717 | INFO     | __main__:run_zonal_forecast:518 -   
2026-07-29 08:09:18.719 | INFO     | __main__:run_zonal_forecast:518 -   SOUTH WEST (Oyo & Lagos)
2026-07-29 08:09:18.719 | INFO     | __main__:run_zonal_forecast:518 -   Commercial capital. Lagos is the price-setter for consumer markets.
2026-07-29 08:09:18.719 | INFO     | __main__:run_zonal_forecast:518 -   
2026-07-29 08:09:18.721 | INFO     | __main__:run_zonal_forecast:518 -     Commodity           Oyo                 Lagos             
2026-07-29 08:09:18.721 | INFO     | __main__:run_zonal_forecast:518 -     ------------------------------------------------------------
2026-07-29 08:09:18.723 | INFO     | __main__:run_zonal_forecast:518 -     Hibiscus              * N2.496M    (-0.1%)  * N2.787M    (-0.1%)
2026-07-29 08:09:18.723 | INFO     | __main__:run_zonal_forecast:518 -     Sesame                  N1.564M    (+0.1%)  * N1.741M    (+0.1%)
2026-07-29 08:09:18.723 | INFO     | __main__:run_zonal_forecast:518 -     Ginger                  N10.640M   (+0.1%)    N11.822M   (+0.1%)
2026-07-29 08:09:18.725 | INFO     | __main__:run_zonal_forecast:518 -     Cocoa                 * N4.239M    (+0.1%)  * N5.144M    (+0.1%)
2026-07-29 08:09:18.725 | INFO     | __main__:run_zonal_forecast:518 -     Soybeans              * N816K      (+0.0%)  * N957K      (+0.0%)
2026-07-29 08:09:18.727 | INFO     | __main__:run_zonal_forecast:518 -     Cashew Nuts           * N1.653M    (+0.1%)    N2.115M    (+0.1%)
2026-07-29 08:09:18.727 | INFO     | __main__:run_zonal_forecast:518 -     Sorghum                 N376K      (+0.1%)    N422K      (+0.1%)
2026-07-29 08:09:18.729 | INFO     | __main__:run_zonal_forecast:518 -     Beans (white)         * N838K      (+0.1%)  * N975K      (+0.1%)
2026-07-29 08:09:18.729 | INFO     | __main__:run_zonal_forecast:518 -     Beans (red)             N945K      (-0.1%)  * N1.054M    (-0.1%)
2026-07-29 08:09:18.729 | INFO     | __main__:run_zonal_forecast:518 -     Maize (white)         * N423K      (-0.1%)  * N509K      (-0.1%)
2026-07-29 08:09:18.731 | INFO     | __main__:run_zonal_forecast:518 -     Maize (yellow)          N453K      (-0.0%)  * N545K      (-0.0%)
2026-07-29 08:09:18.732 | INFO     | __main__:run_zonal_forecast:518 -     Wheat                   N1.085M    (-0.1%)    N1.134M    (-0.1%)
2026-07-29 08:09:18.734 | INFO     | __main__:run_zonal_forecast:518 -     Rice                    N1.444M    (+0.1%)    N1.578M    (+0.1%)
2026-07-29 08:09:18.734 | INFO     | __main__:run_zonal_forecast:518 -     Eggs                    N8K        (-0.1%)    N9K        (-0.1%)
2026-07-29 08:09:18.736 | INFO     | __main__:run_zonal_forecast:518 -     Fish (dried)            N2.879M    (-0.1%)    N3.172M    (-0.1%)
2026-07-29 08:09:18.736 | INFO     | __main__:run_zonal_forecast:518 -     Meat (goat)             N5.208M    (+0.1%)    N5.847M    (+0.1%)
2026-07-29 08:09:18.736 | INFO     | __main__:run_zonal_forecast:518 -     Meat (beef)             N4.820M    (+0.1%)    N5.417M    (+0.1%)
2026-07-29 08:09:18.738 | INFO     | __main__:run_zonal_forecast:518 -   
2026-07-29 08:09:18.738 | INFO     | __main__:run_zonal_forecast:518 -   SOUTH EAST (Anambra & Imo)
2026-07-29 08:09:18.740 | INFO     | __main__:run_zonal_forecast:518 -   High consumption, low production of traded commodities. Import-dependent.
2026-07-29 08:09:18.744 | INFO     | __main__:run_zonal_forecast:518 -   
2026-07-29 08:09:18.747 | INFO     | __main__:run_zonal_forecast:518 -     Commodity           Anambra             Imo               
2026-07-29 08:09:18.754 | INFO     | __main__:run_zonal_forecast:518 -     ------------------------------------------------------------
2026-07-29 08:09:18.756 | INFO     | __main__:run_zonal_forecast:518 -     Hibiscus                N2.715M    (-0.1%)    N2.666M    (-0.1%)
2026-07-29 08:09:18.758 | INFO     | __main__:run_zonal_forecast:518 -     Sesame                  N1.711M    (+0.1%)    N1.682M    (+0.1%)
2026-07-29 08:09:18.760 | INFO     | __main__:run_zonal_forecast:518 -     Ginger                  N11.330M   (+0.1%)    N11.034M   (+0.1%)
2026-07-29 08:09:18.760 | INFO     | __main__:run_zonal_forecast:518 -     Cocoa                 * N5.001M    (+0.1%)  * N4.334M    (+0.1%)
2026-07-29 08:09:18.762 | INFO     | __main__:run_zonal_forecast:518 -     Soybeans                N894K      (+0.0%)    N878K      (+0.0%)
2026-07-29 08:09:18.762 | INFO     | __main__:run_zonal_forecast:518 -     Cashew Nuts           * N2.115M    (+0.1%)  * N2.038M    (+0.1%)
2026-07-29 08:09:18.762 | INFO     | __main__:run_zonal_forecast:518 -     Sorghum                 N408K      (+0.1%)    N401K      (+0.1%)
2026-07-29 08:09:18.766 | INFO     | __main__:run_zonal_forecast:518 -     Beans (white)         * N899K      (+0.1%)  * N876K      (+0.1%)
2026-07-29 08:09:18.766 | INFO     | __main__:run_zonal_forecast:518 -     Beans (red)           * N970K      (-0.1%)    N953K      (-0.1%)
2026-07-29 08:09:18.768 | INFO     | __main__:run_zonal_forecast:518 -     Maize (white)         * N470K      (-0.1%)  * N458K      (-0.1%)
2026-07-29 08:09:18.768 | INFO     | __main__:run_zonal_forecast:518 -     Maize (yellow)          N503K      (-0.0%)    N491K      (-0.0%)
2026-07-29 08:09:18.770 | INFO     | __main__:run_zonal_forecast:518 -     Wheat                   N1.164M    (-0.1%)    N1.144M    (-0.1%)
2026-07-29 08:09:18.772 | INFO     | __main__:run_zonal_forecast:518 -     Rice                    N1.497M    (+0.1%)    N1.471M    (+0.1%)
2026-07-29 08:09:18.772 | INFO     | __main__:run_zonal_forecast:518 -     Eggs                    N8K        (-0.1%)    N8K        (-0.1%)
2026-07-29 08:09:18.774 | INFO     | __main__:run_zonal_forecast:518 -     Fish (dried)            N2.790M    (-0.1%)    N2.732M    (-0.1%)
2026-07-29 08:09:18.774 | INFO     | __main__:run_zonal_forecast:518 -     Meat (goat)             N5.355M    (+0.1%)    N5.257M    (+0.1%)
2026-07-29 08:09:18.776 | INFO     | __main__:run_zonal_forecast:518 -     Meat (beef)             N4.958M    (+0.1%)    N4.866M    (+0.1%)
2026-07-29 08:09:18.776 | INFO     | __main__:run_zonal_forecast:518 -   
2026-07-29 08:09:18.776 | INFO     | __main__:run_zonal_forecast:518 -   SOUTH SOUTH (Rivers & Delta)
2026-07-29 08:09:18.778 | INFO     | __main__:run_zonal_forecast:518 -   Oil belt. High purchasing power. Cocoa producer (Delta).
2026-07-29 08:09:18.778 | INFO     | __main__:run_zonal_forecast:518 -   
2026-07-29 08:09:18.781 | INFO     | __main__:run_zonal_forecast:518 -     Commodity           Rivers              Delta             
2026-07-29 08:09:18.781 | INFO     | __main__:run_zonal_forecast:518 -     ------------------------------------------------------------
2026-07-29 08:09:18.781 | INFO     | __main__:run_zonal_forecast:518 -     Hibiscus              * N2.715M    (-0.1%)  * N2.618M    (-0.1%)
2026-07-29 08:09:18.783 | INFO     | __main__:run_zonal_forecast:518 -     Sesame                * N1.741M    (+0.1%)  * N1.711M    (+0.1%)
2026-07-29 08:09:18.783 | INFO     | __main__:run_zonal_forecast:518 -     Ginger                  N11.822M   (+0.1%)    N11.330M   (+0.1%)
2026-07-29 08:09:18.785 | INFO     | __main__:run_zonal_forecast:518 -     Cocoa                 * N5.001M    (+0.1%)  * N4.429M    (+0.1%)
2026-07-29 08:09:18.785 | INFO     | __main__:run_zonal_forecast:518 -     Soybeans                N925K      (+0.0%)  * N894K      (+0.0%)
2026-07-29 08:09:18.787 | INFO     | __main__:run_zonal_forecast:518 -     Cashew Nuts             N2.211M    (+0.1%)    N2.115M    (+0.1%)
2026-07-29 08:09:18.788 | INFO     | __main__:run_zonal_forecast:518 -     Sorghum                 N429K      (+0.1%)    N422K      (+0.1%)
2026-07-29 08:09:18.790 | INFO     | __main__:run_zonal_forecast:518 -     Beans (white)         * N929K      (+0.1%)  * N891K      (+0.1%)
2026-07-29 08:09:18.792 | INFO     | __main__:run_zonal_forecast:518 -     Beans (red)           * N1.012M    (-0.1%)    N970K      (-0.1%)
2026-07-29 08:09:18.792 | INFO     | __main__:run_zonal_forecast:518 -     Maize (white)         * N490K      (-0.1%)  * N470K      (-0.1%)
2026-07-29 08:09:18.794 | INFO     | __main__:run_zonal_forecast:518 -     Maize (yellow)          N524K      (-0.0%)    N503K      (-0.0%)
2026-07-29 08:09:18.794 | INFO     | __main__:run_zonal_forecast:518 -     Wheat                   N1.203M    (-0.1%)    N1.183M    (-0.1%)
2026-07-29 08:09:18.794 | INFO     | __main__:run_zonal_forecast:518 -     Rice                    N1.537M    (+0.1%)    N1.497M    (+0.1%)
2026-07-29 08:09:18.796 | INFO     | __main__:run_zonal_forecast:518 -     Eggs                    N8K        (-0.1%)    N8K        (-0.1%)
2026-07-29 08:09:18.798 | INFO     | __main__:run_zonal_forecast:518 -     Fish (dried)            N2.585M    (-0.1%)    N2.644M    (-0.1%)
2026-07-29 08:09:18.800 | INFO     | __main__:run_zonal_forecast:518 -     Meat (goat)             N5.552M    (+0.1%)    N5.454M    (+0.1%)
2026-07-29 08:09:18.800 | INFO     | __main__:run_zonal_forecast:518 -     Meat (beef)             N5.142M    (+0.1%)    N5.050M    (+0.1%)
2026-07-29 08:09:18.800 | INFO     | __main__:run_zonal_forecast:518 -   
2026-07-29 08:09:18.802 | INFO     | __main__:run_zonal_forecast:518 -   ==========================================================
2026-07-29 08:09:18.802 | INFO     | __main__:run_zonal_forecast:518 -   * = primary commodity  (+/-%) = day-on-day change
2026-07-29 08:09:18.805 | INFO     | __main__:run_zonal_forecast:518 -   
2026-07-29 08:09:18.805 | INFO     | __main__:run_zonal_forecast:518 -   NATIONAL PRICE CHANGES TODAY:
2026-07-29 08:09:18.807 | INFO     | __main__:run_zonal_forecast:518 -     Commodity                   Price   Day Chg    vs Ref
2026-07-29 08:09:18.807 | INFO     | __main__:run_zonal_forecast:518 -     ------------------------------------------------------
2026-07-29 08:09:18.809 | INFO     | __main__:run_zonal_forecast:518 -     Hibiscus                  N2.424M    -0.08%    -1.07%
2026-07-29 08:09:18.809 | INFO     | __main__:run_zonal_forecast:518 -     Sesame                    N1.475M    +0.07%    +1.04%
2026-07-29 08:09:18.809 | INFO     | __main__:run_zonal_forecast:518 -     Ginger                    N9.852M    +0.11%    +1.56%
2026-07-29 08:09:18.809 | INFO     | __main__:run_zonal_forecast:518 -     Cocoa                     N4.763M    +0.09%    +1.34%
2026-07-29 08:09:18.813 | INFO     | __main__:run_zonal_forecast:518 -     Soybeans                    N784K    +0.04%    +0.54%
2026-07-29 08:09:18.813 | INFO     | __main__:run_zonal_forecast:518 -     Cashew Nuts               N1.922M    +0.08%    +1.18%
2026-07-29 08:09:18.815 | INFO     | __main__:run_zonal_forecast:518 -     Sorghum                     N358K    +0.05%    +0.76%
2026-07-29 08:09:18.815 | INFO     | __main__:run_zonal_forecast:518 -     Beans (white)               N761K    +0.11%    +1.53%
2026-07-29 08:09:18.815 | INFO     | __main__:run_zonal_forecast:518 -     Beans (red)                 N843K    -0.06%    -0.78%
2026-07-29 08:09:18.817 | INFO     | __main__:run_zonal_forecast:518 -     Maize (white)               N392K    -0.06%    -0.86%
2026-07-29 08:09:18.817 | INFO     | __main__:run_zonal_forecast:518 -     Maize (yellow)              N419K    -0.03%    -0.40%
2026-07-29 08:09:18.817 | INFO     | __main__:run_zonal_forecast:518 -     Wheat                       N986K    -0.10%    -1.38%
2026-07-29 08:09:18.819 | INFO     | __main__:run_zonal_forecast:518 -     Rice                      N1.337M    +0.09%    +1.28%
2026-07-29 08:09:18.819 | INFO     | __main__:run_zonal_forecast:518 -     Eggs                          N8K    -0.05%    -0.69%
2026-07-29 08:09:18.821 | INFO     | __main__:run_zonal_forecast:518 -     Fish (dried)              N2.937M    -0.07%    -1.03%
2026-07-29 08:09:18.821 | INFO     | __main__:run_zonal_forecast:518 -     Meat (goat)               N4.913M    +0.08%    +1.09%
2026-07-29 08:09:18.823 | INFO     | __main__:run_zonal_forecast:518 -     Meat (beef)               N4.591M    +0.09%    +1.21%
2026-07-29 08:09:18.825 | INFO     | __main__:run_zonal_forecast:518 -   
2026-07-29 08:09:18.827 | INFO     | __main__:run_zonal_forecast:518 -   BEST SOURCING NATIONALLY:
2026-07-29 08:09:18.829 | INFO     | __main__:run_zonal_forecast:518 -     Commodity              Best State           Price  Spread
2026-07-29 08:09:18.829 | INFO     | __main__:run_zonal_forecast:518 -     ------------------------------------------------------------
2026-07-29 08:09:18.831 | INFO     | __main__:run_zonal_forecast:518 -     Hibiscus               Kaduna             N2.254M  24% vs Lagos
2026-07-29 08:09:18.831 | INFO     | __main__:run_zonal_forecast:518 -     Sesame                 Kano               N1.224M  42% vs Lagos
2026-07-29 08:09:18.833 | INFO     | __main__:run_zonal_forecast:518 -     Ginger                 Kaduna             N7.093M  67% vs Lagos
2026-07-29 08:09:18.835 | INFO     | __main__:run_zonal_forecast:518 -     Cocoa                  Kogi               N4.191M  34% vs Borno
2026-07-29 08:09:18.835 | INFO     | __main__:run_zonal_forecast:518 -     Soybeans               Plateau              N651K  47% vs Lagos
2026-07-29 08:09:18.845 | INFO     | __main__:run_zonal_forecast:518 -     Cashew Nuts            Kogi               N1.538M  44% vs Borno
2026-07-29 08:09:18.849 | INFO     | __main__:run_zonal_forecast:518 -     Sorghum                Kano                 N279K  54% vs Rivers
2026-07-29 08:09:18.849 | INFO     | __main__:run_zonal_forecast:518 -     Beans (white)          Kano                 N662K  47% vs Lagos
2026-07-29 08:09:18.851 | INFO     | __main__:run_zonal_forecast:518 -     Beans (red)            Kano                 N759K  39% vs Lagos
2026-07-29 08:09:18.851 | INFO     | __main__:run_zonal_forecast:518 -     Maize (white)          Kano                 N313K  62% vs Lagos
2026-07-29 08:09:18.853 | INFO     | __main__:run_zonal_forecast:518 -     Maize (yellow)         Kano                 N335K  62% vs Lagos
2026-07-29 08:09:18.853 | INFO     | __main__:run_zonal_forecast:518 -     Wheat                  Kaduna               N858K  40% vs Rivers
2026-07-29 08:09:18.857 | INFO     | __main__:run_zonal_forecast:518 -     Rice                   Plateau            N1.203M  31% vs Lagos
2026-07-29 08:09:18.857 | INFO     | __main__:run_zonal_forecast:518 -     Eggs                   Kano                   N7K  22% vs Lagos
2026-07-29 08:09:18.859 | INFO     | __main__:run_zonal_forecast:518 -     Fish (dried)           Rivers             N2.585M  34% vs Borno
2026-07-29 08:09:18.859 | INFO     | __main__:run_zonal_forecast:518 -     Meat (goat)            Kano               N4.274M  37% vs Lagos
2026-07-29 08:09:18.861 | INFO     | __main__:run_zonal_forecast:518 -     Meat (beef)            Kano               N4.040M  34% vs Lagos
2026-07-29 08:09:18.863 | INFO     | __main__:run_zonal_forecast:518 -   
2026-07-29 08:09:18.865 | INFO     | __main__:run_zonal_forecast:518 -   ==========================================================
2026-07-29 08:09:18.865 | INFO     | __main__:run_zonal_forecast:518 -   Source: Agrolinking Intelligence Platform
2026-07-29 08:09:18.869 | INFO     | __main__:run_zonal_forecast:518 -   Next update: 30 Jul 2026
2026-07-29 08:09:18.869 | INFO     | __main__:run_zonal_forecast:519 - =================================================================
2026-07-29 08:09:18.869 | SUCCESS  | __main__:run_zonal_forecast:520 - ZONAL FORECASTING COMPLETE — 6 zones | 12 states | 17 commodities
