2026-05-13 06:20:29.398 | INFO     | __main__:run_zonal_forecast:329 - =================================================================
2026-05-13 06:20:29.398 | INFO     | __main__:run_zonal_forecast:330 - STEP 7 — ZONAL & STATE-LEVEL FORECASTING
2026-05-13 06:20:29.398 | INFO     | __main__:run_zonal_forecast:331 -   Date: Wednesday, 13 May 2026  06:20
2026-05-13 06:20:29.398 | INFO     | __main__:run_zonal_forecast:332 -   Zones: 6  |  States: 12  |  Commodities: 12
2026-05-13 06:20:29.406 | INFO     | __main__:run_zonal_forecast:333 -   Anchor: VALIDATED FORECAST PRICE (not last_known_price)
2026-05-13 06:20:29.406 | INFO     | __main__:run_zonal_forecast:334 - =================================================================
2026-05-13 06:20:29.553 | INFO     | __main__:run_zonal_forecast:337 -   Source: forecast_validated_2026-05-13.json
2026-05-13 06:20:29.554 | INFO     | __main__:run_zonal_forecast:338 -   Building state-level prices...
2026-05-13 06:20:29.557 | INFO     | __main__:build_zonal_output:98 - 
2026-05-13 06:20:29.557 | INFO     | __main__:build_zonal_output:99 -   NATIONAL PRICE ANCHORS (what each commodity forecasts nationwide):
2026-05-13 06:20:29.561 | INFO     | __main__:build_zonal_output:100 -   Commodity                  Anchor Price  Source                           last_known
2026-05-13 06:20:29.561 | INFO     | __main__:build_zonal_output:101 -   --------------------------------------------------------------------------------
2026-05-13 06:20:29.562 | INFO     | __main__:build_zonal_output:112 -   Hibiscus               N     2,325,000  validated_reference        N     2,325,000
2026-05-13 06:20:29.562 | INFO     | __main__:build_zonal_output:112 -   Sesame                 N     1,245,000  validated_reference        N     1,245,000
2026-05-13 06:20:29.564 | INFO     | __main__:build_zonal_output:112 -   Ginger                 N     9,700,000  validated_reference        N     9,700,000
2026-05-13 06:20:29.564 | INFO     | __main__:build_zonal_output:112 -   Cocoa                  N     5,650,000  validated_reference        N     5,650,000
2026-05-13 06:20:29.566 | INFO     | __main__:build_zonal_output:112 -   Soybeans               N       745,000  validated_reference        N       745,000
2026-05-13 06:20:29.566 | INFO     | __main__:build_zonal_output:112 -   Cashew Nuts            N     1,950,000  validated_reference        N     1,950,000
2026-05-13 06:20:29.570 | INFO     | __main__:build_zonal_output:112 -   Sorghum                N       335,000  validated_reference        N       335,000
2026-05-13 06:20:29.570 | INFO     | __main__:build_zonal_output:112 -   Beans (white)          N       813,000  validated_reference        N       813,334
2026-05-13 06:20:29.572 | INFO     | __main__:build_zonal_output:112 -   Beans (red)            N       915,000  validated_reference        N       915,000
2026-05-13 06:20:29.573 | INFO     | __main__:build_zonal_output:112 -   Maize (white)          N       370,000  validated_reference        N       211,000
2026-05-13 06:20:29.574 | INFO     | __main__:build_zonal_output:112 -   Maize (yellow)         N       400,000  validated_reference        N       227,400
2026-05-13 06:20:29.576 | INFO     | __main__:build_zonal_output:112 -   Wheat                  N       706,833  validated_reference        N       706,833
2026-05-13 06:20:29.578 | INFO     | __main__:build_zonal_output:114 - 
2026-05-13 06:20:29.634 | INFO     | __main__:run_zonal_forecast:345 - 
2026-05-13 06:20:29.641 | INFO     | __main__:run_zonal_forecast:346 -   Zone             State        Commodity (primary)         State Price
2026-05-13 06:20:29.641 | INFO     | __main__:run_zonal_forecast:347 -   --------------------------------------------------------------------
2026-05-13 06:20:29.641 | INFO     | __main__:run_zonal_forecast:354 -   North West       Kano         * Sesame                N     1,033,350/MT
2026-05-13 06:20:29.641 | INFO     | __main__:run_zonal_forecast:354 -   North West       Kano         * Sorghum               N       261,300/MT
2026-05-13 06:20:29.641 | INFO     | __main__:run_zonal_forecast:354 -   North West       Kano         * Beans (white)         N       707,310/MT
2026-05-13 06:20:29.641 | INFO     | __main__:run_zonal_forecast:354 -   North West       Kano         * Maize (white)         N       296,000/MT
2026-05-13 06:20:29.641 | INFO     | __main__:run_zonal_forecast:354 -   North West       Kano         * Maize (yellow)        N       320,000/MT
2026-05-13 06:20:29.641 | INFO     | __main__:run_zonal_forecast:354 -   North West       Kano         * Wheat                 N       629,081/MT
2026-05-13 06:20:29.641 | INFO     | __main__:run_zonal_forecast:354 -   North West       Kaduna       * Ginger                N     6,984,000/MT
2026-05-13 06:20:29.641 | INFO     | __main__:run_zonal_forecast:354 -   North West       Kaduna       * Soybeans              N       625,800/MT
2026-05-13 06:20:29.646 | INFO     | __main__:run_zonal_forecast:354 -   North West       Kaduna       * Sorghum               N       268,000/MT
2026-05-13 06:20:29.646 | INFO     | __main__:run_zonal_forecast:354 -   North West       Kaduna       * Maize (white)         N       299,700/MT
2026-05-13 06:20:29.646 | INFO     | __main__:run_zonal_forecast:354 -   North West       Kaduna       * Maize (yellow)        N       324,000/MT
2026-05-13 06:20:29.646 | INFO     | __main__:run_zonal_forecast:354 -   North West       Kaduna       * Wheat                 N       614,945/MT
2026-05-13 06:20:29.648 | INFO     | __main__:run_zonal_forecast:354 -   North Central    Plateau      * Ginger                N     7,275,000/MT
2026-05-13 06:20:29.648 | INFO     | __main__:run_zonal_forecast:354 -   North Central    Plateau      * Soybeans              N       618,350/MT
2026-05-13 06:20:29.649 | INFO     | __main__:run_zonal_forecast:354 -   North Central    Plateau      * Beans (white)         N       731,700/MT
2026-05-13 06:20:29.649 | INFO     | __main__:run_zonal_forecast:354 -   North Central    Plateau      * Maize (white)         N       321,900/MT
2026-05-13 06:20:29.649 | INFO     | __main__:run_zonal_forecast:354 -   North Central    Plateau      * Wheat                 N       643,218/MT
2026-05-13 06:20:29.649 | INFO     | __main__:run_zonal_forecast:354 -   North Central    Kogi         * Cocoa                 N     4,972,000/MT
2026-05-13 06:20:29.649 | INFO     | __main__:run_zonal_forecast:354 -   North Central    Kogi         * Soybeans              N       648,150/MT
2026-05-13 06:20:29.649 | INFO     | __main__:run_zonal_forecast:354 -   North Central    Kogi         * Cashew Nuts           N     1,560,000/MT
2026-05-13 06:20:29.649 | INFO     | __main__:run_zonal_forecast:354 -   North Central    Kogi         * Sorghum               N       304,850/MT
2026-05-13 06:20:29.649 | INFO     | __main__:run_zonal_forecast:354 -   North Central    Kogi         * Beans (white)         N       747,960/MT
2026-05-13 06:20:29.655 | INFO     | __main__:run_zonal_forecast:354 -   North Central    Kogi         * Maize (white)         N       333,000/MT
2026-05-13 06:20:29.656 | INFO     | __main__:run_zonal_forecast:354 -   North East       Adamawa      * Sesame                N     1,070,700/MT
2026-05-13 06:20:29.656 | INFO     | __main__:run_zonal_forecast:354 -   North East       Adamawa      * Ginger                N     8,051,000/MT
2026-05-13 06:20:29.656 | INFO     | __main__:run_zonal_forecast:354 -   North East       Adamawa      * Soybeans              N       663,050/MT
2026-05-13 06:20:29.658 | INFO     | __main__:run_zonal_forecast:354 -   North East       Adamawa      * Sorghum               N       291,450/MT
2026-05-13 06:20:29.658 | INFO     | __main__:run_zonal_forecast:354 -   North East       Adamawa      * Beans (white)         N       747,960/MT
2026-05-13 06:20:29.658 | INFO     | __main__:run_zonal_forecast:354 -   North East       Adamawa      * Maize (white)         N       325,600/MT
2026-05-13 06:20:29.660 | INFO     | __main__:run_zonal_forecast:354 -   North East       Borno        * Sesame                N     1,108,050/MT
2026-05-13 06:20:29.660 | INFO     | __main__:run_zonal_forecast:354 -   North East       Borno        * Sorghum               N       308,200/MT
2026-05-13 06:20:29.662 | INFO     | __main__:run_zonal_forecast:354 -   North East       Borno        * Beans (white)         N       861,780/MT
2026-05-13 06:20:29.662 | INFO     | __main__:run_zonal_forecast:354 -   North East       Borno        * Maize (white)         N       399,600/MT
2026-05-13 06:20:29.662 | INFO     | __main__:run_zonal_forecast:354 -   North East       Borno        * Wheat                 N       791,653/MT
2026-05-13 06:20:29.662 | INFO     | __main__:run_zonal_forecast:354 -   South West       Oyo          * Hibiscus              N     2,394,750/MT
2026-05-13 06:20:29.662 | INFO     | __main__:run_zonal_forecast:354 -   South West       Oyo          * Cocoa                 N     5,028,500/MT
2026-05-13 06:20:29.662 | INFO     | __main__:run_zonal_forecast:354 -   South West       Oyo          * Soybeans              N       774,800/MT
2026-05-13 06:20:29.662 | INFO     | __main__:run_zonal_forecast:354 -   South West       Oyo          * Cashew Nuts           N     1,677,000/MT
2026-05-13 06:20:29.666 | INFO     | __main__:run_zonal_forecast:354 -   South West       Oyo          * Beans (white)         N       894,300/MT
2026-05-13 06:20:29.666 | INFO     | __main__:run_zonal_forecast:354 -   South West       Oyo          * Maize (white)         N       399,600/MT
2026-05-13 06:20:29.666 | INFO     | __main__:run_zonal_forecast:354 -   South West       Lagos        * Hibiscus              N     2,673,750/MT
2026-05-13 06:20:29.668 | INFO     | __main__:run_zonal_forecast:354 -   South West       Lagos        * Sesame                N     1,469,100/MT
2026-05-13 06:20:29.668 | INFO     | __main__:run_zonal_forecast:354 -   South West       Lagos        * Cocoa                 N     6,102,000/MT
2026-05-13 06:20:29.668 | INFO     | __main__:run_zonal_forecast:354 -   South West       Lagos        * Soybeans              N       908,900/MT
2026-05-13 06:20:29.668 | INFO     | __main__:run_zonal_forecast:354 -   South West       Lagos        * Beans (white)         N     1,040,640/MT
2026-05-13 06:20:29.668 | INFO     | __main__:run_zonal_forecast:354 -   South West       Lagos        * Beans (red)           N     1,143,750/MT
2026-05-13 06:20:29.668 | INFO     | __main__:run_zonal_forecast:354 -   South West       Lagos        * Maize (white)         N       481,000/MT
2026-05-13 06:20:29.672 | INFO     | __main__:run_zonal_forecast:354 -   South West       Lagos        * Maize (yellow)        N       520,000/MT
2026-05-13 06:20:29.674 | INFO     | __main__:run_zonal_forecast:354 -   South East       Anambra      * Cocoa                 N     5,932,500/MT
2026-05-13 06:20:29.674 | INFO     | __main__:run_zonal_forecast:354 -   South East       Anambra      * Cashew Nuts           N     2,145,000/MT
2026-05-13 06:20:29.674 | INFO     | __main__:run_zonal_forecast:354 -   South East       Anambra      * Beans (white)         N       959,340/MT
2026-05-13 06:20:29.676 | INFO     | __main__:run_zonal_forecast:354 -   South East       Anambra      * Beans (red)           N     1,052,250/MT
2026-05-13 06:20:29.679 | INFO     | __main__:run_zonal_forecast:354 -   South East       Anambra      * Maize (white)         N       444,000/MT
2026-05-13 06:20:29.679 | INFO     | __main__:run_zonal_forecast:354 -   South East       Imo          * Cocoa                 N     5,141,500/MT
2026-05-13 06:20:29.681 | INFO     | __main__:run_zonal_forecast:354 -   South East       Imo          * Cashew Nuts           N     2,067,000/MT
2026-05-13 06:20:29.682 | INFO     | __main__:run_zonal_forecast:354 -   South East       Imo          * Beans (white)         N       934,950/MT
2026-05-13 06:20:29.682 | INFO     | __main__:run_zonal_forecast:354 -   South East       Imo          * Maize (white)         N       432,900/MT
2026-05-13 06:20:29.683 | INFO     | __main__:run_zonal_forecast:354 -   South South      Rivers       * Hibiscus              N     2,604,000/MT
2026-05-13 06:20:29.683 | INFO     | __main__:run_zonal_forecast:354 -   South South      Rivers       * Sesame                N     1,469,100/MT
2026-05-13 06:20:29.683 | INFO     | __main__:run_zonal_forecast:354 -   South South      Rivers       * Cocoa                 N     5,932,500/MT
2026-05-13 06:20:29.683 | INFO     | __main__:run_zonal_forecast:354 -   South South      Rivers       * Beans (white)         N       991,860/MT
2026-05-13 06:20:29.683 | INFO     | __main__:run_zonal_forecast:354 -   South South      Rivers       * Beans (red)           N     1,098,000/MT
2026-05-13 06:20:29.687 | INFO     | __main__:run_zonal_forecast:354 -   South South      Rivers       * Maize (white)         N       462,500/MT
2026-05-13 06:20:29.689 | INFO     | __main__:run_zonal_forecast:354 -   South South      Delta        * Hibiscus              N     2,511,000/MT
2026-05-13 06:20:29.689 | INFO     | __main__:run_zonal_forecast:354 -   South South      Delta        * Sesame                N     1,444,200/MT
2026-05-13 06:20:29.692 | INFO     | __main__:run_zonal_forecast:354 -   South South      Delta        * Cocoa                 N     5,254,500/MT
2026-05-13 06:20:29.692 | INFO     | __main__:run_zonal_forecast:354 -   South South      Delta        * Soybeans              N       849,300/MT
2026-05-13 06:20:29.694 | INFO     | __main__:run_zonal_forecast:354 -   South South      Delta        * Beans (white)         N       951,210/MT
2026-05-13 06:20:29.696 | INFO     | __main__:run_zonal_forecast:354 -   South South      Delta        * Maize (white)         N       444,000/MT
2026-05-13 06:20:29.696 | INFO     | __main__:run_zonal_forecast:359 - 
2026-05-13 06:20:29.696 | INFO     | __main__:run_zonal_forecast:360 -   BEST BUY NATIONALLY:
2026-05-13 06:20:29.697 | INFO     | __main__:run_zonal_forecast:361 -   Commodity              Best Buy                              Price  Spread
2026-05-13 06:20:29.698 | INFO     | __main__:run_zonal_forecast:362 -   --------------------------------------------------------------------
2026-05-13 06:20:29.699 | INFO     | __main__:run_zonal_forecast:367 -   Hibiscus               Kaduna                     N     2,162,250/MT  (24% spread)
2026-05-13 06:20:29.700 | INFO     | __main__:run_zonal_forecast:367 -   Sesame                 Kano                       N     1,033,350/MT  (42% spread)
2026-05-13 06:20:29.702 | INFO     | __main__:run_zonal_forecast:367 -   Ginger                 Kaduna                     N     6,984,000/MT  (67% spread)
2026-05-13 06:20:29.702 | INFO     | __main__:run_zonal_forecast:367 -   Cocoa                  Kogi                       N     4,972,000/MT  (34% spread)
2026-05-13 06:20:29.702 | INFO     | __main__:run_zonal_forecast:367 -   Soybeans               Plateau                    N       618,350/MT  (47% spread)
2026-05-13 06:20:29.702 | INFO     | __main__:run_zonal_forecast:367 -   Cashew Nuts            Kogi                       N     1,560,000/MT  (44% spread)
2026-05-13 06:20:29.704 | INFO     | __main__:run_zonal_forecast:367 -   Sorghum                Kano                       N       261,300/MT  (54% spread)
2026-05-13 06:20:29.706 | INFO     | __main__:run_zonal_forecast:367 -   Beans (white)          Kano                       N       707,310/MT  (47% spread)
2026-05-13 06:20:29.706 | INFO     | __main__:run_zonal_forecast:367 -   Beans (red)            Kano                       N       823,500/MT  (39% spread)
2026-05-13 06:20:29.711 | INFO     | __main__:run_zonal_forecast:367 -   Maize (white)          Kano                       N       296,000/MT  (62% spread)
2026-05-13 06:20:29.711 | INFO     | __main__:run_zonal_forecast:367 -   Maize (yellow)         Kano                       N       320,000/MT  (62% spread)
2026-05-13 06:20:29.712 | INFO     | __main__:run_zonal_forecast:367 -   Wheat                  Kaduna                     N       614,945/MT  (40% spread)
2026-05-13 06:20:30.150 | SUCCESS  | __main__:run_zonal_forecast:384 -   Zonal JSON  -> C:\Users\USER\Downloads\agrolinking-intel-structure\agrolinking-intel\outputs\forecasts\zonal\zonal_forecast_2026-05-13.json
2026-05-13 06:20:30.154 | SUCCESS  | __main__:run_zonal_forecast:390 -   Zonal alert -> C:\Users\USER\Downloads\agrolinking-intel-structure\agrolinking-intel\outputs\daily_alerts\alert_zonal_2026-05-13.txt
2026-05-13 06:20:30.168 | SUCCESS  | __main__:run_zonal_forecast:396 -   State report-> C:\Users\USER\Downloads\agrolinking-intel-structure\agrolinking-intel\outputs\forecasts\zonal\state_detail_report_2026-05-13.txt
2026-05-13 06:20:30.168 | INFO     | __main__:run_zonal_forecast:399 - 
2026-05-13 06:20:30.170 | INFO     | __main__:run_zonal_forecast:400 - =================================================================
2026-05-13 06:20:30.170 | INFO     | __main__:run_zonal_forecast:402 -   AGROLINKING ZONAL COMMODITY INTELLIGENCE
2026-05-13 06:20:30.170 | INFO     | __main__:run_zonal_forecast:402 -   Date: Wednesday, 13 May 2026
2026-05-13 06:20:30.172 | INFO     | __main__:run_zonal_forecast:402 -   6 Zones | 12 States | 12 Commodities
2026-05-13 06:20:30.174 | INFO     | __main__:run_zonal_forecast:402 -   ==========================================================
2026-05-13 06:20:30.178 | INFO     | __main__:run_zonal_forecast:402 -   
2026-05-13 06:20:30.178 | INFO     | __main__:run_zonal_forecast:402 -   NORTH WEST (Kano & Kaduna)
2026-05-13 06:20:30.180 | INFO     | __main__:run_zonal_forecast:402 -     Nigeria's main grain belt. Highest Maize, Sorghum, Sesame, Wheat production.
2026-05-13 06:20:30.180 | INFO     | __main__:run_zonal_forecast:402 -     Commodity              Kano               Kaduna            
2026-05-13 06:20:30.180 | INFO     | __main__:run_zonal_forecast:402 -     ------------------------------------------------------------
2026-05-13 06:20:30.180 | INFO     | __main__:run_zonal_forecast:402 -     Hibiscus                 N2.21M             N2.16M          
2026-05-13 06:20:30.183 | INFO     | __main__:run_zonal_forecast:402 -     Sesame                 * N1.03M             N1.06M          
2026-05-13 06:20:30.185 | INFO     | __main__:run_zonal_forecast:402 -     Ginger                   N9.51M           * N6.98M          
2026-05-13 06:20:30.185 | INFO     | __main__:run_zonal_forecast:402 -     Cocoa                    N5.76M             N5.93M          
2026-05-13 06:20:30.185 | INFO     | __main__:run_zonal_forecast:402 -     Soybeans                 N670K            * N626K           
2026-05-13 06:20:30.187 | INFO     | __main__:run_zonal_forecast:402 -     Cashew Nuts              N1.95M             N1.99M          
2026-05-13 06:20:30.187 | INFO     | __main__:run_zonal_forecast:402 -     Sorghum                * N261K            * N268K           
2026-05-13 06:20:30.188 | INFO     | __main__:run_zonal_forecast:402 -     Beans (white)          * N707K              N715K           
2026-05-13 06:20:30.192 | INFO     | __main__:run_zonal_forecast:402 -     Beans (red)              N824K              N833K           
2026-05-13 06:20:30.194 | INFO     | __main__:run_zonal_forecast:402 -     Maize (white)          * N296K            * N300K           
2026-05-13 06:20:30.194 | INFO     | __main__:run_zonal_forecast:402 -     Maize (yellow)         * N320K            * N324K           
2026-05-13 06:20:30.194 | INFO     | __main__:run_zonal_forecast:402 -     Wheat                  * N629K            * N615K           
2026-05-13 06:20:30.194 | INFO     | __main__:run_zonal_forecast:402 -   
2026-05-13 06:20:30.196 | INFO     | __main__:run_zonal_forecast:402 -   NORTH CENTRAL (Plateau & Kogi)
2026-05-13 06:20:30.196 | INFO     | __main__:run_zonal_forecast:402 -     Middle Belt. Ginger heartland (Plateau), Cashew/Cocoa belt (Kogi).
2026-05-13 06:20:30.196 | INFO     | __main__:run_zonal_forecast:402 -     Commodity              Plateau            Kogi              
2026-05-13 06:20:30.196 | INFO     | __main__:run_zonal_forecast:402 -     ------------------------------------------------------------
2026-05-13 06:20:30.196 | INFO     | __main__:run_zonal_forecast:402 -     Hibiscus                 N2.26M             N2.23M          
2026-05-13 06:20:30.196 | INFO     | __main__:run_zonal_forecast:402 -     Sesame                   N1.20M             N1.21M          
2026-05-13 06:20:30.196 | INFO     | __main__:run_zonal_forecast:402 -     Ginger                 * N7.28M             N9.12M          
2026-05-13 06:20:30.196 | INFO     | __main__:run_zonal_forecast:402 -     Cocoa                    N6.10M           * N4.97M          
2026-05-13 06:20:30.196 | INFO     | __main__:run_zonal_forecast:402 -     Soybeans               * N618K            * N648K           
2026-05-13 06:20:30.196 | INFO     | __main__:run_zonal_forecast:402 -     Cashew Nuts              N2.05M           * N1.56M          
2026-05-13 06:20:30.196 | INFO     | __main__:run_zonal_forecast:402 -     Sorghum                  N308K            * N305K           
2026-05-13 06:20:30.196 | INFO     | __main__:run_zonal_forecast:402 -     Beans (white)          * N732K            * N748K           
2026-05-13 06:20:30.196 | INFO     | __main__:run_zonal_forecast:402 -     Beans (red)              N869K              N860K           
2026-05-13 06:20:30.204 | INFO     | __main__:run_zonal_forecast:402 -     Maize (white)          * N322K            * N333K           
2026-05-13 06:20:30.207 | INFO     | __main__:run_zonal_forecast:402 -     Maize (yellow)           N352K              N364K           
2026-05-13 06:20:30.207 | INFO     | __main__:run_zonal_forecast:402 -     Wheat                  * N643K              N686K           
2026-05-13 06:20:30.207 | INFO     | __main__:run_zonal_forecast:402 -   
2026-05-13 06:20:30.209 | INFO     | __main__:run_zonal_forecast:402 -   NORTH EAST (Adamawa & Borno)
2026-05-13 06:20:30.209 | INFO     | __main__:run_zonal_forecast:402 -     Semi-arid. Sorghum, Maize. Conflict premium on imports in Borno.
2026-05-13 06:20:30.211 | INFO     | __main__:run_zonal_forecast:402 -     Commodity              Adamawa            Borno             
2026-05-13 06:20:30.212 | INFO     | __main__:run_zonal_forecast:402 -     ------------------------------------------------------------
2026-05-13 06:20:30.213 | INFO     | __main__:run_zonal_forecast:402 -     Hibiscus                 N2.28M             N2.44M          
2026-05-13 06:20:30.213 | INFO     | __main__:run_zonal_forecast:402 -     Sesame                 * N1.07M           * N1.11M          
2026-05-13 06:20:30.215 | INFO     | __main__:run_zonal_forecast:402 -     Ginger                 * N8.05M             N11.15M         
2026-05-13 06:20:30.215 | INFO     | __main__:run_zonal_forecast:402 -     Cocoa                    N5.93M             N6.67M          
2026-05-13 06:20:30.215 | INFO     | __main__:run_zonal_forecast:402 -     Soybeans               * N663K              N805K           
2026-05-13 06:20:30.217 | INFO     | __main__:run_zonal_forecast:402 -     Cashew Nuts              N2.03M             N2.24M          
2026-05-13 06:20:30.217 | INFO     | __main__:run_zonal_forecast:402 -     Sorghum                * N291K            * N308K           
2026-05-13 06:20:30.217 | INFO     | __main__:run_zonal_forecast:402 -     Beans (white)          * N748K            * N862K           
2026-05-13 06:20:30.219 | INFO     | __main__:run_zonal_forecast:402 -     Beans (red)              N869K              N1.01M          
2026-05-13 06:20:30.219 | INFO     | __main__:run_zonal_forecast:402 -     Maize (white)          * N326K            * N400K           
2026-05-13 06:20:30.221 | INFO     | __main__:run_zonal_forecast:402 -     Maize (yellow)           N356K              N432K           
2026-05-13 06:20:30.222 | INFO     | __main__:run_zonal_forecast:402 -     Wheat                    N693K            * N792K           
2026-05-13 06:20:30.222 | INFO     | __main__:run_zonal_forecast:402 -   
2026-05-13 06:20:30.222 | INFO     | __main__:run_zonal_forecast:402 -   SOUTH WEST (Oyo & Lagos)
2026-05-13 06:20:30.222 | INFO     | __main__:run_zonal_forecast:402 -     Commercial capital. Lagos is the price-setter for consumer markets.
2026-05-13 06:20:30.222 | INFO     | __main__:run_zonal_forecast:402 -     Commodity              Oyo                Lagos             
2026-05-13 06:20:30.222 | INFO     | __main__:run_zonal_forecast:402 -     ------------------------------------------------------------
2026-05-13 06:20:30.227 | INFO     | __main__:run_zonal_forecast:402 -     Hibiscus               * N2.39M           * N2.67M          
2026-05-13 06:20:30.227 | INFO     | __main__:run_zonal_forecast:402 -     Sesame                   N1.32M           * N1.47M          
2026-05-13 06:20:30.229 | INFO     | __main__:run_zonal_forecast:402 -     Ginger                   N10.48M            N11.64M         
2026-05-13 06:20:30.229 | INFO     | __main__:run_zonal_forecast:402 -     Cocoa                  * N5.03M           * N6.10M          
2026-05-13 06:20:30.230 | INFO     | __main__:run_zonal_forecast:402 -     Soybeans               * N775K            * N909K           
2026-05-13 06:20:30.230 | INFO     | __main__:run_zonal_forecast:402 -     Cashew Nuts            * N1.68M             N2.15M          
2026-05-13 06:20:30.230 | INFO     | __main__:run_zonal_forecast:402 -     Sorghum                  N352K              N395K           
2026-05-13 06:20:30.230 | INFO     | __main__:run_zonal_forecast:402 -     Beans (white)          * N894K            * N1.04M          
2026-05-13 06:20:30.230 | INFO     | __main__:run_zonal_forecast:402 -     Beans (red)              N1.02M           * N1.14M          
2026-05-13 06:20:30.230 | INFO     | __main__:run_zonal_forecast:402 -     Maize (white)          * N400K            * N481K           
2026-05-13 06:20:30.234 | INFO     | __main__:run_zonal_forecast:402 -     Maize (yellow)           N432K            * N520K           
2026-05-13 06:20:30.234 | INFO     | __main__:run_zonal_forecast:402 -     Wheat                    N778K              N813K           
2026-05-13 06:20:30.234 | INFO     | __main__:run_zonal_forecast:402 -   
2026-05-13 06:20:30.236 | INFO     | __main__:run_zonal_forecast:402 -   SOUTH EAST (Anambra & Imo)
2026-05-13 06:20:30.236 | INFO     | __main__:run_zonal_forecast:402 -     High consumption, low production of traded commodities. Import-dependent.
2026-05-13 06:20:30.237 | INFO     | __main__:run_zonal_forecast:402 -     Commodity              Anambra            Imo               
2026-05-13 06:20:30.237 | INFO     | __main__:run_zonal_forecast:402 -     ------------------------------------------------------------
2026-05-13 06:20:30.237 | INFO     | __main__:run_zonal_forecast:402 -     Hibiscus                 N2.60M             N2.56M          
2026-05-13 06:20:30.237 | INFO     | __main__:run_zonal_forecast:402 -     Sesame                   N1.44M             N1.42M          
2026-05-13 06:20:30.240 | INFO     | __main__:run_zonal_forecast:402 -     Ginger                   N11.15M            N10.86M         
2026-05-13 06:20:30.241 | INFO     | __main__:run_zonal_forecast:402 -     Cocoa                  * N5.93M           * N5.14M          
2026-05-13 06:20:30.241 | INFO     | __main__:run_zonal_forecast:402 -     Soybeans                 N849K              N834K           
2026-05-13 06:20:30.243 | INFO     | __main__:run_zonal_forecast:402 -     Cashew Nuts            * N2.15M           * N2.07M          
2026-05-13 06:20:30.245 | INFO     | __main__:run_zonal_forecast:402 -     Sorghum                  N382K              N375K           
2026-05-13 06:20:30.245 | INFO     | __main__:run_zonal_forecast:402 -     Beans (white)          * N959K            * N935K           
2026-05-13 06:20:30.247 | INFO     | __main__:run_zonal_forecast:402 -     Beans (red)            * N1.05M             N1.03M          
2026-05-13 06:20:30.247 | INFO     | __main__:run_zonal_forecast:402 -     Maize (white)          * N444K            * N433K           
2026-05-13 06:20:30.247 | INFO     | __main__:run_zonal_forecast:402 -     Maize (yellow)           N480K              N468K           
2026-05-13 06:20:30.247 | INFO     | __main__:run_zonal_forecast:402 -     Wheat                    N834K              N820K           
2026-05-13 06:20:30.249 | INFO     | __main__:run_zonal_forecast:402 -   
2026-05-13 06:20:30.249 | INFO     | __main__:run_zonal_forecast:402 -   SOUTH SOUTH (Rivers & Delta)
2026-05-13 06:20:30.249 | INFO     | __main__:run_zonal_forecast:402 -     Oil belt. High purchasing power. Cocoa producer (Delta).
2026-05-13 06:20:30.251 | INFO     | __main__:run_zonal_forecast:402 -     Commodity              Rivers             Delta             
2026-05-13 06:20:30.251 | INFO     | __main__:run_zonal_forecast:402 -     ------------------------------------------------------------
2026-05-13 06:20:30.253 | INFO     | __main__:run_zonal_forecast:402 -     Hibiscus               * N2.60M           * N2.51M          
2026-05-13 06:20:30.253 | INFO     | __main__:run_zonal_forecast:402 -     Sesame                 * N1.47M           * N1.44M          
2026-05-13 06:20:30.254 | INFO     | __main__:run_zonal_forecast:402 -     Ginger                   N11.64M            N11.15M         
2026-05-13 06:20:30.254 | INFO     | __main__:run_zonal_forecast:402 -     Cocoa                  * N5.93M           * N5.25M          
2026-05-13 06:20:30.254 | INFO     | __main__:run_zonal_forecast:402 -     Soybeans                 N879K            * N849K           
2026-05-13 06:20:30.257 | INFO     | __main__:run_zonal_forecast:402 -     Cashew Nuts              N2.24M             N2.15M          
2026-05-13 06:20:30.261 | INFO     | __main__:run_zonal_forecast:402 -     Sorghum                  N402K              N395K           
2026-05-13 06:20:30.261 | INFO     | __main__:run_zonal_forecast:402 -     Beans (white)          * N992K            * N951K           
2026-05-13 06:20:30.261 | INFO     | __main__:run_zonal_forecast:402 -     Beans (red)            * N1.10M             N1.05M          
2026-05-13 06:20:30.263 | INFO     | __main__:run_zonal_forecast:402 -     Maize (white)          * N462K            * N444K           
2026-05-13 06:20:30.263 | INFO     | __main__:run_zonal_forecast:402 -     Maize (yellow)           N500K              N480K           
2026-05-13 06:20:30.263 | INFO     | __main__:run_zonal_forecast:402 -     Wheat                    N862K              N848K           
2026-05-13 06:20:30.263 | INFO     | __main__:run_zonal_forecast:402 -   
2026-05-13 06:20:30.263 | INFO     | __main__:run_zonal_forecast:402 -   ==========================================================
2026-05-13 06:20:30.263 | INFO     | __main__:run_zonal_forecast:402 -   * = State's primary commodity (production advantage)
2026-05-13 06:20:30.268 | INFO     | __main__:run_zonal_forecast:402 -   
2026-05-13 06:20:30.268 | INFO     | __main__:run_zonal_forecast:402 -   BEST SOURCING NATIONALLY:
2026-05-13 06:20:30.268 | INFO     | __main__:run_zonal_forecast:402 -     Commodity              Best Buy State           Price        Spread
2026-05-13 06:20:30.269 | INFO     | __main__:run_zonal_forecast:402 -     --------------------------------------------------------------------
2026-05-13 06:20:30.270 | INFO     | __main__:run_zonal_forecast:402 -     Hibiscus               Kaduna                   N2.16M       (vs N2.67M in Lagos, spread: 24%)
2026-05-13 06:20:30.270 | INFO     | __main__:run_zonal_forecast:402 -     Sesame                 Kano                     N1.03M       (vs N1.47M in Lagos, spread: 42%)
2026-05-13 06:20:30.271 | INFO     | __main__:run_zonal_forecast:402 -     Ginger                 Kaduna                   N6.98M       (vs N11.64M in Lagos, spread: 67%)
2026-05-13 06:20:30.271 | INFO     | __main__:run_zonal_forecast:402 -     Cocoa                  Kogi                     N4.97M       (vs N6.67M in Borno, spread: 34%)
2026-05-13 06:20:30.272 | INFO     | __main__:run_zonal_forecast:402 -     Soybeans               Plateau                  N618K        (vs N909K in Lagos, spread: 47%)
2026-05-13 06:20:30.272 | INFO     | __main__:run_zonal_forecast:402 -     Cashew Nuts            Kogi                     N1.56M       (vs N2.24M in Borno, spread: 44%)
2026-05-13 06:20:30.272 | INFO     | __main__:run_zonal_forecast:402 -     Sorghum                Kano                     N261K        (vs N402K in Rivers, spread: 54%)
2026-05-13 06:20:30.274 | INFO     | __main__:run_zonal_forecast:402 -     Beans (white)          Kano                     N707K        (vs N1.04M in Lagos, spread: 47%)
2026-05-13 06:20:30.274 | INFO     | __main__:run_zonal_forecast:402 -     Beans (red)            Kano                     N824K        (vs N1.14M in Lagos, spread: 39%)
2026-05-13 06:20:30.274 | INFO     | __main__:run_zonal_forecast:402 -     Maize (white)          Kano                     N296K        (vs N481K in Lagos, spread: 62%)
2026-05-13 06:20:30.274 | INFO     | __main__:run_zonal_forecast:402 -     Maize (yellow)         Kano                     N320K        (vs N520K in Lagos, spread: 62%)
2026-05-13 06:20:30.278 | INFO     | __main__:run_zonal_forecast:402 -     Wheat                  Kaduna                   N615K        (vs N862K in Rivers, spread: 40%)
2026-05-13 06:20:30.278 | INFO     | __main__:run_zonal_forecast:402 -   
2026-05-13 06:20:30.278 | INFO     | __main__:run_zonal_forecast:402 -   ==========================================================
2026-05-13 06:20:30.280 | INFO     | __main__:run_zonal_forecast:402 -   Source: Agrolinking Intelligence Platform
2026-05-13 06:20:30.280 | INFO     | __main__:run_zonal_forecast:402 -   Next update: 14 May 2026
2026-05-13 06:20:30.281 | INFO     | __main__:run_zonal_forecast:403 - =================================================================
2026-05-13 06:20:30.281 | SUCCESS  | __main__:run_zonal_forecast:404 - ZONAL FORECASTING COMPLETE — 6 zones | 12 states | 12 commodities
