2026-06-09 06:10:36.835 | INFO     | __main__:run_zonal_forecast:403 - =================================================================
2026-06-09 06:10:36.837 | INFO     | __main__:run_zonal_forecast:404 - STEP 7 — ZONAL & STATE-LEVEL FORECASTING
2026-06-09 06:10:36.838 | INFO     | __main__:run_zonal_forecast:405 -   Date  : Tuesday, 09 June 2026  06:10
2026-06-09 06:10:36.839 | INFO     | __main__:run_zonal_forecast:406 -   Anchor: DAILY INTERPOLATED (from last_known_date, drifts daily)
2026-06-09 06:10:36.840 | INFO     | __main__:run_zonal_forecast:407 - =================================================================
2026-06-09 06:10:37.030 | INFO     | __main__:run_zonal_forecast:410 -   Source: forecast_validated_2026-06-09.json
2026-06-09 06:10:37.034 | INFO     | __main__:run_zonal_forecast:417 -   Maize (white): last_known=2026-06-09, days_elapsed=0
2026-06-09 06:10:37.035 | INFO     | __main__:run_zonal_forecast:417 -   Hibiscus: last_known=2026-06-09, days_elapsed=0
2026-06-09 06:10:37.036 | INFO     | __main__:run_zonal_forecast:417 -   Sesame: last_known=2026-06-09, days_elapsed=0
2026-06-09 06:10:37.039 | INFO     | __main__:build_zonal_output:224 - 
2026-06-09 06:10:37.041 | INFO     | __main__:build_zonal_output:225 -   NATIONAL ANCHORS (interpolated from last_known_date to today):
2026-06-09 06:10:37.045 | INFO     | __main__:build_zonal_output:226 -   Commodity                 Today Price   Day Chg    vs Ref  Source
2026-06-09 06:10:37.051 | INFO     | __main__:build_zonal_output:227 -   --------------------------------------------------------------------------------
2026-06-09 06:10:37.052 | DEBUG    | __main__:get_daily_price:115 -   last_known=2026-06-09, run=2026-06-09, elapsed=7d
2026-06-09 06:10:37.055 | DEBUG    | __main__:get_daily_price:81 -   last_known_date 2026-06-09 is in future. Capping to 7 days ago.
2026-06-09 06:10:37.055 | DEBUG    | __main__:get_daily_price:115 -   last_known=2026-06-09, run=2026-06-08, elapsed=7d
2026-06-09 06:10:37.057 | INFO     | __main__:build_zonal_output:257 -   Hibiscus               N   2,306,661    -0.06%   -0.79%  interp d7 (weekly series | -0.79% v
2026-06-09 06:10:37.063 | DEBUG    | __main__:get_daily_price:115 -   last_known=2026-06-09, run=2026-06-09, elapsed=7d
2026-06-09 06:10:37.067 | DEBUG    | __main__:get_daily_price:81 -   last_known_date 2026-06-09 is in future. Capping to 7 days ago.
2026-06-09 06:10:37.067 | DEBUG    | __main__:get_daily_price:115 -   last_known=2026-06-09, run=2026-06-08, elapsed=7d
2026-06-09 06:10:37.069 | INFO     | __main__:build_zonal_output:257 -   Sesame                 N   1,644,103    -0.03%   -0.36%  interp d7 (weekly series | -0.36% v
2026-06-09 06:10:37.071 | DEBUG    | __main__:get_daily_price:115 -   last_known=2026-06-09, run=2026-06-09, elapsed=7d
2026-06-09 06:10:37.075 | DEBUG    | __main__:get_daily_price:81 -   last_known_date 2026-06-09 is in future. Capping to 7 days ago.
2026-06-09 06:10:37.075 | DEBUG    | __main__:get_daily_price:115 -   last_known=2026-06-09, run=2026-06-08, elapsed=7d
2026-06-09 06:10:37.077 | INFO     | __main__:build_zonal_output:257 -   Ginger                 N  12,060,655    +0.04%  + +0.51%  interp d7 (weekly series | +0.51% v
2026-06-09 06:10:37.079 | DEBUG    | __main__:get_daily_price:115 -   last_known=2026-06-09, run=2026-06-09, elapsed=7d
2026-06-09 06:10:37.083 | DEBUG    | __main__:get_daily_price:81 -   last_known_date 2026-06-09 is in future. Capping to 7 days ago.
2026-06-09 06:10:37.083 | DEBUG    | __main__:get_daily_price:115 -   last_known=2026-06-09, run=2026-06-08, elapsed=7d
2026-06-09 06:10:37.086 | INFO     | __main__:build_zonal_output:257 -   Cocoa                  N   5,699,066    +0.06%  + +0.87%  interp d7 (weekly series | +0.87% v
2026-06-09 06:10:37.089 | DEBUG    | __main__:get_daily_price:115 -   last_known=2026-06-09, run=2026-06-09, elapsed=7d
2026-06-09 06:10:37.091 | DEBUG    | __main__:get_daily_price:81 -   last_known_date 2026-06-09 is in future. Capping to 7 days ago.
2026-06-09 06:10:37.092 | DEBUG    | __main__:get_daily_price:115 -   last_known=2026-06-09, run=2026-06-08, elapsed=7d
2026-06-09 06:10:37.098 | INFO     | __main__:build_zonal_output:257 -   Soybeans               N     749,676    +0.04%  + +0.63%  interp d7 (weekly series | +0.63% v
2026-06-09 06:10:37.101 | DEBUG    | __main__:get_daily_price:115 -   last_known=2026-06-09, run=2026-06-09, elapsed=7d
2026-06-09 06:10:37.104 | DEBUG    | __main__:get_daily_price:81 -   last_known_date 2026-06-09 is in future. Capping to 7 days ago.
2026-06-09 06:10:37.104 | DEBUG    | __main__:get_daily_price:115 -   last_known=2026-06-09, run=2026-06-08, elapsed=7d
2026-06-09 06:10:37.108 | INFO     | __main__:build_zonal_output:257 -   Cashew Nuts            N   1,966,366    +0.06%  + +0.84%  interp d7 (weekly series | +0.84% v
2026-06-09 06:10:37.110 | DEBUG    | __main__:get_daily_price:115 -   last_known=2026-06-09, run=2026-06-09, elapsed=7d
2026-06-09 06:10:37.114 | DEBUG    | __main__:get_daily_price:81 -   last_known_date 2026-06-09 is in future. Capping to 7 days ago.
2026-06-09 06:10:37.115 | DEBUG    | __main__:get_daily_price:115 -   last_known=2026-06-09, run=2026-06-08, elapsed=7d
2026-06-09 06:10:37.116 | INFO     | __main__:build_zonal_output:257 -   Sorghum                N     424,696    +0.08%  + +1.12%  interp d7 (weekly series | +1.12% v
2026-06-09 06:10:37.121 | DEBUG    | __main__:get_daily_price:115 -   last_known=2026-06-09, run=2026-06-09, elapsed=7d
2026-06-09 06:10:37.124 | DEBUG    | __main__:get_daily_price:81 -   last_known_date 2026-06-09 is in future. Capping to 7 days ago.
2026-06-09 06:10:37.124 | DEBUG    | __main__:get_daily_price:115 -   last_known=2026-06-09, run=2026-06-08, elapsed=7d
2026-06-09 06:10:37.126 | INFO     | __main__:build_zonal_output:257 -   Beans (white)          N     821,403    +0.07%  + +1.03%  interp d7 (weekly series | +1.03% v
2026-06-09 06:10:37.128 | DEBUG    | __main__:get_daily_price:115 -   last_known=2026-06-09, run=2026-06-09, elapsed=7d
2026-06-09 06:10:37.131 | DEBUG    | __main__:get_daily_price:81 -   last_known_date 2026-06-09 is in future. Capping to 7 days ago.
2026-06-09 06:10:37.131 | DEBUG    | __main__:get_daily_price:115 -   last_known=2026-06-09, run=2026-06-08, elapsed=7d
2026-06-09 06:10:37.133 | INFO     | __main__:build_zonal_output:257 -   Beans (red)            N     904,382    -0.08%   -1.16%  interp d7 (weekly series | -1.16% v
2026-06-09 06:10:37.137 | DEBUG    | __main__:get_daily_price:115 -   last_known=2026-06-09, run=2026-06-09, elapsed=7d
2026-06-09 06:10:37.140 | DEBUG    | __main__:get_daily_price:81 -   last_known_date 2026-06-09 is in future. Capping to 7 days ago.
2026-06-09 06:10:37.141 | DEBUG    | __main__:get_daily_price:115 -   last_known=2026-06-09, run=2026-06-08, elapsed=7d
2026-06-09 06:10:37.143 | INFO     | __main__:build_zonal_output:257 -   Maize (white)          N     372,734    +0.05%  + +0.74%  interp d7 (weekly series | +0.74% v
2026-06-09 06:10:37.145 | DEBUG    | __main__:get_daily_price:115 -   last_known=2026-06-09, run=2026-06-09, elapsed=7d
2026-06-09 06:10:37.151 | DEBUG    | __main__:get_daily_price:81 -   last_known_date 2026-06-09 is in future. Capping to 7 days ago.
2026-06-09 06:10:37.151 | DEBUG    | __main__:get_daily_price:115 -   last_known=2026-06-09, run=2026-06-08, elapsed=7d
2026-06-09 06:10:37.155 | INFO     | __main__:build_zonal_output:257 -   Maize (yellow)         N     401,399    +0.02%  + +0.35%  interp d7 (weekly series | +0.35% v
2026-06-09 06:10:37.157 | DEBUG    | __main__:get_daily_price:115 -   last_known=2026-06-09, run=2026-06-09, elapsed=7d
2026-06-09 06:10:37.160 | DEBUG    | __main__:get_daily_price:81 -   last_known_date 2026-06-09 is in future. Capping to 7 days ago.
2026-06-09 06:10:37.160 | DEBUG    | __main__:get_daily_price:115 -   last_known=2026-06-09, run=2026-06-08, elapsed=7d
2026-06-09 06:10:37.163 | INFO     | __main__:build_zonal_output:257 -   Wheat                  N     711,681    +0.05%  + +0.69%  interp d7 (weekly series | +0.69% v
2026-06-09 06:10:37.166 | DEBUG    | __main__:get_daily_price:115 -   last_known=2026-06-09, run=2026-06-09, elapsed=7d
2026-06-09 06:10:37.170 | DEBUG    | __main__:get_daily_price:81 -   last_known_date 2026-06-09 is in future. Capping to 7 days ago.
2026-06-09 06:10:37.170 | DEBUG    | __main__:get_daily_price:115 -   last_known=2026-06-09, run=2026-06-08, elapsed=7d
2026-06-09 06:10:37.173 | INFO     | __main__:build_zonal_output:257 -   Rice                   N   1,566,321    +0.07%  + +1.05%  interp d7 (weekly series | +1.05% v
2026-06-09 06:10:37.175 | INFO     | __main__:build_zonal_output:260 - 
2026-06-09 06:10:37.265 | INFO     | __main__:run_zonal_forecast:423 - 
2026-06-09 06:10:37.266 | INFO     | __main__:run_zonal_forecast:424 -   Zone             State        Commodity                 State Price  Day Chg
2026-06-09 06:10:37.266 | INFO     | __main__:run_zonal_forecast:425 -   ------------------------------------------------------------------------
2026-06-09 06:10:37.266 | INFO     | __main__:run_zonal_forecast:432 -   North West       Kano         * Sesame                N   1,364,605/MT  -0.03%
2026-06-09 06:10:37.267 | INFO     | __main__:run_zonal_forecast:432 -   North West       Kano         * Sorghum               N     331,263/MT  +0.08%
2026-06-09 06:10:37.267 | INFO     | __main__:run_zonal_forecast:432 -   North West       Kano         * Beans (white)         N     714,621/MT  +0.07%
2026-06-09 06:10:37.268 | INFO     | __main__:run_zonal_forecast:432 -   North West       Kano         * Maize (white)         N     298,187/MT  +0.05%
2026-06-09 06:10:37.269 | INFO     | __main__:run_zonal_forecast:432 -   North West       Kano         * Maize (yellow)        N     321,119/MT  +0.02%
2026-06-09 06:10:37.269 | INFO     | __main__:run_zonal_forecast:432 -   North West       Kano         * Wheat                 N     633,396/MT  +0.05%
2026-06-09 06:10:37.269 | INFO     | __main__:run_zonal_forecast:432 -   North West       Kaduna       * Ginger                N   8,683,671/MT  +0.04%
2026-06-09 06:10:37.270 | INFO     | __main__:run_zonal_forecast:432 -   North West       Kaduna       * Soybeans              N     629,728/MT  +0.04%
2026-06-09 06:10:37.271 | INFO     | __main__:run_zonal_forecast:432 -   North West       Kaduna       * Sorghum               N     339,757/MT  +0.08%
2026-06-09 06:10:37.272 | INFO     | __main__:run_zonal_forecast:432 -   North West       Kaduna       * Maize (white)         N     301,915/MT  +0.05%
2026-06-09 06:10:37.272 | INFO     | __main__:run_zonal_forecast:432 -   North West       Kaduna       * Maize (yellow)        N     325,133/MT  +0.02%
2026-06-09 06:10:37.273 | INFO     | __main__:run_zonal_forecast:432 -   North West       Kaduna       * Wheat                 N     619,162/MT  +0.05%
2026-06-09 06:10:37.274 | INFO     | __main__:run_zonal_forecast:432 -   North West       Kaduna       * Rice                  N   1,456,678/MT  +0.07%
2026-06-09 06:10:37.274 | INFO     | __main__:run_zonal_forecast:432 -   North Central    Plateau      * Ginger                N   9,045,491/MT  +0.04%
2026-06-09 06:10:37.275 | INFO     | __main__:run_zonal_forecast:432 -   North Central    Plateau      * Soybeans              N     622,231/MT  +0.04%
2026-06-09 06:10:37.276 | INFO     | __main__:run_zonal_forecast:432 -   North Central    Plateau      * Beans (white)         N     739,263/MT  +0.07%
2026-06-09 06:10:37.277 | INFO     | __main__:run_zonal_forecast:432 -   North Central    Plateau      * Maize (white)         N     324,279/MT  +0.05%
2026-06-09 06:10:37.279 | INFO     | __main__:run_zonal_forecast:432 -   North Central    Plateau      * Wheat                 N     647,630/MT  +0.05%
2026-06-09 06:10:37.280 | INFO     | __main__:run_zonal_forecast:432 -   North Central    Plateau      * Rice                  N   1,409,689/MT  +0.07%
2026-06-09 06:10:37.281 | INFO     | __main__:run_zonal_forecast:432 -   North Central    Kogi         * Cocoa                 N   5,015,178/MT  +0.06%
2026-06-09 06:10:37.282 | INFO     | __main__:run_zonal_forecast:432 -   North Central    Kogi         * Soybeans              N     652,218/MT  +0.04%
2026-06-09 06:10:37.284 | INFO     | __main__:run_zonal_forecast:432 -   North Central    Kogi         * Cashew Nuts           N   1,573,093/MT  +0.06%
2026-06-09 06:10:37.285 | INFO     | __main__:run_zonal_forecast:432 -   North Central    Kogi         * Sorghum               N     386,474/MT  +0.08%
2026-06-09 06:10:37.286 | INFO     | __main__:run_zonal_forecast:432 -   North Central    Kogi         * Beans (white)         N     755,691/MT  +0.07%
2026-06-09 06:10:37.286 | INFO     | __main__:run_zonal_forecast:432 -   North Central    Kogi         * Maize (white)         N     335,461/MT  +0.05%
2026-06-09 06:10:37.286 | INFO     | __main__:run_zonal_forecast:432 -   North East       Adamawa      * Sesame                N   1,413,929/MT  -0.03%
2026-06-09 06:10:37.288 | INFO     | __main__:run_zonal_forecast:432 -   North East       Adamawa      * Ginger                N  10,010,343/MT  +0.04%
2026-06-09 06:10:37.288 | INFO     | __main__:run_zonal_forecast:432 -   North East       Adamawa      * Soybeans              N     667,212/MT  +0.04%
2026-06-09 06:10:37.288 | INFO     | __main__:run_zonal_forecast:432 -   North East       Adamawa      * Sorghum               N     369,486/MT  +0.08%
2026-06-09 06:10:37.289 | INFO     | __main__:run_zonal_forecast:432 -   North East       Adamawa      * Beans (white)         N     755,691/MT  +0.07%
2026-06-09 06:10:37.290 | INFO     | __main__:run_zonal_forecast:432 -   North East       Adamawa      * Maize (white)         N     328,006/MT  +0.05%
2026-06-09 06:10:37.291 | INFO     | __main__:run_zonal_forecast:432 -   North East       Borno        * Sesame                N   1,463,252/MT  -0.03%
2026-06-09 06:10:37.291 | INFO     | __main__:run_zonal_forecast:432 -   North East       Borno        * Sorghum               N     390,721/MT  +0.08%
2026-06-09 06:10:37.292 | INFO     | __main__:run_zonal_forecast:432 -   North East       Borno        * Beans (white)         N     870,688/MT  +0.07%
2026-06-09 06:10:37.292 | INFO     | __main__:run_zonal_forecast:432 -   North East       Borno        * Maize (white)         N     402,553/MT  +0.05%
2026-06-09 06:10:37.293 | INFO     | __main__:run_zonal_forecast:432 -   North East       Borno        * Wheat                 N     797,083/MT  +0.05%
2026-06-09 06:10:37.293 | INFO     | __main__:run_zonal_forecast:432 -   South West       Oyo          * Hibiscus              N   2,375,861/MT  -0.06%
2026-06-09 06:10:37.294 | INFO     | __main__:run_zonal_forecast:432 -   South West       Oyo          * Cocoa                 N   5,072,169/MT  +0.06%
2026-06-09 06:10:37.294 | INFO     | __main__:run_zonal_forecast:432 -   South West       Oyo          * Soybeans              N     779,663/MT  +0.04%
2026-06-09 06:10:37.294 | INFO     | __main__:run_zonal_forecast:432 -   South West       Oyo          * Cashew Nuts           N   1,691,075/MT  +0.06%
2026-06-09 06:10:37.295 | INFO     | __main__:run_zonal_forecast:432 -   South West       Oyo          * Beans (white)         N     903,544/MT  +0.07%
2026-06-09 06:10:37.297 | INFO     | __main__:run_zonal_forecast:432 -   South West       Oyo          * Maize (white)         N     402,553/MT  +0.05%
2026-06-09 06:10:37.298 | INFO     | __main__:run_zonal_forecast:432 -   South West       Lagos        * Hibiscus              N   2,652,660/MT  -0.06%
2026-06-09 06:10:37.298 | INFO     | __main__:run_zonal_forecast:432 -   South West       Lagos        * Sesame                N   1,940,041/MT  -0.03%
2026-06-09 06:10:37.298 | INFO     | __main__:run_zonal_forecast:432 -   South West       Lagos        * Cocoa                 N   6,154,991/MT  +0.06%
2026-06-09 06:10:37.300 | INFO     | __main__:run_zonal_forecast:432 -   South West       Lagos        * Soybeans              N     914,605/MT  +0.04%
2026-06-09 06:10:37.300 | INFO     | __main__:run_zonal_forecast:432 -   South West       Lagos        * Beans (white)         N   1,051,396/MT  +0.07%
2026-06-09 06:10:37.301 | INFO     | __main__:run_zonal_forecast:432 -   South West       Lagos        * Beans (red)           N   1,130,477/MT  -0.08%
2026-06-09 06:10:37.302 | INFO     | __main__:run_zonal_forecast:432 -   South West       Lagos        * Maize (white)         N     484,554/MT  +0.05%
2026-06-09 06:10:37.302 | INFO     | __main__:run_zonal_forecast:432 -   South West       Lagos        * Maize (yellow)        N     521,819/MT  +0.02%
2026-06-09 06:10:37.303 | INFO     | __main__:run_zonal_forecast:432 -   South East       Anambra      * Cocoa                 N   5,984,019/MT  +0.06%
2026-06-09 06:10:37.304 | INFO     | __main__:run_zonal_forecast:432 -   South East       Anambra      * Cashew Nuts           N   2,163,003/MT  +0.06%
2026-06-09 06:10:37.304 | INFO     | __main__:run_zonal_forecast:432 -   South East       Anambra      * Beans (white)         N     969,256/MT  +0.07%
2026-06-09 06:10:37.305 | INFO     | __main__:run_zonal_forecast:432 -   South East       Anambra      * Beans (red)           N   1,040,039/MT  -0.08%
2026-06-09 06:10:37.305 | INFO     | __main__:run_zonal_forecast:432 -   South East       Anambra      * Maize (white)         N     447,281/MT  +0.05%
2026-06-09 06:10:37.306 | INFO     | __main__:run_zonal_forecast:432 -   South East       Imo          * Cocoa                 N   5,186,150/MT  +0.06%
2026-06-09 06:10:37.307 | INFO     | __main__:run_zonal_forecast:432 -   South East       Imo          * Cashew Nuts           N   2,084,348/MT  +0.06%
2026-06-09 06:10:37.307 | INFO     | __main__:run_zonal_forecast:432 -   South East       Imo          * Beans (white)         N     944,614/MT  +0.07%
2026-06-09 06:10:37.308 | INFO     | __main__:run_zonal_forecast:432 -   South East       Imo          * Maize (white)         N     436,099/MT  +0.05%
2026-06-09 06:10:37.309 | INFO     | __main__:run_zonal_forecast:432 -   South South      Rivers       * Hibiscus              N   2,583,460/MT  -0.06%
2026-06-09 06:10:37.310 | INFO     | __main__:run_zonal_forecast:432 -   South South      Rivers       * Sesame                N   1,940,041/MT  -0.03%
2026-06-09 06:10:37.311 | INFO     | __main__:run_zonal_forecast:432 -   South South      Rivers       * Cocoa                 N   5,984,019/MT  +0.06%
2026-06-09 06:10:37.311 | INFO     | __main__:run_zonal_forecast:432 -   South South      Rivers       * Beans (white)         N   1,002,112/MT  +0.07%
2026-06-09 06:10:37.312 | INFO     | __main__:run_zonal_forecast:432 -   South South      Rivers       * Beans (red)           N   1,085,258/MT  -0.08%
2026-06-09 06:10:37.312 | INFO     | __main__:run_zonal_forecast:432 -   South South      Rivers       * Maize (white)         N     465,918/MT  +0.05%
2026-06-09 06:10:37.312 | INFO     | __main__:run_zonal_forecast:432 -   South South      Delta        * Hibiscus              N   2,491,194/MT  -0.06%
2026-06-09 06:10:37.313 | INFO     | __main__:run_zonal_forecast:432 -   South South      Delta        * Sesame                N   1,907,159/MT  -0.03%
2026-06-09 06:10:37.313 | INFO     | __main__:run_zonal_forecast:432 -   South South      Delta        * Cocoa                 N   5,300,131/MT  +0.06%
2026-06-09 06:10:37.316 | INFO     | __main__:run_zonal_forecast:432 -   South South      Delta        * Soybeans              N     854,631/MT  +0.04%
2026-06-09 06:10:37.317 | INFO     | __main__:run_zonal_forecast:432 -   South South      Delta        * Beans (white)         N     961,042/MT  +0.07%
2026-06-09 06:10:37.317 | INFO     | __main__:run_zonal_forecast:432 -   South South      Delta        * Maize (white)         N     447,281/MT  +0.05%
2026-06-09 06:10:37.783 | SUCCESS  | __main__:run_zonal_forecast:446 -   Zonal JSON  -> C:\Users\USER\Downloads\agrolinking-intel-structure\agrolinking-intel\outputs\forecasts\zonal\zonal_forecast_2026-06-09.json
2026-06-09 06:10:37.790 | SUCCESS  | __main__:run_zonal_forecast:452 -   Zonal alert -> C:\Users\USER\Downloads\agrolinking-intel-structure\agrolinking-intel\outputs\daily_alerts\alert_zonal_2026-06-09.txt
2026-06-09 06:10:37.792 | INFO     | __main__:run_zonal_forecast:454 - 
2026-06-09 06:10:37.792 | INFO     | __main__:run_zonal_forecast:455 - =================================================================
2026-06-09 06:10:37.794 | INFO     | __main__:run_zonal_forecast:457 -   ================================================
2026-06-09 06:10:37.794 | INFO     | __main__:run_zonal_forecast:457 -   AGROLINKING ZONAL COMMODITY INTELLIGENCE
2026-06-09 06:10:37.795 | INFO     | __main__:run_zonal_forecast:457 -   Date: Tuesday, 09 June 2026
2026-06-09 06:10:37.795 | INFO     | __main__:run_zonal_forecast:457 -   6 Zones | 12 States | 12 Commodities
2026-06-09 06:10:37.796 | INFO     | __main__:run_zonal_forecast:457 -   ================================================
2026-06-09 06:10:37.797 | INFO     | __main__:run_zonal_forecast:457 -   
2026-06-09 06:10:37.797 | INFO     | __main__:run_zonal_forecast:457 -   NORTH WEST (Kano & Kaduna)
2026-06-09 06:10:37.798 | INFO     | __main__:run_zonal_forecast:457 -   Nigeria's main grain belt. Highest Maize, Sorghum, Sesame, Wheat production.
2026-06-09 06:10:37.798 | INFO     | __main__:run_zonal_forecast:457 -   
2026-06-09 06:10:37.799 | INFO     | __main__:run_zonal_forecast:457 -     Commodity           Kano                Kaduna            
2026-06-09 06:10:37.799 | INFO     | __main__:run_zonal_forecast:457 -     ------------------------------------------------------------
2026-06-09 06:10:37.800 | INFO     | __main__:run_zonal_forecast:457 -     Hibiscus                N2.191M    (-0.1%)    N2.145M    (-0.1%)
2026-06-09 06:10:37.801 | INFO     | __main__:run_zonal_forecast:457 -     Sesame                * N1.365M    (-0.0%)    N1.397M    (-0.0%)
2026-06-09 06:10:37.801 | INFO     | __main__:run_zonal_forecast:457 -     Ginger                  N11.819M   (+0.0%)  * N8.684M    (+0.0%)
2026-06-09 06:10:37.802 | INFO     | __main__:run_zonal_forecast:457 -     Cocoa                   N5.813M    (+0.1%)    N5.984M    (+0.1%)
2026-06-09 06:10:37.803 | INFO     | __main__:run_zonal_forecast:457 -     Soybeans                N675K      (+0.0%)  * N630K      (+0.0%)
2026-06-09 06:10:37.804 | INFO     | __main__:run_zonal_forecast:457 -     Cashew Nuts             N1.966M    (+0.1%)    N2.006M    (+0.1%)
2026-06-09 06:10:37.804 | INFO     | __main__:run_zonal_forecast:457 -     Sorghum               * N331K      (+0.1%)  * N340K      (+0.1%)
2026-06-09 06:10:37.806 | INFO     | __main__:run_zonal_forecast:457 -     Beans (white)         * N715K      (+0.1%)    N723K      (+0.1%)
2026-06-09 06:10:37.807 | INFO     | __main__:run_zonal_forecast:457 -     Beans (red)             N814K      (-0.1%)    N823K      (-0.1%)
2026-06-09 06:10:37.808 | INFO     | __main__:run_zonal_forecast:457 -     Maize (white)         * N298K      (+0.1%)  * N302K      (+0.1%)
2026-06-09 06:10:37.809 | INFO     | __main__:run_zonal_forecast:457 -     Maize (yellow)        * N321K      (+0.0%)  * N325K      (+0.0%)
2026-06-09 06:10:37.809 | INFO     | __main__:run_zonal_forecast:457 -     Wheat                 * N633K      (+0.1%)  * N619K      (+0.1%)
2026-06-09 06:10:37.810 | INFO     | __main__:run_zonal_forecast:457 -     Rice                    N1.488M    (+0.1%)  * N1.457M    (+0.1%)
2026-06-09 06:10:37.811 | INFO     | __main__:run_zonal_forecast:457 -   
2026-06-09 06:10:37.811 | INFO     | __main__:run_zonal_forecast:457 -   NORTH CENTRAL (Plateau & Kogi)
2026-06-09 06:10:37.812 | INFO     | __main__:run_zonal_forecast:457 -   Middle Belt. Ginger heartland (Plateau), Cashew/Cocoa belt (Kogi).
2026-06-09 06:10:37.813 | INFO     | __main__:run_zonal_forecast:457 -   
2026-06-09 06:10:37.814 | INFO     | __main__:run_zonal_forecast:457 -     Commodity           Plateau             Kogi              
2026-06-09 06:10:37.816 | INFO     | __main__:run_zonal_forecast:457 -     ------------------------------------------------------------
2026-06-09 06:10:37.817 | INFO     | __main__:run_zonal_forecast:457 -     Hibiscus                N2.237M    (-0.1%)    N2.214M    (-0.1%)
2026-06-09 06:10:37.817 | INFO     | __main__:run_zonal_forecast:457 -     Sesame                  N1.578M    (-0.0%)    N1.595M    (-0.0%)
2026-06-09 06:10:37.820 | INFO     | __main__:run_zonal_forecast:457 -     Ginger                * N9.045M    (+0.0%)    N11.337M   (+0.0%)
2026-06-09 06:10:37.821 | INFO     | __main__:run_zonal_forecast:457 -     Cocoa                   N6.155M    (+0.1%)  * N5.015M    (+0.1%)
2026-06-09 06:10:37.822 | INFO     | __main__:run_zonal_forecast:457 -     Soybeans              * N622K      (+0.0%)  * N652K      (+0.0%)
2026-06-09 06:10:37.822 | INFO     | __main__:run_zonal_forecast:457 -     Cashew Nuts             N2.065M    (+0.1%)  * N1.573M    (+0.1%)
2026-06-09 06:10:37.823 | INFO     | __main__:run_zonal_forecast:457 -     Sorghum                 N391K      (+0.1%)  * N386K      (+0.1%)
2026-06-09 06:10:37.824 | INFO     | __main__:run_zonal_forecast:457 -     Beans (white)         * N739K      (+0.1%)  * N756K      (+0.1%)
2026-06-09 06:10:37.824 | INFO     | __main__:run_zonal_forecast:457 -     Beans (red)             N859K      (-0.1%)    N850K      (-0.1%)
2026-06-09 06:10:37.825 | INFO     | __main__:run_zonal_forecast:457 -     Maize (white)         * N324K      (+0.1%)  * N335K      (+0.1%)
2026-06-09 06:10:37.826 | INFO     | __main__:run_zonal_forecast:457 -     Maize (yellow)          N353K      (+0.0%)    N365K      (+0.0%)
2026-06-09 06:10:37.828 | INFO     | __main__:run_zonal_forecast:457 -     Wheat                 * N648K      (+0.1%)    N690K      (+0.1%)
2026-06-09 06:10:37.829 | INFO     | __main__:run_zonal_forecast:457 -     Rice                  * N1.410M    (+0.1%)    N1.519M    (+0.1%)
2026-06-09 06:10:37.830 | INFO     | __main__:run_zonal_forecast:457 -   
2026-06-09 06:10:37.830 | INFO     | __main__:run_zonal_forecast:457 -   NORTH EAST (Adamawa & Borno)
2026-06-09 06:10:37.831 | INFO     | __main__:run_zonal_forecast:457 -   Semi-arid. Sorghum, Maize. Conflict premium on imports in Borno.
2026-06-09 06:10:37.831 | INFO     | __main__:run_zonal_forecast:457 -   
2026-06-09 06:10:37.833 | INFO     | __main__:run_zonal_forecast:457 -     Commodity           Adamawa             Borno             
2026-06-09 06:10:37.834 | INFO     | __main__:run_zonal_forecast:457 -     ------------------------------------------------------------
2026-06-09 06:10:37.835 | INFO     | __main__:run_zonal_forecast:457 -     Hibiscus                N2.261M    (-0.1%)    N2.422M    (-0.1%)
2026-06-09 06:10:37.835 | INFO     | __main__:run_zonal_forecast:457 -     Sesame                * N1.414M    (-0.0%)  * N1.463M    (-0.0%)
2026-06-09 06:10:37.836 | INFO     | __main__:run_zonal_forecast:457 -     Ginger                * N10.010M   (+0.0%)    N13.870M   (+0.0%)
2026-06-09 06:10:37.836 | INFO     | __main__:run_zonal_forecast:457 -     Cocoa                   N5.984M    (+0.1%)    N6.725M    (+0.1%)
2026-06-09 06:10:37.837 | INFO     | __main__:run_zonal_forecast:457 -     Soybeans              * N667K      (+0.0%)    N810K      (+0.0%)
2026-06-09 06:10:37.837 | INFO     | __main__:run_zonal_forecast:457 -     Cashew Nuts             N2.045M    (+0.1%)    N2.261M    (+0.1%)
2026-06-09 06:10:37.838 | INFO     | __main__:run_zonal_forecast:457 -     Sorghum               * N369K      (+0.1%)  * N391K      (+0.1%)
2026-06-09 06:10:37.839 | INFO     | __main__:run_zonal_forecast:457 -     Beans (white)         * N756K      (+0.1%)  * N871K      (+0.1%)
2026-06-09 06:10:37.840 | INFO     | __main__:run_zonal_forecast:457 -     Beans (red)             N859K      (-0.1%)    N995K      (-0.1%)
2026-06-09 06:10:37.840 | INFO     | __main__:run_zonal_forecast:457 -     Maize (white)         * N328K      (+0.1%)  * N403K      (+0.1%)
2026-06-09 06:10:37.841 | INFO     | __main__:run_zonal_forecast:457 -     Maize (yellow)          N357K      (+0.0%)    N434K      (+0.0%)
2026-06-09 06:10:37.842 | INFO     | __main__:run_zonal_forecast:457 -     Wheat                   N697K      (+0.1%)  * N797K      (+0.1%)
2026-06-09 06:10:37.843 | INFO     | __main__:run_zonal_forecast:457 -     Rice                    N1.598M    (+0.1%)    N1.723M    (+0.1%)
2026-06-09 06:10:37.843 | INFO     | __main__:run_zonal_forecast:457 -   
2026-06-09 06:10:37.845 | INFO     | __main__:run_zonal_forecast:457 -   SOUTH WEST (Oyo & Lagos)
2026-06-09 06:10:37.846 | INFO     | __main__:run_zonal_forecast:457 -   Commercial capital. Lagos is the price-setter for consumer markets.
2026-06-09 06:10:37.846 | INFO     | __main__:run_zonal_forecast:457 -   
2026-06-09 06:10:37.847 | INFO     | __main__:run_zonal_forecast:457 -     Commodity           Oyo                 Lagos             
2026-06-09 06:10:37.851 | INFO     | __main__:run_zonal_forecast:457 -     ------------------------------------------------------------
2026-06-09 06:10:37.851 | INFO     | __main__:run_zonal_forecast:457 -     Hibiscus              * N2.376M    (-0.1%)  * N2.653M    (-0.1%)
2026-06-09 06:10:37.852 | INFO     | __main__:run_zonal_forecast:457 -     Sesame                  N1.743M    (-0.0%)  * N1.940M    (-0.0%)
2026-06-09 06:10:37.853 | INFO     | __main__:run_zonal_forecast:457 -     Ginger                  N13.026M   (+0.0%)    N14.473M   (+0.0%)
2026-06-09 06:10:37.853 | INFO     | __main__:run_zonal_forecast:457 -     Cocoa                 * N5.072M    (+0.1%)  * N6.155M    (+0.1%)
2026-06-09 06:10:37.854 | INFO     | __main__:run_zonal_forecast:457 -     Soybeans              * N780K      (+0.0%)  * N915K      (+0.0%)
2026-06-09 06:10:37.855 | INFO     | __main__:run_zonal_forecast:457 -     Cashew Nuts           * N1.691M    (+0.1%)    N2.163M    (+0.1%)
2026-06-09 06:10:37.856 | INFO     | __main__:run_zonal_forecast:457 -     Sorghum                 N446K      (+0.1%)    N501K      (+0.1%)
2026-06-09 06:10:37.858 | INFO     | __main__:run_zonal_forecast:457 -     Beans (white)         * N904K      (+0.1%)  * N1.051M    (+0.1%)
2026-06-09 06:10:37.859 | INFO     | __main__:run_zonal_forecast:457 -     Beans (red)             N1.013M    (-0.1%)  * N1.130M    (-0.1%)
2026-06-09 06:10:37.859 | INFO     | __main__:run_zonal_forecast:457 -     Maize (white)         * N403K      (+0.1%)  * N485K      (+0.1%)
2026-06-09 06:10:37.859 | INFO     | __main__:run_zonal_forecast:457 -     Maize (yellow)          N434K      (+0.0%)  * N522K      (+0.0%)
2026-06-09 06:10:37.860 | INFO     | __main__:run_zonal_forecast:457 -     Wheat                   N783K      (+0.1%)    N818K      (+0.1%)
2026-06-09 06:10:37.861 | INFO     | __main__:run_zonal_forecast:457 -     Rice                    N1.692M    (+0.1%)    N1.848M    (+0.1%)
2026-06-09 06:10:37.862 | INFO     | __main__:run_zonal_forecast:457 -   
2026-06-09 06:10:37.862 | INFO     | __main__:run_zonal_forecast:457 -   SOUTH EAST (Anambra & Imo)
2026-06-09 06:10:37.863 | INFO     | __main__:run_zonal_forecast:457 -   High consumption, low production of traded commodities. Import-dependent.
2026-06-09 06:10:37.865 | INFO     | __main__:run_zonal_forecast:457 -   
2026-06-09 06:10:37.865 | INFO     | __main__:run_zonal_forecast:457 -     Commodity           Anambra             Imo               
2026-06-09 06:10:37.866 | INFO     | __main__:run_zonal_forecast:457 -     ------------------------------------------------------------
2026-06-09 06:10:37.867 | INFO     | __main__:run_zonal_forecast:457 -     Hibiscus                N2.583M    (-0.1%)    N2.537M    (-0.1%)
2026-06-09 06:10:37.868 | INFO     | __main__:run_zonal_forecast:457 -     Sesame                  N1.907M    (-0.0%)    N1.874M    (-0.0%)
2026-06-09 06:10:37.868 | INFO     | __main__:run_zonal_forecast:457 -     Ginger                  N13.870M   (+0.0%)    N13.508M   (+0.0%)
2026-06-09 06:10:37.869 | INFO     | __main__:run_zonal_forecast:457 -     Cocoa                 * N5.984M    (+0.1%)  * N5.186M    (+0.1%)
2026-06-09 06:10:37.869 | INFO     | __main__:run_zonal_forecast:457 -     Soybeans                N855K      (+0.0%)    N840K      (+0.0%)
2026-06-09 06:10:37.870 | INFO     | __main__:run_zonal_forecast:457 -     Cashew Nuts           * N2.163M    (+0.1%)  * N2.084M    (+0.1%)
2026-06-09 06:10:37.870 | INFO     | __main__:run_zonal_forecast:457 -     Sorghum                 N484K      (+0.1%)    N476K      (+0.1%)
2026-06-09 06:10:37.871 | INFO     | __main__:run_zonal_forecast:457 -     Beans (white)         * N969K      (+0.1%)  * N945K      (+0.1%)
2026-06-09 06:10:37.872 | INFO     | __main__:run_zonal_forecast:457 -     Beans (red)           * N1.040M    (-0.1%)    N1.022M    (-0.1%)
2026-06-09 06:10:37.872 | INFO     | __main__:run_zonal_forecast:457 -     Maize (white)         * N447K      (+0.1%)  * N436K      (+0.1%)
2026-06-09 06:10:37.872 | INFO     | __main__:run_zonal_forecast:457 -     Maize (yellow)          N482K      (+0.0%)    N470K      (+0.0%)
2026-06-09 06:10:37.873 | INFO     | __main__:run_zonal_forecast:457 -     Wheat                   N840K      (+0.1%)    N826K      (+0.1%)
2026-06-09 06:10:37.873 | INFO     | __main__:run_zonal_forecast:457 -     Rice                    N1.754M    (+0.1%)    N1.723M    (+0.1%)
2026-06-09 06:10:37.874 | INFO     | __main__:run_zonal_forecast:457 -   
2026-06-09 06:10:37.874 | INFO     | __main__:run_zonal_forecast:457 -   SOUTH SOUTH (Rivers & Delta)
2026-06-09 06:10:37.875 | INFO     | __main__:run_zonal_forecast:457 -   Oil belt. High purchasing power. Cocoa producer (Delta).
2026-06-09 06:10:37.876 | INFO     | __main__:run_zonal_forecast:457 -   
2026-06-09 06:10:37.877 | INFO     | __main__:run_zonal_forecast:457 -     Commodity           Rivers              Delta             
2026-06-09 06:10:37.877 | INFO     | __main__:run_zonal_forecast:457 -     ------------------------------------------------------------
2026-06-09 06:10:37.878 | INFO     | __main__:run_zonal_forecast:457 -     Hibiscus              * N2.583M    (-0.1%)  * N2.491M    (-0.1%)
2026-06-09 06:10:37.879 | INFO     | __main__:run_zonal_forecast:457 -     Sesame                * N1.940M    (-0.0%)  * N1.907M    (-0.0%)
2026-06-09 06:10:37.880 | INFO     | __main__:run_zonal_forecast:457 -     Ginger                  N14.473M   (+0.0%)    N13.870M   (+0.0%)
2026-06-09 06:10:37.880 | INFO     | __main__:run_zonal_forecast:457 -     Cocoa                 * N5.984M    (+0.1%)  * N5.300M    (+0.1%)
2026-06-09 06:10:37.881 | INFO     | __main__:run_zonal_forecast:457 -     Soybeans                N885K      (+0.0%)  * N855K      (+0.0%)
2026-06-09 06:10:37.881 | INFO     | __main__:run_zonal_forecast:457 -     Cashew Nuts             N2.261M    (+0.1%)    N2.163M    (+0.1%)
2026-06-09 06:10:37.882 | INFO     | __main__:run_zonal_forecast:457 -     Sorghum                 N510K      (+0.1%)    N501K      (+0.1%)
2026-06-09 06:10:37.883 | INFO     | __main__:run_zonal_forecast:457 -     Beans (white)         * N1.002M    (+0.1%)  * N961K      (+0.1%)
2026-06-09 06:10:37.883 | INFO     | __main__:run_zonal_forecast:457 -     Beans (red)           * N1.085M    (-0.1%)    N1.040M    (-0.1%)
2026-06-09 06:10:37.884 | INFO     | __main__:run_zonal_forecast:457 -     Maize (white)         * N466K      (+0.1%)  * N447K      (+0.1%)
2026-06-09 06:10:37.885 | INFO     | __main__:run_zonal_forecast:457 -     Maize (yellow)          N502K      (+0.0%)    N482K      (+0.0%)
2026-06-09 06:10:37.885 | INFO     | __main__:run_zonal_forecast:457 -     Wheat                   N868K      (+0.1%)    N854K      (+0.1%)
2026-06-09 06:10:37.886 | INFO     | __main__:run_zonal_forecast:457 -     Rice                    N1.801M    (+0.1%)    N1.754M    (+0.1%)
2026-06-09 06:10:37.886 | INFO     | __main__:run_zonal_forecast:457 -   
2026-06-09 06:10:37.887 | INFO     | __main__:run_zonal_forecast:457 -   ==========================================================
2026-06-09 06:10:37.887 | INFO     | __main__:run_zonal_forecast:457 -   * = primary commodity  (+/-%) = day-on-day change
2026-06-09 06:10:37.888 | INFO     | __main__:run_zonal_forecast:457 -   
2026-06-09 06:10:37.888 | INFO     | __main__:run_zonal_forecast:457 -   NATIONAL PRICE CHANGES TODAY:
2026-06-09 06:10:37.889 | INFO     | __main__:run_zonal_forecast:457 -     Commodity                   Price   Day Chg    vs Ref
2026-06-09 06:10:37.890 | INFO     | __main__:run_zonal_forecast:457 -     ------------------------------------------------------
2026-06-09 06:10:37.890 | INFO     | __main__:run_zonal_forecast:457 -     Hibiscus                  N2.307M    -0.06%    -0.79%
2026-06-09 06:10:37.891 | INFO     | __main__:run_zonal_forecast:457 -     Sesame                    N1.644M    -0.03%    -0.36%
2026-06-09 06:10:37.891 | INFO     | __main__:run_zonal_forecast:457 -     Ginger                   N12.061M    +0.04%    +0.51%
2026-06-09 06:10:37.892 | INFO     | __main__:run_zonal_forecast:457 -     Cocoa                     N5.699M    +0.06%    +0.87%
2026-06-09 06:10:37.892 | INFO     | __main__:run_zonal_forecast:457 -     Soybeans                    N750K    +0.04%    +0.63%
2026-06-09 06:10:37.893 | INFO     | __main__:run_zonal_forecast:457 -     Cashew Nuts               N1.966M    +0.06%    +0.84%
2026-06-09 06:10:37.893 | INFO     | __main__:run_zonal_forecast:457 -     Sorghum                     N425K    +0.08%    +1.12%
2026-06-09 06:10:37.895 | INFO     | __main__:run_zonal_forecast:457 -     Beans (white)               N821K    +0.07%    +1.03%
2026-06-09 06:10:37.896 | INFO     | __main__:run_zonal_forecast:457 -     Beans (red)                 N904K    -0.08%    -1.16%
2026-06-09 06:10:37.897 | INFO     | __main__:run_zonal_forecast:457 -     Maize (white)               N373K    +0.05%    +0.74%
2026-06-09 06:10:37.898 | INFO     | __main__:run_zonal_forecast:457 -     Maize (yellow)              N401K    +0.02%    +0.35%
2026-06-09 06:10:37.900 | INFO     | __main__:run_zonal_forecast:457 -     Wheat                       N712K    +0.05%    +0.69%
2026-06-09 06:10:37.901 | INFO     | __main__:run_zonal_forecast:457 -     Rice                      N1.566M    +0.07%    +1.05%
2026-06-09 06:10:37.901 | INFO     | __main__:run_zonal_forecast:457 -   
2026-06-09 06:10:37.902 | INFO     | __main__:run_zonal_forecast:457 -   BEST SOURCING NATIONALLY:
2026-06-09 06:10:37.902 | INFO     | __main__:run_zonal_forecast:457 -     Commodity              Best State           Price  Spread
2026-06-09 06:10:37.903 | INFO     | __main__:run_zonal_forecast:457 -     ------------------------------------------------------------
2026-06-09 06:10:37.903 | INFO     | __main__:run_zonal_forecast:457 -     Hibiscus               Kaduna             N2.145M  24% vs Lagos
2026-06-09 06:10:37.904 | INFO     | __main__:run_zonal_forecast:457 -     Sesame                 Kano               N1.365M  42% vs Lagos
2026-06-09 06:10:37.905 | INFO     | __main__:run_zonal_forecast:457 -     Ginger                 Kaduna             N8.684M  67% vs Lagos
2026-06-09 06:10:37.906 | INFO     | __main__:run_zonal_forecast:457 -     Cocoa                  Kogi               N5.015M  34% vs Borno
2026-06-09 06:10:37.907 | INFO     | __main__:run_zonal_forecast:457 -     Soybeans               Plateau              N622K  47% vs Lagos
2026-06-09 06:10:37.908 | INFO     | __main__:run_zonal_forecast:457 -     Cashew Nuts            Kogi               N1.573M  44% vs Borno
2026-06-09 06:10:37.909 | INFO     | __main__:run_zonal_forecast:457 -     Sorghum                Kano                 N331K  54% vs Rivers
2026-06-09 06:10:37.910 | INFO     | __main__:run_zonal_forecast:457 -     Beans (white)          Kano                 N715K  47% vs Lagos
2026-06-09 06:10:37.911 | INFO     | __main__:run_zonal_forecast:457 -     Beans (red)            Kano                 N814K  39% vs Lagos
2026-06-09 06:10:37.913 | INFO     | __main__:run_zonal_forecast:457 -     Maize (white)          Kano                 N298K  62% vs Lagos
2026-06-09 06:10:37.914 | INFO     | __main__:run_zonal_forecast:457 -     Maize (yellow)         Kano                 N321K  62% vs Lagos
2026-06-09 06:10:37.917 | INFO     | __main__:run_zonal_forecast:457 -     Wheat                  Kaduna               N619K  40% vs Rivers
2026-06-09 06:10:37.917 | INFO     | __main__:run_zonal_forecast:457 -     Rice                   Plateau            N1.410M  31% vs Lagos
2026-06-09 06:10:37.918 | INFO     | __main__:run_zonal_forecast:457 -   
2026-06-09 06:10:37.918 | INFO     | __main__:run_zonal_forecast:457 -   ==========================================================
2026-06-09 06:10:37.920 | INFO     | __main__:run_zonal_forecast:457 -   Source: Agrolinking Intelligence Platform
2026-06-09 06:10:37.920 | INFO     | __main__:run_zonal_forecast:457 -   Next update: 10 Jun 2026
2026-06-09 06:10:37.921 | INFO     | __main__:run_zonal_forecast:458 - =================================================================
2026-06-09 06:10:37.921 | SUCCESS  | __main__:run_zonal_forecast:459 - ZONAL FORECASTING COMPLETE — 6 zones | 12 states | 13 commodities
