2026-06-03 06:24:48.738 | INFO     | __main__:run_zonal_forecast:362 - =================================================================
2026-06-03 06:24:48.740 | INFO     | __main__:run_zonal_forecast:363 - STEP 7 — ZONAL & STATE-LEVEL FORECASTING
2026-06-03 06:24:48.741 | INFO     | __main__:run_zonal_forecast:364 -   Date  : Wednesday, 03 June 2026  06:24
2026-06-03 06:24:48.741 | INFO     | __main__:run_zonal_forecast:365 -   Anchor: DAILY INTERPOLATED (from last_known_date, drifts daily)
2026-06-03 06:24:48.741 | INFO     | __main__:run_zonal_forecast:366 - =================================================================
2026-06-03 06:24:48.864 | INFO     | __main__:run_zonal_forecast:369 -   Source: forecast_validated_2026-06-03.json
2026-06-03 06:24:48.865 | INFO     | __main__:run_zonal_forecast:376 -   Maize (white): last_known=2026-06-03, days_elapsed=0
2026-06-03 06:24:48.865 | INFO     | __main__:run_zonal_forecast:376 -   Hibiscus: last_known=2026-06-03, days_elapsed=0
2026-06-03 06:24:48.865 | INFO     | __main__:run_zonal_forecast:376 -   Sesame: last_known=2026-06-03, days_elapsed=0
2026-06-03 06:24:48.865 | INFO     | __main__:build_zonal_output:183 - 
2026-06-03 06:24:48.865 | INFO     | __main__:build_zonal_output:184 -   NATIONAL ANCHORS (interpolated from last_known_date to today):
2026-06-03 06:24:48.869 | INFO     | __main__:build_zonal_output:185 -   Commodity                 Today Price   Day Chg    vs Ref  Source
2026-06-03 06:24:48.869 | INFO     | __main__:build_zonal_output:186 -   --------------------------------------------------------------------------------
2026-06-03 06:24:48.869 | DEBUG    | __main__:get_daily_price:115 -   last_known=2026-06-03, run=2026-06-03, elapsed=7d
2026-06-03 06:24:48.869 | DEBUG    | __main__:get_daily_price:81 -   last_known_date 2026-06-03 is in future. Capping to 7 days ago.
2026-06-03 06:24:48.869 | DEBUG    | __main__:get_daily_price:115 -   last_known=2026-06-03, run=2026-06-02, elapsed=7d
2026-06-03 06:24:48.869 | INFO     | __main__:build_zonal_output:216 -   Hibiscus               N   2,290,942    +0.00%   -1.46%  interp d7 (daily..weekly | -1.46% v
2026-06-03 06:24:48.871 | DEBUG    | __main__:get_daily_price:115 -   last_known=2026-06-03, run=2026-06-03, elapsed=7d
2026-06-03 06:24:48.871 | DEBUG    | __main__:get_daily_price:81 -   last_known_date 2026-06-03 is in future. Capping to 7 days ago.
2026-06-03 06:24:48.871 | DEBUG    | __main__:get_daily_price:115 -   last_known=2026-06-03, run=2026-06-02, elapsed=7d
2026-06-03 06:24:48.873 | INFO     | __main__:build_zonal_output:216 -   Sesame                 N   1,639,048    +0.00%   -0.66%  interp d7 (daily..weekly | -0.66% v
2026-06-03 06:24:48.873 | DEBUG    | __main__:get_daily_price:115 -   last_known=2026-06-03, run=2026-06-03, elapsed=7d
2026-06-03 06:24:48.873 | DEBUG    | __main__:get_daily_price:81 -   last_known_date 2026-06-03 is in future. Capping to 7 days ago.
2026-06-03 06:24:48.873 | DEBUG    | __main__:get_daily_price:115 -   last_known=2026-06-03, run=2026-06-02, elapsed=7d
2026-06-03 06:24:48.873 | INFO     | __main__:build_zonal_output:216 -   Ginger                 N  12,112,644    +0.00%  + +0.94%  interp d7 (daily..weekly | +0.94% v
2026-06-03 06:24:48.873 | DEBUG    | __main__:get_daily_price:115 -   last_known=2026-06-03, run=2026-06-03, elapsed=7d
2026-06-03 06:24:48.877 | DEBUG    | __main__:get_daily_price:81 -   last_known_date 2026-06-03 is in future. Capping to 7 days ago.
2026-06-03 06:24:48.877 | DEBUG    | __main__:get_daily_price:115 -   last_known=2026-06-03, run=2026-06-02, elapsed=7d
2026-06-03 06:24:48.877 | INFO     | __main__:build_zonal_output:216 -   Cocoa                  N   5,741,123    +0.00%  + +1.61%  interp d7 (daily..weekly | +1.61% v
2026-06-03 06:24:48.877 | DEBUG    | __main__:get_daily_price:115 -   last_known=2026-06-03, run=2026-06-03, elapsed=7d
2026-06-03 06:24:48.879 | DEBUG    | __main__:get_daily_price:81 -   last_known_date 2026-06-03 is in future. Capping to 7 days ago.
2026-06-03 06:24:48.879 | DEBUG    | __main__:get_daily_price:115 -   last_known=2026-06-03, run=2026-06-02, elapsed=7d
2026-06-03 06:24:48.879 | INFO     | __main__:build_zonal_output:216 -   Soybeans               N     753,685    +0.00%  + +1.17%  interp d7 (daily..weekly | +1.17% v
2026-06-03 06:24:48.881 | DEBUG    | __main__:get_daily_price:115 -   last_known=2026-06-03, run=2026-06-03, elapsed=7d
2026-06-03 06:24:48.881 | DEBUG    | __main__:get_daily_price:81 -   last_known_date 2026-06-03 is in future. Capping to 7 days ago.
2026-06-03 06:24:48.881 | DEBUG    | __main__:get_daily_price:115 -   last_known=2026-06-03, run=2026-06-02, elapsed=7d
2026-06-03 06:24:48.882 | INFO     | __main__:build_zonal_output:216 -   Cashew Nuts            N   1,980,394    +0.00%  + +1.56%  interp d7 (daily..weekly | +1.56% v
2026-06-03 06:24:48.882 | DEBUG    | __main__:get_daily_price:115 -   last_known=2026-06-03, run=2026-06-03, elapsed=7d
2026-06-03 06:24:48.882 | DEBUG    | __main__:get_daily_price:81 -   last_known_date 2026-06-03 is in future. Capping to 7 days ago.
2026-06-03 06:24:48.882 | DEBUG    | __main__:get_daily_price:115 -   last_known=2026-06-03, run=2026-06-02, elapsed=7d
2026-06-03 06:24:48.882 | INFO     | __main__:build_zonal_output:216 -   Sorghum                N     428,722    +0.00%  + +2.08%  interp d7 (daily..weekly | +2.08% v
2026-06-03 06:24:48.888 | DEBUG    | __main__:get_daily_price:115 -   last_known=2026-06-03, run=2026-06-03, elapsed=7d
2026-06-03 06:24:48.890 | DEBUG    | __main__:get_daily_price:81 -   last_known_date 2026-06-03 is in future. Capping to 7 days ago.
2026-06-03 06:24:48.891 | DEBUG    | __main__:get_daily_price:115 -   last_known=2026-06-03, run=2026-06-02, elapsed=7d
2026-06-03 06:24:48.891 | INFO     | __main__:build_zonal_output:216 -   Beans (white)          N     828,606    +0.00%  + +1.92%  interp d7 (daily..weekly | +1.92% v
2026-06-03 06:24:48.892 | DEBUG    | __main__:get_daily_price:115 -   last_known=2026-06-03, run=2026-06-03, elapsed=7d
2026-06-03 06:24:48.892 | DEBUG    | __main__:get_daily_price:81 -   last_known_date 2026-06-03 is in future. Capping to 7 days ago.
2026-06-03 06:24:48.892 | DEBUG    | __main__:get_daily_price:115 -   last_known=2026-06-03, run=2026-06-02, elapsed=7d
2026-06-03 06:24:48.893 | INFO     | __main__:build_zonal_output:216 -   Beans (red)            N     895,281    +0.00%   -2.16%  interp d7 (daily..weekly | -2.16% v
2026-06-03 06:24:48.893 | DEBUG    | __main__:get_daily_price:115 -   last_known=2026-06-03, run=2026-06-03, elapsed=7d
2026-06-03 06:24:48.893 | DEBUG    | __main__:get_daily_price:81 -   last_known_date 2026-06-03 is in future. Capping to 7 days ago.
2026-06-03 06:24:48.895 | DEBUG    | __main__:get_daily_price:115 -   last_known=2026-06-03, run=2026-06-02, elapsed=7d
2026-06-03 06:24:48.895 | INFO     | __main__:build_zonal_output:216 -   Maize (white)          N     375,078    +0.00%  + +1.37%  interp d7 (daily..weekly | +1.37% v
2026-06-03 06:24:48.897 | DEBUG    | __main__:get_daily_price:115 -   last_known=2026-06-03, run=2026-06-03, elapsed=7d
2026-06-03 06:24:48.897 | DEBUG    | __main__:get_daily_price:81 -   last_known_date 2026-06-03 is in future. Capping to 7 days ago.
2026-06-03 06:24:48.897 | DEBUG    | __main__:get_daily_price:115 -   last_known=2026-06-03, run=2026-06-02, elapsed=7d
2026-06-03 06:24:48.897 | INFO     | __main__:build_zonal_output:216 -   Maize (yellow)         N     402,598    +0.00%  + +0.65%  interp d7 (daily..weekly | +0.65% v
2026-06-03 06:24:48.899 | DEBUG    | __main__:get_daily_price:115 -   last_known=2026-06-03, run=2026-06-03, elapsed=7d
2026-06-03 06:24:48.899 | DEBUG    | __main__:get_daily_price:81 -   last_known_date 2026-06-03 is in future. Capping to 7 days ago.
2026-06-03 06:24:48.899 | DEBUG    | __main__:get_daily_price:115 -   last_known=2026-06-03, run=2026-06-02, elapsed=7d
2026-06-03 06:24:48.899 | INFO     | __main__:build_zonal_output:216 -   Wheat                  N     715,836    +0.00%  + +1.27%  interp d7 (daily..weekly | +1.27% v
2026-06-03 06:24:48.899 | DEBUG    | __main__:get_daily_price:115 -   last_known=2026-06-03, run=2026-06-03, elapsed=7d
2026-06-03 06:24:48.899 | DEBUG    | __main__:get_daily_price:81 -   last_known_date 2026-06-03 is in future. Capping to 7 days ago.
2026-06-03 06:24:48.899 | DEBUG    | __main__:get_daily_price:115 -   last_known=2026-06-03, run=2026-06-02, elapsed=7d
2026-06-03 06:24:48.902 | INFO     | __main__:build_zonal_output:216 -   Rice                   N   1,580,310    +0.00%  + +1.96%  interp d7 (daily..weekly | +1.96% v
2026-06-03 06:24:48.902 | INFO     | __main__:build_zonal_output:219 - 
2026-06-03 06:24:48.977 | INFO     | __main__:run_zonal_forecast:382 - 
2026-06-03 06:24:48.977 | INFO     | __main__:run_zonal_forecast:383 -   Zone             State        Commodity                 State Price  Day Chg
2026-06-03 06:24:48.977 | INFO     | __main__:run_zonal_forecast:384 -   ------------------------------------------------------------------------
2026-06-03 06:24:48.977 | INFO     | __main__:run_zonal_forecast:391 -   North West       Kano         * Sesame                N   1,360,410/MT  +0.00%
2026-06-03 06:24:48.980 | INFO     | __main__:run_zonal_forecast:391 -   North West       Kano         * Sorghum               N     334,403/MT  +0.00%
2026-06-03 06:24:48.980 | INFO     | __main__:run_zonal_forecast:391 -   North West       Kano         * Beans (white)         N     720,887/MT  +0.00%
2026-06-03 06:24:48.980 | INFO     | __main__:run_zonal_forecast:391 -   North West       Kano         * Maize (white)         N     300,062/MT  +0.00%
2026-06-03 06:24:48.980 | INFO     | __main__:run_zonal_forecast:391 -   North West       Kano         * Maize (yellow)        N     322,078/MT  +0.00%
2026-06-03 06:24:48.980 | INFO     | __main__:run_zonal_forecast:391 -   North West       Kano         * Wheat                 N     637,094/MT  +0.00%
2026-06-03 06:24:48.982 | INFO     | __main__:run_zonal_forecast:391 -   North West       Kaduna       * Ginger                N   8,721,104/MT  +0.00%
2026-06-03 06:24:48.982 | INFO     | __main__:run_zonal_forecast:391 -   North West       Kaduna       * Soybeans              N     633,095/MT  +0.00%
2026-06-03 06:24:48.983 | INFO     | __main__:run_zonal_forecast:391 -   North West       Kaduna       * Sorghum               N     342,977/MT  +0.00%
2026-06-03 06:24:48.983 | INFO     | __main__:run_zonal_forecast:391 -   North West       Kaduna       * Maize (white)         N     303,813/MT  +0.00%
2026-06-03 06:24:48.983 | INFO     | __main__:run_zonal_forecast:391 -   North West       Kaduna       * Maize (yellow)        N     326,104/MT  +0.00%
2026-06-03 06:24:48.983 | INFO     | __main__:run_zonal_forecast:391 -   North West       Kaduna       * Wheat                 N     622,778/MT  +0.00%
2026-06-03 06:24:48.983 | INFO     | __main__:run_zonal_forecast:391 -   North West       Kaduna       * Rice                  N   1,469,688/MT  +0.00%
2026-06-03 06:24:48.983 | INFO     | __main__:run_zonal_forecast:391 -   North Central    Plateau      * Ginger                N   9,084,483/MT  +0.00%
2026-06-03 06:24:48.983 | INFO     | __main__:run_zonal_forecast:391 -   North Central    Plateau      * Soybeans              N     625,558/MT  +0.00%
2026-06-03 06:24:48.983 | INFO     | __main__:run_zonal_forecast:391 -   North Central    Plateau      * Beans (white)         N     745,746/MT  +0.00%
2026-06-03 06:24:48.987 | INFO     | __main__:run_zonal_forecast:391 -   North Central    Plateau      * Maize (white)         N     326,318/MT  +0.00%
2026-06-03 06:24:48.988 | INFO     | __main__:run_zonal_forecast:391 -   North Central    Plateau      * Wheat                 N     651,411/MT  +0.00%
2026-06-03 06:24:48.988 | INFO     | __main__:run_zonal_forecast:391 -   North Central    Plateau      * Rice                  N   1,422,279/MT  +0.00%
2026-06-03 06:24:48.988 | INFO     | __main__:run_zonal_forecast:391 -   North Central    Kogi         * Cocoa                 N   5,052,188/MT  +0.00%
2026-06-03 06:24:48.988 | INFO     | __main__:run_zonal_forecast:391 -   North Central    Kogi         * Soybeans              N     655,706/MT  +0.00%
2026-06-03 06:24:48.988 | INFO     | __main__:run_zonal_forecast:391 -   North Central    Kogi         * Cashew Nuts           N   1,584,315/MT  +0.00%
2026-06-03 06:24:48.988 | INFO     | __main__:run_zonal_forecast:391 -   North Central    Kogi         * Sorghum               N     390,137/MT  +0.00%
2026-06-03 06:24:48.991 | INFO     | __main__:run_zonal_forecast:391 -   North Central    Kogi         * Beans (white)         N     762,318/MT  +0.00%
2026-06-03 06:24:48.991 | INFO     | __main__:run_zonal_forecast:391 -   North Central    Kogi         * Maize (white)         N     337,570/MT  +0.00%
2026-06-03 06:24:48.991 | INFO     | __main__:run_zonal_forecast:391 -   North East       Adamawa      * Sesame                N   1,409,582/MT  +0.00%
2026-06-03 06:24:48.991 | INFO     | __main__:run_zonal_forecast:391 -   North East       Adamawa      * Ginger                N  10,053,495/MT  +0.00%
2026-06-03 06:24:48.993 | INFO     | __main__:run_zonal_forecast:391 -   North East       Adamawa      * Soybeans              N     670,779/MT  +0.00%
2026-06-03 06:24:48.995 | INFO     | __main__:run_zonal_forecast:391 -   North East       Adamawa      * Sorghum               N     372,988/MT  +0.00%
2026-06-03 06:24:48.995 | INFO     | __main__:run_zonal_forecast:391 -   North East       Adamawa      * Beans (white)         N     762,318/MT  +0.00%
2026-06-03 06:24:48.997 | INFO     | __main__:run_zonal_forecast:391 -   North East       Adamawa      * Maize (white)         N     330,068/MT  +0.00%
2026-06-03 06:24:48.997 | INFO     | __main__:run_zonal_forecast:391 -   North East       Borno        * Sesame                N   1,458,753/MT  +0.00%
2026-06-03 06:24:48.997 | INFO     | __main__:run_zonal_forecast:391 -   North East       Borno        * Sorghum               N     394,424/MT  +0.00%
2026-06-03 06:24:48.997 | INFO     | __main__:run_zonal_forecast:391 -   North East       Borno        * Beans (white)         N     878,323/MT  +0.00%
2026-06-03 06:24:48.999 | INFO     | __main__:run_zonal_forecast:391 -   North East       Borno        * Maize (white)         N     405,084/MT  +0.00%
2026-06-03 06:24:48.999 | INFO     | __main__:run_zonal_forecast:391 -   North East       Borno        * Wheat                 N     801,737/MT  +0.00%
2026-06-03 06:24:48.999 | INFO     | __main__:run_zonal_forecast:391 -   South West       Oyo          * Hibiscus              N   2,359,670/MT  +0.00%
2026-06-03 06:24:48.999 | INFO     | __main__:run_zonal_forecast:391 -   South West       Oyo          * Cocoa                 N   5,109,599/MT  +0.00%
2026-06-03 06:24:48.999 | INFO     | __main__:run_zonal_forecast:391 -   South West       Oyo          * Soybeans              N     783,832/MT  +0.00%
2026-06-03 06:24:48.999 | INFO     | __main__:run_zonal_forecast:391 -   South West       Oyo          * Cashew Nuts           N   1,703,139/MT  +0.00%
2026-06-03 06:24:48.999 | INFO     | __main__:run_zonal_forecast:391 -   South West       Oyo          * Beans (white)         N     911,467/MT  +0.00%
2026-06-03 06:24:48.999 | INFO     | __main__:run_zonal_forecast:391 -   South West       Oyo          * Maize (white)         N     405,084/MT  +0.00%
2026-06-03 06:24:48.999 | INFO     | __main__:run_zonal_forecast:391 -   South West       Lagos        * Hibiscus              N   2,634,583/MT  +0.00%
2026-06-03 06:24:48.999 | INFO     | __main__:run_zonal_forecast:391 -   South West       Lagos        * Sesame                N   1,934,077/MT  +0.00%
2026-06-03 06:24:49.003 | INFO     | __main__:run_zonal_forecast:391 -   South West       Lagos        * Cocoa                 N   6,200,413/MT  +0.00%
2026-06-03 06:24:49.003 | INFO     | __main__:run_zonal_forecast:391 -   South West       Lagos        * Soybeans              N     919,495/MT  +0.00%
2026-06-03 06:24:49.005 | INFO     | __main__:run_zonal_forecast:391 -   South West       Lagos        * Beans (white)         N   1,060,616/MT  +0.00%
2026-06-03 06:24:49.005 | INFO     | __main__:run_zonal_forecast:391 -   South West       Lagos        * Beans (red)           N   1,119,101/MT  +0.00%
2026-06-03 06:24:49.005 | INFO     | __main__:run_zonal_forecast:391 -   South West       Lagos        * Maize (white)         N     487,601/MT  +0.00%
2026-06-03 06:24:49.005 | INFO     | __main__:run_zonal_forecast:391 -   South West       Lagos        * Maize (yellow)        N     523,377/MT  +0.00%
2026-06-03 06:24:49.005 | INFO     | __main__:run_zonal_forecast:391 -   South East       Anambra      * Cocoa                 N   6,028,179/MT  +0.00%
2026-06-03 06:24:49.007 | INFO     | __main__:run_zonal_forecast:391 -   South East       Anambra      * Cashew Nuts           N   2,178,434/MT  +0.00%
2026-06-03 06:24:49.008 | INFO     | __main__:run_zonal_forecast:391 -   South East       Anambra      * Beans (white)         N     977,755/MT  +0.00%
2026-06-03 06:24:49.008 | INFO     | __main__:run_zonal_forecast:391 -   South East       Anambra      * Beans (red)           N   1,029,573/MT  +0.00%
2026-06-03 06:24:49.009 | INFO     | __main__:run_zonal_forecast:391 -   South East       Anambra      * Maize (white)         N     450,093/MT  +0.00%
2026-06-03 06:24:49.009 | INFO     | __main__:run_zonal_forecast:391 -   South East       Imo          * Cocoa                 N   5,224,422/MT  +0.00%
2026-06-03 06:24:49.011 | INFO     | __main__:run_zonal_forecast:391 -   South East       Imo          * Cashew Nuts           N   2,099,218/MT  +0.00%
2026-06-03 06:24:49.012 | INFO     | __main__:run_zonal_forecast:391 -   South East       Imo          * Beans (white)         N     952,897/MT  +0.00%
2026-06-03 06:24:49.012 | INFO     | __main__:run_zonal_forecast:391 -   South East       Imo          * Maize (white)         N     438,841/MT  +0.00%
2026-06-03 06:24:49.014 | INFO     | __main__:run_zonal_forecast:391 -   South South      Rivers       * Hibiscus              N   2,565,855/MT  +0.00%
2026-06-03 06:24:49.014 | INFO     | __main__:run_zonal_forecast:391 -   South South      Rivers       * Sesame                N   1,934,077/MT  +0.00%
2026-06-03 06:24:49.016 | INFO     | __main__:run_zonal_forecast:391 -   South South      Rivers       * Cocoa                 N   6,028,179/MT  +0.00%
2026-06-03 06:24:49.016 | INFO     | __main__:run_zonal_forecast:391 -   South South      Rivers       * Beans (white)         N   1,010,900/MT  +0.00%
2026-06-03 06:24:49.017 | INFO     | __main__:run_zonal_forecast:391 -   South South      Rivers       * Beans (red)           N   1,074,337/MT  +0.00%
2026-06-03 06:24:49.017 | INFO     | __main__:run_zonal_forecast:391 -   South South      Rivers       * Maize (white)         N     468,847/MT  +0.00%
2026-06-03 06:24:49.017 | INFO     | __main__:run_zonal_forecast:391 -   South South      Delta        * Hibiscus              N   2,474,217/MT  +0.00%
2026-06-03 06:24:49.017 | INFO     | __main__:run_zonal_forecast:391 -   South South      Delta        * Sesame                N   1,901,296/MT  +0.00%
2026-06-03 06:24:49.017 | INFO     | __main__:run_zonal_forecast:391 -   South South      Delta        * Cocoa                 N   5,339,244/MT  +0.00%
2026-06-03 06:24:49.017 | INFO     | __main__:run_zonal_forecast:391 -   South South      Delta        * Soybeans              N     859,200/MT  +0.00%
2026-06-03 06:24:49.019 | INFO     | __main__:run_zonal_forecast:391 -   South South      Delta        * Beans (white)         N     969,469/MT  +0.00%
2026-06-03 06:24:49.019 | INFO     | __main__:run_zonal_forecast:391 -   South South      Delta        * Maize (white)         N     450,093/MT  +0.00%
2026-06-03 06:24:49.273 | SUCCESS  | __main__:run_zonal_forecast:405 -   Zonal JSON  -> C:\Users\USER\Downloads\agrolinking-intel-structure\agrolinking-intel\outputs\forecasts\zonal\zonal_forecast_2026-06-03.json
2026-06-03 06:24:49.280 | SUCCESS  | __main__:run_zonal_forecast:411 -   Zonal alert -> C:\Users\USER\Downloads\agrolinking-intel-structure\agrolinking-intel\outputs\daily_alerts\alert_zonal_2026-06-03.txt
2026-06-03 06:24:49.280 | INFO     | __main__:run_zonal_forecast:413 - 
2026-06-03 06:24:49.280 | INFO     | __main__:run_zonal_forecast:414 - =================================================================
2026-06-03 06:24:49.280 | INFO     | __main__:run_zonal_forecast:416 -   ================================================
2026-06-03 06:24:49.280 | INFO     | __main__:run_zonal_forecast:416 -   AGROLINKING ZONAL COMMODITY INTELLIGENCE
2026-06-03 06:24:49.283 | INFO     | __main__:run_zonal_forecast:416 -   Date: Wednesday, 03 June 2026
2026-06-03 06:24:49.283 | INFO     | __main__:run_zonal_forecast:416 -   6 Zones | 12 States | 12 Commodities
2026-06-03 06:24:49.283 | INFO     | __main__:run_zonal_forecast:416 -   ================================================
2026-06-03 06:24:49.285 | INFO     | __main__:run_zonal_forecast:416 -   
2026-06-03 06:24:49.285 | INFO     | __main__:run_zonal_forecast:416 -   NORTH WEST (Kano & Kaduna)
2026-06-03 06:24:49.285 | INFO     | __main__:run_zonal_forecast:416 -   Nigeria's main grain belt. Highest Maize, Sorghum, Sesame, Wheat production.
2026-06-03 06:24:49.285 | INFO     | __main__:run_zonal_forecast:416 -   
2026-06-03 06:24:49.285 | INFO     | __main__:run_zonal_forecast:416 -     Commodity           Kano                Kaduna            
2026-06-03 06:24:49.287 | INFO     | __main__:run_zonal_forecast:416 -     ------------------------------------------------------------
2026-06-03 06:24:49.287 | INFO     | __main__:run_zonal_forecast:416 -     Hibiscus                N2.18M                N2.13M            
2026-06-03 06:24:49.287 | INFO     | __main__:run_zonal_forecast:416 -     Sesame                * N1.36M                N1.39M            
2026-06-03 06:24:49.288 | INFO     | __main__:run_zonal_forecast:416 -     Ginger                  N11.87M             * N8.72M            
2026-06-03 06:24:49.288 | INFO     | __main__:run_zonal_forecast:416 -     Cocoa                   N5.86M                N6.03M            
2026-06-03 06:24:49.288 | INFO     | __main__:run_zonal_forecast:416 -     Soybeans                N678K               * N633K             
2026-06-03 06:24:49.288 | INFO     | __main__:run_zonal_forecast:416 -     Cashew Nuts             N1.98M                N2.02M            
2026-06-03 06:24:49.288 | INFO     | __main__:run_zonal_forecast:416 -     Sorghum               * N334K               * N343K             
2026-06-03 06:24:49.288 | INFO     | __main__:run_zonal_forecast:416 -     Beans (white)         * N721K                 N729K             
2026-06-03 06:24:49.288 | INFO     | __main__:run_zonal_forecast:416 -     Beans (red)             N806K                 N815K             
2026-06-03 06:24:49.288 | INFO     | __main__:run_zonal_forecast:416 -     Maize (white)         * N300K               * N304K             
2026-06-03 06:24:49.292 | INFO     | __main__:run_zonal_forecast:416 -     Maize (yellow)        * N322K               * N326K             
2026-06-03 06:24:49.292 | INFO     | __main__:run_zonal_forecast:416 -     Wheat                 * N637K               * N623K             
2026-06-03 06:24:49.294 | INFO     | __main__:run_zonal_forecast:416 -     Rice                    N1.50M              * N1.47M            
2026-06-03 06:24:49.295 | INFO     | __main__:run_zonal_forecast:416 -   
2026-06-03 06:24:49.295 | INFO     | __main__:run_zonal_forecast:416 -   NORTH CENTRAL (Plateau & Kogi)
2026-06-03 06:24:49.295 | INFO     | __main__:run_zonal_forecast:416 -   Middle Belt. Ginger heartland (Plateau), Cashew/Cocoa belt (Kogi).
2026-06-03 06:24:49.295 | INFO     | __main__:run_zonal_forecast:416 -   
2026-06-03 06:24:49.295 | INFO     | __main__:run_zonal_forecast:416 -     Commodity           Plateau             Kogi              
2026-06-03 06:24:49.295 | INFO     | __main__:run_zonal_forecast:416 -     ------------------------------------------------------------
2026-06-03 06:24:49.295 | INFO     | __main__:run_zonal_forecast:416 -     Hibiscus                N2.22M                N2.20M            
2026-06-03 06:24:49.298 | INFO     | __main__:run_zonal_forecast:416 -     Sesame                  N1.57M                N1.59M            
2026-06-03 06:24:49.298 | INFO     | __main__:run_zonal_forecast:416 -     Ginger                * N9.08M                N11.39M           
2026-06-03 06:24:49.298 | INFO     | __main__:run_zonal_forecast:416 -     Cocoa                   N6.20M              * N5.05M            
2026-06-03 06:24:49.298 | INFO     | __main__:run_zonal_forecast:416 -     Soybeans              * N626K               * N656K             
2026-06-03 06:24:49.300 | INFO     | __main__:run_zonal_forecast:416 -     Cashew Nuts             N2.08M              * N1.58M            
2026-06-03 06:24:49.300 | INFO     | __main__:run_zonal_forecast:416 -     Sorghum                 N394K               * N390K             
2026-06-03 06:24:49.300 | INFO     | __main__:run_zonal_forecast:416 -     Beans (white)         * N746K               * N762K             
2026-06-03 06:24:49.300 | INFO     | __main__:run_zonal_forecast:416 -     Beans (red)             N851K                 N842K             
2026-06-03 06:24:49.300 | INFO     | __main__:run_zonal_forecast:416 -     Maize (white)         * N326K               * N338K             
2026-06-03 06:24:49.300 | INFO     | __main__:run_zonal_forecast:416 -     Maize (yellow)          N354K                 N366K             
2026-06-03 06:24:49.302 | INFO     | __main__:run_zonal_forecast:416 -     Wheat                 * N651K                 N694K             
2026-06-03 06:24:49.302 | INFO     | __main__:run_zonal_forecast:416 -     Rice                  * N1.42M                N1.53M            
2026-06-03 06:24:49.303 | INFO     | __main__:run_zonal_forecast:416 -   
2026-06-03 06:24:49.304 | INFO     | __main__:run_zonal_forecast:416 -   NORTH EAST (Adamawa & Borno)
2026-06-03 06:24:49.304 | INFO     | __main__:run_zonal_forecast:416 -   Semi-arid. Sorghum, Maize. Conflict premium on imports in Borno.
2026-06-03 06:24:49.304 | INFO     | __main__:run_zonal_forecast:416 -   
2026-06-03 06:24:49.304 | INFO     | __main__:run_zonal_forecast:416 -     Commodity           Adamawa             Borno             
2026-06-03 06:24:49.304 | INFO     | __main__:run_zonal_forecast:416 -     ------------------------------------------------------------
2026-06-03 06:24:49.304 | INFO     | __main__:run_zonal_forecast:416 -     Hibiscus                N2.25M                N2.41M            
2026-06-03 06:24:49.304 | INFO     | __main__:run_zonal_forecast:416 -     Sesame                * N1.41M              * N1.46M            
2026-06-03 06:24:49.304 | INFO     | __main__:run_zonal_forecast:416 -     Ginger                * N10.05M               N13.93M           
2026-06-03 06:24:49.304 | INFO     | __main__:run_zonal_forecast:416 -     Cocoa                   N6.03M                N6.77M            
2026-06-03 06:24:49.308 | INFO     | __main__:run_zonal_forecast:416 -     Soybeans              * N671K                 N814K             
2026-06-03 06:24:49.308 | INFO     | __main__:run_zonal_forecast:416 -     Cashew Nuts             N2.06M                N2.28M            
2026-06-03 06:24:49.308 | INFO     | __main__:run_zonal_forecast:416 -     Sorghum               * N373K               * N394K             
2026-06-03 06:24:49.308 | INFO     | __main__:run_zonal_forecast:416 -     Beans (white)         * N762K               * N878K             
2026-06-03 06:24:49.310 | INFO     | __main__:run_zonal_forecast:416 -     Beans (red)             N851K                 N985K             
2026-06-03 06:24:49.310 | INFO     | __main__:run_zonal_forecast:416 -     Maize (white)         * N330K               * N405K             
2026-06-03 06:24:49.310 | INFO     | __main__:run_zonal_forecast:416 -     Maize (yellow)          N358K                 N435K             
2026-06-03 06:24:49.312 | INFO     | __main__:run_zonal_forecast:416 -     Wheat                   N702K               * N802K             
2026-06-03 06:24:49.312 | INFO     | __main__:run_zonal_forecast:416 -     Rice                    N1.61M                N1.74M            
2026-06-03 06:24:49.312 | INFO     | __main__:run_zonal_forecast:416 -   
2026-06-03 06:24:49.312 | INFO     | __main__:run_zonal_forecast:416 -   SOUTH WEST (Oyo & Lagos)
2026-06-03 06:24:49.314 | INFO     | __main__:run_zonal_forecast:416 -   Commercial capital. Lagos is the price-setter for consumer markets.
2026-06-03 06:24:49.314 | INFO     | __main__:run_zonal_forecast:416 -   
2026-06-03 06:24:49.314 | INFO     | __main__:run_zonal_forecast:416 -     Commodity           Oyo                 Lagos             
2026-06-03 06:24:49.314 | INFO     | __main__:run_zonal_forecast:416 -     ------------------------------------------------------------
2026-06-03 06:24:49.315 | INFO     | __main__:run_zonal_forecast:416 -     Hibiscus              * N2.36M              * N2.63M            
2026-06-03 06:24:49.316 | INFO     | __main__:run_zonal_forecast:416 -     Sesame                  N1.74M              * N1.93M            
2026-06-03 06:24:49.316 | INFO     | __main__:run_zonal_forecast:416 -     Ginger                  N13.08M               N14.54M           
2026-06-03 06:24:49.316 | INFO     | __main__:run_zonal_forecast:416 -     Cocoa                 * N5.11M              * N6.20M            
2026-06-03 06:24:49.316 | INFO     | __main__:run_zonal_forecast:416 -     Soybeans              * N784K               * N919K             
2026-06-03 06:24:49.316 | INFO     | __main__:run_zonal_forecast:416 -     Cashew Nuts           * N1.70M                N2.18M            
2026-06-03 06:24:49.316 | INFO     | __main__:run_zonal_forecast:416 -     Sorghum                 N450K                 N506K             
2026-06-03 06:24:49.316 | INFO     | __main__:run_zonal_forecast:416 -     Beans (white)         * N911K               * N1.06M            
2026-06-03 06:24:49.316 | INFO     | __main__:run_zonal_forecast:416 -     Beans (red)             N1.00M              * N1.12M            
2026-06-03 06:24:49.316 | INFO     | __main__:run_zonal_forecast:416 -     Maize (white)         * N405K               * N488K             
2026-06-03 06:24:49.316 | INFO     | __main__:run_zonal_forecast:416 -     Maize (yellow)          N435K               * N523K             
2026-06-03 06:24:49.320 | INFO     | __main__:run_zonal_forecast:416 -     Wheat                   N787K                 N823K             
2026-06-03 06:24:49.320 | INFO     | __main__:run_zonal_forecast:416 -     Rice                    N1.71M                N1.86M            
2026-06-03 06:24:49.320 | INFO     | __main__:run_zonal_forecast:416 -   
2026-06-03 06:24:49.320 | INFO     | __main__:run_zonal_forecast:416 -   SOUTH EAST (Anambra & Imo)
2026-06-03 06:24:49.320 | INFO     | __main__:run_zonal_forecast:416 -   High consumption, low production of traded commodities. Import-dependent.
2026-06-03 06:24:49.320 | INFO     | __main__:run_zonal_forecast:416 -   
2026-06-03 06:24:49.320 | INFO     | __main__:run_zonal_forecast:416 -     Commodity           Anambra             Imo               
2026-06-03 06:24:49.320 | INFO     | __main__:run_zonal_forecast:416 -     ------------------------------------------------------------
2026-06-03 06:24:49.320 | INFO     | __main__:run_zonal_forecast:416 -     Hibiscus                N2.57M                N2.52M            
2026-06-03 06:24:49.320 | INFO     | __main__:run_zonal_forecast:416 -     Sesame                  N1.90M                N1.87M            
2026-06-03 06:24:49.320 | INFO     | __main__:run_zonal_forecast:416 -     Ginger                  N13.93M               N13.57M           
2026-06-03 06:24:49.320 | INFO     | __main__:run_zonal_forecast:416 -     Cocoa                 * N6.03M              * N5.22M            
2026-06-03 06:24:49.320 | INFO     | __main__:run_zonal_forecast:416 -     Soybeans                N859K                 N844K             
2026-06-03 06:24:49.320 | INFO     | __main__:run_zonal_forecast:416 -     Cashew Nuts           * N2.18M              * N2.10M            
2026-06-03 06:24:49.320 | INFO     | __main__:run_zonal_forecast:416 -     Sorghum                 N489K                 N480K             
2026-06-03 06:24:49.327 | INFO     | __main__:run_zonal_forecast:416 -     Beans (white)         * N978K               * N953K             
2026-06-03 06:24:49.327 | INFO     | __main__:run_zonal_forecast:416 -     Beans (red)           * N1.03M                N1.01M            
2026-06-03 06:24:49.327 | INFO     | __main__:run_zonal_forecast:416 -     Maize (white)         * N450K               * N439K             
2026-06-03 06:24:49.328 | INFO     | __main__:run_zonal_forecast:416 -     Maize (yellow)          N483K                 N471K             
2026-06-03 06:24:49.328 | INFO     | __main__:run_zonal_forecast:416 -     Wheat                   N845K                 N830K             
2026-06-03 06:24:49.328 | INFO     | __main__:run_zonal_forecast:416 -     Rice                    N1.77M                N1.74M            
2026-06-03 06:24:49.328 | INFO     | __main__:run_zonal_forecast:416 -   
2026-06-03 06:24:49.328 | INFO     | __main__:run_zonal_forecast:416 -   SOUTH SOUTH (Rivers & Delta)
2026-06-03 06:24:49.328 | INFO     | __main__:run_zonal_forecast:416 -   Oil belt. High purchasing power. Cocoa producer (Delta).
2026-06-03 06:24:49.328 | INFO     | __main__:run_zonal_forecast:416 -   
2026-06-03 06:24:49.328 | INFO     | __main__:run_zonal_forecast:416 -     Commodity           Rivers              Delta             
2026-06-03 06:24:49.328 | INFO     | __main__:run_zonal_forecast:416 -     ------------------------------------------------------------
2026-06-03 06:24:49.333 | INFO     | __main__:run_zonal_forecast:416 -     Hibiscus              * N2.57M              * N2.47M            
2026-06-03 06:24:49.333 | INFO     | __main__:run_zonal_forecast:416 -     Sesame                * N1.93M              * N1.90M            
2026-06-03 06:24:49.333 | INFO     | __main__:run_zonal_forecast:416 -     Ginger                  N14.54M               N13.93M           
2026-06-03 06:24:49.333 | INFO     | __main__:run_zonal_forecast:416 -     Cocoa                 * N6.03M              * N5.34M            
2026-06-03 06:24:49.333 | INFO     | __main__:run_zonal_forecast:416 -     Soybeans                N889K               * N859K             
2026-06-03 06:24:49.333 | INFO     | __main__:run_zonal_forecast:416 -     Cashew Nuts             N2.28M                N2.18M            
2026-06-03 06:24:49.335 | INFO     | __main__:run_zonal_forecast:416 -     Sorghum                 N514K                 N506K             
2026-06-03 06:24:49.335 | INFO     | __main__:run_zonal_forecast:416 -     Beans (white)         * N1.01M              * N969K             
2026-06-03 06:24:49.337 | INFO     | __main__:run_zonal_forecast:416 -     Beans (red)           * N1.07M                N1.03M            
2026-06-03 06:24:49.337 | INFO     | __main__:run_zonal_forecast:416 -     Maize (white)         * N469K               * N450K             
2026-06-03 06:24:49.338 | INFO     | __main__:run_zonal_forecast:416 -     Maize (yellow)          N503K                 N483K             
2026-06-03 06:24:49.338 | INFO     | __main__:run_zonal_forecast:416 -     Wheat                   N873K                 N859K             
2026-06-03 06:24:49.338 | INFO     | __main__:run_zonal_forecast:416 -     Rice                    N1.82M                N1.77M            
2026-06-03 06:24:49.338 | INFO     | __main__:run_zonal_forecast:416 -   
2026-06-03 06:24:49.338 | INFO     | __main__:run_zonal_forecast:416 -   ==========================================================
2026-06-03 06:24:49.338 | INFO     | __main__:run_zonal_forecast:416 -   * = primary commodity  (+/-%) = day-on-day change
2026-06-03 06:24:49.340 | INFO     | __main__:run_zonal_forecast:416 -   
2026-06-03 06:24:49.340 | INFO     | __main__:run_zonal_forecast:416 -   NATIONAL PRICE CHANGES TODAY:
2026-06-03 06:24:49.340 | INFO     | __main__:run_zonal_forecast:416 -     Commodity                   Price   Day Chg    vs Ref
2026-06-03 06:24:49.341 | INFO     | __main__:run_zonal_forecast:416 -     ------------------------------------------------------
2026-06-03 06:24:49.341 | INFO     | __main__:run_zonal_forecast:416 -     Hibiscus                   N2.29M    +0.00%    -1.46%
2026-06-03 06:24:49.341 | INFO     | __main__:run_zonal_forecast:416 -     Sesame                     N1.64M    +0.00%    -0.66%
2026-06-03 06:24:49.343 | INFO     | __main__:run_zonal_forecast:416 -     Ginger                    N12.11M    +0.00%    +0.94%
2026-06-03 06:24:49.343 | INFO     | __main__:run_zonal_forecast:416 -     Cocoa                      N5.74M    +0.00%    +1.61%
2026-06-03 06:24:49.343 | INFO     | __main__:run_zonal_forecast:416 -     Soybeans                    N754K    +0.00%    +1.17%
2026-06-03 06:24:49.345 | INFO     | __main__:run_zonal_forecast:416 -     Cashew Nuts                N1.98M    +0.00%    +1.56%
2026-06-03 06:24:49.345 | INFO     | __main__:run_zonal_forecast:416 -     Sorghum                     N429K    +0.00%    +2.08%
2026-06-03 06:24:49.347 | INFO     | __main__:run_zonal_forecast:416 -     Beans (white)               N829K    +0.00%    +1.92%
2026-06-03 06:24:49.347 | INFO     | __main__:run_zonal_forecast:416 -     Beans (red)                 N895K    +0.00%    -2.16%
2026-06-03 06:24:49.347 | INFO     | __main__:run_zonal_forecast:416 -     Maize (white)               N375K    +0.00%    +1.37%
2026-06-03 06:24:49.347 | INFO     | __main__:run_zonal_forecast:416 -     Maize (yellow)              N403K    +0.00%    +0.65%
2026-06-03 06:24:49.347 | INFO     | __main__:run_zonal_forecast:416 -     Wheat                       N716K    +0.00%    +1.27%
2026-06-03 06:24:49.347 | INFO     | __main__:run_zonal_forecast:416 -     Rice                       N1.58M    +0.00%    +1.96%
2026-06-03 06:24:49.347 | INFO     | __main__:run_zonal_forecast:416 -   
2026-06-03 06:24:49.347 | INFO     | __main__:run_zonal_forecast:416 -   BEST SOURCING NATIONALLY:
2026-06-03 06:24:49.347 | INFO     | __main__:run_zonal_forecast:416 -     Commodity              Best State           Price  Spread
2026-06-03 06:24:49.347 | INFO     | __main__:run_zonal_forecast:416 -     ------------------------------------------------------------
2026-06-03 06:24:49.352 | INFO     | __main__:run_zonal_forecast:416 -     Hibiscus               Kaduna              N2.13M  24% vs Lagos
2026-06-03 06:24:49.352 | INFO     | __main__:run_zonal_forecast:416 -     Sesame                 Kano                N1.36M  42% vs Lagos
2026-06-03 06:24:49.352 | INFO     | __main__:run_zonal_forecast:416 -     Ginger                 Kaduna              N8.72M  67% vs Lagos
2026-06-03 06:24:49.353 | INFO     | __main__:run_zonal_forecast:416 -     Cocoa                  Kogi                N5.05M  34% vs Borno
2026-06-03 06:24:49.353 | INFO     | __main__:run_zonal_forecast:416 -     Soybeans               Plateau              N626K  47% vs Lagos
2026-06-03 06:24:49.353 | INFO     | __main__:run_zonal_forecast:416 -     Cashew Nuts            Kogi                N1.58M  44% vs Borno
2026-06-03 06:24:49.354 | INFO     | __main__:run_zonal_forecast:416 -     Sorghum                Kano                 N334K  54% vs Rivers
2026-06-03 06:24:49.354 | INFO     | __main__:run_zonal_forecast:416 -     Beans (white)          Kano                 N721K  47% vs Lagos
2026-06-03 06:24:49.354 | INFO     | __main__:run_zonal_forecast:416 -     Beans (red)            Kano                 N806K  39% vs Lagos
2026-06-03 06:24:49.354 | INFO     | __main__:run_zonal_forecast:416 -     Maize (white)          Kano                 N300K  62% vs Lagos
2026-06-03 06:24:49.354 | INFO     | __main__:run_zonal_forecast:416 -     Maize (yellow)         Kano                 N322K  62% vs Lagos
2026-06-03 06:24:49.356 | INFO     | __main__:run_zonal_forecast:416 -     Wheat                  Kaduna               N623K  40% vs Rivers
2026-06-03 06:24:49.356 | INFO     | __main__:run_zonal_forecast:416 -     Rice                   Plateau             N1.42M  31% vs Lagos
2026-06-03 06:24:49.356 | INFO     | __main__:run_zonal_forecast:416 -   
2026-06-03 06:24:49.356 | INFO     | __main__:run_zonal_forecast:416 -   ==========================================================
2026-06-03 06:24:49.356 | INFO     | __main__:run_zonal_forecast:416 -   Source: Agrolinking Intelligence Platform
2026-06-03 06:24:49.356 | INFO     | __main__:run_zonal_forecast:416 -   Next update: 04 Jun 2026
2026-06-03 06:24:49.356 | INFO     | __main__:run_zonal_forecast:417 - =================================================================
2026-06-03 06:24:49.356 | SUCCESS  | __main__:run_zonal_forecast:418 - ZONAL FORECASTING COMPLETE — 6 zones | 12 states | 13 commodities
