2026-06-25 06:16:57.815 | INFO     | __main__:run_zonal_forecast:464 - =================================================================
2026-06-25 06:16:57.818 | INFO     | __main__:run_zonal_forecast:465 - STEP 7 — ZONAL & STATE-LEVEL FORECASTING
2026-06-25 06:16:57.820 | INFO     | __main__:run_zonal_forecast:466 -   Date  : Thursday, 25 June 2026  06:16
2026-06-25 06:16:57.821 | INFO     | __main__:run_zonal_forecast:467 -   Anchor: DAILY INTERPOLATED (from last_known_date, drifts daily)
2026-06-25 06:16:57.821 | INFO     | __main__:run_zonal_forecast:468 - =================================================================
2026-06-25 06:16:58.125 | INFO     | __main__:run_zonal_forecast:471 -   Source: forecast_validated_2026-06-25.json
2026-06-25 06:16:58.129 | INFO     | __main__:run_zonal_forecast:478 -   Maize (white): last_known=2026-06-25, days_elapsed=0
2026-06-25 06:16:58.129 | INFO     | __main__:run_zonal_forecast:478 -   Hibiscus: last_known=2026-06-25, days_elapsed=0
2026-06-25 06:16:58.131 | INFO     | __main__:run_zonal_forecast:478 -   Sesame: last_known=2026-06-25, days_elapsed=0
2026-06-25 06:16:58.131 | INFO     | __main__:build_zonal_output:285 - 
2026-06-25 06:16:58.133 | INFO     | __main__:build_zonal_output:286 -   NATIONAL ANCHORS (interpolated from last_known_date to today):
2026-06-25 06:16:58.135 | INFO     | __main__:build_zonal_output:287 -   Commodity                 Today Price   Day Chg    vs Ref  Source
2026-06-25 06:16:58.137 | INFO     | __main__:build_zonal_output:288 -   --------------------------------------------------------------------------------
2026-06-25 06:16:58.137 | DEBUG    | __main__:get_daily_price:116 -   last_known=2026-06-25, run=2026-06-25, elapsed=7d
2026-06-25 06:16:58.160 | DEBUG    | __main__:get_daily_price:82 -   last_known_date 2026-06-25 is in future. Capping to 7 days ago.
2026-06-25 06:16:58.162 | DEBUG    | __main__:get_daily_price:116 -   last_known=2026-06-25, run=2026-06-24, elapsed=7d
2026-06-25 06:16:58.174 | INFO     | __main__:build_zonal_output:318 -   Hibiscus               N   2,302,260    -0.09%   -1.29%  interp d7 (weekly series | -1.29% v
2026-06-25 06:16:58.175 | DEBUG    | __main__:get_daily_price:116 -   last_known=2026-06-25, run=2026-06-25, elapsed=7d
2026-06-25 06:16:58.181 | DEBUG    | __main__:get_daily_price:82 -   last_known_date 2026-06-25 is in future. Capping to 7 days ago.
2026-06-25 06:16:58.181 | DEBUG    | __main__:get_daily_price:116 -   last_known=2026-06-25, run=2026-06-24, elapsed=7d
2026-06-25 06:16:58.184 | INFO     | __main__:build_zonal_output:318 -   Sesame                 N   1,637,741    -0.06%   -0.85%  interp d7 (weekly series | -0.85% v
2026-06-25 06:16:58.186 | DEBUG    | __main__:get_daily_price:116 -   last_known=2026-06-25, run=2026-06-25, elapsed=7d
2026-06-25 06:16:58.191 | DEBUG    | __main__:get_daily_price:82 -   last_known_date 2026-06-25 is in future. Capping to 7 days ago.
2026-06-25 06:16:58.191 | DEBUG    | __main__:get_daily_price:116 -   last_known=2026-06-25, run=2026-06-24, elapsed=7d
2026-06-25 06:16:58.197 | INFO     | __main__:build_zonal_output:318 -   Ginger                 N  12,061,503    +0.06%  + +0.91%  interp d7 (weekly series | +0.91% v
2026-06-25 06:16:58.200 | DEBUG    | __main__:get_daily_price:116 -   last_known=2026-06-25, run=2026-06-25, elapsed=7d
2026-06-25 06:16:58.202 | DEBUG    | __main__:get_daily_price:82 -   last_known_date 2026-06-25 is in future. Capping to 7 days ago.
2026-06-25 06:16:58.204 | DEBUG    | __main__:get_daily_price:116 -   last_known=2026-06-25, run=2026-06-24, elapsed=7d
2026-06-25 06:16:58.210 | INFO     | __main__:build_zonal_output:318 -   Cocoa                  N   5,713,023    +0.09%  + +1.25%  interp d7 (weekly series | +1.25% v
2026-06-25 06:16:58.212 | DEBUG    | __main__:get_daily_price:116 -   last_known=2026-06-25, run=2026-06-25, elapsed=7d
2026-06-25 06:16:58.216 | DEBUG    | __main__:get_daily_price:82 -   last_known_date 2026-06-25 is in future. Capping to 7 days ago.
2026-06-25 06:16:58.216 | DEBUG    | __main__:get_daily_price:116 -   last_known=2026-06-25, run=2026-06-24, elapsed=7d
2026-06-25 06:16:58.220 | INFO     | __main__:build_zonal_output:318 -   Soybeans               N     748,909    +0.06%  + +0.80%  interp d7 (weekly series | +0.80% v
2026-06-25 06:16:58.222 | DEBUG    | __main__:get_daily_price:116 -   last_known=2026-06-25, run=2026-06-25, elapsed=7d
2026-06-25 06:16:58.228 | DEBUG    | __main__:get_daily_price:82 -   last_known_date 2026-06-25 is in future. Capping to 7 days ago.
2026-06-25 06:16:58.228 | DEBUG    | __main__:get_daily_price:116 -   last_known=2026-06-25, run=2026-06-24, elapsed=7d
2026-06-25 06:16:58.232 | INFO     | __main__:build_zonal_output:318 -   Cashew Nuts            N   1,980,534    +0.08%  + +1.12%  interp d7 (weekly series | +1.12% v
2026-06-25 06:16:58.232 | DEBUG    | __main__:get_daily_price:116 -   last_known=2026-06-25, run=2026-06-25, elapsed=7d
2026-06-25 06:16:58.235 | DEBUG    | __main__:get_daily_price:82 -   last_known_date 2026-06-25 is in future. Capping to 7 days ago.
2026-06-25 06:16:58.237 | DEBUG    | __main__:get_daily_price:116 -   last_known=2026-06-25, run=2026-06-24, elapsed=7d
2026-06-25 06:16:58.240 | INFO     | __main__:build_zonal_output:318 -   Sorghum                N     424,337    +0.04%  + +0.57%  interp d7 (weekly series | +0.57% v
2026-06-25 06:16:58.243 | DEBUG    | __main__:get_daily_price:116 -   last_known=2026-06-25, run=2026-06-25, elapsed=7d
2026-06-25 06:16:58.245 | DEBUG    | __main__:get_daily_price:82 -   last_known_date 2026-06-25 is in future. Capping to 7 days ago.
2026-06-25 06:16:58.245 | DEBUG    | __main__:get_daily_price:116 -   last_known=2026-06-25, run=2026-06-24, elapsed=7d
2026-06-25 06:16:58.251 | INFO     | __main__:build_zonal_output:318 -   Beans (white)          N     818,204    +0.09%  + +1.27%  interp d7 (weekly series | +1.27% v
2026-06-25 06:16:58.253 | DEBUG    | __main__:get_daily_price:116 -   last_known=2026-06-25, run=2026-06-25, elapsed=7d
2026-06-25 06:16:58.257 | DEBUG    | __main__:get_daily_price:82 -   last_known_date 2026-06-25 is in future. Capping to 7 days ago.
2026-06-25 06:16:58.257 | DEBUG    | __main__:get_daily_price:116 -   last_known=2026-06-25, run=2026-06-24, elapsed=7d
2026-06-25 06:16:58.262 | INFO     | __main__:build_zonal_output:318 -   Beans (red)            N     911,799    -0.00%   -0.05%  interp d7 (weekly series | -0.05% v
2026-06-25 06:16:58.264 | DEBUG    | __main__:get_daily_price:116 -   last_known=2026-06-25, run=2026-06-25, elapsed=7d
2026-06-25 06:16:58.266 | DEBUG    | __main__:get_daily_price:82 -   last_known_date 2026-06-25 is in future. Capping to 7 days ago.
2026-06-25 06:16:58.266 | DEBUG    | __main__:get_daily_price:116 -   last_known=2026-06-25, run=2026-06-24, elapsed=7d
2026-06-25 06:16:58.270 | INFO     | __main__:build_zonal_output:318 -   Maize (white)          N     372,139    +0.03%  + +0.46%  interp d7 (weekly series | +0.46% v
2026-06-25 06:16:58.273 | DEBUG    | __main__:get_daily_price:116 -   last_known=2026-06-25, run=2026-06-25, elapsed=7d
2026-06-25 06:16:58.277 | DEBUG    | __main__:get_daily_price:82 -   last_known_date 2026-06-25 is in future. Capping to 7 days ago.
2026-06-25 06:16:58.279 | DEBUG    | __main__:get_daily_price:116 -   last_known=2026-06-25, run=2026-06-24, elapsed=7d
2026-06-25 06:16:58.283 | INFO     | __main__:build_zonal_output:318 -   Maize (yellow)         N     400,814    +0.04%  + +0.54%  interp d7 (weekly series | +0.54% v
2026-06-25 06:16:58.285 | DEBUG    | __main__:get_daily_price:116 -   last_known=2026-06-25, run=2026-06-25, elapsed=7d
2026-06-25 06:16:58.288 | DEBUG    | __main__:get_daily_price:82 -   last_known_date 2026-06-25 is in future. Capping to 7 days ago.
2026-06-25 06:16:58.289 | DEBUG    | __main__:get_daily_price:116 -   last_known=2026-06-25, run=2026-06-24, elapsed=7d
2026-06-25 06:16:58.293 | INFO     | __main__:build_zonal_output:318 -   Wheat                  N     710,666    +0.06%  + +0.81%  interp d7 (weekly series | +0.81% v
2026-06-25 06:16:58.301 | DEBUG    | __main__:get_daily_price:116 -   last_known=2026-06-25, run=2026-06-25, elapsed=7d
2026-06-25 06:16:58.305 | DEBUG    | __main__:get_daily_price:82 -   last_known_date 2026-06-25 is in future. Capping to 7 days ago.
2026-06-25 06:16:58.305 | DEBUG    | __main__:get_daily_price:116 -   last_known=2026-06-25, run=2026-06-24, elapsed=7d
2026-06-25 06:16:58.310 | INFO     | __main__:build_zonal_output:318 -   Rice                   N   1,560,473    +0.08%  + +1.08%  interp d7 (weekly series | +1.08% v
2026-06-25 06:16:58.313 | DEBUG    | __main__:get_daily_price:116 -   last_known=2026-06-25, run=2026-06-25, elapsed=7d
2026-06-25 06:16:58.317 | DEBUG    | __main__:get_daily_price:82 -   last_known_date 2026-06-25 is in future. Capping to 7 days ago.
2026-06-25 06:16:58.317 | DEBUG    | __main__:get_daily_price:116 -   last_known=2026-06-25, run=2026-06-24, elapsed=7d
2026-06-25 06:16:58.324 | INFO     | __main__:build_zonal_output:318 -   Eggs                   N       7,223    +0.00%  + +0.01%  interp d7 (weekly series | +0.01% v
2026-06-25 06:16:58.327 | DEBUG    | __main__:get_daily_price:116 -   last_known=2026-06-25, run=2026-06-25, elapsed=7d
2026-06-25 06:16:58.331 | DEBUG    | __main__:get_daily_price:82 -   last_known_date 2026-06-25 is in future. Capping to 7 days ago.
2026-06-25 06:16:58.331 | DEBUG    | __main__:get_daily_price:116 -   last_known=2026-06-25, run=2026-06-24, elapsed=7d
2026-06-25 06:16:58.335 | INFO     | __main__:build_zonal_output:318 -   Fish (dried)           N   2,769,760    -0.07%   -1.01%  interp d7 (weekly series | -1.01% v
2026-06-25 06:16:58.337 | DEBUG    | __main__:get_daily_price:116 -   last_known=2026-06-25, run=2026-06-25, elapsed=7d
2026-06-25 06:16:58.354 | DEBUG    | __main__:get_daily_price:82 -   last_known_date 2026-06-25 is in future. Capping to 7 days ago.
2026-06-25 06:16:58.354 | DEBUG    | __main__:get_daily_price:116 -   last_known=2026-06-25, run=2026-06-24, elapsed=7d
2026-06-25 06:16:58.362 | INFO     | __main__:build_zonal_output:318 -   Meat (goat)            N   4,563,805    +0.09%  + +1.24%  interp d7 (weekly series | +1.24% v
2026-06-25 06:16:58.372 | DEBUG    | __main__:get_daily_price:116 -   last_known=2026-06-25, run=2026-06-25, elapsed=7d
2026-06-25 06:16:58.395 | DEBUG    | __main__:get_daily_price:82 -   last_known_date 2026-06-25 is in future. Capping to 7 days ago.
2026-06-25 06:16:58.400 | DEBUG    | __main__:get_daily_price:116 -   last_known=2026-06-25, run=2026-06-24, elapsed=7d
2026-06-25 06:16:58.404 | INFO     | __main__:build_zonal_output:318 -   Meat (beef)            N   4,258,604    +0.10%  + +1.49%  interp d7 (weekly series | +1.49% v
2026-06-25 06:16:58.422 | INFO     | __main__:build_zonal_output:321 - 
2026-06-25 06:16:58.603 | INFO     | __main__:run_zonal_forecast:484 - 
2026-06-25 06:16:58.612 | INFO     | __main__:run_zonal_forecast:485 -   Zone             State        Commodity                 State Price  Day Chg
2026-06-25 06:16:58.619 | INFO     | __main__:run_zonal_forecast:486 -   ------------------------------------------------------------------------
2026-06-25 06:16:58.636 | INFO     | __main__:run_zonal_forecast:493 -   North West       Kano         * Sesame                N   1,359,325/MT  -0.06%
2026-06-25 06:16:58.643 | INFO     | __main__:run_zonal_forecast:493 -   North West       Kano         * Sorghum               N     330,983/MT  +0.04%
2026-06-25 06:16:58.645 | INFO     | __main__:run_zonal_forecast:493 -   North West       Kano         * Beans (white)         N     711,837/MT  +0.09%
2026-06-25 06:16:58.648 | INFO     | __main__:run_zonal_forecast:493 -   North West       Kano         * Maize (white)         N     297,711/MT  +0.03%
2026-06-25 06:16:58.649 | INFO     | __main__:run_zonal_forecast:493 -   North West       Kano         * Maize (yellow)        N     320,652/MT  +0.04%
2026-06-25 06:16:58.651 | INFO     | __main__:run_zonal_forecast:493 -   North West       Kano         * Wheat                 N     632,493/MT  +0.06%
2026-06-25 06:16:58.651 | INFO     | __main__:run_zonal_forecast:493 -   North West       Kaduna       * Ginger                N   8,684,282/MT  +0.06%
2026-06-25 06:16:58.653 | INFO     | __main__:run_zonal_forecast:493 -   North West       Kaduna       * Soybeans              N     629,083/MT  +0.06%
2026-06-25 06:16:58.654 | INFO     | __main__:run_zonal_forecast:493 -   North West       Kaduna       * Sorghum               N     339,470/MT  +0.04%
2026-06-25 06:16:58.656 | INFO     | __main__:run_zonal_forecast:493 -   North West       Kaduna       * Maize (white)         N     301,432/MT  +0.03%
2026-06-25 06:16:58.656 | INFO     | __main__:run_zonal_forecast:493 -   North West       Kaduna       * Maize (yellow)        N     324,660/MT  +0.04%
2026-06-25 06:16:58.656 | INFO     | __main__:run_zonal_forecast:493 -   North West       Kaduna       * Wheat                 N     618,280/MT  +0.06%
2026-06-25 06:16:58.656 | INFO     | __main__:run_zonal_forecast:493 -   North West       Kaduna       * Rice                  N   1,451,240/MT  +0.08%
2026-06-25 06:16:58.656 | INFO     | __main__:run_zonal_forecast:493 -   North Central    Plateau      * Ginger                N   9,046,127/MT  +0.06%
2026-06-25 06:16:58.660 | INFO     | __main__:run_zonal_forecast:493 -   North Central    Plateau      * Soybeans              N     621,594/MT  +0.06%
2026-06-25 06:16:58.660 | INFO     | __main__:run_zonal_forecast:493 -   North Central    Plateau      * Beans (white)         N     736,383/MT  +0.09%
2026-06-25 06:16:58.662 | INFO     | __main__:run_zonal_forecast:493 -   North Central    Plateau      * Maize (white)         N     323,761/MT  +0.03%
2026-06-25 06:16:58.663 | INFO     | __main__:run_zonal_forecast:493 -   North Central    Plateau      * Wheat                 N     646,706/MT  +0.06%
2026-06-25 06:16:58.665 | INFO     | __main__:run_zonal_forecast:493 -   North Central    Plateau      * Rice                  N   1,404,426/MT  +0.08%
2026-06-25 06:16:58.666 | INFO     | __main__:run_zonal_forecast:493 -   North Central    Kogi         * Cocoa                 N   5,027,460/MT  +0.09%
2026-06-25 06:16:58.667 | INFO     | __main__:run_zonal_forecast:493 -   North Central    Kogi         * Soybeans              N     651,551/MT  +0.06%
2026-06-25 06:16:58.669 | INFO     | __main__:run_zonal_forecast:493 -   North Central    Kogi         * Cashew Nuts           N   1,584,428/MT  +0.08%
2026-06-25 06:16:58.669 | INFO     | __main__:run_zonal_forecast:493 -   North Central    Kogi         * Sorghum               N     386,147/MT  +0.04%
2026-06-25 06:16:58.671 | INFO     | __main__:run_zonal_forecast:493 -   North Central    Kogi         * Beans (white)         N     752,747/MT  +0.09%
2026-06-25 06:16:58.674 | INFO     | __main__:run_zonal_forecast:493 -   North Central    Kogi         * Maize (white)         N     334,925/MT  +0.03%
2026-06-25 06:16:58.683 | INFO     | __main__:run_zonal_forecast:493 -   North East       Adamawa      * Sesame                N   1,408,458/MT  -0.06%
2026-06-25 06:16:58.689 | INFO     | __main__:run_zonal_forecast:493 -   North East       Adamawa      * Ginger                N  10,011,047/MT  +0.06%
2026-06-25 06:16:58.695 | INFO     | __main__:run_zonal_forecast:493 -   North East       Adamawa      * Soybeans              N     666,529/MT  +0.06%
2026-06-25 06:16:58.703 | INFO     | __main__:run_zonal_forecast:493 -   North East       Adamawa      * Sorghum               N     369,173/MT  +0.04%
2026-06-25 06:16:58.707 | INFO     | __main__:run_zonal_forecast:493 -   North East       Adamawa      * Beans (white)         N     752,747/MT  +0.09%
2026-06-25 06:16:58.714 | INFO     | __main__:run_zonal_forecast:493 -   North East       Adamawa      * Maize (white)         N     327,482/MT  +0.03%
2026-06-25 06:16:58.720 | INFO     | __main__:run_zonal_forecast:493 -   North East       Borno        * Sesame                N   1,457,590/MT  -0.06%
2026-06-25 06:16:58.720 | INFO     | __main__:run_zonal_forecast:493 -   North East       Borno        * Sorghum               N     390,390/MT  +0.04%
2026-06-25 06:16:58.723 | INFO     | __main__:run_zonal_forecast:493 -   North East       Borno        * Beans (white)         N     867,296/MT  +0.09%
2026-06-25 06:16:58.725 | INFO     | __main__:run_zonal_forecast:493 -   North East       Borno        * Maize (white)         N     401,910/MT  +0.03%
2026-06-25 06:16:58.726 | INFO     | __main__:run_zonal_forecast:493 -   North East       Borno        * Wheat                 N     795,946/MT  +0.06%
2026-06-25 06:16:58.726 | INFO     | __main__:run_zonal_forecast:493 -   South West       Oyo          * Hibiscus              N   2,371,327/MT  -0.09%
2026-06-25 06:16:58.728 | INFO     | __main__:run_zonal_forecast:493 -   South West       Oyo          * Cocoa                 N   5,084,591/MT  +0.09%
2026-06-25 06:16:58.729 | INFO     | __main__:run_zonal_forecast:493 -   South West       Oyo          * Soybeans              N     778,865/MT  +0.06%
2026-06-25 06:16:58.731 | INFO     | __main__:run_zonal_forecast:493 -   South West       Oyo          * Cashew Nuts           N   1,703,260/MT  +0.08%
2026-06-25 06:16:58.732 | INFO     | __main__:run_zonal_forecast:493 -   South West       Oyo          * Beans (white)         N     900,024/MT  +0.09%
2026-06-25 06:16:58.734 | INFO     | __main__:run_zonal_forecast:493 -   South West       Oyo          * Maize (white)         N     401,910/MT  +0.03%
2026-06-25 06:16:58.736 | INFO     | __main__:run_zonal_forecast:493 -   South West       Lagos        * Hibiscus              N   2,647,599/MT  -0.09%
2026-06-25 06:16:58.736 | INFO     | __main__:run_zonal_forecast:493 -   South West       Lagos        * Sesame                N   1,932,535/MT  -0.06%
2026-06-25 06:16:58.738 | INFO     | __main__:run_zonal_forecast:493 -   South West       Lagos        * Cocoa                 N   6,170,065/MT  +0.09%
2026-06-25 06:16:58.739 | INFO     | __main__:run_zonal_forecast:493 -   South West       Lagos        * Soybeans              N     913,669/MT  +0.06%
2026-06-25 06:16:58.739 | INFO     | __main__:run_zonal_forecast:493 -   South West       Lagos        * Beans (white)         N   1,047,300/MT  +0.09%
2026-06-25 06:16:58.739 | INFO     | __main__:run_zonal_forecast:493 -   South West       Lagos        * Beans (red)           N   1,139,748/MT  -0.00%
2026-06-25 06:16:58.739 | INFO     | __main__:run_zonal_forecast:493 -   South West       Lagos        * Maize (white)         N     483,780/MT  +0.03%
2026-06-25 06:16:58.742 | INFO     | __main__:run_zonal_forecast:493 -   South West       Lagos        * Maize (yellow)        N     521,059/MT  +0.04%
2026-06-25 06:16:58.743 | INFO     | __main__:run_zonal_forecast:493 -   South East       Anambra      * Cocoa                 N   5,998,674/MT  +0.09%
2026-06-25 06:16:58.744 | INFO     | __main__:run_zonal_forecast:493 -   South East       Anambra      * Cashew Nuts           N   2,178,588/MT  +0.08%
2026-06-25 06:16:58.744 | INFO     | __main__:run_zonal_forecast:493 -   South East       Anambra      * Beans (white)         N     965,480/MT  +0.09%
2026-06-25 06:16:58.746 | INFO     | __main__:run_zonal_forecast:493 -   South East       Anambra      * Beans (red)           N   1,048,569/MT  -0.00%
2026-06-25 06:16:58.746 | INFO     | __main__:run_zonal_forecast:493 -   South East       Anambra      * Maize (white)         N     446,567/MT  +0.03%
2026-06-25 06:16:58.748 | INFO     | __main__:run_zonal_forecast:493 -   South East       Imo          * Cocoa                 N   5,198,851/MT  +0.09%
2026-06-25 06:16:58.748 | INFO     | __main__:run_zonal_forecast:493 -   South East       Imo          * Cashew Nuts           N   2,099,367/MT  +0.08%
2026-06-25 06:16:58.748 | INFO     | __main__:run_zonal_forecast:493 -   South East       Imo          * Beans (white)         N     940,934/MT  +0.09%
2026-06-25 06:16:58.750 | INFO     | __main__:run_zonal_forecast:493 -   South East       Imo          * Maize (white)         N     435,402/MT  +0.03%
2026-06-25 06:16:58.752 | INFO     | __main__:run_zonal_forecast:493 -   South South      Rivers       * Hibiscus              N   2,578,531/MT  -0.09%
2026-06-25 06:16:58.754 | INFO     | __main__:run_zonal_forecast:493 -   South South      Rivers       * Sesame                N   1,932,535/MT  -0.06%
2026-06-25 06:16:58.756 | INFO     | __main__:run_zonal_forecast:493 -   South South      Rivers       * Cocoa                 N   5,998,674/MT  +0.09%
2026-06-25 06:16:58.757 | INFO     | __main__:run_zonal_forecast:493 -   South South      Rivers       * Beans (white)         N     998,208/MT  +0.09%
2026-06-25 06:16:58.759 | INFO     | __main__:run_zonal_forecast:493 -   South South      Rivers       * Beans (red)           N   1,094,158/MT  -0.00%
2026-06-25 06:16:58.759 | INFO     | __main__:run_zonal_forecast:493 -   South South      Rivers       * Maize (white)         N     465,174/MT  +0.03%
2026-06-25 06:16:58.760 | INFO     | __main__:run_zonal_forecast:493 -   South South      Delta        * Hibiscus              N   2,486,440/MT  -0.09%
2026-06-25 06:16:58.761 | INFO     | __main__:run_zonal_forecast:493 -   South South      Delta        * Sesame                N   1,899,780/MT  -0.06%
2026-06-25 06:16:58.761 | INFO     | __main__:run_zonal_forecast:493 -   South South      Delta        * Cocoa                 N   5,313,111/MT  +0.09%
2026-06-25 06:16:58.763 | INFO     | __main__:run_zonal_forecast:493 -   South South      Delta        * Soybeans              N     853,756/MT  +0.06%
2026-06-25 06:16:58.763 | INFO     | __main__:run_zonal_forecast:493 -   South South      Delta        * Beans (white)         N     957,298/MT  +0.09%
2026-06-25 06:16:58.765 | INFO     | __main__:run_zonal_forecast:493 -   South South      Delta        * Maize (white)         N     446,567/MT  +0.03%
2026-06-25 06:16:59.955 | SUCCESS  | __main__:run_zonal_forecast:507 -   Zonal JSON  -> C:\Users\USER\Downloads\agrolinking-intel-structure\agrolinking-intel\outputs\forecasts\zonal\zonal_forecast_2026-06-25.json
2026-06-25 06:16:59.964 | SUCCESS  | __main__:run_zonal_forecast:513 -   Zonal alert -> C:\Users\USER\Downloads\agrolinking-intel-structure\agrolinking-intel\outputs\daily_alerts\alert_zonal_2026-06-25.txt
2026-06-25 06:16:59.968 | INFO     | __main__:run_zonal_forecast:515 - 
2026-06-25 06:16:59.970 | INFO     | __main__:run_zonal_forecast:516 - =================================================================
2026-06-25 06:16:59.971 | INFO     | __main__:run_zonal_forecast:518 -   ================================================
2026-06-25 06:16:59.971 | INFO     | __main__:run_zonal_forecast:518 -   AGROLINKING ZONAL COMMODITY INTELLIGENCE
2026-06-25 06:16:59.974 | INFO     | __main__:run_zonal_forecast:518 -   Date: Thursday, 25 June 2026
2026-06-25 06:16:59.974 | INFO     | __main__:run_zonal_forecast:518 -   6 Zones | 12 States | 12 Commodities
2026-06-25 06:16:59.976 | INFO     | __main__:run_zonal_forecast:518 -   ================================================
2026-06-25 06:16:59.981 | INFO     | __main__:run_zonal_forecast:518 -   
2026-06-25 06:16:59.983 | INFO     | __main__:run_zonal_forecast:518 -   NORTH WEST (Kano & Kaduna)
2026-06-25 06:16:59.983 | INFO     | __main__:run_zonal_forecast:518 -   Nigeria's main grain belt. Highest Maize, Sorghum, Sesame, Wheat production.
2026-06-25 06:16:59.984 | INFO     | __main__:run_zonal_forecast:518 -   
2026-06-25 06:16:59.986 | INFO     | __main__:run_zonal_forecast:518 -     Commodity           Kano                Kaduna            
2026-06-25 06:16:59.986 | INFO     | __main__:run_zonal_forecast:518 -     ------------------------------------------------------------
2026-06-25 06:16:59.989 | INFO     | __main__:run_zonal_forecast:518 -     Hibiscus                N2.187M    (-0.1%)    N2.141M    (-0.1%)
2026-06-25 06:16:59.991 | INFO     | __main__:run_zonal_forecast:518 -     Sesame                * N1.359M    (-0.1%)    N1.392M    (-0.1%)
2026-06-25 06:16:59.991 | INFO     | __main__:run_zonal_forecast:518 -     Ginger                  N11.820M   (+0.1%)  * N8.684M    (+0.1%)
2026-06-25 06:16:59.993 | INFO     | __main__:run_zonal_forecast:518 -     Cocoa                   N5.827M    (+0.1%)    N5.999M    (+0.1%)
2026-06-25 06:16:59.993 | INFO     | __main__:run_zonal_forecast:518 -     Soybeans                N674K      (+0.1%)  * N629K      (+0.1%)
2026-06-25 06:16:59.995 | INFO     | __main__:run_zonal_forecast:518 -     Cashew Nuts             N1.981M    (+0.1%)    N2.020M    (+0.1%)
2026-06-25 06:16:59.995 | INFO     | __main__:run_zonal_forecast:518 -     Sorghum               * N331K      (+0.0%)  * N339K      (+0.0%)
2026-06-25 06:16:59.997 | INFO     | __main__:run_zonal_forecast:518 -     Beans (white)         * N712K      (+0.1%)    N720K      (+0.1%)
2026-06-25 06:17:00.004 | INFO     | __main__:run_zonal_forecast:518 -     Beans (red)             N821K                 N830K             
2026-06-25 06:17:00.008 | INFO     | __main__:run_zonal_forecast:518 -     Maize (white)         * N298K      (+0.0%)  * N301K      (+0.0%)
2026-06-25 06:17:00.018 | INFO     | __main__:run_zonal_forecast:518 -     Maize (yellow)        * N321K      (+0.0%)  * N325K      (+0.0%)
2026-06-25 06:17:00.032 | INFO     | __main__:run_zonal_forecast:518 -     Wheat                 * N632K      (+0.1%)  * N618K      (+0.1%)
2026-06-25 06:17:00.034 | INFO     | __main__:run_zonal_forecast:518 -     Rice                    N1.482M    (+0.1%)  * N1.451M    (+0.1%)
2026-06-25 06:17:00.049 | INFO     | __main__:run_zonal_forecast:518 -     Eggs                    N7K                   N7K               
2026-06-25 06:17:00.054 | INFO     | __main__:run_zonal_forecast:518 -     Fish (dried)            N3.047M    (-0.1%)    N2.991M    (-0.1%)
2026-06-25 06:17:00.059 | INFO     | __main__:run_zonal_forecast:518 -     Meat (goat)             N3.971M    (+0.1%)    N4.062M    (+0.1%)
2026-06-25 06:17:00.061 | INFO     | __main__:run_zonal_forecast:518 -     Meat (beef)             N3.748M    (+0.1%)    N3.833M    (+0.1%)
2026-06-25 06:17:00.061 | INFO     | __main__:run_zonal_forecast:518 -   
2026-06-25 06:17:00.068 | INFO     | __main__:run_zonal_forecast:518 -   NORTH CENTRAL (Plateau & Kogi)
2026-06-25 06:17:00.071 | INFO     | __main__:run_zonal_forecast:518 -   Middle Belt. Ginger heartland (Plateau), Cashew/Cocoa belt (Kogi).
2026-06-25 06:17:00.071 | INFO     | __main__:run_zonal_forecast:518 -   
2026-06-25 06:17:00.073 | INFO     | __main__:run_zonal_forecast:518 -     Commodity           Plateau             Kogi              
2026-06-25 06:17:00.075 | INFO     | __main__:run_zonal_forecast:518 -     ------------------------------------------------------------
2026-06-25 06:17:00.075 | INFO     | __main__:run_zonal_forecast:518 -     Hibiscus                N2.233M    (-0.1%)    N2.210M    (-0.1%)
2026-06-25 06:17:00.077 | INFO     | __main__:run_zonal_forecast:518 -     Sesame                  N1.572M    (-0.1%)    N1.589M    (-0.1%)
2026-06-25 06:17:00.078 | INFO     | __main__:run_zonal_forecast:518 -     Ginger                * N9.046M    (+0.1%)    N11.338M   (+0.1%)
2026-06-25 06:17:00.079 | INFO     | __main__:run_zonal_forecast:518 -     Cocoa                   N6.170M    (+0.1%)  * N5.027M    (+0.1%)
2026-06-25 06:17:00.080 | INFO     | __main__:run_zonal_forecast:518 -     Soybeans              * N622K      (+0.1%)  * N652K      (+0.1%)
2026-06-25 06:17:00.080 | INFO     | __main__:run_zonal_forecast:518 -     Cashew Nuts             N2.080M    (+0.1%)  * N1.584M    (+0.1%)
2026-06-25 06:17:00.082 | INFO     | __main__:run_zonal_forecast:518 -     Sorghum                 N390K      (+0.0%)  * N386K      (+0.0%)
2026-06-25 06:17:00.093 | INFO     | __main__:run_zonal_forecast:518 -     Beans (white)         * N736K      (+0.1%)  * N753K      (+0.1%)
2026-06-25 06:17:00.093 | INFO     | __main__:run_zonal_forecast:518 -     Beans (red)             N866K                 N857K             
2026-06-25 06:17:00.095 | INFO     | __main__:run_zonal_forecast:518 -     Maize (white)         * N324K      (+0.0%)  * N335K      (+0.0%)
2026-06-25 06:17:00.097 | INFO     | __main__:run_zonal_forecast:518 -     Maize (yellow)          N353K      (+0.0%)    N365K      (+0.0%)
2026-06-25 06:17:00.097 | INFO     | __main__:run_zonal_forecast:518 -     Wheat                 * N647K      (+0.1%)    N689K      (+0.1%)
2026-06-25 06:17:00.098 | INFO     | __main__:run_zonal_forecast:518 -     Rice                  * N1.404M    (+0.1%)    N1.514M    (+0.1%)
2026-06-25 06:17:00.107 | INFO     | __main__:run_zonal_forecast:518 -     Eggs                    N7K                   N7K               
2026-06-25 06:17:00.111 | INFO     | __main__:run_zonal_forecast:518 -     Fish (dried)            N2.908M    (-0.1%)    N2.825M    (-0.1%)
2026-06-25 06:17:00.111 | INFO     | __main__:run_zonal_forecast:518 -     Meat (goat)             N4.153M    (+0.1%)    N4.290M    (+0.1%)
2026-06-25 06:17:00.117 | INFO     | __main__:run_zonal_forecast:518 -     Meat (beef)             N3.918M    (+0.1%)    N4.046M    (+0.1%)
2026-06-25 06:17:00.119 | INFO     | __main__:run_zonal_forecast:518 -   
2026-06-25 06:17:00.121 | INFO     | __main__:run_zonal_forecast:518 -   NORTH EAST (Adamawa & Borno)
2026-06-25 06:17:00.122 | INFO     | __main__:run_zonal_forecast:518 -   Semi-arid. Sorghum, Maize. Conflict premium on imports in Borno.
2026-06-25 06:17:00.124 | INFO     | __main__:run_zonal_forecast:518 -   
2026-06-25 06:17:00.128 | INFO     | __main__:run_zonal_forecast:518 -     Commodity           Adamawa             Borno             
2026-06-25 06:17:00.131 | INFO     | __main__:run_zonal_forecast:518 -     ------------------------------------------------------------
2026-06-25 06:17:00.131 | INFO     | __main__:run_zonal_forecast:518 -     Hibiscus                N2.256M    (-0.1%)    N2.417M    (-0.1%)
2026-06-25 06:17:00.133 | INFO     | __main__:run_zonal_forecast:518 -     Sesame                * N1.408M    (-0.1%)  * N1.458M    (-0.1%)
2026-06-25 06:17:00.135 | INFO     | __main__:run_zonal_forecast:518 -     Ginger                * N10.011M   (+0.1%)    N13.871M   (+0.1%)
2026-06-25 06:17:00.136 | INFO     | __main__:run_zonal_forecast:518 -     Cocoa                   N5.999M    (+0.1%)    N6.741M    (+0.1%)
2026-06-25 06:17:00.138 | INFO     | __main__:run_zonal_forecast:518 -     Soybeans              * N667K      (+0.1%)    N809K      (+0.1%)
2026-06-25 06:17:00.138 | INFO     | __main__:run_zonal_forecast:518 -     Cashew Nuts             N2.060M    (+0.1%)    N2.278M    (+0.1%)
2026-06-25 06:17:00.140 | INFO     | __main__:run_zonal_forecast:518 -     Sorghum               * N369K      (+0.0%)  * N390K      (+0.0%)
2026-06-25 06:17:00.140 | INFO     | __main__:run_zonal_forecast:518 -     Beans (white)         * N753K      (+0.1%)  * N867K      (+0.1%)
2026-06-25 06:17:00.142 | INFO     | __main__:run_zonal_forecast:518 -     Beans (red)             N866K                 N1.003M           
2026-06-25 06:17:00.143 | INFO     | __main__:run_zonal_forecast:518 -     Maize (white)         * N327K      (+0.0%)  * N402K      (+0.0%)
2026-06-25 06:17:00.143 | INFO     | __main__:run_zonal_forecast:518 -     Maize (yellow)          N357K      (+0.0%)    N433K      (+0.0%)
2026-06-25 06:17:00.152 | INFO     | __main__:run_zonal_forecast:518 -     Wheat                   N696K      (+0.1%)  * N796K      (+0.1%)
2026-06-25 06:17:00.152 | INFO     | __main__:run_zonal_forecast:518 -     Rice                    N1.592M    (+0.1%)    N1.717M    (+0.1%)
2026-06-25 06:17:00.153 | INFO     | __main__:run_zonal_forecast:518 -     Eggs                    N7K                   N8K               
2026-06-25 06:17:00.160 | INFO     | __main__:run_zonal_forecast:518 -     Fish (dried)            N3.102M    (-0.1%)    N3.268M    (-0.1%)
2026-06-25 06:17:00.162 | INFO     | __main__:run_zonal_forecast:518 -     Meat (goat)             N4.199M    (+0.1%)    N4.746M    (+0.1%)
2026-06-25 06:17:00.164 | INFO     | __main__:run_zonal_forecast:518 -     Meat (beef)             N3.961M    (+0.1%)    N4.472M    (+0.1%)
2026-06-25 06:17:00.166 | INFO     | __main__:run_zonal_forecast:518 -   
2026-06-25 06:17:00.178 | INFO     | __main__:run_zonal_forecast:518 -   SOUTH WEST (Oyo & Lagos)
2026-06-25 06:17:00.180 | INFO     | __main__:run_zonal_forecast:518 -   Commercial capital. Lagos is the price-setter for consumer markets.
2026-06-25 06:17:00.181 | INFO     | __main__:run_zonal_forecast:518 -   
2026-06-25 06:17:00.181 | INFO     | __main__:run_zonal_forecast:518 -     Commodity           Oyo                 Lagos             
2026-06-25 06:17:00.182 | INFO     | __main__:run_zonal_forecast:518 -     ------------------------------------------------------------
2026-06-25 06:17:00.183 | INFO     | __main__:run_zonal_forecast:518 -     Hibiscus              * N2.371M    (-0.1%)  * N2.648M    (-0.1%)
2026-06-25 06:17:00.186 | INFO     | __main__:run_zonal_forecast:518 -     Sesame                  N1.736M    (-0.1%)  * N1.933M    (-0.1%)
2026-06-25 06:17:00.187 | INFO     | __main__:run_zonal_forecast:518 -     Ginger                  N13.026M   (+0.1%)    N14.474M   (+0.1%)
2026-06-25 06:17:00.194 | INFO     | __main__:run_zonal_forecast:518 -     Cocoa                 * N5.085M    (+0.1%)  * N6.170M    (+0.1%)
2026-06-25 06:17:00.194 | INFO     | __main__:run_zonal_forecast:518 -     Soybeans              * N779K      (+0.1%)  * N914K      (+0.1%)
2026-06-25 06:17:00.196 | INFO     | __main__:run_zonal_forecast:518 -     Cashew Nuts           * N1.703M    (+0.1%)    N2.179M    (+0.1%)
2026-06-25 06:17:00.196 | INFO     | __main__:run_zonal_forecast:518 -     Sorghum                 N446K      (+0.0%)    N501K      (+0.0%)
2026-06-25 06:17:00.200 | INFO     | __main__:run_zonal_forecast:518 -     Beans (white)         * N900K      (+0.1%)  * N1.047M    (+0.1%)
2026-06-25 06:17:00.202 | INFO     | __main__:run_zonal_forecast:518 -     Beans (red)             N1.021M             * N1.140M           
2026-06-25 06:17:00.202 | INFO     | __main__:run_zonal_forecast:518 -     Maize (white)         * N402K      (+0.0%)  * N484K      (+0.0%)
2026-06-25 06:17:00.204 | INFO     | __main__:run_zonal_forecast:518 -     Maize (yellow)          N433K      (+0.0%)  * N521K      (+0.0%)
2026-06-25 06:17:00.210 | INFO     | __main__:run_zonal_forecast:518 -     Wheat                   N782K      (+0.1%)    N817K      (+0.1%)
2026-06-25 06:17:00.219 | INFO     | __main__:run_zonal_forecast:518 -     Rice                    N1.685M    (+0.1%)    N1.841M    (+0.1%)
2026-06-25 06:17:00.221 | INFO     | __main__:run_zonal_forecast:518 -     Eggs                    N7K                   N8K               
2026-06-25 06:17:00.222 | INFO     | __main__:run_zonal_forecast:518 -     Fish (dried)            N2.714M    (-0.1%)    N2.991M    (-0.1%)
2026-06-25 06:17:00.223 | INFO     | __main__:run_zonal_forecast:518 -     Meat (goat)             N4.838M    (+0.1%)    N5.431M    (+0.1%)
2026-06-25 06:17:00.223 | INFO     | __main__:run_zonal_forecast:518 -     Meat (beef)             N4.472M    (+0.1%)    N5.025M    (+0.1%)
2026-06-25 06:17:00.225 | INFO     | __main__:run_zonal_forecast:518 -   
2026-06-25 06:17:00.227 | INFO     | __main__:run_zonal_forecast:518 -   SOUTH EAST (Anambra & Imo)
2026-06-25 06:17:00.227 | INFO     | __main__:run_zonal_forecast:518 -   High consumption, low production of traded commodities. Import-dependent.
2026-06-25 06:17:00.236 | INFO     | __main__:run_zonal_forecast:518 -   
2026-06-25 06:17:00.237 | INFO     | __main__:run_zonal_forecast:518 -     Commodity           Anambra             Imo               
2026-06-25 06:17:00.237 | INFO     | __main__:run_zonal_forecast:518 -     ------------------------------------------------------------
2026-06-25 06:17:00.241 | INFO     | __main__:run_zonal_forecast:518 -     Hibiscus                N2.579M    (-0.1%)    N2.532M    (-0.1%)
2026-06-25 06:17:00.243 | INFO     | __main__:run_zonal_forecast:518 -     Sesame                  N1.900M    (-0.1%)    N1.867M    (-0.1%)
2026-06-25 06:17:00.243 | INFO     | __main__:run_zonal_forecast:518 -     Ginger                  N13.871M   (+0.1%)    N13.509M   (+0.1%)
2026-06-25 06:17:00.247 | INFO     | __main__:run_zonal_forecast:518 -     Cocoa                 * N5.999M    (+0.1%)  * N5.199M    (+0.1%)
2026-06-25 06:17:00.253 | INFO     | __main__:run_zonal_forecast:518 -     Soybeans                N854K      (+0.1%)    N839K      (+0.1%)
2026-06-25 06:17:00.255 | INFO     | __main__:run_zonal_forecast:518 -     Cashew Nuts           * N2.179M    (+0.1%)  * N2.099M    (+0.1%)
2026-06-25 06:17:00.255 | INFO     | __main__:run_zonal_forecast:518 -     Sorghum                 N484K      (+0.0%)    N475K      (+0.0%)
2026-06-25 06:17:00.258 | INFO     | __main__:run_zonal_forecast:518 -     Beans (white)         * N965K      (+0.1%)  * N941K      (+0.1%)
2026-06-25 06:17:00.266 | INFO     | __main__:run_zonal_forecast:518 -     Beans (red)           * N1.049M               N1.030M           
2026-06-25 06:17:00.279 | INFO     | __main__:run_zonal_forecast:518 -     Maize (white)         * N447K      (+0.0%)  * N435K      (+0.0%)
2026-06-25 06:17:00.282 | INFO     | __main__:run_zonal_forecast:518 -     Maize (yellow)          N481K      (+0.0%)    N469K      (+0.0%)
2026-06-25 06:17:00.283 | INFO     | __main__:run_zonal_forecast:518 -     Wheat                   N839K      (+0.1%)    N824K      (+0.1%)
2026-06-25 06:17:00.287 | INFO     | __main__:run_zonal_forecast:518 -     Rice                    N1.748M    (+0.1%)    N1.717M    (+0.1%)
2026-06-25 06:17:00.296 | INFO     | __main__:run_zonal_forecast:518 -     Eggs                    N8K                   N7K               
2026-06-25 06:17:00.305 | INFO     | __main__:run_zonal_forecast:518 -     Fish (dried)            N2.631M    (-0.1%)    N2.576M    (-0.1%)
2026-06-25 06:17:00.309 | INFO     | __main__:run_zonal_forecast:518 -     Meat (goat)             N4.975M    (+0.1%)    N4.883M    (+0.1%)
2026-06-25 06:17:00.311 | INFO     | __main__:run_zonal_forecast:518 -     Meat (beef)             N4.599M    (+0.1%)    N4.514M    (+0.1%)
2026-06-25 06:17:00.321 | INFO     | __main__:run_zonal_forecast:518 -   
2026-06-25 06:17:00.323 | INFO     | __main__:run_zonal_forecast:518 -   SOUTH SOUTH (Rivers & Delta)
2026-06-25 06:17:00.326 | INFO     | __main__:run_zonal_forecast:518 -   Oil belt. High purchasing power. Cocoa producer (Delta).
2026-06-25 06:17:00.327 | INFO     | __main__:run_zonal_forecast:518 -   
2026-06-25 06:17:00.330 | INFO     | __main__:run_zonal_forecast:518 -     Commodity           Rivers              Delta             
2026-06-25 06:17:00.338 | INFO     | __main__:run_zonal_forecast:518 -     ------------------------------------------------------------
2026-06-25 06:17:00.347 | INFO     | __main__:run_zonal_forecast:518 -     Hibiscus              * N2.579M    (-0.1%)  * N2.486M    (-0.1%)
2026-06-25 06:17:00.349 | INFO     | __main__:run_zonal_forecast:518 -     Sesame                * N1.933M    (-0.1%)  * N1.900M    (-0.1%)
2026-06-25 06:17:00.350 | INFO     | __main__:run_zonal_forecast:518 -     Ginger                  N14.474M   (+0.1%)    N13.871M   (+0.1%)
2026-06-25 06:17:00.350 | INFO     | __main__:run_zonal_forecast:518 -     Cocoa                 * N5.999M    (+0.1%)  * N5.313M    (+0.1%)
2026-06-25 06:17:00.352 | INFO     | __main__:run_zonal_forecast:518 -     Soybeans                N884K      (+0.1%)  * N854K      (+0.1%)
2026-06-25 06:17:00.353 | INFO     | __main__:run_zonal_forecast:518 -     Cashew Nuts             N2.278M    (+0.1%)    N2.179M    (+0.1%)
2026-06-25 06:17:00.362 | INFO     | __main__:run_zonal_forecast:518 -     Sorghum                 N509K      (+0.0%)    N501K      (+0.0%)
2026-06-25 06:17:00.366 | INFO     | __main__:run_zonal_forecast:518 -     Beans (white)         * N998K      (+0.1%)  * N957K      (+0.1%)
2026-06-25 06:17:00.388 | INFO     | __main__:run_zonal_forecast:518 -     Beans (red)           * N1.094M               N1.049M           
2026-06-25 06:17:00.390 | INFO     | __main__:run_zonal_forecast:518 -     Maize (white)         * N465K      (+0.0%)  * N447K      (+0.0%)
2026-06-25 06:17:00.394 | INFO     | __main__:run_zonal_forecast:518 -     Maize (yellow)          N501K      (+0.0%)    N481K      (+0.0%)
2026-06-25 06:17:00.402 | INFO     | __main__:run_zonal_forecast:518 -     Wheat                   N867K      (+0.1%)    N853K      (+0.1%)
2026-06-25 06:17:00.406 | INFO     | __main__:run_zonal_forecast:518 -     Rice                    N1.795M    (+0.1%)    N1.748M    (+0.1%)
2026-06-25 06:17:00.410 | INFO     | __main__:run_zonal_forecast:518 -     Eggs                    N8K                   N8K               
2026-06-25 06:17:00.410 | INFO     | __main__:run_zonal_forecast:518 -     Fish (dried)            N2.437M    (-0.1%)    N2.493M    (-0.1%)
2026-06-25 06:17:00.412 | INFO     | __main__:run_zonal_forecast:518 -     Meat (goat)             N5.157M    (+0.1%)    N5.066M    (+0.1%)
2026-06-25 06:17:00.412 | INFO     | __main__:run_zonal_forecast:518 -     Meat (beef)             N4.770M    (+0.1%)    N4.684M    (+0.1%)
2026-06-25 06:17:00.414 | INFO     | __main__:run_zonal_forecast:518 -   
2026-06-25 06:17:00.416 | INFO     | __main__:run_zonal_forecast:518 -   ==========================================================
2026-06-25 06:17:00.426 | INFO     | __main__:run_zonal_forecast:518 -   * = primary commodity  (+/-%) = day-on-day change
2026-06-25 06:17:00.429 | INFO     | __main__:run_zonal_forecast:518 -   
2026-06-25 06:17:00.429 | INFO     | __main__:run_zonal_forecast:518 -   NATIONAL PRICE CHANGES TODAY:
2026-06-25 06:17:00.433 | INFO     | __main__:run_zonal_forecast:518 -     Commodity                   Price   Day Chg    vs Ref
2026-06-25 06:17:00.434 | INFO     | __main__:run_zonal_forecast:518 -     ------------------------------------------------------
2026-06-25 06:17:00.434 | INFO     | __main__:run_zonal_forecast:518 -     Hibiscus                  N2.302M    -0.09%    -1.29%
2026-06-25 06:17:00.437 | INFO     | __main__:run_zonal_forecast:518 -     Sesame                    N1.638M    -0.06%    -0.85%
2026-06-25 06:17:00.446 | INFO     | __main__:run_zonal_forecast:518 -     Ginger                   N12.062M    +0.06%    +0.91%
2026-06-25 06:17:00.451 | INFO     | __main__:run_zonal_forecast:518 -     Cocoa                     N5.713M    +0.09%    +1.25%
2026-06-25 06:17:00.453 | INFO     | __main__:run_zonal_forecast:518 -     Soybeans                    N749K    +0.06%    +0.80%
2026-06-25 06:17:00.455 | INFO     | __main__:run_zonal_forecast:518 -     Cashew Nuts               N1.981M    +0.08%    +1.12%
2026-06-25 06:17:00.455 | INFO     | __main__:run_zonal_forecast:518 -     Sorghum                     N424K    +0.04%    +0.57%
2026-06-25 06:17:00.457 | INFO     | __main__:run_zonal_forecast:518 -     Beans (white)               N818K    +0.09%    +1.27%
2026-06-25 06:17:00.470 | INFO     | __main__:run_zonal_forecast:518 -     Beans (red)                 N912K    -0.00%    -0.05%
2026-06-25 06:17:00.473 | INFO     | __main__:run_zonal_forecast:518 -     Maize (white)               N372K    +0.03%    +0.46%
2026-06-25 06:17:00.473 | INFO     | __main__:run_zonal_forecast:518 -     Maize (yellow)              N401K    +0.04%    +0.54%
2026-06-25 06:17:00.475 | INFO     | __main__:run_zonal_forecast:518 -     Wheat                       N711K    +0.06%    +0.81%
2026-06-25 06:17:00.475 | INFO     | __main__:run_zonal_forecast:518 -     Rice                      N1.560M    +0.08%    +1.08%
2026-06-25 06:17:00.477 | INFO     | __main__:run_zonal_forecast:518 -     Eggs                          N7K    +0.00%    +0.01%
2026-06-25 06:17:00.477 | INFO     | __main__:run_zonal_forecast:518 -     Fish (dried)              N2.770M    -0.07%    -1.01%
2026-06-25 06:17:00.485 | INFO     | __main__:run_zonal_forecast:518 -     Meat (goat)               N4.564M    +0.09%    +1.24%
2026-06-25 06:17:00.492 | INFO     | __main__:run_zonal_forecast:518 -     Meat (beef)               N4.259M    +0.10%    +1.49%
2026-06-25 06:17:00.492 | INFO     | __main__:run_zonal_forecast:518 -   
2026-06-25 06:17:00.494 | INFO     | __main__:run_zonal_forecast:518 -   BEST SOURCING NATIONALLY:
2026-06-25 06:17:00.497 | INFO     | __main__:run_zonal_forecast:518 -     Commodity              Best State           Price  Spread
2026-06-25 06:17:00.498 | INFO     | __main__:run_zonal_forecast:518 -     ------------------------------------------------------------
2026-06-25 06:17:00.498 | INFO     | __main__:run_zonal_forecast:518 -     Hibiscus               Kaduna             N2.141M  24% vs Lagos
2026-06-25 06:17:00.510 | INFO     | __main__:run_zonal_forecast:518 -     Sesame                 Kano               N1.359M  42% vs Lagos
2026-06-25 06:17:00.513 | INFO     | __main__:run_zonal_forecast:518 -     Ginger                 Kaduna             N8.684M  67% vs Lagos
2026-06-25 06:17:00.513 | INFO     | __main__:run_zonal_forecast:518 -     Cocoa                  Kogi               N5.027M  34% vs Borno
2026-06-25 06:17:00.517 | INFO     | __main__:run_zonal_forecast:518 -     Soybeans               Plateau              N622K  47% vs Lagos
2026-06-25 06:17:00.517 | INFO     | __main__:run_zonal_forecast:518 -     Cashew Nuts            Kogi               N1.584M  44% vs Borno
2026-06-25 06:17:00.517 | INFO     | __main__:run_zonal_forecast:518 -     Sorghum                Kano                 N331K  54% vs Rivers
2026-06-25 06:17:00.517 | INFO     | __main__:run_zonal_forecast:518 -     Beans (white)          Kano                 N712K  47% vs Lagos
2026-06-25 06:17:00.520 | INFO     | __main__:run_zonal_forecast:518 -     Beans (red)            Kano                 N821K  39% vs Lagos
2026-06-25 06:17:00.529 | INFO     | __main__:run_zonal_forecast:518 -     Maize (white)          Kano                 N298K  62% vs Lagos
2026-06-25 06:17:00.533 | INFO     | __main__:run_zonal_forecast:518 -     Maize (yellow)         Kano                 N321K  62% vs Lagos
2026-06-25 06:17:00.535 | INFO     | __main__:run_zonal_forecast:518 -     Wheat                  Kaduna               N618K  40% vs Rivers
2026-06-25 06:17:00.535 | INFO     | __main__:run_zonal_forecast:518 -     Rice                   Plateau            N1.404M  31% vs Lagos
2026-06-25 06:17:00.537 | INFO     | __main__:run_zonal_forecast:518 -     Eggs                   Kano                   N7K  22% vs Lagos
2026-06-25 06:17:00.540 | INFO     | __main__:run_zonal_forecast:518 -     Fish (dried)           Rivers             N2.437M  34% vs Borno
2026-06-25 06:17:00.540 | INFO     | __main__:run_zonal_forecast:518 -     Meat (goat)            Kano               N3.971M  37% vs Lagos
2026-06-25 06:17:00.554 | INFO     | __main__:run_zonal_forecast:518 -     Meat (beef)            Kano               N3.748M  34% vs Lagos
2026-06-25 06:17:00.557 | INFO     | __main__:run_zonal_forecast:518 -   
2026-06-25 06:17:00.559 | INFO     | __main__:run_zonal_forecast:518 -   ==========================================================
2026-06-25 06:17:00.560 | INFO     | __main__:run_zonal_forecast:518 -   Source: Agrolinking Intelligence Platform
2026-06-25 06:17:00.562 | INFO     | __main__:run_zonal_forecast:518 -   Next update: 26 Jun 2026
2026-06-25 06:17:00.569 | INFO     | __main__:run_zonal_forecast:519 - =================================================================
2026-06-25 06:17:00.573 | SUCCESS  | __main__:run_zonal_forecast:520 - ZONAL FORECASTING COMPLETE — 6 zones | 12 states | 17 commodities
