2026-09-16 08:46:52.045 | INFO     | __main__:run_zonal_forecast:379 - =================================================================
2026-09-16 08:46:52.048 | INFO     | __main__:run_zonal_forecast:380 - STEP 7 — ZONAL & STATE-LEVEL FORECASTING
2026-09-16 08:46:52.049 | INFO     | __main__:run_zonal_forecast:381 -   Date  : Wednesday, 16 September 2026  08:46
2026-09-16 08:46:52.049 | INFO     | __main__:run_zonal_forecast:382 -   Anchor: DAILY INTERPOLATED (from last_known_date, drifts daily)
2026-09-16 08:46:52.049 | INFO     | __main__:run_zonal_forecast:383 - =================================================================
2026-09-16 08:46:52.254 | INFO     | __main__:run_zonal_forecast:386 -   Source: forecast_validated_2026-09-16.json
2026-09-16 08:46:52.257 | INFO     | __main__:run_zonal_forecast:393 -   Maize (white): last_known=2026-07-27, days_elapsed=51
2026-09-16 08:46:52.258 | INFO     | __main__:run_zonal_forecast:393 -   Hibiscus: last_known=2026-08-24, days_elapsed=23
2026-09-16 08:46:52.258 | INFO     | __main__:run_zonal_forecast:393 -   Sesame: last_known=2026-08-24, days_elapsed=23
2026-09-16 08:46:52.258 | INFO     | __main__:build_zonal_output:201 - 
2026-09-16 08:46:52.260 | INFO     | __main__:build_zonal_output:202 -   NATIONAL ANCHORS (interpolated from last_known_date to today):
2026-09-16 08:46:52.260 | INFO     | __main__:build_zonal_output:203 -   Commodity                 Today Price   Day Chg    vs Ref  Source
2026-09-16 08:46:52.260 | INFO     | __main__:build_zonal_output:204 -   --------------------------------------------------------------------------------
2026-09-16 08:46:52.262 | INFO     | __main__:build_zonal_output:233 -   Hibiscus               N   2,269,851    -0.53%   -2.37%  daily_series d23 (-10.99% vs ref)
2026-09-16 08:46:52.263 | INFO     | __main__:build_zonal_output:233 -   Sesame                 N   1,317,570    -0.50%  -20.15%  daily_series d23 (-10.37% vs ref)
2026-09-16 08:46:52.263 | INFO     | __main__:build_zonal_output:233 -   Ginger                 N   9,124,634    -0.04%  -23.96%  daily_series d23 (-0.82% vs ref)
2026-09-16 08:46:52.264 | INFO     | __main__:build_zonal_output:233 -   Cocoa                  N   6,013,809    +0.89%   +6.44%  daily_series d23 (+25.29% vs ref)
2026-09-16 08:46:52.265 | INFO     | __main__:build_zonal_output:233 -   Soybeans               N     773,309    -0.26%   +3.80%  daily_series d23 (-5.69% vs ref)
2026-09-16 08:46:52.266 | INFO     | __main__:build_zonal_output:233 -   Cashew Nuts            N   1,662,478    -0.62%  -14.74%  daily_series d23 (-12.50% vs ref)
2026-09-16 08:46:52.266 | INFO     | __main__:build_zonal_output:233 -   Sorghum                N     241,447    -1.81%  -42.51%  daily_series d23 (-29.81% vs ref)
2026-09-16 08:46:52.267 | INFO     | __main__:build_zonal_output:233 -   Beans (white)          N     667,011    -0.76%  -17.96%  daily_series d65 (-33.30% vs ref)
2026-09-16 08:46:52.268 | INFO     | __main__:build_zonal_output:233 -   Beans (red)            N     756,087    -0.49%  -17.37%  daily_series d65 (-24.39% vs ref)
2026-09-16 08:46:52.268 | INFO     | __main__:build_zonal_output:233 -   Maize (white)          N     370,224    -1.41%   +0.06%  daily_series d51 (-42.26% vs ref)
2026-09-16 08:46:52.272 | INFO     | __main__:build_zonal_output:233 -   Maize (yellow)         N     405,378    -1.36%   +1.34%  daily_series d51 (-41.33% vs ref)
2026-09-16 08:46:52.273 | INFO     | __main__:build_zonal_output:233 -   Wheat                  N     671,631    -0.03%   -4.98%  daily_series d156 (-4.98% vs ref)
2026-09-16 08:46:52.274 | INFO     | __main__:build_zonal_output:233 -   Rice                   N   1,713,300    -0.22%  +10.54%  daily_series d51 (-10.03% vs ref)
2026-09-16 08:46:52.275 | INFO     | __main__:build_zonal_output:233 -   Meat (beef)            N   5,755,638    +0.00%   +0.01%  daily_series d51 (+0.01% vs ref)
2026-09-16 08:46:52.276 | INFO     | __main__:build_zonal_output:233 -   Meat (goat)            N   5,535,023    -0.06%   -3.12%  daily_series d51 (-3.12% vs ref)
2026-09-16 08:46:52.276 | INFO     | __main__:build_zonal_output:233 -   Fish (dried)           N   1,508,683    -0.05%   -2.53%  daily_series d51 (-2.53% vs ref)
2026-09-16 08:46:52.277 | INFO     | __main__:build_zonal_output:233 -   Eggs                   N       6,126    -0.15%   -7.28%  daily_series d51 (-7.28% vs ref)
2026-09-16 08:46:52.280 | INFO     | __main__:build_zonal_output:236 - 
2026-09-16 08:46:52.671 | INFO     | __main__:run_zonal_forecast:399 - 
2026-09-16 08:46:52.671 | INFO     | __main__:run_zonal_forecast:400 -   Zone             State        Commodity                 State Price  Day Chg
2026-09-16 08:46:52.672 | INFO     | __main__:run_zonal_forecast:401 -   ------------------------------------------------------------------------
2026-09-16 08:46:52.672 | INFO     | __main__:run_zonal_forecast:408 -   North West       Kano         * Sesame                N   1,093,583/MT  -0.50%
2026-09-16 08:46:52.673 | INFO     | __main__:run_zonal_forecast:408 -   North West       Kano         * Sorghum               N     188,328/MT  -1.81%
2026-09-16 08:46:52.674 | INFO     | __main__:run_zonal_forecast:408 -   North West       Kano         * Beans (white)         N     580,300/MT  -0.76%
2026-09-16 08:46:52.674 | INFO     | __main__:run_zonal_forecast:408 -   North West       Kano         * Maize (white)         N     296,179/MT  -1.41%
2026-09-16 08:46:52.676 | INFO     | __main__:run_zonal_forecast:408 -   North West       Kano         * Maize (yellow)        N     324,303/MT  -1.36%
2026-09-16 08:46:52.677 | INFO     | __main__:run_zonal_forecast:408 -   North West       Kano         * Wheat                 N     597,751/MT  -0.03%
2026-09-16 08:46:52.677 | INFO     | __main__:run_zonal_forecast:408 -   North West       Kaduna       * Ginger                N   6,569,737/MT  -0.04%
2026-09-16 08:46:52.678 | INFO     | __main__:run_zonal_forecast:408 -   North West       Kaduna       * Soybeans              N     649,580/MT  -0.26%
2026-09-16 08:46:52.679 | INFO     | __main__:run_zonal_forecast:408 -   North West       Kaduna       * Sorghum               N     193,157/MT  -1.81%
2026-09-16 08:46:52.681 | INFO     | __main__:run_zonal_forecast:408 -   North West       Kaduna       * Maize (white)         N     299,882/MT  -1.41%
2026-09-16 08:46:52.681 | INFO     | __main__:run_zonal_forecast:408 -   North West       Kaduna       * Maize (yellow)        N     328,357/MT  -1.36%
2026-09-16 08:46:52.682 | INFO     | __main__:run_zonal_forecast:408 -   North West       Kaduna       * Wheat                 N     584,319/MT  -0.03%
2026-09-16 08:46:52.682 | INFO     | __main__:run_zonal_forecast:408 -   North Central    Plateau      * Ginger                N   6,843,476/MT  -0.04%
2026-09-16 08:46:52.683 | INFO     | __main__:run_zonal_forecast:408 -   North Central    Plateau      * Soybeans              N     641,847/MT  -0.26%
2026-09-16 08:46:52.683 | INFO     | __main__:run_zonal_forecast:408 -   North Central    Plateau      * Beans (white)         N     600,310/MT  -0.76%
2026-09-16 08:46:52.684 | INFO     | __main__:run_zonal_forecast:408 -   North Central    Plateau      * Maize (white)         N     322,095/MT  -1.41%
2026-09-16 08:46:52.684 | INFO     | __main__:run_zonal_forecast:408 -   North Central    Plateau      * Wheat                 N     611,184/MT  -0.03%
2026-09-16 08:46:52.687 | INFO     | __main__:run_zonal_forecast:408 -   North Central    Kogi         * Cocoa                 N   5,292,152/MT  +0.89%
2026-09-16 08:46:52.688 | INFO     | __main__:run_zonal_forecast:408 -   North Central    Kogi         * Soybeans              N     672,779/MT  -0.26%
2026-09-16 08:46:52.689 | INFO     | __main__:run_zonal_forecast:408 -   North Central    Kogi         * Cashew Nuts           N   1,329,983/MT  -0.62%
2026-09-16 08:46:52.691 | INFO     | __main__:run_zonal_forecast:408 -   North Central    Kogi         * Sorghum               N     219,716/MT  -1.81%
2026-09-16 08:46:52.692 | INFO     | __main__:run_zonal_forecast:408 -   North Central    Kogi         * Beans (white)         N     613,650/MT  -0.76%
2026-09-16 08:46:52.693 | INFO     | __main__:run_zonal_forecast:408 -   North Central    Kogi         * Maize (white)         N     333,202/MT  -1.41%
2026-09-16 08:46:52.694 | INFO     | __main__:run_zonal_forecast:408 -   North East       Adamawa      * Sesame                N   1,133,110/MT  -0.50%
2026-09-16 08:46:52.695 | INFO     | __main__:run_zonal_forecast:408 -   North East       Adamawa      * Ginger                N   7,573,446/MT  -0.04%
2026-09-16 08:46:52.695 | INFO     | __main__:run_zonal_forecast:408 -   North East       Adamawa      * Soybeans              N     688,245/MT  -0.26%
2026-09-16 08:46:52.696 | INFO     | __main__:run_zonal_forecast:408 -   North East       Adamawa      * Sorghum               N     210,059/MT  -1.81%
2026-09-16 08:46:52.697 | INFO     | __main__:run_zonal_forecast:408 -   North East       Adamawa      * Beans (white)         N     613,650/MT  -0.76%
2026-09-16 08:46:52.697 | INFO     | __main__:run_zonal_forecast:408 -   North East       Adamawa      * Maize (white)         N     325,797/MT  -1.41%
2026-09-16 08:46:52.701 | INFO     | __main__:run_zonal_forecast:408 -   North East       Borno        * Sesame                N   1,172,638/MT  -0.50%
2026-09-16 08:46:52.704 | INFO     | __main__:run_zonal_forecast:408 -   North East       Borno        * Sorghum               N     222,131/MT  -1.81%
2026-09-16 08:46:52.704 | INFO     | __main__:run_zonal_forecast:408 -   North East       Borno        * Beans (white)         N     707,032/MT  -0.76%
2026-09-16 08:46:52.705 | INFO     | __main__:run_zonal_forecast:408 -   North East       Borno        * Maize (white)         N     399,842/MT  -1.41%
2026-09-16 08:46:52.706 | INFO     | __main__:run_zonal_forecast:408 -   North East       Borno        * Wheat                 N     752,226/MT  -0.03%
2026-09-16 08:46:52.706 | INFO     | __main__:run_zonal_forecast:408 -   South West       Oyo          * Hibiscus              N   2,337,946/MT  -0.53%
2026-09-16 08:46:52.706 | INFO     | __main__:run_zonal_forecast:408 -   South West       Oyo          * Cocoa                 N   5,352,290/MT  +0.89%
2026-09-16 08:46:52.707 | INFO     | __main__:run_zonal_forecast:408 -   South West       Oyo          * Soybeans              N     804,242/MT  -0.26%
2026-09-16 08:46:52.707 | INFO     | __main__:run_zonal_forecast:408 -   South West       Oyo          * Cashew Nuts           N   1,429,732/MT  -0.62%
2026-09-16 08:46:52.708 | INFO     | __main__:run_zonal_forecast:408 -   South West       Oyo          * Beans (white)         N     733,712/MT  -0.76%
2026-09-16 08:46:52.709 | INFO     | __main__:run_zonal_forecast:408 -   South West       Oyo          * Maize (white)         N     399,842/MT  -1.41%
2026-09-16 08:46:52.710 | INFO     | __main__:run_zonal_forecast:408 -   South West       Lagos        * Hibiscus              N   2,610,328/MT  -0.53%
2026-09-16 08:46:52.710 | INFO     | __main__:run_zonal_forecast:408 -   South West       Lagos        * Sesame                N   1,554,733/MT  -0.50%
2026-09-16 08:46:52.711 | INFO     | __main__:run_zonal_forecast:408 -   South West       Lagos        * Cocoa                 N   6,494,914/MT  +0.89%
2026-09-16 08:46:52.712 | INFO     | __main__:run_zonal_forecast:408 -   South West       Lagos        * Soybeans              N     943,437/MT  -0.26%
2026-09-16 08:46:52.713 | INFO     | __main__:run_zonal_forecast:408 -   South West       Lagos        * Beans (white)         N     853,774/MT  -0.76%
2026-09-16 08:46:52.713 | INFO     | __main__:run_zonal_forecast:408 -   South West       Lagos        * Beans (red)           N     945,109/MT  -0.49%
2026-09-16 08:46:52.715 | INFO     | __main__:run_zonal_forecast:408 -   South West       Lagos        * Maize (white)         N     481,292/MT  -1.41%
2026-09-16 08:46:52.716 | INFO     | __main__:run_zonal_forecast:408 -   South West       Lagos        * Maize (yellow)        N     526,992/MT  -1.36%
2026-09-16 08:46:52.717 | INFO     | __main__:run_zonal_forecast:408 -   South East       Anambra      * Cocoa                 N   6,314,500/MT  +0.89%
2026-09-16 08:46:52.717 | INFO     | __main__:run_zonal_forecast:408 -   South East       Anambra      * Cashew Nuts           N   1,828,726/MT  -0.62%
2026-09-16 08:46:52.718 | INFO     | __main__:run_zonal_forecast:408 -   South East       Anambra      * Beans (white)         N     787,073/MT  -0.76%
2026-09-16 08:46:52.720 | INFO     | __main__:run_zonal_forecast:408 -   South East       Anambra      * Beans (red)           N     869,500/MT  -0.49%
2026-09-16 08:46:52.724 | INFO     | __main__:run_zonal_forecast:408 -   South East       Anambra      * Maize (white)         N     444,269/MT  -1.41%
2026-09-16 08:46:52.724 | INFO     | __main__:run_zonal_forecast:408 -   South East       Imo          * Cocoa                 N   5,472,567/MT  +0.89%
2026-09-16 08:46:52.725 | INFO     | __main__:run_zonal_forecast:408 -   South East       Imo          * Cashew Nuts           N   1,762,227/MT  -0.62%
2026-09-16 08:46:52.726 | INFO     | __main__:run_zonal_forecast:408 -   South East       Imo          * Beans (white)         N     767,063/MT  -0.76%
2026-09-16 08:46:52.728 | INFO     | __main__:run_zonal_forecast:408 -   South East       Imo          * Maize (white)         N     433,162/MT  -1.41%
2026-09-16 08:46:52.729 | INFO     | __main__:run_zonal_forecast:408 -   South South      Rivers       * Hibiscus              N   2,542,233/MT  -0.53%
2026-09-16 08:46:52.729 | INFO     | __main__:run_zonal_forecast:408 -   South South      Rivers       * Sesame                N   1,554,733/MT  -0.50%
2026-09-16 08:46:52.731 | INFO     | __main__:run_zonal_forecast:408 -   South South      Rivers       * Cocoa                 N   6,314,500/MT  +0.89%
2026-09-16 08:46:52.733 | INFO     | __main__:run_zonal_forecast:408 -   South South      Rivers       * Beans (white)         N     813,754/MT  -0.76%
2026-09-16 08:46:52.738 | INFO     | __main__:run_zonal_forecast:408 -   South South      Rivers       * Beans (red)           N     907,305/MT  -0.49%
2026-09-16 08:46:52.738 | INFO     | __main__:run_zonal_forecast:408 -   South South      Rivers       * Maize (white)         N     462,780/MT  -1.41%
2026-09-16 08:46:52.740 | INFO     | __main__:run_zonal_forecast:408 -   South South      Delta        * Hibiscus              N   2,451,439/MT  -0.53%
2026-09-16 08:46:52.741 | INFO     | __main__:run_zonal_forecast:408 -   South South      Delta        * Sesame                N   1,528,382/MT  -0.50%
2026-09-16 08:46:52.742 | INFO     | __main__:run_zonal_forecast:408 -   South South      Delta        * Cocoa                 N   5,592,843/MT  +0.89%
2026-09-16 08:46:52.742 | INFO     | __main__:run_zonal_forecast:408 -   South South      Delta        * Soybeans              N     881,573/MT  -0.26%
2026-09-16 08:46:52.743 | INFO     | __main__:run_zonal_forecast:408 -   South South      Delta        * Beans (white)         N     780,403/MT  -0.76%
2026-09-16 08:46:52.745 | INFO     | __main__:run_zonal_forecast:408 -   South South      Delta        * Maize (white)         N     444,269/MT  -1.41%
2026-09-16 08:46:55.669 | SUCCESS  | __main__:run_zonal_forecast:422 -   Zonal JSON  -> C:\Users\USER\Downloads\agrolinking-intel-structure\agrolinking-intel\outputs\forecasts\zonal\zonal_forecast_2026-09-16.json
2026-09-16 08:46:55.676 | SUCCESS  | __main__:run_zonal_forecast:428 -   Zonal alert -> C:\Users\USER\Downloads\agrolinking-intel-structure\agrolinking-intel\outputs\daily_alerts\alert_zonal_2026-09-16.txt
2026-09-16 08:46:55.682 | INFO     | __main__:run_zonal_forecast:430 - 
2026-09-16 08:46:55.683 | INFO     | __main__:run_zonal_forecast:431 - =================================================================
2026-09-16 08:46:55.683 | INFO     | __main__:run_zonal_forecast:433 -   ================================================
2026-09-16 08:46:55.684 | INFO     | __main__:run_zonal_forecast:433 -   AGROLINKING ZONAL COMMODITY INTELLIGENCE
2026-09-16 08:46:55.685 | INFO     | __main__:run_zonal_forecast:433 -   Date: Wednesday, 16 September 2026
2026-09-16 08:46:55.686 | INFO     | __main__:run_zonal_forecast:433 -   6 Zones | 12 States | 12 Commodities
2026-09-16 08:46:55.686 | INFO     | __main__:run_zonal_forecast:433 -   ================================================
2026-09-16 08:46:55.687 | INFO     | __main__:run_zonal_forecast:433 -   
2026-09-16 08:46:55.688 | INFO     | __main__:run_zonal_forecast:433 -   NORTH WEST (Kano & Kaduna)
2026-09-16 08:46:55.688 | INFO     | __main__:run_zonal_forecast:433 -   Nigeria's main grain belt. Highest Maize, Sorghum, Sesame, Wheat production.
2026-09-16 08:46:55.691 | INFO     | __main__:run_zonal_forecast:433 -   
2026-09-16 08:46:55.691 | INFO     | __main__:run_zonal_forecast:433 -     Commodity           Kano                Kaduna            
2026-09-16 08:46:55.692 | INFO     | __main__:run_zonal_forecast:433 -     ------------------------------------------------------------
2026-09-16 08:46:55.692 | INFO     | __main__:run_zonal_forecast:433 -     Hibiscus                N2.156M    (-0.53%)     N2.111M    (-0.53%) 
2026-09-16 08:46:55.692 | INFO     | __main__:run_zonal_forecast:433 -     Sesame                * N1.094M    (-0.50%)     N1.120M    (-0.50%) 
2026-09-16 08:46:55.693 | INFO     | __main__:run_zonal_forecast:433 -     Ginger                  N8.942M    (-0.04%)   * N6.570M    (-0.04%) 
2026-09-16 08:46:55.694 | INFO     | __main__:run_zonal_forecast:433 -     Cocoa                   N6.134M    (+0.89%)     N6.314M    (+0.89%) 
2026-09-16 08:46:55.695 | INFO     | __main__:run_zonal_forecast:433 -     Soybeans                N696K      (-0.26%)   * N650K      (-0.26%) 
2026-09-16 08:46:55.695 | INFO     | __main__:run_zonal_forecast:433 -     Cashew Nuts             N1.662M    (-0.62%)     N1.696M    (-0.62%) 
2026-09-16 08:46:55.695 | INFO     | __main__:run_zonal_forecast:433 -     Sorghum               * N188K      (-1.81%)   * N193K      (-1.81%) 
2026-09-16 08:46:55.697 | INFO     | __main__:run_zonal_forecast:433 -     Beans (white)         * N580K      (-0.76%)     N587K      (-0.76%) 
2026-09-16 08:46:55.700 | INFO     | __main__:run_zonal_forecast:433 -     Beans (red)             N680K      (-0.49%)     N688K      (-0.49%) 
2026-09-16 08:46:55.700 | INFO     | __main__:run_zonal_forecast:433 -     Maize (white)         * N296K      (-1.41%)   * N300K      (-1.41%) 
2026-09-16 08:46:55.702 | INFO     | __main__:run_zonal_forecast:433 -     Maize (yellow)        * N324K      (-1.36%)   * N328K      (-1.36%) 
2026-09-16 08:46:55.703 | INFO     | __main__:run_zonal_forecast:433 -     Wheat                 * N598K      (-0.03%)   * N584K      (-0.03%) 
2026-09-16 08:46:55.704 | INFO     | __main__:run_zonal_forecast:433 -     Rice                    N1.628M    (-0.22%)     N1.593M    (-0.22%) 
2026-09-16 08:46:55.705 | INFO     | __main__:run_zonal_forecast:433 -     Meat (beef)             N5.007M                 N5.007M             
2026-09-16 08:46:55.707 | INFO     | __main__:run_zonal_forecast:433 -     Meat (goat)             N4.815M    (-0.06%)     N4.815M    (-0.06%) 
2026-09-16 08:46:55.707 | INFO     | __main__:run_zonal_forecast:433 -     Fish (dried)            N1.313M    (-0.05%)     N1.313M    (-0.05%) 
2026-09-16 08:46:55.708 | INFO     | __main__:run_zonal_forecast:433 -     Eggs                    N5K        (-0.15%)     N5K        (-0.15%) 
2026-09-16 08:46:55.709 | INFO     | __main__:run_zonal_forecast:433 -   
2026-09-16 08:46:55.709 | INFO     | __main__:run_zonal_forecast:433 -   NORTH CENTRAL (Plateau & Kogi)
2026-09-16 08:46:55.709 | INFO     | __main__:run_zonal_forecast:433 -   Middle Belt. Ginger heartland (Plateau), Cashew/Cocoa belt (Kogi).
2026-09-16 08:46:55.710 | INFO     | __main__:run_zonal_forecast:433 -   
2026-09-16 08:46:55.711 | INFO     | __main__:run_zonal_forecast:433 -     Commodity           Plateau             Kogi              
2026-09-16 08:46:55.711 | INFO     | __main__:run_zonal_forecast:433 -     ------------------------------------------------------------
2026-09-16 08:46:55.712 | INFO     | __main__:run_zonal_forecast:433 -     Hibiscus                N2.202M    (-0.53%)     N2.179M    (-0.53%) 
2026-09-16 08:46:55.712 | INFO     | __main__:run_zonal_forecast:433 -     Sesame                  N1.265M    (-0.50%)     N1.278M    (-0.50%) 
2026-09-16 08:46:55.714 | INFO     | __main__:run_zonal_forecast:433 -     Ginger                * N6.843M    (-0.04%)     N8.577M    (-0.04%) 
2026-09-16 08:46:55.715 | INFO     | __main__:run_zonal_forecast:433 -     Cocoa                   N6.495M    (+0.89%)   * N5.292M    (+0.89%) 
2026-09-16 08:46:55.716 | INFO     | __main__:run_zonal_forecast:433 -     Soybeans              * N642K      (-0.26%)   * N673K      (-0.26%) 
2026-09-16 08:46:55.716 | INFO     | __main__:run_zonal_forecast:433 -     Cashew Nuts             N1.746M    (-0.62%)   * N1.330M    (-0.62%) 
2026-09-16 08:46:55.717 | INFO     | __main__:run_zonal_forecast:433 -     Sorghum                 N222K      (-1.81%)   * N220K      (-1.81%) 
2026-09-16 08:46:55.717 | INFO     | __main__:run_zonal_forecast:433 -     Beans (white)         * N600K      (-0.76%)   * N614K      (-0.76%) 
2026-09-16 08:46:55.718 | INFO     | __main__:run_zonal_forecast:433 -     Beans (red)             N718K      (-0.49%)     N711K      (-0.49%) 
2026-09-16 08:46:55.719 | INFO     | __main__:run_zonal_forecast:433 -     Maize (white)         * N322K      (-1.41%)   * N333K      (-1.41%) 
2026-09-16 08:46:55.719 | INFO     | __main__:run_zonal_forecast:433 -     Maize (yellow)          N357K      (-1.36%)     N369K      (-1.36%) 
2026-09-16 08:46:55.720 | INFO     | __main__:run_zonal_forecast:433 -     Wheat                 * N611K      (-0.03%)     N651K      (-0.03%) 
2026-09-16 08:46:55.720 | INFO     | __main__:run_zonal_forecast:433 -     Rice                    N1.542M    (-0.22%)     N1.662M    (-0.22%) 
2026-09-16 08:46:55.721 | INFO     | __main__:run_zonal_forecast:433 -     Meat (beef)             N5.468M                 N5.468M             
2026-09-16 08:46:55.721 | INFO     | __main__:run_zonal_forecast:433 -     Meat (goat)             N5.258M    (-0.06%)     N5.258M    (-0.06%) 
2026-09-16 08:46:55.722 | INFO     | __main__:run_zonal_forecast:433 -     Fish (dried)            N1.433M    (-0.05%)     N1.433M    (-0.05%) 
2026-09-16 08:46:55.724 | INFO     | __main__:run_zonal_forecast:433 -     Eggs                    N6K        (-0.15%)     N6K        (-0.15%) 
2026-09-16 08:46:55.724 | INFO     | __main__:run_zonal_forecast:433 -   
2026-09-16 08:46:55.725 | INFO     | __main__:run_zonal_forecast:433 -   NORTH EAST (Adamawa & Borno)
2026-09-16 08:46:55.726 | INFO     | __main__:run_zonal_forecast:433 -   Semi-arid. Sorghum, Maize. Conflict premium on imports in Borno.
2026-09-16 08:46:55.727 | INFO     | __main__:run_zonal_forecast:433 -   
2026-09-16 08:46:55.727 | INFO     | __main__:run_zonal_forecast:433 -     Commodity           Adamawa             Borno             
2026-09-16 08:46:55.727 | INFO     | __main__:run_zonal_forecast:433 -     ------------------------------------------------------------
2026-09-16 08:46:55.727 | INFO     | __main__:run_zonal_forecast:433 -     Hibiscus                N2.224M    (-0.53%)     N2.383M    (-0.53%) 
2026-09-16 08:46:55.727 | INFO     | __main__:run_zonal_forecast:433 -     Sesame                * N1.133M    (-0.50%)   * N1.173M    (-0.50%) 
2026-09-16 08:46:55.729 | INFO     | __main__:run_zonal_forecast:433 -     Ginger                * N7.573M    (-0.04%)     N10.493M   (-0.04%) 
2026-09-16 08:46:55.729 | INFO     | __main__:run_zonal_forecast:433 -     Cocoa                   N6.314M    (+0.89%)     N7.096M    (+0.89%) 
2026-09-16 08:46:55.730 | INFO     | __main__:run_zonal_forecast:433 -     Soybeans              * N688K      (-0.26%)     N835K      (-0.26%) 
2026-09-16 08:46:55.732 | INFO     | __main__:run_zonal_forecast:433 -     Cashew Nuts             N1.729M    (-0.62%)     N1.912M    (-0.62%) 
2026-09-16 08:46:55.733 | INFO     | __main__:run_zonal_forecast:433 -     Sorghum               * N210K      (-1.81%)   * N222K      (-1.81%) 
2026-09-16 08:46:55.733 | INFO     | __main__:run_zonal_forecast:433 -     Beans (white)         * N614K      (-0.76%)   * N707K      (-0.76%) 
2026-09-16 08:46:55.734 | INFO     | __main__:run_zonal_forecast:433 -     Beans (red)             N718K      (-0.49%)     N832K      (-0.49%) 
2026-09-16 08:46:55.735 | INFO     | __main__:run_zonal_forecast:433 -     Maize (white)         * N326K      (-1.41%)   * N400K      (-1.41%) 
2026-09-16 08:46:55.735 | INFO     | __main__:run_zonal_forecast:433 -     Maize (yellow)          N361K      (-1.36%)     N438K      (-1.36%) 
2026-09-16 08:46:55.736 | INFO     | __main__:run_zonal_forecast:433 -     Wheat                   N658K      (-0.03%)   * N752K      (-0.03%) 
2026-09-16 08:46:55.736 | INFO     | __main__:run_zonal_forecast:433 -     Rice                    N1.748M    (-0.22%)     N1.885M    (-0.22%) 
2026-09-16 08:46:55.737 | INFO     | __main__:run_zonal_forecast:433 -     Meat (beef)             N5.871M                 N5.871M             
2026-09-16 08:46:55.737 | INFO     | __main__:run_zonal_forecast:433 -     Meat (goat)             N5.646M    (-0.06%)     N5.646M    (-0.06%) 
2026-09-16 08:46:55.737 | INFO     | __main__:run_zonal_forecast:433 -     Fish (dried)            N1.539M    (-0.05%)     N1.539M    (-0.05%) 
2026-09-16 08:46:55.738 | INFO     | __main__:run_zonal_forecast:433 -     Eggs                    N6K        (-0.15%)     N6K        (-0.15%) 
2026-09-16 08:46:55.738 | INFO     | __main__:run_zonal_forecast:433 -   
2026-09-16 08:46:55.739 | INFO     | __main__:run_zonal_forecast:433 -   SOUTH WEST (Oyo & Lagos)
2026-09-16 08:46:55.740 | INFO     | __main__:run_zonal_forecast:433 -   Commercial capital. Lagos is the price-setter for consumer markets.
2026-09-16 08:46:55.741 | INFO     | __main__:run_zonal_forecast:433 -   
2026-09-16 08:46:55.742 | INFO     | __main__:run_zonal_forecast:433 -     Commodity           Oyo                 Lagos             
2026-09-16 08:46:55.742 | INFO     | __main__:run_zonal_forecast:433 -     ------------------------------------------------------------
2026-09-16 08:46:55.743 | INFO     | __main__:run_zonal_forecast:433 -     Hibiscus              * N2.338M    (-0.53%)   * N2.610M    (-0.53%) 
2026-09-16 08:46:55.743 | INFO     | __main__:run_zonal_forecast:433 -     Sesame                  N1.397M    (-0.50%)   * N1.555M    (-0.50%) 
2026-09-16 08:46:55.744 | INFO     | __main__:run_zonal_forecast:433 -     Ginger                  N9.855M    (-0.04%)     N10.950M   (-0.04%) 
2026-09-16 08:46:55.744 | INFO     | __main__:run_zonal_forecast:433 -     Cocoa                 * N5.352M    (+0.89%)   * N6.495M    (+0.89%) 
2026-09-16 08:46:55.745 | INFO     | __main__:run_zonal_forecast:433 -     Soybeans              * N804K      (-0.26%)   * N943K      (-0.26%) 
2026-09-16 08:46:55.745 | INFO     | __main__:run_zonal_forecast:433 -     Cashew Nuts           * N1.430M    (-0.62%)     N1.829M    (-0.62%) 
2026-09-16 08:46:55.746 | INFO     | __main__:run_zonal_forecast:433 -     Sorghum                 N254K      (-1.81%)     N285K      (-1.81%) 
2026-09-16 08:46:55.746 | INFO     | __main__:run_zonal_forecast:433 -     Beans (white)         * N734K      (-0.76%)   * N854K      (-0.76%) 
2026-09-16 08:46:55.746 | INFO     | __main__:run_zonal_forecast:433 -     Beans (red)             N847K      (-0.49%)   * N945K      (-0.49%) 
2026-09-16 08:46:55.747 | INFO     | __main__:run_zonal_forecast:433 -     Maize (white)         * N400K      (-1.41%)   * N481K      (-1.41%) 
2026-09-16 08:46:55.747 | INFO     | __main__:run_zonal_forecast:433 -     Maize (yellow)          N438K      (-1.36%)   * N527K      (-1.36%) 
2026-09-16 08:46:55.748 | INFO     | __main__:run_zonal_forecast:433 -     Wheat                   N739K      (-0.03%)     N772K      (-0.03%) 
2026-09-16 08:46:55.748 | INFO     | __main__:run_zonal_forecast:433 -     Rice                    N1.850M    (-0.22%)     N2.022M    (-0.22%) 
2026-09-16 08:46:55.749 | INFO     | __main__:run_zonal_forecast:433 -     Meat (beef)             N6.677M                 N6.677M             
2026-09-16 08:46:55.750 | INFO     | __main__:run_zonal_forecast:433 -     Meat (goat)             N6.421M    (-0.06%)     N6.421M    (-0.06%) 
2026-09-16 08:46:55.750 | INFO     | __main__:run_zonal_forecast:433 -     Fish (dried)            N1.750M    (-0.05%)     N1.750M    (-0.05%) 
2026-09-16 08:46:55.753 | INFO     | __main__:run_zonal_forecast:433 -     Eggs                    N7K        (-0.15%)     N7K        (-0.15%) 
2026-09-16 08:46:55.754 | INFO     | __main__:run_zonal_forecast:433 -   
2026-09-16 08:46:55.754 | INFO     | __main__:run_zonal_forecast:433 -   SOUTH EAST (Anambra & Imo)
2026-09-16 08:46:55.756 | INFO     | __main__:run_zonal_forecast:433 -   High consumption, low production of traded commodities. Import-dependent.
2026-09-16 08:46:55.759 | INFO     | __main__:run_zonal_forecast:433 -   
2026-09-16 08:46:55.761 | INFO     | __main__:run_zonal_forecast:433 -     Commodity           Anambra             Imo               
2026-09-16 08:46:55.762 | INFO     | __main__:run_zonal_forecast:433 -     ------------------------------------------------------------
2026-09-16 08:46:55.762 | INFO     | __main__:run_zonal_forecast:433 -     Hibiscus                N2.542M    (-0.53%)     N2.497M    (-0.53%) 
2026-09-16 08:46:55.763 | INFO     | __main__:run_zonal_forecast:433 -     Sesame                  N1.528M    (-0.50%)     N1.502M    (-0.50%) 
2026-09-16 08:46:55.763 | INFO     | __main__:run_zonal_forecast:433 -     Ginger                  N10.493M   (-0.04%)     N10.220M   (-0.04%) 
2026-09-16 08:46:55.764 | INFO     | __main__:run_zonal_forecast:433 -     Cocoa                 * N6.314M    (+0.89%)   * N5.473M    (+0.89%) 
2026-09-16 08:46:55.764 | INFO     | __main__:run_zonal_forecast:433 -     Soybeans                N882K      (-0.26%)     N866K      (-0.26%) 
2026-09-16 08:46:55.765 | INFO     | __main__:run_zonal_forecast:433 -     Cashew Nuts           * N1.829M    (-0.62%)   * N1.762M    (-0.62%) 
2026-09-16 08:46:55.765 | INFO     | __main__:run_zonal_forecast:433 -     Sorghum                 N275K      (-1.81%)     N270K      (-1.81%) 
2026-09-16 08:46:55.766 | INFO     | __main__:run_zonal_forecast:433 -     Beans (white)         * N787K      (-0.76%)   * N767K      (-0.76%) 
2026-09-16 08:46:55.768 | INFO     | __main__:run_zonal_forecast:433 -     Beans (red)           * N870K      (-0.49%)     N854K      (-0.49%) 
2026-09-16 08:46:55.771 | INFO     | __main__:run_zonal_forecast:433 -     Maize (white)         * N444K      (-1.41%)   * N433K      (-1.41%) 
2026-09-16 08:46:55.772 | INFO     | __main__:run_zonal_forecast:433 -     Maize (yellow)          N486K      (-1.36%)     N474K      (-1.36%) 
2026-09-16 08:46:55.772 | INFO     | __main__:run_zonal_forecast:433 -     Wheat                   N793K      (-0.03%)     N779K      (-0.03%) 
2026-09-16 08:46:55.774 | INFO     | __main__:run_zonal_forecast:433 -     Rice                    N1.919M    (-0.22%)     N1.885M    (-0.22%) 
2026-09-16 08:46:55.782 | INFO     | __main__:run_zonal_forecast:433 -     Meat (beef)             N6.504M                 N6.504M             
2026-09-16 08:46:55.786 | INFO     | __main__:run_zonal_forecast:433 -     Meat (goat)             N6.255M    (-0.06%)     N6.255M    (-0.06%) 
2026-09-16 08:46:55.789 | INFO     | __main__:run_zonal_forecast:433 -     Fish (dried)            N1.705M    (-0.05%)     N1.705M    (-0.05%) 
2026-09-16 08:46:55.793 | INFO     | __main__:run_zonal_forecast:433 -     Eggs                    N7K        (-0.15%)     N7K        (-0.15%) 
2026-09-16 08:46:55.798 | INFO     | __main__:run_zonal_forecast:433 -   
2026-09-16 08:46:55.802 | INFO     | __main__:run_zonal_forecast:433 -   SOUTH SOUTH (Rivers & Delta)
2026-09-16 08:46:55.811 | INFO     | __main__:run_zonal_forecast:433 -   Oil belt. High purchasing power. Cocoa producer (Delta).
2026-09-16 08:46:55.814 | INFO     | __main__:run_zonal_forecast:433 -   
2026-09-16 08:46:55.828 | INFO     | __main__:run_zonal_forecast:433 -     Commodity           Rivers              Delta             
2026-09-16 08:46:55.847 | INFO     | __main__:run_zonal_forecast:433 -     ------------------------------------------------------------
2026-09-16 08:46:55.855 | INFO     | __main__:run_zonal_forecast:433 -     Hibiscus              * N2.542M    (-0.53%)   * N2.451M    (-0.53%) 
2026-09-16 08:46:55.862 | INFO     | __main__:run_zonal_forecast:433 -     Sesame                * N1.555M    (-0.50%)   * N1.528M    (-0.50%) 
2026-09-16 08:46:55.868 | INFO     | __main__:run_zonal_forecast:433 -     Ginger                  N10.950M   (-0.04%)     N10.493M   (-0.04%) 
2026-09-16 08:46:55.872 | INFO     | __main__:run_zonal_forecast:433 -     Cocoa                 * N6.314M    (+0.89%)   * N5.593M    (+0.89%) 
2026-09-16 08:46:55.875 | INFO     | __main__:run_zonal_forecast:433 -     Soybeans                N913K      (-0.26%)   * N882K      (-0.26%) 
2026-09-16 08:46:55.880 | INFO     | __main__:run_zonal_forecast:433 -     Cashew Nuts             N1.912M    (-0.62%)     N1.829M    (-0.62%) 
2026-09-16 08:46:55.887 | INFO     | __main__:run_zonal_forecast:433 -     Sorghum                 N290K      (-1.81%)     N285K      (-1.81%) 
2026-09-16 08:46:55.889 | INFO     | __main__:run_zonal_forecast:433 -     Beans (white)         * N814K      (-0.76%)   * N780K      (-0.76%) 
2026-09-16 08:46:55.892 | INFO     | __main__:run_zonal_forecast:433 -     Beans (red)           * N907K      (-0.49%)     N870K      (-0.49%) 
2026-09-16 08:46:55.895 | INFO     | __main__:run_zonal_forecast:433 -     Maize (white)         * N463K      (-1.41%)   * N444K      (-1.41%) 
2026-09-16 08:46:55.896 | INFO     | __main__:run_zonal_forecast:433 -     Maize (yellow)          N507K      (-1.36%)     N486K      (-1.36%) 
2026-09-16 08:46:55.900 | INFO     | __main__:run_zonal_forecast:433 -     Wheat                   N819K      (-0.03%)     N806K      (-0.03%) 
2026-09-16 08:46:55.903 | INFO     | __main__:run_zonal_forecast:433 -     Rice                    N1.970M    (-0.22%)     N1.919M    (-0.22%) 
2026-09-16 08:46:55.907 | INFO     | __main__:run_zonal_forecast:433 -     Meat (beef)             N6.561M                 N6.561M             
2026-09-16 08:46:55.912 | INFO     | __main__:run_zonal_forecast:433 -     Meat (goat)             N6.310M    (-0.06%)     N6.310M    (-0.06%) 
2026-09-16 08:46:55.915 | INFO     | __main__:run_zonal_forecast:433 -     Fish (dried)            N1.720M    (-0.05%)     N1.720M    (-0.05%) 
2026-09-16 08:46:55.921 | INFO     | __main__:run_zonal_forecast:433 -     Eggs                    N7K        (-0.15%)     N7K        (-0.15%) 
2026-09-16 08:46:55.925 | INFO     | __main__:run_zonal_forecast:433 -   
2026-09-16 08:46:55.931 | INFO     | __main__:run_zonal_forecast:433 -   ==========================================================
2026-09-16 08:46:55.933 | INFO     | __main__:run_zonal_forecast:433 -   * = primary commodity  (+/-%) = day-on-day change
2026-09-16 08:46:55.936 | INFO     | __main__:run_zonal_forecast:433 -   
2026-09-16 08:46:55.937 | INFO     | __main__:run_zonal_forecast:433 -   NATIONAL PRICE CHANGES TODAY:
2026-09-16 08:46:55.938 | INFO     | __main__:run_zonal_forecast:433 -     Commodity                   Price   Day Chg    vs Ref
2026-09-16 08:46:55.938 | INFO     | __main__:run_zonal_forecast:433 -     ------------------------------------------------------
2026-09-16 08:46:55.939 | INFO     | __main__:run_zonal_forecast:433 -     Hibiscus                  N2.270M    -0.53%    -2.37%
2026-09-16 08:46:55.939 | INFO     | __main__:run_zonal_forecast:433 -     Sesame                    N1.318M    -0.50%   -20.15%
2026-09-16 08:46:55.940 | INFO     | __main__:run_zonal_forecast:433 -     Ginger                    N9.125M    -0.04%   -23.96%
2026-09-16 08:46:55.940 | INFO     | __main__:run_zonal_forecast:433 -     Cocoa                     N6.014M    +0.89%    +6.44%
2026-09-16 08:46:55.941 | INFO     | __main__:run_zonal_forecast:433 -     Soybeans                    N773K    -0.26%    +3.80%
2026-09-16 08:46:55.941 | INFO     | __main__:run_zonal_forecast:433 -     Cashew Nuts               N1.662M    -0.62%   -14.74%
2026-09-16 08:46:55.942 | INFO     | __main__:run_zonal_forecast:433 -     Sorghum                     N241K    -1.81%   -42.51%
2026-09-16 08:46:55.943 | INFO     | __main__:run_zonal_forecast:433 -     Beans (white)               N667K    -0.76%   -17.96%
2026-09-16 08:46:55.944 | INFO     | __main__:run_zonal_forecast:433 -     Beans (red)                 N756K    -0.49%   -17.37%
2026-09-16 08:46:55.944 | INFO     | __main__:run_zonal_forecast:433 -     Maize (white)               N370K    -1.41%    +0.06%
2026-09-16 08:46:55.944 | INFO     | __main__:run_zonal_forecast:433 -     Maize (yellow)              N405K    -1.36%    +1.34%
2026-09-16 08:46:55.947 | INFO     | __main__:run_zonal_forecast:433 -     Wheat                       N672K    -0.03%    -4.98%
2026-09-16 08:46:55.948 | INFO     | __main__:run_zonal_forecast:433 -     Rice                      N1.713M    -0.22%   +10.54%
2026-09-16 08:46:55.948 | INFO     | __main__:run_zonal_forecast:433 -     Meat (beef)               N5.756M    +0.00%    +0.01%
2026-09-16 08:46:55.949 | INFO     | __main__:run_zonal_forecast:433 -     Meat (goat)               N5.535M    -0.06%    -3.12%
2026-09-16 08:46:55.949 | INFO     | __main__:run_zonal_forecast:433 -     Fish (dried)              N1.509M    -0.05%    -2.53%
2026-09-16 08:46:55.950 | INFO     | __main__:run_zonal_forecast:433 -     Eggs                          N6K    -0.15%    -7.28%
2026-09-16 08:46:55.950 | INFO     | __main__:run_zonal_forecast:433 -   
2026-09-16 08:46:55.951 | INFO     | __main__:run_zonal_forecast:433 -   BEST SOURCING NATIONALLY:
2026-09-16 08:46:55.952 | INFO     | __main__:run_zonal_forecast:433 -     Commodity              Best State           Price  Spread
2026-09-16 08:46:55.953 | INFO     | __main__:run_zonal_forecast:433 -     ------------------------------------------------------------
2026-09-16 08:46:55.954 | INFO     | __main__:run_zonal_forecast:433 -     Hibiscus               Kaduna             N2.111M  24% vs Lagos
2026-09-16 08:46:55.954 | INFO     | __main__:run_zonal_forecast:433 -     Sesame                 Kano               N1.094M  42% vs Lagos
2026-09-16 08:46:55.954 | INFO     | __main__:run_zonal_forecast:433 -     Ginger                 Kaduna             N6.570M  67% vs Lagos
2026-09-16 08:46:55.956 | INFO     | __main__:run_zonal_forecast:433 -     Cocoa                  Kogi               N5.292M  34% vs Borno
2026-09-16 08:46:55.957 | INFO     | __main__:run_zonal_forecast:433 -     Soybeans               Plateau              N642K  47% vs Lagos
2026-09-16 08:46:55.957 | INFO     | __main__:run_zonal_forecast:433 -     Cashew Nuts            Kogi               N1.330M  44% vs Borno
2026-09-16 08:46:55.958 | INFO     | __main__:run_zonal_forecast:433 -     Sorghum                Kano                 N188K  54% vs Rivers
2026-09-16 08:46:55.961 | INFO     | __main__:run_zonal_forecast:433 -     Beans (white)          Kano                 N580K  47% vs Lagos
2026-09-16 08:46:55.970 | INFO     | __main__:run_zonal_forecast:433 -     Beans (red)            Kano                 N680K  39% vs Lagos
2026-09-16 08:46:55.975 | INFO     | __main__:run_zonal_forecast:433 -     Maize (white)          Kano                 N296K  62% vs Lagos
2026-09-16 08:46:55.977 | INFO     | __main__:run_zonal_forecast:433 -     Maize (yellow)         Kano                 N324K  62% vs Lagos
2026-09-16 08:46:55.978 | INFO     | __main__:run_zonal_forecast:433 -     Wheat                  Kaduna               N584K  40% vs Rivers
2026-09-16 08:46:55.980 | INFO     | __main__:run_zonal_forecast:433 -     Rice                   Plateau            N1.542M  31% vs Lagos
2026-09-16 08:46:55.982 | INFO     | __main__:run_zonal_forecast:433 -     Meat (beef)            Kano               N5.007M  33% vs Oyo
2026-09-16 08:46:55.983 | INFO     | __main__:run_zonal_forecast:433 -     Meat (goat)            Kano               N4.815M  33% vs Oyo
2026-09-16 08:46:55.984 | INFO     | __main__:run_zonal_forecast:433 -     Fish (dried)           Kano               N1.313M  33% vs Oyo
2026-09-16 08:46:55.986 | INFO     | __main__:run_zonal_forecast:433 -     Eggs                   Kano                   N5K  33% vs Oyo
2026-09-16 08:46:55.987 | INFO     | __main__:run_zonal_forecast:433 -   
2026-09-16 08:46:55.988 | INFO     | __main__:run_zonal_forecast:433 -   ==========================================================
2026-09-16 08:46:55.989 | INFO     | __main__:run_zonal_forecast:433 -   Source: Agrolinking Intelligence Platform
2026-09-16 08:46:55.990 | INFO     | __main__:run_zonal_forecast:433 -   Next update: 17 Sep 2026
2026-09-16 08:46:55.991 | INFO     | __main__:run_zonal_forecast:434 - =================================================================
2026-09-16 08:46:55.991 | SUCCESS  | __main__:run_zonal_forecast:435 - ZONAL FORECASTING COMPLETE — 6 zones | 12 states | 17 commodities
