2026-08-13 06:53:49.688 | INFO     | __main__:run_zonal_forecast:464 - =================================================================
2026-08-13 06:53:49.695 | INFO     | __main__:run_zonal_forecast:465 - STEP 7 — ZONAL & STATE-LEVEL FORECASTING
2026-08-13 06:53:49.695 | INFO     | __main__:run_zonal_forecast:466 -   Date  : Thursday, 13 August 2026  06:53
2026-08-13 06:53:49.695 | INFO     | __main__:run_zonal_forecast:467 -   Anchor: DAILY INTERPOLATED (from last_known_date, drifts daily)
2026-08-13 06:53:49.700 | INFO     | __main__:run_zonal_forecast:468 - =================================================================
2026-08-13 06:53:49.896 | INFO     | __main__:run_zonal_forecast:471 -   Source: forecast_validated_2026-08-13.json
2026-08-13 06:53:49.896 | INFO     | __main__:run_zonal_forecast:478 -   Maize (white): last_known=2023-01-16, days_elapsed=1305
2026-08-13 06:53:49.899 | INFO     | __main__:run_zonal_forecast:478 -   Hibiscus: last_known=2026-04-13, days_elapsed=122
2026-08-13 06:53:49.899 | INFO     | __main__:run_zonal_forecast:478 -   Sesame: last_known=2026-04-13, days_elapsed=122
2026-08-13 06:53:49.902 | INFO     | __main__:build_zonal_output:285 - 
2026-08-13 06:53:49.902 | INFO     | __main__:build_zonal_output:286 -   NATIONAL ANCHORS (interpolated from last_known_date to today):
2026-08-13 06:53:49.902 | INFO     | __main__:build_zonal_output:287 -   Commodity                 Today Price   Day Chg    vs Ref  Source
2026-08-13 06:53:49.904 | INFO     | __main__:build_zonal_output:288 -   --------------------------------------------------------------------------------
2026-08-13 06:53:49.904 | DEBUG    | __main__:get_daily_price:116 -   last_known=2026-04-13, run=2026-08-13, elapsed=122d
2026-08-13 06:53:49.904 | DEBUG    | __main__:get_daily_price:116 -   last_known=2026-04-13, run=2026-08-12, elapsed=121d
2026-08-13 06:53:49.904 | INFO     | __main__:build_zonal_output:318 -   Hibiscus               N   2,283,121    -0.02%   -1.80%  interp d122 (weekly series | -1.80%
2026-08-13 06:53:49.904 | DEBUG    | __main__:get_daily_price:116 -   last_known=2026-04-13, run=2026-08-13, elapsed=122d
2026-08-13 06:53:49.915 | DEBUG    | __main__:get_daily_price:116 -   last_known=2026-04-13, run=2026-08-12, elapsed=121d
2026-08-13 06:53:49.918 | INFO     | __main__:build_zonal_output:318 -   Sesame                 N   1,614,473    -0.02%   -2.15%  interp d122 (weekly series | -2.15%
2026-08-13 06:53:49.922 | DEBUG    | __main__:get_daily_price:116 -   last_known=2026-04-13, run=2026-08-13, elapsed=122d
2026-08-13 06:53:49.926 | DEBUG    | __main__:get_daily_price:116 -   last_known=2026-04-13, run=2026-08-12, elapsed=121d
2026-08-13 06:53:49.928 | INFO     | __main__:build_zonal_output:318 -   Ginger                 N  11,722,292    -0.02%   -2.31%  interp d122 (weekly series | -2.31%
2026-08-13 06:53:49.930 | DEBUG    | __main__:get_daily_price:116 -   last_known=2026-04-13, run=2026-08-13, elapsed=122d
2026-08-13 06:53:49.935 | DEBUG    | __main__:get_daily_price:116 -   last_known=2026-04-13, run=2026-08-12, elapsed=121d
2026-08-13 06:53:49.940 | INFO     | __main__:build_zonal_output:318 -   Cocoa                  N   5,723,413    +0.01%  + +1.30%  interp d122 (weekly series | +1.30%
2026-08-13 06:53:49.940 | DEBUG    | __main__:get_daily_price:116 -   last_known=2026-04-13, run=2026-08-13, elapsed=122d
2026-08-13 06:53:49.944 | DEBUG    | __main__:get_daily_price:116 -   last_known=2026-04-13, run=2026-08-12, elapsed=121d
2026-08-13 06:53:49.947 | INFO     | __main__:build_zonal_output:318 -   Soybeans               N     753,313    +0.01%  + +1.12%  interp d122 (weekly series | +1.12%
2026-08-13 06:53:49.951 | DEBUG    | __main__:get_daily_price:116 -   last_known=2026-04-13, run=2026-08-13, elapsed=122d
2026-08-13 06:53:49.962 | DEBUG    | __main__:get_daily_price:116 -   last_known=2026-04-13, run=2026-08-12, elapsed=121d
2026-08-13 06:53:49.964 | INFO     | __main__:build_zonal_output:318 -   Cashew Nuts            N   1,903,939    -0.02%   -2.36%  interp d122 (weekly series | -2.36%
2026-08-13 06:53:49.966 | DEBUG    | __main__:get_daily_price:116 -   last_known=2026-04-13, run=2026-08-13, elapsed=122d
2026-08-13 06:53:49.967 | DEBUG    | __main__:get_daily_price:116 -   last_known=2026-04-13, run=2026-08-12, elapsed=121d
2026-08-13 06:53:49.969 | INFO     | __main__:build_zonal_output:318 -   Sorghum                N     412,221    -0.02%   -1.85%  interp d122 (weekly series | -1.85%
2026-08-13 06:53:49.971 | DEBUG    | __main__:get_daily_price:116 -   last_known=2026-03-16, run=2026-08-13, elapsed=150d
2026-08-13 06:53:49.977 | DEBUG    | __main__:get_daily_price:116 -   last_known=2026-03-16, run=2026-08-12, elapsed=149d
2026-08-13 06:53:49.979 | INFO     | __main__:build_zonal_output:318 -   Beans (white)          N     796,166    -0.01%   -2.07%  interp d150 (weekly series | -2.07%
2026-08-13 06:53:49.982 | DEBUG    | __main__:get_daily_price:116 -   last_known=2026-03-16, run=2026-08-13, elapsed=150d
2026-08-13 06:53:49.988 | DEBUG    | __main__:get_daily_price:116 -   last_known=2026-03-16, run=2026-08-12, elapsed=149d
2026-08-13 06:53:49.995 | INFO     | __main__:build_zonal_output:318 -   Beans (red)            N     897,703    -0.01%   -1.89%  interp d150 (weekly series | -1.89%
2026-08-13 06:53:49.995 | DEBUG    | __main__:get_daily_price:88 -   last_known_date 2023-01-16 is stale (>2yr). Using forecast_start as anchor.
2026-08-13 06:53:49.995 | DEBUG    | __main__:get_daily_price:116 -   last_known=2023-01-16, run=2026-08-13, elapsed=7d
2026-08-13 06:53:50.003 | DEBUG    | __main__:get_daily_price:88 -   last_known_date 2023-01-16 is stale (>2yr). Using forecast_start as anchor.
2026-08-13 06:53:50.003 | DEBUG    | __main__:get_daily_price:116 -   last_known=2023-01-16, run=2026-08-12, elapsed=7d
2026-08-13 06:53:50.009 | INFO     | __main__:build_zonal_output:318 -   Maize (white)          N     365,357    -0.12%   -1.25%  interp d7 (weekly series | -1.25% v
2026-08-13 06:53:50.009 | DEBUG    | __main__:get_daily_price:88 -   last_known_date 2023-01-16 is stale (>2yr). Using forecast_start as anchor.
2026-08-13 06:53:50.009 | DEBUG    | __main__:get_daily_price:116 -   last_known=2023-01-16, run=2026-08-13, elapsed=7d
2026-08-13 06:53:50.019 | DEBUG    | __main__:get_daily_price:88 -   last_known_date 2023-01-16 is stale (>2yr). Using forecast_start as anchor.
2026-08-13 06:53:50.019 | DEBUG    | __main__:get_daily_price:116 -   last_known=2023-01-16, run=2026-08-12, elapsed=7d
2026-08-13 06:53:50.023 | INFO     | __main__:build_zonal_output:318 -   Maize (yellow)         N     395,901    -0.09%   -1.02%  interp d7 (weekly series | -1.02% v
2026-08-13 06:53:50.026 | DEBUG    | __main__:get_daily_price:116 -   last_known=2026-04-13, run=2026-08-13, elapsed=122d
2026-08-13 06:53:50.027 | DEBUG    | __main__:get_daily_price:116 -   last_known=2026-04-13, run=2026-08-12, elapsed=121d
2026-08-13 06:53:50.029 | INFO     | __main__:build_zonal_output:318 -   Wheat                  N     696,716    -0.01%   -1.43%  interp d122 (weekly series | -1.43%
2026-08-13 06:53:50.031 | DEBUG    | __main__:get_daily_price:88 -   last_known_date 2023-01-09 is stale (>2yr). Using forecast_start as anchor.
2026-08-13 06:53:50.031 | DEBUG    | __main__:get_daily_price:116 -   last_known=2023-01-09, run=2026-08-13, elapsed=7d
2026-08-13 06:53:50.033 | DEBUG    | __main__:get_daily_price:88 -   last_known_date 2023-01-09 is stale (>2yr). Using forecast_start as anchor.
2026-08-13 06:53:50.033 | DEBUG    | __main__:get_daily_price:116 -   last_known=2023-01-09, run=2026-08-12, elapsed=7d
2026-08-13 06:53:50.033 | INFO     | __main__:build_zonal_output:318 -   Rice                   N   1,571,813    +0.13%  + +1.41%  interp d7 (weekly series | +1.41% v
2026-08-13 06:53:50.033 | DEBUG    | __main__:get_daily_price:116 -   last_known=2026-03-09, run=2026-08-13, elapsed=157d
2026-08-13 06:53:50.033 | DEBUG    | __main__:get_daily_price:116 -   last_known=2026-03-09, run=2026-08-12, elapsed=156d
2026-08-13 06:53:50.041 | INFO     | __main__:build_zonal_output:318 -   Meat (beef)            N   5,623,709    -0.00%   -0.25%  interp d157 (weekly series | -0.25%
2026-08-13 06:53:50.041 | DEBUG    | __main__:get_daily_price:116 -   last_known=2026-03-09, run=2026-08-13, elapsed=157d
2026-08-13 06:53:50.045 | DEBUG    | __main__:get_daily_price:116 -   last_known=2026-03-09, run=2026-08-12, elapsed=156d
2026-08-13 06:53:50.047 | INFO     | __main__:build_zonal_output:318 -   Meat (goat)            N   5,548,230    -0.03%   -4.31%  interp d157 (weekly series | -4.31%
2026-08-13 06:53:50.047 | DEBUG    | __main__:get_daily_price:116 -   last_known=2026-03-09, run=2026-08-13, elapsed=157d
2026-08-13 06:53:50.047 | DEBUG    | __main__:get_daily_price:116 -   last_known=2026-03-09, run=2026-08-12, elapsed=156d
2026-08-13 06:53:50.051 | INFO     | __main__:build_zonal_output:318 -   Fish (dried)           N   1,572,753    +0.03%  + +4.26%  interp d157 (weekly series | +4.26%
2026-08-13 06:53:50.051 | DEBUG    | __main__:get_daily_price:116 -   last_known=2026-03-09, run=2026-08-13, elapsed=157d
2026-08-13 06:53:50.053 | DEBUG    | __main__:get_daily_price:116 -   last_known=2026-03-09, run=2026-08-12, elapsed=156d
2026-08-13 06:53:50.053 | INFO     | __main__:build_zonal_output:318 -   Eggs                   N       5,739    -0.09%  -11.98%  interp d157 (weekly series | -11.98
2026-08-13 06:53:50.054 | INFO     | __main__:build_zonal_output:321 - 
2026-08-13 06:53:50.125 | INFO     | __main__:run_zonal_forecast:484 - 
2026-08-13 06:53:50.125 | INFO     | __main__:run_zonal_forecast:485 -   Zone             State        Commodity                 State Price  Day Chg
2026-08-13 06:53:50.125 | INFO     | __main__:run_zonal_forecast:486 -   ------------------------------------------------------------------------
2026-08-13 06:53:50.125 | INFO     | __main__:run_zonal_forecast:493 -   North West       Kano         * Sesame                N   1,340,013/MT  -0.02%
2026-08-13 06:53:50.128 | INFO     | __main__:run_zonal_forecast:493 -   North West       Kano         * Sorghum               N     321,532/MT  -0.02%
2026-08-13 06:53:50.128 | INFO     | __main__:run_zonal_forecast:493 -   North West       Kano         * Beans (white)         N     692,665/MT  -0.01%
2026-08-13 06:53:50.128 | INFO     | __main__:run_zonal_forecast:493 -   North West       Kano         * Maize (white)         N     292,285/MT  -0.12%
2026-08-13 06:53:50.128 | INFO     | __main__:run_zonal_forecast:493 -   North West       Kano         * Maize (yellow)        N     316,721/MT  -0.09%
2026-08-13 06:53:50.128 | INFO     | __main__:run_zonal_forecast:493 -   North West       Kano         * Wheat                 N     620,077/MT  -0.01%
2026-08-13 06:53:50.128 | INFO     | __main__:run_zonal_forecast:493 -   North West       Kaduna       * Ginger                N   8,440,050/MT  -0.02%
2026-08-13 06:53:50.128 | INFO     | __main__:run_zonal_forecast:493 -   North West       Kaduna       * Soybeans              N     632,783/MT  +0.01%
2026-08-13 06:53:50.128 | INFO     | __main__:run_zonal_forecast:493 -   North West       Kaduna       * Sorghum               N     329,777/MT  -0.02%
2026-08-13 06:53:50.128 | INFO     | __main__:run_zonal_forecast:493 -   North West       Kaduna       * Maize (white)         N     295,939/MT  -0.12%
2026-08-13 06:53:50.128 | INFO     | __main__:run_zonal_forecast:493 -   North West       Kaduna       * Maize (yellow)        N     320,680/MT  -0.09%
2026-08-13 06:53:50.128 | INFO     | __main__:run_zonal_forecast:493 -   North West       Kaduna       * Wheat                 N     606,143/MT  -0.01%
2026-08-13 06:53:50.128 | INFO     | __main__:run_zonal_forecast:493 -   North Central    Plateau      * Ginger                N   8,791,719/MT  -0.02%
2026-08-13 06:53:50.128 | INFO     | __main__:run_zonal_forecast:493 -   North Central    Plateau      * Soybeans              N     625,250/MT  +0.01%
2026-08-13 06:53:50.128 | INFO     | __main__:run_zonal_forecast:493 -   North Central    Plateau      * Beans (white)         N     716,550/MT  -0.01%
2026-08-13 06:53:50.128 | INFO     | __main__:run_zonal_forecast:493 -   North Central    Plateau      * Maize (white)         N     317,860/MT  -0.12%
2026-08-13 06:53:50.136 | INFO     | __main__:run_zonal_forecast:493 -   North Central    Plateau      * Wheat                 N     634,011/MT  -0.01%
2026-08-13 06:53:50.136 | INFO     | __main__:run_zonal_forecast:493 -   North Central    Kogi         * Cocoa                 N   5,036,604/MT  +0.01%
2026-08-13 06:53:50.136 | INFO     | __main__:run_zonal_forecast:493 -   North Central    Kogi         * Soybeans              N     655,382/MT  +0.01%
2026-08-13 06:53:50.136 | INFO     | __main__:run_zonal_forecast:493 -   North Central    Kogi         * Cashew Nuts           N   1,523,151/MT  -0.02%
2026-08-13 06:53:50.136 | INFO     | __main__:run_zonal_forecast:493 -   North Central    Kogi         * Sorghum               N     375,121/MT  -0.02%
2026-08-13 06:53:50.136 | INFO     | __main__:run_zonal_forecast:493 -   North Central    Kogi         * Beans (white)         N     732,473/MT  -0.01%
2026-08-13 06:53:50.136 | INFO     | __main__:run_zonal_forecast:493 -   North Central    Kogi         * Maize (white)         N     328,821/MT  -0.12%
2026-08-13 06:53:50.141 | INFO     | __main__:run_zonal_forecast:493 -   North East       Adamawa      * Sesame                N   1,388,447/MT  -0.02%
2026-08-13 06:53:50.141 | INFO     | __main__:run_zonal_forecast:493 -   North East       Adamawa      * Ginger                N   9,729,502/MT  -0.02%
2026-08-13 06:53:50.142 | INFO     | __main__:run_zonal_forecast:493 -   North East       Adamawa      * Soybeans              N     670,449/MT  +0.01%
2026-08-13 06:53:50.142 | INFO     | __main__:run_zonal_forecast:493 -   North East       Adamawa      * Sorghum               N     358,632/MT  -0.02%
2026-08-13 06:53:50.142 | INFO     | __main__:run_zonal_forecast:493 -   North East       Adamawa      * Beans (white)         N     732,473/MT  -0.01%
2026-08-13 06:53:50.142 | INFO     | __main__:run_zonal_forecast:493 -   North East       Adamawa      * Maize (white)         N     321,514/MT  -0.12%
2026-08-13 06:53:50.145 | INFO     | __main__:run_zonal_forecast:493 -   North East       Borno        * Sesame                N   1,436,881/MT  -0.02%
2026-08-13 06:53:50.145 | INFO     | __main__:run_zonal_forecast:493 -   North East       Borno        * Sorghum               N     379,243/MT  -0.02%
2026-08-13 06:53:50.147 | INFO     | __main__:run_zonal_forecast:493 -   North East       Borno        * Beans (white)         N     843,936/MT  -0.01%
2026-08-13 06:53:50.147 | INFO     | __main__:run_zonal_forecast:493 -   North East       Borno        * Maize (white)         N     394,585/MT  -0.12%
2026-08-13 06:53:50.147 | INFO     | __main__:run_zonal_forecast:493 -   North East       Borno        * Wheat                 N     780,321/MT  -0.01%
2026-08-13 06:53:50.147 | INFO     | __main__:run_zonal_forecast:493 -   South West       Oyo          * Hibiscus              N   2,351,614/MT  -0.02%
2026-08-13 06:53:50.147 | INFO     | __main__:run_zonal_forecast:493 -   South West       Oyo          * Cocoa                 N   5,093,838/MT  +0.01%
2026-08-13 06:53:50.147 | INFO     | __main__:run_zonal_forecast:493 -   South West       Oyo          * Soybeans              N     783,446/MT  +0.01%
2026-08-13 06:53:50.147 | INFO     | __main__:run_zonal_forecast:493 -   South West       Oyo          * Cashew Nuts           N   1,637,388/MT  -0.02%
2026-08-13 06:53:50.147 | INFO     | __main__:run_zonal_forecast:493 -   South West       Oyo          * Beans (white)         N     875,783/MT  -0.01%
2026-08-13 06:53:50.147 | INFO     | __main__:run_zonal_forecast:493 -   South West       Oyo          * Maize (white)         N     394,585/MT  -0.12%
2026-08-13 06:53:50.147 | INFO     | __main__:run_zonal_forecast:493 -   South West       Lagos        * Hibiscus              N   2,625,589/MT  -0.02%
2026-08-13 06:53:50.147 | INFO     | __main__:run_zonal_forecast:493 -   South West       Lagos        * Sesame                N   1,905,078/MT  -0.02%
2026-08-13 06:53:50.153 | INFO     | __main__:run_zonal_forecast:493 -   South West       Lagos        * Cocoa                 N   6,181,286/MT  +0.01%
2026-08-13 06:53:50.153 | INFO     | __main__:run_zonal_forecast:493 -   South West       Lagos        * Soybeans              N     919,042/MT  +0.01%
2026-08-13 06:53:50.153 | INFO     | __main__:run_zonal_forecast:493 -   South West       Lagos        * Beans (white)         N   1,019,093/MT  -0.01%
2026-08-13 06:53:50.153 | INFO     | __main__:run_zonal_forecast:493 -   South West       Lagos        * Beans (red)           N   1,122,128/MT  -0.01%
2026-08-13 06:53:50.153 | INFO     | __main__:run_zonal_forecast:493 -   South West       Lagos        * Maize (white)         N     474,964/MT  -0.12%
2026-08-13 06:53:50.153 | INFO     | __main__:run_zonal_forecast:493 -   South West       Lagos        * Maize (yellow)        N     514,671/MT  -0.09%
2026-08-13 06:53:50.157 | INFO     | __main__:run_zonal_forecast:493 -   South East       Anambra      * Cocoa                 N   6,009,584/MT  +0.01%
2026-08-13 06:53:50.157 | INFO     | __main__:run_zonal_forecast:493 -   South East       Anambra      * Cashew Nuts           N   2,094,333/MT  -0.02%
2026-08-13 06:53:50.159 | INFO     | __main__:run_zonal_forecast:493 -   South East       Anambra      * Beans (white)         N     939,476/MT  -0.01%
2026-08-13 06:53:50.159 | INFO     | __main__:run_zonal_forecast:493 -   South East       Anambra      * Beans (red)           N   1,032,358/MT  -0.01%
2026-08-13 06:53:50.159 | INFO     | __main__:run_zonal_forecast:493 -   South East       Anambra      * Maize (white)         N     438,428/MT  -0.12%
2026-08-13 06:53:50.161 | INFO     | __main__:run_zonal_forecast:493 -   South East       Imo          * Cocoa                 N   5,208,306/MT  +0.01%
2026-08-13 06:53:50.162 | INFO     | __main__:run_zonal_forecast:493 -   South East       Imo          * Cashew Nuts           N   2,018,176/MT  -0.02%
2026-08-13 06:53:50.162 | INFO     | __main__:run_zonal_forecast:493 -   South East       Imo          * Beans (white)         N     915,591/MT  -0.01%
2026-08-13 06:53:50.162 | INFO     | __main__:run_zonal_forecast:493 -   South East       Imo          * Maize (white)         N     427,467/MT  -0.12%
2026-08-13 06:53:50.162 | INFO     | __main__:run_zonal_forecast:493 -   South South      Rivers       * Hibiscus              N   2,557,095/MT  -0.02%
2026-08-13 06:53:50.162 | INFO     | __main__:run_zonal_forecast:493 -   South South      Rivers       * Sesame                N   1,905,078/MT  -0.02%
2026-08-13 06:53:50.162 | INFO     | __main__:run_zonal_forecast:493 -   South South      Rivers       * Cocoa                 N   6,009,584/MT  +0.01%
2026-08-13 06:53:50.162 | INFO     | __main__:run_zonal_forecast:493 -   South South      Rivers       * Beans (white)         N     971,323/MT  -0.01%
2026-08-13 06:53:50.162 | INFO     | __main__:run_zonal_forecast:493 -   South South      Rivers       * Beans (red)           N   1,077,243/MT  -0.01%
2026-08-13 06:53:50.162 | INFO     | __main__:run_zonal_forecast:493 -   South South      Rivers       * Maize (white)         N     456,696/MT  -0.12%
2026-08-13 06:53:50.162 | INFO     | __main__:run_zonal_forecast:493 -   South South      Delta        * Hibiscus              N   2,465,770/MT  -0.02%
2026-08-13 06:53:50.162 | INFO     | __main__:run_zonal_forecast:493 -   South South      Delta        * Sesame                N   1,872,789/MT  -0.02%
2026-08-13 06:53:50.162 | INFO     | __main__:run_zonal_forecast:493 -   South South      Delta        * Cocoa                 N   5,322,774/MT  +0.01%
2026-08-13 06:53:50.162 | INFO     | __main__:run_zonal_forecast:493 -   South South      Delta        * Soybeans              N     858,777/MT  +0.01%
2026-08-13 06:53:50.170 | INFO     | __main__:run_zonal_forecast:493 -   South South      Delta        * Beans (white)         N     931,515/MT  -0.01%
2026-08-13 06:53:50.170 | INFO     | __main__:run_zonal_forecast:493 -   South South      Delta        * Maize (white)         N     438,428/MT  -0.12%
2026-08-13 06:53:50.751 | SUCCESS  | __main__:run_zonal_forecast:507 -   Zonal JSON  -> C:\Users\USER\Downloads\agrolinking-intel-structure\agrolinking-intel\outputs\forecasts\zonal\zonal_forecast_2026-08-13.json
2026-08-13 06:53:50.757 | SUCCESS  | __main__:run_zonal_forecast:513 -   Zonal alert -> C:\Users\USER\Downloads\agrolinking-intel-structure\agrolinking-intel\outputs\daily_alerts\alert_zonal_2026-08-13.txt
2026-08-13 06:53:50.757 | INFO     | __main__:run_zonal_forecast:515 - 
2026-08-13 06:53:50.763 | INFO     | __main__:run_zonal_forecast:516 - =================================================================
2026-08-13 06:53:50.765 | INFO     | __main__:run_zonal_forecast:518 -   ================================================
2026-08-13 06:53:50.767 | INFO     | __main__:run_zonal_forecast:518 -   AGROLINKING ZONAL COMMODITY INTELLIGENCE
2026-08-13 06:53:50.767 | INFO     | __main__:run_zonal_forecast:518 -   Date: Thursday, 13 August 2026
2026-08-13 06:53:50.767 | INFO     | __main__:run_zonal_forecast:518 -   6 Zones | 12 States | 12 Commodities
2026-08-13 06:53:50.767 | INFO     | __main__:run_zonal_forecast:518 -   ================================================
2026-08-13 06:53:50.772 | INFO     | __main__:run_zonal_forecast:518 -   
2026-08-13 06:53:50.772 | INFO     | __main__:run_zonal_forecast:518 -   NORTH WEST (Kano & Kaduna)
2026-08-13 06:53:50.774 | INFO     | __main__:run_zonal_forecast:518 -   Nigeria's main grain belt. Highest Maize, Sorghum, Sesame, Wheat production.
2026-08-13 06:53:50.774 | INFO     | __main__:run_zonal_forecast:518 -   
2026-08-13 06:53:50.776 | INFO     | __main__:run_zonal_forecast:518 -     Commodity           Kano                Kaduna            
2026-08-13 06:53:50.776 | INFO     | __main__:run_zonal_forecast:518 -     ------------------------------------------------------------
2026-08-13 06:53:50.776 | INFO     | __main__:run_zonal_forecast:518 -     Hibiscus                N2.169M    (-0.0%)    N2.123M    (-0.0%)
2026-08-13 06:53:50.779 | INFO     | __main__:run_zonal_forecast:518 -     Sesame                * N1.340M    (-0.0%)    N1.372M    (-0.0%)
2026-08-13 06:53:50.779 | INFO     | __main__:run_zonal_forecast:518 -     Ginger                  N11.488M   (-0.0%)  * N8.440M    (-0.0%)
2026-08-13 06:53:50.782 | INFO     | __main__:run_zonal_forecast:518 -     Cocoa                   N5.838M    (+0.0%)    N6.010M    (+0.0%)
2026-08-13 06:53:50.784 | INFO     | __main__:run_zonal_forecast:518 -     Soybeans                N678K      (+0.0%)  * N633K      (+0.0%)
2026-08-13 06:53:50.784 | INFO     | __main__:run_zonal_forecast:518 -     Cashew Nuts             N1.904M    (-0.0%)    N1.942M    (-0.0%)
2026-08-13 06:53:50.786 | INFO     | __main__:run_zonal_forecast:518 -     Sorghum               * N322K      (-0.0%)  * N330K      (-0.0%)
2026-08-13 06:53:50.786 | INFO     | __main__:run_zonal_forecast:518 -     Beans (white)         * N693K      (-0.0%)    N701K      (-0.0%)
2026-08-13 06:53:50.789 | INFO     | __main__:run_zonal_forecast:518 -     Beans (red)             N808K      (-0.0%)    N817K      (-0.0%)
2026-08-13 06:53:50.791 | INFO     | __main__:run_zonal_forecast:518 -     Maize (white)         * N292K      (-0.1%)  * N296K      (-0.1%)
2026-08-13 06:53:50.791 | INFO     | __main__:run_zonal_forecast:518 -     Maize (yellow)        * N317K      (-0.1%)  * N321K      (-0.1%)
2026-08-13 06:53:50.791 | INFO     | __main__:run_zonal_forecast:518 -     Wheat                 * N620K      (-0.0%)  * N606K      (-0.0%)
2026-08-13 06:53:50.791 | INFO     | __main__:run_zonal_forecast:518 -     Rice                    N1.493M    (+0.1%)    N1.462M    (+0.1%)
2026-08-13 06:53:50.791 | INFO     | __main__:run_zonal_forecast:518 -     Meat (beef)             N4.893M               N4.893M           
2026-08-13 06:53:50.791 | INFO     | __main__:run_zonal_forecast:518 -     Meat (goat)             N4.827M    (-0.0%)    N4.827M    (-0.0%)
2026-08-13 06:53:50.791 | INFO     | __main__:run_zonal_forecast:518 -     Fish (dried)            N1.368M    (+0.0%)    N1.368M    (+0.0%)
2026-08-13 06:53:50.798 | INFO     | __main__:run_zonal_forecast:518 -     Eggs                    N5K        (-0.1%)    N5K        (-0.1%)
2026-08-13 06:53:50.800 | INFO     | __main__:run_zonal_forecast:518 -   
2026-08-13 06:53:50.800 | INFO     | __main__:run_zonal_forecast:518 -   NORTH CENTRAL (Plateau & Kogi)
2026-08-13 06:53:50.800 | INFO     | __main__:run_zonal_forecast:518 -   Middle Belt. Ginger heartland (Plateau), Cashew/Cocoa belt (Kogi).
2026-08-13 06:53:50.800 | INFO     | __main__:run_zonal_forecast:518 -   
2026-08-13 06:53:50.804 | INFO     | __main__:run_zonal_forecast:518 -     Commodity           Plateau             Kogi              
2026-08-13 06:53:50.805 | INFO     | __main__:run_zonal_forecast:518 -     ------------------------------------------------------------
2026-08-13 06:53:50.806 | INFO     | __main__:run_zonal_forecast:518 -     Hibiscus                N2.215M    (-0.0%)    N2.192M    (-0.0%)
2026-08-13 06:53:50.806 | INFO     | __main__:run_zonal_forecast:518 -     Sesame                  N1.550M    (-0.0%)    N1.566M    (-0.0%)
2026-08-13 06:53:50.806 | INFO     | __main__:run_zonal_forecast:518 -     Ginger                * N8.792M    (-0.0%)    N11.019M   (-0.0%)
2026-08-13 06:53:50.806 | INFO     | __main__:run_zonal_forecast:518 -     Cocoa                   N6.181M    (+0.0%)  * N5.037M    (+0.0%)
2026-08-13 06:53:50.812 | INFO     | __main__:run_zonal_forecast:518 -     Soybeans              * N625K      (+0.0%)  * N655K      (+0.0%)
2026-08-13 06:53:50.814 | INFO     | __main__:run_zonal_forecast:518 -     Cashew Nuts             N1.999M    (-0.0%)  * N1.523M    (-0.0%)
2026-08-13 06:53:50.814 | INFO     | __main__:run_zonal_forecast:518 -     Sorghum                 N379K      (-0.0%)  * N375K      (-0.0%)
2026-08-13 06:53:50.814 | INFO     | __main__:run_zonal_forecast:518 -     Beans (white)         * N717K      (-0.0%)  * N732K      (-0.0%)
2026-08-13 06:53:50.817 | INFO     | __main__:run_zonal_forecast:518 -     Beans (red)             N853K      (-0.0%)    N844K      (-0.0%)
2026-08-13 06:53:50.819 | INFO     | __main__:run_zonal_forecast:518 -     Maize (white)         * N318K      (-0.1%)  * N329K      (-0.1%)
2026-08-13 06:53:50.820 | INFO     | __main__:run_zonal_forecast:518 -     Maize (yellow)          N348K      (-0.1%)    N360K      (-0.1%)
2026-08-13 06:53:50.824 | INFO     | __main__:run_zonal_forecast:518 -     Wheat                 * N634K      (-0.0%)    N676K      (-0.0%)
2026-08-13 06:53:50.827 | INFO     | __main__:run_zonal_forecast:518 -     Rice                    N1.415M    (+0.1%)    N1.525M    (+0.1%)
2026-08-13 06:53:50.829 | INFO     | __main__:run_zonal_forecast:518 -     Meat (beef)             N5.343M               N5.343M           
2026-08-13 06:53:50.831 | INFO     | __main__:run_zonal_forecast:518 -     Meat (goat)             N5.271M    (-0.0%)    N5.271M    (-0.0%)
2026-08-13 06:53:50.833 | INFO     | __main__:run_zonal_forecast:518 -     Fish (dried)            N1.494M    (+0.0%)    N1.494M    (+0.0%)
2026-08-13 06:53:50.834 | INFO     | __main__:run_zonal_forecast:518 -     Eggs                    N5K        (-0.1%)    N5K        (-0.1%)
2026-08-13 06:53:50.836 | INFO     | __main__:run_zonal_forecast:518 -   
2026-08-13 06:53:50.836 | INFO     | __main__:run_zonal_forecast:518 -   NORTH EAST (Adamawa & Borno)
2026-08-13 06:53:50.838 | INFO     | __main__:run_zonal_forecast:518 -   Semi-arid. Sorghum, Maize. Conflict premium on imports in Borno.
2026-08-13 06:53:50.839 | INFO     | __main__:run_zonal_forecast:518 -   
2026-08-13 06:53:50.840 | INFO     | __main__:run_zonal_forecast:518 -     Commodity           Adamawa             Borno             
2026-08-13 06:53:50.840 | INFO     | __main__:run_zonal_forecast:518 -     ------------------------------------------------------------
2026-08-13 06:53:50.843 | INFO     | __main__:run_zonal_forecast:518 -     Hibiscus                N2.237M    (-0.0%)    N2.397M    (-0.0%)
2026-08-13 06:53:50.843 | INFO     | __main__:run_zonal_forecast:518 -     Sesame                * N1.388M    (-0.0%)  * N1.437M    (-0.0%)
2026-08-13 06:53:50.846 | INFO     | __main__:run_zonal_forecast:518 -     Ginger                * N9.730M    (-0.0%)    N13.481M   (-0.0%)
2026-08-13 06:53:50.846 | INFO     | __main__:run_zonal_forecast:518 -     Cocoa                   N6.010M    (+0.0%)    N6.754M    (+0.0%)
2026-08-13 06:53:50.846 | INFO     | __main__:run_zonal_forecast:518 -     Soybeans              * N670K      (+0.0%)    N814K      (+0.0%)
2026-08-13 06:53:50.846 | INFO     | __main__:run_zonal_forecast:518 -     Cashew Nuts             N1.980M    (-0.0%)    N2.190M    (-0.0%)
2026-08-13 06:53:50.846 | INFO     | __main__:run_zonal_forecast:518 -     Sorghum               * N359K      (-0.0%)  * N379K      (-0.0%)
2026-08-13 06:53:50.848 | INFO     | __main__:run_zonal_forecast:518 -     Beans (white)         * N732K      (-0.0%)  * N844K      (-0.0%)
2026-08-13 06:53:50.848 | INFO     | __main__:run_zonal_forecast:518 -     Beans (red)             N853K      (-0.0%)    N987K      (-0.0%)
2026-08-13 06:53:50.848 | INFO     | __main__:run_zonal_forecast:518 -     Maize (white)         * N322K      (-0.1%)  * N395K      (-0.1%)
2026-08-13 06:53:50.848 | INFO     | __main__:run_zonal_forecast:518 -     Maize (yellow)          N352K      (-0.1%)    N428K      (-0.1%)
2026-08-13 06:53:50.848 | INFO     | __main__:run_zonal_forecast:518 -     Wheat                   N683K      (-0.0%)  * N780K      (-0.0%)
2026-08-13 06:53:50.848 | INFO     | __main__:run_zonal_forecast:518 -     Rice                    N1.603M    (+0.1%)    N1.729M    (+0.1%)
2026-08-13 06:53:50.848 | INFO     | __main__:run_zonal_forecast:518 -     Meat (beef)             N5.736M               N5.736M           
2026-08-13 06:53:50.853 | INFO     | __main__:run_zonal_forecast:518 -     Meat (goat)             N5.659M    (-0.0%)    N5.659M    (-0.0%)
2026-08-13 06:53:50.853 | INFO     | __main__:run_zonal_forecast:518 -     Fish (dried)            N1.604M    (+0.0%)    N1.604M    (+0.0%)
2026-08-13 06:53:50.855 | INFO     | __main__:run_zonal_forecast:518 -     Eggs                    N6K        (-0.1%)    N6K        (-0.1%)
2026-08-13 06:53:50.856 | INFO     | __main__:run_zonal_forecast:518 -   
2026-08-13 06:53:50.857 | INFO     | __main__:run_zonal_forecast:518 -   SOUTH WEST (Oyo & Lagos)
2026-08-13 06:53:50.857 | INFO     | __main__:run_zonal_forecast:518 -   Commercial capital. Lagos is the price-setter for consumer markets.
2026-08-13 06:53:50.857 | INFO     | __main__:run_zonal_forecast:518 -   
2026-08-13 06:53:50.857 | INFO     | __main__:run_zonal_forecast:518 -     Commodity           Oyo                 Lagos             
2026-08-13 06:53:50.857 | INFO     | __main__:run_zonal_forecast:518 -     ------------------------------------------------------------
2026-08-13 06:53:50.860 | INFO     | __main__:run_zonal_forecast:518 -     Hibiscus              * N2.352M    (-0.0%)  * N2.626M    (-0.0%)
2026-08-13 06:53:50.860 | INFO     | __main__:run_zonal_forecast:518 -     Sesame                  N1.711M    (-0.0%)  * N1.905M    (-0.0%)
2026-08-13 06:53:50.860 | INFO     | __main__:run_zonal_forecast:518 -     Ginger                  N12.660M   (-0.0%)    N14.067M   (-0.0%)
2026-08-13 06:53:50.861 | INFO     | __main__:run_zonal_forecast:518 -     Cocoa                 * N5.094M    (+0.0%)  * N6.181M    (+0.0%)
2026-08-13 06:53:50.861 | INFO     | __main__:run_zonal_forecast:518 -     Soybeans              * N783K      (+0.0%)  * N919K      (+0.0%)
2026-08-13 06:53:50.861 | INFO     | __main__:run_zonal_forecast:518 -     Cashew Nuts           * N1.637M    (-0.0%)    N2.094M    (-0.0%)
2026-08-13 06:53:50.861 | INFO     | __main__:run_zonal_forecast:518 -     Sorghum                 N433K      (-0.0%)    N486K      (-0.0%)
2026-08-13 06:53:50.861 | INFO     | __main__:run_zonal_forecast:518 -     Beans (white)         * N876K      (-0.0%)  * N1.019M    (-0.0%)
2026-08-13 06:53:50.861 | INFO     | __main__:run_zonal_forecast:518 -     Beans (red)             N1.005M    (-0.0%)  * N1.122M    (-0.0%)
2026-08-13 06:53:50.861 | INFO     | __main__:run_zonal_forecast:518 -     Maize (white)         * N395K      (-0.1%)  * N475K      (-0.1%)
2026-08-13 06:53:50.861 | INFO     | __main__:run_zonal_forecast:518 -     Maize (yellow)          N428K      (-0.1%)  * N515K      (-0.1%)
2026-08-13 06:53:50.861 | INFO     | __main__:run_zonal_forecast:518 -     Wheat                   N766K      (-0.0%)    N801K      (-0.0%)
2026-08-13 06:53:50.868 | INFO     | __main__:run_zonal_forecast:518 -     Rice                    N1.698M    (+0.1%)    N1.855M    (+0.1%)
2026-08-13 06:53:50.869 | INFO     | __main__:run_zonal_forecast:518 -     Meat (beef)             N6.524M               N6.524M           
2026-08-13 06:53:50.869 | INFO     | __main__:run_zonal_forecast:518 -     Meat (goat)             N6.436M    (-0.0%)    N6.436M    (-0.0%)
2026-08-13 06:53:50.869 | INFO     | __main__:run_zonal_forecast:518 -     Fish (dried)            N1.824M    (+0.0%)    N1.824M    (+0.0%)
2026-08-13 06:53:50.869 | INFO     | __main__:run_zonal_forecast:518 -     Eggs                    N7K        (-0.1%)    N7K        (-0.1%)
2026-08-13 06:53:50.871 | INFO     | __main__:run_zonal_forecast:518 -   
2026-08-13 06:53:50.871 | INFO     | __main__:run_zonal_forecast:518 -   SOUTH EAST (Anambra & Imo)
2026-08-13 06:53:50.873 | INFO     | __main__:run_zonal_forecast:518 -   High consumption, low production of traded commodities. Import-dependent.
2026-08-13 06:53:50.873 | INFO     | __main__:run_zonal_forecast:518 -   
2026-08-13 06:53:50.873 | INFO     | __main__:run_zonal_forecast:518 -     Commodity           Anambra             Imo               
2026-08-13 06:53:50.874 | INFO     | __main__:run_zonal_forecast:518 -     ------------------------------------------------------------
2026-08-13 06:53:50.874 | INFO     | __main__:run_zonal_forecast:518 -     Hibiscus                N2.557M    (-0.0%)    N2.511M    (-0.0%)
2026-08-13 06:53:50.874 | INFO     | __main__:run_zonal_forecast:518 -     Sesame                  N1.873M    (-0.0%)    N1.840M    (-0.0%)
2026-08-13 06:53:50.874 | INFO     | __main__:run_zonal_forecast:518 -     Ginger                  N13.481M   (-0.0%)    N13.129M   (-0.0%)
2026-08-13 06:53:50.874 | INFO     | __main__:run_zonal_forecast:518 -     Cocoa                 * N6.010M    (+0.0%)  * N5.208M    (+0.0%)
2026-08-13 06:53:50.874 | INFO     | __main__:run_zonal_forecast:518 -     Soybeans                N859K      (+0.0%)    N844K      (+0.0%)
2026-08-13 06:53:50.877 | INFO     | __main__:run_zonal_forecast:518 -     Cashew Nuts           * N2.094M    (-0.0%)  * N2.018M    (-0.0%)
2026-08-13 06:53:50.877 | INFO     | __main__:run_zonal_forecast:518 -     Sorghum                 N470K      (-0.0%)    N462K      (-0.0%)
2026-08-13 06:53:50.877 | INFO     | __main__:run_zonal_forecast:518 -     Beans (white)         * N939K      (-0.0%)  * N916K      (-0.0%)
2026-08-13 06:53:50.877 | INFO     | __main__:run_zonal_forecast:518 -     Beans (red)           * N1.032M    (-0.0%)    N1.014M    (-0.0%)
2026-08-13 06:53:50.877 | INFO     | __main__:run_zonal_forecast:518 -     Maize (white)         * N438K      (-0.1%)  * N427K      (-0.1%)
2026-08-13 06:53:50.879 | INFO     | __main__:run_zonal_forecast:518 -     Maize (yellow)          N475K      (-0.1%)    N463K      (-0.1%)
2026-08-13 06:53:50.879 | INFO     | __main__:run_zonal_forecast:518 -     Wheat                   N822K      (-0.0%)    N808K      (-0.0%)
2026-08-13 06:53:50.879 | INFO     | __main__:run_zonal_forecast:518 -     Rice                    N1.760M    (+0.1%)    N1.729M    (+0.1%)
2026-08-13 06:53:50.879 | INFO     | __main__:run_zonal_forecast:518 -     Meat (beef)             N6.355M               N6.355M           
2026-08-13 06:53:50.879 | INFO     | __main__:run_zonal_forecast:518 -     Meat (goat)             N6.269M    (-0.0%)    N6.269M    (-0.0%)
2026-08-13 06:53:50.879 | INFO     | __main__:run_zonal_forecast:518 -     Fish (dried)            N1.777M    (+0.0%)    N1.777M    (+0.0%)
2026-08-13 06:53:50.879 | INFO     | __main__:run_zonal_forecast:518 -     Eggs                    N6K        (-0.1%)    N6K        (-0.1%)
2026-08-13 06:53:50.879 | INFO     | __main__:run_zonal_forecast:518 -   
2026-08-13 06:53:50.879 | INFO     | __main__:run_zonal_forecast:518 -   SOUTH SOUTH (Rivers & Delta)
2026-08-13 06:53:50.879 | INFO     | __main__:run_zonal_forecast:518 -   Oil belt. High purchasing power. Cocoa producer (Delta).
2026-08-13 06:53:50.879 | INFO     | __main__:run_zonal_forecast:518 -   
2026-08-13 06:53:50.879 | INFO     | __main__:run_zonal_forecast:518 -     Commodity           Rivers              Delta             
2026-08-13 06:53:50.879 | INFO     | __main__:run_zonal_forecast:518 -     ------------------------------------------------------------
2026-08-13 06:53:50.879 | INFO     | __main__:run_zonal_forecast:518 -     Hibiscus              * N2.557M    (-0.0%)  * N2.466M    (-0.0%)
2026-08-13 06:53:50.879 | INFO     | __main__:run_zonal_forecast:518 -     Sesame                * N1.905M    (-0.0%)  * N1.873M    (-0.0%)
2026-08-13 06:53:50.879 | INFO     | __main__:run_zonal_forecast:518 -     Ginger                  N14.067M   (-0.0%)    N13.481M   (-0.0%)
2026-08-13 06:53:50.879 | INFO     | __main__:run_zonal_forecast:518 -     Cocoa                 * N6.010M    (+0.0%)  * N5.323M    (+0.0%)
2026-08-13 06:53:50.879 | INFO     | __main__:run_zonal_forecast:518 -     Soybeans                N889K      (+0.0%)  * N859K      (+0.0%)
2026-08-13 06:53:50.879 | INFO     | __main__:run_zonal_forecast:518 -     Cashew Nuts             N2.190M    (-0.0%)    N2.094M    (-0.0%)
2026-08-13 06:53:50.888 | INFO     | __main__:run_zonal_forecast:518 -     Sorghum                 N495K      (-0.0%)    N486K      (-0.0%)
2026-08-13 06:53:50.890 | INFO     | __main__:run_zonal_forecast:518 -     Beans (white)         * N971K      (-0.0%)  * N932K      (-0.0%)
2026-08-13 06:53:50.891 | INFO     | __main__:run_zonal_forecast:518 -     Beans (red)           * N1.077M    (-0.0%)    N1.032M    (-0.0%)
2026-08-13 06:53:50.892 | INFO     | __main__:run_zonal_forecast:518 -     Maize (white)         * N457K      (-0.1%)  * N438K      (-0.1%)
2026-08-13 06:53:50.892 | INFO     | __main__:run_zonal_forecast:518 -     Maize (yellow)          N495K      (-0.1%)    N475K      (-0.1%)
2026-08-13 06:53:50.892 | INFO     | __main__:run_zonal_forecast:518 -     Wheat                   N850K      (-0.0%)    N836K      (-0.0%)
2026-08-13 06:53:50.892 | INFO     | __main__:run_zonal_forecast:518 -     Rice                    N1.808M    (+0.1%)    N1.760M    (+0.1%)
2026-08-13 06:53:50.894 | INFO     | __main__:run_zonal_forecast:518 -     Meat (beef)             N6.411M               N6.411M           
2026-08-13 06:53:50.894 | INFO     | __main__:run_zonal_forecast:518 -     Meat (goat)             N6.325M    (-0.0%)    N6.325M    (-0.0%)
2026-08-13 06:53:50.894 | INFO     | __main__:run_zonal_forecast:518 -     Fish (dried)            N1.793M    (+0.0%)    N1.793M    (+0.0%)
2026-08-13 06:53:50.894 | INFO     | __main__:run_zonal_forecast:518 -     Eggs                    N7K        (-0.1%)    N7K        (-0.1%)
2026-08-13 06:53:50.896 | INFO     | __main__:run_zonal_forecast:518 -   
2026-08-13 06:53:50.896 | INFO     | __main__:run_zonal_forecast:518 -   ==========================================================
2026-08-13 06:53:50.896 | INFO     | __main__:run_zonal_forecast:518 -   * = primary commodity  (+/-%) = day-on-day change
2026-08-13 06:53:50.896 | INFO     | __main__:run_zonal_forecast:518 -   
2026-08-13 06:53:50.896 | INFO     | __main__:run_zonal_forecast:518 -   NATIONAL PRICE CHANGES TODAY:
2026-08-13 06:53:50.896 | INFO     | __main__:run_zonal_forecast:518 -     Commodity                   Price   Day Chg    vs Ref
2026-08-13 06:53:50.899 | INFO     | __main__:run_zonal_forecast:518 -     ------------------------------------------------------
2026-08-13 06:53:50.899 | INFO     | __main__:run_zonal_forecast:518 -     Hibiscus                  N2.283M    -0.02%    -1.80%
2026-08-13 06:53:50.899 | INFO     | __main__:run_zonal_forecast:518 -     Sesame                    N1.614M    -0.02%    -2.15%
2026-08-13 06:53:50.899 | INFO     | __main__:run_zonal_forecast:518 -     Ginger                   N11.722M    -0.02%    -2.31%
2026-08-13 06:53:50.901 | INFO     | __main__:run_zonal_forecast:518 -     Cocoa                     N5.723M    +0.01%    +1.30%
2026-08-13 06:53:50.901 | INFO     | __main__:run_zonal_forecast:518 -     Soybeans                    N753K    +0.01%    +1.12%
2026-08-13 06:53:50.903 | INFO     | __main__:run_zonal_forecast:518 -     Cashew Nuts               N1.904M    -0.02%    -2.36%
2026-08-13 06:53:50.903 | INFO     | __main__:run_zonal_forecast:518 -     Sorghum                     N412K    -0.02%    -1.85%
2026-08-13 06:53:50.903 | INFO     | __main__:run_zonal_forecast:518 -     Beans (white)               N796K    -0.01%    -2.07%
2026-08-13 06:53:50.905 | INFO     | __main__:run_zonal_forecast:518 -     Beans (red)                 N898K    -0.01%    -1.89%
2026-08-13 06:53:50.907 | INFO     | __main__:run_zonal_forecast:518 -     Maize (white)               N365K    -0.12%    -1.25%
2026-08-13 06:53:50.907 | INFO     | __main__:run_zonal_forecast:518 -     Maize (yellow)              N396K    -0.09%    -1.02%
2026-08-13 06:53:50.907 | INFO     | __main__:run_zonal_forecast:518 -     Wheat                       N697K    -0.01%    -1.43%
2026-08-13 06:53:50.907 | INFO     | __main__:run_zonal_forecast:518 -     Rice                      N1.572M    +0.13%    +1.41%
2026-08-13 06:53:50.907 | INFO     | __main__:run_zonal_forecast:518 -     Meat (beef)               N5.624M    -0.00%    -0.25%
2026-08-13 06:53:50.909 | INFO     | __main__:run_zonal_forecast:518 -     Meat (goat)               N5.548M    -0.03%    -4.31%
2026-08-13 06:53:50.909 | INFO     | __main__:run_zonal_forecast:518 -     Fish (dried)              N1.573M    +0.03%    +4.26%
2026-08-13 06:53:50.909 | INFO     | __main__:run_zonal_forecast:518 -     Eggs                          N6K    -0.09%   -11.98%
2026-08-13 06:53:50.909 | INFO     | __main__:run_zonal_forecast:518 -   
2026-08-13 06:53:50.909 | INFO     | __main__:run_zonal_forecast:518 -   BEST SOURCING NATIONALLY:
2026-08-13 06:53:50.909 | INFO     | __main__:run_zonal_forecast:518 -     Commodity              Best State           Price  Spread
2026-08-13 06:53:50.909 | INFO     | __main__:run_zonal_forecast:518 -     ------------------------------------------------------------
2026-08-13 06:53:50.913 | INFO     | __main__:run_zonal_forecast:518 -     Hibiscus               Kaduna             N2.123M  24% vs Lagos
2026-08-13 06:53:50.913 | INFO     | __main__:run_zonal_forecast:518 -     Sesame                 Kano               N1.340M  42% vs Lagos
2026-08-13 06:53:50.913 | INFO     | __main__:run_zonal_forecast:518 -     Ginger                 Kaduna             N8.440M  67% vs Lagos
2026-08-13 06:53:50.913 | INFO     | __main__:run_zonal_forecast:518 -     Cocoa                  Kogi               N5.037M  34% vs Borno
2026-08-13 06:53:50.913 | INFO     | __main__:run_zonal_forecast:518 -     Soybeans               Plateau              N625K  47% vs Lagos
2026-08-13 06:53:50.913 | INFO     | __main__:run_zonal_forecast:518 -     Cashew Nuts            Kogi               N1.523M  44% vs Borno
2026-08-13 06:53:50.913 | INFO     | __main__:run_zonal_forecast:518 -     Sorghum                Kano                 N322K  54% vs Rivers
2026-08-13 06:53:50.913 | INFO     | __main__:run_zonal_forecast:518 -     Beans (white)          Kano                 N693K  47% vs Lagos
2026-08-13 06:53:50.913 | INFO     | __main__:run_zonal_forecast:518 -     Beans (red)            Kano                 N808K  39% vs Lagos
2026-08-13 06:53:50.917 | INFO     | __main__:run_zonal_forecast:518 -     Maize (white)          Kano                 N292K  62% vs Lagos
2026-08-13 06:53:50.917 | INFO     | __main__:run_zonal_forecast:518 -     Maize (yellow)         Kano                 N317K  62% vs Lagos
2026-08-13 06:53:50.918 | INFO     | __main__:run_zonal_forecast:518 -     Wheat                  Kaduna               N606K  40% vs Rivers
2026-08-13 06:53:50.918 | INFO     | __main__:run_zonal_forecast:518 -     Rice                   Plateau            N1.415M  31% vs Lagos
2026-08-13 06:53:50.918 | INFO     | __main__:run_zonal_forecast:518 -     Meat (beef)            Kano               N4.893M  33% vs Oyo
2026-08-13 06:53:50.918 | INFO     | __main__:run_zonal_forecast:518 -     Meat (goat)            Kano               N4.827M  33% vs Oyo
2026-08-13 06:53:50.921 | INFO     | __main__:run_zonal_forecast:518 -     Fish (dried)           Kano               N1.368M  33% vs Oyo
2026-08-13 06:53:50.922 | INFO     | __main__:run_zonal_forecast:518 -     Eggs                   Kano                   N5K  33% vs Oyo
2026-08-13 06:53:50.922 | INFO     | __main__:run_zonal_forecast:518 -   
2026-08-13 06:53:50.922 | INFO     | __main__:run_zonal_forecast:518 -   ==========================================================
2026-08-13 06:53:50.924 | INFO     | __main__:run_zonal_forecast:518 -   Source: Agrolinking Intelligence Platform
2026-08-13 06:53:50.925 | INFO     | __main__:run_zonal_forecast:518 -   Next update: 14 Aug 2026
2026-08-13 06:53:50.925 | INFO     | __main__:run_zonal_forecast:519 - =================================================================
2026-08-13 06:53:50.925 | SUCCESS  | __main__:run_zonal_forecast:520 - ZONAL FORECASTING COMPLETE — 6 zones | 12 states | 17 commodities
