2026-10-08 11:57:49.276 | INFO     | __main__:run_zonal_forecast:587 - =================================================================
2026-10-08 11:57:49.276 | INFO     | __main__:run_zonal_forecast:588 - STEP 7 — ZONAL & STATE-LEVEL FORECASTING
2026-10-08 11:57:49.276 | INFO     | __main__:run_zonal_forecast:589 -   Date  : Thursday, 08 October 2026  11:57
2026-10-08 11:57:49.277 | INFO     | __main__:run_zonal_forecast:590 -   Anchor: DAILY INTERPOLATED (from last_known_date, drifts daily)
2026-10-08 11:57:49.277 | INFO     | __main__:run_zonal_forecast:591 - =================================================================
2026-10-08 11:57:49.299 | INFO     | __main__:run_zonal_forecast:594 -   Source: forecast_validated_2026-10-08.json
2026-10-08 11:57:49.299 | INFO     | __main__:run_zonal_forecast:601 -   Maize (white): last_known=2026-10-05, days_elapsed=3
2026-10-08 11:57:49.299 | INFO     | __main__:run_zonal_forecast:601 -   Hibiscus: last_known=2026-10-05, days_elapsed=3
2026-10-08 11:57:49.299 | INFO     | __main__:run_zonal_forecast:601 -   Sesame: last_known=2026-10-05, days_elapsed=3
2026-10-08 11:57:49.300 | INFO     | __main__:build_zonal_output:257 - 
2026-10-08 11:57:49.300 | INFO     | __main__:build_zonal_output:258 -   NATIONAL ANCHORS (interpolated from last_known_date to today):
2026-10-08 11:57:49.300 | INFO     | __main__:build_zonal_output:259 -   Commodity                 Today Price   Day Chg    vs Ref  Source
2026-10-08 11:57:49.300 | INFO     | __main__:build_zonal_output:260 -   --------------------------------------------------------------------------------
2026-10-08 11:57:49.300 | INFO     | __main__:build_zonal_output:289 -   Hibiscus               N   2,437,277    -2.18%   +4.83%  daily_series d3 (-6.26% vs ref)
2026-10-08 11:57:49.300 | INFO     | __main__:build_zonal_output:289 -   Sesame                 N   1,343,711    -1.38%  -18.56%  daily_series d3 (-4.02% vs ref)
2026-10-08 11:57:49.300 | INFO     | __main__:build_zonal_output:289 -   Ginger                 N   8,334,721    +1.36%  -30.54%  daily_series d3 (+4.18% vs ref)
2026-10-08 11:57:49.300 | INFO     | __main__:build_zonal_output:289 -   Cocoa                  N   5,778,966    -3.46%   +2.28%  daily_series d3 (-9.70% vs ref)
2026-10-08 11:57:49.300 | INFO     | __main__:build_zonal_output:289 -   Soybeans               N     773,742    -0.70%   +3.86%  daily_series d3 (-2.06% vs ref)
2026-10-08 11:57:49.300 | INFO     | __main__:build_zonal_output:289 -   Cashew Nuts            N   1,927,488    +0.48%   -1.15%  daily_series d3 (+1.45% vs ref)
2026-10-08 11:57:49.300 | INFO     | __main__:build_zonal_output:289 -   Sorghum                N     345,000    +0.00%  -17.86%  daily_series d3 (+0.00% vs ref)
2026-10-08 11:57:49.300 | INFO     | __main__:build_zonal_output:289 -   Beans (white)          N     508,469    -5.06%  -37.46%  daily_series d3 (-13.78% vs ref)
2026-10-08 11:57:49.300 | INFO     | __main__:build_zonal_output:289 -   Beans (red)            N     628,504    -4.05%  -31.31%  daily_series d3 (-11.25% vs ref)
2026-10-08 11:57:49.300 | INFO     | __main__:build_zonal_output:289 -   Maize (white)          N     344,233    -2.19%   -6.96%  daily_series d3 (-6.31% vs ref)
2026-10-08 11:57:49.301 | INFO     | __main__:build_zonal_output:289 -   Maize (yellow)         N     373,285    -2.10%   -6.68%  daily_series d3 (-6.05% vs ref)
2026-10-08 11:57:49.301 | INFO     | __main__:build_zonal_output:289 -   Wheat                  N     666,145    -1.80%   -5.76%  daily_series d3 (-5.21% vs ref)
2026-10-08 11:57:49.301 | INFO     | __main__:build_zonal_output:289 -   Rice                   N   1,401,885    -1.81%   -9.56%  daily_series d3 (-5.25% vs ref)
2026-10-08 11:57:49.301 | INFO     | __main__:build_zonal_output:289 -   Meat (beef)            N   6,756,901    +1.05%   +3.95%  daily_series d3 (+3.21% vs ref)
2026-10-08 11:57:49.301 | INFO     | __main__:build_zonal_output:289 -   Meat (goat)            N   6,679,250    +0.35%   +2.76%  daily_series d3 (+1.06% vs ref)
2026-10-08 11:57:49.301 | INFO     | __main__:build_zonal_output:289 -   Fish (dried)           N   1,059,912    -3.81%  -11.67%  daily_series d3 (-10.63% vs ref)
2026-10-08 11:57:49.301 | INFO     | __main__:build_zonal_output:289 -   Eggs                   N       5,976    -1.02%   -3.61%  daily_series d3 (-3.00% vs ref)
2026-10-08 11:57:49.301 | INFO     | __main__:build_zonal_output:292 - 
2026-10-08 11:57:49.375 | INFO     | __main__:run_zonal_forecast:607 - 
2026-10-08 11:57:49.376 | INFO     | __main__:run_zonal_forecast:608 -   Zone             State        Commodity                 State Price  Day Chg
2026-10-08 11:57:49.376 | INFO     | __main__:run_zonal_forecast:609 -   ------------------------------------------------------------------------
2026-10-08 11:57:49.376 | INFO     | __main__:run_zonal_forecast:616 -   North West       Kano         * Sesame                N   1,115,280/MT  -1.38%
2026-10-08 11:57:49.376 | INFO     | __main__:run_zonal_forecast:616 -   North West       Kano         * Sorghum               N     269,100/MT  +0.00%
2026-10-08 11:57:49.376 | INFO     | __main__:run_zonal_forecast:616 -   North West       Kano         * Beans (white)         N     442,368/MT  -5.06%
2026-10-08 11:57:49.376 | INFO     | __main__:run_zonal_forecast:616 -   North West       Kano         * Maize (white)         N     275,386/MT  -2.19%
2026-10-08 11:57:49.376 | INFO     | __main__:run_zonal_forecast:616 -   North West       Kano         * Maize (yellow)        N     298,628/MT  -2.10%
2026-10-08 11:57:49.376 | INFO     | __main__:run_zonal_forecast:616 -   North West       Kano         * Wheat                 N     592,869/MT  -1.80%
2026-10-08 11:57:49.376 | INFO     | __main__:run_zonal_forecast:616 -   North West       Kaduna       * Ginger                N   6,000,999/MT  +1.36%
2026-10-08 11:57:49.376 | INFO     | __main__:run_zonal_forecast:616 -   North West       Kaduna       * Soybeans              N     649,943/MT  -0.70%
2026-10-08 11:57:49.376 | INFO     | __main__:run_zonal_forecast:616 -   North West       Kaduna       * Sorghum               N     276,000/MT  +0.00%
2026-10-08 11:57:49.376 | INFO     | __main__:run_zonal_forecast:616 -   North West       Kaduna       * Maize (white)         N     278,829/MT  -2.19%
2026-10-08 11:57:49.376 | INFO     | __main__:run_zonal_forecast:616 -   North West       Kaduna       * Maize (yellow)        N     302,361/MT  -2.10%
2026-10-08 11:57:49.376 | INFO     | __main__:run_zonal_forecast:616 -   North West       Kaduna       * Wheat                 N     579,546/MT  -1.80%
2026-10-08 11:57:49.376 | INFO     | __main__:run_zonal_forecast:616 -   North Central    Plateau      * Ginger                N   6,251,041/MT  +1.36%
2026-10-08 11:57:49.376 | INFO     | __main__:run_zonal_forecast:616 -   North Central    Plateau      * Soybeans              N     642,206/MT  -0.70%
2026-10-08 11:57:49.376 | INFO     | __main__:run_zonal_forecast:616 -   North Central    Plateau      * Beans (white)         N     457,622/MT  -5.06%
2026-10-08 11:57:49.376 | INFO     | __main__:run_zonal_forecast:616 -   North Central    Plateau      * Maize (white)         N     299,483/MT  -2.19%
2026-10-08 11:57:49.376 | INFO     | __main__:run_zonal_forecast:616 -   North Central    Plateau      * Wheat                 N     606,192/MT  -1.80%
2026-10-08 11:57:49.376 | INFO     | __main__:run_zonal_forecast:616 -   North Central    Kogi         * Cocoa                 N   5,085,490/MT  -3.46%
2026-10-08 11:57:49.377 | INFO     | __main__:run_zonal_forecast:616 -   North Central    Kogi         * Soybeans              N     673,155/MT  -0.70%
2026-10-08 11:57:49.377 | INFO     | __main__:run_zonal_forecast:616 -   North Central    Kogi         * Cashew Nuts           N   1,541,990/MT  +0.48%
2026-10-08 11:57:49.377 | INFO     | __main__:run_zonal_forecast:616 -   North Central    Kogi         * Sorghum               N     313,950/MT  +0.00%
2026-10-08 11:57:49.377 | INFO     | __main__:run_zonal_forecast:616 -   North Central    Kogi         * Beans (white)         N     467,792/MT  -5.06%
2026-10-08 11:57:49.377 | INFO     | __main__:run_zonal_forecast:616 -   North Central    Kogi         * Maize (white)         N     309,810/MT  -2.19%
2026-10-08 11:57:49.377 | INFO     | __main__:run_zonal_forecast:616 -   North East       Adamawa      * Sesame                N   1,155,592/MT  -1.38%
2026-10-08 11:57:49.377 | INFO     | __main__:run_zonal_forecast:616 -   North East       Adamawa      * Ginger                N   6,917,819/MT  +1.36%
2026-10-08 11:57:49.377 | INFO     | __main__:run_zonal_forecast:616 -   North East       Adamawa      * Soybeans              N     688,630/MT  -0.70%
2026-10-08 11:57:49.377 | INFO     | __main__:run_zonal_forecast:616 -   North East       Adamawa      * Sorghum               N     300,150/MT  +0.00%
2026-10-08 11:57:49.377 | INFO     | __main__:run_zonal_forecast:616 -   North East       Adamawa      * Beans (white)         N     467,792/MT  -5.06%
2026-10-08 11:57:49.377 | INFO     | __main__:run_zonal_forecast:616 -   North East       Adamawa      * Maize (white)         N     302,925/MT  -2.19%
2026-10-08 11:57:49.377 | INFO     | __main__:run_zonal_forecast:616 -   North East       Borno        * Sesame                N   1,195,903/MT  -1.38%
2026-10-08 11:57:49.377 | INFO     | __main__:run_zonal_forecast:616 -   North East       Borno        * Sorghum               N     317,400/MT  +0.00%
2026-10-08 11:57:49.377 | INFO     | __main__:run_zonal_forecast:616 -   North East       Borno        * Beans (white)         N     538,978/MT  -5.06%
2026-10-08 11:57:49.377 | INFO     | __main__:run_zonal_forecast:616 -   North East       Borno        * Maize (white)         N     371,772/MT  -2.19%
2026-10-08 11:57:49.377 | INFO     | __main__:run_zonal_forecast:616 -   North East       Borno        * Wheat                 N     746,082/MT  -1.80%
2026-10-08 11:57:49.377 | INFO     | __main__:run_zonal_forecast:616 -   South West       Oyo          * Hibiscus              N   2,510,396/MT  -2.18%
2026-10-08 11:57:49.377 | INFO     | __main__:run_zonal_forecast:616 -   South West       Oyo          * Cocoa                 N   5,143,280/MT  -3.46%
2026-10-08 11:57:49.377 | INFO     | __main__:run_zonal_forecast:616 -   South West       Oyo          * Soybeans              N     804,691/MT  -0.70%
2026-10-08 11:57:49.377 | INFO     | __main__:run_zonal_forecast:616 -   South West       Oyo          * Cashew Nuts           N   1,657,639/MT  +0.48%
2026-10-08 11:57:49.377 | INFO     | __main__:run_zonal_forecast:616 -   South West       Oyo          * Beans (white)         N     559,316/MT  -5.06%
2026-10-08 11:57:49.377 | INFO     | __main__:run_zonal_forecast:616 -   South West       Oyo          * Maize (white)         N     371,772/MT  -2.19%
2026-10-08 11:57:49.377 | INFO     | __main__:run_zonal_forecast:616 -   South West       Lagos        * Hibiscus              N   2,802,869/MT  -2.18%
2026-10-08 11:57:49.377 | INFO     | __main__:run_zonal_forecast:616 -   South West       Lagos        * Sesame                N   1,585,579/MT  -1.38%
2026-10-08 11:57:49.377 | INFO     | __main__:run_zonal_forecast:616 -   South West       Lagos        * Cocoa                 N   6,241,284/MT  -3.46%
2026-10-08 11:57:49.378 | INFO     | __main__:run_zonal_forecast:616 -   South West       Lagos        * Soybeans              N     943,965/MT  -0.70%
2026-10-08 11:57:49.378 | INFO     | __main__:run_zonal_forecast:616 -   South West       Lagos        * Beans (white)         N     650,841/MT  -5.06%
2026-10-08 11:57:49.378 | INFO     | __main__:run_zonal_forecast:616 -   South West       Lagos        * Beans (red)           N     785,630/MT  -4.05%
2026-10-08 11:57:49.378 | INFO     | __main__:run_zonal_forecast:616 -   South West       Lagos        * Maize (white)         N     447,503/MT  -2.19%
2026-10-08 11:57:49.378 | INFO     | __main__:run_zonal_forecast:616 -   South West       Lagos        * Maize (yellow)        N     485,270/MT  -2.10%
2026-10-08 11:57:49.378 | INFO     | __main__:run_zonal_forecast:616 -   South East       Anambra      * Cocoa                 N   6,067,915/MT  -3.46%
2026-10-08 11:57:49.378 | INFO     | __main__:run_zonal_forecast:616 -   South East       Anambra      * Cashew Nuts           N   2,120,236/MT  +0.48%
2026-10-08 11:57:49.378 | INFO     | __main__:run_zonal_forecast:616 -   South East       Anambra      * Beans (white)         N     599,994/MT  -5.06%
2026-10-08 11:57:49.378 | INFO     | __main__:run_zonal_forecast:616 -   South East       Anambra      * Beans (red)           N     722,780/MT  -4.05%
2026-10-08 11:57:49.378 | INFO     | __main__:run_zonal_forecast:616 -   South East       Anambra      * Maize (white)         N     413,080/MT  -2.19%
2026-10-08 11:57:49.378 | INFO     | __main__:run_zonal_forecast:616 -   South East       Imo          * Cocoa                 N   5,258,859/MT  -3.46%
2026-10-08 11:57:49.378 | INFO     | __main__:run_zonal_forecast:616 -   South East       Imo          * Cashew Nuts           N   2,043,137/MT  +0.48%
2026-10-08 11:57:49.378 | INFO     | __main__:run_zonal_forecast:616 -   South East       Imo          * Beans (white)         N     584,740/MT  -5.06%
2026-10-08 11:57:49.378 | INFO     | __main__:run_zonal_forecast:616 -   South East       Imo          * Maize (white)         N     402,753/MT  -2.19%
2026-10-08 11:57:49.378 | INFO     | __main__:run_zonal_forecast:616 -   South South      Rivers       * Hibiscus              N   2,729,751/MT  -2.18%
2026-10-08 11:57:49.378 | INFO     | __main__:run_zonal_forecast:616 -   South South      Rivers       * Sesame                N   1,585,579/MT  -1.38%
2026-10-08 11:57:49.378 | INFO     | __main__:run_zonal_forecast:616 -   South South      Rivers       * Cocoa                 N   6,067,915/MT  -3.46%
2026-10-08 11:57:49.378 | INFO     | __main__:run_zonal_forecast:616 -   South South      Rivers       * Beans (white)         N     620,333/MT  -5.06%
2026-10-08 11:57:49.378 | INFO     | __main__:run_zonal_forecast:616 -   South South      Rivers       * Beans (red)           N     754,205/MT  -4.05%
2026-10-08 11:57:49.378 | INFO     | __main__:run_zonal_forecast:616 -   South South      Rivers       * Maize (white)         N     430,291/MT  -2.19%
2026-10-08 11:57:49.378 | INFO     | __main__:run_zonal_forecast:616 -   South South      Delta        * Hibiscus              N   2,632,260/MT  -2.18%
2026-10-08 11:57:49.378 | INFO     | __main__:run_zonal_forecast:616 -   South South      Delta        * Sesame                N   1,558,705/MT  -1.38%
2026-10-08 11:57:49.378 | INFO     | __main__:run_zonal_forecast:616 -   South South      Delta        * Cocoa                 N   5,374,439/MT  -3.46%
2026-10-08 11:57:49.378 | INFO     | __main__:run_zonal_forecast:616 -   South South      Delta        * Soybeans              N     882,066/MT  -0.70%
2026-10-08 11:57:49.378 | INFO     | __main__:run_zonal_forecast:616 -   South South      Delta        * Beans (white)         N     594,909/MT  -5.06%
2026-10-08 11:57:49.379 | INFO     | __main__:run_zonal_forecast:616 -   South South      Delta        * Maize (white)         N     413,080/MT  -2.19%
2026-10-08 11:57:49.597 | SUCCESS  | __main__:run_zonal_forecast:630 -   Zonal JSON  -> /home/runner/work/Agrolinking-Intelligence/Agrolinking-Intelligence/outputs/forecasts/zonal/zonal_forecast_2026-10-08.json
2026-10-08 11:57:49.896 | WARNING  | __main__:write_zonal_to_postgres:451 -   [Postgres] Could not connect — skipping zonal dual-write this run: connection to server at "ji5ecism7r.m6f48luj98.tsdb.cloud.timescale.com" (54.164.255.139), port 38941 failed: fe_sendauth: no password supplied

2026-10-08 11:57:49.897 | SUCCESS  | __main__:run_zonal_forecast:638 -   Zonal alert -> /home/runner/work/Agrolinking-Intelligence/Agrolinking-Intelligence/outputs/daily_alerts/alert_zonal_2026-10-08.txt
2026-10-08 11:57:49.897 | INFO     | __main__:run_zonal_forecast:640 - 
2026-10-08 11:57:49.898 | INFO     | __main__:run_zonal_forecast:641 - =================================================================
2026-10-08 11:57:49.898 | INFO     | __main__:run_zonal_forecast:643 -   ================================================
2026-10-08 11:57:49.898 | INFO     | __main__:run_zonal_forecast:643 -   AGROLINKING ZONAL COMMODITY INTELLIGENCE
2026-10-08 11:57:49.898 | INFO     | __main__:run_zonal_forecast:643 -   Date: Thursday, 08 October 2026
2026-10-08 11:57:49.898 | INFO     | __main__:run_zonal_forecast:643 -   6 Zones | 12 States | 12 Commodities
2026-10-08 11:57:49.898 | INFO     | __main__:run_zonal_forecast:643 -   ================================================
2026-10-08 11:57:49.898 | INFO     | __main__:run_zonal_forecast:643 -   
2026-10-08 11:57:49.898 | INFO     | __main__:run_zonal_forecast:643 -   NORTH WEST (Kano & Kaduna)
2026-10-08 11:57:49.898 | INFO     | __main__:run_zonal_forecast:643 -   Nigeria's main grain belt. Highest Maize, Sorghum, Sesame, Wheat production.
2026-10-08 11:57:49.898 | INFO     | __main__:run_zonal_forecast:643 -   
2026-10-08 11:57:49.898 | INFO     | __main__:run_zonal_forecast:643 -     Commodity           Kano                Kaduna            
2026-10-08 11:57:49.898 | INFO     | __main__:run_zonal_forecast:643 -     ------------------------------------------------------------
2026-10-08 11:57:49.898 | INFO     | __main__:run_zonal_forecast:643 -     Hibiscus                N2.315M    (-2.18%)     N2.267M    (-2.18%) 
2026-10-08 11:57:49.898 | INFO     | __main__:run_zonal_forecast:643 -     Sesame                * N1.115M    (-1.38%)     N1.142M    (-1.38%) 
2026-10-08 11:57:49.898 | INFO     | __main__:run_zonal_forecast:643 -     Ginger                  N8.168M    (+1.36%)   * N6.001M    (+1.36%) 
2026-10-08 11:57:49.898 | INFO     | __main__:run_zonal_forecast:643 -     Cocoa                   N5.895M    (-3.46%)     N6.068M    (-3.46%) 
2026-10-08 11:57:49.898 | INFO     | __main__:run_zonal_forecast:643 -     Soybeans                N696K      (-0.70%)   * N650K      (-0.70%) 
2026-10-08 11:57:49.898 | INFO     | __main__:run_zonal_forecast:643 -     Cashew Nuts             N1.927M    (+0.48%)     N1.966M    (+0.48%) 
2026-10-08 11:57:49.898 | INFO     | __main__:run_zonal_forecast:643 -     Sorghum               * N269K                 * N276K               
2026-10-08 11:57:49.898 | INFO     | __main__:run_zonal_forecast:643 -     Beans (white)         * N442K      (-5.06%)     N447K      (-5.06%) 
2026-10-08 11:57:49.898 | INFO     | __main__:run_zonal_forecast:643 -     Beans (red)             N566K      (-4.05%)     N572K      (-4.05%) 
2026-10-08 11:57:49.898 | INFO     | __main__:run_zonal_forecast:643 -     Maize (white)         * N275K      (-2.19%)   * N279K      (-2.19%) 
2026-10-08 11:57:49.898 | INFO     | __main__:run_zonal_forecast:643 -     Maize (yellow)        * N299K      (-2.10%)   * N302K      (-2.10%) 
2026-10-08 11:57:49.898 | INFO     | __main__:run_zonal_forecast:643 -     Wheat                 * N593K      (-1.80%)   * N580K      (-1.80%) 
2026-10-08 11:57:49.898 | INFO     | __main__:run_zonal_forecast:643 -     Rice                    N1.332M    (-1.81%)     N1.304M    (-1.81%) 
2026-10-08 11:57:49.899 | INFO     | __main__:run_zonal_forecast:643 -     Meat (beef)             N5.879M    (+1.05%)     N5.879M    (+1.05%) 
2026-10-08 11:57:49.899 | INFO     | __main__:run_zonal_forecast:643 -     Meat (goat)             N5.811M    (+0.35%)     N5.811M    (+0.35%) 
2026-10-08 11:57:49.899 | INFO     | __main__:run_zonal_forecast:643 -     Fish (dried)            N922K      (-3.81%)     N922K      (-3.81%) 
2026-10-08 11:57:49.899 | INFO     | __main__:run_zonal_forecast:643 -     Eggs                    N5K        (-1.02%)     N5K        (-1.02%) 
2026-10-08 11:57:49.899 | INFO     | __main__:run_zonal_forecast:643 -   
2026-10-08 11:57:49.899 | INFO     | __main__:run_zonal_forecast:643 -   NORTH CENTRAL (Plateau & Kogi)
2026-10-08 11:57:49.899 | INFO     | __main__:run_zonal_forecast:643 -   Middle Belt. Ginger heartland (Plateau), Cashew/Cocoa belt (Kogi).
2026-10-08 11:57:49.899 | INFO     | __main__:run_zonal_forecast:643 -   
2026-10-08 11:57:49.899 | INFO     | __main__:run_zonal_forecast:643 -     Commodity           Plateau             Kogi              
2026-10-08 11:57:49.899 | INFO     | __main__:run_zonal_forecast:643 -     ------------------------------------------------------------
2026-10-08 11:57:49.899 | INFO     | __main__:run_zonal_forecast:643 -     Hibiscus                N2.364M    (-2.18%)     N2.340M    (-2.18%) 
2026-10-08 11:57:49.899 | INFO     | __main__:run_zonal_forecast:643 -     Sesame                  N1.290M    (-1.38%)     N1.303M    (-1.38%) 
2026-10-08 11:57:49.899 | INFO     | __main__:run_zonal_forecast:643 -     Ginger                * N6.251M    (+1.36%)     N7.835M    (+1.36%) 
2026-10-08 11:57:49.899 | INFO     | __main__:run_zonal_forecast:643 -     Cocoa                   N6.241M    (-3.46%)   * N5.085M    (-3.46%) 
2026-10-08 11:57:49.899 | INFO     | __main__:run_zonal_forecast:643 -     Soybeans              * N642K      (-0.70%)   * N673K      (-0.70%) 
2026-10-08 11:57:49.899 | INFO     | __main__:run_zonal_forecast:643 -     Cashew Nuts             N2.024M    (+0.48%)   * N1.542M    (+0.48%) 
2026-10-08 11:57:49.899 | INFO     | __main__:run_zonal_forecast:643 -     Sorghum                 N317K                 * N314K               
2026-10-08 11:57:49.899 | INFO     | __main__:run_zonal_forecast:643 -     Beans (white)         * N458K      (-5.06%)   * N468K      (-5.06%) 
2026-10-08 11:57:49.899 | INFO     | __main__:run_zonal_forecast:643 -     Beans (red)             N597K      (-4.05%)     N591K      (-4.05%) 
2026-10-08 11:57:49.899 | INFO     | __main__:run_zonal_forecast:643 -     Maize (white)         * N299K      (-2.19%)   * N310K      (-2.19%) 
2026-10-08 11:57:49.899 | INFO     | __main__:run_zonal_forecast:643 -     Maize (yellow)          N328K      (-2.10%)     N340K      (-2.10%) 
2026-10-08 11:57:49.899 | INFO     | __main__:run_zonal_forecast:643 -     Wheat                 * N606K      (-1.80%)     N646K      (-1.80%) 
2026-10-08 11:57:49.899 | INFO     | __main__:run_zonal_forecast:643 -     Rice                    N1.262M    (-1.81%)     N1.360M    (-1.81%) 
2026-10-08 11:57:49.900 | INFO     | __main__:run_zonal_forecast:643 -     Meat (beef)             N6.419M    (+1.05%)     N6.419M    (+1.05%) 
2026-10-08 11:57:49.900 | INFO     | __main__:run_zonal_forecast:643 -     Meat (goat)             N6.345M    (+0.35%)     N6.345M    (+0.35%) 
2026-10-08 11:57:49.900 | INFO     | __main__:run_zonal_forecast:643 -     Fish (dried)            N1.007M    (-3.81%)     N1.007M    (-3.81%) 
2026-10-08 11:57:49.900 | INFO     | __main__:run_zonal_forecast:643 -     Eggs                    N6K        (-1.02%)     N6K        (-1.02%) 
2026-10-08 11:57:49.900 | INFO     | __main__:run_zonal_forecast:643 -   
2026-10-08 11:57:49.900 | INFO     | __main__:run_zonal_forecast:643 -   NORTH EAST (Adamawa & Borno)
2026-10-08 11:57:49.900 | INFO     | __main__:run_zonal_forecast:643 -   Semi-arid. Sorghum, Maize. Conflict premium on imports in Borno.
2026-10-08 11:57:49.900 | INFO     | __main__:run_zonal_forecast:643 -   
2026-10-08 11:57:49.900 | INFO     | __main__:run_zonal_forecast:643 -     Commodity           Adamawa             Borno             
2026-10-08 11:57:49.900 | INFO     | __main__:run_zonal_forecast:643 -     ------------------------------------------------------------
2026-10-08 11:57:49.900 | INFO     | __main__:run_zonal_forecast:643 -     Hibiscus                N2.389M    (-2.18%)     N2.559M    (-2.18%) 
2026-10-08 11:57:49.900 | INFO     | __main__:run_zonal_forecast:643 -     Sesame                * N1.156M    (-1.38%)   * N1.196M    (-1.38%) 
2026-10-08 11:57:49.900 | INFO     | __main__:run_zonal_forecast:643 -     Ginger                * N6.918M    (+1.36%)     N9.585M    (+1.36%) 
2026-10-08 11:57:49.900 | INFO     | __main__:run_zonal_forecast:643 -     Cocoa                   N6.068M    (-3.46%)     N6.819M    (-3.46%) 
2026-10-08 11:57:49.900 | INFO     | __main__:run_zonal_forecast:643 -     Soybeans              * N689K      (-0.70%)     N836K      (-0.70%) 
2026-10-08 11:57:49.900 | INFO     | __main__:run_zonal_forecast:643 -     Cashew Nuts             N2.005M    (+0.48%)     N2.217M    (+0.48%) 
2026-10-08 11:57:49.900 | INFO     | __main__:run_zonal_forecast:643 -     Sorghum               * N300K                 * N317K               
2026-10-08 11:57:49.900 | INFO     | __main__:run_zonal_forecast:643 -     Beans (white)         * N468K      (-5.06%)   * N539K      (-5.06%) 
2026-10-08 11:57:49.900 | INFO     | __main__:run_zonal_forecast:643 -     Beans (red)             N597K      (-4.05%)     N691K      (-4.05%) 
2026-10-08 11:57:49.900 | INFO     | __main__:run_zonal_forecast:643 -     Maize (white)         * N303K      (-2.19%)   * N372K      (-2.19%) 
2026-10-08 11:57:49.900 | INFO     | __main__:run_zonal_forecast:643 -     Maize (yellow)          N332K      (-2.10%)     N403K      (-2.10%) 
2026-10-08 11:57:49.900 | INFO     | __main__:run_zonal_forecast:643 -     Wheat                   N653K      (-1.80%)   * N746K      (-1.80%) 
2026-10-08 11:57:49.900 | INFO     | __main__:run_zonal_forecast:643 -     Rice                    N1.430M    (-1.81%)     N1.542M    (-1.81%) 
2026-10-08 11:57:49.900 | INFO     | __main__:run_zonal_forecast:643 -     Meat (beef)             N6.892M    (+1.05%)     N6.892M    (+1.05%) 
2026-10-08 11:57:49.900 | INFO     | __main__:run_zonal_forecast:643 -     Meat (goat)             N6.813M    (+0.35%)     N6.813M    (+0.35%) 
2026-10-08 11:57:49.901 | INFO     | __main__:run_zonal_forecast:643 -     Fish (dried)            N1.081M    (-3.81%)     N1.081M    (-3.81%) 
2026-10-08 11:57:49.901 | INFO     | __main__:run_zonal_forecast:643 -     Eggs                    N6K        (-1.02%)     N6K        (-1.02%) 
2026-10-08 11:57:49.901 | INFO     | __main__:run_zonal_forecast:643 -   
2026-10-08 11:57:49.901 | INFO     | __main__:run_zonal_forecast:643 -   SOUTH WEST (Oyo & Lagos)
2026-10-08 11:57:49.901 | INFO     | __main__:run_zonal_forecast:643 -   Commercial capital. Lagos is the price-setter for consumer markets.
2026-10-08 11:57:49.901 | INFO     | __main__:run_zonal_forecast:643 -   
2026-10-08 11:57:49.901 | INFO     | __main__:run_zonal_forecast:643 -     Commodity           Oyo                 Lagos             
2026-10-08 11:57:49.901 | INFO     | __main__:run_zonal_forecast:643 -     ------------------------------------------------------------
2026-10-08 11:57:49.901 | INFO     | __main__:run_zonal_forecast:643 -     Hibiscus              * N2.510M    (-2.18%)   * N2.803M    (-2.18%) 
2026-10-08 11:57:49.901 | INFO     | __main__:run_zonal_forecast:643 -     Sesame                  N1.424M    (-1.38%)   * N1.586M    (-1.38%) 
2026-10-08 11:57:49.901 | INFO     | __main__:run_zonal_forecast:643 -     Ginger                  N9.001M    (+1.36%)     N10.002M   (+1.36%) 
2026-10-08 11:57:49.901 | INFO     | __main__:run_zonal_forecast:643 -     Cocoa                 * N5.143M    (-3.46%)   * N6.241M    (-3.46%) 
2026-10-08 11:57:49.901 | INFO     | __main__:run_zonal_forecast:643 -     Soybeans              * N805K      (-0.70%)   * N944K      (-0.70%) 
2026-10-08 11:57:49.901 | INFO     | __main__:run_zonal_forecast:643 -     Cashew Nuts           * N1.658M    (+0.48%)     N2.120M    (+0.48%) 
2026-10-08 11:57:49.901 | INFO     | __main__:run_zonal_forecast:643 -     Sorghum                 N362K                   N407K               
2026-10-08 11:57:49.901 | INFO     | __main__:run_zonal_forecast:643 -     Beans (white)         * N559K      (-5.06%)   * N651K      (-5.06%) 
2026-10-08 11:57:49.901 | INFO     | __main__:run_zonal_forecast:643 -     Beans (red)             N704K      (-4.05%)   * N786K      (-4.05%) 
2026-10-08 11:57:49.901 | INFO     | __main__:run_zonal_forecast:643 -     Maize (white)         * N372K      (-2.19%)   * N448K      (-2.19%) 
2026-10-08 11:57:49.901 | INFO     | __main__:run_zonal_forecast:643 -     Maize (yellow)          N403K      (-2.10%)   * N485K      (-2.10%) 
2026-10-08 11:57:49.901 | INFO     | __main__:run_zonal_forecast:643 -     Wheat                   N733K      (-1.80%)     N766K      (-1.80%) 
2026-10-08 11:57:49.901 | INFO     | __main__:run_zonal_forecast:643 -     Rice                    N1.514M    (-1.81%)     N1.654M    (-1.81%) 
2026-10-08 11:57:49.901 | INFO     | __main__:run_zonal_forecast:643 -     Meat (beef)             N7.838M    (+1.05%)     N7.838M    (+1.05%) 
2026-10-08 11:57:49.901 | INFO     | __main__:run_zonal_forecast:643 -     Meat (goat)             N7.748M    (+0.35%)     N7.748M    (+0.35%) 
2026-10-08 11:57:49.902 | INFO     | __main__:run_zonal_forecast:643 -     Fish (dried)            N1.229M    (-3.81%)     N1.229M    (-3.81%) 
2026-10-08 11:57:49.902 | INFO     | __main__:run_zonal_forecast:643 -     Eggs                    N7K        (-1.02%)     N7K        (-1.02%) 
2026-10-08 11:57:49.902 | INFO     | __main__:run_zonal_forecast:643 -   
2026-10-08 11:57:49.902 | INFO     | __main__:run_zonal_forecast:643 -   SOUTH EAST (Anambra & Imo)
2026-10-08 11:57:49.902 | INFO     | __main__:run_zonal_forecast:643 -   High consumption, low production of traded commodities. Import-dependent.
2026-10-08 11:57:49.902 | INFO     | __main__:run_zonal_forecast:643 -   
2026-10-08 11:57:49.902 | INFO     | __main__:run_zonal_forecast:643 -     Commodity           Anambra             Imo               
2026-10-08 11:57:49.902 | INFO     | __main__:run_zonal_forecast:643 -     ------------------------------------------------------------
2026-10-08 11:57:49.902 | INFO     | __main__:run_zonal_forecast:643 -     Hibiscus                N2.730M    (-2.18%)     N2.681M    (-2.18%) 
2026-10-08 11:57:49.902 | INFO     | __main__:run_zonal_forecast:643 -     Sesame                  N1.559M    (-1.38%)     N1.532M    (-1.38%) 
2026-10-08 11:57:49.902 | INFO     | __main__:run_zonal_forecast:643 -     Ginger                  N9.585M    (+1.36%)     N9.335M    (+1.36%) 
2026-10-08 11:57:49.902 | INFO     | __main__:run_zonal_forecast:643 -     Cocoa                 * N6.068M    (-3.46%)   * N5.259M    (-3.46%) 
2026-10-08 11:57:49.902 | INFO     | __main__:run_zonal_forecast:643 -     Soybeans                N882K      (-0.70%)     N867K      (-0.70%) 
2026-10-08 11:57:49.902 | INFO     | __main__:run_zonal_forecast:643 -     Cashew Nuts           * N2.120M    (+0.48%)   * N2.043M    (+0.48%) 
2026-10-08 11:57:49.902 | INFO     | __main__:run_zonal_forecast:643 -     Sorghum                 N393K                   N386K               
2026-10-08 11:57:49.902 | INFO     | __main__:run_zonal_forecast:643 -     Beans (white)         * N600K      (-5.06%)   * N585K      (-5.06%) 
2026-10-08 11:57:49.902 | INFO     | __main__:run_zonal_forecast:643 -     Beans (red)           * N723K      (-4.05%)     N710K      (-4.05%) 
2026-10-08 11:57:49.902 | INFO     | __main__:run_zonal_forecast:643 -     Maize (white)         * N413K      (-2.19%)   * N403K      (-2.19%) 
2026-10-08 11:57:49.902 | INFO     | __main__:run_zonal_forecast:643 -     Maize (yellow)          N448K      (-2.10%)     N437K      (-2.10%) 
2026-10-08 11:57:49.902 | INFO     | __main__:run_zonal_forecast:643 -     Wheat                   N786K      (-1.80%)     N773K      (-1.80%) 
2026-10-08 11:57:49.902 | INFO     | __main__:run_zonal_forecast:643 -     Rice                    N1.570M    (-1.81%)     N1.542M    (-1.81%) 
2026-10-08 11:57:49.902 | INFO     | __main__:run_zonal_forecast:643 -     Meat (beef)             N7.635M    (+1.05%)     N7.635M    (+1.05%) 
2026-10-08 11:57:49.903 | INFO     | __main__:run_zonal_forecast:643 -     Meat (goat)             N7.548M    (+0.35%)     N7.548M    (+0.35%) 
2026-10-08 11:57:49.903 | INFO     | __main__:run_zonal_forecast:643 -     Fish (dried)            N1.198M    (-3.81%)     N1.198M    (-3.81%) 
2026-10-08 11:57:49.903 | INFO     | __main__:run_zonal_forecast:643 -     Eggs                    N7K        (-1.02%)     N7K        (-1.02%) 
2026-10-08 11:57:49.903 | INFO     | __main__:run_zonal_forecast:643 -   
2026-10-08 11:57:49.903 | INFO     | __main__:run_zonal_forecast:643 -   SOUTH SOUTH (Rivers & Delta)
2026-10-08 11:57:49.903 | INFO     | __main__:run_zonal_forecast:643 -   Oil belt. High purchasing power. Cocoa producer (Delta).
2026-10-08 11:57:49.903 | INFO     | __main__:run_zonal_forecast:643 -   
2026-10-08 11:57:49.903 | INFO     | __main__:run_zonal_forecast:643 -     Commodity           Rivers              Delta             
2026-10-08 11:57:49.903 | INFO     | __main__:run_zonal_forecast:643 -     ------------------------------------------------------------
2026-10-08 11:57:49.903 | INFO     | __main__:run_zonal_forecast:643 -     Hibiscus              * N2.730M    (-2.18%)   * N2.632M    (-2.18%) 
2026-10-08 11:57:49.903 | INFO     | __main__:run_zonal_forecast:643 -     Sesame                * N1.586M    (-1.38%)   * N1.559M    (-1.38%) 
2026-10-08 11:57:49.903 | INFO     | __main__:run_zonal_forecast:643 -     Ginger                  N10.002M   (+1.36%)     N9.585M    (+1.36%) 
2026-10-08 11:57:49.903 | INFO     | __main__:run_zonal_forecast:643 -     Cocoa                 * N6.068M    (-3.46%)   * N5.374M    (-3.46%) 
2026-10-08 11:57:49.903 | INFO     | __main__:run_zonal_forecast:643 -     Soybeans                N913K      (-0.70%)   * N882K      (-0.70%) 
2026-10-08 11:57:49.903 | INFO     | __main__:run_zonal_forecast:643 -     Cashew Nuts             N2.217M    (+0.48%)     N2.120M    (+0.48%) 
2026-10-08 11:57:49.903 | INFO     | __main__:run_zonal_forecast:643 -     Sorghum                 N414K                   N407K               
2026-10-08 11:57:49.903 | INFO     | __main__:run_zonal_forecast:643 -     Beans (white)         * N620K      (-5.06%)   * N595K      (-5.06%) 
2026-10-08 11:57:49.903 | INFO     | __main__:run_zonal_forecast:643 -     Beans (red)           * N754K      (-4.05%)     N723K      (-4.05%) 
2026-10-08 11:57:49.903 | INFO     | __main__:run_zonal_forecast:643 -     Maize (white)         * N430K      (-2.19%)   * N413K      (-2.19%) 
2026-10-08 11:57:49.903 | INFO     | __main__:run_zonal_forecast:643 -     Maize (yellow)          N467K      (-2.10%)     N448K      (-2.10%) 
2026-10-08 11:57:49.903 | INFO     | __main__:run_zonal_forecast:643 -     Wheat                   N813K      (-1.80%)     N799K      (-1.80%) 
2026-10-08 11:57:49.903 | INFO     | __main__:run_zonal_forecast:643 -     Rice                    N1.612M    (-1.81%)     N1.570M    (-1.81%) 
2026-10-08 11:57:49.904 | INFO     | __main__:run_zonal_forecast:643 -     Meat (beef)             N7.703M    (+1.05%)     N7.703M    (+1.05%) 
2026-10-08 11:57:49.904 | INFO     | __main__:run_zonal_forecast:643 -     Meat (goat)             N7.614M    (+0.35%)     N7.614M    (+0.35%) 
2026-10-08 11:57:49.904 | INFO     | __main__:run_zonal_forecast:643 -     Fish (dried)            N1.208M    (-3.81%)     N1.208M    (-3.81%) 
2026-10-08 11:57:49.904 | INFO     | __main__:run_zonal_forecast:643 -     Eggs                    N7K        (-1.02%)     N7K        (-1.02%) 
2026-10-08 11:57:49.904 | INFO     | __main__:run_zonal_forecast:643 -   
2026-10-08 11:57:49.904 | INFO     | __main__:run_zonal_forecast:643 -   ==========================================================
2026-10-08 11:57:49.904 | INFO     | __main__:run_zonal_forecast:643 -   * = primary commodity  (+/-%) = day-on-day change
2026-10-08 11:57:49.904 | INFO     | __main__:run_zonal_forecast:643 -   
2026-10-08 11:57:49.904 | INFO     | __main__:run_zonal_forecast:643 -   NATIONAL PRICE CHANGES TODAY:
2026-10-08 11:57:49.904 | INFO     | __main__:run_zonal_forecast:643 -     Commodity                   Price   Day Chg    vs Ref
2026-10-08 11:57:49.904 | INFO     | __main__:run_zonal_forecast:643 -     ------------------------------------------------------
2026-10-08 11:57:49.904 | INFO     | __main__:run_zonal_forecast:643 -     Hibiscus                  N2.437M    -2.18%    +4.83%
2026-10-08 11:57:49.904 | INFO     | __main__:run_zonal_forecast:643 -     Sesame                    N1.344M    -1.38%   -18.56%
2026-10-08 11:57:49.904 | INFO     | __main__:run_zonal_forecast:643 -     Ginger                    N8.335M    +1.36%   -30.54%
2026-10-08 11:57:49.904 | INFO     | __main__:run_zonal_forecast:643 -     Cocoa                     N5.779M    -3.46%    +2.28%
2026-10-08 11:57:49.904 | INFO     | __main__:run_zonal_forecast:643 -     Soybeans                    N774K    -0.70%    +3.86%
2026-10-08 11:57:49.904 | INFO     | __main__:run_zonal_forecast:643 -     Cashew Nuts               N1.927M    +0.48%    -1.15%
2026-10-08 11:57:49.904 | INFO     | __main__:run_zonal_forecast:643 -     Sorghum                     N345K    +0.00%   -17.86%
2026-10-08 11:57:49.904 | INFO     | __main__:run_zonal_forecast:643 -     Beans (white)               N508K    -5.06%   -37.46%
2026-10-08 11:57:49.904 | INFO     | __main__:run_zonal_forecast:643 -     Beans (red)                 N629K    -4.05%   -31.31%
2026-10-08 11:57:49.904 | INFO     | __main__:run_zonal_forecast:643 -     Maize (white)               N344K    -2.19%    -6.96%
2026-10-08 11:57:49.904 | INFO     | __main__:run_zonal_forecast:643 -     Maize (yellow)              N373K    -2.10%    -6.68%
2026-10-08 11:57:49.905 | INFO     | __main__:run_zonal_forecast:643 -     Wheat                       N666K    -1.80%    -5.76%
2026-10-08 11:57:49.905 | INFO     | __main__:run_zonal_forecast:643 -     Rice                      N1.402M    -1.81%    -9.56%
2026-10-08 11:57:49.905 | INFO     | __main__:run_zonal_forecast:643 -     Meat (beef)               N6.757M    +1.05%    +3.95%
2026-10-08 11:57:49.905 | INFO     | __main__:run_zonal_forecast:643 -     Meat (goat)               N6.679M    +0.35%    +2.76%
2026-10-08 11:57:49.905 | INFO     | __main__:run_zonal_forecast:643 -     Fish (dried)              N1.060M    -3.81%   -11.67%
2026-10-08 11:57:49.905 | INFO     | __main__:run_zonal_forecast:643 -     Eggs                          N6K    -1.02%    -3.61%
2026-10-08 11:57:49.905 | INFO     | __main__:run_zonal_forecast:643 -   
2026-10-08 11:57:49.905 | INFO     | __main__:run_zonal_forecast:643 -   BEST SOURCING NATIONALLY:
2026-10-08 11:57:49.905 | INFO     | __main__:run_zonal_forecast:643 -     Commodity              Best State           Price  Spread
2026-10-08 11:57:49.905 | INFO     | __main__:run_zonal_forecast:643 -     ------------------------------------------------------------
2026-10-08 11:57:49.905 | INFO     | __main__:run_zonal_forecast:643 -     Hibiscus               Kaduna             N2.267M  24% vs Lagos
2026-10-08 11:57:49.905 | INFO     | __main__:run_zonal_forecast:643 -     Sesame                 Kano               N1.115M  42% vs Lagos
2026-10-08 11:57:49.905 | INFO     | __main__:run_zonal_forecast:643 -     Ginger                 Kaduna             N6.001M  67% vs Lagos
2026-10-08 11:57:49.905 | INFO     | __main__:run_zonal_forecast:643 -     Cocoa                  Kogi               N5.085M  34% vs Borno
2026-10-08 11:57:49.905 | INFO     | __main__:run_zonal_forecast:643 -     Soybeans               Plateau              N642K  47% vs Lagos
2026-10-08 11:57:49.905 | INFO     | __main__:run_zonal_forecast:643 -     Cashew Nuts            Kogi               N1.542M  44% vs Borno
2026-10-08 11:57:49.905 | INFO     | __main__:run_zonal_forecast:643 -     Sorghum                Kano                 N269K  54% vs Rivers
2026-10-08 11:57:49.905 | INFO     | __main__:run_zonal_forecast:643 -     Beans (white)          Kano                 N442K  47% vs Lagos
2026-10-08 11:57:49.905 | INFO     | __main__:run_zonal_forecast:643 -     Beans (red)            Kano                 N566K  39% vs Lagos
2026-10-08 11:57:49.905 | INFO     | __main__:run_zonal_forecast:643 -     Maize (white)          Kano                 N275K  62% vs Lagos
2026-10-08 11:57:49.905 | INFO     | __main__:run_zonal_forecast:643 -     Maize (yellow)         Kano                 N299K  62% vs Lagos
2026-10-08 11:57:49.905 | INFO     | __main__:run_zonal_forecast:643 -     Wheat                  Kaduna               N580K  40% vs Rivers
2026-10-08 11:57:49.905 | INFO     | __main__:run_zonal_forecast:643 -     Rice                   Plateau            N1.262M  31% vs Lagos
2026-10-08 11:57:49.906 | INFO     | __main__:run_zonal_forecast:643 -     Meat (beef)            Kano               N5.879M  33% vs Oyo
2026-10-08 11:57:49.906 | INFO     | __main__:run_zonal_forecast:643 -     Meat (goat)            Kano               N5.811M  33% vs Oyo
2026-10-08 11:57:49.906 | INFO     | __main__:run_zonal_forecast:643 -     Fish (dried)           Kano                 N922K  33% vs Oyo
2026-10-08 11:57:49.906 | INFO     | __main__:run_zonal_forecast:643 -     Eggs                   Kano                   N5K  33% vs Oyo
2026-10-08 11:57:49.906 | INFO     | __main__:run_zonal_forecast:643 -   
2026-10-08 11:57:49.906 | INFO     | __main__:run_zonal_forecast:643 -   ==========================================================
2026-10-08 11:57:49.906 | INFO     | __main__:run_zonal_forecast:643 -   Source: Agrolinking Intelligence Platform
2026-10-08 11:57:49.906 | INFO     | __main__:run_zonal_forecast:643 -   Next update: 09 Oct 2026
2026-10-08 11:57:49.906 | INFO     | __main__:run_zonal_forecast:644 - =================================================================
2026-10-08 11:57:49.906 | SUCCESS  | __main__:run_zonal_forecast:645 - ZONAL FORECASTING COMPLETE — 6 zones | 12 states | 17 commodities
2026-10-08 14:24:23.372 | INFO     | __main__:run_zonal_forecast:587 - =================================================================
2026-10-08 14:24:23.373 | INFO     | __main__:run_zonal_forecast:588 - STEP 7 — ZONAL & STATE-LEVEL FORECASTING
2026-10-08 14:24:23.373 | INFO     | __main__:run_zonal_forecast:589 -   Date  : Thursday, 08 October 2026  14:24
2026-10-08 14:24:23.373 | INFO     | __main__:run_zonal_forecast:590 -   Anchor: DAILY INTERPOLATED (from last_known_date, drifts daily)
2026-10-08 14:24:23.373 | INFO     | __main__:run_zonal_forecast:591 - =================================================================
2026-10-08 14:24:23.390 | INFO     | __main__:run_zonal_forecast:594 -   Source: forecast_validated_2026-10-08.json
2026-10-08 14:24:23.390 | INFO     | __main__:run_zonal_forecast:601 -   Maize (white): last_known=2026-10-05, days_elapsed=3
2026-10-08 14:24:23.390 | INFO     | __main__:run_zonal_forecast:601 -   Hibiscus: last_known=2026-10-05, days_elapsed=3
2026-10-08 14:24:23.390 | INFO     | __main__:run_zonal_forecast:601 -   Sesame: last_known=2026-10-05, days_elapsed=3
2026-10-08 14:24:23.390 | INFO     | __main__:build_zonal_output:257 - 
2026-10-08 14:24:23.391 | INFO     | __main__:build_zonal_output:258 -   NATIONAL ANCHORS (interpolated from last_known_date to today):
2026-10-08 14:24:23.391 | INFO     | __main__:build_zonal_output:259 -   Commodity                 Today Price   Day Chg    vs Ref  Source
2026-10-08 14:24:23.391 | INFO     | __main__:build_zonal_output:260 -   --------------------------------------------------------------------------------
2026-10-08 14:24:23.391 | INFO     | __main__:build_zonal_output:289 -   Hibiscus               N   2,437,277    -2.18%   +4.83%  daily_series d3 (-6.26% vs ref)
2026-10-08 14:24:23.391 | INFO     | __main__:build_zonal_output:289 -   Sesame                 N   1,343,689    -1.38%  -18.56%  daily_series d3 (-4.02% vs ref)
2026-10-08 14:24:23.391 | INFO     | __main__:build_zonal_output:289 -   Ginger                 N   8,334,721    +1.36%  -30.54%  daily_series d3 (+4.18% vs ref)
2026-10-08 14:24:23.391 | INFO     | __main__:build_zonal_output:289 -   Cocoa                  N   5,778,966    -3.46%   +2.28%  daily_series d3 (-9.70% vs ref)
2026-10-08 14:24:23.391 | INFO     | __main__:build_zonal_output:289 -   Soybeans               N     773,742    -0.70%   +3.86%  daily_series d3 (-2.06% vs ref)
2026-10-08 14:24:23.391 | INFO     | __main__:build_zonal_output:289 -   Cashew Nuts            N   1,927,488    +0.48%   -1.15%  daily_series d3 (+1.45% vs ref)
2026-10-08 14:24:23.391 | INFO     | __main__:build_zonal_output:289 -   Sorghum                N     345,000    +0.00%  -17.86%  daily_series d3 (+0.00% vs ref)
2026-10-08 14:24:23.391 | INFO     | __main__:build_zonal_output:289 -   Beans (white)          N     508,469    -5.06%  -37.46%  daily_series d3 (-13.78% vs ref)
2026-10-08 14:24:23.391 | INFO     | __main__:build_zonal_output:289 -   Beans (red)            N     628,504    -4.05%  -31.31%  daily_series d3 (-11.25% vs ref)
2026-10-08 14:24:23.391 | INFO     | __main__:build_zonal_output:289 -   Maize (white)          N     344,253    -2.19%   -6.96%  daily_series d3 (-6.31% vs ref)
2026-10-08 14:24:23.391 | INFO     | __main__:build_zonal_output:289 -   Maize (yellow)         N     373,306    -2.10%   -6.67%  daily_series d3 (-6.05% vs ref)
2026-10-08 14:24:23.391 | INFO     | __main__:build_zonal_output:289 -   Wheat                  N     666,177    -1.80%   -5.75%  daily_series d3 (-5.21% vs ref)
2026-10-08 14:24:23.391 | INFO     | __main__:build_zonal_output:289 -   Rice                   N   1,401,885    -1.81%   -9.56%  daily_series d3 (-5.25% vs ref)
2026-10-08 14:24:23.391 | INFO     | __main__:build_zonal_output:289 -   Meat (beef)            N   6,829,173    +1.05%   +5.06%  daily_series d3 (+3.21% vs ref)
2026-10-08 14:24:23.391 | INFO     | __main__:build_zonal_output:289 -   Meat (goat)            N   6,603,793    +0.35%   +1.60%  daily_series d3 (+1.06% vs ref)
2026-10-08 14:24:23.392 | INFO     | __main__:build_zonal_output:289 -   Fish (dried)           N   1,059,885    -3.81%  -11.68%  daily_series d3 (-10.63% vs ref)
2026-10-08 14:24:23.392 | INFO     | __main__:build_zonal_output:289 -   Eggs                   N       5,916    -1.02%   -4.58%  daily_series d3 (-3.00% vs ref)
2026-10-08 14:24:23.392 | INFO     | __main__:build_zonal_output:292 - 
2026-10-08 14:24:23.447 | INFO     | __main__:run_zonal_forecast:607 - 
2026-10-08 14:24:23.447 | INFO     | __main__:run_zonal_forecast:608 -   Zone             State        Commodity                 State Price  Day Chg
2026-10-08 14:24:23.447 | INFO     | __main__:run_zonal_forecast:609 -   ------------------------------------------------------------------------
2026-10-08 14:24:23.447 | INFO     | __main__:run_zonal_forecast:616 -   North West       Kano         * Sesame                N   1,115,262/MT  -1.38%
2026-10-08 14:24:23.447 | INFO     | __main__:run_zonal_forecast:616 -   North West       Kano         * Sorghum               N     269,100/MT  +0.00%
2026-10-08 14:24:23.447 | INFO     | __main__:run_zonal_forecast:616 -   North West       Kano         * Beans (white)         N     442,368/MT  -5.06%
2026-10-08 14:24:23.447 | INFO     | __main__:run_zonal_forecast:616 -   North West       Kano         * Maize (white)         N     275,402/MT  -2.19%
2026-10-08 14:24:23.447 | INFO     | __main__:run_zonal_forecast:616 -   North West       Kano         * Maize (yellow)        N     298,644/MT  -2.10%
2026-10-08 14:24:23.447 | INFO     | __main__:run_zonal_forecast:616 -   North West       Kano         * Wheat                 N     592,898/MT  -1.80%
2026-10-08 14:24:23.447 | INFO     | __main__:run_zonal_forecast:616 -   North West       Kaduna       * Ginger                N   6,000,999/MT  +1.36%
2026-10-08 14:24:23.447 | INFO     | __main__:run_zonal_forecast:616 -   North West       Kaduna       * Soybeans              N     649,943/MT  -0.70%
2026-10-08 14:24:23.447 | INFO     | __main__:run_zonal_forecast:616 -   North West       Kaduna       * Sorghum               N     276,000/MT  +0.00%
2026-10-08 14:24:23.447 | INFO     | __main__:run_zonal_forecast:616 -   North West       Kaduna       * Maize (white)         N     278,845/MT  -2.19%
2026-10-08 14:24:23.447 | INFO     | __main__:run_zonal_forecast:616 -   North West       Kaduna       * Maize (yellow)        N     302,378/MT  -2.10%
2026-10-08 14:24:23.448 | INFO     | __main__:run_zonal_forecast:616 -   North West       Kaduna       * Wheat                 N     579,574/MT  -1.80%
2026-10-08 14:24:23.448 | INFO     | __main__:run_zonal_forecast:616 -   North Central    Plateau      * Ginger                N   6,251,041/MT  +1.36%
2026-10-08 14:24:23.448 | INFO     | __main__:run_zonal_forecast:616 -   North Central    Plateau      * Soybeans              N     642,206/MT  -0.70%
2026-10-08 14:24:23.448 | INFO     | __main__:run_zonal_forecast:616 -   North Central    Plateau      * Beans (white)         N     457,622/MT  -5.06%
2026-10-08 14:24:23.448 | INFO     | __main__:run_zonal_forecast:616 -   North Central    Plateau      * Maize (white)         N     299,500/MT  -2.19%
2026-10-08 14:24:23.448 | INFO     | __main__:run_zonal_forecast:616 -   North Central    Plateau      * Wheat                 N     606,221/MT  -1.80%
2026-10-08 14:24:23.448 | INFO     | __main__:run_zonal_forecast:616 -   North Central    Kogi         * Cocoa                 N   5,085,490/MT  -3.46%
2026-10-08 14:24:23.448 | INFO     | __main__:run_zonal_forecast:616 -   North Central    Kogi         * Soybeans              N     673,155/MT  -0.70%
2026-10-08 14:24:23.448 | INFO     | __main__:run_zonal_forecast:616 -   North Central    Kogi         * Cashew Nuts           N   1,541,990/MT  +0.48%
2026-10-08 14:24:23.448 | INFO     | __main__:run_zonal_forecast:616 -   North Central    Kogi         * Sorghum               N     313,950/MT  +0.00%
2026-10-08 14:24:23.448 | INFO     | __main__:run_zonal_forecast:616 -   North Central    Kogi         * Beans (white)         N     467,792/MT  -5.06%
2026-10-08 14:24:23.448 | INFO     | __main__:run_zonal_forecast:616 -   North Central    Kogi         * Maize (white)         N     309,827/MT  -2.19%
2026-10-08 14:24:23.448 | INFO     | __main__:run_zonal_forecast:616 -   North East       Adamawa      * Sesame                N   1,155,572/MT  -1.38%
2026-10-08 14:24:23.448 | INFO     | __main__:run_zonal_forecast:616 -   North East       Adamawa      * Ginger                N   6,917,819/MT  +1.36%
2026-10-08 14:24:23.448 | INFO     | __main__:run_zonal_forecast:616 -   North East       Adamawa      * Soybeans              N     688,630/MT  -0.70%
2026-10-08 14:24:23.448 | INFO     | __main__:run_zonal_forecast:616 -   North East       Adamawa      * Sorghum               N     300,150/MT  +0.00%
2026-10-08 14:24:23.448 | INFO     | __main__:run_zonal_forecast:616 -   North East       Adamawa      * Beans (white)         N     467,792/MT  -5.06%
2026-10-08 14:24:23.448 | INFO     | __main__:run_zonal_forecast:616 -   North East       Adamawa      * Maize (white)         N     302,942/MT  -2.19%
2026-10-08 14:24:23.448 | INFO     | __main__:run_zonal_forecast:616 -   North East       Borno        * Sesame                N   1,195,883/MT  -1.38%
2026-10-08 14:24:23.448 | INFO     | __main__:run_zonal_forecast:616 -   North East       Borno        * Sorghum               N     317,400/MT  +0.00%
2026-10-08 14:24:23.448 | INFO     | __main__:run_zonal_forecast:616 -   North East       Borno        * Beans (white)         N     538,978/MT  -5.06%
2026-10-08 14:24:23.448 | INFO     | __main__:run_zonal_forecast:616 -   North East       Borno        * Maize (white)         N     371,793/MT  -2.19%
2026-10-08 14:24:23.448 | INFO     | __main__:run_zonal_forecast:616 -   North East       Borno        * Wheat                 N     746,118/MT  -1.80%
2026-10-08 14:24:23.448 | INFO     | __main__:run_zonal_forecast:616 -   South West       Oyo          * Hibiscus              N   2,510,396/MT  -2.18%
2026-10-08 14:24:23.448 | INFO     | __main__:run_zonal_forecast:616 -   South West       Oyo          * Cocoa                 N   5,143,280/MT  -3.46%
2026-10-08 14:24:23.448 | INFO     | __main__:run_zonal_forecast:616 -   South West       Oyo          * Soybeans              N     804,691/MT  -0.70%
2026-10-08 14:24:23.448 | INFO     | __main__:run_zonal_forecast:616 -   South West       Oyo          * Cashew Nuts           N   1,657,639/MT  +0.48%
2026-10-08 14:24:23.448 | INFO     | __main__:run_zonal_forecast:616 -   South West       Oyo          * Beans (white)         N     559,316/MT  -5.06%
2026-10-08 14:24:23.448 | INFO     | __main__:run_zonal_forecast:616 -   South West       Oyo          * Maize (white)         N     371,793/MT  -2.19%
2026-10-08 14:24:23.448 | INFO     | __main__:run_zonal_forecast:616 -   South West       Lagos        * Hibiscus              N   2,802,869/MT  -2.18%
2026-10-08 14:24:23.448 | INFO     | __main__:run_zonal_forecast:616 -   South West       Lagos        * Sesame                N   1,585,553/MT  -1.38%
2026-10-08 14:24:23.448 | INFO     | __main__:run_zonal_forecast:616 -   South West       Lagos        * Cocoa                 N   6,241,284/MT  -3.46%
2026-10-08 14:24:23.448 | INFO     | __main__:run_zonal_forecast:616 -   South West       Lagos        * Soybeans              N     943,965/MT  -0.70%
2026-10-08 14:24:23.448 | INFO     | __main__:run_zonal_forecast:616 -   South West       Lagos        * Beans (white)         N     650,841/MT  -5.06%
2026-10-08 14:24:23.448 | INFO     | __main__:run_zonal_forecast:616 -   South West       Lagos        * Beans (red)           N     785,630/MT  -4.05%
2026-10-08 14:24:23.448 | INFO     | __main__:run_zonal_forecast:616 -   South West       Lagos        * Maize (white)         N     447,529/MT  -2.19%
2026-10-08 14:24:23.448 | INFO     | __main__:run_zonal_forecast:616 -   South West       Lagos        * Maize (yellow)        N     485,297/MT  -2.10%
2026-10-08 14:24:23.448 | INFO     | __main__:run_zonal_forecast:616 -   South East       Anambra      * Cocoa                 N   6,067,915/MT  -3.46%
2026-10-08 14:24:23.448 | INFO     | __main__:run_zonal_forecast:616 -   South East       Anambra      * Cashew Nuts           N   2,120,236/MT  +0.48%
2026-10-08 14:24:23.448 | INFO     | __main__:run_zonal_forecast:616 -   South East       Anambra      * Beans (white)         N     599,994/MT  -5.06%
2026-10-08 14:24:23.448 | INFO     | __main__:run_zonal_forecast:616 -   South East       Anambra      * Beans (red)           N     722,780/MT  -4.05%
2026-10-08 14:24:23.448 | INFO     | __main__:run_zonal_forecast:616 -   South East       Anambra      * Maize (white)         N     413,103/MT  -2.19%
2026-10-08 14:24:23.448 | INFO     | __main__:run_zonal_forecast:616 -   South East       Imo          * Cocoa                 N   5,258,859/MT  -3.46%
2026-10-08 14:24:23.448 | INFO     | __main__:run_zonal_forecast:616 -   South East       Imo          * Cashew Nuts           N   2,043,137/MT  +0.48%
2026-10-08 14:24:23.448 | INFO     | __main__:run_zonal_forecast:616 -   South East       Imo          * Beans (white)         N     584,740/MT  -5.06%
2026-10-08 14:24:23.448 | INFO     | __main__:run_zonal_forecast:616 -   South East       Imo          * Maize (white)         N     402,776/MT  -2.19%
2026-10-08 14:24:23.448 | INFO     | __main__:run_zonal_forecast:616 -   South South      Rivers       * Hibiscus              N   2,729,751/MT  -2.18%
2026-10-08 14:24:23.449 | INFO     | __main__:run_zonal_forecast:616 -   South South      Rivers       * Sesame                N   1,585,553/MT  -1.38%
2026-10-08 14:24:23.449 | INFO     | __main__:run_zonal_forecast:616 -   South South      Rivers       * Cocoa                 N   6,067,915/MT  -3.46%
2026-10-08 14:24:23.449 | INFO     | __main__:run_zonal_forecast:616 -   South South      Rivers       * Beans (white)         N     620,333/MT  -5.06%
2026-10-08 14:24:23.449 | INFO     | __main__:run_zonal_forecast:616 -   South South      Rivers       * Beans (red)           N     754,205/MT  -4.05%
2026-10-08 14:24:23.449 | INFO     | __main__:run_zonal_forecast:616 -   South South      Rivers       * Maize (white)         N     430,316/MT  -2.19%
2026-10-08 14:24:23.449 | INFO     | __main__:run_zonal_forecast:616 -   South South      Delta        * Hibiscus              N   2,632,260/MT  -2.18%
2026-10-08 14:24:23.449 | INFO     | __main__:run_zonal_forecast:616 -   South South      Delta        * Sesame                N   1,558,679/MT  -1.38%
2026-10-08 14:24:23.449 | INFO     | __main__:run_zonal_forecast:616 -   South South      Delta        * Cocoa                 N   5,374,439/MT  -3.46%
2026-10-08 14:24:23.449 | INFO     | __main__:run_zonal_forecast:616 -   South South      Delta        * Soybeans              N     882,066/MT  -0.70%
2026-10-08 14:24:23.449 | INFO     | __main__:run_zonal_forecast:616 -   South South      Delta        * Beans (white)         N     594,909/MT  -5.06%
2026-10-08 14:24:23.449 | INFO     | __main__:run_zonal_forecast:616 -   South South      Delta        * Maize (white)         N     413,103/MT  -2.19%
2026-10-08 14:24:23.598 | SUCCESS  | __main__:run_zonal_forecast:630 -   Zonal JSON  -> /home/runner/work/Agrolinking-Intelligence/Agrolinking-Intelligence/outputs/forecasts/zonal/zonal_forecast_2026-10-08.json
2026-10-08 14:24:23.761 | WARNING  | __main__:write_zonal_to_postgres:451 -   [Postgres] Could not connect — skipping zonal dual-write this run: connection to server at "ji5ecism7r.m6f48luj98.tsdb.cloud.timescale.com" (3.89.147.111), port 38941 failed: fe_sendauth: no password supplied

2026-10-08 14:24:23.762 | SUCCESS  | __main__:run_zonal_forecast:638 -   Zonal alert -> /home/runner/work/Agrolinking-Intelligence/Agrolinking-Intelligence/outputs/daily_alerts/alert_zonal_2026-10-08.txt
2026-10-08 14:24:23.762 | INFO     | __main__:run_zonal_forecast:640 - 
2026-10-08 14:24:23.762 | INFO     | __main__:run_zonal_forecast:641 - =================================================================
2026-10-08 14:24:23.762 | INFO     | __main__:run_zonal_forecast:643 -   ================================================
2026-10-08 14:24:23.762 | INFO     | __main__:run_zonal_forecast:643 -   AGROLINKING ZONAL COMMODITY INTELLIGENCE
2026-10-08 14:24:23.762 | INFO     | __main__:run_zonal_forecast:643 -   Date: Thursday, 08 October 2026
2026-10-08 14:24:23.762 | INFO     | __main__:run_zonal_forecast:643 -   6 Zones | 12 States | 12 Commodities
2026-10-08 14:24:23.762 | INFO     | __main__:run_zonal_forecast:643 -   ================================================
2026-10-08 14:24:23.762 | INFO     | __main__:run_zonal_forecast:643 -   
2026-10-08 14:24:23.762 | INFO     | __main__:run_zonal_forecast:643 -   NORTH WEST (Kano & Kaduna)
2026-10-08 14:24:23.762 | INFO     | __main__:run_zonal_forecast:643 -   Nigeria's main grain belt. Highest Maize, Sorghum, Sesame, Wheat production.
2026-10-08 14:24:23.762 | INFO     | __main__:run_zonal_forecast:643 -   
2026-10-08 14:24:23.762 | INFO     | __main__:run_zonal_forecast:643 -     Commodity           Kano                Kaduna            
2026-10-08 14:24:23.762 | INFO     | __main__:run_zonal_forecast:643 -     ------------------------------------------------------------
2026-10-08 14:24:23.762 | INFO     | __main__:run_zonal_forecast:643 -     Hibiscus                N2.315M    (-2.18%)     N2.267M    (-2.18%) 
2026-10-08 14:24:23.762 | INFO     | __main__:run_zonal_forecast:643 -     Sesame                * N1.115M    (-1.38%)     N1.142M    (-1.38%) 
2026-10-08 14:24:23.762 | INFO     | __main__:run_zonal_forecast:643 -     Ginger                  N8.168M    (+1.36%)   * N6.001M    (+1.36%) 
2026-10-08 14:24:23.762 | INFO     | __main__:run_zonal_forecast:643 -     Cocoa                   N5.895M    (-3.46%)     N6.068M    (-3.46%) 
2026-10-08 14:24:23.762 | INFO     | __main__:run_zonal_forecast:643 -     Soybeans                N696K      (-0.70%)   * N650K      (-0.70%) 
2026-10-08 14:24:23.762 | INFO     | __main__:run_zonal_forecast:643 -     Cashew Nuts             N1.927M    (+0.48%)     N1.966M    (+0.48%) 
2026-10-08 14:24:23.762 | INFO     | __main__:run_zonal_forecast:643 -     Sorghum               * N269K                 * N276K               
2026-10-08 14:24:23.762 | INFO     | __main__:run_zonal_forecast:643 -     Beans (white)         * N442K      (-5.06%)     N447K      (-5.06%) 
2026-10-08 14:24:23.762 | INFO     | __main__:run_zonal_forecast:643 -     Beans (red)             N566K      (-4.05%)     N572K      (-4.05%) 
2026-10-08 14:24:23.762 | INFO     | __main__:run_zonal_forecast:643 -     Maize (white)         * N275K      (-2.19%)   * N279K      (-2.19%) 
2026-10-08 14:24:23.762 | INFO     | __main__:run_zonal_forecast:643 -     Maize (yellow)        * N299K      (-2.10%)   * N302K      (-2.10%) 
2026-10-08 14:24:23.762 | INFO     | __main__:run_zonal_forecast:643 -     Wheat                 * N593K      (-1.80%)   * N580K      (-1.80%) 
2026-10-08 14:24:23.763 | INFO     | __main__:run_zonal_forecast:643 -     Rice                    N1.332M    (-1.81%)     N1.304M    (-1.81%) 
2026-10-08 14:24:23.763 | INFO     | __main__:run_zonal_forecast:643 -     Meat (beef)             N5.941M    (+1.05%)     N5.941M    (+1.05%) 
2026-10-08 14:24:23.763 | INFO     | __main__:run_zonal_forecast:643 -     Meat (goat)             N5.745M    (+0.35%)     N5.745M    (+0.35%) 
2026-10-08 14:24:23.763 | INFO     | __main__:run_zonal_forecast:643 -     Fish (dried)            N922K      (-3.81%)     N922K      (-3.81%) 
2026-10-08 14:24:23.763 | INFO     | __main__:run_zonal_forecast:643 -     Eggs                    N5K        (-1.02%)     N5K        (-1.02%) 
2026-10-08 14:24:23.763 | INFO     | __main__:run_zonal_forecast:643 -   
2026-10-08 14:24:23.763 | INFO     | __main__:run_zonal_forecast:643 -   NORTH CENTRAL (Plateau & Kogi)
2026-10-08 14:24:23.763 | INFO     | __main__:run_zonal_forecast:643 -   Middle Belt. Ginger heartland (Plateau), Cashew/Cocoa belt (Kogi).
2026-10-08 14:24:23.763 | INFO     | __main__:run_zonal_forecast:643 -   
2026-10-08 14:24:23.763 | INFO     | __main__:run_zonal_forecast:643 -     Commodity           Plateau             Kogi              
2026-10-08 14:24:23.763 | INFO     | __main__:run_zonal_forecast:643 -     ------------------------------------------------------------
2026-10-08 14:24:23.763 | INFO     | __main__:run_zonal_forecast:643 -     Hibiscus                N2.364M    (-2.18%)     N2.340M    (-2.18%) 
2026-10-08 14:24:23.763 | INFO     | __main__:run_zonal_forecast:643 -     Sesame                  N1.290M    (-1.38%)     N1.303M    (-1.38%) 
2026-10-08 14:24:23.763 | INFO     | __main__:run_zonal_forecast:643 -     Ginger                * N6.251M    (+1.36%)     N7.835M    (+1.36%) 
2026-10-08 14:24:23.763 | INFO     | __main__:run_zonal_forecast:643 -     Cocoa                   N6.241M    (-3.46%)   * N5.085M    (-3.46%) 
2026-10-08 14:24:23.763 | INFO     | __main__:run_zonal_forecast:643 -     Soybeans              * N642K      (-0.70%)   * N673K      (-0.70%) 
2026-10-08 14:24:23.763 | INFO     | __main__:run_zonal_forecast:643 -     Cashew Nuts             N2.024M    (+0.48%)   * N1.542M    (+0.48%) 
2026-10-08 14:24:23.763 | INFO     | __main__:run_zonal_forecast:643 -     Sorghum                 N317K                 * N314K               
2026-10-08 14:24:23.763 | INFO     | __main__:run_zonal_forecast:643 -     Beans (white)         * N458K      (-5.06%)   * N468K      (-5.06%) 
2026-10-08 14:24:23.763 | INFO     | __main__:run_zonal_forecast:643 -     Beans (red)             N597K      (-4.05%)     N591K      (-4.05%) 
2026-10-08 14:24:23.763 | INFO     | __main__:run_zonal_forecast:643 -     Maize (white)         * N299K      (-2.19%)   * N310K      (-2.19%) 
2026-10-08 14:24:23.763 | INFO     | __main__:run_zonal_forecast:643 -     Maize (yellow)          N329K      (-2.10%)     N340K      (-2.10%) 
2026-10-08 14:24:23.763 | INFO     | __main__:run_zonal_forecast:643 -     Wheat                 * N606K      (-1.80%)     N646K      (-1.80%) 
2026-10-08 14:24:23.763 | INFO     | __main__:run_zonal_forecast:643 -     Rice                    N1.262M    (-1.81%)     N1.360M    (-1.81%) 
2026-10-08 14:24:23.763 | INFO     | __main__:run_zonal_forecast:643 -     Meat (beef)             N6.488M    (+1.05%)     N6.488M    (+1.05%) 
2026-10-08 14:24:23.763 | INFO     | __main__:run_zonal_forecast:643 -     Meat (goat)             N6.274M    (+0.35%)     N6.274M    (+0.35%) 
2026-10-08 14:24:23.763 | INFO     | __main__:run_zonal_forecast:643 -     Fish (dried)            N1.007M    (-3.81%)     N1.007M    (-3.81%) 
2026-10-08 14:24:23.763 | INFO     | __main__:run_zonal_forecast:643 -     Eggs                    N6K        (-1.02%)     N6K        (-1.02%) 
2026-10-08 14:24:23.763 | INFO     | __main__:run_zonal_forecast:643 -   
2026-10-08 14:24:23.763 | INFO     | __main__:run_zonal_forecast:643 -   NORTH EAST (Adamawa & Borno)
2026-10-08 14:24:23.763 | INFO     | __main__:run_zonal_forecast:643 -   Semi-arid. Sorghum, Maize. Conflict premium on imports in Borno.
2026-10-08 14:24:23.763 | INFO     | __main__:run_zonal_forecast:643 -   
2026-10-08 14:24:23.763 | INFO     | __main__:run_zonal_forecast:643 -     Commodity           Adamawa             Borno             
2026-10-08 14:24:23.763 | INFO     | __main__:run_zonal_forecast:643 -     ------------------------------------------------------------
2026-10-08 14:24:23.763 | INFO     | __main__:run_zonal_forecast:643 -     Hibiscus                N2.389M    (-2.18%)     N2.559M    (-2.18%) 
2026-10-08 14:24:23.763 | INFO     | __main__:run_zonal_forecast:643 -     Sesame                * N1.156M    (-1.38%)   * N1.196M    (-1.38%) 
2026-10-08 14:24:23.763 | INFO     | __main__:run_zonal_forecast:643 -     Ginger                * N6.918M    (+1.36%)     N9.585M    (+1.36%) 
2026-10-08 14:24:23.763 | INFO     | __main__:run_zonal_forecast:643 -     Cocoa                   N6.068M    (-3.46%)     N6.819M    (-3.46%) 
2026-10-08 14:24:23.763 | INFO     | __main__:run_zonal_forecast:643 -     Soybeans              * N689K      (-0.70%)     N836K      (-0.70%) 
2026-10-08 14:24:23.763 | INFO     | __main__:run_zonal_forecast:643 -     Cashew Nuts             N2.005M    (+0.48%)     N2.217M    (+0.48%) 
2026-10-08 14:24:23.763 | INFO     | __main__:run_zonal_forecast:643 -     Sorghum               * N300K                 * N317K               
2026-10-08 14:24:23.763 | INFO     | __main__:run_zonal_forecast:643 -     Beans (white)         * N468K      (-5.06%)   * N539K      (-5.06%) 
2026-10-08 14:24:23.763 | INFO     | __main__:run_zonal_forecast:643 -     Beans (red)             N597K      (-4.05%)     N691K      (-4.05%) 
2026-10-08 14:24:23.763 | INFO     | __main__:run_zonal_forecast:643 -     Maize (white)         * N303K      (-2.19%)   * N372K      (-2.19%) 
2026-10-08 14:24:23.763 | INFO     | __main__:run_zonal_forecast:643 -     Maize (yellow)          N332K      (-2.10%)     N403K      (-2.10%) 
2026-10-08 14:24:23.763 | INFO     | __main__:run_zonal_forecast:643 -     Wheat                   N653K      (-1.80%)   * N746K      (-1.80%) 
2026-10-08 14:24:23.763 | INFO     | __main__:run_zonal_forecast:643 -     Rice                    N1.430M    (-1.81%)     N1.542M    (-1.81%) 
2026-10-08 14:24:23.763 | INFO     | __main__:run_zonal_forecast:643 -     Meat (beef)             N6.966M    (+1.05%)     N6.966M    (+1.05%) 
2026-10-08 14:24:23.763 | INFO     | __main__:run_zonal_forecast:643 -     Meat (goat)             N6.736M    (+0.35%)     N6.736M    (+0.35%) 
2026-10-08 14:24:23.763 | INFO     | __main__:run_zonal_forecast:643 -     Fish (dried)            N1.081M    (-3.81%)     N1.081M    (-3.81%) 
2026-10-08 14:24:23.763 | INFO     | __main__:run_zonal_forecast:643 -     Eggs                    N6K        (-1.02%)     N6K        (-1.02%) 
2026-10-08 14:24:23.763 | INFO     | __main__:run_zonal_forecast:643 -   
2026-10-08 14:24:23.763 | INFO     | __main__:run_zonal_forecast:643 -   SOUTH WEST (Oyo & Lagos)
2026-10-08 14:24:23.763 | INFO     | __main__:run_zonal_forecast:643 -   Commercial capital. Lagos is the price-setter for consumer markets.
2026-10-08 14:24:23.763 | INFO     | __main__:run_zonal_forecast:643 -   
2026-10-08 14:24:23.763 | INFO     | __main__:run_zonal_forecast:643 -     Commodity           Oyo                 Lagos             
2026-10-08 14:24:23.763 | INFO     | __main__:run_zonal_forecast:643 -     ------------------------------------------------------------
2026-10-08 14:24:23.763 | INFO     | __main__:run_zonal_forecast:643 -     Hibiscus              * N2.510M    (-2.18%)   * N2.803M    (-2.18%) 
2026-10-08 14:24:23.763 | INFO     | __main__:run_zonal_forecast:643 -     Sesame                  N1.424M    (-1.38%)   * N1.586M    (-1.38%) 
2026-10-08 14:24:23.763 | INFO     | __main__:run_zonal_forecast:643 -     Ginger                  N9.001M    (+1.36%)     N10.002M   (+1.36%) 
2026-10-08 14:24:23.763 | INFO     | __main__:run_zonal_forecast:643 -     Cocoa                 * N5.143M    (-3.46%)   * N6.241M    (-3.46%) 
2026-10-08 14:24:23.764 | INFO     | __main__:run_zonal_forecast:643 -     Soybeans              * N805K      (-0.70%)   * N944K      (-0.70%) 
2026-10-08 14:24:23.764 | INFO     | __main__:run_zonal_forecast:643 -     Cashew Nuts           * N1.658M    (+0.48%)     N2.120M    (+0.48%) 
2026-10-08 14:24:23.764 | INFO     | __main__:run_zonal_forecast:643 -     Sorghum                 N362K                   N407K               
2026-10-08 14:24:23.764 | INFO     | __main__:run_zonal_forecast:643 -     Beans (white)         * N559K      (-5.06%)   * N651K      (-5.06%) 
2026-10-08 14:24:23.764 | INFO     | __main__:run_zonal_forecast:643 -     Beans (red)             N704K      (-4.05%)   * N786K      (-4.05%) 
2026-10-08 14:24:23.764 | INFO     | __main__:run_zonal_forecast:643 -     Maize (white)         * N372K      (-2.19%)   * N448K      (-2.19%) 
2026-10-08 14:24:23.764 | INFO     | __main__:run_zonal_forecast:643 -     Maize (yellow)          N403K      (-2.10%)   * N485K      (-2.10%) 
2026-10-08 14:24:23.764 | INFO     | __main__:run_zonal_forecast:643 -     Wheat                   N733K      (-1.80%)     N766K      (-1.80%) 
2026-10-08 14:24:23.764 | INFO     | __main__:run_zonal_forecast:643 -     Rice                    N1.514M    (-1.81%)     N1.654M    (-1.81%) 
2026-10-08 14:24:23.764 | INFO     | __main__:run_zonal_forecast:643 -     Meat (beef)             N7.922M    (+1.05%)     N7.922M    (+1.05%) 
2026-10-08 14:24:23.764 | INFO     | __main__:run_zonal_forecast:643 -     Meat (goat)             N7.660M    (+0.35%)     N7.660M    (+0.35%) 
2026-10-08 14:24:23.764 | INFO     | __main__:run_zonal_forecast:643 -     Fish (dried)            N1.229M    (-3.81%)     N1.229M    (-3.81%) 
2026-10-08 14:24:23.764 | INFO     | __main__:run_zonal_forecast:643 -     Eggs                    N7K        (-1.02%)     N7K        (-1.02%) 
2026-10-08 14:24:23.764 | INFO     | __main__:run_zonal_forecast:643 -   
2026-10-08 14:24:23.764 | INFO     | __main__:run_zonal_forecast:643 -   SOUTH EAST (Anambra & Imo)
2026-10-08 14:24:23.764 | INFO     | __main__:run_zonal_forecast:643 -   High consumption, low production of traded commodities. Import-dependent.
2026-10-08 14:24:23.764 | INFO     | __main__:run_zonal_forecast:643 -   
2026-10-08 14:24:23.764 | INFO     | __main__:run_zonal_forecast:643 -     Commodity           Anambra             Imo               
2026-10-08 14:24:23.764 | INFO     | __main__:run_zonal_forecast:643 -     ------------------------------------------------------------
2026-10-08 14:24:23.764 | INFO     | __main__:run_zonal_forecast:643 -     Hibiscus                N2.730M    (-2.18%)     N2.681M    (-2.18%) 
2026-10-08 14:24:23.764 | INFO     | __main__:run_zonal_forecast:643 -     Sesame                  N1.559M    (-1.38%)     N1.532M    (-1.38%) 
2026-10-08 14:24:23.764 | INFO     | __main__:run_zonal_forecast:643 -     Ginger                  N9.585M    (+1.36%)     N9.335M    (+1.36%) 
2026-10-08 14:24:23.764 | INFO     | __main__:run_zonal_forecast:643 -     Cocoa                 * N6.068M    (-3.46%)   * N5.259M    (-3.46%) 
2026-10-08 14:24:23.764 | INFO     | __main__:run_zonal_forecast:643 -     Soybeans                N882K      (-0.70%)     N867K      (-0.70%) 
2026-10-08 14:24:23.764 | INFO     | __main__:run_zonal_forecast:643 -     Cashew Nuts           * N2.120M    (+0.48%)   * N2.043M    (+0.48%) 
2026-10-08 14:24:23.764 | INFO     | __main__:run_zonal_forecast:643 -     Sorghum                 N393K                   N386K               
2026-10-08 14:24:23.764 | INFO     | __main__:run_zonal_forecast:643 -     Beans (white)         * N600K      (-5.06%)   * N585K      (-5.06%) 
2026-10-08 14:24:23.764 | INFO     | __main__:run_zonal_forecast:643 -     Beans (red)           * N723K      (-4.05%)     N710K      (-4.05%) 
2026-10-08 14:24:23.764 | INFO     | __main__:run_zonal_forecast:643 -     Maize (white)         * N413K      (-2.19%)   * N403K      (-2.19%) 
2026-10-08 14:24:23.764 | INFO     | __main__:run_zonal_forecast:643 -     Maize (yellow)          N448K      (-2.10%)     N437K      (-2.10%) 
2026-10-08 14:24:23.764 | INFO     | __main__:run_zonal_forecast:643 -     Wheat                   N786K      (-1.80%)     N773K      (-1.80%) 
2026-10-08 14:24:23.764 | INFO     | __main__:run_zonal_forecast:643 -     Rice                    N1.570M    (-1.81%)     N1.542M    (-1.81%) 
2026-10-08 14:24:23.764 | INFO     | __main__:run_zonal_forecast:643 -     Meat (beef)             N7.717M    (+1.05%)     N7.717M    (+1.05%) 
2026-10-08 14:24:23.764 | INFO     | __main__:run_zonal_forecast:643 -     Meat (goat)             N7.462M    (+0.35%)     N7.462M    (+0.35%) 
2026-10-08 14:24:23.764 | INFO     | __main__:run_zonal_forecast:643 -     Fish (dried)            N1.198M    (-3.81%)     N1.198M    (-3.81%) 
2026-10-08 14:24:23.764 | INFO     | __main__:run_zonal_forecast:643 -     Eggs                    N7K        (-1.02%)     N7K        (-1.02%) 
2026-10-08 14:24:23.764 | INFO     | __main__:run_zonal_forecast:643 -   
2026-10-08 14:24:23.764 | INFO     | __main__:run_zonal_forecast:643 -   SOUTH SOUTH (Rivers & Delta)
2026-10-08 14:24:23.764 | INFO     | __main__:run_zonal_forecast:643 -   Oil belt. High purchasing power. Cocoa producer (Delta).
2026-10-08 14:24:23.764 | INFO     | __main__:run_zonal_forecast:643 -   
2026-10-08 14:24:23.764 | INFO     | __main__:run_zonal_forecast:643 -     Commodity           Rivers              Delta             
2026-10-08 14:24:23.764 | INFO     | __main__:run_zonal_forecast:643 -     ------------------------------------------------------------
2026-10-08 14:24:23.764 | INFO     | __main__:run_zonal_forecast:643 -     Hibiscus              * N2.730M    (-2.18%)   * N2.632M    (-2.18%) 
2026-10-08 14:24:23.764 | INFO     | __main__:run_zonal_forecast:643 -     Sesame                * N1.586M    (-1.38%)   * N1.559M    (-1.38%) 
2026-10-08 14:24:23.764 | INFO     | __main__:run_zonal_forecast:643 -     Ginger                  N10.002M   (+1.36%)     N9.585M    (+1.36%) 
2026-10-08 14:24:23.764 | INFO     | __main__:run_zonal_forecast:643 -     Cocoa                 * N6.068M    (-3.46%)   * N5.374M    (-3.46%) 
2026-10-08 14:24:23.764 | INFO     | __main__:run_zonal_forecast:643 -     Soybeans                N913K      (-0.70%)   * N882K      (-0.70%) 
2026-10-08 14:24:23.764 | INFO     | __main__:run_zonal_forecast:643 -     Cashew Nuts             N2.217M    (+0.48%)     N2.120M    (+0.48%) 
2026-10-08 14:24:23.764 | INFO     | __main__:run_zonal_forecast:643 -     Sorghum                 N414K                   N407K               
2026-10-08 14:24:23.764 | INFO     | __main__:run_zonal_forecast:643 -     Beans (white)         * N620K      (-5.06%)   * N595K      (-5.06%) 
2026-10-08 14:24:23.764 | INFO     | __main__:run_zonal_forecast:643 -     Beans (red)           * N754K      (-4.05%)     N723K      (-4.05%) 
2026-10-08 14:24:23.764 | INFO     | __main__:run_zonal_forecast:643 -     Maize (white)         * N430K      (-2.19%)   * N413K      (-2.19%) 
2026-10-08 14:24:23.764 | INFO     | __main__:run_zonal_forecast:643 -     Maize (yellow)          N467K      (-2.10%)     N448K      (-2.10%) 
2026-10-08 14:24:23.764 | INFO     | __main__:run_zonal_forecast:643 -     Wheat                   N813K      (-1.80%)     N799K      (-1.80%) 
2026-10-08 14:24:23.764 | INFO     | __main__:run_zonal_forecast:643 -     Rice                    N1.612M    (-1.81%)     N1.570M    (-1.81%) 
2026-10-08 14:24:23.764 | INFO     | __main__:run_zonal_forecast:643 -     Meat (beef)             N7.785M    (+1.05%)     N7.785M    (+1.05%) 
2026-10-08 14:24:23.764 | INFO     | __main__:run_zonal_forecast:643 -     Meat (goat)             N7.528M    (+0.35%)     N7.528M    (+0.35%) 
2026-10-08 14:24:23.764 | INFO     | __main__:run_zonal_forecast:643 -     Fish (dried)            N1.208M    (-3.81%)     N1.208M    (-3.81%) 
2026-10-08 14:24:23.764 | INFO     | __main__:run_zonal_forecast:643 -     Eggs                    N7K        (-1.02%)     N7K        (-1.02%) 
2026-10-08 14:24:23.764 | INFO     | __main__:run_zonal_forecast:643 -   
2026-10-08 14:24:23.765 | INFO     | __main__:run_zonal_forecast:643 -   ==========================================================
2026-10-08 14:24:23.765 | INFO     | __main__:run_zonal_forecast:643 -   * = primary commodity  (+/-%) = day-on-day change
2026-10-08 14:24:23.765 | INFO     | __main__:run_zonal_forecast:643 -   
2026-10-08 14:24:23.765 | INFO     | __main__:run_zonal_forecast:643 -   NATIONAL PRICE CHANGES TODAY:
2026-10-08 14:24:23.765 | INFO     | __main__:run_zonal_forecast:643 -     Commodity                   Price   Day Chg    vs Ref
2026-10-08 14:24:23.765 | INFO     | __main__:run_zonal_forecast:643 -     ------------------------------------------------------
2026-10-08 14:24:23.765 | INFO     | __main__:run_zonal_forecast:643 -     Hibiscus                  N2.437M    -2.18%    +4.83%
2026-10-08 14:24:23.765 | INFO     | __main__:run_zonal_forecast:643 -     Sesame                    N1.344M    -1.38%   -18.56%
2026-10-08 14:24:23.765 | INFO     | __main__:run_zonal_forecast:643 -     Ginger                    N8.335M    +1.36%   -30.54%
2026-10-08 14:24:23.765 | INFO     | __main__:run_zonal_forecast:643 -     Cocoa                     N5.779M    -3.46%    +2.28%
2026-10-08 14:24:23.765 | INFO     | __main__:run_zonal_forecast:643 -     Soybeans                    N774K    -0.70%    +3.86%
2026-10-08 14:24:23.765 | INFO     | __main__:run_zonal_forecast:643 -     Cashew Nuts               N1.927M    +0.48%    -1.15%
2026-10-08 14:24:23.765 | INFO     | __main__:run_zonal_forecast:643 -     Sorghum                     N345K    +0.00%   -17.86%
2026-10-08 14:24:23.765 | INFO     | __main__:run_zonal_forecast:643 -     Beans (white)               N508K    -5.06%   -37.46%
2026-10-08 14:24:23.765 | INFO     | __main__:run_zonal_forecast:643 -     Beans (red)                 N629K    -4.05%   -31.31%
2026-10-08 14:24:23.765 | INFO     | __main__:run_zonal_forecast:643 -     Maize (white)               N344K    -2.19%    -6.96%
2026-10-08 14:24:23.765 | INFO     | __main__:run_zonal_forecast:643 -     Maize (yellow)              N373K    -2.10%    -6.67%
2026-10-08 14:24:23.765 | INFO     | __main__:run_zonal_forecast:643 -     Wheat                       N666K    -1.80%    -5.75%
2026-10-08 14:24:23.765 | INFO     | __main__:run_zonal_forecast:643 -     Rice                      N1.402M    -1.81%    -9.56%
2026-10-08 14:24:23.765 | INFO     | __main__:run_zonal_forecast:643 -     Meat (beef)               N6.829M    +1.05%    +5.06%
2026-10-08 14:24:23.765 | INFO     | __main__:run_zonal_forecast:643 -     Meat (goat)               N6.604M    +0.35%    +1.60%
2026-10-08 14:24:23.765 | INFO     | __main__:run_zonal_forecast:643 -     Fish (dried)              N1.060M    -3.81%   -11.68%
2026-10-08 14:24:23.765 | INFO     | __main__:run_zonal_forecast:643 -     Eggs                          N6K    -1.02%    -4.58%
2026-10-08 14:24:23.765 | INFO     | __main__:run_zonal_forecast:643 -   
2026-10-08 14:24:23.765 | INFO     | __main__:run_zonal_forecast:643 -   BEST SOURCING NATIONALLY:
2026-10-08 14:24:23.765 | INFO     | __main__:run_zonal_forecast:643 -     Commodity              Best State           Price  Spread
2026-10-08 14:24:23.765 | INFO     | __main__:run_zonal_forecast:643 -     ------------------------------------------------------------
2026-10-08 14:24:23.765 | INFO     | __main__:run_zonal_forecast:643 -     Hibiscus               Kaduna             N2.267M  24% vs Lagos
2026-10-08 14:24:23.765 | INFO     | __main__:run_zonal_forecast:643 -     Sesame                 Kano               N1.115M  42% vs Lagos
2026-10-08 14:24:23.765 | INFO     | __main__:run_zonal_forecast:643 -     Ginger                 Kaduna             N6.001M  67% vs Lagos
2026-10-08 14:24:23.765 | INFO     | __main__:run_zonal_forecast:643 -     Cocoa                  Kogi               N5.085M  34% vs Borno
2026-10-08 14:24:23.765 | INFO     | __main__:run_zonal_forecast:643 -     Soybeans               Plateau              N642K  47% vs Lagos
2026-10-08 14:24:23.765 | INFO     | __main__:run_zonal_forecast:643 -     Cashew Nuts            Kogi               N1.542M  44% vs Borno
2026-10-08 14:24:23.765 | INFO     | __main__:run_zonal_forecast:643 -     Sorghum                Kano                 N269K  54% vs Rivers
2026-10-08 14:24:23.765 | INFO     | __main__:run_zonal_forecast:643 -     Beans (white)          Kano                 N442K  47% vs Lagos
2026-10-08 14:24:23.765 | INFO     | __main__:run_zonal_forecast:643 -     Beans (red)            Kano                 N566K  39% vs Lagos
2026-10-08 14:24:23.765 | INFO     | __main__:run_zonal_forecast:643 -     Maize (white)          Kano                 N275K  62% vs Lagos
2026-10-08 14:24:23.765 | INFO     | __main__:run_zonal_forecast:643 -     Maize (yellow)         Kano                 N299K  62% vs Lagos
2026-10-08 14:24:23.765 | INFO     | __main__:run_zonal_forecast:643 -     Wheat                  Kaduna               N580K  40% vs Rivers
2026-10-08 14:24:23.765 | INFO     | __main__:run_zonal_forecast:643 -     Rice                   Plateau            N1.262M  31% vs Lagos
2026-10-08 14:24:23.765 | INFO     | __main__:run_zonal_forecast:643 -     Meat (beef)            Kano               N5.941M  33% vs Oyo
2026-10-08 14:24:23.765 | INFO     | __main__:run_zonal_forecast:643 -     Meat (goat)            Kano               N5.745M  33% vs Oyo
2026-10-08 14:24:23.765 | INFO     | __main__:run_zonal_forecast:643 -     Fish (dried)           Kano                 N922K  33% vs Oyo
2026-10-08 14:24:23.765 | INFO     | __main__:run_zonal_forecast:643 -     Eggs                   Kano                   N5K  33% vs Oyo
2026-10-08 14:24:23.765 | INFO     | __main__:run_zonal_forecast:643 -   
2026-10-08 14:24:23.765 | INFO     | __main__:run_zonal_forecast:643 -   ==========================================================
2026-10-08 14:24:23.765 | INFO     | __main__:run_zonal_forecast:643 -   Source: Agrolinking Intelligence Platform
2026-10-08 14:24:23.765 | INFO     | __main__:run_zonal_forecast:643 -   Next update: 09 Oct 2026
2026-10-08 14:24:23.765 | INFO     | __main__:run_zonal_forecast:644 - =================================================================
2026-10-08 14:24:23.765 | SUCCESS  | __main__:run_zonal_forecast:645 - ZONAL FORECASTING COMPLETE — 6 zones | 12 states | 17 commodities
