2026-08-28 07:38:34.785 | INFO     | __main__:run_zonal_forecast:379 - =================================================================
2026-08-28 07:38:34.787 | INFO     | __main__:run_zonal_forecast:380 - STEP 7 — ZONAL & STATE-LEVEL FORECASTING
2026-08-28 07:38:34.787 | INFO     | __main__:run_zonal_forecast:381 -   Date  : Friday, 28 August 2026  07:38
2026-08-28 07:38:34.788 | INFO     | __main__:run_zonal_forecast:382 -   Anchor: DAILY INTERPOLATED (from last_known_date, drifts daily)
2026-08-28 07:38:34.789 | INFO     | __main__:run_zonal_forecast:383 - =================================================================
2026-08-28 07:38:35.022 | INFO     | __main__:run_zonal_forecast:386 -   Source: forecast_validated_2026-08-28.json
2026-08-28 07:38:35.022 | INFO     | __main__:run_zonal_forecast:393 -   Maize (white): last_known=2026-07-27, days_elapsed=32
2026-08-28 07:38:35.022 | INFO     | __main__:run_zonal_forecast:393 -   Hibiscus: last_known=2026-04-13, days_elapsed=137
2026-08-28 07:38:35.022 | INFO     | __main__:run_zonal_forecast:393 -   Sesame: last_known=2026-04-13, days_elapsed=137
2026-08-28 07:38:35.022 | INFO     | __main__:build_zonal_output:201 - 
2026-08-28 07:38:35.022 | INFO     | __main__:build_zonal_output:202 -   NATIONAL ANCHORS (interpolated from last_known_date to today):
2026-08-28 07:38:35.022 | INFO     | __main__:build_zonal_output:203 -   Commodity                 Today Price   Day Chg    vs Ref  Source
2026-08-28 07:38:35.022 | INFO     | __main__:build_zonal_output:204 -   --------------------------------------------------------------------------------
2026-08-28 07:38:35.022 | INFO     | __main__:build_zonal_output:233 -   Hibiscus               N   2,283,090    -0.06%   -8.68%  daily_series d137 (-1.80% vs ref)
2026-08-28 07:38:35.022 | INFO     | __main__:build_zonal_output:233 -   Sesame                 N   1,449,452    +0.02%   +2.07%  daily_series d137 (+16.42% vs ref)
2026-08-28 07:38:35.030 | INFO     | __main__:build_zonal_output:233 -   Ginger                 N   8,911,089    -0.05%   -5.20%  daily_series d137 (-8.13% vs ref)
2026-08-28 07:38:35.030 | INFO     | __main__:build_zonal_output:233 -   Cocoa                  N   5,194,189    +0.08%  +15.43%  daily_series d137 (-8.07% vs ref)
2026-08-28 07:38:35.031 | INFO     | __main__:build_zonal_output:233 -   Soybeans               N     795,356    +0.02%   +0.68%  daily_series d137 (+6.76% vs ref)
2026-08-28 07:38:35.031 | INFO     | __main__:build_zonal_output:233 -   Cashew Nuts            N   1,484,893    -0.23%  -23.06%  daily_series d137 (-23.85% vs ref)
2026-08-28 07:38:35.031 | INFO     | __main__:build_zonal_output:233 -   Sorghum                N     227,021    -0.37%  -34.20%  daily_series d137 (-32.23% vs ref)
2026-08-28 07:38:35.031 | INFO     | __main__:build_zonal_output:233 -   Beans (white)          N     606,160    -0.16%  -19.18%  daily_series d165 (-25.47% vs ref)
2026-08-28 07:38:35.034 | INFO     | __main__:build_zonal_output:233 -   Beans (red)            N     701,723    -0.14%  -17.44%  daily_series d165 (-23.31% vs ref)
2026-08-28 07:38:35.034 | INFO     | __main__:build_zonal_output:233 -   Maize (white)          N     241,253    -2.14%  -38.92%  daily_series d32 (-62.37% vs ref)
2026-08-28 07:38:35.034 | INFO     | __main__:build_zonal_output:233 -   Maize (yellow)         N     259,889    -2.09%  -38.27%  daily_series d32 (-62.39% vs ref)
2026-08-28 07:38:35.034 | INFO     | __main__:build_zonal_output:233 -   Wheat                  N     918,803    -0.04%   -8.12%  daily_series d137 (+29.99% vs ref)
2026-08-28 07:38:35.038 | DEBUG    | __main__:get_daily_price:79 -   last_known_date 2023-01-09 is stale (>2yr). Using forecast_start as anchor.
2026-08-28 07:38:35.038 | DEBUG    | __main__:get_daily_price:79 -   last_known_date 2023-01-09 is stale (>2yr). Using forecast_start as anchor.
2026-08-28 07:38:35.038 | INFO     | __main__:build_zonal_output:233 -   Rice                   N   1,304,682    +0.00%   -1.16%  daily_series d7 (+71.79% vs ref)
2026-08-28 07:38:35.038 | INFO     | __main__:build_zonal_output:233 -   Meat (beef)            N   4,647,525    +0.00%   +2.46%  daily_series d172 (-17.56% vs ref)
2026-08-28 07:38:35.040 | INFO     | __main__:build_zonal_output:233 -   Meat (goat)            N   6,471,428    -0.04%   -7.55%  daily_series d172 (+11.61% vs ref)
2026-08-28 07:38:35.040 | INFO     | __main__:build_zonal_output:233 -   Fish (dried)           N   9,747,121    +0.01%   -2.53%  daily_series d172 (+546.13% vs ref)
2026-08-28 07:38:35.040 | INFO     | __main__:build_zonal_output:233 -   Eggs                   N       7,076    -0.06%  -10.66%  daily_series d172 (+8.52% vs ref)
2026-08-28 07:38:35.040 | INFO     | __main__:build_zonal_output:236 - 
2026-08-28 07:38:35.489 | INFO     | __main__:run_zonal_forecast:399 - 
2026-08-28 07:38:35.489 | INFO     | __main__:run_zonal_forecast:400 -   Zone             State        Commodity                 State Price  Day Chg
2026-08-28 07:38:35.489 | INFO     | __main__:run_zonal_forecast:401 -   ------------------------------------------------------------------------
2026-08-28 07:38:35.492 | INFO     | __main__:run_zonal_forecast:408 -   North West       Kano         * Sesame                N   1,203,046/MT  +0.02%
2026-08-28 07:38:35.492 | INFO     | __main__:run_zonal_forecast:408 -   North West       Kano         * Sorghum               N     177,076/MT  -0.37%
2026-08-28 07:38:35.492 | INFO     | __main__:run_zonal_forecast:408 -   North West       Kano         * Beans (white)         N     527,359/MT  -0.16%
2026-08-28 07:38:35.492 | INFO     | __main__:run_zonal_forecast:408 -   North West       Kano         * Maize (white)         N     193,002/MT  -2.14%
2026-08-28 07:38:35.492 | INFO     | __main__:run_zonal_forecast:408 -   North West       Kano         * Maize (yellow)        N     207,911/MT  -2.09%
2026-08-28 07:38:35.492 | INFO     | __main__:run_zonal_forecast:408 -   North West       Kano         * Wheat                 N     817,735/MT  -0.04%
2026-08-28 07:38:35.498 | INFO     | __main__:run_zonal_forecast:408 -   North West       Kaduna       * Ginger                N   6,415,984/MT  -0.05%
2026-08-28 07:38:35.499 | INFO     | __main__:run_zonal_forecast:408 -   North West       Kaduna       * Soybeans              N     668,099/MT  +0.02%
2026-08-28 07:38:35.499 | INFO     | __main__:run_zonal_forecast:408 -   North West       Kaduna       * Sorghum               N     181,617/MT  -0.37%
2026-08-28 07:38:35.501 | INFO     | __main__:run_zonal_forecast:408 -   North West       Kaduna       * Maize (white)         N     195,415/MT  -2.14%
2026-08-28 07:38:35.501 | INFO     | __main__:run_zonal_forecast:408 -   North West       Kaduna       * Maize (yellow)        N     210,510/MT  -2.09%
2026-08-28 07:38:35.501 | INFO     | __main__:run_zonal_forecast:408 -   North West       Kaduna       * Wheat                 N     799,359/MT  -0.04%
2026-08-28 07:38:35.501 | INFO     | __main__:run_zonal_forecast:408 -   North Central    Plateau      * Ginger                N   6,683,317/MT  -0.05%
2026-08-28 07:38:35.506 | INFO     | __main__:run_zonal_forecast:408 -   North Central    Plateau      * Soybeans              N     660,146/MT  +0.02%
2026-08-28 07:38:35.506 | INFO     | __main__:run_zonal_forecast:408 -   North Central    Plateau      * Beans (white)         N     545,544/MT  -0.16%
2026-08-28 07:38:35.506 | INFO     | __main__:run_zonal_forecast:408 -   North Central    Plateau      * Maize (white)         N     209,890/MT  -2.14%
2026-08-28 07:38:35.506 | INFO     | __main__:run_zonal_forecast:408 -   North Central    Plateau      * Wheat                 N     836,111/MT  -0.04%
2026-08-28 07:38:35.506 | INFO     | __main__:run_zonal_forecast:408 -   North Central    Kogi         * Cocoa                 N   4,570,886/MT  +0.08%
2026-08-28 07:38:35.506 | INFO     | __main__:run_zonal_forecast:408 -   North Central    Kogi         * Soybeans              N     691,960/MT  +0.02%
2026-08-28 07:38:35.512 | INFO     | __main__:run_zonal_forecast:408 -   North Central    Kogi         * Cashew Nuts           N   1,187,914/MT  -0.23%
2026-08-28 07:38:35.512 | INFO     | __main__:run_zonal_forecast:408 -   North Central    Kogi         * Sorghum               N     206,589/MT  -0.37%
2026-08-28 07:38:35.517 | INFO     | __main__:run_zonal_forecast:408 -   North Central    Kogi         * Beans (white)         N     557,667/MT  -0.16%
2026-08-28 07:38:35.517 | INFO     | __main__:run_zonal_forecast:408 -   North Central    Kogi         * Maize (white)         N     217,127/MT  -2.14%
2026-08-28 07:38:35.519 | INFO     | __main__:run_zonal_forecast:408 -   North East       Adamawa      * Sesame                N   1,246,529/MT  +0.02%
2026-08-28 07:38:35.519 | INFO     | __main__:run_zonal_forecast:408 -   North East       Adamawa      * Ginger                N   7,396,204/MT  -0.05%
2026-08-28 07:38:35.519 | INFO     | __main__:run_zonal_forecast:408 -   North East       Adamawa      * Soybeans              N     707,867/MT  +0.02%
2026-08-28 07:38:35.521 | INFO     | __main__:run_zonal_forecast:408 -   North East       Adamawa      * Sorghum               N     197,508/MT  -0.37%
2026-08-28 07:38:35.522 | INFO     | __main__:run_zonal_forecast:408 -   North East       Adamawa      * Beans (white)         N     557,667/MT  -0.16%
2026-08-28 07:38:35.522 | INFO     | __main__:run_zonal_forecast:408 -   North East       Adamawa      * Maize (white)         N     212,302/MT  -2.14%
2026-08-28 07:38:35.525 | INFO     | __main__:run_zonal_forecast:408 -   North East       Borno        * Sesame                N   1,290,013/MT  +0.02%
2026-08-28 07:38:35.526 | INFO     | __main__:run_zonal_forecast:408 -   North East       Borno        * Sorghum               N     208,859/MT  -0.37%
2026-08-28 07:38:35.529 | INFO     | __main__:run_zonal_forecast:408 -   North East       Borno        * Beans (white)         N     642,529/MT  -0.16%
2026-08-28 07:38:35.531 | INFO     | __main__:run_zonal_forecast:408 -   North East       Borno        * Maize (white)         N     260,553/MT  -2.14%
2026-08-28 07:38:35.536 | INFO     | __main__:run_zonal_forecast:408 -   North East       Borno        * Wheat                 N   1,029,060/MT  -0.04%
2026-08-28 07:38:35.539 | INFO     | __main__:run_zonal_forecast:408 -   South West       Oyo          * Hibiscus              N   2,351,583/MT  -0.06%
2026-08-28 07:38:35.539 | INFO     | __main__:run_zonal_forecast:408 -   South West       Oyo          * Cocoa                 N   4,622,828/MT  +0.08%
2026-08-28 07:38:35.541 | INFO     | __main__:run_zonal_forecast:408 -   South West       Oyo          * Soybeans              N     827,170/MT  +0.02%
2026-08-28 07:38:35.543 | INFO     | __main__:run_zonal_forecast:408 -   South West       Oyo          * Cashew Nuts           N   1,277,008/MT  -0.23%
2026-08-28 07:38:35.547 | INFO     | __main__:run_zonal_forecast:408 -   South West       Oyo          * Beans (white)         N     666,776/MT  -0.16%
2026-08-28 07:38:35.549 | INFO     | __main__:run_zonal_forecast:408 -   South West       Oyo          * Maize (white)         N     260,553/MT  -2.14%
2026-08-28 07:38:35.549 | INFO     | __main__:run_zonal_forecast:408 -   South West       Lagos        * Hibiscus              N   2,625,554/MT  -0.06%
2026-08-28 07:38:35.551 | INFO     | __main__:run_zonal_forecast:408 -   South West       Lagos        * Sesame                N   1,710,354/MT  +0.02%
2026-08-28 07:38:35.553 | INFO     | __main__:run_zonal_forecast:408 -   South West       Lagos        * Cocoa                 N   5,609,724/MT  +0.08%
2026-08-28 07:38:35.557 | INFO     | __main__:run_zonal_forecast:408 -   South West       Lagos        * Soybeans              N     970,334/MT  +0.02%
2026-08-28 07:38:35.561 | INFO     | __main__:run_zonal_forecast:408 -   South West       Lagos        * Beans (white)         N     775,885/MT  -0.16%
2026-08-28 07:38:35.561 | INFO     | __main__:run_zonal_forecast:408 -   South West       Lagos        * Beans (red)           N     877,154/MT  -0.14%
2026-08-28 07:38:35.563 | INFO     | __main__:run_zonal_forecast:408 -   South West       Lagos        * Maize (white)         N     313,628/MT  -2.14%
2026-08-28 07:38:35.563 | INFO     | __main__:run_zonal_forecast:408 -   South West       Lagos        * Maize (yellow)        N     337,856/MT  -2.09%
2026-08-28 07:38:35.565 | INFO     | __main__:run_zonal_forecast:408 -   South East       Anambra      * Cocoa                 N   5,453,899/MT  +0.08%
2026-08-28 07:38:35.569 | INFO     | __main__:run_zonal_forecast:408 -   South East       Anambra      * Cashew Nuts           N   1,633,382/MT  -0.23%
2026-08-28 07:38:35.570 | INFO     | __main__:run_zonal_forecast:408 -   South East       Anambra      * Beans (white)         N     715,269/MT  -0.16%
2026-08-28 07:38:35.571 | INFO     | __main__:run_zonal_forecast:408 -   South East       Anambra      * Beans (red)           N     806,982/MT  -0.14%
2026-08-28 07:38:35.571 | INFO     | __main__:run_zonal_forecast:408 -   South East       Anambra      * Maize (white)         N     289,503/MT  -2.14%
2026-08-28 07:38:35.575 | INFO     | __main__:run_zonal_forecast:408 -   South East       Imo          * Cocoa                 N   4,726,712/MT  +0.08%
2026-08-28 07:38:35.577 | INFO     | __main__:run_zonal_forecast:408 -   South East       Imo          * Cashew Nuts           N   1,573,986/MT  -0.23%
2026-08-28 07:38:35.583 | INFO     | __main__:run_zonal_forecast:408 -   South East       Imo          * Beans (white)         N     697,084/MT  -0.16%
2026-08-28 07:38:35.583 | INFO     | __main__:run_zonal_forecast:408 -   South East       Imo          * Maize (white)         N     282,266/MT  -2.14%
2026-08-28 07:38:35.585 | INFO     | __main__:run_zonal_forecast:408 -   South South      Rivers       * Hibiscus              N   2,557,061/MT  -0.06%
2026-08-28 07:38:35.587 | INFO     | __main__:run_zonal_forecast:408 -   South South      Rivers       * Sesame                N   1,710,354/MT  +0.02%
2026-08-28 07:38:35.589 | INFO     | __main__:run_zonal_forecast:408 -   South South      Rivers       * Cocoa                 N   5,453,899/MT  +0.08%
2026-08-28 07:38:35.595 | INFO     | __main__:run_zonal_forecast:408 -   South South      Rivers       * Beans (white)         N     739,515/MT  -0.16%
2026-08-28 07:38:35.597 | INFO     | __main__:run_zonal_forecast:408 -   South South      Rivers       * Beans (red)           N     842,068/MT  -0.14%
2026-08-28 07:38:35.601 | INFO     | __main__:run_zonal_forecast:408 -   South South      Rivers       * Maize (white)         N     301,566/MT  -2.14%
2026-08-28 07:38:35.603 | INFO     | __main__:run_zonal_forecast:408 -   South South      Delta        * Hibiscus              N   2,465,738/MT  -0.06%
2026-08-28 07:38:35.604 | INFO     | __main__:run_zonal_forecast:408 -   South South      Delta        * Sesame                N   1,681,365/MT  +0.02%
2026-08-28 07:38:35.605 | INFO     | __main__:run_zonal_forecast:408 -   South South      Delta        * Cocoa                 N   4,830,596/MT  +0.08%
2026-08-28 07:38:35.605 | INFO     | __main__:run_zonal_forecast:408 -   South South      Delta        * Soybeans              N     906,706/MT  +0.02%
2026-08-28 07:38:35.610 | INFO     | __main__:run_zonal_forecast:408 -   South South      Delta        * Beans (white)         N     709,207/MT  -0.16%
2026-08-28 07:38:35.610 | INFO     | __main__:run_zonal_forecast:408 -   South South      Delta        * Maize (white)         N     289,503/MT  -2.14%
2026-08-28 07:38:38.755 | SUCCESS  | __main__:run_zonal_forecast:422 -   Zonal JSON  -> C:\Users\USER\Downloads\agrolinking-intel-structure\agrolinking-intel\outputs\forecasts\zonal\zonal_forecast_2026-08-28.json
2026-08-28 07:38:38.755 | SUCCESS  | __main__:run_zonal_forecast:428 -   Zonal alert -> C:\Users\USER\Downloads\agrolinking-intel-structure\agrolinking-intel\outputs\daily_alerts\alert_zonal_2026-08-28.txt
2026-08-28 07:38:38.762 | INFO     | __main__:run_zonal_forecast:430 - 
2026-08-28 07:38:38.762 | INFO     | __main__:run_zonal_forecast:431 - =================================================================
2026-08-28 07:38:38.764 | INFO     | __main__:run_zonal_forecast:433 -   ================================================
2026-08-28 07:38:38.764 | INFO     | __main__:run_zonal_forecast:433 -   AGROLINKING ZONAL COMMODITY INTELLIGENCE
2026-08-28 07:38:38.764 | INFO     | __main__:run_zonal_forecast:433 -   Date: Friday, 28 August 2026
2026-08-28 07:38:38.766 | INFO     | __main__:run_zonal_forecast:433 -   6 Zones | 12 States | 12 Commodities
2026-08-28 07:38:38.766 | INFO     | __main__:run_zonal_forecast:433 -   ================================================
2026-08-28 07:38:38.766 | INFO     | __main__:run_zonal_forecast:433 -   
2026-08-28 07:38:38.766 | INFO     | __main__:run_zonal_forecast:433 -   NORTH WEST (Kano & Kaduna)
2026-08-28 07:38:38.766 | INFO     | __main__:run_zonal_forecast:433 -   Nigeria's main grain belt. Highest Maize, Sorghum, Sesame, Wheat production.
2026-08-28 07:38:38.769 | INFO     | __main__:run_zonal_forecast:433 -   
2026-08-28 07:38:38.769 | INFO     | __main__:run_zonal_forecast:433 -     Commodity           Kano                Kaduna            
2026-08-28 07:38:38.769 | INFO     | __main__:run_zonal_forecast:433 -     ------------------------------------------------------------
2026-08-28 07:38:38.769 | INFO     | __main__:run_zonal_forecast:433 -     Hibiscus                N2.169M    (-0.06%)     N2.123M    (-0.06%) 
2026-08-28 07:38:38.771 | INFO     | __main__:run_zonal_forecast:433 -     Sesame                * N1.203M    (+0.02%)     N1.232M    (+0.02%) 
2026-08-28 07:38:38.771 | INFO     | __main__:run_zonal_forecast:433 -     Ginger                  N8.733M    (-0.05%)   * N6.416M    (-0.05%) 
2026-08-28 07:38:38.773 | INFO     | __main__:run_zonal_forecast:433 -     Cocoa                   N5.298M    (+0.08%)     N5.454M    (+0.08%) 
2026-08-28 07:38:38.773 | INFO     | __main__:run_zonal_forecast:433 -     Soybeans                N716K      (+0.02%)   * N668K      (+0.02%) 
2026-08-28 07:38:38.773 | INFO     | __main__:run_zonal_forecast:433 -     Cashew Nuts             N1.485M    (-0.23%)     N1.515M    (-0.23%) 
2026-08-28 07:38:38.773 | INFO     | __main__:run_zonal_forecast:433 -     Sorghum               * N177K      (-0.37%)   * N182K      (-0.37%) 
2026-08-28 07:38:38.773 | INFO     | __main__:run_zonal_forecast:433 -     Beans (white)         * N527K      (-0.16%)     N533K      (-0.16%) 
2026-08-28 07:38:38.773 | INFO     | __main__:run_zonal_forecast:433 -     Beans (red)             N632K      (-0.14%)     N639K      (-0.14%) 
2026-08-28 07:38:38.778 | INFO     | __main__:run_zonal_forecast:433 -     Maize (white)         * N193K      (-2.14%)   * N195K      (-2.14%) 
2026-08-28 07:38:38.778 | INFO     | __main__:run_zonal_forecast:433 -     Maize (yellow)        * N208K      (-2.09%)   * N211K      (-2.09%) 
2026-08-28 07:38:38.778 | INFO     | __main__:run_zonal_forecast:433 -     Wheat                 * N818K      (-0.04%)   * N799K      (-0.04%) 
2026-08-28 07:38:38.778 | INFO     | __main__:run_zonal_forecast:433 -     Rice                    N1.239M                 N1.213M             
2026-08-28 07:38:38.780 | INFO     | __main__:run_zonal_forecast:433 -     Meat (beef)             N4.043M                 N4.043M             
2026-08-28 07:38:38.780 | INFO     | __main__:run_zonal_forecast:433 -     Meat (goat)             N5.630M    (-0.04%)     N5.630M    (-0.04%) 
2026-08-28 07:38:38.780 | INFO     | __main__:run_zonal_forecast:433 -     Fish (dried)            N8.480M    (+0.01%)     N8.480M    (+0.01%) 
2026-08-28 07:38:38.780 | INFO     | __main__:run_zonal_forecast:433 -     Eggs                    N6K        (-0.06%)     N6K        (-0.06%) 
2026-08-28 07:38:38.780 | INFO     | __main__:run_zonal_forecast:433 -   
2026-08-28 07:38:38.780 | INFO     | __main__:run_zonal_forecast:433 -   NORTH CENTRAL (Plateau & Kogi)
2026-08-28 07:38:38.780 | INFO     | __main__:run_zonal_forecast:433 -   Middle Belt. Ginger heartland (Plateau), Cashew/Cocoa belt (Kogi).
2026-08-28 07:38:38.780 | INFO     | __main__:run_zonal_forecast:433 -   
2026-08-28 07:38:38.780 | INFO     | __main__:run_zonal_forecast:433 -     Commodity           Plateau             Kogi              
2026-08-28 07:38:38.780 | INFO     | __main__:run_zonal_forecast:433 -     ------------------------------------------------------------
2026-08-28 07:38:38.780 | INFO     | __main__:run_zonal_forecast:433 -     Hibiscus                N2.215M    (-0.06%)     N2.192M    (-0.06%) 
2026-08-28 07:38:38.780 | INFO     | __main__:run_zonal_forecast:433 -     Sesame                  N1.391M    (+0.02%)     N1.406M    (+0.02%) 
2026-08-28 07:38:38.780 | INFO     | __main__:run_zonal_forecast:433 -     Ginger                * N6.683M    (-0.05%)     N8.376M    (-0.05%) 
2026-08-28 07:38:38.788 | INFO     | __main__:run_zonal_forecast:433 -     Cocoa                   N5.610M    (+0.08%)   * N4.571M    (+0.08%) 
2026-08-28 07:38:38.788 | INFO     | __main__:run_zonal_forecast:433 -     Soybeans              * N660K      (+0.02%)   * N692K      (+0.02%) 
2026-08-28 07:38:38.788 | INFO     | __main__:run_zonal_forecast:433 -     Cashew Nuts             N1.559M    (-0.23%)   * N1.188M    (-0.23%) 
2026-08-28 07:38:38.790 | INFO     | __main__:run_zonal_forecast:433 -     Sorghum                 N209K      (-0.37%)   * N207K      (-0.37%) 
2026-08-28 07:38:38.790 | INFO     | __main__:run_zonal_forecast:433 -     Beans (white)         * N546K      (-0.16%)   * N558K      (-0.16%) 
2026-08-28 07:38:38.790 | INFO     | __main__:run_zonal_forecast:433 -     Beans (red)             N667K      (-0.14%)     N660K      (-0.14%) 
2026-08-28 07:38:38.790 | INFO     | __main__:run_zonal_forecast:433 -     Maize (white)         * N210K      (-2.14%)   * N217K      (-2.14%) 
2026-08-28 07:38:38.790 | INFO     | __main__:run_zonal_forecast:433 -     Maize (yellow)          N229K      (-2.09%)     N236K      (-2.09%) 
2026-08-28 07:38:38.793 | INFO     | __main__:run_zonal_forecast:433 -     Wheat                 * N836K      (-0.04%)     N891K      (-0.04%) 
2026-08-28 07:38:38.793 | INFO     | __main__:run_zonal_forecast:433 -     Rice                    N1.174M                 N1.266M             
2026-08-28 07:38:38.795 | INFO     | __main__:run_zonal_forecast:433 -     Meat (beef)             N4.415M                 N4.415M             
2026-08-28 07:38:38.795 | INFO     | __main__:run_zonal_forecast:433 -     Meat (goat)             N6.148M    (-0.04%)     N6.148M    (-0.04%) 
2026-08-28 07:38:38.797 | INFO     | __main__:run_zonal_forecast:433 -     Fish (dried)            N9.260M    (+0.01%)     N9.260M    (+0.01%) 
2026-08-28 07:38:38.797 | INFO     | __main__:run_zonal_forecast:433 -     Eggs                    N7K        (-0.06%)     N7K        (-0.06%) 
2026-08-28 07:38:38.798 | INFO     | __main__:run_zonal_forecast:433 -   
2026-08-28 07:38:38.798 | INFO     | __main__:run_zonal_forecast:433 -   NORTH EAST (Adamawa & Borno)
2026-08-28 07:38:38.798 | INFO     | __main__:run_zonal_forecast:433 -   Semi-arid. Sorghum, Maize. Conflict premium on imports in Borno.
2026-08-28 07:38:38.798 | INFO     | __main__:run_zonal_forecast:433 -   
2026-08-28 07:38:38.798 | INFO     | __main__:run_zonal_forecast:433 -     Commodity           Adamawa             Borno             
2026-08-28 07:38:38.798 | INFO     | __main__:run_zonal_forecast:433 -     ------------------------------------------------------------
2026-08-28 07:38:38.798 | INFO     | __main__:run_zonal_forecast:433 -     Hibiscus                N2.237M    (-0.06%)     N2.397M    (-0.06%) 
2026-08-28 07:38:38.798 | INFO     | __main__:run_zonal_forecast:433 -     Sesame                * N1.247M    (+0.02%)   * N1.290M    (+0.02%) 
2026-08-28 07:38:38.798 | INFO     | __main__:run_zonal_forecast:433 -     Ginger                * N7.396M    (-0.05%)     N10.248M   (-0.05%) 
2026-08-28 07:38:38.804 | INFO     | __main__:run_zonal_forecast:433 -     Cocoa                   N5.454M    (+0.08%)     N6.129M    (+0.08%) 
2026-08-28 07:38:38.805 | INFO     | __main__:run_zonal_forecast:433 -     Soybeans              * N708K      (+0.02%)     N859K      (+0.02%) 
2026-08-28 07:38:38.805 | INFO     | __main__:run_zonal_forecast:433 -     Cashew Nuts             N1.544M    (-0.23%)     N1.708M    (-0.23%) 
2026-08-28 07:38:38.805 | INFO     | __main__:run_zonal_forecast:433 -     Sorghum               * N198K      (-0.37%)   * N209K      (-0.37%) 
2026-08-28 07:38:38.805 | INFO     | __main__:run_zonal_forecast:433 -     Beans (white)         * N558K      (-0.16%)   * N643K      (-0.16%) 
2026-08-28 07:38:38.807 | INFO     | __main__:run_zonal_forecast:433 -     Beans (red)             N667K      (-0.14%)     N772K      (-0.14%) 
2026-08-28 07:38:38.807 | INFO     | __main__:run_zonal_forecast:433 -     Maize (white)         * N212K      (-2.14%)   * N261K      (-2.14%) 
2026-08-28 07:38:38.807 | INFO     | __main__:run_zonal_forecast:433 -     Maize (yellow)          N231K      (-2.09%)     N281K      (-2.09%) 
2026-08-28 07:38:38.807 | INFO     | __main__:run_zonal_forecast:433 -     Wheat                   N900K      (-0.04%)   * N1.029M    (-0.04%) 
2026-08-28 07:38:38.810 | INFO     | __main__:run_zonal_forecast:433 -     Rice                    N1.331M                 N1.435M             
2026-08-28 07:38:38.810 | INFO     | __main__:run_zonal_forecast:433 -     Meat (beef)             N4.740M                 N4.740M             
2026-08-28 07:38:38.810 | INFO     | __main__:run_zonal_forecast:433 -     Meat (goat)             N6.601M    (-0.04%)     N6.601M    (-0.04%) 
2026-08-28 07:38:38.812 | INFO     | __main__:run_zonal_forecast:433 -     Fish (dried)            N9.942M    (+0.01%)     N9.942M    (+0.01%) 
2026-08-28 07:38:38.812 | INFO     | __main__:run_zonal_forecast:433 -     Eggs                    N7K        (-0.06%)     N7K        (-0.06%) 
2026-08-28 07:38:38.814 | INFO     | __main__:run_zonal_forecast:433 -   
2026-08-28 07:38:38.815 | INFO     | __main__:run_zonal_forecast:433 -   SOUTH WEST (Oyo & Lagos)
2026-08-28 07:38:38.815 | INFO     | __main__:run_zonal_forecast:433 -   Commercial capital. Lagos is the price-setter for consumer markets.
2026-08-28 07:38:38.815 | INFO     | __main__:run_zonal_forecast:433 -   
2026-08-28 07:38:38.815 | INFO     | __main__:run_zonal_forecast:433 -     Commodity           Oyo                 Lagos             
2026-08-28 07:38:38.815 | INFO     | __main__:run_zonal_forecast:433 -     ------------------------------------------------------------
2026-08-28 07:38:38.815 | INFO     | __main__:run_zonal_forecast:433 -     Hibiscus              * N2.352M    (-0.06%)   * N2.626M    (-0.06%) 
2026-08-28 07:38:38.815 | INFO     | __main__:run_zonal_forecast:433 -     Sesame                  N1.536M    (+0.02%)   * N1.710M    (+0.02%) 
2026-08-28 07:38:38.815 | INFO     | __main__:run_zonal_forecast:433 -     Ginger                  N9.624M    (-0.05%)     N10.693M   (-0.05%) 
2026-08-28 07:38:38.815 | INFO     | __main__:run_zonal_forecast:433 -     Cocoa                 * N4.623M    (+0.08%)   * N5.610M    (+0.08%) 
2026-08-28 07:38:38.815 | INFO     | __main__:run_zonal_forecast:433 -     Soybeans              * N827K      (+0.02%)   * N970K      (+0.02%) 
2026-08-28 07:38:38.815 | INFO     | __main__:run_zonal_forecast:433 -     Cashew Nuts           * N1.277M    (-0.23%)     N1.633M    (-0.23%) 
2026-08-28 07:38:38.821 | INFO     | __main__:run_zonal_forecast:433 -     Sorghum                 N238K      (-0.37%)     N268K      (-0.37%) 
2026-08-28 07:38:38.821 | INFO     | __main__:run_zonal_forecast:433 -     Beans (white)         * N667K      (-0.16%)   * N776K      (-0.16%) 
2026-08-28 07:38:38.823 | INFO     | __main__:run_zonal_forecast:433 -     Beans (red)             N786K      (-0.14%)   * N877K      (-0.14%) 
2026-08-28 07:38:38.823 | INFO     | __main__:run_zonal_forecast:433 -     Maize (white)         * N261K      (-2.14%)   * N314K      (-2.14%) 
2026-08-28 07:38:38.824 | INFO     | __main__:run_zonal_forecast:433 -     Maize (yellow)          N281K      (-2.09%)   * N338K      (-2.09%) 
2026-08-28 07:38:38.824 | INFO     | __main__:run_zonal_forecast:433 -     Wheat                   N1.011M    (-0.04%)     N1.057M    (-0.04%) 
2026-08-28 07:38:38.824 | INFO     | __main__:run_zonal_forecast:433 -     Rice                    N1.409M                 N1.540M             
2026-08-28 07:38:38.824 | INFO     | __main__:run_zonal_forecast:433 -     Meat (beef)             N5.391M                 N5.391M             
2026-08-28 07:38:38.824 | INFO     | __main__:run_zonal_forecast:433 -     Meat (goat)             N7.507M    (-0.04%)     N7.507M    (-0.04%) 
2026-08-28 07:38:38.824 | INFO     | __main__:run_zonal_forecast:433 -     Fish (dried)            N11.307M   (+0.01%)     N11.307M   (+0.01%) 
2026-08-28 07:38:38.824 | INFO     | __main__:run_zonal_forecast:433 -     Eggs                    N8K        (-0.06%)     N8K        (-0.06%) 
2026-08-28 07:38:38.824 | INFO     | __main__:run_zonal_forecast:433 -   
2026-08-28 07:38:38.824 | INFO     | __main__:run_zonal_forecast:433 -   SOUTH EAST (Anambra & Imo)
2026-08-28 07:38:38.830 | INFO     | __main__:run_zonal_forecast:433 -   High consumption, low production of traded commodities. Import-dependent.
2026-08-28 07:38:38.830 | INFO     | __main__:run_zonal_forecast:433 -   
2026-08-28 07:38:38.830 | INFO     | __main__:run_zonal_forecast:433 -     Commodity           Anambra             Imo               
2026-08-28 07:38:38.830 | INFO     | __main__:run_zonal_forecast:433 -     ------------------------------------------------------------
2026-08-28 07:38:38.830 | INFO     | __main__:run_zonal_forecast:433 -     Hibiscus                N2.557M    (-0.06%)     N2.511M    (-0.06%) 
2026-08-28 07:38:38.830 | INFO     | __main__:run_zonal_forecast:433 -     Sesame                  N1.681M    (+0.02%)     N1.652M    (+0.02%) 
2026-08-28 07:38:38.834 | INFO     | __main__:run_zonal_forecast:433 -     Ginger                  N10.248M   (-0.05%)     N9.980M    (-0.05%) 
2026-08-28 07:38:38.834 | INFO     | __main__:run_zonal_forecast:433 -     Cocoa                 * N5.454M    (+0.08%)   * N4.727M    (+0.08%) 
2026-08-28 07:38:38.834 | INFO     | __main__:run_zonal_forecast:433 -     Soybeans                N907K      (+0.02%)     N891K      (+0.02%) 
2026-08-28 07:38:38.836 | INFO     | __main__:run_zonal_forecast:433 -     Cashew Nuts           * N1.633M    (-0.23%)   * N1.574M    (-0.23%) 
2026-08-28 07:38:38.836 | INFO     | __main__:run_zonal_forecast:433 -     Sorghum                 N259K      (-0.37%)     N254K      (-0.37%) 
2026-08-28 07:38:38.836 | INFO     | __main__:run_zonal_forecast:433 -     Beans (white)         * N715K      (-0.16%)   * N697K      (-0.16%) 
2026-08-28 07:38:38.838 | INFO     | __main__:run_zonal_forecast:433 -     Beans (red)           * N807K      (-0.14%)     N793K      (-0.14%) 
2026-08-28 07:38:38.838 | INFO     | __main__:run_zonal_forecast:433 -     Maize (white)         * N290K      (-2.14%)   * N282K      (-2.14%) 
2026-08-28 07:38:38.838 | INFO     | __main__:run_zonal_forecast:433 -     Maize (yellow)          N312K      (-2.09%)     N304K      (-2.09%) 
2026-08-28 07:38:38.838 | INFO     | __main__:run_zonal_forecast:433 -     Wheat                   N1.084M    (-0.04%)     N1.066M    (-0.04%) 
2026-08-28 07:38:38.838 | INFO     | __main__:run_zonal_forecast:433 -     Rice                    N1.461M                 N1.435M             
2026-08-28 07:38:38.841 | INFO     | __main__:run_zonal_forecast:433 -     Meat (beef)             N5.252M                 N5.252M             
2026-08-28 07:38:38.841 | INFO     | __main__:run_zonal_forecast:433 -     Meat (goat)             N7.313M    (-0.04%)     N7.313M    (-0.04%) 
2026-08-28 07:38:38.841 | INFO     | __main__:run_zonal_forecast:433 -     Fish (dried)            N11.014M   (+0.01%)     N11.014M   (+0.01%) 
2026-08-28 07:38:38.841 | INFO     | __main__:run_zonal_forecast:433 -     Eggs                    N8K        (-0.06%)     N8K        (-0.06%) 
2026-08-28 07:38:38.841 | INFO     | __main__:run_zonal_forecast:433 -   
2026-08-28 07:38:38.844 | INFO     | __main__:run_zonal_forecast:433 -   SOUTH SOUTH (Rivers & Delta)
2026-08-28 07:38:38.844 | INFO     | __main__:run_zonal_forecast:433 -   Oil belt. High purchasing power. Cocoa producer (Delta).
2026-08-28 07:38:38.846 | INFO     | __main__:run_zonal_forecast:433 -   
2026-08-28 07:38:38.846 | INFO     | __main__:run_zonal_forecast:433 -     Commodity           Rivers              Delta             
2026-08-28 07:38:38.846 | INFO     | __main__:run_zonal_forecast:433 -     ------------------------------------------------------------
2026-08-28 07:38:38.846 | INFO     | __main__:run_zonal_forecast:433 -     Hibiscus              * N2.557M    (-0.06%)   * N2.466M    (-0.06%) 
2026-08-28 07:38:38.846 | INFO     | __main__:run_zonal_forecast:433 -     Sesame                * N1.710M    (+0.02%)   * N1.681M    (+0.02%) 
2026-08-28 07:38:38.846 | INFO     | __main__:run_zonal_forecast:433 -     Ginger                  N10.693M   (-0.05%)     N10.248M   (-0.05%) 
2026-08-28 07:38:38.846 | INFO     | __main__:run_zonal_forecast:433 -     Cocoa                 * N5.454M    (+0.08%)   * N4.831M    (+0.08%) 
2026-08-28 07:38:38.846 | INFO     | __main__:run_zonal_forecast:433 -     Soybeans                N939K      (+0.02%)   * N907K      (+0.02%) 
2026-08-28 07:38:38.851 | INFO     | __main__:run_zonal_forecast:433 -     Cashew Nuts             N1.708M    (-0.23%)     N1.633M    (-0.23%) 
2026-08-28 07:38:38.851 | INFO     | __main__:run_zonal_forecast:433 -     Sorghum                 N272K      (-0.37%)     N268K      (-0.37%) 
2026-08-28 07:38:38.851 | INFO     | __main__:run_zonal_forecast:433 -     Beans (white)         * N740K      (-0.16%)   * N709K      (-0.16%) 
2026-08-28 07:38:38.851 | INFO     | __main__:run_zonal_forecast:433 -     Beans (red)           * N842K      (-0.14%)     N807K      (-0.14%) 
2026-08-28 07:38:38.851 | INFO     | __main__:run_zonal_forecast:433 -     Maize (white)         * N302K      (-2.14%)   * N290K      (-2.14%) 
2026-08-28 07:38:38.851 | INFO     | __main__:run_zonal_forecast:433 -     Maize (yellow)          N325K      (-2.09%)     N312K      (-2.09%) 
2026-08-28 07:38:38.854 | INFO     | __main__:run_zonal_forecast:433 -     Wheat                   N1.121M    (-0.04%)     N1.103M    (-0.04%) 
2026-08-28 07:38:38.854 | INFO     | __main__:run_zonal_forecast:433 -     Rice                    N1.500M                 N1.461M             
2026-08-28 07:38:38.854 | INFO     | __main__:run_zonal_forecast:433 -     Meat (beef)             N5.298M                 N5.298M             
2026-08-28 07:38:38.854 | INFO     | __main__:run_zonal_forecast:433 -     Meat (goat)             N7.377M    (-0.04%)     N7.377M    (-0.04%) 
2026-08-28 07:38:38.858 | INFO     | __main__:run_zonal_forecast:433 -     Fish (dried)            N11.112M   (+0.01%)     N11.112M   (+0.01%) 
2026-08-28 07:38:38.858 | INFO     | __main__:run_zonal_forecast:433 -     Eggs                    N8K        (-0.06%)     N8K        (-0.06%) 
2026-08-28 07:38:38.859 | INFO     | __main__:run_zonal_forecast:433 -   
2026-08-28 07:38:38.859 | INFO     | __main__:run_zonal_forecast:433 -   ==========================================================
2026-08-28 07:38:38.859 | INFO     | __main__:run_zonal_forecast:433 -   * = primary commodity  (+/-%) = day-on-day change
2026-08-28 07:38:38.859 | INFO     | __main__:run_zonal_forecast:433 -   
2026-08-28 07:38:38.862 | INFO     | __main__:run_zonal_forecast:433 -   NATIONAL PRICE CHANGES TODAY:
2026-08-28 07:38:38.862 | INFO     | __main__:run_zonal_forecast:433 -     Commodity                   Price   Day Chg    vs Ref
2026-08-28 07:38:38.862 | INFO     | __main__:run_zonal_forecast:433 -     ------------------------------------------------------
2026-08-28 07:38:38.866 | INFO     | __main__:run_zonal_forecast:433 -     Hibiscus                  N2.283M    -0.06%    -8.68%
2026-08-28 07:38:38.866 | INFO     | __main__:run_zonal_forecast:433 -     Sesame                    N1.449M    +0.02%    +2.07%
2026-08-28 07:38:38.866 | INFO     | __main__:run_zonal_forecast:433 -     Ginger                    N8.911M    -0.05%    -5.20%
2026-08-28 07:38:38.868 | INFO     | __main__:run_zonal_forecast:433 -     Cocoa                     N5.194M    +0.08%   +15.43%
2026-08-28 07:38:38.868 | INFO     | __main__:run_zonal_forecast:433 -     Soybeans                    N795K    +0.02%    +0.68%
2026-08-28 07:38:38.868 | INFO     | __main__:run_zonal_forecast:433 -     Cashew Nuts               N1.485M    -0.23%   -23.06%
2026-08-28 07:38:38.870 | INFO     | __main__:run_zonal_forecast:433 -     Sorghum                     N227K    -0.37%   -34.20%
2026-08-28 07:38:38.870 | INFO     | __main__:run_zonal_forecast:433 -     Beans (white)               N606K    -0.16%   -19.18%
2026-08-28 07:38:38.870 | INFO     | __main__:run_zonal_forecast:433 -     Beans (red)                 N702K    -0.14%   -17.44%
2026-08-28 07:38:38.870 | INFO     | __main__:run_zonal_forecast:433 -     Maize (white)               N241K    -2.14%   -38.92%
2026-08-28 07:38:38.870 | INFO     | __main__:run_zonal_forecast:433 -     Maize (yellow)              N260K    -2.09%   -38.27%
2026-08-28 07:38:38.870 | INFO     | __main__:run_zonal_forecast:433 -     Wheat                       N919K    -0.04%    -8.12%
2026-08-28 07:38:38.873 | INFO     | __main__:run_zonal_forecast:433 -     Rice                      N1.305M    +0.00%    -1.16%
2026-08-28 07:38:38.873 | INFO     | __main__:run_zonal_forecast:433 -     Meat (beef)               N4.648M    +0.00%    +2.46%
2026-08-28 07:38:38.875 | INFO     | __main__:run_zonal_forecast:433 -     Meat (goat)               N6.471M    -0.04%    -7.55%
2026-08-28 07:38:38.875 | INFO     | __main__:run_zonal_forecast:433 -     Fish (dried)              N9.747M    +0.01%    -2.53%
2026-08-28 07:38:38.875 | INFO     | __main__:run_zonal_forecast:433 -     Eggs                          N7K    -0.06%   -10.66%
2026-08-28 07:38:38.878 | INFO     | __main__:run_zonal_forecast:433 -   
2026-08-28 07:38:38.879 | INFO     | __main__:run_zonal_forecast:433 -   BEST SOURCING NATIONALLY:
2026-08-28 07:38:38.879 | INFO     | __main__:run_zonal_forecast:433 -     Commodity              Best State           Price  Spread
2026-08-28 07:38:38.879 | INFO     | __main__:run_zonal_forecast:433 -     ------------------------------------------------------------
2026-08-28 07:38:38.879 | INFO     | __main__:run_zonal_forecast:433 -     Hibiscus               Kaduna             N2.123M  24% vs Lagos
2026-08-28 07:38:38.881 | INFO     | __main__:run_zonal_forecast:433 -     Sesame                 Kano               N1.203M  42% vs Lagos
2026-08-28 07:38:38.881 | INFO     | __main__:run_zonal_forecast:433 -     Ginger                 Kaduna             N6.416M  67% vs Lagos
2026-08-28 07:38:38.881 | INFO     | __main__:run_zonal_forecast:433 -     Cocoa                  Kogi               N4.571M  34% vs Borno
2026-08-28 07:38:38.881 | INFO     | __main__:run_zonal_forecast:433 -     Soybeans               Plateau              N660K  47% vs Lagos
2026-08-28 07:38:38.881 | INFO     | __main__:run_zonal_forecast:433 -     Cashew Nuts            Kogi               N1.188M  44% vs Borno
2026-08-28 07:38:38.881 | INFO     | __main__:run_zonal_forecast:433 -     Sorghum                Kano                 N177K  54% vs Rivers
2026-08-28 07:38:38.881 | INFO     | __main__:run_zonal_forecast:433 -     Beans (white)          Kano                 N527K  47% vs Lagos
2026-08-28 07:38:38.886 | INFO     | __main__:run_zonal_forecast:433 -     Beans (red)            Kano                 N632K  39% vs Lagos
2026-08-28 07:38:38.886 | INFO     | __main__:run_zonal_forecast:433 -     Maize (white)          Kano                 N193K  62% vs Lagos
2026-08-28 07:38:38.886 | INFO     | __main__:run_zonal_forecast:433 -     Maize (yellow)         Kano                 N208K  62% vs Lagos
2026-08-28 07:38:38.886 | INFO     | __main__:run_zonal_forecast:433 -     Wheat                  Kaduna               N799K  40% vs Rivers
2026-08-28 07:38:38.886 | INFO     | __main__:run_zonal_forecast:433 -     Rice                   Plateau            N1.174M  31% vs Lagos
2026-08-28 07:38:38.886 | INFO     | __main__:run_zonal_forecast:433 -     Meat (beef)            Kano               N4.043M  33% vs Oyo
2026-08-28 07:38:38.886 | INFO     | __main__:run_zonal_forecast:433 -     Meat (goat)            Kano               N5.630M  33% vs Oyo
2026-08-28 07:38:38.886 | INFO     | __main__:run_zonal_forecast:433 -     Fish (dried)           Kano               N8.480M  33% vs Oyo
2026-08-28 07:38:38.886 | INFO     | __main__:run_zonal_forecast:433 -     Eggs                   Kano                   N6K  33% vs Oyo
2026-08-28 07:38:38.886 | INFO     | __main__:run_zonal_forecast:433 -   
2026-08-28 07:38:38.886 | INFO     | __main__:run_zonal_forecast:433 -   ==========================================================
2026-08-28 07:38:38.886 | INFO     | __main__:run_zonal_forecast:433 -   Source: Agrolinking Intelligence Platform
2026-08-28 07:38:38.894 | INFO     | __main__:run_zonal_forecast:433 -   Next update: 29 Aug 2026
2026-08-28 07:38:38.896 | INFO     | __main__:run_zonal_forecast:434 - =================================================================
2026-08-28 07:38:38.897 | SUCCESS  | __main__:run_zonal_forecast:435 - ZONAL FORECASTING COMPLETE — 6 zones | 12 states | 17 commodities
2026-08-28 08:09:01.363 | INFO     | __main__:run_zonal_forecast:379 - =================================================================
2026-08-28 08:09:01.363 | INFO     | __main__:run_zonal_forecast:380 - STEP 7 — ZONAL & STATE-LEVEL FORECASTING
2026-08-28 08:09:01.371 | INFO     | __main__:run_zonal_forecast:381 -   Date  : Friday, 28 August 2026  08:09
2026-08-28 08:09:01.371 | INFO     | __main__:run_zonal_forecast:382 -   Anchor: DAILY INTERPOLATED (from last_known_date, drifts daily)
2026-08-28 08:09:01.371 | INFO     | __main__:run_zonal_forecast:383 - =================================================================
2026-08-28 08:09:01.553 | INFO     | __main__:run_zonal_forecast:386 -   Source: forecast_validated_2026-08-28.json
2026-08-28 08:09:01.553 | INFO     | __main__:run_zonal_forecast:393 -   Maize (white): last_known=2026-07-27, days_elapsed=32
2026-08-28 08:09:01.553 | INFO     | __main__:run_zonal_forecast:393 -   Hibiscus: last_known=2026-04-13, days_elapsed=137
2026-08-28 08:09:01.553 | INFO     | __main__:run_zonal_forecast:393 -   Sesame: last_known=2026-04-13, days_elapsed=137
2026-08-28 08:09:01.553 | INFO     | __main__:build_zonal_output:201 - 
2026-08-28 08:09:01.561 | INFO     | __main__:build_zonal_output:202 -   NATIONAL ANCHORS (interpolated from last_known_date to today):
2026-08-28 08:09:01.561 | INFO     | __main__:build_zonal_output:203 -   Commodity                 Today Price   Day Chg    vs Ref  Source
2026-08-28 08:09:01.561 | INFO     | __main__:build_zonal_output:204 -   --------------------------------------------------------------------------------
2026-08-28 08:09:01.561 | INFO     | __main__:build_zonal_output:233 -   Hibiscus               N   2,283,090    -0.06%   -8.68%  daily_series d137 (-1.80% vs ref)
2026-08-28 08:09:01.561 | INFO     | __main__:build_zonal_output:233 -   Sesame                 N   1,449,330    +0.02%   +2.07%  daily_series d137 (+16.41% vs ref)
2026-08-28 08:09:01.561 | INFO     | __main__:build_zonal_output:233 -   Ginger                 N   8,911,089    -0.05%   -5.20%  daily_series d137 (-8.13% vs ref)
2026-08-28 08:09:01.566 | INFO     | __main__:build_zonal_output:233 -   Cocoa                  N   5,194,189    +0.08%  +15.43%  daily_series d137 (-8.07% vs ref)
2026-08-28 08:09:01.566 | INFO     | __main__:build_zonal_output:233 -   Soybeans               N     795,356    +0.02%   +0.68%  daily_series d137 (+6.76% vs ref)
2026-08-28 08:09:01.566 | INFO     | __main__:build_zonal_output:233 -   Cashew Nuts            N   1,484,893    -0.23%  -23.06%  daily_series d137 (-23.85% vs ref)
2026-08-28 08:09:01.566 | INFO     | __main__:build_zonal_output:233 -   Sorghum                N     226,613    -0.37%  -34.32%  daily_series d137 (-32.35% vs ref)
2026-08-28 08:09:01.566 | INFO     | __main__:build_zonal_output:233 -   Beans (white)          N     607,526    -0.16%  -19.00%  daily_series d165 (-25.30% vs ref)
2026-08-28 08:09:01.570 | INFO     | __main__:build_zonal_output:233 -   Beans (red)            N     693,515    -0.15%  -18.41%  daily_series d165 (-24.21% vs ref)
2026-08-28 08:09:01.570 | INFO     | __main__:build_zonal_output:233 -   Maize (white)          N     236,803    -2.23%  -40.05%  daily_series d32 (-63.07% vs ref)
2026-08-28 08:09:01.570 | INFO     | __main__:build_zonal_output:233 -   Maize (yellow)         N     259,389    -2.09%  -38.39%  daily_series d32 (-62.46% vs ref)
2026-08-28 08:09:01.570 | INFO     | __main__:build_zonal_output:233 -   Wheat                  N     918,803    -0.04%   -8.12%  daily_series d137 (+29.99% vs ref)
2026-08-28 08:09:01.570 | DEBUG    | __main__:get_daily_price:79 -   last_known_date 2023-01-09 is stale (>2yr). Using forecast_start as anchor.
2026-08-28 08:09:01.570 | DEBUG    | __main__:get_daily_price:79 -   last_known_date 2023-01-09 is stale (>2yr). Using forecast_start as anchor.
2026-08-28 08:09:01.570 | INFO     | __main__:build_zonal_output:233 -   Rice                   N   1,304,679    +0.00%   -1.16%  daily_series d7 (+71.79% vs ref)
2026-08-28 08:09:01.570 | INFO     | __main__:build_zonal_output:233 -   Meat (beef)            N   4,647,343    +0.00%   +2.45%  daily_series d172 (-17.57% vs ref)
2026-08-28 08:09:01.570 | INFO     | __main__:build_zonal_output:233 -   Meat (goat)            N   6,471,428    -0.04%   -7.55%  daily_series d172 (+11.61% vs ref)
2026-08-28 08:09:01.570 | INFO     | __main__:build_zonal_output:233 -   Fish (dried)           N   9,747,121    +0.01%   -2.53%  daily_series d172 (+546.13% vs ref)
2026-08-28 08:09:01.576 | INFO     | __main__:build_zonal_output:233 -   Eggs                   N       7,076    -0.06%  -10.66%  daily_series d172 (+8.52% vs ref)
2026-08-28 08:09:01.576 | INFO     | __main__:build_zonal_output:236 - 
2026-08-28 08:09:01.852 | INFO     | __main__:run_zonal_forecast:399 - 
2026-08-28 08:09:01.852 | INFO     | __main__:run_zonal_forecast:400 -   Zone             State        Commodity                 State Price  Day Chg
2026-08-28 08:09:01.852 | INFO     | __main__:run_zonal_forecast:401 -   ------------------------------------------------------------------------
2026-08-28 08:09:01.852 | INFO     | __main__:run_zonal_forecast:408 -   North West       Kano         * Sesame                N   1,202,944/MT  +0.02%
2026-08-28 08:09:01.852 | INFO     | __main__:run_zonal_forecast:408 -   North West       Kano         * Sorghum               N     176,758/MT  -0.37%
2026-08-28 08:09:01.852 | INFO     | __main__:run_zonal_forecast:408 -   North West       Kano         * Beans (white)         N     528,547/MT  -0.16%
2026-08-28 08:09:01.852 | INFO     | __main__:run_zonal_forecast:408 -   North West       Kano         * Maize (white)         N     189,442/MT  -2.23%
2026-08-28 08:09:01.852 | INFO     | __main__:run_zonal_forecast:408 -   North West       Kano         * Maize (yellow)        N     207,511/MT  -2.09%
2026-08-28 08:09:01.852 | INFO     | __main__:run_zonal_forecast:408 -   North West       Kano         * Wheat                 N     817,735/MT  -0.04%
2026-08-28 08:09:01.852 | INFO     | __main__:run_zonal_forecast:408 -   North West       Kaduna       * Ginger                N   6,415,984/MT  -0.05%
2026-08-28 08:09:01.860 | INFO     | __main__:run_zonal_forecast:408 -   North West       Kaduna       * Soybeans              N     668,099/MT  +0.02%
2026-08-28 08:09:01.861 | INFO     | __main__:run_zonal_forecast:408 -   North West       Kaduna       * Sorghum               N     181,291/MT  -0.37%
2026-08-28 08:09:01.861 | INFO     | __main__:run_zonal_forecast:408 -   North West       Kaduna       * Maize (white)         N     191,810/MT  -2.23%
2026-08-28 08:09:01.862 | INFO     | __main__:run_zonal_forecast:408 -   North West       Kaduna       * Maize (yellow)        N     210,105/MT  -2.09%
2026-08-28 08:09:01.862 | INFO     | __main__:run_zonal_forecast:408 -   North West       Kaduna       * Wheat                 N     799,359/MT  -0.04%
2026-08-28 08:09:01.862 | INFO     | __main__:run_zonal_forecast:408 -   North Central    Plateau      * Ginger                N   6,683,317/MT  -0.05%
2026-08-28 08:09:01.862 | INFO     | __main__:run_zonal_forecast:408 -   North Central    Plateau      * Soybeans              N     660,146/MT  +0.02%
2026-08-28 08:09:01.862 | INFO     | __main__:run_zonal_forecast:408 -   North Central    Plateau      * Beans (white)         N     546,773/MT  -0.16%
2026-08-28 08:09:01.862 | INFO     | __main__:run_zonal_forecast:408 -   North Central    Plateau      * Maize (white)         N     206,018/MT  -2.23%
2026-08-28 08:09:01.862 | INFO     | __main__:run_zonal_forecast:408 -   North Central    Plateau      * Wheat                 N     836,111/MT  -0.04%
2026-08-28 08:09:01.862 | INFO     | __main__:run_zonal_forecast:408 -   North Central    Kogi         * Cocoa                 N   4,570,886/MT  +0.08%
2026-08-28 08:09:01.868 | INFO     | __main__:run_zonal_forecast:408 -   North Central    Kogi         * Soybeans              N     691,960/MT  +0.02%
2026-08-28 08:09:01.869 | INFO     | __main__:run_zonal_forecast:408 -   North Central    Kogi         * Cashew Nuts           N   1,187,914/MT  -0.23%
2026-08-28 08:09:01.869 | INFO     | __main__:run_zonal_forecast:408 -   North Central    Kogi         * Sorghum               N     206,218/MT  -0.37%
2026-08-28 08:09:01.869 | INFO     | __main__:run_zonal_forecast:408 -   North Central    Kogi         * Beans (white)         N     558,924/MT  -0.16%
2026-08-28 08:09:01.869 | INFO     | __main__:run_zonal_forecast:408 -   North Central    Kogi         * Maize (white)         N     213,122/MT  -2.23%
2026-08-28 08:09:01.869 | INFO     | __main__:run_zonal_forecast:408 -   North East       Adamawa      * Sesame                N   1,246,424/MT  +0.02%
2026-08-28 08:09:01.869 | INFO     | __main__:run_zonal_forecast:408 -   North East       Adamawa      * Ginger                N   7,396,204/MT  -0.05%
2026-08-28 08:09:01.869 | INFO     | __main__:run_zonal_forecast:408 -   North East       Adamawa      * Soybeans              N     707,867/MT  +0.02%
2026-08-28 08:09:01.869 | INFO     | __main__:run_zonal_forecast:408 -   North East       Adamawa      * Sorghum               N     197,153/MT  -0.37%
2026-08-28 08:09:01.869 | INFO     | __main__:run_zonal_forecast:408 -   North East       Adamawa      * Beans (white)         N     558,924/MT  -0.16%
2026-08-28 08:09:01.869 | INFO     | __main__:run_zonal_forecast:408 -   North East       Adamawa      * Maize (white)         N     208,386/MT  -2.23%
2026-08-28 08:09:01.869 | INFO     | __main__:run_zonal_forecast:408 -   North East       Borno        * Sesame                N   1,289,904/MT  +0.02%
2026-08-28 08:09:01.869 | INFO     | __main__:run_zonal_forecast:408 -   North East       Borno        * Sorghum               N     208,484/MT  -0.37%
2026-08-28 08:09:01.869 | INFO     | __main__:run_zonal_forecast:408 -   North East       Borno        * Beans (white)         N     643,977/MT  -0.16%
2026-08-28 08:09:01.869 | INFO     | __main__:run_zonal_forecast:408 -   North East       Borno        * Maize (white)         N     255,747/MT  -2.23%
2026-08-28 08:09:01.869 | INFO     | __main__:run_zonal_forecast:408 -   North East       Borno        * Wheat                 N   1,029,060/MT  -0.04%
2026-08-28 08:09:01.877 | INFO     | __main__:run_zonal_forecast:408 -   South West       Oyo          * Hibiscus              N   2,351,583/MT  -0.06%
2026-08-28 08:09:01.879 | INFO     | __main__:run_zonal_forecast:408 -   South West       Oyo          * Cocoa                 N   4,622,828/MT  +0.08%
2026-08-28 08:09:01.879 | INFO     | __main__:run_zonal_forecast:408 -   South West       Oyo          * Soybeans              N     827,170/MT  +0.02%
2026-08-28 08:09:01.879 | INFO     | __main__:run_zonal_forecast:408 -   South West       Oyo          * Cashew Nuts           N   1,277,008/MT  -0.23%
2026-08-28 08:09:01.879 | INFO     | __main__:run_zonal_forecast:408 -   South West       Oyo          * Beans (white)         N     668,278/MT  -0.16%
2026-08-28 08:09:01.879 | INFO     | __main__:run_zonal_forecast:408 -   South West       Oyo          * Maize (white)         N     255,747/MT  -2.23%
2026-08-28 08:09:01.882 | INFO     | __main__:run_zonal_forecast:408 -   South West       Lagos        * Hibiscus              N   2,625,554/MT  -0.06%
2026-08-28 08:09:01.882 | INFO     | __main__:run_zonal_forecast:408 -   South West       Lagos        * Sesame                N   1,710,209/MT  +0.02%
2026-08-28 08:09:01.882 | INFO     | __main__:run_zonal_forecast:408 -   South West       Lagos        * Cocoa                 N   5,609,724/MT  +0.08%
2026-08-28 08:09:01.884 | INFO     | __main__:run_zonal_forecast:408 -   South West       Lagos        * Soybeans              N     970,334/MT  +0.02%
2026-08-28 08:09:01.885 | INFO     | __main__:run_zonal_forecast:408 -   South West       Lagos        * Beans (white)         N     777,633/MT  -0.16%
2026-08-28 08:09:01.885 | INFO     | __main__:run_zonal_forecast:408 -   South West       Lagos        * Beans (red)           N     866,893/MT  -0.15%
2026-08-28 08:09:01.887 | INFO     | __main__:run_zonal_forecast:408 -   South West       Lagos        * Maize (white)         N     307,844/MT  -2.23%
2026-08-28 08:09:01.887 | INFO     | __main__:run_zonal_forecast:408 -   South West       Lagos        * Maize (yellow)        N     337,205/MT  -2.09%
2026-08-28 08:09:01.887 | INFO     | __main__:run_zonal_forecast:408 -   South East       Anambra      * Cocoa                 N   5,453,899/MT  +0.08%
2026-08-28 08:09:01.887 | INFO     | __main__:run_zonal_forecast:408 -   South East       Anambra      * Cashew Nuts           N   1,633,382/MT  -0.23%
2026-08-28 08:09:01.887 | INFO     | __main__:run_zonal_forecast:408 -   South East       Anambra      * Beans (white)         N     716,880/MT  -0.16%
2026-08-28 08:09:01.887 | INFO     | __main__:run_zonal_forecast:408 -   South East       Anambra      * Beans (red)           N     797,542/MT  -0.15%
2026-08-28 08:09:01.890 | INFO     | __main__:run_zonal_forecast:408 -   South East       Anambra      * Maize (white)         N     284,163/MT  -2.23%
2026-08-28 08:09:01.890 | INFO     | __main__:run_zonal_forecast:408 -   South East       Imo          * Cocoa                 N   4,726,712/MT  +0.08%
2026-08-28 08:09:01.890 | INFO     | __main__:run_zonal_forecast:408 -   South East       Imo          * Cashew Nuts           N   1,573,986/MT  -0.23%
2026-08-28 08:09:01.890 | INFO     | __main__:run_zonal_forecast:408 -   South East       Imo          * Beans (white)         N     698,655/MT  -0.16%
2026-08-28 08:09:01.890 | INFO     | __main__:run_zonal_forecast:408 -   South East       Imo          * Maize (white)         N     277,059/MT  -2.23%
2026-08-28 08:09:01.890 | INFO     | __main__:run_zonal_forecast:408 -   South South      Rivers       * Hibiscus              N   2,557,061/MT  -0.06%
2026-08-28 08:09:01.893 | INFO     | __main__:run_zonal_forecast:408 -   South South      Rivers       * Sesame                N   1,710,209/MT  +0.02%
2026-08-28 08:09:01.893 | INFO     | __main__:run_zonal_forecast:408 -   South South      Rivers       * Cocoa                 N   5,453,899/MT  +0.08%
2026-08-28 08:09:01.893 | INFO     | __main__:run_zonal_forecast:408 -   South South      Rivers       * Beans (white)         N     741,181/MT  -0.16%
2026-08-28 08:09:01.893 | INFO     | __main__:run_zonal_forecast:408 -   South South      Rivers       * Beans (red)           N     832,218/MT  -0.15%
2026-08-28 08:09:01.893 | INFO     | __main__:run_zonal_forecast:408 -   South South      Rivers       * Maize (white)         N     296,003/MT  -2.23%
2026-08-28 08:09:01.893 | INFO     | __main__:run_zonal_forecast:408 -   South South      Delta        * Hibiscus              N   2,465,738/MT  -0.06%
2026-08-28 08:09:01.893 | INFO     | __main__:run_zonal_forecast:408 -   South South      Delta        * Sesame                N   1,681,223/MT  +0.02%
2026-08-28 08:09:01.893 | INFO     | __main__:run_zonal_forecast:408 -   South South      Delta        * Cocoa                 N   4,830,596/MT  +0.08%
2026-08-28 08:09:01.899 | INFO     | __main__:run_zonal_forecast:408 -   South South      Delta        * Soybeans              N     906,706/MT  +0.02%
2026-08-28 08:09:01.901 | INFO     | __main__:run_zonal_forecast:408 -   South South      Delta        * Beans (white)         N     710,805/MT  -0.16%
2026-08-28 08:09:01.901 | INFO     | __main__:run_zonal_forecast:408 -   South South      Delta        * Maize (white)         N     284,163/MT  -2.23%
2026-08-28 08:09:04.619 | SUCCESS  | __main__:run_zonal_forecast:422 -   Zonal JSON  -> C:\Users\USER\Downloads\agrolinking-intel-structure\agrolinking-intel\outputs\forecasts\zonal\zonal_forecast_2026-08-28.json
2026-08-28 08:09:04.630 | SUCCESS  | __main__:run_zonal_forecast:428 -   Zonal alert -> C:\Users\USER\Downloads\agrolinking-intel-structure\agrolinking-intel\outputs\daily_alerts\alert_zonal_2026-08-28.txt
2026-08-28 08:09:04.635 | INFO     | __main__:run_zonal_forecast:430 - 
2026-08-28 08:09:04.636 | INFO     | __main__:run_zonal_forecast:431 - =================================================================
2026-08-28 08:09:04.636 | INFO     | __main__:run_zonal_forecast:433 -   ================================================
2026-08-28 08:09:04.636 | INFO     | __main__:run_zonal_forecast:433 -   AGROLINKING ZONAL COMMODITY INTELLIGENCE
2026-08-28 08:09:04.639 | INFO     | __main__:run_zonal_forecast:433 -   Date: Friday, 28 August 2026
2026-08-28 08:09:04.639 | INFO     | __main__:run_zonal_forecast:433 -   6 Zones | 12 States | 12 Commodities
2026-08-28 08:09:04.639 | INFO     | __main__:run_zonal_forecast:433 -   ================================================
2026-08-28 08:09:04.642 | INFO     | __main__:run_zonal_forecast:433 -   
2026-08-28 08:09:04.643 | INFO     | __main__:run_zonal_forecast:433 -   NORTH WEST (Kano & Kaduna)
2026-08-28 08:09:04.643 | INFO     | __main__:run_zonal_forecast:433 -   Nigeria's main grain belt. Highest Maize, Sorghum, Sesame, Wheat production.
2026-08-28 08:09:04.647 | INFO     | __main__:run_zonal_forecast:433 -   
2026-08-28 08:09:04.649 | INFO     | __main__:run_zonal_forecast:433 -     Commodity           Kano                Kaduna            
2026-08-28 08:09:04.650 | INFO     | __main__:run_zonal_forecast:433 -     ------------------------------------------------------------
2026-08-28 08:09:04.652 | INFO     | __main__:run_zonal_forecast:433 -     Hibiscus                N2.169M    (-0.06%)     N2.123M    (-0.06%) 
2026-08-28 08:09:04.652 | INFO     | __main__:run_zonal_forecast:433 -     Sesame                * N1.203M    (+0.02%)     N1.232M    (+0.02%) 
2026-08-28 08:09:04.655 | INFO     | __main__:run_zonal_forecast:433 -     Ginger                  N8.733M    (-0.05%)   * N6.416M    (-0.05%) 
2026-08-28 08:09:04.655 | INFO     | __main__:run_zonal_forecast:433 -     Cocoa                   N5.298M    (+0.08%)     N5.454M    (+0.08%) 
2026-08-28 08:09:04.657 | INFO     | __main__:run_zonal_forecast:433 -     Soybeans                N716K      (+0.02%)   * N668K      (+0.02%) 
2026-08-28 08:09:04.658 | INFO     | __main__:run_zonal_forecast:433 -     Cashew Nuts             N1.485M    (-0.23%)     N1.515M    (-0.23%) 
2026-08-28 08:09:04.660 | INFO     | __main__:run_zonal_forecast:433 -     Sorghum               * N177K      (-0.37%)   * N181K      (-0.37%) 
2026-08-28 08:09:04.660 | INFO     | __main__:run_zonal_forecast:433 -     Beans (white)         * N529K      (-0.16%)     N535K      (-0.16%) 
2026-08-28 08:09:04.662 | INFO     | __main__:run_zonal_forecast:433 -     Beans (red)             N624K      (-0.15%)     N631K      (-0.15%) 
2026-08-28 08:09:04.662 | INFO     | __main__:run_zonal_forecast:433 -     Maize (white)         * N189K      (-2.23%)   * N192K      (-2.23%) 
2026-08-28 08:09:04.662 | INFO     | __main__:run_zonal_forecast:433 -     Maize (yellow)        * N208K      (-2.09%)   * N210K      (-2.09%) 
2026-08-28 08:09:04.666 | INFO     | __main__:run_zonal_forecast:433 -     Wheat                 * N818K      (-0.04%)   * N799K      (-0.04%) 
2026-08-28 08:09:04.666 | INFO     | __main__:run_zonal_forecast:433 -     Rice                    N1.239M                 N1.213M             
2026-08-28 08:09:04.668 | INFO     | __main__:run_zonal_forecast:433 -     Meat (beef)             N4.043M                 N4.043M             
2026-08-28 08:09:04.669 | INFO     | __main__:run_zonal_forecast:433 -     Meat (goat)             N5.630M    (-0.04%)     N5.630M    (-0.04%) 
2026-08-28 08:09:04.671 | INFO     | __main__:run_zonal_forecast:433 -     Fish (dried)            N8.480M    (+0.01%)     N8.480M    (+0.01%) 
2026-08-28 08:09:04.671 | INFO     | __main__:run_zonal_forecast:433 -     Eggs                    N6K        (-0.06%)     N6K        (-0.06%) 
2026-08-28 08:09:04.673 | INFO     | __main__:run_zonal_forecast:433 -   
2026-08-28 08:09:04.673 | INFO     | __main__:run_zonal_forecast:433 -   NORTH CENTRAL (Plateau & Kogi)
2026-08-28 08:09:04.676 | INFO     | __main__:run_zonal_forecast:433 -   Middle Belt. Ginger heartland (Plateau), Cashew/Cocoa belt (Kogi).
2026-08-28 08:09:04.680 | INFO     | __main__:run_zonal_forecast:433 -   
2026-08-28 08:09:04.684 | INFO     | __main__:run_zonal_forecast:433 -     Commodity           Plateau             Kogi              
2026-08-28 08:09:04.687 | INFO     | __main__:run_zonal_forecast:433 -     ------------------------------------------------------------
2026-08-28 08:09:04.692 | INFO     | __main__:run_zonal_forecast:433 -     Hibiscus                N2.215M    (-0.06%)     N2.192M    (-0.06%) 
2026-08-28 08:09:04.700 | INFO     | __main__:run_zonal_forecast:433 -     Sesame                  N1.391M    (+0.02%)     N1.406M    (+0.02%) 
2026-08-28 08:09:04.704 | INFO     | __main__:run_zonal_forecast:433 -     Ginger                * N6.683M    (-0.05%)     N8.376M    (-0.05%) 
2026-08-28 08:09:04.709 | INFO     | __main__:run_zonal_forecast:433 -     Cocoa                   N5.610M    (+0.08%)   * N4.571M    (+0.08%) 
2026-08-28 08:09:04.714 | INFO     | __main__:run_zonal_forecast:433 -     Soybeans              * N660K      (+0.02%)   * N692K      (+0.02%) 
2026-08-28 08:09:04.726 | INFO     | __main__:run_zonal_forecast:433 -     Cashew Nuts             N1.559M    (-0.23%)   * N1.188M    (-0.23%) 
2026-08-28 08:09:04.730 | INFO     | __main__:run_zonal_forecast:433 -     Sorghum                 N208K      (-0.37%)   * N206K      (-0.37%) 
2026-08-28 08:09:04.733 | INFO     | __main__:run_zonal_forecast:433 -     Beans (white)         * N547K      (-0.16%)   * N559K      (-0.16%) 
2026-08-28 08:09:04.737 | INFO     | __main__:run_zonal_forecast:433 -     Beans (red)             N659K      (-0.15%)     N652K      (-0.15%) 
2026-08-28 08:09:04.743 | INFO     | __main__:run_zonal_forecast:433 -     Maize (white)         * N206K      (-2.23%)   * N213K      (-2.23%) 
2026-08-28 08:09:04.749 | INFO     | __main__:run_zonal_forecast:433 -     Maize (yellow)          N228K      (-2.09%)     N236K      (-2.09%) 
2026-08-28 08:09:04.789 | INFO     | __main__:run_zonal_forecast:433 -     Wheat                 * N836K      (-0.04%)     N891K      (-0.04%) 
2026-08-28 08:09:04.798 | INFO     | __main__:run_zonal_forecast:433 -     Rice                    N1.174M                 N1.266M             
2026-08-28 08:09:04.804 | INFO     | __main__:run_zonal_forecast:433 -     Meat (beef)             N4.415M                 N4.415M             
2026-08-28 08:09:04.810 | INFO     | __main__:run_zonal_forecast:433 -     Meat (goat)             N6.148M    (-0.04%)     N6.148M    (-0.04%) 
2026-08-28 08:09:04.817 | INFO     | __main__:run_zonal_forecast:433 -     Fish (dried)            N9.260M    (+0.01%)     N9.260M    (+0.01%) 
2026-08-28 08:09:04.828 | INFO     | __main__:run_zonal_forecast:433 -     Eggs                    N7K        (-0.06%)     N7K        (-0.06%) 
2026-08-28 08:09:04.830 | INFO     | __main__:run_zonal_forecast:433 -   
2026-08-28 08:09:04.832 | INFO     | __main__:run_zonal_forecast:433 -   NORTH EAST (Adamawa & Borno)
2026-08-28 08:09:04.834 | INFO     | __main__:run_zonal_forecast:433 -   Semi-arid. Sorghum, Maize. Conflict premium on imports in Borno.
2026-08-28 08:09:04.834 | INFO     | __main__:run_zonal_forecast:433 -   
2026-08-28 08:09:04.839 | INFO     | __main__:run_zonal_forecast:433 -     Commodity           Adamawa             Borno             
2026-08-28 08:09:04.842 | INFO     | __main__:run_zonal_forecast:433 -     ------------------------------------------------------------
2026-08-28 08:09:04.845 | INFO     | __main__:run_zonal_forecast:433 -     Hibiscus                N2.237M    (-0.06%)     N2.397M    (-0.06%) 
2026-08-28 08:09:04.847 | INFO     | __main__:run_zonal_forecast:433 -     Sesame                * N1.246M    (+0.02%)   * N1.290M    (+0.02%) 
2026-08-28 08:09:04.852 | INFO     | __main__:run_zonal_forecast:433 -     Ginger                * N7.396M    (-0.05%)     N10.248M   (-0.05%) 
2026-08-28 08:09:04.853 | INFO     | __main__:run_zonal_forecast:433 -     Cocoa                   N5.454M    (+0.08%)     N6.129M    (+0.08%) 
2026-08-28 08:09:04.855 | INFO     | __main__:run_zonal_forecast:433 -     Soybeans              * N708K      (+0.02%)     N859K      (+0.02%) 
2026-08-28 08:09:04.859 | INFO     | __main__:run_zonal_forecast:433 -     Cashew Nuts             N1.544M    (-0.23%)     N1.708M    (-0.23%) 
2026-08-28 08:09:04.864 | INFO     | __main__:run_zonal_forecast:433 -     Sorghum               * N197K      (-0.37%)   * N208K      (-0.37%) 
2026-08-28 08:09:04.869 | INFO     | __main__:run_zonal_forecast:433 -     Beans (white)         * N559K      (-0.16%)   * N644K      (-0.16%) 
2026-08-28 08:09:04.872 | INFO     | __main__:run_zonal_forecast:433 -     Beans (red)             N659K      (-0.15%)     N763K      (-0.15%) 
2026-08-28 08:09:04.875 | INFO     | __main__:run_zonal_forecast:433 -     Maize (white)         * N208K      (-2.23%)   * N256K      (-2.23%) 
2026-08-28 08:09:04.877 | INFO     | __main__:run_zonal_forecast:433 -     Maize (yellow)          N231K      (-2.09%)     N280K      (-2.09%) 
2026-08-28 08:09:04.884 | INFO     | __main__:run_zonal_forecast:433 -     Wheat                   N900K      (-0.04%)   * N1.029M    (-0.04%) 
2026-08-28 08:09:04.886 | INFO     | __main__:run_zonal_forecast:433 -     Rice                    N1.331M                 N1.435M             
2026-08-28 08:09:04.890 | INFO     | __main__:run_zonal_forecast:433 -     Meat (beef)             N4.740M                 N4.740M             
2026-08-28 08:09:04.895 | INFO     | __main__:run_zonal_forecast:433 -     Meat (goat)             N6.601M    (-0.04%)     N6.601M    (-0.04%) 
2026-08-28 08:09:04.910 | INFO     | __main__:run_zonal_forecast:433 -     Fish (dried)            N9.942M    (+0.01%)     N9.942M    (+0.01%) 
2026-08-28 08:09:04.914 | INFO     | __main__:run_zonal_forecast:433 -     Eggs                    N7K        (-0.06%)     N7K        (-0.06%) 
2026-08-28 08:09:04.947 | INFO     | __main__:run_zonal_forecast:433 -   
2026-08-28 08:09:04.956 | INFO     | __main__:run_zonal_forecast:433 -   SOUTH WEST (Oyo & Lagos)
2026-08-28 08:09:04.963 | INFO     | __main__:run_zonal_forecast:433 -   Commercial capital. Lagos is the price-setter for consumer markets.
2026-08-28 08:09:04.976 | INFO     | __main__:run_zonal_forecast:433 -   
2026-08-28 08:09:04.991 | INFO     | __main__:run_zonal_forecast:433 -     Commodity           Oyo                 Lagos             
2026-08-28 08:09:04.995 | INFO     | __main__:run_zonal_forecast:433 -     ------------------------------------------------------------
2026-08-28 08:09:04.998 | INFO     | __main__:run_zonal_forecast:433 -     Hibiscus              * N2.352M    (-0.06%)   * N2.626M    (-0.06%) 
2026-08-28 08:09:05.003 | INFO     | __main__:run_zonal_forecast:433 -     Sesame                  N1.536M    (+0.02%)   * N1.710M    (+0.02%) 
2026-08-28 08:09:05.016 | INFO     | __main__:run_zonal_forecast:433 -     Ginger                  N9.624M    (-0.05%)     N10.693M   (-0.05%) 
2026-08-28 08:09:05.019 | INFO     | __main__:run_zonal_forecast:433 -     Cocoa                 * N4.623M    (+0.08%)   * N5.610M    (+0.08%) 
2026-08-28 08:09:05.030 | INFO     | __main__:run_zonal_forecast:433 -     Soybeans              * N827K      (+0.02%)   * N970K      (+0.02%) 
2026-08-28 08:09:05.034 | INFO     | __main__:run_zonal_forecast:433 -     Cashew Nuts           * N1.277M    (-0.23%)     N1.633M    (-0.23%) 
2026-08-28 08:09:05.039 | INFO     | __main__:run_zonal_forecast:433 -     Sorghum                 N238K      (-0.37%)     N267K      (-0.37%) 
2026-08-28 08:09:05.043 | INFO     | __main__:run_zonal_forecast:433 -     Beans (white)         * N668K      (-0.16%)   * N778K      (-0.16%) 
2026-08-28 08:09:05.048 | INFO     | __main__:run_zonal_forecast:433 -     Beans (red)             N777K      (-0.15%)   * N867K      (-0.15%) 
2026-08-28 08:09:05.051 | INFO     | __main__:run_zonal_forecast:433 -     Maize (white)         * N256K      (-2.23%)   * N308K      (-2.23%) 
2026-08-28 08:09:05.052 | INFO     | __main__:run_zonal_forecast:433 -     Maize (yellow)          N280K      (-2.09%)   * N337K      (-2.09%) 
2026-08-28 08:09:05.055 | INFO     | __main__:run_zonal_forecast:433 -     Wheat                   N1.011M    (-0.04%)     N1.057M    (-0.04%) 
2026-08-28 08:09:05.061 | INFO     | __main__:run_zonal_forecast:433 -     Rice                    N1.409M                 N1.540M             
2026-08-28 08:09:05.062 | INFO     | __main__:run_zonal_forecast:433 -     Meat (beef)             N5.391M                 N5.391M             
2026-08-28 08:09:05.065 | INFO     | __main__:run_zonal_forecast:433 -     Meat (goat)             N7.507M    (-0.04%)     N7.507M    (-0.04%) 
2026-08-28 08:09:05.074 | INFO     | __main__:run_zonal_forecast:433 -     Fish (dried)            N11.307M   (+0.01%)     N11.307M   (+0.01%) 
2026-08-28 08:09:05.078 | INFO     | __main__:run_zonal_forecast:433 -     Eggs                    N8K        (-0.06%)     N8K        (-0.06%) 
2026-08-28 08:09:05.084 | INFO     | __main__:run_zonal_forecast:433 -   
2026-08-28 08:09:05.087 | INFO     | __main__:run_zonal_forecast:433 -   SOUTH EAST (Anambra & Imo)
2026-08-28 08:09:05.091 | INFO     | __main__:run_zonal_forecast:433 -   High consumption, low production of traded commodities. Import-dependent.
2026-08-28 08:09:05.102 | INFO     | __main__:run_zonal_forecast:433 -   
2026-08-28 08:09:05.104 | INFO     | __main__:run_zonal_forecast:433 -     Commodity           Anambra             Imo               
2026-08-28 08:09:05.108 | INFO     | __main__:run_zonal_forecast:433 -     ------------------------------------------------------------
2026-08-28 08:09:05.116 | INFO     | __main__:run_zonal_forecast:433 -     Hibiscus                N2.557M    (-0.06%)     N2.511M    (-0.06%) 
2026-08-28 08:09:05.119 | INFO     | __main__:run_zonal_forecast:433 -     Sesame                  N1.681M    (+0.02%)     N1.652M    (+0.02%) 
2026-08-28 08:09:05.122 | INFO     | __main__:run_zonal_forecast:433 -     Ginger                  N10.248M   (-0.05%)     N9.980M    (-0.05%) 
2026-08-28 08:09:05.128 | INFO     | __main__:run_zonal_forecast:433 -     Cocoa                 * N5.454M    (+0.08%)   * N4.727M    (+0.08%) 
2026-08-28 08:09:05.140 | INFO     | __main__:run_zonal_forecast:433 -     Soybeans                N907K      (+0.02%)     N891K      (+0.02%) 
2026-08-28 08:09:05.141 | INFO     | __main__:run_zonal_forecast:433 -     Cashew Nuts           * N1.633M    (-0.23%)   * N1.574M    (-0.23%) 
2026-08-28 08:09:05.158 | INFO     | __main__:run_zonal_forecast:433 -     Sorghum                 N258K      (-0.37%)     N254K      (-0.37%) 
2026-08-28 08:09:05.162 | INFO     | __main__:run_zonal_forecast:433 -     Beans (white)         * N717K      (-0.16%)   * N699K      (-0.16%) 
2026-08-28 08:09:05.166 | INFO     | __main__:run_zonal_forecast:433 -     Beans (red)           * N798K      (-0.15%)     N784K      (-0.15%) 
2026-08-28 08:09:05.185 | INFO     | __main__:run_zonal_forecast:433 -     Maize (white)         * N284K      (-2.23%)   * N277K      (-2.23%) 
2026-08-28 08:09:05.195 | INFO     | __main__:run_zonal_forecast:433 -     Maize (yellow)          N311K      (-2.09%)     N303K      (-2.09%) 
2026-08-28 08:09:05.197 | INFO     | __main__:run_zonal_forecast:433 -     Wheat                   N1.084M    (-0.04%)     N1.066M    (-0.04%) 
2026-08-28 08:09:05.203 | INFO     | __main__:run_zonal_forecast:433 -     Rice                    N1.461M                 N1.435M             
2026-08-28 08:09:05.219 | INFO     | __main__:run_zonal_forecast:433 -     Meat (beef)             N5.251M                 N5.251M             
2026-08-28 08:09:05.222 | INFO     | __main__:run_zonal_forecast:433 -     Meat (goat)             N7.313M    (-0.04%)     N7.313M    (-0.04%) 
2026-08-28 08:09:05.225 | INFO     | __main__:run_zonal_forecast:433 -     Fish (dried)            N11.014M   (+0.01%)     N11.014M   (+0.01%) 
2026-08-28 08:09:05.227 | INFO     | __main__:run_zonal_forecast:433 -     Eggs                    N8K        (-0.06%)     N8K        (-0.06%) 
2026-08-28 08:09:05.228 | INFO     | __main__:run_zonal_forecast:433 -   
2026-08-28 08:09:05.236 | INFO     | __main__:run_zonal_forecast:433 -   SOUTH SOUTH (Rivers & Delta)
2026-08-28 08:09:05.238 | INFO     | __main__:run_zonal_forecast:433 -   Oil belt. High purchasing power. Cocoa producer (Delta).
2026-08-28 08:09:05.241 | INFO     | __main__:run_zonal_forecast:433 -   
2026-08-28 08:09:05.242 | INFO     | __main__:run_zonal_forecast:433 -     Commodity           Rivers              Delta             
2026-08-28 08:09:05.243 | INFO     | __main__:run_zonal_forecast:433 -     ------------------------------------------------------------
2026-08-28 08:09:05.244 | INFO     | __main__:run_zonal_forecast:433 -     Hibiscus              * N2.557M    (-0.06%)   * N2.466M    (-0.06%) 
2026-08-28 08:09:05.245 | INFO     | __main__:run_zonal_forecast:433 -     Sesame                * N1.710M    (+0.02%)   * N1.681M    (+0.02%) 
2026-08-28 08:09:05.245 | INFO     | __main__:run_zonal_forecast:433 -     Ginger                  N10.693M   (-0.05%)     N10.248M   (-0.05%) 
2026-08-28 08:09:05.246 | INFO     | __main__:run_zonal_forecast:433 -     Cocoa                 * N5.454M    (+0.08%)   * N4.831M    (+0.08%) 
2026-08-28 08:09:05.247 | INFO     | __main__:run_zonal_forecast:433 -     Soybeans                N939K      (+0.02%)   * N907K      (+0.02%) 
2026-08-28 08:09:05.248 | INFO     | __main__:run_zonal_forecast:433 -     Cashew Nuts             N1.708M    (-0.23%)     N1.633M    (-0.23%) 
2026-08-28 08:09:05.249 | INFO     | __main__:run_zonal_forecast:433 -     Sorghum                 N272K      (-0.37%)     N267K      (-0.37%) 
2026-08-28 08:09:05.253 | INFO     | __main__:run_zonal_forecast:433 -     Beans (white)         * N741K      (-0.16%)   * N711K      (-0.16%) 
2026-08-28 08:09:05.257 | INFO     | __main__:run_zonal_forecast:433 -     Beans (red)           * N832K      (-0.15%)     N798K      (-0.15%) 
2026-08-28 08:09:05.260 | INFO     | __main__:run_zonal_forecast:433 -     Maize (white)         * N296K      (-2.23%)   * N284K      (-2.23%) 
2026-08-28 08:09:05.262 | INFO     | __main__:run_zonal_forecast:433 -     Maize (yellow)          N324K      (-2.09%)     N311K      (-2.09%) 
2026-08-28 08:09:05.264 | INFO     | __main__:run_zonal_forecast:433 -     Wheat                   N1.121M    (-0.04%)     N1.103M    (-0.04%) 
2026-08-28 08:09:05.264 | INFO     | __main__:run_zonal_forecast:433 -     Rice                    N1.500M                 N1.461M             
2026-08-28 08:09:05.266 | INFO     | __main__:run_zonal_forecast:433 -     Meat (beef)             N5.298M                 N5.298M             
2026-08-28 08:09:05.267 | INFO     | __main__:run_zonal_forecast:433 -     Meat (goat)             N7.377M    (-0.04%)     N7.377M    (-0.04%) 
2026-08-28 08:09:05.268 | INFO     | __main__:run_zonal_forecast:433 -     Fish (dried)            N11.112M   (+0.01%)     N11.112M   (+0.01%) 
2026-08-28 08:09:05.268 | INFO     | __main__:run_zonal_forecast:433 -     Eggs                    N8K        (-0.06%)     N8K        (-0.06%) 
2026-08-28 08:09:05.268 | INFO     | __main__:run_zonal_forecast:433 -   
2026-08-28 08:09:05.270 | INFO     | __main__:run_zonal_forecast:433 -   ==========================================================
2026-08-28 08:09:05.270 | INFO     | __main__:run_zonal_forecast:433 -   * = primary commodity  (+/-%) = day-on-day change
2026-08-28 08:09:05.271 | INFO     | __main__:run_zonal_forecast:433 -   
2026-08-28 08:09:05.272 | INFO     | __main__:run_zonal_forecast:433 -   NATIONAL PRICE CHANGES TODAY:
2026-08-28 08:09:05.272 | INFO     | __main__:run_zonal_forecast:433 -     Commodity                   Price   Day Chg    vs Ref
2026-08-28 08:09:05.273 | INFO     | __main__:run_zonal_forecast:433 -     ------------------------------------------------------
2026-08-28 08:09:05.274 | INFO     | __main__:run_zonal_forecast:433 -     Hibiscus                  N2.283M    -0.06%    -8.68%
2026-08-28 08:09:05.275 | INFO     | __main__:run_zonal_forecast:433 -     Sesame                    N1.449M    +0.02%    +2.07%
2026-08-28 08:09:05.277 | INFO     | __main__:run_zonal_forecast:433 -     Ginger                    N8.911M    -0.05%    -5.20%
2026-08-28 08:09:05.278 | INFO     | __main__:run_zonal_forecast:433 -     Cocoa                     N5.194M    +0.08%   +15.43%
2026-08-28 08:09:05.279 | INFO     | __main__:run_zonal_forecast:433 -     Soybeans                    N795K    +0.02%    +0.68%
2026-08-28 08:09:05.279 | INFO     | __main__:run_zonal_forecast:433 -     Cashew Nuts               N1.485M    -0.23%   -23.06%
2026-08-28 08:09:05.280 | INFO     | __main__:run_zonal_forecast:433 -     Sorghum                     N227K    -0.37%   -34.32%
2026-08-28 08:09:05.281 | INFO     | __main__:run_zonal_forecast:433 -     Beans (white)               N608K    -0.16%   -19.00%
2026-08-28 08:09:05.282 | INFO     | __main__:run_zonal_forecast:433 -     Beans (red)                 N694K    -0.15%   -18.41%
2026-08-28 08:09:05.283 | INFO     | __main__:run_zonal_forecast:433 -     Maize (white)               N237K    -2.23%   -40.05%
2026-08-28 08:09:05.284 | INFO     | __main__:run_zonal_forecast:433 -     Maize (yellow)              N259K    -2.09%   -38.39%
2026-08-28 08:09:05.285 | INFO     | __main__:run_zonal_forecast:433 -     Wheat                       N919K    -0.04%    -8.12%
2026-08-28 08:09:05.286 | INFO     | __main__:run_zonal_forecast:433 -     Rice                      N1.305M    +0.00%    -1.16%
2026-08-28 08:09:05.286 | INFO     | __main__:run_zonal_forecast:433 -     Meat (beef)               N4.647M    +0.00%    +2.45%
2026-08-28 08:09:05.287 | INFO     | __main__:run_zonal_forecast:433 -     Meat (goat)               N6.471M    -0.04%    -7.55%
2026-08-28 08:09:05.287 | INFO     | __main__:run_zonal_forecast:433 -     Fish (dried)              N9.747M    +0.01%    -2.53%
2026-08-28 08:09:05.288 | INFO     | __main__:run_zonal_forecast:433 -     Eggs                          N7K    -0.06%   -10.66%
2026-08-28 08:09:05.289 | INFO     | __main__:run_zonal_forecast:433 -   
2026-08-28 08:09:05.289 | INFO     | __main__:run_zonal_forecast:433 -   BEST SOURCING NATIONALLY:
2026-08-28 08:09:05.290 | INFO     | __main__:run_zonal_forecast:433 -     Commodity              Best State           Price  Spread
2026-08-28 08:09:05.290 | INFO     | __main__:run_zonal_forecast:433 -     ------------------------------------------------------------
2026-08-28 08:09:05.292 | INFO     | __main__:run_zonal_forecast:433 -     Hibiscus               Kaduna             N2.123M  24% vs Lagos
2026-08-28 08:09:05.292 | INFO     | __main__:run_zonal_forecast:433 -     Sesame                 Kano               N1.203M  42% vs Lagos
2026-08-28 08:09:05.293 | INFO     | __main__:run_zonal_forecast:433 -     Ginger                 Kaduna             N6.416M  67% vs Lagos
2026-08-28 08:09:05.293 | INFO     | __main__:run_zonal_forecast:433 -     Cocoa                  Kogi               N4.571M  34% vs Borno
2026-08-28 08:09:05.295 | INFO     | __main__:run_zonal_forecast:433 -     Soybeans               Plateau              N660K  47% vs Lagos
2026-08-28 08:09:05.296 | INFO     | __main__:run_zonal_forecast:433 -     Cashew Nuts            Kogi               N1.188M  44% vs Borno
2026-08-28 08:09:05.297 | INFO     | __main__:run_zonal_forecast:433 -     Sorghum                Kano                 N177K  54% vs Rivers
2026-08-28 08:09:05.297 | INFO     | __main__:run_zonal_forecast:433 -     Beans (white)          Kano                 N529K  47% vs Lagos
2026-08-28 08:09:05.299 | INFO     | __main__:run_zonal_forecast:433 -     Beans (red)            Kano                 N624K  39% vs Lagos
2026-08-28 08:09:05.300 | INFO     | __main__:run_zonal_forecast:433 -     Maize (white)          Kano                 N189K  62% vs Lagos
2026-08-28 08:09:05.300 | INFO     | __main__:run_zonal_forecast:433 -     Maize (yellow)         Kano                 N208K  62% vs Lagos
2026-08-28 08:09:05.302 | INFO     | __main__:run_zonal_forecast:433 -     Wheat                  Kaduna               N799K  40% vs Rivers
2026-08-28 08:09:05.303 | INFO     | __main__:run_zonal_forecast:433 -     Rice                   Plateau            N1.174M  31% vs Lagos
2026-08-28 08:09:05.303 | INFO     | __main__:run_zonal_forecast:433 -     Meat (beef)            Kano               N4.043M  33% vs Oyo
2026-08-28 08:09:05.305 | INFO     | __main__:run_zonal_forecast:433 -     Meat (goat)            Kano               N5.630M  33% vs Oyo
2026-08-28 08:09:05.306 | INFO     | __main__:run_zonal_forecast:433 -     Fish (dried)           Kano               N8.480M  33% vs Oyo
2026-08-28 08:09:05.306 | INFO     | __main__:run_zonal_forecast:433 -     Eggs                   Kano                   N6K  33% vs Oyo
2026-08-28 08:09:05.308 | INFO     | __main__:run_zonal_forecast:433 -   
2026-08-28 08:09:05.308 | INFO     | __main__:run_zonal_forecast:433 -   ==========================================================
2026-08-28 08:09:05.310 | INFO     | __main__:run_zonal_forecast:433 -   Source: Agrolinking Intelligence Platform
2026-08-28 08:09:05.310 | INFO     | __main__:run_zonal_forecast:433 -   Next update: 29 Aug 2026
2026-08-28 08:09:05.310 | INFO     | __main__:run_zonal_forecast:434 - =================================================================
2026-08-28 08:09:05.312 | SUCCESS  | __main__:run_zonal_forecast:435 - ZONAL FORECASTING COMPLETE — 6 zones | 12 states | 17 commodities
