2026-08-18 06:15:39.391 | INFO     | __main__:run_zonal_forecast:464 - =================================================================
2026-08-18 06:15:39.393 | INFO     | __main__:run_zonal_forecast:465 - STEP 7 — ZONAL & STATE-LEVEL FORECASTING
2026-08-18 06:15:39.393 | INFO     | __main__:run_zonal_forecast:466 -   Date  : Tuesday, 18 August 2026  06:15
2026-08-18 06:15:39.394 | INFO     | __main__:run_zonal_forecast:467 -   Anchor: DAILY INTERPOLATED (from last_known_date, drifts daily)
2026-08-18 06:15:39.395 | INFO     | __main__:run_zonal_forecast:468 - =================================================================
2026-08-18 06:15:39.520 | INFO     | __main__:run_zonal_forecast:471 -   Source: forecast_validated_2026-08-18.json
2026-08-18 06:15:39.521 | INFO     | __main__:run_zonal_forecast:478 -   Maize (white): last_known=2023-01-16, days_elapsed=1310
2026-08-18 06:15:39.522 | INFO     | __main__:run_zonal_forecast:478 -   Hibiscus: last_known=2026-04-13, days_elapsed=127
2026-08-18 06:15:39.522 | INFO     | __main__:run_zonal_forecast:478 -   Sesame: last_known=2026-04-13, days_elapsed=127
2026-08-18 06:15:39.523 | INFO     | __main__:build_zonal_output:285 - 
2026-08-18 06:15:39.523 | INFO     | __main__:build_zonal_output:286 -   NATIONAL ANCHORS (interpolated from last_known_date to today):
2026-08-18 06:15:39.523 | INFO     | __main__:build_zonal_output:287 -   Commodity                 Today Price   Day Chg    vs Ref  Source
2026-08-18 06:15:39.524 | INFO     | __main__:build_zonal_output:288 -   --------------------------------------------------------------------------------
2026-08-18 06:15:39.524 | DEBUG    | __main__:get_daily_price:116 -   last_known=2026-04-13, run=2026-08-18, elapsed=127d
2026-08-18 06:15:39.525 | DEBUG    | __main__:get_daily_price:116 -   last_known=2026-04-13, run=2026-08-17, elapsed=126d
2026-08-18 06:15:39.525 | INFO     | __main__:build_zonal_output:318 -   Hibiscus               N   2,466,984    -0.01%   -1.32%  interp d127 (weekly series | -1.32%
2026-08-18 06:15:39.526 | DEBUG    | __main__:get_daily_price:116 -   last_known=2026-04-13, run=2026-08-18, elapsed=127d
2026-08-18 06:15:39.528 | DEBUG    | __main__:get_daily_price:116 -   last_known=2026-04-13, run=2026-08-17, elapsed=126d
2026-08-18 06:15:39.530 | INFO     | __main__:build_zonal_output:318 -   Sesame                 N   1,387,027    -0.02%   -2.32%  interp d127 (weekly series | -2.32%
2026-08-18 06:15:39.530 | DEBUG    | __main__:get_daily_price:116 -   last_known=2026-04-13, run=2026-08-18, elapsed=127d
2026-08-18 06:15:39.532 | DEBUG    | __main__:get_daily_price:116 -   last_known=2026-04-13, run=2026-08-17, elapsed=126d
2026-08-18 06:15:39.533 | INFO     | __main__:build_zonal_output:318 -   Ginger                 N   9,331,294    -0.01%   -0.73%  interp d127 (weekly series | -0.73%
2026-08-18 06:15:39.534 | DEBUG    | __main__:get_daily_price:116 -   last_known=2026-04-13, run=2026-08-18, elapsed=127d
2026-08-18 06:15:39.535 | DEBUG    | __main__:get_daily_price:116 -   last_known=2026-04-13, run=2026-08-17, elapsed=126d
2026-08-18 06:15:39.536 | INFO     | __main__:build_zonal_output:318 -   Cocoa                  N   4,572,344    +0.01%  + +1.61%  interp d127 (weekly series | +1.61%
2026-08-18 06:15:39.536 | DEBUG    | __main__:get_daily_price:116 -   last_known=2026-04-13, run=2026-08-18, elapsed=127d
2026-08-18 06:15:39.539 | DEBUG    | __main__:get_daily_price:116 -   last_known=2026-04-13, run=2026-08-17, elapsed=126d
2026-08-18 06:15:39.540 | INFO     | __main__:build_zonal_output:318 -   Soybeans               N     781,951    -0.01%   -1.02%  interp d127 (weekly series | -1.02%
2026-08-18 06:15:39.541 | DEBUG    | __main__:get_daily_price:116 -   last_known=2026-04-13, run=2026-08-18, elapsed=127d
2026-08-18 06:15:39.541 | DEBUG    | __main__:get_daily_price:116 -   last_known=2026-04-13, run=2026-08-17, elapsed=126d
2026-08-18 06:15:39.542 | INFO     | __main__:build_zonal_output:318 -   Cashew Nuts            N   1,886,505    -0.02%   -2.25%  interp d127 (weekly series | -2.25%
2026-08-18 06:15:39.543 | DEBUG    | __main__:get_daily_price:116 -   last_known=2026-04-13, run=2026-08-18, elapsed=127d
2026-08-18 06:15:39.543 | DEBUG    | __main__:get_daily_price:116 -   last_known=2026-04-13, run=2026-08-17, elapsed=126d
2026-08-18 06:15:39.544 | INFO     | __main__:build_zonal_output:318 -   Sorghum                N     340,193    -0.01%   -1.39%  interp d127 (weekly series | -1.39%
2026-08-18 06:15:39.544 | DEBUG    | __main__:get_daily_price:116 -   last_known=2026-03-16, run=2026-08-18, elapsed=155d
2026-08-18 06:15:39.546 | DEBUG    | __main__:get_daily_price:116 -   last_known=2026-03-16, run=2026-08-17, elapsed=154d
2026-08-18 06:15:39.546 | INFO     | __main__:build_zonal_output:318 -   Beans (white)          N     739,427    -0.01%   -1.41%  interp d155 (weekly series | -1.41%
2026-08-18 06:15:39.548 | DEBUG    | __main__:get_daily_price:116 -   last_known=2026-03-16, run=2026-08-18, elapsed=155d
2026-08-18 06:15:39.550 | DEBUG    | __main__:get_daily_price:116 -   last_known=2026-03-16, run=2026-08-17, elapsed=154d
2026-08-18 06:15:39.551 | INFO     | __main__:build_zonal_output:318 -   Beans (red)            N     839,161    -0.01%   -1.28%  interp d155 (weekly series | -1.28%
2026-08-18 06:15:39.551 | DEBUG    | __main__:get_daily_price:88 -   last_known_date 2023-01-16 is stale (>2yr). Using forecast_start as anchor.
2026-08-18 06:15:39.551 | DEBUG    | __main__:get_daily_price:116 -   last_known=2023-01-16, run=2026-08-18, elapsed=7d
2026-08-18 06:15:39.553 | DEBUG    | __main__:get_daily_price:88 -   last_known_date 2023-01-16 is stale (>2yr). Using forecast_start as anchor.
2026-08-18 06:15:39.553 | DEBUG    | __main__:get_daily_price:116 -   last_known=2023-01-16, run=2026-08-17, elapsed=7d
2026-08-18 06:15:39.554 | INFO     | __main__:build_zonal_output:318 -   Maize (white)          N     391,999    -0.06%   -0.76%  interp d7 (weekly series | -0.76% v
2026-08-18 06:15:39.554 | DEBUG    | __main__:get_daily_price:88 -   last_known_date 2023-01-16 is stale (>2yr). Using forecast_start as anchor.
2026-08-18 06:15:39.555 | DEBUG    | __main__:get_daily_price:116 -   last_known=2023-01-16, run=2026-08-18, elapsed=7d
2026-08-18 06:15:39.555 | DEBUG    | __main__:get_daily_price:88 -   last_known_date 2023-01-16 is stale (>2yr). Using forecast_start as anchor.
2026-08-18 06:15:39.556 | DEBUG    | __main__:get_daily_price:116 -   last_known=2023-01-16, run=2026-08-17, elapsed=7d
2026-08-18 06:15:39.557 | INFO     | __main__:build_zonal_output:318 -   Maize (yellow)         N     418,410    -0.05%   -0.62%  interp d7 (weekly series | -0.62% v
2026-08-18 06:15:39.557 | DEBUG    | __main__:get_daily_price:116 -   last_known=2026-04-13, run=2026-08-18, elapsed=127d
2026-08-18 06:15:39.558 | DEBUG    | __main__:get_daily_price:116 -   last_known=2026-04-13, run=2026-08-17, elapsed=126d
2026-08-18 06:15:39.561 | INFO     | __main__:build_zonal_output:318 -   Wheat                  N     987,238    -0.01%   -1.28%  interp d127 (weekly series | -1.28%
2026-08-18 06:15:39.561 | DEBUG    | __main__:get_daily_price:88 -   last_known_date 2023-01-09 is stale (>2yr). Using forecast_start as anchor.
2026-08-18 06:15:39.561 | DEBUG    | __main__:get_daily_price:116 -   last_known=2023-01-09, run=2026-08-18, elapsed=7d
2026-08-18 06:15:39.562 | DEBUG    | __main__:get_daily_price:88 -   last_known_date 2023-01-09 is stale (>2yr). Using forecast_start as anchor.
2026-08-18 06:15:39.562 | DEBUG    | __main__:get_daily_price:116 -   last_known=2023-01-09, run=2026-08-17, elapsed=7d
2026-08-18 06:15:39.563 | INFO     | __main__:build_zonal_output:318 -   Rice                   N   1,340,730    +0.12%  + +1.57%  interp d7 (weekly series | +1.57% v
2026-08-18 06:15:39.564 | DEBUG    | __main__:get_daily_price:116 -   last_known=2026-03-09, run=2026-08-18, elapsed=162d
2026-08-18 06:15:39.565 | DEBUG    | __main__:get_daily_price:116 -   last_known=2026-03-09, run=2026-08-17, elapsed=161d
2026-08-18 06:15:39.566 | INFO     | __main__:build_zonal_output:318 -   Meat (beef)            N   4,640,972    +0.01%  + +2.31%  interp d162 (weekly series | +2.31%
2026-08-18 06:15:39.566 | DEBUG    | __main__:get_daily_price:116 -   last_known=2026-03-09, run=2026-08-18, elapsed=162d
2026-08-18 06:15:39.568 | DEBUG    | __main__:get_daily_price:116 -   last_known=2026-03-09, run=2026-08-17, elapsed=161d
2026-08-18 06:15:39.570 | INFO     | __main__:build_zonal_output:318 -   Meat (goat)            N   6,854,518    -0.01%   -2.08%  interp d162 (weekly series | -2.08%
2026-08-18 06:15:39.571 | DEBUG    | __main__:get_daily_price:116 -   last_known=2026-03-09, run=2026-08-18, elapsed=162d
2026-08-18 06:15:39.571 | DEBUG    | __main__:get_daily_price:116 -   last_known=2026-03-09, run=2026-08-17, elapsed=161d
2026-08-18 06:15:39.572 | INFO     | __main__:build_zonal_output:318 -   Fish (dried)           N   9,674,438    -0.02%   -3.26%  interp d162 (weekly series | -3.26%
2026-08-18 06:15:39.572 | DEBUG    | __main__:get_daily_price:116 -   last_known=2026-03-09, run=2026-08-18, elapsed=162d
2026-08-18 06:15:39.575 | DEBUG    | __main__:get_daily_price:116 -   last_known=2026-03-09, run=2026-08-17, elapsed=161d
2026-08-18 06:15:39.575 | INFO     | __main__:build_zonal_output:318 -   Eggs                   N       7,714    -0.02%   -2.60%  interp d162 (weekly series | -2.60%
2026-08-18 06:15:39.576 | INFO     | __main__:build_zonal_output:321 - 
2026-08-18 06:15:39.616 | INFO     | __main__:run_zonal_forecast:484 - 
2026-08-18 06:15:39.616 | INFO     | __main__:run_zonal_forecast:485 -   Zone             State        Commodity                 State Price  Day Chg
2026-08-18 06:15:39.617 | INFO     | __main__:run_zonal_forecast:486 -   ------------------------------------------------------------------------
2026-08-18 06:15:39.617 | INFO     | __main__:run_zonal_forecast:493 -   North West       Kano         * Sesame                N   1,151,232/MT  -0.02%
2026-08-18 06:15:39.618 | INFO     | __main__:run_zonal_forecast:493 -   North West       Kano         * Sorghum               N     265,351/MT  -0.01%
2026-08-18 06:15:39.618 | INFO     | __main__:run_zonal_forecast:493 -   North West       Kano         * Beans (white)         N     643,301/MT  -0.01%
2026-08-18 06:15:39.618 | INFO     | __main__:run_zonal_forecast:493 -   North West       Kano         * Maize (white)         N     313,599/MT  -0.06%
2026-08-18 06:15:39.619 | INFO     | __main__:run_zonal_forecast:493 -   North West       Kano         * Maize (yellow)        N     334,728/MT  -0.05%
2026-08-18 06:15:39.619 | INFO     | __main__:run_zonal_forecast:493 -   North West       Kano         * Wheat                 N     878,642/MT  -0.01%
2026-08-18 06:15:39.620 | INFO     | __main__:run_zonal_forecast:493 -   North West       Kaduna       * Ginger                N   6,718,532/MT  -0.01%
2026-08-18 06:15:39.620 | INFO     | __main__:run_zonal_forecast:493 -   North West       Kaduna       * Soybeans              N     656,839/MT  -0.01%
2026-08-18 06:15:39.620 | INFO     | __main__:run_zonal_forecast:493 -   North West       Kaduna       * Sorghum               N     272,155/MT  -0.01%
2026-08-18 06:15:39.621 | INFO     | __main__:run_zonal_forecast:493 -   North West       Kaduna       * Maize (white)         N     317,519/MT  -0.06%
2026-08-18 06:15:39.621 | INFO     | __main__:run_zonal_forecast:493 -   North West       Kaduna       * Maize (yellow)        N     338,912/MT  -0.05%
2026-08-18 06:15:39.622 | INFO     | __main__:run_zonal_forecast:493 -   North West       Kaduna       * Wheat                 N     858,897/MT  -0.01%
2026-08-18 06:15:39.622 | INFO     | __main__:run_zonal_forecast:493 -   North Central    Plateau      * Ginger                N   6,998,470/MT  -0.01%
2026-08-18 06:15:39.622 | INFO     | __main__:run_zonal_forecast:493 -   North Central    Plateau      * Soybeans              N     649,020/MT  -0.01%
2026-08-18 06:15:39.623 | INFO     | __main__:run_zonal_forecast:493 -   North Central    Plateau      * Beans (white)         N     665,484/MT  -0.01%
2026-08-18 06:15:39.624 | INFO     | __main__:run_zonal_forecast:493 -   North Central    Plateau      * Maize (white)         N     341,039/MT  -0.06%
2026-08-18 06:15:39.624 | INFO     | __main__:run_zonal_forecast:493 -   North Central    Plateau      * Wheat                 N     898,387/MT  -0.01%
2026-08-18 06:15:39.625 | INFO     | __main__:run_zonal_forecast:493 -   North Central    Kogi         * Cocoa                 N   4,023,662/MT  +0.01%
2026-08-18 06:15:39.625 | INFO     | __main__:run_zonal_forecast:493 -   North Central    Kogi         * Soybeans              N     680,298/MT  -0.01%
2026-08-18 06:15:39.625 | INFO     | __main__:run_zonal_forecast:493 -   North Central    Kogi         * Cashew Nuts           N   1,509,204/MT  -0.02%
2026-08-18 06:15:39.626 | INFO     | __main__:run_zonal_forecast:493 -   North Central    Kogi         * Sorghum               N     309,576/MT  -0.01%
2026-08-18 06:15:39.626 | INFO     | __main__:run_zonal_forecast:493 -   North Central    Kogi         * Beans (white)         N     680,273/MT  -0.01%
2026-08-18 06:15:39.626 | INFO     | __main__:run_zonal_forecast:493 -   North Central    Kogi         * Maize (white)         N     352,799/MT  -0.06%
2026-08-18 06:15:39.627 | INFO     | __main__:run_zonal_forecast:493 -   North East       Adamawa      * Sesame                N   1,192,843/MT  -0.02%
2026-08-18 06:15:39.627 | INFO     | __main__:run_zonal_forecast:493 -   North East       Adamawa      * Ginger                N   7,744,974/MT  -0.01%
2026-08-18 06:15:39.627 | INFO     | __main__:run_zonal_forecast:493 -   North East       Adamawa      * Soybeans              N     695,937/MT  -0.01%
2026-08-18 06:15:39.627 | INFO     | __main__:run_zonal_forecast:493 -   North East       Adamawa      * Sorghum               N     295,968/MT  -0.01%
2026-08-18 06:15:39.628 | INFO     | __main__:run_zonal_forecast:493 -   North East       Adamawa      * Beans (white)         N     680,273/MT  -0.01%
2026-08-18 06:15:39.629 | INFO     | __main__:run_zonal_forecast:493 -   North East       Adamawa      * Maize (white)         N     344,959/MT  -0.06%
2026-08-18 06:15:39.629 | INFO     | __main__:run_zonal_forecast:493 -   North East       Borno        * Sesame                N   1,234,454/MT  -0.02%
2026-08-18 06:15:39.630 | INFO     | __main__:run_zonal_forecast:493 -   North East       Borno        * Sorghum               N     312,978/MT  -0.01%
2026-08-18 06:15:39.630 | INFO     | __main__:run_zonal_forecast:493 -   North East       Borno        * Beans (white)         N     783,792/MT  -0.01%
2026-08-18 06:15:39.631 | INFO     | __main__:run_zonal_forecast:493 -   North East       Borno        * Maize (white)         N     423,358/MT  -0.06%
2026-08-18 06:15:39.631 | INFO     | __main__:run_zonal_forecast:493 -   North East       Borno        * Wheat                 N   1,105,707/MT  -0.01%
2026-08-18 06:15:39.631 | INFO     | __main__:run_zonal_forecast:493 -   South West       Oyo          * Hibiscus              N   2,540,993/MT  -0.01%
2026-08-18 06:15:39.631 | INFO     | __main__:run_zonal_forecast:493 -   South West       Oyo          * Cocoa                 N   4,069,386/MT  +0.01%
2026-08-18 06:15:39.632 | INFO     | __main__:run_zonal_forecast:493 -   South West       Oyo          * Soybeans              N     813,230/MT  -0.01%
2026-08-18 06:15:39.632 | INFO     | __main__:run_zonal_forecast:493 -   South West       Oyo          * Cashew Nuts           N   1,622,394/MT  -0.02%
2026-08-18 06:15:39.633 | INFO     | __main__:run_zonal_forecast:493 -   South West       Oyo          * Beans (white)         N     813,369/MT  -0.01%
2026-08-18 06:15:39.633 | INFO     | __main__:run_zonal_forecast:493 -   South West       Oyo          * Maize (white)         N     423,358/MT  -0.06%
2026-08-18 06:15:39.634 | INFO     | __main__:run_zonal_forecast:493 -   South West       Lagos        * Hibiscus              N   2,837,031/MT  -0.01%
2026-08-18 06:15:39.634 | INFO     | __main__:run_zonal_forecast:493 -   South West       Lagos        * Sesame                N   1,636,692/MT  -0.02%
2026-08-18 06:15:39.635 | INFO     | __main__:run_zonal_forecast:493 -   South West       Lagos        * Cocoa                 N   4,938,131/MT  +0.01%
2026-08-18 06:15:39.636 | INFO     | __main__:run_zonal_forecast:493 -   South West       Lagos        * Soybeans              N     953,981/MT  -0.01%
2026-08-18 06:15:39.636 | INFO     | __main__:run_zonal_forecast:493 -   South West       Lagos        * Beans (white)         N     946,466/MT  -0.01%
2026-08-18 06:15:39.638 | INFO     | __main__:run_zonal_forecast:493 -   South West       Lagos        * Beans (red)           N   1,048,951/MT  -0.01%
2026-08-18 06:15:39.638 | INFO     | __main__:run_zonal_forecast:493 -   South West       Lagos        * Maize (white)         N     509,598/MT  -0.06%
2026-08-18 06:15:39.638 | INFO     | __main__:run_zonal_forecast:493 -   South West       Lagos        * Maize (yellow)        N     543,932/MT  -0.05%
2026-08-18 06:15:39.639 | INFO     | __main__:run_zonal_forecast:493 -   South East       Anambra      * Cocoa                 N   4,800,961/MT  +0.01%
2026-08-18 06:15:39.639 | INFO     | __main__:run_zonal_forecast:493 -   South East       Anambra      * Cashew Nuts           N   2,075,155/MT  -0.02%
2026-08-18 06:15:39.639 | INFO     | __main__:run_zonal_forecast:493 -   South East       Anambra      * Beans (white)         N     872,524/MT  -0.01%
2026-08-18 06:15:39.640 | INFO     | __main__:run_zonal_forecast:493 -   South East       Anambra      * Beans (red)           N     965,035/MT  -0.01%
2026-08-18 06:15:39.640 | INFO     | __main__:run_zonal_forecast:493 -   South East       Anambra      * Maize (white)         N     470,398/MT  -0.06%
2026-08-18 06:15:39.640 | INFO     | __main__:run_zonal_forecast:493 -   South East       Imo          * Cocoa                 N   4,160,833/MT  +0.01%
2026-08-18 06:15:39.641 | INFO     | __main__:run_zonal_forecast:493 -   South East       Imo          * Cashew Nuts           N   1,999,695/MT  -0.02%
2026-08-18 06:15:39.641 | INFO     | __main__:run_zonal_forecast:493 -   South East       Imo          * Beans (white)         N     850,341/MT  -0.01%
2026-08-18 06:15:39.641 | INFO     | __main__:run_zonal_forecast:493 -   South East       Imo          * Maize (white)         N     458,638/MT  -0.06%
2026-08-18 06:15:39.641 | INFO     | __main__:run_zonal_forecast:493 -   South South      Rivers       * Hibiscus              N   2,763,022/MT  -0.01%
2026-08-18 06:15:39.642 | INFO     | __main__:run_zonal_forecast:493 -   South South      Rivers       * Sesame                N   1,636,692/MT  -0.02%
2026-08-18 06:15:39.642 | INFO     | __main__:run_zonal_forecast:493 -   South South      Rivers       * Cocoa                 N   4,800,961/MT  +0.01%
2026-08-18 06:15:39.642 | INFO     | __main__:run_zonal_forecast:493 -   South South      Rivers       * Beans (white)         N     902,101/MT  -0.01%
2026-08-18 06:15:39.643 | INFO     | __main__:run_zonal_forecast:493 -   South South      Rivers       * Beans (red)           N   1,006,993/MT  -0.01%
2026-08-18 06:15:39.644 | INFO     | __main__:run_zonal_forecast:493 -   South South      Rivers       * Maize (white)         N     489,998/MT  -0.06%
2026-08-18 06:15:39.645 | INFO     | __main__:run_zonal_forecast:493 -   South South      Delta        * Hibiscus              N   2,664,342/MT  -0.01%
2026-08-18 06:15:39.645 | INFO     | __main__:run_zonal_forecast:493 -   South South      Delta        * Sesame                N   1,608,951/MT  -0.02%
2026-08-18 06:15:39.646 | INFO     | __main__:run_zonal_forecast:493 -   South South      Delta        * Cocoa                 N   4,252,280/MT  +0.01%
2026-08-18 06:15:39.647 | INFO     | __main__:run_zonal_forecast:493 -   South South      Delta        * Soybeans              N     891,425/MT  -0.01%
2026-08-18 06:15:39.647 | INFO     | __main__:run_zonal_forecast:493 -   South South      Delta        * Beans (white)         N     865,129/MT  -0.01%
2026-08-18 06:15:39.648 | INFO     | __main__:run_zonal_forecast:493 -   South South      Delta        * Maize (white)         N     470,398/MT  -0.06%
2026-08-18 06:15:39.931 | SUCCESS  | __main__:run_zonal_forecast:507 -   Zonal JSON  -> C:\Users\USER\Downloads\agrolinking-intel-structure\agrolinking-intel\outputs\forecasts\zonal\zonal_forecast_2026-08-18.json
2026-08-18 06:15:39.935 | SUCCESS  | __main__:run_zonal_forecast:513 -   Zonal alert -> C:\Users\USER\Downloads\agrolinking-intel-structure\agrolinking-intel\outputs\daily_alerts\alert_zonal_2026-08-18.txt
2026-08-18 06:15:39.936 | INFO     | __main__:run_zonal_forecast:515 - 
2026-08-18 06:15:39.936 | INFO     | __main__:run_zonal_forecast:516 - =================================================================
2026-08-18 06:15:39.936 | INFO     | __main__:run_zonal_forecast:518 -   ================================================
2026-08-18 06:15:39.937 | INFO     | __main__:run_zonal_forecast:518 -   AGROLINKING ZONAL COMMODITY INTELLIGENCE
2026-08-18 06:15:39.937 | INFO     | __main__:run_zonal_forecast:518 -   Date: Tuesday, 18 August 2026
2026-08-18 06:15:39.938 | INFO     | __main__:run_zonal_forecast:518 -   6 Zones | 12 States | 12 Commodities
2026-08-18 06:15:39.938 | INFO     | __main__:run_zonal_forecast:518 -   ================================================
2026-08-18 06:15:39.939 | INFO     | __main__:run_zonal_forecast:518 -   
2026-08-18 06:15:39.939 | INFO     | __main__:run_zonal_forecast:518 -   NORTH WEST (Kano & Kaduna)
2026-08-18 06:15:39.940 | INFO     | __main__:run_zonal_forecast:518 -   Nigeria's main grain belt. Highest Maize, Sorghum, Sesame, Wheat production.
2026-08-18 06:15:39.940 | INFO     | __main__:run_zonal_forecast:518 -   
2026-08-18 06:15:39.941 | INFO     | __main__:run_zonal_forecast:518 -     Commodity           Kano                Kaduna            
2026-08-18 06:15:39.941 | INFO     | __main__:run_zonal_forecast:518 -     ------------------------------------------------------------
2026-08-18 06:15:39.941 | INFO     | __main__:run_zonal_forecast:518 -     Hibiscus                N2.344M    (-0.0%)    N2.294M    (-0.0%)
2026-08-18 06:15:39.941 | INFO     | __main__:run_zonal_forecast:518 -     Sesame                * N1.151M    (-0.0%)    N1.179M    (-0.0%)
2026-08-18 06:15:39.941 | INFO     | __main__:run_zonal_forecast:518 -     Ginger                  N9.145M    (-0.0%)  * N6.719M    (-0.0%)
2026-08-18 06:15:39.944 | INFO     | __main__:run_zonal_forecast:518 -     Cocoa                   N4.664M    (+0.0%)    N4.801M    (+0.0%)
2026-08-18 06:15:39.944 | INFO     | __main__:run_zonal_forecast:518 -     Soybeans                N704K      (-0.0%)  * N657K      (-0.0%)
2026-08-18 06:15:39.945 | INFO     | __main__:run_zonal_forecast:518 -     Cashew Nuts             N1.887M    (-0.0%)    N1.924M    (-0.0%)
2026-08-18 06:15:39.945 | INFO     | __main__:run_zonal_forecast:518 -     Sorghum               * N265K      (-0.0%)  * N272K      (-0.0%)
2026-08-18 06:15:39.946 | INFO     | __main__:run_zonal_forecast:518 -     Beans (white)         * N643K      (-0.0%)    N651K      (-0.0%)
2026-08-18 06:15:39.946 | INFO     | __main__:run_zonal_forecast:518 -     Beans (red)             N755K      (-0.0%)    N764K      (-0.0%)
2026-08-18 06:15:39.946 | INFO     | __main__:run_zonal_forecast:518 -     Maize (white)         * N314K      (-0.1%)  * N318K      (-0.1%)
2026-08-18 06:15:39.948 | INFO     | __main__:run_zonal_forecast:518 -     Maize (yellow)        * N335K      (-0.1%)  * N339K      (-0.1%)
2026-08-18 06:15:39.949 | INFO     | __main__:run_zonal_forecast:518 -     Wheat                 * N879K      (-0.0%)  * N859K      (-0.0%)
2026-08-18 06:15:39.950 | INFO     | __main__:run_zonal_forecast:518 -     Rice                    N1.274M    (+0.1%)    N1.247M    (+0.1%)
2026-08-18 06:15:39.950 | INFO     | __main__:run_zonal_forecast:518 -     Meat (beef)             N4.038M    (+0.0%)    N4.038M    (+0.0%)
2026-08-18 06:15:39.951 | INFO     | __main__:run_zonal_forecast:518 -     Meat (goat)             N5.963M    (-0.0%)    N5.963M    (-0.0%)
2026-08-18 06:15:39.951 | INFO     | __main__:run_zonal_forecast:518 -     Fish (dried)            N8.417M    (-0.0%)    N8.417M    (-0.0%)
2026-08-18 06:15:39.951 | INFO     | __main__:run_zonal_forecast:518 -     Eggs                    N7K        (-0.0%)    N7K        (-0.0%)
2026-08-18 06:15:39.953 | INFO     | __main__:run_zonal_forecast:518 -   
2026-08-18 06:15:39.953 | INFO     | __main__:run_zonal_forecast:518 -   NORTH CENTRAL (Plateau & Kogi)
2026-08-18 06:15:39.954 | INFO     | __main__:run_zonal_forecast:518 -   Middle Belt. Ginger heartland (Plateau), Cashew/Cocoa belt (Kogi).
2026-08-18 06:15:39.954 | INFO     | __main__:run_zonal_forecast:518 -   
2026-08-18 06:15:39.955 | INFO     | __main__:run_zonal_forecast:518 -     Commodity           Plateau             Kogi              
2026-08-18 06:15:39.955 | INFO     | __main__:run_zonal_forecast:518 -     ------------------------------------------------------------
2026-08-18 06:15:39.955 | INFO     | __main__:run_zonal_forecast:518 -     Hibiscus                N2.393M    (-0.0%)    N2.368M    (-0.0%)
2026-08-18 06:15:39.956 | INFO     | __main__:run_zonal_forecast:518 -     Sesame                  N1.332M    (-0.0%)    N1.345M    (-0.0%)
2026-08-18 06:15:39.956 | INFO     | __main__:run_zonal_forecast:518 -     Ginger                * N6.998M    (-0.0%)    N8.771M    (-0.0%)
2026-08-18 06:15:39.956 | INFO     | __main__:run_zonal_forecast:518 -     Cocoa                   N4.938M    (+0.0%)  * N4.024M    (+0.0%)
2026-08-18 06:15:39.957 | INFO     | __main__:run_zonal_forecast:518 -     Soybeans              * N649K      (-0.0%)  * N680K      (-0.0%)
2026-08-18 06:15:39.957 | INFO     | __main__:run_zonal_forecast:518 -     Cashew Nuts             N1.981M    (-0.0%)  * N1.509M    (-0.0%)
2026-08-18 06:15:39.957 | INFO     | __main__:run_zonal_forecast:518 -     Sorghum                 N313K      (-0.0%)  * N310K      (-0.0%)
2026-08-18 06:15:39.958 | INFO     | __main__:run_zonal_forecast:518 -     Beans (white)         * N665K      (-0.0%)  * N680K      (-0.0%)
2026-08-18 06:15:39.958 | INFO     | __main__:run_zonal_forecast:518 -     Beans (red)             N797K      (-0.0%)    N789K      (-0.0%)
2026-08-18 06:15:39.958 | INFO     | __main__:run_zonal_forecast:518 -     Maize (white)         * N341K      (-0.1%)  * N353K      (-0.1%)
2026-08-18 06:15:39.960 | INFO     | __main__:run_zonal_forecast:518 -     Maize (yellow)          N368K      (-0.1%)    N381K      (-0.1%)
2026-08-18 06:15:39.960 | INFO     | __main__:run_zonal_forecast:518 -     Wheat                 * N898K      (-0.0%)    N958K      (-0.0%)
2026-08-18 06:15:39.961 | INFO     | __main__:run_zonal_forecast:518 -     Rice                    N1.207M    (+0.1%)    N1.301M    (+0.1%)
2026-08-18 06:15:39.961 | INFO     | __main__:run_zonal_forecast:518 -     Meat (beef)             N4.409M    (+0.0%)    N4.409M    (+0.0%)
2026-08-18 06:15:39.961 | INFO     | __main__:run_zonal_forecast:518 -     Meat (goat)             N6.512M    (-0.0%)    N6.512M    (-0.0%)
2026-08-18 06:15:39.961 | INFO     | __main__:run_zonal_forecast:518 -     Fish (dried)            N9.191M    (-0.0%)    N9.191M    (-0.0%)
2026-08-18 06:15:39.963 | INFO     | __main__:run_zonal_forecast:518 -     Eggs                    N7K        (-0.0%)    N7K        (-0.0%)
2026-08-18 06:15:39.963 | INFO     | __main__:run_zonal_forecast:518 -   
2026-08-18 06:15:39.964 | INFO     | __main__:run_zonal_forecast:518 -   NORTH EAST (Adamawa & Borno)
2026-08-18 06:15:39.964 | INFO     | __main__:run_zonal_forecast:518 -   Semi-arid. Sorghum, Maize. Conflict premium on imports in Borno.
2026-08-18 06:15:39.965 | INFO     | __main__:run_zonal_forecast:518 -   
2026-08-18 06:15:39.965 | INFO     | __main__:run_zonal_forecast:518 -     Commodity           Adamawa             Borno             
2026-08-18 06:15:39.966 | INFO     | __main__:run_zonal_forecast:518 -     ------------------------------------------------------------
2026-08-18 06:15:39.967 | INFO     | __main__:run_zonal_forecast:518 -     Hibiscus                N2.418M    (-0.0%)    N2.590M    (-0.0%)
2026-08-18 06:15:39.967 | INFO     | __main__:run_zonal_forecast:518 -     Sesame                * N1.193M    (-0.0%)  * N1.234M    (-0.0%)
2026-08-18 06:15:39.968 | INFO     | __main__:run_zonal_forecast:518 -     Ginger                * N7.745M    (-0.0%)    N10.731M   (-0.0%)
2026-08-18 06:15:39.969 | INFO     | __main__:run_zonal_forecast:518 -     Cocoa                   N4.801M    (+0.0%)    N5.395M    (+0.0%)
2026-08-18 06:15:39.969 | INFO     | __main__:run_zonal_forecast:518 -     Soybeans              * N696K      (-0.0%)    N845K      (-0.0%)
2026-08-18 06:15:39.970 | INFO     | __main__:run_zonal_forecast:518 -     Cashew Nuts             N1.962M    (-0.0%)    N2.169M    (-0.0%)
2026-08-18 06:15:39.970 | INFO     | __main__:run_zonal_forecast:518 -     Sorghum               * N296K      (-0.0%)  * N313K      (-0.0%)
2026-08-18 06:15:39.970 | INFO     | __main__:run_zonal_forecast:518 -     Beans (white)         * N680K      (-0.0%)  * N784K      (-0.0%)
2026-08-18 06:15:39.971 | INFO     | __main__:run_zonal_forecast:518 -     Beans (red)             N797K      (-0.0%)    N923K      (-0.0%)
2026-08-18 06:15:39.971 | INFO     | __main__:run_zonal_forecast:518 -     Maize (white)         * N345K      (-0.1%)  * N423K      (-0.1%)
2026-08-18 06:15:39.972 | INFO     | __main__:run_zonal_forecast:518 -     Maize (yellow)          N372K      (-0.1%)    N452K      (-0.1%)
2026-08-18 06:15:39.972 | INFO     | __main__:run_zonal_forecast:518 -     Wheat                   N967K      (-0.0%)  * N1.106M    (-0.0%)
2026-08-18 06:15:39.973 | INFO     | __main__:run_zonal_forecast:518 -     Rice                    N1.368M    (+0.1%)    N1.475M    (+0.1%)
2026-08-18 06:15:39.973 | INFO     | __main__:run_zonal_forecast:518 -     Meat (beef)             N4.734M    (+0.0%)    N4.734M    (+0.0%)
2026-08-18 06:15:39.973 | INFO     | __main__:run_zonal_forecast:518 -     Meat (goat)             N6.992M    (-0.0%)    N6.992M    (-0.0%)
2026-08-18 06:15:39.974 | INFO     | __main__:run_zonal_forecast:518 -     Fish (dried)            N9.868M    (-0.0%)    N9.868M    (-0.0%)
2026-08-18 06:15:39.974 | INFO     | __main__:run_zonal_forecast:518 -     Eggs                    N8K        (-0.0%)    N8K        (-0.0%)
2026-08-18 06:15:39.975 | INFO     | __main__:run_zonal_forecast:518 -   
2026-08-18 06:15:39.975 | INFO     | __main__:run_zonal_forecast:518 -   SOUTH WEST (Oyo & Lagos)
2026-08-18 06:15:39.976 | INFO     | __main__:run_zonal_forecast:518 -   Commercial capital. Lagos is the price-setter for consumer markets.
2026-08-18 06:15:39.976 | INFO     | __main__:run_zonal_forecast:518 -   
2026-08-18 06:15:39.977 | INFO     | __main__:run_zonal_forecast:518 -     Commodity           Oyo                 Lagos             
2026-08-18 06:15:39.977 | INFO     | __main__:run_zonal_forecast:518 -     ------------------------------------------------------------
2026-08-18 06:15:39.977 | INFO     | __main__:run_zonal_forecast:518 -     Hibiscus              * N2.541M    (-0.0%)  * N2.837M    (-0.0%)
2026-08-18 06:15:39.979 | INFO     | __main__:run_zonal_forecast:518 -     Sesame                  N1.470M    (-0.0%)  * N1.637M    (-0.0%)
2026-08-18 06:15:39.979 | INFO     | __main__:run_zonal_forecast:518 -     Ginger                  N10.078M   (-0.0%)    N11.198M   (-0.0%)
2026-08-18 06:15:39.979 | INFO     | __main__:run_zonal_forecast:518 -     Cocoa                 * N4.069M    (+0.0%)  * N4.938M    (+0.0%)
2026-08-18 06:15:39.981 | INFO     | __main__:run_zonal_forecast:518 -     Soybeans              * N813K      (-0.0%)  * N954K      (-0.0%)
2026-08-18 06:15:39.982 | INFO     | __main__:run_zonal_forecast:518 -     Cashew Nuts           * N1.622M    (-0.0%)    N2.075M    (-0.0%)
2026-08-18 06:15:39.982 | INFO     | __main__:run_zonal_forecast:518 -     Sorghum                 N357K      (-0.0%)    N401K      (-0.0%)
2026-08-18 06:15:39.983 | INFO     | __main__:run_zonal_forecast:518 -     Beans (white)         * N813K      (-0.0%)  * N946K      (-0.0%)
2026-08-18 06:15:39.983 | INFO     | __main__:run_zonal_forecast:518 -     Beans (red)             N940K      (-0.0%)  * N1.049M    (-0.0%)
2026-08-18 06:15:39.984 | INFO     | __main__:run_zonal_forecast:518 -     Maize (white)         * N423K      (-0.1%)  * N510K      (-0.1%)
2026-08-18 06:15:39.984 | INFO     | __main__:run_zonal_forecast:518 -     Maize (yellow)          N452K      (-0.1%)  * N544K      (-0.1%)
2026-08-18 06:15:39.985 | INFO     | __main__:run_zonal_forecast:518 -     Wheat                   N1.086M    (-0.0%)    N1.135M    (-0.0%)
2026-08-18 06:15:39.987 | INFO     | __main__:run_zonal_forecast:518 -     Rice                    N1.448M    (+0.1%)    N1.582M    (+0.1%)
2026-08-18 06:15:39.988 | INFO     | __main__:run_zonal_forecast:518 -     Meat (beef)             N5.384M    (+0.0%)    N5.384M    (+0.0%)
2026-08-18 06:15:39.988 | INFO     | __main__:run_zonal_forecast:518 -     Meat (goat)             N7.951M    (-0.0%)    N7.951M    (-0.0%)
2026-08-18 06:15:39.989 | INFO     | __main__:run_zonal_forecast:518 -     Fish (dried)            N11.222M   (-0.0%)    N11.222M   (-0.0%)
2026-08-18 06:15:39.990 | INFO     | __main__:run_zonal_forecast:518 -     Eggs                    N9K        (-0.0%)    N9K        (-0.0%)
2026-08-18 06:15:39.990 | INFO     | __main__:run_zonal_forecast:518 -   
2026-08-18 06:15:39.990 | INFO     | __main__:run_zonal_forecast:518 -   SOUTH EAST (Anambra & Imo)
2026-08-18 06:15:39.990 | INFO     | __main__:run_zonal_forecast:518 -   High consumption, low production of traded commodities. Import-dependent.
2026-08-18 06:15:39.992 | INFO     | __main__:run_zonal_forecast:518 -   
2026-08-18 06:15:39.993 | INFO     | __main__:run_zonal_forecast:518 -     Commodity           Anambra             Imo               
2026-08-18 06:15:39.993 | INFO     | __main__:run_zonal_forecast:518 -     ------------------------------------------------------------
2026-08-18 06:15:39.994 | INFO     | __main__:run_zonal_forecast:518 -     Hibiscus                N2.763M    (-0.0%)    N2.714M    (-0.0%)
2026-08-18 06:15:39.994 | INFO     | __main__:run_zonal_forecast:518 -     Sesame                  N1.609M    (-0.0%)    N1.581M    (-0.0%)
2026-08-18 06:15:39.994 | INFO     | __main__:run_zonal_forecast:518 -     Ginger                  N10.731M   (-0.0%)    N10.451M   (-0.0%)
2026-08-18 06:15:39.995 | INFO     | __main__:run_zonal_forecast:518 -     Cocoa                 * N4.801M    (+0.0%)  * N4.161M    (+0.0%)
2026-08-18 06:15:39.996 | INFO     | __main__:run_zonal_forecast:518 -     Soybeans                N891K      (-0.0%)    N876K      (-0.0%)
2026-08-18 06:15:39.996 | INFO     | __main__:run_zonal_forecast:518 -     Cashew Nuts           * N2.075M    (-0.0%)  * N2.000M    (-0.0%)
2026-08-18 06:15:39.997 | INFO     | __main__:run_zonal_forecast:518 -     Sorghum                 N388K      (-0.0%)    N381K      (-0.0%)
2026-08-18 06:15:39.997 | INFO     | __main__:run_zonal_forecast:518 -     Beans (white)         * N873K      (-0.0%)  * N850K      (-0.0%)
2026-08-18 06:15:39.997 | INFO     | __main__:run_zonal_forecast:518 -     Beans (red)           * N965K      (-0.0%)    N948K      (-0.0%)
2026-08-18 06:15:39.998 | INFO     | __main__:run_zonal_forecast:518 -     Maize (white)         * N470K      (-0.1%)  * N459K      (-0.1%)
2026-08-18 06:15:39.998 | INFO     | __main__:run_zonal_forecast:518 -     Maize (yellow)          N502K      (-0.1%)    N490K      (-0.1%)
2026-08-18 06:15:39.998 | INFO     | __main__:run_zonal_forecast:518 -     Wheat                   N1.165M    (-0.0%)    N1.145M    (-0.0%)
2026-08-18 06:15:39.999 | INFO     | __main__:run_zonal_forecast:518 -     Rice                    N1.502M    (+0.1%)    N1.475M    (+0.1%)
2026-08-18 06:15:40.000 | INFO     | __main__:run_zonal_forecast:518 -     Meat (beef)             N5.244M    (+0.0%)    N5.244M    (+0.0%)
2026-08-18 06:15:40.007 | INFO     | __main__:run_zonal_forecast:518 -     Meat (goat)             N7.746M    (-0.0%)    N7.746M    (-0.0%)
2026-08-18 06:15:40.012 | INFO     | __main__:run_zonal_forecast:518 -     Fish (dried)            N10.932M   (-0.0%)    N10.932M   (-0.0%)
2026-08-18 06:15:40.013 | INFO     | __main__:run_zonal_forecast:518 -     Eggs                    N9K        (-0.0%)    N9K        (-0.0%)
2026-08-18 06:15:40.014 | INFO     | __main__:run_zonal_forecast:518 -   
2026-08-18 06:15:40.015 | INFO     | __main__:run_zonal_forecast:518 -   SOUTH SOUTH (Rivers & Delta)
2026-08-18 06:15:40.015 | INFO     | __main__:run_zonal_forecast:518 -   Oil belt. High purchasing power. Cocoa producer (Delta).
2026-08-18 06:15:40.015 | INFO     | __main__:run_zonal_forecast:518 -   
2026-08-18 06:15:40.016 | INFO     | __main__:run_zonal_forecast:518 -     Commodity           Rivers              Delta             
2026-08-18 06:15:40.017 | INFO     | __main__:run_zonal_forecast:518 -     ------------------------------------------------------------
2026-08-18 06:15:40.018 | INFO     | __main__:run_zonal_forecast:518 -     Hibiscus              * N2.763M    (-0.0%)  * N2.664M    (-0.0%)
2026-08-18 06:15:40.018 | INFO     | __main__:run_zonal_forecast:518 -     Sesame                * N1.637M    (-0.0%)  * N1.609M    (-0.0%)
2026-08-18 06:15:40.019 | INFO     | __main__:run_zonal_forecast:518 -     Ginger                  N11.198M   (-0.0%)    N10.731M   (-0.0%)
2026-08-18 06:15:40.020 | INFO     | __main__:run_zonal_forecast:518 -     Cocoa                 * N4.801M    (+0.0%)  * N4.252M    (+0.0%)
2026-08-18 06:15:40.020 | INFO     | __main__:run_zonal_forecast:518 -     Soybeans                N923K      (-0.0%)  * N891K      (-0.0%)
2026-08-18 06:15:40.021 | INFO     | __main__:run_zonal_forecast:518 -     Cashew Nuts             N2.169M    (-0.0%)    N2.075M    (-0.0%)
2026-08-18 06:15:40.021 | INFO     | __main__:run_zonal_forecast:518 -     Sorghum                 N408K      (-0.0%)    N401K      (-0.0%)
2026-08-18 06:15:40.022 | INFO     | __main__:run_zonal_forecast:518 -     Beans (white)         * N902K      (-0.0%)  * N865K      (-0.0%)
2026-08-18 06:15:40.023 | INFO     | __main__:run_zonal_forecast:518 -     Beans (red)           * N1.007M    (-0.0%)    N965K      (-0.0%)
2026-08-18 06:15:40.025 | INFO     | __main__:run_zonal_forecast:518 -     Maize (white)         * N490K      (-0.1%)  * N470K      (-0.1%)
2026-08-18 06:15:40.027 | INFO     | __main__:run_zonal_forecast:518 -     Maize (yellow)          N523K      (-0.1%)    N502K      (-0.1%)
2026-08-18 06:15:40.027 | INFO     | __main__:run_zonal_forecast:518 -     Wheat                   N1.204M    (-0.0%)    N1.185M    (-0.0%)
2026-08-18 06:15:40.028 | INFO     | __main__:run_zonal_forecast:518 -     Rice                    N1.542M    (+0.1%)    N1.502M    (+0.1%)
2026-08-18 06:15:40.028 | INFO     | __main__:run_zonal_forecast:518 -     Meat (beef)             N5.291M    (+0.0%)    N5.291M    (+0.0%)
2026-08-18 06:15:40.030 | INFO     | __main__:run_zonal_forecast:518 -     Meat (goat)             N7.814M    (-0.0%)    N7.814M    (-0.0%)
2026-08-18 06:15:40.030 | INFO     | __main__:run_zonal_forecast:518 -     Fish (dried)            N11.029M   (-0.0%)    N11.029M   (-0.0%)
2026-08-18 06:15:40.032 | INFO     | __main__:run_zonal_forecast:518 -     Eggs                    N9K        (-0.0%)    N9K        (-0.0%)
2026-08-18 06:15:40.034 | INFO     | __main__:run_zonal_forecast:518 -   
2026-08-18 06:15:40.034 | INFO     | __main__:run_zonal_forecast:518 -   ==========================================================
2026-08-18 06:15:40.035 | INFO     | __main__:run_zonal_forecast:518 -   * = primary commodity  (+/-%) = day-on-day change
2026-08-18 06:15:40.035 | INFO     | __main__:run_zonal_forecast:518 -   
2026-08-18 06:15:40.036 | INFO     | __main__:run_zonal_forecast:518 -   NATIONAL PRICE CHANGES TODAY:
2026-08-18 06:15:40.036 | INFO     | __main__:run_zonal_forecast:518 -     Commodity                   Price   Day Chg    vs Ref
2026-08-18 06:15:40.036 | INFO     | __main__:run_zonal_forecast:518 -     ------------------------------------------------------
2026-08-18 06:15:40.038 | INFO     | __main__:run_zonal_forecast:518 -     Hibiscus                  N2.467M    -0.01%    -1.32%
2026-08-18 06:15:40.040 | INFO     | __main__:run_zonal_forecast:518 -     Sesame                    N1.387M    -0.02%    -2.32%
2026-08-18 06:15:40.041 | INFO     | __main__:run_zonal_forecast:518 -     Ginger                    N9.331M    -0.01%    -0.73%
2026-08-18 06:15:40.045 | INFO     | __main__:run_zonal_forecast:518 -     Cocoa                     N4.572M    +0.01%    +1.61%
2026-08-18 06:15:40.050 | INFO     | __main__:run_zonal_forecast:518 -     Soybeans                    N782K    -0.01%    -1.02%
2026-08-18 06:15:40.051 | INFO     | __main__:run_zonal_forecast:518 -     Cashew Nuts               N1.887M    -0.02%    -2.25%
2026-08-18 06:15:40.051 | INFO     | __main__:run_zonal_forecast:518 -     Sorghum                     N340K    -0.01%    -1.39%
2026-08-18 06:15:40.052 | INFO     | __main__:run_zonal_forecast:518 -     Beans (white)               N739K    -0.01%    -1.41%
2026-08-18 06:15:40.052 | INFO     | __main__:run_zonal_forecast:518 -     Beans (red)                 N839K    -0.01%    -1.28%
2026-08-18 06:15:40.053 | INFO     | __main__:run_zonal_forecast:518 -     Maize (white)               N392K    -0.06%    -0.76%
2026-08-18 06:15:40.053 | INFO     | __main__:run_zonal_forecast:518 -     Maize (yellow)              N418K    -0.05%    -0.62%
2026-08-18 06:15:40.054 | INFO     | __main__:run_zonal_forecast:518 -     Wheat                       N987K    -0.01%    -1.28%
2026-08-18 06:15:40.054 | INFO     | __main__:run_zonal_forecast:518 -     Rice                      N1.341M    +0.12%    +1.57%
2026-08-18 06:15:40.055 | INFO     | __main__:run_zonal_forecast:518 -     Meat (beef)               N4.641M    +0.01%    +2.31%
2026-08-18 06:15:40.055 | INFO     | __main__:run_zonal_forecast:518 -     Meat (goat)               N6.855M    -0.01%    -2.08%
2026-08-18 06:15:40.056 | INFO     | __main__:run_zonal_forecast:518 -     Fish (dried)              N9.674M    -0.02%    -3.26%
2026-08-18 06:15:40.057 | INFO     | __main__:run_zonal_forecast:518 -     Eggs                          N8K    -0.02%    -2.60%
2026-08-18 06:15:40.058 | INFO     | __main__:run_zonal_forecast:518 -   
2026-08-18 06:15:40.058 | INFO     | __main__:run_zonal_forecast:518 -   BEST SOURCING NATIONALLY:
2026-08-18 06:15:40.059 | INFO     | __main__:run_zonal_forecast:518 -     Commodity              Best State           Price  Spread
2026-08-18 06:15:40.060 | INFO     | __main__:run_zonal_forecast:518 -     ------------------------------------------------------------
2026-08-18 06:15:40.060 | INFO     | __main__:run_zonal_forecast:518 -     Hibiscus               Kaduna             N2.294M  24% vs Lagos
2026-08-18 06:15:40.060 | INFO     | __main__:run_zonal_forecast:518 -     Sesame                 Kano               N1.151M  42% vs Lagos
2026-08-18 06:15:40.060 | INFO     | __main__:run_zonal_forecast:518 -     Ginger                 Kaduna             N6.719M  67% vs Lagos
2026-08-18 06:15:40.060 | INFO     | __main__:run_zonal_forecast:518 -     Cocoa                  Kogi               N4.024M  34% vs Borno
2026-08-18 06:15:40.060 | INFO     | __main__:run_zonal_forecast:518 -     Soybeans               Plateau              N649K  47% vs Lagos
2026-08-18 06:15:40.062 | INFO     | __main__:run_zonal_forecast:518 -     Cashew Nuts            Kogi               N1.509M  44% vs Borno
2026-08-18 06:15:40.062 | INFO     | __main__:run_zonal_forecast:518 -     Sorghum                Kano                 N265K  54% vs Rivers
2026-08-18 06:15:40.063 | INFO     | __main__:run_zonal_forecast:518 -     Beans (white)          Kano                 N643K  47% vs Lagos
2026-08-18 06:15:40.064 | INFO     | __main__:run_zonal_forecast:518 -     Beans (red)            Kano                 N755K  39% vs Lagos
2026-08-18 06:15:40.064 | INFO     | __main__:run_zonal_forecast:518 -     Maize (white)          Kano                 N314K  62% vs Lagos
2026-08-18 06:15:40.064 | INFO     | __main__:run_zonal_forecast:518 -     Maize (yellow)         Kano                 N335K  62% vs Lagos
2026-08-18 06:15:40.065 | INFO     | __main__:run_zonal_forecast:518 -     Wheat                  Kaduna               N859K  40% vs Rivers
2026-08-18 06:15:40.066 | INFO     | __main__:run_zonal_forecast:518 -     Rice                   Plateau            N1.207M  31% vs Lagos
2026-08-18 06:15:40.066 | INFO     | __main__:run_zonal_forecast:518 -     Meat (beef)            Kano               N4.038M  33% vs Oyo
2026-08-18 06:15:40.067 | INFO     | __main__:run_zonal_forecast:518 -     Meat (goat)            Kano               N5.963M  33% vs Oyo
2026-08-18 06:15:40.067 | INFO     | __main__:run_zonal_forecast:518 -     Fish (dried)           Kano               N8.417M  33% vs Oyo
2026-08-18 06:15:40.068 | INFO     | __main__:run_zonal_forecast:518 -     Eggs                   Kano                   N7K  33% vs Oyo
2026-08-18 06:15:40.068 | INFO     | __main__:run_zonal_forecast:518 -   
2026-08-18 06:15:40.069 | INFO     | __main__:run_zonal_forecast:518 -   ==========================================================
2026-08-18 06:15:40.070 | INFO     | __main__:run_zonal_forecast:518 -   Source: Agrolinking Intelligence Platform
2026-08-18 06:15:40.071 | INFO     | __main__:run_zonal_forecast:518 -   Next update: 19 Aug 2026
2026-08-18 06:15:40.072 | INFO     | __main__:run_zonal_forecast:519 - =================================================================
2026-08-18 06:15:40.073 | SUCCESS  | __main__:run_zonal_forecast:520 - ZONAL FORECASTING COMPLETE — 6 zones | 12 states | 17 commodities
