2026-08-22 10:39:16.643 | INFO     | __main__:run_zonal_forecast:464 - =================================================================
2026-08-22 10:39:16.643 | INFO     | __main__:run_zonal_forecast:465 - STEP 7 — ZONAL & STATE-LEVEL FORECASTING
2026-08-22 10:39:16.649 | INFO     | __main__:run_zonal_forecast:466 -   Date  : Saturday, 22 August 2026  10:39
2026-08-22 10:39:16.649 | INFO     | __main__:run_zonal_forecast:467 -   Anchor: DAILY INTERPOLATED (from last_known_date, drifts daily)
2026-08-22 10:39:16.649 | INFO     | __main__:run_zonal_forecast:468 - =================================================================
2026-08-22 10:39:16.808 | INFO     | __main__:run_zonal_forecast:471 -   Source: forecast_validated_2026-08-22.json
2026-08-22 10:39:16.808 | INFO     | __main__:run_zonal_forecast:478 -   Maize (white): last_known=2023-01-16, days_elapsed=1314
2026-08-22 10:39:16.808 | INFO     | __main__:run_zonal_forecast:478 -   Hibiscus: last_known=2026-04-13, days_elapsed=131
2026-08-22 10:39:16.808 | INFO     | __main__:run_zonal_forecast:478 -   Sesame: last_known=2026-04-13, days_elapsed=131
2026-08-22 10:39:16.808 | INFO     | __main__:build_zonal_output:285 - 
2026-08-22 10:39:16.808 | INFO     | __main__:build_zonal_output:286 -   NATIONAL ANCHORS (interpolated from last_known_date to today):
2026-08-22 10:39:16.808 | INFO     | __main__:build_zonal_output:287 -   Commodity                 Today Price   Day Chg    vs Ref  Source
2026-08-22 10:39:16.808 | INFO     | __main__:build_zonal_output:288 -   --------------------------------------------------------------------------------
2026-08-22 10:39:16.813 | DEBUG    | __main__:get_daily_price:116 -   last_known=2026-04-13, run=2026-08-22, elapsed=131d
2026-08-22 10:39:16.815 | DEBUG    | __main__:get_daily_price:116 -   last_known=2026-04-13, run=2026-08-21, elapsed=130d
2026-08-22 10:39:16.819 | INFO     | __main__:build_zonal_output:318 -   Hibiscus               N   2,465,944    -0.01%   -1.36%  interp d131 (weekly series | -1.36%
2026-08-22 10:39:16.820 | DEBUG    | __main__:get_daily_price:116 -   last_known=2026-04-13, run=2026-08-22, elapsed=131d
2026-08-22 10:39:16.824 | DEBUG    | __main__:get_daily_price:116 -   last_known=2026-04-13, run=2026-08-21, elapsed=130d
2026-08-22 10:39:16.826 | INFO     | __main__:build_zonal_output:318 -   Sesame                 N   1,385,988    -0.02%   -2.40%  interp d131 (weekly series | -2.40%
2026-08-22 10:39:16.826 | DEBUG    | __main__:get_daily_price:116 -   last_known=2026-04-13, run=2026-08-22, elapsed=131d
2026-08-22 10:39:16.830 | DEBUG    | __main__:get_daily_price:116 -   last_known=2026-04-13, run=2026-08-21, elapsed=130d
2026-08-22 10:39:16.833 | INFO     | __main__:build_zonal_output:318 -   Ginger                 N   9,329,130    -0.01%   -0.75%  interp d131 (weekly series | -0.75%
2026-08-22 10:39:16.833 | DEBUG    | __main__:get_daily_price:116 -   last_known=2026-04-13, run=2026-08-22, elapsed=131d
2026-08-22 10:39:16.834 | DEBUG    | __main__:get_daily_price:116 -   last_known=2026-04-13, run=2026-08-21, elapsed=130d
2026-08-22 10:39:16.834 | INFO     | __main__:build_zonal_output:318 -   Cocoa                  N   4,574,622    +0.01%  + +1.66%  interp d131 (weekly series | +1.66%
2026-08-22 10:39:16.834 | DEBUG    | __main__:get_daily_price:116 -   last_known=2026-04-13, run=2026-08-22, elapsed=131d
2026-08-22 10:39:16.840 | DEBUG    | __main__:get_daily_price:116 -   last_known=2026-04-13, run=2026-08-21, elapsed=130d
2026-08-22 10:39:16.843 | INFO     | __main__:build_zonal_output:318 -   Soybeans               N     781,698    -0.01%   -1.05%  interp d131 (weekly series | -1.05%
2026-08-22 10:39:16.846 | DEBUG    | __main__:get_daily_price:116 -   last_known=2026-04-13, run=2026-08-22, elapsed=131d
2026-08-22 10:39:16.848 | DEBUG    | __main__:get_daily_price:116 -   last_known=2026-04-13, run=2026-08-21, elapsed=130d
2026-08-22 10:39:16.850 | INFO     | __main__:build_zonal_output:318 -   Cashew Nuts            N   1,885,135    -0.02%   -2.32%  interp d131 (weekly series | -2.32%
2026-08-22 10:39:16.850 | DEBUG    | __main__:get_daily_price:116 -   last_known=2026-04-13, run=2026-08-22, elapsed=131d
2026-08-22 10:39:16.855 | DEBUG    | __main__:get_daily_price:116 -   last_known=2026-04-13, run=2026-08-21, elapsed=130d
2026-08-22 10:39:16.858 | INFO     | __main__:build_zonal_output:318 -   Sorghum                N     340,042    -0.01%   -1.44%  interp d131 (weekly series | -1.44%
2026-08-22 10:39:16.858 | DEBUG    | __main__:get_daily_price:116 -   last_known=2026-03-16, run=2026-08-22, elapsed=159d
2026-08-22 10:39:16.862 | DEBUG    | __main__:get_daily_price:116 -   last_known=2026-03-16, run=2026-08-21, elapsed=158d
2026-08-22 10:39:16.865 | INFO     | __main__:build_zonal_output:318 -   Beans (white)          N     739,154    -0.01%   -1.45%  interp d159 (weekly series | -1.45%
2026-08-22 10:39:16.865 | DEBUG    | __main__:get_daily_price:116 -   last_known=2026-03-16, run=2026-08-22, elapsed=159d
2026-08-22 10:39:16.868 | DEBUG    | __main__:get_daily_price:116 -   last_known=2026-03-16, run=2026-08-21, elapsed=158d
2026-08-22 10:39:16.870 | INFO     | __main__:build_zonal_output:318 -   Beans (red)            N     838,881    -0.01%   -1.31%  interp d159 (weekly series | -1.31%
2026-08-22 10:39:16.873 | DEBUG    | __main__:get_daily_price:88 -   last_known_date 2023-01-16 is stale (>2yr). Using forecast_start as anchor.
2026-08-22 10:39:16.873 | DEBUG    | __main__:get_daily_price:116 -   last_known=2023-01-16, run=2026-08-22, elapsed=7d
2026-08-22 10:39:16.877 | DEBUG    | __main__:get_daily_price:88 -   last_known_date 2023-01-16 is stale (>2yr). Using forecast_start as anchor.
2026-08-22 10:39:16.877 | DEBUG    | __main__:get_daily_price:116 -   last_known=2023-01-16, run=2026-08-21, elapsed=7d
2026-08-22 10:39:16.878 | INFO     | __main__:build_zonal_output:318 -   Maize (white)          N     390,498    -0.13%   -1.14%  interp d7 (weekly series | -1.14% v
2026-08-22 10:39:16.878 | DEBUG    | __main__:get_daily_price:88 -   last_known_date 2023-01-16 is stale (>2yr). Using forecast_start as anchor.
2026-08-22 10:39:16.878 | DEBUG    | __main__:get_daily_price:116 -   last_known=2023-01-16, run=2026-08-22, elapsed=7d
2026-08-22 10:39:16.878 | DEBUG    | __main__:get_daily_price:88 -   last_known_date 2023-01-16 is stale (>2yr). Using forecast_start as anchor.
2026-08-22 10:39:16.878 | DEBUG    | __main__:get_daily_price:116 -   last_known=2023-01-16, run=2026-08-21, elapsed=7d
2026-08-22 10:39:16.882 | INFO     | __main__:build_zonal_output:318 -   Maize (yellow)         N     417,114    -0.10%   -0.92%  interp d7 (weekly series | -0.92% v
2026-08-22 10:39:16.882 | DEBUG    | __main__:get_daily_price:116 -   last_known=2026-04-13, run=2026-08-22, elapsed=131d
2026-08-22 10:39:16.883 | DEBUG    | __main__:get_daily_price:116 -   last_known=2026-04-13, run=2026-08-21, elapsed=130d
2026-08-22 10:39:16.883 | INFO     | __main__:build_zonal_output:318 -   Wheat                  N     986,836    -0.01%   -1.32%  interp d131 (weekly series | -1.32%
2026-08-22 10:39:16.883 | DEBUG    | __main__:get_daily_price:88 -   last_known_date 2023-01-09 is stale (>2yr). Using forecast_start as anchor.
2026-08-22 10:39:16.883 | DEBUG    | __main__:get_daily_price:116 -   last_known=2023-01-09, run=2026-08-22, elapsed=7d
2026-08-22 10:39:16.888 | DEBUG    | __main__:get_daily_price:88 -   last_known_date 2023-01-09 is stale (>2yr). Using forecast_start as anchor.
2026-08-22 10:39:16.888 | DEBUG    | __main__:get_daily_price:116 -   last_known=2023-01-09, run=2026-08-21, elapsed=7d
2026-08-22 10:39:16.893 | INFO     | __main__:build_zonal_output:318 -   Rice                   N   1,351,096    +0.26%  + +2.36%  interp d7 (weekly series | +2.36% v
2026-08-22 10:39:16.893 | DEBUG    | __main__:get_daily_price:116 -   last_known=2026-03-09, run=2026-08-22, elapsed=166d
2026-08-22 10:39:16.895 | DEBUG    | __main__:get_daily_price:116 -   last_known=2026-03-09, run=2026-08-21, elapsed=165d
2026-08-22 10:39:16.895 | INFO     | __main__:build_zonal_output:318 -   Meat (beef)            N   4,643,564    +0.01%  + +2.37%  interp d166 (weekly series | +2.37%
2026-08-22 10:39:16.895 | DEBUG    | __main__:get_daily_price:116 -   last_known=2026-03-09, run=2026-08-22, elapsed=166d
2026-08-22 10:39:16.895 | DEBUG    | __main__:get_daily_price:116 -   last_known=2026-03-09, run=2026-08-21, elapsed=165d
2026-08-22 10:39:16.898 | INFO     | __main__:build_zonal_output:318 -   Meat (goat)            N   6,850,926    -0.01%   -2.13%  interp d166 (weekly series | -2.13%
2026-08-22 10:39:16.898 | DEBUG    | __main__:get_daily_price:116 -   last_known=2026-03-09, run=2026-08-22, elapsed=166d
2026-08-22 10:39:16.898 | DEBUG    | __main__:get_daily_price:116 -   last_known=2026-03-09, run=2026-08-21, elapsed=165d
2026-08-22 10:39:16.903 | INFO     | __main__:build_zonal_output:318 -   Fish (dried)           N   9,666,400    -0.02%   -3.34%  interp d166 (weekly series | -3.34%
2026-08-22 10:39:16.903 | DEBUG    | __main__:get_daily_price:116 -   last_known=2026-03-09, run=2026-08-22, elapsed=166d
2026-08-22 10:39:16.903 | DEBUG    | __main__:get_daily_price:116 -   last_known=2026-03-09, run=2026-08-21, elapsed=165d
2026-08-22 10:39:16.909 | INFO     | __main__:build_zonal_output:318 -   Eggs                   N       7,709    -0.02%   -2.67%  interp d166 (weekly series | -2.67%
2026-08-22 10:39:16.909 | INFO     | __main__:build_zonal_output:321 - 
2026-08-22 10:39:16.961 | INFO     | __main__:run_zonal_forecast:484 - 
2026-08-22 10:39:16.961 | INFO     | __main__:run_zonal_forecast:485 -   Zone             State        Commodity                 State Price  Day Chg
2026-08-22 10:39:16.962 | INFO     | __main__:run_zonal_forecast:486 -   ------------------------------------------------------------------------
2026-08-22 10:39:16.963 | INFO     | __main__:run_zonal_forecast:493 -   North West       Kano         * Sesame                N   1,150,370/MT  -0.02%
2026-08-22 10:39:16.963 | INFO     | __main__:run_zonal_forecast:493 -   North West       Kano         * Sorghum               N     265,233/MT  -0.01%
2026-08-22 10:39:16.963 | INFO     | __main__:run_zonal_forecast:493 -   North West       Kano         * Beans (white)         N     643,064/MT  -0.01%
2026-08-22 10:39:16.963 | INFO     | __main__:run_zonal_forecast:493 -   North West       Kano         * Maize (white)         N     312,398/MT  -0.13%
2026-08-22 10:39:16.963 | INFO     | __main__:run_zonal_forecast:493 -   North West       Kano         * Maize (yellow)        N     333,691/MT  -0.10%
2026-08-22 10:39:16.966 | INFO     | __main__:run_zonal_forecast:493 -   North West       Kano         * Wheat                 N     878,284/MT  -0.01%
2026-08-22 10:39:16.966 | INFO     | __main__:run_zonal_forecast:493 -   North West       Kaduna       * Ginger                N   6,716,973/MT  -0.01%
2026-08-22 10:39:16.967 | INFO     | __main__:run_zonal_forecast:493 -   North West       Kaduna       * Soybeans              N     656,626/MT  -0.01%
2026-08-22 10:39:16.967 | INFO     | __main__:run_zonal_forecast:493 -   North West       Kaduna       * Sorghum               N     272,033/MT  -0.01%
2026-08-22 10:39:16.967 | INFO     | __main__:run_zonal_forecast:493 -   North West       Kaduna       * Maize (white)         N     316,303/MT  -0.13%
2026-08-22 10:39:16.970 | INFO     | __main__:run_zonal_forecast:493 -   North West       Kaduna       * Maize (yellow)        N     337,863/MT  -0.10%
2026-08-22 10:39:16.970 | INFO     | __main__:run_zonal_forecast:493 -   North West       Kaduna       * Wheat                 N     858,548/MT  -0.01%
2026-08-22 10:39:16.971 | INFO     | __main__:run_zonal_forecast:493 -   North Central    Plateau      * Ginger                N   6,996,847/MT  -0.01%
2026-08-22 10:39:16.972 | INFO     | __main__:run_zonal_forecast:493 -   North Central    Plateau      * Soybeans              N     648,809/MT  -0.01%
2026-08-22 10:39:16.972 | INFO     | __main__:run_zonal_forecast:493 -   North Central    Plateau      * Beans (white)         N     665,239/MT  -0.01%
2026-08-22 10:39:16.974 | INFO     | __main__:run_zonal_forecast:493 -   North Central    Plateau      * Maize (white)         N     339,733/MT  -0.13%
2026-08-22 10:39:16.974 | INFO     | __main__:run_zonal_forecast:493 -   North Central    Plateau      * Wheat                 N     898,021/MT  -0.01%
2026-08-22 10:39:16.976 | INFO     | __main__:run_zonal_forecast:493 -   North Central    Kogi         * Cocoa                 N   4,025,668/MT  +0.01%
2026-08-22 10:39:16.977 | INFO     | __main__:run_zonal_forecast:493 -   North Central    Kogi         * Soybeans              N     680,077/MT  -0.01%
2026-08-22 10:39:16.977 | INFO     | __main__:run_zonal_forecast:493 -   North Central    Kogi         * Cashew Nuts           N   1,508,108/MT  -0.02%
2026-08-22 10:39:16.977 | INFO     | __main__:run_zonal_forecast:493 -   North Central    Kogi         * Sorghum               N     309,438/MT  -0.01%
2026-08-22 10:39:16.977 | INFO     | __main__:run_zonal_forecast:493 -   North Central    Kogi         * Beans (white)         N     680,022/MT  -0.01%
2026-08-22 10:39:16.977 | INFO     | __main__:run_zonal_forecast:493 -   North Central    Kogi         * Maize (white)         N     351,448/MT  -0.13%
2026-08-22 10:39:16.977 | INFO     | __main__:run_zonal_forecast:493 -   North East       Adamawa      * Sesame                N   1,191,950/MT  -0.02%
2026-08-22 10:39:16.977 | INFO     | __main__:run_zonal_forecast:493 -   North East       Adamawa      * Ginger                N   7,743,178/MT  -0.01%
2026-08-22 10:39:16.977 | INFO     | __main__:run_zonal_forecast:493 -   North East       Adamawa      * Soybeans              N     695,711/MT  -0.01%
2026-08-22 10:39:16.977 | INFO     | __main__:run_zonal_forecast:493 -   North East       Adamawa      * Sorghum               N     295,836/MT  -0.01%
2026-08-22 10:39:16.982 | INFO     | __main__:run_zonal_forecast:493 -   North East       Adamawa      * Beans (white)         N     680,022/MT  -0.01%
2026-08-22 10:39:16.982 | INFO     | __main__:run_zonal_forecast:493 -   North East       Adamawa      * Maize (white)         N     343,638/MT  -0.13%
2026-08-22 10:39:16.985 | INFO     | __main__:run_zonal_forecast:493 -   North East       Borno        * Sesame                N   1,233,530/MT  -0.02%
2026-08-22 10:39:16.985 | INFO     | __main__:run_zonal_forecast:493 -   North East       Borno        * Sorghum               N     312,838/MT  -0.01%
2026-08-22 10:39:16.985 | INFO     | __main__:run_zonal_forecast:493 -   North East       Borno        * Beans (white)         N     783,503/MT  -0.01%
2026-08-22 10:39:16.987 | INFO     | __main__:run_zonal_forecast:493 -   North East       Borno        * Maize (white)         N     421,738/MT  -0.13%
2026-08-22 10:39:16.989 | INFO     | __main__:run_zonal_forecast:493 -   North East       Borno        * Wheat                 N   1,105,257/MT  -0.01%
2026-08-22 10:39:16.991 | INFO     | __main__:run_zonal_forecast:493 -   South West       Oyo          * Hibiscus              N   2,539,922/MT  -0.01%
2026-08-22 10:39:16.991 | INFO     | __main__:run_zonal_forecast:493 -   South West       Oyo          * Cocoa                 N   4,071,414/MT  +0.01%
2026-08-22 10:39:16.993 | INFO     | __main__:run_zonal_forecast:493 -   South West       Oyo          * Soybeans              N     812,966/MT  -0.01%
2026-08-22 10:39:16.993 | INFO     | __main__:run_zonal_forecast:493 -   South West       Oyo          * Cashew Nuts           N   1,621,216/MT  -0.02%
2026-08-22 10:39:16.993 | INFO     | __main__:run_zonal_forecast:493 -   South West       Oyo          * Beans (white)         N     813,069/MT  -0.01%
2026-08-22 10:39:16.993 | INFO     | __main__:run_zonal_forecast:493 -   South West       Oyo          * Maize (white)         N     421,738/MT  -0.13%
2026-08-22 10:39:16.993 | INFO     | __main__:run_zonal_forecast:493 -   South West       Lagos        * Hibiscus              N   2,835,835/MT  -0.01%
2026-08-22 10:39:16.993 | INFO     | __main__:run_zonal_forecast:493 -   South West       Lagos        * Sesame                N   1,635,466/MT  -0.02%
2026-08-22 10:39:16.993 | INFO     | __main__:run_zonal_forecast:493 -   South West       Lagos        * Cocoa                 N   4,940,592/MT  +0.01%
2026-08-22 10:39:16.993 | INFO     | __main__:run_zonal_forecast:493 -   South West       Lagos        * Soybeans              N     953,672/MT  -0.01%
2026-08-22 10:39:16.999 | INFO     | __main__:run_zonal_forecast:493 -   South West       Lagos        * Beans (white)         N     946,117/MT  -0.01%
2026-08-22 10:39:16.999 | INFO     | __main__:run_zonal_forecast:493 -   South West       Lagos        * Beans (red)           N   1,048,601/MT  -0.01%
2026-08-22 10:39:16.999 | INFO     | __main__:run_zonal_forecast:493 -   South West       Lagos        * Maize (white)         N     507,647/MT  -0.13%
2026-08-22 10:39:16.999 | INFO     | __main__:run_zonal_forecast:493 -   South West       Lagos        * Maize (yellow)        N     542,249/MT  -0.10%
2026-08-22 10:39:16.999 | INFO     | __main__:run_zonal_forecast:493 -   South East       Anambra      * Cocoa                 N   4,803,353/MT  +0.01%
2026-08-22 10:39:16.999 | INFO     | __main__:run_zonal_forecast:493 -   South East       Anambra      * Cashew Nuts           N   2,073,648/MT  -0.02%
2026-08-22 10:39:16.999 | INFO     | __main__:run_zonal_forecast:493 -   South East       Anambra      * Beans (white)         N     872,202/MT  -0.01%
2026-08-22 10:39:17.002 | INFO     | __main__:run_zonal_forecast:493 -   South East       Anambra      * Beans (red)           N     964,713/MT  -0.01%
2026-08-22 10:39:17.003 | INFO     | __main__:run_zonal_forecast:493 -   South East       Anambra      * Maize (white)         N     468,597/MT  -0.13%
2026-08-22 10:39:17.003 | INFO     | __main__:run_zonal_forecast:493 -   South East       Imo          * Cocoa                 N   4,162,906/MT  +0.01%
2026-08-22 10:39:17.006 | INFO     | __main__:run_zonal_forecast:493 -   South East       Imo          * Cashew Nuts           N   1,998,243/MT  -0.02%
2026-08-22 10:39:17.006 | INFO     | __main__:run_zonal_forecast:493 -   South East       Imo          * Beans (white)         N     850,027/MT  -0.01%
2026-08-22 10:39:17.008 | INFO     | __main__:run_zonal_forecast:493 -   South East       Imo          * Maize (white)         N     456,882/MT  -0.13%
2026-08-22 10:39:17.008 | INFO     | __main__:run_zonal_forecast:493 -   South South      Rivers       * Hibiscus              N   2,761,857/MT  -0.01%
2026-08-22 10:39:17.008 | INFO     | __main__:run_zonal_forecast:493 -   South South      Rivers       * Sesame                N   1,635,466/MT  -0.02%
2026-08-22 10:39:17.008 | INFO     | __main__:run_zonal_forecast:493 -   South South      Rivers       * Cocoa                 N   4,803,353/MT  +0.01%
2026-08-22 10:39:17.008 | INFO     | __main__:run_zonal_forecast:493 -   South South      Rivers       * Beans (white)         N     901,768/MT  -0.01%
2026-08-22 10:39:17.008 | INFO     | __main__:run_zonal_forecast:493 -   South South      Rivers       * Beans (red)           N   1,006,657/MT  -0.01%
2026-08-22 10:39:17.008 | INFO     | __main__:run_zonal_forecast:493 -   South South      Rivers       * Maize (white)         N     488,122/MT  -0.13%
2026-08-22 10:39:17.012 | INFO     | __main__:run_zonal_forecast:493 -   South South      Delta        * Hibiscus              N   2,663,219/MT  -0.01%
2026-08-22 10:39:17.014 | INFO     | __main__:run_zonal_forecast:493 -   South South      Delta        * Sesame                N   1,607,747/MT  -0.02%
2026-08-22 10:39:17.014 | INFO     | __main__:run_zonal_forecast:493 -   South South      Delta        * Cocoa                 N   4,254,399/MT  +0.01%
2026-08-22 10:39:17.014 | INFO     | __main__:run_zonal_forecast:493 -   South South      Delta        * Soybeans              N     891,136/MT  -0.01%
2026-08-22 10:39:17.014 | INFO     | __main__:run_zonal_forecast:493 -   South South      Delta        * Beans (white)         N     864,810/MT  -0.01%
2026-08-22 10:39:17.014 | INFO     | __main__:run_zonal_forecast:493 -   South South      Delta        * Maize (white)         N     468,597/MT  -0.13%
2026-08-22 10:39:17.339 | SUCCESS  | __main__:run_zonal_forecast:507 -   Zonal JSON  -> C:\Users\USER\Downloads\agrolinking-intel-structure\agrolinking-intel\outputs\forecasts\zonal\zonal_forecast_2026-08-22.json
2026-08-22 10:39:17.345 | SUCCESS  | __main__:run_zonal_forecast:513 -   Zonal alert -> C:\Users\USER\Downloads\agrolinking-intel-structure\agrolinking-intel\outputs\daily_alerts\alert_zonal_2026-08-22.txt
2026-08-22 10:39:17.349 | INFO     | __main__:run_zonal_forecast:515 - 
2026-08-22 10:39:17.350 | INFO     | __main__:run_zonal_forecast:516 - =================================================================
2026-08-22 10:39:17.350 | INFO     | __main__:run_zonal_forecast:518 -   ================================================
2026-08-22 10:39:17.353 | INFO     | __main__:run_zonal_forecast:518 -   AGROLINKING ZONAL COMMODITY INTELLIGENCE
2026-08-22 10:39:17.353 | INFO     | __main__:run_zonal_forecast:518 -   Date: Saturday, 22 August 2026
2026-08-22 10:39:17.353 | INFO     | __main__:run_zonal_forecast:518 -   6 Zones | 12 States | 12 Commodities
2026-08-22 10:39:17.353 | INFO     | __main__:run_zonal_forecast:518 -   ================================================
2026-08-22 10:39:17.353 | INFO     | __main__:run_zonal_forecast:518 -   
2026-08-22 10:39:17.357 | INFO     | __main__:run_zonal_forecast:518 -   NORTH WEST (Kano & Kaduna)
2026-08-22 10:39:17.360 | INFO     | __main__:run_zonal_forecast:518 -   Nigeria's main grain belt. Highest Maize, Sorghum, Sesame, Wheat production.
2026-08-22 10:39:17.360 | INFO     | __main__:run_zonal_forecast:518 -   
2026-08-22 10:39:17.363 | INFO     | __main__:run_zonal_forecast:518 -     Commodity           Kano                Kaduna            
2026-08-22 10:39:17.364 | INFO     | __main__:run_zonal_forecast:518 -     ------------------------------------------------------------
2026-08-22 10:39:17.365 | INFO     | __main__:run_zonal_forecast:518 -     Hibiscus                N2.343M    (-0.0%)    N2.293M    (-0.0%)
2026-08-22 10:39:17.365 | INFO     | __main__:run_zonal_forecast:518 -     Sesame                * N1.150M    (-0.0%)    N1.178M    (-0.0%)
2026-08-22 10:39:17.365 | INFO     | __main__:run_zonal_forecast:518 -     Ginger                  N9.143M    (-0.0%)  * N6.717M    (-0.0%)
2026-08-22 10:39:17.367 | INFO     | __main__:run_zonal_forecast:518 -     Cocoa                   N4.666M    (+0.0%)    N4.803M    (+0.0%)
2026-08-22 10:39:17.368 | INFO     | __main__:run_zonal_forecast:518 -     Soybeans                N704K      (-0.0%)  * N657K      (-0.0%)
2026-08-22 10:39:17.370 | INFO     | __main__:run_zonal_forecast:518 -     Cashew Nuts             N1.885M    (-0.0%)    N1.923M    (-0.0%)
2026-08-22 10:39:17.370 | INFO     | __main__:run_zonal_forecast:518 -     Sorghum               * N265K      (-0.0%)  * N272K      (-0.0%)
2026-08-22 10:39:17.370 | INFO     | __main__:run_zonal_forecast:518 -     Beans (white)         * N643K      (-0.0%)    N650K      (-0.0%)
2026-08-22 10:39:17.372 | INFO     | __main__:run_zonal_forecast:518 -     Beans (red)             N755K      (-0.0%)    N763K      (-0.0%)
2026-08-22 10:39:17.373 | INFO     | __main__:run_zonal_forecast:518 -     Maize (white)         * N312K      (-0.1%)  * N316K      (-0.1%)
2026-08-22 10:39:17.373 | INFO     | __main__:run_zonal_forecast:518 -     Maize (yellow)        * N334K      (-0.1%)  * N338K      (-0.1%)
2026-08-22 10:39:17.375 | INFO     | __main__:run_zonal_forecast:518 -     Wheat                 * N878K      (-0.0%)  * N859K      (-0.0%)
2026-08-22 10:39:17.377 | INFO     | __main__:run_zonal_forecast:518 -     Rice                    N1.284M    (+0.3%)    N1.257M    (+0.3%)
2026-08-22 10:39:17.377 | INFO     | __main__:run_zonal_forecast:518 -     Meat (beef)             N4.040M    (+0.0%)    N4.040M    (+0.0%)
2026-08-22 10:39:17.377 | INFO     | __main__:run_zonal_forecast:518 -     Meat (goat)             N5.960M    (-0.0%)    N5.960M    (-0.0%)
2026-08-22 10:39:17.377 | INFO     | __main__:run_zonal_forecast:518 -     Fish (dried)            N8.410M    (-0.0%)    N8.410M    (-0.0%)
2026-08-22 10:39:17.377 | INFO     | __main__:run_zonal_forecast:518 -     Eggs                    N7K        (-0.0%)    N7K        (-0.0%)
2026-08-22 10:39:17.377 | INFO     | __main__:run_zonal_forecast:518 -   
2026-08-22 10:39:17.377 | INFO     | __main__:run_zonal_forecast:518 -   NORTH CENTRAL (Plateau & Kogi)
2026-08-22 10:39:17.383 | INFO     | __main__:run_zonal_forecast:518 -   Middle Belt. Ginger heartland (Plateau), Cashew/Cocoa belt (Kogi).
2026-08-22 10:39:17.383 | INFO     | __main__:run_zonal_forecast:518 -   
2026-08-22 10:39:17.383 | INFO     | __main__:run_zonal_forecast:518 -     Commodity           Plateau             Kogi              
2026-08-22 10:39:17.385 | INFO     | __main__:run_zonal_forecast:518 -     ------------------------------------------------------------
2026-08-22 10:39:17.385 | INFO     | __main__:run_zonal_forecast:518 -     Hibiscus                N2.392M    (-0.0%)    N2.367M    (-0.0%)
2026-08-22 10:39:17.385 | INFO     | __main__:run_zonal_forecast:518 -     Sesame                  N1.331M    (-0.0%)    N1.344M    (-0.0%)
2026-08-22 10:39:17.385 | INFO     | __main__:run_zonal_forecast:518 -     Ginger                * N6.997M    (-0.0%)    N8.769M    (-0.0%)
2026-08-22 10:39:17.385 | INFO     | __main__:run_zonal_forecast:518 -     Cocoa                   N4.941M    (+0.0%)  * N4.026M    (+0.0%)
2026-08-22 10:39:17.388 | INFO     | __main__:run_zonal_forecast:518 -     Soybeans              * N649K      (-0.0%)  * N680K      (-0.0%)
2026-08-22 10:39:17.388 | INFO     | __main__:run_zonal_forecast:518 -     Cashew Nuts             N1.979M    (-0.0%)  * N1.508M    (-0.0%)
2026-08-22 10:39:17.388 | INFO     | __main__:run_zonal_forecast:518 -     Sorghum                 N313K      (-0.0%)  * N309K      (-0.0%)
2026-08-22 10:39:17.390 | INFO     | __main__:run_zonal_forecast:518 -     Beans (white)         * N665K      (-0.0%)  * N680K      (-0.0%)
2026-08-22 10:39:17.390 | INFO     | __main__:run_zonal_forecast:518 -     Beans (red)             N797K      (-0.0%)    N789K      (-0.0%)
2026-08-22 10:39:17.390 | INFO     | __main__:run_zonal_forecast:518 -     Maize (white)         * N340K      (-0.1%)  * N351K      (-0.1%)
2026-08-22 10:39:17.392 | INFO     | __main__:run_zonal_forecast:518 -     Maize (yellow)          N367K      (-0.1%)    N380K      (-0.1%)
2026-08-22 10:39:17.393 | INFO     | __main__:run_zonal_forecast:518 -     Wheat                 * N898K      (-0.0%)    N957K      (-0.0%)
2026-08-22 10:39:17.393 | INFO     | __main__:run_zonal_forecast:518 -     Rice                    N1.216M    (+0.3%)    N1.311M    (+0.3%)
2026-08-22 10:39:17.393 | INFO     | __main__:run_zonal_forecast:518 -     Meat (beef)             N4.411M    (+0.0%)    N4.411M    (+0.0%)
2026-08-22 10:39:17.393 | INFO     | __main__:run_zonal_forecast:518 -     Meat (goat)             N6.508M    (-0.0%)    N6.508M    (-0.0%)
2026-08-22 10:39:17.393 | INFO     | __main__:run_zonal_forecast:518 -     Fish (dried)            N9.183M    (-0.0%)    N9.183M    (-0.0%)
2026-08-22 10:39:17.396 | INFO     | __main__:run_zonal_forecast:518 -     Eggs                    N7K        (-0.0%)    N7K        (-0.0%)
2026-08-22 10:39:17.396 | INFO     | __main__:run_zonal_forecast:518 -   
2026-08-22 10:39:17.398 | INFO     | __main__:run_zonal_forecast:518 -   NORTH EAST (Adamawa & Borno)
2026-08-22 10:39:17.398 | INFO     | __main__:run_zonal_forecast:518 -   Semi-arid. Sorghum, Maize. Conflict premium on imports in Borno.
2026-08-22 10:39:17.398 | INFO     | __main__:run_zonal_forecast:518 -   
2026-08-22 10:39:17.398 | INFO     | __main__:run_zonal_forecast:518 -     Commodity           Adamawa             Borno             
2026-08-22 10:39:17.399 | INFO     | __main__:run_zonal_forecast:518 -     ------------------------------------------------------------
2026-08-22 10:39:17.399 | INFO     | __main__:run_zonal_forecast:518 -     Hibiscus                N2.417M    (-0.0%)    N2.589M    (-0.0%)
2026-08-22 10:39:17.399 | INFO     | __main__:run_zonal_forecast:518 -     Sesame                * N1.192M    (-0.0%)  * N1.234M    (-0.0%)
2026-08-22 10:39:17.399 | INFO     | __main__:run_zonal_forecast:518 -     Ginger                * N7.743M    (-0.0%)    N10.728M   (-0.0%)
2026-08-22 10:39:17.399 | INFO     | __main__:run_zonal_forecast:518 -     Cocoa                   N4.803M    (+0.0%)    N5.398M    (+0.0%)
2026-08-22 10:39:17.399 | INFO     | __main__:run_zonal_forecast:518 -     Soybeans              * N696K      (-0.0%)    N844K      (-0.0%)
2026-08-22 10:39:17.402 | INFO     | __main__:run_zonal_forecast:518 -     Cashew Nuts             N1.961M    (-0.0%)    N2.168M    (-0.0%)
2026-08-22 10:39:17.404 | INFO     | __main__:run_zonal_forecast:518 -     Sorghum               * N296K      (-0.0%)  * N313K      (-0.0%)
2026-08-22 10:39:17.405 | INFO     | __main__:run_zonal_forecast:518 -     Beans (white)         * N680K      (-0.0%)  * N784K      (-0.0%)
2026-08-22 10:39:17.405 | INFO     | __main__:run_zonal_forecast:518 -     Beans (red)             N797K      (-0.0%)    N923K      (-0.0%)
2026-08-22 10:39:17.407 | INFO     | __main__:run_zonal_forecast:518 -     Maize (white)         * N344K      (-0.1%)  * N422K      (-0.1%)
2026-08-22 10:39:17.407 | INFO     | __main__:run_zonal_forecast:518 -     Maize (yellow)          N371K      (-0.1%)    N450K      (-0.1%)
2026-08-22 10:39:17.407 | INFO     | __main__:run_zonal_forecast:518 -     Wheat                   N967K      (-0.0%)  * N1.105M    (-0.0%)
2026-08-22 10:39:17.407 | INFO     | __main__:run_zonal_forecast:518 -     Rice                    N1.378M    (+0.3%)    N1.486M    (+0.3%)
2026-08-22 10:39:17.407 | INFO     | __main__:run_zonal_forecast:518 -     Meat (beef)             N4.736M    (+0.0%)    N4.736M    (+0.0%)
2026-08-22 10:39:17.407 | INFO     | __main__:run_zonal_forecast:518 -     Meat (goat)             N6.988M    (-0.0%)    N6.988M    (-0.0%)
2026-08-22 10:39:17.407 | INFO     | __main__:run_zonal_forecast:518 -     Fish (dried)            N9.860M    (-0.0%)    N9.860M    (-0.0%)
2026-08-22 10:39:17.413 | INFO     | __main__:run_zonal_forecast:518 -     Eggs                    N8K        (-0.0%)    N8K        (-0.0%)
2026-08-22 10:39:17.413 | INFO     | __main__:run_zonal_forecast:518 -   
2026-08-22 10:39:17.413 | INFO     | __main__:run_zonal_forecast:518 -   SOUTH WEST (Oyo & Lagos)
2026-08-22 10:39:17.413 | INFO     | __main__:run_zonal_forecast:518 -   Commercial capital. Lagos is the price-setter for consumer markets.
2026-08-22 10:39:17.413 | INFO     | __main__:run_zonal_forecast:518 -   
2026-08-22 10:39:17.413 | INFO     | __main__:run_zonal_forecast:518 -     Commodity           Oyo                 Lagos             
2026-08-22 10:39:17.418 | INFO     | __main__:run_zonal_forecast:518 -     ------------------------------------------------------------
2026-08-22 10:39:17.418 | INFO     | __main__:run_zonal_forecast:518 -     Hibiscus              * N2.540M    (-0.0%)  * N2.836M    (-0.0%)
2026-08-22 10:39:17.422 | INFO     | __main__:run_zonal_forecast:518 -     Sesame                  N1.469M    (-0.0%)  * N1.635M    (-0.0%)
2026-08-22 10:39:17.425 | INFO     | __main__:run_zonal_forecast:518 -     Ginger                  N10.075M   (-0.0%)    N11.195M   (-0.0%)
2026-08-22 10:39:17.425 | INFO     | __main__:run_zonal_forecast:518 -     Cocoa                 * N4.071M    (+0.0%)  * N4.941M    (+0.0%)
2026-08-22 10:39:17.427 | INFO     | __main__:run_zonal_forecast:518 -     Soybeans              * N813K      (-0.0%)  * N954K      (-0.0%)
2026-08-22 10:39:17.429 | INFO     | __main__:run_zonal_forecast:518 -     Cashew Nuts           * N1.621M    (-0.0%)    N2.074M    (-0.0%)
2026-08-22 10:39:17.429 | INFO     | __main__:run_zonal_forecast:518 -     Sorghum                 N357K      (-0.0%)    N401K      (-0.0%)
2026-08-22 10:39:17.429 | INFO     | __main__:run_zonal_forecast:518 -     Beans (white)         * N813K      (-0.0%)  * N946K      (-0.0%)
2026-08-22 10:39:17.431 | INFO     | __main__:run_zonal_forecast:518 -     Beans (red)             N940K      (-0.0%)  * N1.049M    (-0.0%)
2026-08-22 10:39:17.433 | INFO     | __main__:run_zonal_forecast:518 -     Maize (white)         * N422K      (-0.1%)  * N508K      (-0.1%)
2026-08-22 10:39:17.433 | INFO     | __main__:run_zonal_forecast:518 -     Maize (yellow)          N450K      (-0.1%)  * N542K      (-0.1%)
2026-08-22 10:39:17.433 | INFO     | __main__:run_zonal_forecast:518 -     Wheat                   N1.086M    (-0.0%)    N1.135M    (-0.0%)
2026-08-22 10:39:17.433 | INFO     | __main__:run_zonal_forecast:518 -     Rice                    N1.459M    (+0.3%)    N1.594M    (+0.3%)
2026-08-22 10:39:17.433 | INFO     | __main__:run_zonal_forecast:518 -     Meat (beef)             N5.387M    (+0.0%)    N5.387M    (+0.0%)
2026-08-22 10:39:17.438 | INFO     | __main__:run_zonal_forecast:518 -     Meat (goat)             N7.947M    (-0.0%)    N7.947M    (-0.0%)
2026-08-22 10:39:17.438 | INFO     | __main__:run_zonal_forecast:518 -     Fish (dried)            N11.213M   (-0.0%)    N11.213M   (-0.0%)
2026-08-22 10:39:17.438 | INFO     | __main__:run_zonal_forecast:518 -     Eggs                    N9K        (-0.0%)    N9K        (-0.0%)
2026-08-22 10:39:17.438 | INFO     | __main__:run_zonal_forecast:518 -   
2026-08-22 10:39:17.438 | INFO     | __main__:run_zonal_forecast:518 -   SOUTH EAST (Anambra & Imo)
2026-08-22 10:39:17.438 | INFO     | __main__:run_zonal_forecast:518 -   High consumption, low production of traded commodities. Import-dependent.
2026-08-22 10:39:17.443 | INFO     | __main__:run_zonal_forecast:518 -   
2026-08-22 10:39:17.445 | INFO     | __main__:run_zonal_forecast:518 -     Commodity           Anambra             Imo               
2026-08-22 10:39:17.445 | INFO     | __main__:run_zonal_forecast:518 -     ------------------------------------------------------------
2026-08-22 10:39:17.445 | INFO     | __main__:run_zonal_forecast:518 -     Hibiscus                N2.762M    (-0.0%)    N2.713M    (-0.0%)
2026-08-22 10:39:17.445 | INFO     | __main__:run_zonal_forecast:518 -     Sesame                  N1.608M    (-0.0%)    N1.580M    (-0.0%)
2026-08-22 10:39:17.445 | INFO     | __main__:run_zonal_forecast:518 -     Ginger                  N10.728M   (-0.0%)    N10.449M   (-0.0%)
2026-08-22 10:39:17.448 | INFO     | __main__:run_zonal_forecast:518 -     Cocoa                 * N4.803M    (+0.0%)  * N4.163M    (+0.0%)
2026-08-22 10:39:17.448 | INFO     | __main__:run_zonal_forecast:518 -     Soybeans                N891K      (-0.0%)    N876K      (-0.0%)
2026-08-22 10:39:17.448 | INFO     | __main__:run_zonal_forecast:518 -     Cashew Nuts           * N2.074M    (-0.0%)  * N1.998M    (-0.0%)
2026-08-22 10:39:17.448 | INFO     | __main__:run_zonal_forecast:518 -     Sorghum                 N388K      (-0.0%)    N381K      (-0.0%)
2026-08-22 10:39:17.448 | INFO     | __main__:run_zonal_forecast:518 -     Beans (white)         * N872K      (-0.0%)  * N850K      (-0.0%)
2026-08-22 10:39:17.448 | INFO     | __main__:run_zonal_forecast:518 -     Beans (red)           * N965K      (-0.0%)    N948K      (-0.0%)
2026-08-22 10:39:17.448 | INFO     | __main__:run_zonal_forecast:518 -     Maize (white)         * N469K      (-0.1%)  * N457K      (-0.1%)
2026-08-22 10:39:17.448 | INFO     | __main__:run_zonal_forecast:518 -     Maize (yellow)          N501K      (-0.1%)    N488K      (-0.1%)
2026-08-22 10:39:17.453 | INFO     | __main__:run_zonal_forecast:518 -     Wheat                   N1.164M    (-0.0%)    N1.145M    (-0.0%)
2026-08-22 10:39:17.453 | INFO     | __main__:run_zonal_forecast:518 -     Rice                    N1.513M    (+0.3%)    N1.486M    (+0.3%)
2026-08-22 10:39:17.453 | INFO     | __main__:run_zonal_forecast:518 -     Meat (beef)             N5.247M    (+0.0%)    N5.247M    (+0.0%)
2026-08-22 10:39:17.453 | INFO     | __main__:run_zonal_forecast:518 -     Meat (goat)             N7.742M    (-0.0%)    N7.742M    (-0.0%)
2026-08-22 10:39:17.453 | INFO     | __main__:run_zonal_forecast:518 -     Fish (dried)            N10.923M   (-0.0%)    N10.923M   (-0.0%)
2026-08-22 10:39:17.453 | INFO     | __main__:run_zonal_forecast:518 -     Eggs                    N9K        (-0.0%)    N9K        (-0.0%)
2026-08-22 10:39:17.453 | INFO     | __main__:run_zonal_forecast:518 -   
2026-08-22 10:39:17.458 | INFO     | __main__:run_zonal_forecast:518 -   SOUTH SOUTH (Rivers & Delta)
2026-08-22 10:39:17.458 | INFO     | __main__:run_zonal_forecast:518 -   Oil belt. High purchasing power. Cocoa producer (Delta).
2026-08-22 10:39:17.458 | INFO     | __main__:run_zonal_forecast:518 -   
2026-08-22 10:39:17.458 | INFO     | __main__:run_zonal_forecast:518 -     Commodity           Rivers              Delta             
2026-08-22 10:39:17.458 | INFO     | __main__:run_zonal_forecast:518 -     ------------------------------------------------------------
2026-08-22 10:39:17.462 | INFO     | __main__:run_zonal_forecast:518 -     Hibiscus              * N2.762M    (-0.0%)  * N2.663M    (-0.0%)
2026-08-22 10:39:17.462 | INFO     | __main__:run_zonal_forecast:518 -     Sesame                * N1.635M    (-0.0%)  * N1.608M    (-0.0%)
2026-08-22 10:39:17.463 | INFO     | __main__:run_zonal_forecast:518 -     Ginger                  N11.195M   (-0.0%)    N10.728M   (-0.0%)
2026-08-22 10:39:17.463 | INFO     | __main__:run_zonal_forecast:518 -     Cocoa                 * N4.803M    (+0.0%)  * N4.254M    (+0.0%)
2026-08-22 10:39:17.463 | INFO     | __main__:run_zonal_forecast:518 -     Soybeans                N922K      (-0.0%)  * N891K      (-0.0%)
2026-08-22 10:39:17.465 | INFO     | __main__:run_zonal_forecast:518 -     Cashew Nuts             N2.168M    (-0.0%)    N2.074M    (-0.0%)
2026-08-22 10:39:17.465 | INFO     | __main__:run_zonal_forecast:518 -     Sorghum                 N408K      (-0.0%)    N401K      (-0.0%)
2026-08-22 10:39:17.467 | INFO     | __main__:run_zonal_forecast:518 -     Beans (white)         * N902K      (-0.0%)  * N865K      (-0.0%)
2026-08-22 10:39:17.467 | INFO     | __main__:run_zonal_forecast:518 -     Beans (red)           * N1.007M    (-0.0%)    N965K      (-0.0%)
2026-08-22 10:39:17.467 | INFO     | __main__:run_zonal_forecast:518 -     Maize (white)         * N488K      (-0.1%)  * N469K      (-0.1%)
2026-08-22 10:39:17.468 | INFO     | __main__:run_zonal_forecast:518 -     Maize (yellow)          N521K      (-0.1%)    N501K      (-0.1%)
2026-08-22 10:39:17.468 | INFO     | __main__:run_zonal_forecast:518 -     Wheat                   N1.204M    (-0.0%)    N1.184M    (-0.0%)
2026-08-22 10:39:17.468 | INFO     | __main__:run_zonal_forecast:518 -     Rice                    N1.554M    (+0.3%)    N1.513M    (+0.3%)
2026-08-22 10:39:17.468 | INFO     | __main__:run_zonal_forecast:518 -     Meat (beef)             N5.294M    (+0.0%)    N5.294M    (+0.0%)
2026-08-22 10:39:17.473 | INFO     | __main__:run_zonal_forecast:518 -     Meat (goat)             N7.810M    (-0.0%)    N7.810M    (-0.0%)
2026-08-22 10:39:17.473 | INFO     | __main__:run_zonal_forecast:518 -     Fish (dried)            N11.020M   (-0.0%)    N11.020M   (-0.0%)
2026-08-22 10:39:17.475 | INFO     | __main__:run_zonal_forecast:518 -     Eggs                    N9K        (-0.0%)    N9K        (-0.0%)
2026-08-22 10:39:17.475 | INFO     | __main__:run_zonal_forecast:518 -   
2026-08-22 10:39:17.475 | INFO     | __main__:run_zonal_forecast:518 -   ==========================================================
2026-08-22 10:39:17.475 | INFO     | __main__:run_zonal_forecast:518 -   * = primary commodity  (+/-%) = day-on-day change
2026-08-22 10:39:17.475 | INFO     | __main__:run_zonal_forecast:518 -   
2026-08-22 10:39:17.478 | INFO     | __main__:run_zonal_forecast:518 -   NATIONAL PRICE CHANGES TODAY:
2026-08-22 10:39:17.480 | INFO     | __main__:run_zonal_forecast:518 -     Commodity                   Price   Day Chg    vs Ref
2026-08-22 10:39:17.480 | INFO     | __main__:run_zonal_forecast:518 -     ------------------------------------------------------
2026-08-22 10:39:17.482 | INFO     | __main__:run_zonal_forecast:518 -     Hibiscus                  N2.466M    -0.01%    -1.36%
2026-08-22 10:39:17.483 | INFO     | __main__:run_zonal_forecast:518 -     Sesame                    N1.386M    -0.02%    -2.40%
2026-08-22 10:39:17.483 | INFO     | __main__:run_zonal_forecast:518 -     Ginger                    N9.329M    -0.01%    -0.75%
2026-08-22 10:39:17.483 | INFO     | __main__:run_zonal_forecast:518 -     Cocoa                     N4.575M    +0.01%    +1.66%
2026-08-22 10:39:17.483 | INFO     | __main__:run_zonal_forecast:518 -     Soybeans                    N782K    -0.01%    -1.05%
2026-08-22 10:39:17.483 | INFO     | __main__:run_zonal_forecast:518 -     Cashew Nuts               N1.885M    -0.02%    -2.32%
2026-08-22 10:39:17.483 | INFO     | __main__:run_zonal_forecast:518 -     Sorghum                     N340K    -0.01%    -1.44%
2026-08-22 10:39:17.488 | INFO     | __main__:run_zonal_forecast:518 -     Beans (white)               N739K    -0.01%    -1.45%
2026-08-22 10:39:17.490 | INFO     | __main__:run_zonal_forecast:518 -     Beans (red)                 N839K    -0.01%    -1.31%
2026-08-22 10:39:17.490 | INFO     | __main__:run_zonal_forecast:518 -     Maize (white)               N390K    -0.13%    -1.14%
2026-08-22 10:39:17.492 | INFO     | __main__:run_zonal_forecast:518 -     Maize (yellow)              N417K    -0.10%    -0.92%
2026-08-22 10:39:17.494 | INFO     | __main__:run_zonal_forecast:518 -     Wheat                       N987K    -0.01%    -1.32%
2026-08-22 10:39:17.494 | INFO     | __main__:run_zonal_forecast:518 -     Rice                      N1.351M    +0.26%    +2.36%
2026-08-22 10:39:17.495 | INFO     | __main__:run_zonal_forecast:518 -     Meat (beef)               N4.644M    +0.01%    +2.37%
2026-08-22 10:39:17.495 | INFO     | __main__:run_zonal_forecast:518 -     Meat (goat)               N6.851M    -0.01%    -2.13%
2026-08-22 10:39:17.495 | INFO     | __main__:run_zonal_forecast:518 -     Fish (dried)              N9.666M    -0.02%    -3.34%
2026-08-22 10:39:17.496 | INFO     | __main__:run_zonal_forecast:518 -     Eggs                          N8K    -0.02%    -2.67%
2026-08-22 10:39:17.496 | INFO     | __main__:run_zonal_forecast:518 -   
2026-08-22 10:39:17.496 | INFO     | __main__:run_zonal_forecast:518 -   BEST SOURCING NATIONALLY:
2026-08-22 10:39:17.496 | INFO     | __main__:run_zonal_forecast:518 -     Commodity              Best State           Price  Spread
2026-08-22 10:39:17.499 | INFO     | __main__:run_zonal_forecast:518 -     ------------------------------------------------------------
2026-08-22 10:39:17.499 | INFO     | __main__:run_zonal_forecast:518 -     Hibiscus               Kaduna             N2.293M  24% vs Lagos
2026-08-22 10:39:17.499 | INFO     | __main__:run_zonal_forecast:518 -     Sesame                 Kano               N1.150M  42% vs Lagos
2026-08-22 10:39:17.499 | INFO     | __main__:run_zonal_forecast:518 -     Ginger                 Kaduna             N6.717M  67% vs Lagos
2026-08-22 10:39:17.499 | INFO     | __main__:run_zonal_forecast:518 -     Cocoa                  Kogi               N4.026M  34% vs Borno
2026-08-22 10:39:17.499 | INFO     | __main__:run_zonal_forecast:518 -     Soybeans               Plateau              N649K  47% vs Lagos
2026-08-22 10:39:17.502 | INFO     | __main__:run_zonal_forecast:518 -     Cashew Nuts            Kogi               N1.508M  44% vs Borno
2026-08-22 10:39:17.503 | INFO     | __main__:run_zonal_forecast:518 -     Sorghum                Kano                 N265K  54% vs Rivers
2026-08-22 10:39:17.503 | INFO     | __main__:run_zonal_forecast:518 -     Beans (white)          Kano                 N643K  47% vs Lagos
2026-08-22 10:39:17.503 | INFO     | __main__:run_zonal_forecast:518 -     Beans (red)            Kano                 N755K  39% vs Lagos
2026-08-22 10:39:17.503 | INFO     | __main__:run_zonal_forecast:518 -     Maize (white)          Kano                 N312K  62% vs Lagos
2026-08-22 10:39:17.507 | INFO     | __main__:run_zonal_forecast:518 -     Maize (yellow)         Kano                 N334K  62% vs Lagos
2026-08-22 10:39:17.507 | INFO     | __main__:run_zonal_forecast:518 -     Wheat                  Kaduna               N859K  40% vs Rivers
2026-08-22 10:39:17.507 | INFO     | __main__:run_zonal_forecast:518 -     Rice                   Plateau            N1.216M  31% vs Lagos
2026-08-22 10:39:17.509 | INFO     | __main__:run_zonal_forecast:518 -     Meat (beef)            Kano               N4.040M  33% vs Oyo
2026-08-22 10:39:17.509 | INFO     | __main__:run_zonal_forecast:518 -     Meat (goat)            Kano               N5.960M  33% vs Oyo
2026-08-22 10:39:17.509 | INFO     | __main__:run_zonal_forecast:518 -     Fish (dried)           Kano               N8.410M  33% vs Oyo
2026-08-22 10:39:17.509 | INFO     | __main__:run_zonal_forecast:518 -     Eggs                   Kano                   N7K  33% vs Oyo
2026-08-22 10:39:17.512 | INFO     | __main__:run_zonal_forecast:518 -   
2026-08-22 10:39:17.513 | INFO     | __main__:run_zonal_forecast:518 -   ==========================================================
2026-08-22 10:39:17.515 | INFO     | __main__:run_zonal_forecast:518 -   Source: Agrolinking Intelligence Platform
2026-08-22 10:39:17.515 | INFO     | __main__:run_zonal_forecast:518 -   Next update: 23 Aug 2026
2026-08-22 10:39:17.515 | INFO     | __main__:run_zonal_forecast:519 - =================================================================
2026-08-22 10:39:17.515 | SUCCESS  | __main__:run_zonal_forecast:520 - ZONAL FORECASTING COMPLETE — 6 zones | 12 states | 17 commodities
