2026-09-21 05:26:11.684 | INFO     | __main__:run_zonal_forecast:379 - =================================================================
2026-09-21 05:26:11.686 | INFO     | __main__:run_zonal_forecast:380 - STEP 7 — ZONAL & STATE-LEVEL FORECASTING
2026-09-21 05:26:11.687 | INFO     | __main__:run_zonal_forecast:381 -   Date  : Monday, 21 September 2026  05:26
2026-09-21 05:26:11.688 | INFO     | __main__:run_zonal_forecast:382 -   Anchor: DAILY INTERPOLATED (from last_known_date, drifts daily)
2026-09-21 05:26:11.694 | INFO     | __main__:run_zonal_forecast:383 - =================================================================
2026-09-21 05:26:11.931 | INFO     | __main__:run_zonal_forecast:386 -   Source: forecast_validated_2026-09-21.json
2026-09-21 05:26:11.931 | INFO     | __main__:run_zonal_forecast:393 -   Maize (white): last_known=2026-09-14, days_elapsed=7
2026-09-21 05:26:11.931 | INFO     | __main__:run_zonal_forecast:393 -   Hibiscus: last_known=2026-09-14, days_elapsed=7
2026-09-21 05:26:11.931 | INFO     | __main__:run_zonal_forecast:393 -   Sesame: last_known=2026-09-14, days_elapsed=7
2026-09-21 05:26:11.931 | INFO     | __main__:build_zonal_output:201 - 
2026-09-21 05:26:11.931 | INFO     | __main__:build_zonal_output:202 -   NATIONAL ANCHORS (interpolated from last_known_date to today):
2026-09-21 05:26:11.931 | INFO     | __main__:build_zonal_output:203 -   Commodity                 Today Price   Day Chg    vs Ref  Source
2026-09-21 05:26:11.931 | INFO     | __main__:build_zonal_output:204 -   --------------------------------------------------------------------------------
2026-09-21 05:26:11.939 | INFO     | __main__:build_zonal_output:233 -   Hibiscus               N   2,217,124    -0.60%   -4.64%  daily_series d7 (-4.09% vs ref)
2026-09-21 05:26:11.939 | INFO     | __main__:build_zonal_output:233 -   Sesame                 N   1,554,683    -0.73%   -5.78%  daily_series d7 (-4.90% vs ref)
2026-09-21 05:26:11.939 | INFO     | __main__:build_zonal_output:233 -   Ginger                 N  11,955,081    +0.02%   -0.37%  daily_series d7 (+0.11% vs ref)
2026-09-21 05:26:11.939 | INFO     | __main__:build_zonal_output:233 -   Cocoa                  N   5,976,822    +0.74%   +5.78%  daily_series d7 (+5.44% vs ref)
2026-09-21 05:26:11.939 | INFO     | __main__:build_zonal_output:233 -   Soybeans               N     662,630    -1.57%  -11.06%  daily_series d7 (-10.05% vs ref)
2026-09-21 05:26:11.939 | INFO     | __main__:build_zonal_output:233 -   Cashew Nuts            N   1,809,643    -0.98%   -7.20%  daily_series d7 (-6.45% vs ref)
2026-09-21 05:26:11.939 | INFO     | __main__:build_zonal_output:233 -   Sorghum                N     348,630    -2.63%  -16.99%  daily_series d7 (-15.89% vs ref)
2026-09-21 05:26:11.939 | INFO     | __main__:build_zonal_output:233 -   Beans (white)          N     674,104    -2.63%  -17.08%  daily_series d7 (-15.88% vs ref)
2026-09-21 05:26:11.939 | INFO     | __main__:build_zonal_output:233 -   Beans (red)            N     777,958    -2.20%  -14.98%  daily_series d7 (-13.60% vs ref)
2026-09-21 05:26:11.946 | INFO     | __main__:build_zonal_output:233 -   Maize (white)          N     341,029    -1.09%   -7.83%  daily_series d7 (-7.18% vs ref)
2026-09-21 05:26:11.947 | INFO     | __main__:build_zonal_output:233 -   Maize (yellow)         N     369,634    -1.06%   -7.59%  daily_series d7 (-6.96% vs ref)
2026-09-21 05:26:11.947 | INFO     | __main__:build_zonal_output:233 -   Wheat                  N     657,919    -0.94%   -6.92%  daily_series d7 (-6.25% vs ref)
2026-09-21 05:26:11.947 | INFO     | __main__:build_zonal_output:233 -   Rice                   N   1,447,121    -0.89%   -6.64%  daily_series d7 (-5.91% vs ref)
2026-09-21 05:26:11.950 | INFO     | __main__:build_zonal_output:233 -   Meat (beef)            N   6,788,793    +0.53%   +4.44%  daily_series d7 (+3.84% vs ref)
2026-09-21 05:26:11.950 | INFO     | __main__:build_zonal_output:233 -   Meat (goat)            N   6,609,185    +0.19%   +1.68%  daily_series d7 (+1.34% vs ref)
2026-09-21 05:26:11.950 | INFO     | __main__:build_zonal_output:233 -   Fish (dried)           N   1,038,856    -2.01%  -13.43%  daily_series d7 (-12.57% vs ref)
2026-09-21 05:26:11.950 | INFO     | __main__:build_zonal_output:233 -   Eggs                   N       5,863    -0.55%   -5.43%  daily_series d7 (-3.70% vs ref)
2026-09-21 05:26:11.950 | INFO     | __main__:build_zonal_output:236 - 
2026-09-21 05:26:12.431 | INFO     | __main__:run_zonal_forecast:399 - 
2026-09-21 05:26:12.432 | INFO     | __main__:run_zonal_forecast:400 -   Zone             State        Commodity                 State Price  Day Chg
2026-09-21 05:26:12.432 | INFO     | __main__:run_zonal_forecast:401 -   ------------------------------------------------------------------------
2026-09-21 05:26:12.433 | INFO     | __main__:run_zonal_forecast:408 -   North West       Kano         * Sesame                N   1,290,387/MT  -0.73%
2026-09-21 05:26:12.435 | INFO     | __main__:run_zonal_forecast:408 -   North West       Kano         * Sorghum               N     271,932/MT  -2.63%
2026-09-21 05:26:12.435 | INFO     | __main__:run_zonal_forecast:408 -   North West       Kano         * Beans (white)         N     586,471/MT  -2.63%
2026-09-21 05:26:12.436 | INFO     | __main__:run_zonal_forecast:408 -   North West       Kano         * Maize (white)         N     272,823/MT  -1.09%
2026-09-21 05:26:12.437 | INFO     | __main__:run_zonal_forecast:408 -   North West       Kano         * Maize (yellow)        N     295,707/MT  -1.06%
2026-09-21 05:26:12.438 | INFO     | __main__:run_zonal_forecast:408 -   North West       Kano         * Wheat                 N     585,548/MT  -0.94%
2026-09-21 05:26:12.439 | INFO     | __main__:run_zonal_forecast:408 -   North West       Kaduna       * Ginger                N   8,607,658/MT  +0.02%
2026-09-21 05:26:12.442 | INFO     | __main__:run_zonal_forecast:408 -   North West       Kaduna       * Soybeans              N     556,609/MT  -1.57%
2026-09-21 05:26:12.444 | INFO     | __main__:run_zonal_forecast:408 -   North West       Kaduna       * Sorghum               N     278,904/MT  -2.63%
2026-09-21 05:26:12.445 | INFO     | __main__:run_zonal_forecast:408 -   North West       Kaduna       * Maize (white)         N     276,233/MT  -1.09%
2026-09-21 05:26:12.451 | INFO     | __main__:run_zonal_forecast:408 -   North West       Kaduna       * Maize (yellow)        N     299,404/MT  -1.06%
2026-09-21 05:26:12.453 | INFO     | __main__:run_zonal_forecast:408 -   North West       Kaduna       * Wheat                 N     572,389/MT  -0.94%
2026-09-21 05:26:12.454 | INFO     | __main__:run_zonal_forecast:408 -   North Central    Plateau      * Ginger                N   8,966,310/MT  +0.02%
2026-09-21 05:26:12.456 | INFO     | __main__:run_zonal_forecast:408 -   North Central    Plateau      * Soybeans              N     549,983/MT  -1.57%
2026-09-21 05:26:12.456 | INFO     | __main__:run_zonal_forecast:408 -   North Central    Plateau      * Beans (white)         N     606,694/MT  -2.63%
2026-09-21 05:26:12.458 | INFO     | __main__:run_zonal_forecast:408 -   North Central    Plateau      * Maize (white)         N     296,695/MT  -1.09%
2026-09-21 05:26:12.458 | INFO     | __main__:run_zonal_forecast:408 -   North Central    Plateau      * Wheat                 N     598,706/MT  -0.94%
2026-09-21 05:26:12.460 | INFO     | __main__:run_zonal_forecast:408 -   North Central    Kogi         * Cocoa                 N   5,259,604/MT  +0.74%
2026-09-21 05:26:12.460 | INFO     | __main__:run_zonal_forecast:408 -   North Central    Kogi         * Soybeans              N     576,488/MT  -1.57%
2026-09-21 05:26:12.460 | INFO     | __main__:run_zonal_forecast:408 -   North Central    Kogi         * Cashew Nuts           N   1,447,714/MT  -0.98%
2026-09-21 05:26:12.462 | INFO     | __main__:run_zonal_forecast:408 -   North Central    Kogi         * Sorghum               N     317,254/MT  -2.63%
2026-09-21 05:26:12.464 | INFO     | __main__:run_zonal_forecast:408 -   North Central    Kogi         * Beans (white)         N     620,176/MT  -2.63%
2026-09-21 05:26:12.464 | INFO     | __main__:run_zonal_forecast:408 -   North Central    Kogi         * Maize (white)         N     306,926/MT  -1.09%
2026-09-21 05:26:12.466 | INFO     | __main__:run_zonal_forecast:408 -   North East       Adamawa      * Sesame                N   1,337,027/MT  -0.73%
2026-09-21 05:26:12.468 | INFO     | __main__:run_zonal_forecast:408 -   North East       Adamawa      * Ginger                N   9,922,717/MT  +0.02%
2026-09-21 05:26:12.470 | INFO     | __main__:run_zonal_forecast:408 -   North East       Adamawa      * Soybeans              N     589,740/MT  -1.57%
2026-09-21 05:26:12.470 | INFO     | __main__:run_zonal_forecast:408 -   North East       Adamawa      * Sorghum               N     303,308/MT  -2.63%
2026-09-21 05:26:12.472 | INFO     | __main__:run_zonal_forecast:408 -   North East       Adamawa      * Beans (white)         N     620,176/MT  -2.63%
2026-09-21 05:26:12.475 | INFO     | __main__:run_zonal_forecast:408 -   North East       Adamawa      * Maize (white)         N     300,105/MT  -1.09%
2026-09-21 05:26:12.475 | INFO     | __main__:run_zonal_forecast:408 -   North East       Borno        * Sesame                N   1,383,667/MT  -0.73%
2026-09-21 05:26:12.478 | INFO     | __main__:run_zonal_forecast:408 -   North East       Borno        * Sorghum               N     320,740/MT  -2.63%
2026-09-21 05:26:12.480 | INFO     | __main__:run_zonal_forecast:408 -   North East       Borno        * Beans (white)         N     714,551/MT  -2.63%
2026-09-21 05:26:12.482 | INFO     | __main__:run_zonal_forecast:408 -   North East       Borno        * Maize (white)         N     368,311/MT  -1.09%
2026-09-21 05:26:12.482 | INFO     | __main__:run_zonal_forecast:408 -   North East       Borno        * Wheat                 N     736,869/MT  -0.94%
2026-09-21 05:26:12.484 | INFO     | __main__:run_zonal_forecast:408 -   South West       Oyo          * Hibiscus              N   2,283,638/MT  -0.60%
2026-09-21 05:26:12.486 | INFO     | __main__:run_zonal_forecast:408 -   South West       Oyo          * Cocoa                 N   5,319,372/MT  +0.74%
2026-09-21 05:26:12.488 | INFO     | __main__:run_zonal_forecast:408 -   South West       Oyo          * Soybeans              N     689,135/MT  -1.57%
2026-09-21 05:26:12.488 | INFO     | __main__:run_zonal_forecast:408 -   South West       Oyo          * Cashew Nuts           N   1,556,293/MT  -0.98%
2026-09-21 05:26:12.488 | INFO     | __main__:run_zonal_forecast:408 -   South West       Oyo          * Beans (white)         N     741,515/MT  -2.63%
2026-09-21 05:26:12.491 | INFO     | __main__:run_zonal_forecast:408 -   South West       Oyo          * Maize (white)         N     368,311/MT  -1.09%
2026-09-21 05:26:12.494 | INFO     | __main__:run_zonal_forecast:408 -   South West       Lagos        * Hibiscus              N   2,549,692/MT  -0.60%
2026-09-21 05:26:12.494 | INFO     | __main__:run_zonal_forecast:408 -   South West       Lagos        * Sesame                N   1,834,525/MT  -0.73%
2026-09-21 05:26:12.498 | INFO     | __main__:run_zonal_forecast:408 -   South West       Lagos        * Cocoa                 N   6,454,968/MT  +0.74%
2026-09-21 05:26:12.498 | INFO     | __main__:run_zonal_forecast:408 -   South West       Lagos        * Soybeans              N     808,408/MT  -1.57%
2026-09-21 05:26:12.498 | INFO     | __main__:run_zonal_forecast:408 -   South West       Lagos        * Beans (white)         N     862,854/MT  -2.63%
2026-09-21 05:26:12.500 | INFO     | __main__:run_zonal_forecast:408 -   South West       Lagos        * Beans (red)           N     972,447/MT  -2.20%
2026-09-21 05:26:12.502 | INFO     | __main__:run_zonal_forecast:408 -   South West       Lagos        * Maize (white)         N     443,337/MT  -1.09%
2026-09-21 05:26:12.504 | INFO     | __main__:run_zonal_forecast:408 -   South West       Lagos        * Maize (yellow)        N     480,525/MT  -1.06%
2026-09-21 05:26:12.506 | INFO     | __main__:run_zonal_forecast:408 -   South East       Anambra      * Cocoa                 N   6,275,663/MT  +0.74%
2026-09-21 05:26:12.506 | INFO     | __main__:run_zonal_forecast:408 -   South East       Anambra      * Cashew Nuts           N   1,990,607/MT  -0.98%
2026-09-21 05:26:12.508 | INFO     | __main__:run_zonal_forecast:408 -   South East       Anambra      * Beans (white)         N     795,443/MT  -2.63%
2026-09-21 05:26:12.508 | INFO     | __main__:run_zonal_forecast:408 -   South East       Anambra      * Beans (red)           N     894,651/MT  -2.20%
2026-09-21 05:26:12.513 | INFO     | __main__:run_zonal_forecast:408 -   South East       Anambra      * Maize (white)         N     409,234/MT  -1.09%
2026-09-21 05:26:12.515 | INFO     | __main__:run_zonal_forecast:408 -   South East       Imo          * Cocoa                 N   5,438,908/MT  +0.74%
2026-09-21 05:26:12.515 | INFO     | __main__:run_zonal_forecast:408 -   South East       Imo          * Cashew Nuts           N   1,918,221/MT  -0.98%
2026-09-21 05:26:12.517 | INFO     | __main__:run_zonal_forecast:408 -   South East       Imo          * Beans (white)         N     775,220/MT  -2.63%
2026-09-21 05:26:12.519 | INFO     | __main__:run_zonal_forecast:408 -   South East       Imo          * Maize (white)         N     399,003/MT  -1.09%
2026-09-21 05:26:12.521 | INFO     | __main__:run_zonal_forecast:408 -   South South      Rivers       * Hibiscus              N   2,483,179/MT  -0.60%
2026-09-21 05:26:12.525 | INFO     | __main__:run_zonal_forecast:408 -   South South      Rivers       * Sesame                N   1,834,525/MT  -0.73%
2026-09-21 05:26:12.527 | INFO     | __main__:run_zonal_forecast:408 -   South South      Rivers       * Cocoa                 N   6,275,663/MT  +0.74%
2026-09-21 05:26:12.527 | INFO     | __main__:run_zonal_forecast:408 -   South South      Rivers       * Beans (white)         N     822,407/MT  -2.63%
2026-09-21 05:26:12.529 | INFO     | __main__:run_zonal_forecast:408 -   South South      Rivers       * Beans (red)           N     933,549/MT  -2.20%
2026-09-21 05:26:12.529 | INFO     | __main__:run_zonal_forecast:408 -   South South      Rivers       * Maize (white)         N     426,286/MT  -1.09%
2026-09-21 05:26:12.529 | INFO     | __main__:run_zonal_forecast:408 -   South South      Delta        * Hibiscus              N   2,394,494/MT  -0.60%
2026-09-21 05:26:12.532 | INFO     | __main__:run_zonal_forecast:408 -   South South      Delta        * Sesame                N   1,803,432/MT  -0.73%
2026-09-21 05:26:12.536 | INFO     | __main__:run_zonal_forecast:408 -   South South      Delta        * Cocoa                 N   5,558,445/MT  +0.74%
2026-09-21 05:26:12.538 | INFO     | __main__:run_zonal_forecast:408 -   South South      Delta        * Soybeans              N     755,398/MT  -1.57%
2026-09-21 05:26:12.538 | INFO     | __main__:run_zonal_forecast:408 -   South South      Delta        * Beans (white)         N     788,702/MT  -2.63%
2026-09-21 05:26:12.551 | INFO     | __main__:run_zonal_forecast:408 -   South South      Delta        * Maize (white)         N     409,234/MT  -1.09%
2026-09-21 05:26:15.376 | SUCCESS  | __main__:run_zonal_forecast:422 -   Zonal JSON  -> C:\Users\USER\Downloads\agrolinking-intel-structure\agrolinking-intel\outputs\forecasts\zonal\zonal_forecast_2026-09-21.json
2026-09-21 05:26:15.384 | SUCCESS  | __main__:run_zonal_forecast:428 -   Zonal alert -> C:\Users\USER\Downloads\agrolinking-intel-structure\agrolinking-intel\outputs\daily_alerts\alert_zonal_2026-09-21.txt
2026-09-21 05:26:15.384 | INFO     | __main__:run_zonal_forecast:430 - 
2026-09-21 05:26:15.384 | INFO     | __main__:run_zonal_forecast:431 - =================================================================
2026-09-21 05:26:15.384 | INFO     | __main__:run_zonal_forecast:433 -   ================================================
2026-09-21 05:26:15.384 | INFO     | __main__:run_zonal_forecast:433 -   AGROLINKING ZONAL COMMODITY INTELLIGENCE
2026-09-21 05:26:15.389 | INFO     | __main__:run_zonal_forecast:433 -   Date: Monday, 21 September 2026
2026-09-21 05:26:15.389 | INFO     | __main__:run_zonal_forecast:433 -   6 Zones | 12 States | 12 Commodities
2026-09-21 05:26:15.389 | INFO     | __main__:run_zonal_forecast:433 -   ================================================
2026-09-21 05:26:15.389 | INFO     | __main__:run_zonal_forecast:433 -   
2026-09-21 05:26:15.389 | INFO     | __main__:run_zonal_forecast:433 -   NORTH WEST (Kano & Kaduna)
2026-09-21 05:26:15.392 | INFO     | __main__:run_zonal_forecast:433 -   Nigeria's main grain belt. Highest Maize, Sorghum, Sesame, Wheat production.
2026-09-21 05:26:15.392 | INFO     | __main__:run_zonal_forecast:433 -   
2026-09-21 05:26:15.392 | INFO     | __main__:run_zonal_forecast:433 -     Commodity           Kano                Kaduna            
2026-09-21 05:26:15.392 | INFO     | __main__:run_zonal_forecast:433 -     ------------------------------------------------------------
2026-09-21 05:26:15.392 | INFO     | __main__:run_zonal_forecast:433 -     Hibiscus                N2.106M    (-0.60%)     N2.062M    (-0.60%) 
2026-09-21 05:26:15.392 | INFO     | __main__:run_zonal_forecast:433 -     Sesame                * N1.290M    (-0.73%)     N1.321M    (-0.73%) 
2026-09-21 05:26:15.392 | INFO     | __main__:run_zonal_forecast:433 -     Ginger                  N11.716M   (+0.02%)   * N8.608M    (+0.02%) 
2026-09-21 05:26:15.392 | INFO     | __main__:run_zonal_forecast:433 -     Cocoa                   N6.096M    (+0.74%)     N6.276M    (+0.74%) 
2026-09-21 05:26:15.398 | INFO     | __main__:run_zonal_forecast:433 -     Soybeans                N596K      (-1.57%)   * N557K      (-1.57%) 
2026-09-21 05:26:15.398 | INFO     | __main__:run_zonal_forecast:433 -     Cashew Nuts             N1.810M    (-0.98%)     N1.846M    (-0.98%) 
2026-09-21 05:26:15.400 | INFO     | __main__:run_zonal_forecast:433 -     Sorghum               * N272K      (-2.63%)   * N279K      (-2.63%) 
2026-09-21 05:26:15.401 | INFO     | __main__:run_zonal_forecast:433 -     Beans (white)         * N586K      (-2.63%)     N593K      (-2.63%) 
2026-09-21 05:26:15.401 | INFO     | __main__:run_zonal_forecast:433 -     Beans (red)             N700K      (-2.20%)     N708K      (-2.20%) 
2026-09-21 05:26:15.401 | INFO     | __main__:run_zonal_forecast:433 -     Maize (white)         * N273K      (-1.09%)   * N276K      (-1.09%) 
2026-09-21 05:26:15.401 | INFO     | __main__:run_zonal_forecast:433 -     Maize (yellow)        * N296K      (-1.06%)   * N299K      (-1.06%) 
2026-09-21 05:26:15.401 | INFO     | __main__:run_zonal_forecast:433 -     Wheat                 * N586K      (-0.94%)   * N572K      (-0.94%) 
2026-09-21 05:26:15.401 | INFO     | __main__:run_zonal_forecast:433 -     Rice                    N1.375M    (-0.89%)     N1.346M    (-0.89%) 
2026-09-21 05:26:15.401 | INFO     | __main__:run_zonal_forecast:433 -     Meat (beef)             N5.906M    (+0.53%)     N5.906M    (+0.53%) 
2026-09-21 05:26:15.401 | INFO     | __main__:run_zonal_forecast:433 -     Meat (goat)             N5.750M    (+0.19%)     N5.750M    (+0.19%) 
2026-09-21 05:26:15.401 | INFO     | __main__:run_zonal_forecast:433 -     Fish (dried)            N904K      (-2.01%)     N904K      (-2.01%) 
2026-09-21 05:26:15.406 | INFO     | __main__:run_zonal_forecast:433 -     Eggs                    N5K        (-0.55%)     N5K        (-0.55%) 
2026-09-21 05:26:15.406 | INFO     | __main__:run_zonal_forecast:433 -   
2026-09-21 05:26:15.406 | INFO     | __main__:run_zonal_forecast:433 -   NORTH CENTRAL (Plateau & Kogi)
2026-09-21 05:26:15.408 | INFO     | __main__:run_zonal_forecast:433 -   Middle Belt. Ginger heartland (Plateau), Cashew/Cocoa belt (Kogi).
2026-09-21 05:26:15.408 | INFO     | __main__:run_zonal_forecast:433 -   
2026-09-21 05:26:15.408 | INFO     | __main__:run_zonal_forecast:433 -     Commodity           Plateau             Kogi              
2026-09-21 05:26:15.408 | INFO     | __main__:run_zonal_forecast:433 -     ------------------------------------------------------------
2026-09-21 05:26:15.408 | INFO     | __main__:run_zonal_forecast:433 -     Hibiscus                N2.151M    (-0.60%)     N2.128M    (-0.60%) 
2026-09-21 05:26:15.410 | INFO     | __main__:run_zonal_forecast:433 -     Sesame                  N1.492M    (-0.73%)     N1.508M    (-0.73%) 
2026-09-21 05:26:15.410 | INFO     | __main__:run_zonal_forecast:433 -     Ginger                * N8.966M    (+0.02%)     N11.238M   (+0.02%) 
2026-09-21 05:26:15.410 | INFO     | __main__:run_zonal_forecast:433 -     Cocoa                   N6.455M    (+0.74%)   * N5.260M    (+0.74%) 
2026-09-21 05:26:15.410 | INFO     | __main__:run_zonal_forecast:433 -     Soybeans              * N550K      (-1.57%)   * N576K      (-1.57%) 
2026-09-21 05:26:15.410 | INFO     | __main__:run_zonal_forecast:433 -     Cashew Nuts             N1.900M    (-0.98%)   * N1.448M    (-0.98%) 
2026-09-21 05:26:15.410 | INFO     | __main__:run_zonal_forecast:433 -     Sorghum                 N321K      (-2.63%)   * N317K      (-2.63%) 
2026-09-21 05:26:15.410 | INFO     | __main__:run_zonal_forecast:433 -     Beans (white)         * N607K      (-2.63%)   * N620K      (-2.63%) 
2026-09-21 05:26:15.410 | INFO     | __main__:run_zonal_forecast:433 -     Beans (red)             N739K      (-2.20%)     N731K      (-2.20%) 
2026-09-21 05:26:15.410 | INFO     | __main__:run_zonal_forecast:433 -     Maize (white)         * N297K      (-1.09%)   * N307K      (-1.09%) 
2026-09-21 05:26:15.410 | INFO     | __main__:run_zonal_forecast:433 -     Maize (yellow)          N325K      (-1.06%)     N336K      (-1.06%) 
2026-09-21 05:26:15.417 | INFO     | __main__:run_zonal_forecast:433 -     Wheat                 * N599K      (-0.94%)     N638K      (-0.94%) 
2026-09-21 05:26:15.417 | INFO     | __main__:run_zonal_forecast:433 -     Rice                    N1.302M    (-0.89%)     N1.404M    (-0.89%) 
2026-09-21 05:26:15.417 | INFO     | __main__:run_zonal_forecast:433 -     Meat (beef)             N6.449M    (+0.53%)     N6.449M    (+0.53%) 
2026-09-21 05:26:15.417 | INFO     | __main__:run_zonal_forecast:433 -     Meat (goat)             N6.279M    (+0.19%)     N6.279M    (+0.19%) 
2026-09-21 05:26:15.417 | INFO     | __main__:run_zonal_forecast:433 -     Fish (dried)            N987K      (-2.01%)     N987K      (-2.01%) 
2026-09-21 05:26:15.419 | INFO     | __main__:run_zonal_forecast:433 -     Eggs                    N6K        (-0.55%)     N6K        (-0.55%) 
2026-09-21 05:26:15.419 | INFO     | __main__:run_zonal_forecast:433 -   
2026-09-21 05:26:15.419 | INFO     | __main__:run_zonal_forecast:433 -   NORTH EAST (Adamawa & Borno)
2026-09-21 05:26:15.419 | INFO     | __main__:run_zonal_forecast:433 -   Semi-arid. Sorghum, Maize. Conflict premium on imports in Borno.
2026-09-21 05:26:15.421 | INFO     | __main__:run_zonal_forecast:433 -   
2026-09-21 05:26:15.421 | INFO     | __main__:run_zonal_forecast:433 -     Commodity           Adamawa             Borno             
2026-09-21 05:26:15.421 | INFO     | __main__:run_zonal_forecast:433 -     ------------------------------------------------------------
2026-09-21 05:26:15.421 | INFO     | __main__:run_zonal_forecast:433 -     Hibiscus                N2.173M    (-0.60%)     N2.328M    (-0.60%) 
2026-09-21 05:26:15.421 | INFO     | __main__:run_zonal_forecast:433 -     Sesame                * N1.337M    (-0.73%)   * N1.384M    (-0.73%) 
2026-09-21 05:26:15.421 | INFO     | __main__:run_zonal_forecast:433 -     Ginger                * N9.923M    (+0.02%)     N13.748M   (+0.02%) 
2026-09-21 05:26:15.425 | INFO     | __main__:run_zonal_forecast:433 -     Cocoa                   N6.276M    (+0.74%)     N7.053M    (+0.74%) 
2026-09-21 05:26:15.425 | INFO     | __main__:run_zonal_forecast:433 -     Soybeans              * N590K      (-1.57%)     N716K      (-1.57%) 
2026-09-21 05:26:15.425 | INFO     | __main__:run_zonal_forecast:433 -     Cashew Nuts             N1.882M    (-0.98%)     N2.081M    (-0.98%) 
2026-09-21 05:26:15.425 | INFO     | __main__:run_zonal_forecast:433 -     Sorghum               * N303K      (-2.63%)   * N321K      (-2.63%) 
2026-09-21 05:26:15.425 | INFO     | __main__:run_zonal_forecast:433 -     Beans (white)         * N620K      (-2.63%)   * N715K      (-2.63%) 
2026-09-21 05:26:15.425 | INFO     | __main__:run_zonal_forecast:433 -     Beans (red)             N739K      (-2.20%)     N856K      (-2.20%) 
2026-09-21 05:26:15.428 | INFO     | __main__:run_zonal_forecast:433 -     Maize (white)         * N300K      (-1.09%)   * N368K      (-1.09%) 
2026-09-21 05:26:15.428 | INFO     | __main__:run_zonal_forecast:433 -     Maize (yellow)          N329K      (-1.06%)     N399K      (-1.06%) 
2026-09-21 05:26:15.428 | INFO     | __main__:run_zonal_forecast:433 -     Wheat                   N645K      (-0.94%)   * N737K      (-0.94%) 
2026-09-21 05:26:15.428 | INFO     | __main__:run_zonal_forecast:433 -     Rice                    N1.476M    (-0.89%)     N1.592M    (-0.89%) 
2026-09-21 05:26:15.430 | INFO     | __main__:run_zonal_forecast:433 -     Meat (beef)             N6.925M    (+0.53%)     N6.925M    (+0.53%) 
2026-09-21 05:26:15.430 | INFO     | __main__:run_zonal_forecast:433 -     Meat (goat)             N6.741M    (+0.19%)     N6.741M    (+0.19%) 
2026-09-21 05:26:15.430 | INFO     | __main__:run_zonal_forecast:433 -     Fish (dried)            N1.060M    (-2.01%)     N1.060M    (-2.01%) 
2026-09-21 05:26:15.431 | INFO     | __main__:run_zonal_forecast:433 -     Eggs                    N6K        (-0.55%)     N6K        (-0.55%) 
2026-09-21 05:26:15.431 | INFO     | __main__:run_zonal_forecast:433 -   
2026-09-21 05:26:15.433 | INFO     | __main__:run_zonal_forecast:433 -   SOUTH WEST (Oyo & Lagos)
2026-09-21 05:26:15.433 | INFO     | __main__:run_zonal_forecast:433 -   Commercial capital. Lagos is the price-setter for consumer markets.
2026-09-21 05:26:15.435 | INFO     | __main__:run_zonal_forecast:433 -   
2026-09-21 05:26:15.435 | INFO     | __main__:run_zonal_forecast:433 -     Commodity           Oyo                 Lagos             
2026-09-21 05:26:15.435 | INFO     | __main__:run_zonal_forecast:433 -     ------------------------------------------------------------
2026-09-21 05:26:15.435 | INFO     | __main__:run_zonal_forecast:433 -     Hibiscus              * N2.284M    (-0.60%)   * N2.550M    (-0.60%) 
2026-09-21 05:26:15.435 | INFO     | __main__:run_zonal_forecast:433 -     Sesame                  N1.648M    (-0.73%)   * N1.835M    (-0.73%) 
2026-09-21 05:26:15.435 | INFO     | __main__:run_zonal_forecast:433 -     Ginger                  N12.911M   (+0.02%)     N14.346M   (+0.02%) 
2026-09-21 05:26:15.435 | INFO     | __main__:run_zonal_forecast:433 -     Cocoa                 * N5.319M    (+0.74%)   * N6.455M    (+0.74%) 
2026-09-21 05:26:15.435 | INFO     | __main__:run_zonal_forecast:433 -     Soybeans              * N689K      (-1.57%)   * N808K      (-1.57%) 
2026-09-21 05:26:15.435 | INFO     | __main__:run_zonal_forecast:433 -     Cashew Nuts           * N1.556M    (-0.98%)     N1.991M    (-0.98%) 
2026-09-21 05:26:15.435 | INFO     | __main__:run_zonal_forecast:433 -     Sorghum                 N366K      (-2.63%)     N411K      (-2.63%) 
2026-09-21 05:26:15.435 | INFO     | __main__:run_zonal_forecast:433 -     Beans (white)         * N742K      (-2.63%)   * N863K      (-2.63%) 
2026-09-21 05:26:15.435 | INFO     | __main__:run_zonal_forecast:433 -     Beans (red)             N871K      (-2.20%)   * N972K      (-2.20%) 
2026-09-21 05:26:15.441 | INFO     | __main__:run_zonal_forecast:433 -     Maize (white)         * N368K      (-1.09%)   * N443K      (-1.09%) 
2026-09-21 05:26:15.441 | INFO     | __main__:run_zonal_forecast:433 -     Maize (yellow)          N399K      (-1.06%)   * N481K      (-1.06%) 
2026-09-21 05:26:15.441 | INFO     | __main__:run_zonal_forecast:433 -     Wheat                   N724K      (-0.94%)     N757K      (-0.94%) 
2026-09-21 05:26:15.441 | INFO     | __main__:run_zonal_forecast:433 -     Rice                    N1.563M    (-0.89%)     N1.708M    (-0.89%) 
2026-09-21 05:26:15.441 | INFO     | __main__:run_zonal_forecast:433 -     Meat (beef)             N7.875M    (+0.53%)     N7.875M    (+0.53%) 
2026-09-21 05:26:15.441 | INFO     | __main__:run_zonal_forecast:433 -     Meat (goat)             N7.667M    (+0.19%)     N7.667M    (+0.19%) 
2026-09-21 05:26:15.441 | INFO     | __main__:run_zonal_forecast:433 -     Fish (dried)            N1.205M    (-2.01%)     N1.205M    (-2.01%) 
2026-09-21 05:26:15.441 | INFO     | __main__:run_zonal_forecast:433 -     Eggs                    N7K        (-0.55%)     N7K        (-0.55%) 
2026-09-21 05:26:15.447 | INFO     | __main__:run_zonal_forecast:433 -   
2026-09-21 05:26:15.447 | INFO     | __main__:run_zonal_forecast:433 -   SOUTH EAST (Anambra & Imo)
2026-09-21 05:26:15.490 | INFO     | __main__:run_zonal_forecast:433 -   High consumption, low production of traded commodities. Import-dependent.
2026-09-21 05:26:15.527 | INFO     | __main__:run_zonal_forecast:433 -   
2026-09-21 05:26:15.566 | INFO     | __main__:run_zonal_forecast:433 -     Commodity           Anambra             Imo               
2026-09-21 05:26:15.631 | INFO     | __main__:run_zonal_forecast:433 -     ------------------------------------------------------------
2026-09-21 05:26:15.684 | INFO     | __main__:run_zonal_forecast:433 -     Hibiscus                N2.483M    (-0.60%)     N2.439M    (-0.60%) 
2026-09-21 05:26:15.686 | INFO     | __main__:run_zonal_forecast:433 -     Sesame                  N1.803M    (-0.73%)     N1.772M    (-0.73%) 
2026-09-21 05:26:15.694 | INFO     | __main__:run_zonal_forecast:433 -     Ginger                  N13.748M   (+0.02%)     N13.390M   (+0.02%) 
2026-09-21 05:26:15.694 | INFO     | __main__:run_zonal_forecast:433 -     Cocoa                 * N6.276M    (+0.74%)   * N5.439M    (+0.74%) 
2026-09-21 05:26:15.706 | INFO     | __main__:run_zonal_forecast:433 -     Soybeans                N755K      (-1.57%)     N742K      (-1.57%) 
2026-09-21 05:26:15.708 | INFO     | __main__:run_zonal_forecast:433 -     Cashew Nuts           * N1.991M    (-0.98%)   * N1.918M    (-0.98%) 
2026-09-21 05:26:15.710 | INFO     | __main__:run_zonal_forecast:433 -     Sorghum                 N397K      (-2.63%)     N390K      (-2.63%) 
2026-09-21 05:26:15.710 | INFO     | __main__:run_zonal_forecast:433 -     Beans (white)         * N795K      (-2.63%)   * N775K      (-2.63%) 
2026-09-21 05:26:15.712 | INFO     | __main__:run_zonal_forecast:433 -     Beans (red)           * N895K      (-2.20%)     N879K      (-2.20%) 
2026-09-21 05:26:15.712 | INFO     | __main__:run_zonal_forecast:433 -     Maize (white)         * N409K      (-1.09%)   * N399K      (-1.09%) 
2026-09-21 05:26:15.716 | INFO     | __main__:run_zonal_forecast:433 -     Maize (yellow)          N444K      (-1.06%)     N432K      (-1.06%) 
2026-09-21 05:26:15.716 | INFO     | __main__:run_zonal_forecast:433 -     Wheat                   N776K      (-0.94%)     N763K      (-0.94%) 
2026-09-21 05:26:15.716 | INFO     | __main__:run_zonal_forecast:433 -     Rice                    N1.621M    (-0.89%)     N1.592M    (-0.89%) 
2026-09-21 05:26:15.718 | INFO     | __main__:run_zonal_forecast:433 -     Meat (beef)             N7.671M    (+0.53%)     N7.671M    (+0.53%) 
2026-09-21 05:26:15.718 | INFO     | __main__:run_zonal_forecast:433 -     Meat (goat)             N7.468M    (+0.19%)     N7.468M    (+0.19%) 
2026-09-21 05:26:15.718 | INFO     | __main__:run_zonal_forecast:433 -     Fish (dried)            N1.174M    (-2.01%)     N1.174M    (-2.01%) 
2026-09-21 05:26:15.720 | INFO     | __main__:run_zonal_forecast:433 -     Eggs                    N7K        (-0.55%)     N7K        (-0.55%) 
2026-09-21 05:26:15.720 | INFO     | __main__:run_zonal_forecast:433 -   
2026-09-21 05:26:15.720 | INFO     | __main__:run_zonal_forecast:433 -   SOUTH SOUTH (Rivers & Delta)
2026-09-21 05:26:15.722 | INFO     | __main__:run_zonal_forecast:433 -   Oil belt. High purchasing power. Cocoa producer (Delta).
2026-09-21 05:26:15.724 | INFO     | __main__:run_zonal_forecast:433 -   
2026-09-21 05:26:15.724 | INFO     | __main__:run_zonal_forecast:433 -     Commodity           Rivers              Delta             
2026-09-21 05:26:15.726 | INFO     | __main__:run_zonal_forecast:433 -     ------------------------------------------------------------
2026-09-21 05:26:15.738 | INFO     | __main__:run_zonal_forecast:433 -     Hibiscus              * N2.483M    (-0.60%)   * N2.394M    (-0.60%) 
2026-09-21 05:26:15.746 | INFO     | __main__:run_zonal_forecast:433 -     Sesame                * N1.835M    (-0.73%)   * N1.803M    (-0.73%) 
2026-09-21 05:26:15.762 | INFO     | __main__:run_zonal_forecast:433 -     Ginger                  N14.346M   (+0.02%)     N13.748M   (+0.02%) 
2026-09-21 05:26:15.762 | INFO     | __main__:run_zonal_forecast:433 -     Cocoa                 * N6.276M    (+0.74%)   * N5.558M    (+0.74%) 
2026-09-21 05:26:15.764 | INFO     | __main__:run_zonal_forecast:433 -     Soybeans                N782K      (-1.57%)   * N755K      (-1.57%) 
2026-09-21 05:26:15.764 | INFO     | __main__:run_zonal_forecast:433 -     Cashew Nuts             N2.081M    (-0.98%)     N1.991M    (-0.98%) 
2026-09-21 05:26:15.764 | INFO     | __main__:run_zonal_forecast:433 -     Sorghum                 N418K      (-2.63%)     N411K      (-2.63%) 
2026-09-21 05:26:15.764 | INFO     | __main__:run_zonal_forecast:433 -     Beans (white)         * N822K      (-2.63%)   * N789K      (-2.63%) 
2026-09-21 05:26:15.764 | INFO     | __main__:run_zonal_forecast:433 -     Beans (red)           * N934K      (-2.20%)     N895K      (-2.20%) 
2026-09-21 05:26:15.767 | INFO     | __main__:run_zonal_forecast:433 -     Maize (white)         * N426K      (-1.09%)   * N409K      (-1.09%) 
2026-09-21 05:26:15.767 | INFO     | __main__:run_zonal_forecast:433 -     Maize (yellow)          N462K      (-1.06%)     N444K      (-1.06%) 
2026-09-21 05:26:15.767 | INFO     | __main__:run_zonal_forecast:433 -     Wheat                   N803K      (-0.94%)     N790K      (-0.94%) 
2026-09-21 05:26:15.769 | INFO     | __main__:run_zonal_forecast:433 -     Rice                    N1.664M    (-0.89%)     N1.621M    (-0.89%) 
2026-09-21 05:26:15.771 | INFO     | __main__:run_zonal_forecast:433 -     Meat (beef)             N7.739M    (+0.53%)     N7.739M    (+0.53%) 
2026-09-21 05:26:15.771 | INFO     | __main__:run_zonal_forecast:433 -     Meat (goat)             N7.534M    (+0.19%)     N7.534M    (+0.19%) 
2026-09-21 05:26:15.771 | INFO     | __main__:run_zonal_forecast:433 -     Fish (dried)            N1.184M    (-2.01%)     N1.184M    (-2.01%) 
2026-09-21 05:26:15.771 | INFO     | __main__:run_zonal_forecast:433 -     Eggs                    N7K        (-0.55%)     N7K        (-0.55%) 
2026-09-21 05:26:15.771 | INFO     | __main__:run_zonal_forecast:433 -   
2026-09-21 05:26:15.771 | INFO     | __main__:run_zonal_forecast:433 -   ==========================================================
2026-09-21 05:26:15.771 | INFO     | __main__:run_zonal_forecast:433 -   * = primary commodity  (+/-%) = day-on-day change
2026-09-21 05:26:15.775 | INFO     | __main__:run_zonal_forecast:433 -   
2026-09-21 05:26:15.780 | INFO     | __main__:run_zonal_forecast:433 -   NATIONAL PRICE CHANGES TODAY:
2026-09-21 05:26:15.782 | INFO     | __main__:run_zonal_forecast:433 -     Commodity                   Price   Day Chg    vs Ref
2026-09-21 05:26:15.783 | INFO     | __main__:run_zonal_forecast:433 -     ------------------------------------------------------
2026-09-21 05:26:15.784 | INFO     | __main__:run_zonal_forecast:433 -     Hibiscus                  N2.217M    -0.60%    -4.64%
2026-09-21 05:26:15.785 | INFO     | __main__:run_zonal_forecast:433 -     Sesame                    N1.555M    -0.73%    -5.78%
2026-09-21 05:26:15.785 | INFO     | __main__:run_zonal_forecast:433 -     Ginger                   N11.955M    +0.02%    -0.37%
2026-09-21 05:26:15.787 | INFO     | __main__:run_zonal_forecast:433 -     Cocoa                     N5.977M    +0.74%    +5.78%
2026-09-21 05:26:15.787 | INFO     | __main__:run_zonal_forecast:433 -     Soybeans                    N663K    -1.57%   -11.06%
2026-09-21 05:26:15.787 | INFO     | __main__:run_zonal_forecast:433 -     Cashew Nuts               N1.810M    -0.98%    -7.20%
2026-09-21 05:26:15.789 | INFO     | __main__:run_zonal_forecast:433 -     Sorghum                     N349K    -2.63%   -16.99%
2026-09-21 05:26:15.789 | INFO     | __main__:run_zonal_forecast:433 -     Beans (white)               N674K    -2.63%   -17.08%
2026-09-21 05:26:15.789 | INFO     | __main__:run_zonal_forecast:433 -     Beans (red)                 N778K    -2.20%   -14.98%
2026-09-21 05:26:15.789 | INFO     | __main__:run_zonal_forecast:433 -     Maize (white)               N341K    -1.09%    -7.83%
2026-09-21 05:26:15.789 | INFO     | __main__:run_zonal_forecast:433 -     Maize (yellow)              N370K    -1.06%    -7.59%
2026-09-21 05:26:15.792 | INFO     | __main__:run_zonal_forecast:433 -     Wheat                       N658K    -0.94%    -6.92%
2026-09-21 05:26:15.792 | INFO     | __main__:run_zonal_forecast:433 -     Rice                      N1.447M    -0.89%    -6.64%
2026-09-21 05:26:15.792 | INFO     | __main__:run_zonal_forecast:433 -     Meat (beef)               N6.789M    +0.53%    +4.44%
2026-09-21 05:26:15.792 | INFO     | __main__:run_zonal_forecast:433 -     Meat (goat)               N6.609M    +0.19%    +1.68%
2026-09-21 05:26:15.794 | INFO     | __main__:run_zonal_forecast:433 -     Fish (dried)              N1.039M    -2.01%   -13.43%
2026-09-21 05:26:15.794 | INFO     | __main__:run_zonal_forecast:433 -     Eggs                          N6K    -0.55%    -5.43%
2026-09-21 05:26:15.794 | INFO     | __main__:run_zonal_forecast:433 -   
2026-09-21 05:26:15.794 | INFO     | __main__:run_zonal_forecast:433 -   BEST SOURCING NATIONALLY:
2026-09-21 05:26:15.797 | INFO     | __main__:run_zonal_forecast:433 -     Commodity              Best State           Price  Spread
2026-09-21 05:26:15.797 | INFO     | __main__:run_zonal_forecast:433 -     ------------------------------------------------------------
2026-09-21 05:26:15.797 | INFO     | __main__:run_zonal_forecast:433 -     Hibiscus               Kaduna             N2.062M  24% vs Lagos
2026-09-21 05:26:15.799 | INFO     | __main__:run_zonal_forecast:433 -     Sesame                 Kano               N1.290M  42% vs Lagos
2026-09-21 05:26:15.799 | INFO     | __main__:run_zonal_forecast:433 -     Ginger                 Kaduna             N8.608M  67% vs Lagos
2026-09-21 05:26:15.799 | INFO     | __main__:run_zonal_forecast:433 -     Cocoa                  Kogi               N5.260M  34% vs Borno
2026-09-21 05:26:15.799 | INFO     | __main__:run_zonal_forecast:433 -     Soybeans               Plateau              N550K  47% vs Lagos
2026-09-21 05:26:15.803 | INFO     | __main__:run_zonal_forecast:433 -     Cashew Nuts            Kogi               N1.448M  44% vs Borno
2026-09-21 05:26:15.803 | INFO     | __main__:run_zonal_forecast:433 -     Sorghum                Kano                 N272K  54% vs Rivers
2026-09-21 05:26:15.803 | INFO     | __main__:run_zonal_forecast:433 -     Beans (white)          Kano                 N586K  47% vs Lagos
2026-09-21 05:26:15.803 | INFO     | __main__:run_zonal_forecast:433 -     Beans (red)            Kano                 N700K  39% vs Lagos
2026-09-21 05:26:15.803 | INFO     | __main__:run_zonal_forecast:433 -     Maize (white)          Kano                 N273K  62% vs Lagos
2026-09-21 05:26:15.806 | INFO     | __main__:run_zonal_forecast:433 -     Maize (yellow)         Kano                 N296K  62% vs Lagos
2026-09-21 05:26:15.806 | INFO     | __main__:run_zonal_forecast:433 -     Wheat                  Kaduna               N572K  40% vs Rivers
2026-09-21 05:26:15.807 | INFO     | __main__:run_zonal_forecast:433 -     Rice                   Plateau            N1.302M  31% vs Lagos
2026-09-21 05:26:15.807 | INFO     | __main__:run_zonal_forecast:433 -     Meat (beef)            Kano               N5.906M  33% vs Oyo
2026-09-21 05:26:15.809 | INFO     | __main__:run_zonal_forecast:433 -     Meat (goat)            Kano               N5.750M  33% vs Oyo
2026-09-21 05:26:15.809 | INFO     | __main__:run_zonal_forecast:433 -     Fish (dried)           Kano                 N904K  33% vs Oyo
2026-09-21 05:26:15.809 | INFO     | __main__:run_zonal_forecast:433 -     Eggs                   Kano                   N5K  33% vs Oyo
2026-09-21 05:26:15.809 | INFO     | __main__:run_zonal_forecast:433 -   
2026-09-21 05:26:15.809 | INFO     | __main__:run_zonal_forecast:433 -   ==========================================================
2026-09-21 05:26:15.809 | INFO     | __main__:run_zonal_forecast:433 -   Source: Agrolinking Intelligence Platform
2026-09-21 05:26:15.809 | INFO     | __main__:run_zonal_forecast:433 -   Next update: 22 Sep 2026
2026-09-21 05:26:15.813 | INFO     | __main__:run_zonal_forecast:434 - =================================================================
2026-09-21 05:26:15.813 | SUCCESS  | __main__:run_zonal_forecast:435 - ZONAL FORECASTING COMPLETE — 6 zones | 12 states | 17 commodities
