2026-10-01 11:32:58.228 | INFO     | __main__:run_zonal_forecast:520 - =================================================================
2026-10-01 11:32:58.228 | INFO     | __main__:run_zonal_forecast:521 - STEP 7 — ZONAL & STATE-LEVEL FORECASTING
2026-10-01 11:32:58.228 | INFO     | __main__:run_zonal_forecast:522 -   Date  : Thursday, 01 October 2026  11:32
2026-10-01 11:32:58.228 | INFO     | __main__:run_zonal_forecast:523 -   Anchor: DAILY INTERPOLATED (from last_known_date, drifts daily)
2026-10-01 11:32:58.228 | INFO     | __main__:run_zonal_forecast:524 - =================================================================
2026-10-01 11:32:58.251 | INFO     | __main__:run_zonal_forecast:527 -   Source: forecast_validated_2026-10-01.json
2026-10-01 11:32:58.252 | INFO     | __main__:run_zonal_forecast:534 -   Maize (white): last_known=2026-09-28, days_elapsed=3
2026-10-01 11:32:58.252 | INFO     | __main__:run_zonal_forecast:534 -   Hibiscus: last_known=2026-09-28, days_elapsed=3
2026-10-01 11:32:58.252 | INFO     | __main__:run_zonal_forecast:534 -   Sesame: last_known=2026-09-28, days_elapsed=3
2026-10-01 11:32:58.252 | INFO     | __main__:build_zonal_output:256 - 
2026-10-01 11:32:58.252 | INFO     | __main__:build_zonal_output:257 -   NATIONAL ANCHORS (interpolated from last_known_date to today):
2026-10-01 11:32:58.252 | INFO     | __main__:build_zonal_output:258 -   Commodity                 Today Price   Day Chg    vs Ref  Source
2026-10-01 11:32:58.252 | INFO     | __main__:build_zonal_output:259 -   --------------------------------------------------------------------------------
2026-10-01 11:32:58.252 | INFO     | __main__:build_zonal_output:288 -   Hibiscus               N   2,470,821    -1.06%   +6.27%  daily_series d3 (-3.11% vs ref)
2026-10-01 11:32:58.252 | INFO     | __main__:build_zonal_output:288 -   Sesame                 N   1,437,338    -1.64%  -12.89%  daily_series d3 (-4.77% vs ref)
2026-10-01 11:32:58.252 | INFO     | __main__:build_zonal_output:288 -   Ginger                 N  11,940,715    +0.00%   -0.49%  daily_series d3 (+0.00% vs ref)
2026-10-01 11:32:58.253 | INFO     | __main__:build_zonal_output:288 -   Cocoa                  N   5,016,079    +1.46%  -11.22%  daily_series d3 (+4.50% vs ref)
2026-10-01 11:32:58.253 | INFO     | __main__:build_zonal_output:288 -   Soybeans               N     750,294    -3.00%   +0.71%  daily_series d3 (-8.50% vs ref)
2026-10-01 11:32:58.253 | INFO     | __main__:build_zonal_output:288 -   Cashew Nuts            N   1,622,479    -1.88%  -16.80%  daily_series d3 (-5.44% vs ref)
2026-10-01 11:32:58.253 | INFO     | __main__:build_zonal_output:288 -   Sorghum                N     338,694    -4.85%  -19.36%  daily_series d3 (-13.27% vs ref)
2026-10-01 11:32:58.253 | INFO     | __main__:build_zonal_output:288 -   Beans (white)          N     508,452    -5.06%  -37.46%  daily_series d3 (-13.78% vs ref)
2026-10-01 11:32:58.253 | INFO     | __main__:build_zonal_output:288 -   Beans (red)            N     628,504    -4.05%  -31.31%  daily_series d3 (-11.25% vs ref)
2026-10-01 11:32:58.253 | INFO     | __main__:build_zonal_output:288 -   Maize (white)          N     344,531    -2.16%   -6.88%  daily_series d3 (-6.21% vs ref)
2026-10-01 11:32:58.253 | INFO     | __main__:build_zonal_output:288 -   Maize (yellow)         N     373,230    -2.10%   -6.69%  daily_series d3 (-6.04% vs ref)
2026-10-01 11:32:58.253 | INFO     | __main__:build_zonal_output:288 -   Wheat                  N     665,972    -1.78%   -5.78%  daily_series d3 (-5.16% vs ref)
2026-10-01 11:32:58.253 | INFO     | __main__:build_zonal_output:288 -   Rice                   N   1,401,782    -1.82%   -9.56%  daily_series d3 (-5.26% vs ref)
2026-10-01 11:32:58.253 | INFO     | __main__:build_zonal_output:288 -   Meat (beef)            N   6,755,815    +1.04%   +3.94%  daily_series d3 (+3.17% vs ref)
2026-10-01 11:32:58.253 | INFO     | __main__:build_zonal_output:288 -   Meat (goat)            N   6,654,314    +0.32%   +2.37%  daily_series d3 (+0.96% vs ref)
2026-10-01 11:32:58.254 | INFO     | __main__:build_zonal_output:288 -   Fish (dried)           N   1,063,337    -3.72%  -11.39%  daily_series d3 (-10.38% vs ref)
2026-10-01 11:32:58.254 | INFO     | __main__:build_zonal_output:288 -   Eggs                   N       5,906    -1.09%   -4.74%  daily_series d3 (-3.19% vs ref)
2026-10-01 11:32:58.254 | INFO     | __main__:build_zonal_output:291 - 
2026-10-01 11:32:58.330 | INFO     | __main__:run_zonal_forecast:540 - 
2026-10-01 11:32:58.330 | INFO     | __main__:run_zonal_forecast:541 -   Zone             State        Commodity                 State Price  Day Chg
2026-10-01 11:32:58.330 | INFO     | __main__:run_zonal_forecast:542 -   ------------------------------------------------------------------------
2026-10-01 11:32:58.330 | INFO     | __main__:run_zonal_forecast:549 -   North West       Kano         * Sesame                N   1,192,991/MT  -1.64%
2026-10-01 11:32:58.330 | INFO     | __main__:run_zonal_forecast:549 -   North West       Kano         * Sorghum               N     264,181/MT  -4.85%
2026-10-01 11:32:58.330 | INFO     | __main__:run_zonal_forecast:549 -   North West       Kano         * Beans (white)         N     442,353/MT  -5.06%
2026-10-01 11:32:58.330 | INFO     | __main__:run_zonal_forecast:549 -   North West       Kano         * Maize (white)         N     275,625/MT  -2.16%
2026-10-01 11:32:58.330 | INFO     | __main__:run_zonal_forecast:549 -   North West       Kano         * Maize (yellow)        N     298,584/MT  -2.10%
2026-10-01 11:32:58.330 | INFO     | __main__:run_zonal_forecast:549 -   North West       Kano         * Wheat                 N     592,715/MT  -1.78%
2026-10-01 11:32:58.331 | INFO     | __main__:run_zonal_forecast:549 -   North West       Kaduna       * Ginger                N   8,597,315/MT  +0.00%
2026-10-01 11:32:58.331 | INFO     | __main__:run_zonal_forecast:549 -   North West       Kaduna       * Soybeans              N     630,247/MT  -3.00%
2026-10-01 11:32:58.331 | INFO     | __main__:run_zonal_forecast:549 -   North West       Kaduna       * Sorghum               N     270,955/MT  -4.85%
2026-10-01 11:32:58.331 | INFO     | __main__:run_zonal_forecast:549 -   North West       Kaduna       * Maize (white)         N     279,070/MT  -2.16%
2026-10-01 11:32:58.331 | INFO     | __main__:run_zonal_forecast:549 -   North West       Kaduna       * Maize (yellow)        N     302,316/MT  -2.10%
2026-10-01 11:32:58.331 | INFO     | __main__:run_zonal_forecast:549 -   North West       Kaduna       * Wheat                 N     579,395/MT  -1.78%
2026-10-01 11:32:58.331 | INFO     | __main__:run_zonal_forecast:549 -   North Central    Plateau      * Ginger                N   8,955,536/MT  +0.00%
2026-10-01 11:32:58.331 | INFO     | __main__:run_zonal_forecast:549 -   North Central    Plateau      * Soybeans              N     622,744/MT  -3.00%
2026-10-01 11:32:58.331 | INFO     | __main__:run_zonal_forecast:549 -   North Central    Plateau      * Beans (white)         N     457,607/MT  -5.06%
2026-10-01 11:32:58.331 | INFO     | __main__:run_zonal_forecast:549 -   North Central    Plateau      * Maize (white)         N     299,742/MT  -2.16%
2026-10-01 11:32:58.331 | INFO     | __main__:run_zonal_forecast:549 -   North Central    Plateau      * Wheat                 N     606,034/MT  -1.78%
2026-10-01 11:32:58.331 | INFO     | __main__:run_zonal_forecast:549 -   North Central    Kogi         * Cocoa                 N   4,414,149/MT  +1.46%
2026-10-01 11:32:58.331 | INFO     | __main__:run_zonal_forecast:549 -   North Central    Kogi         * Soybeans              N     652,756/MT  -3.00%
2026-10-01 11:32:58.331 | INFO     | __main__:run_zonal_forecast:549 -   North Central    Kogi         * Cashew Nuts           N   1,297,983/MT  -1.88%
2026-10-01 11:32:58.331 | INFO     | __main__:run_zonal_forecast:549 -   North Central    Kogi         * Sorghum               N     308,211/MT  -4.85%
2026-10-01 11:32:58.331 | INFO     | __main__:run_zonal_forecast:549 -   North Central    Kogi         * Beans (white)         N     467,776/MT  -5.06%
2026-10-01 11:32:58.331 | INFO     | __main__:run_zonal_forecast:549 -   North Central    Kogi         * Maize (white)         N     310,078/MT  -2.16%
2026-10-01 11:32:58.331 | INFO     | __main__:run_zonal_forecast:549 -   North East       Adamawa      * Sesame                N   1,236,111/MT  -1.64%
2026-10-01 11:32:58.332 | INFO     | __main__:run_zonal_forecast:549 -   North East       Adamawa      * Ginger                N   9,910,794/MT  +0.00%
2026-10-01 11:32:58.332 | INFO     | __main__:run_zonal_forecast:549 -   North East       Adamawa      * Soybeans              N     667,762/MT  -3.00%
2026-10-01 11:32:58.332 | INFO     | __main__:run_zonal_forecast:549 -   North East       Adamawa      * Sorghum               N     294,664/MT  -4.85%
2026-10-01 11:32:58.332 | INFO     | __main__:run_zonal_forecast:549 -   North East       Adamawa      * Beans (white)         N     467,776/MT  -5.06%
2026-10-01 11:32:58.332 | INFO     | __main__:run_zonal_forecast:549 -   North East       Adamawa      * Maize (white)         N     303,187/MT  -2.16%
2026-10-01 11:32:58.332 | INFO     | __main__:run_zonal_forecast:549 -   North East       Borno        * Sesame                N   1,279,231/MT  -1.64%
2026-10-01 11:32:58.332 | INFO     | __main__:run_zonal_forecast:549 -   North East       Borno        * Sorghum               N     311,598/MT  -4.85%
2026-10-01 11:32:58.332 | INFO     | __main__:run_zonal_forecast:549 -   North East       Borno        * Beans (white)         N     538,959/MT  -5.06%
2026-10-01 11:32:58.332 | INFO     | __main__:run_zonal_forecast:549 -   North East       Borno        * Maize (white)         N     372,094/MT  -2.16%
2026-10-01 11:32:58.332 | INFO     | __main__:run_zonal_forecast:549 -   North East       Borno        * Wheat                 N     745,888/MT  -1.78%
2026-10-01 11:32:58.332 | INFO     | __main__:run_zonal_forecast:549 -   South West       Oyo          * Hibiscus              N   2,544,945/MT  -1.06%
2026-10-01 11:32:58.332 | INFO     | __main__:run_zonal_forecast:549 -   South West       Oyo          * Cocoa                 N   4,464,310/MT  +1.46%
2026-10-01 11:32:58.332 | INFO     | __main__:run_zonal_forecast:549 -   South West       Oyo          * Soybeans              N     780,306/MT  -3.00%
2026-10-01 11:32:58.332 | INFO     | __main__:run_zonal_forecast:549 -   South West       Oyo          * Cashew Nuts           N   1,395,332/MT  -1.88%
2026-10-01 11:32:58.332 | INFO     | __main__:run_zonal_forecast:549 -   South West       Oyo          * Beans (white)         N     559,297/MT  -5.06%
2026-10-01 11:32:58.332 | INFO     | __main__:run_zonal_forecast:549 -   South West       Oyo          * Maize (white)         N     372,094/MT  -2.16%
2026-10-01 11:32:58.332 | INFO     | __main__:run_zonal_forecast:549 -   South West       Lagos        * Hibiscus              N   2,841,444/MT  -1.06%
2026-10-01 11:32:58.332 | INFO     | __main__:run_zonal_forecast:549 -   South West       Lagos        * Sesame                N   1,696,059/MT  -1.64%
2026-10-01 11:32:58.332 | INFO     | __main__:run_zonal_forecast:549 -   South West       Lagos        * Cocoa                 N   5,417,365/MT  +1.46%
2026-10-01 11:32:58.333 | INFO     | __main__:run_zonal_forecast:549 -   South West       Lagos        * Soybeans              N     915,359/MT  -3.00%
2026-10-01 11:32:58.333 | INFO     | __main__:run_zonal_forecast:549 -   South West       Lagos        * Beans (white)         N     650,818/MT  -5.06%
2026-10-01 11:32:58.333 | INFO     | __main__:run_zonal_forecast:549 -   South West       Lagos        * Beans (red)           N     785,630/MT  -4.05%
2026-10-01 11:32:58.333 | INFO     | __main__:run_zonal_forecast:549 -   South West       Lagos        * Maize (white)         N     447,891/MT  -2.16%
2026-10-01 11:32:58.333 | INFO     | __main__:run_zonal_forecast:549 -   South West       Lagos        * Maize (yellow)        N     485,199/MT  -2.10%
2026-10-01 11:32:58.333 | INFO     | __main__:run_zonal_forecast:549 -   South East       Anambra      * Cocoa                 N   5,266,883/MT  +1.46%
2026-10-01 11:32:58.333 | INFO     | __main__:run_zonal_forecast:549 -   South East       Anambra      * Cashew Nuts           N   1,784,727/MT  -1.88%
2026-10-01 11:32:58.333 | INFO     | __main__:run_zonal_forecast:549 -   South East       Anambra      * Beans (white)         N     599,973/MT  -5.06%
2026-10-01 11:32:58.333 | INFO     | __main__:run_zonal_forecast:549 -   South East       Anambra      * Beans (red)           N     722,780/MT  -4.05%
2026-10-01 11:32:58.333 | INFO     | __main__:run_zonal_forecast:549 -   South East       Anambra      * Maize (white)         N     413,437/MT  -2.16%
2026-10-01 11:32:58.333 | INFO     | __main__:run_zonal_forecast:549 -   South East       Imo          * Cocoa                 N   4,564,632/MT  +1.46%
2026-10-01 11:32:58.333 | INFO     | __main__:run_zonal_forecast:549 -   South East       Imo          * Cashew Nuts           N   1,719,828/MT  -1.88%
2026-10-01 11:32:58.333 | INFO     | __main__:run_zonal_forecast:549 -   South East       Imo          * Beans (white)         N     584,720/MT  -5.06%
2026-10-01 11:32:58.333 | INFO     | __main__:run_zonal_forecast:549 -   South East       Imo          * Maize (white)         N     403,101/MT  -2.16%
2026-10-01 11:32:58.333 | INFO     | __main__:run_zonal_forecast:549 -   South South      Rivers       * Hibiscus              N   2,767,319/MT  -1.06%
2026-10-01 11:32:58.333 | INFO     | __main__:run_zonal_forecast:549 -   South South      Rivers       * Sesame                N   1,696,059/MT  -1.64%
2026-10-01 11:32:58.333 | INFO     | __main__:run_zonal_forecast:549 -   South South      Rivers       * Cocoa                 N   5,266,883/MT  +1.46%
2026-10-01 11:32:58.333 | INFO     | __main__:run_zonal_forecast:549 -   South South      Rivers       * Beans (white)         N     620,311/MT  -5.06%
2026-10-01 11:32:58.333 | INFO     | __main__:run_zonal_forecast:549 -   South South      Rivers       * Beans (red)           N     754,205/MT  -4.05%
2026-10-01 11:32:58.334 | INFO     | __main__:run_zonal_forecast:549 -   South South      Rivers       * Maize (white)         N     430,664/MT  -2.16%
2026-10-01 11:32:58.334 | INFO     | __main__:run_zonal_forecast:549 -   South South      Delta        * Hibiscus              N   2,668,486/MT  -1.06%
2026-10-01 11:32:58.334 | INFO     | __main__:run_zonal_forecast:549 -   South South      Delta        * Sesame                N   1,667,312/MT  -1.64%
2026-10-01 11:32:58.334 | INFO     | __main__:run_zonal_forecast:549 -   South South      Delta        * Cocoa                 N   4,664,953/MT  +1.46%
2026-10-01 11:32:58.334 | INFO     | __main__:run_zonal_forecast:549 -   South South      Delta        * Soybeans              N     855,336/MT  -3.00%
2026-10-01 11:32:58.334 | INFO     | __main__:run_zonal_forecast:549 -   South South      Delta        * Beans (white)         N     594,889/MT  -5.06%
2026-10-01 11:32:58.334 | INFO     | __main__:run_zonal_forecast:549 -   South South      Delta        * Maize (white)         N     413,437/MT  -2.16%
2026-10-01 11:32:58.547 | SUCCESS  | __main__:run_zonal_forecast:563 -   Zonal JSON  -> /home/runner/work/Agrolinking-Intelligence/Agrolinking-Intelligence/outputs/forecasts/zonal/zonal_forecast_2026-10-01.json
2026-10-01 11:32:58.548 | WARNING  | __main__:write_zonal_to_postgres:437 -   [Postgres] TSDB_URL not set — skipping zonal dual-write (JSON write already done)
2026-10-01 11:32:58.548 | SUCCESS  | __main__:run_zonal_forecast:571 -   Zonal alert -> /home/runner/work/Agrolinking-Intelligence/Agrolinking-Intelligence/outputs/daily_alerts/alert_zonal_2026-10-01.txt
2026-10-01 11:32:58.548 | INFO     | __main__:run_zonal_forecast:573 - 
2026-10-01 11:32:58.548 | INFO     | __main__:run_zonal_forecast:574 - =================================================================
2026-10-01 11:32:58.549 | INFO     | __main__:run_zonal_forecast:576 -   ================================================
2026-10-01 11:32:58.549 | INFO     | __main__:run_zonal_forecast:576 -   AGROLINKING ZONAL COMMODITY INTELLIGENCE
2026-10-01 11:32:58.549 | INFO     | __main__:run_zonal_forecast:576 -   Date: Thursday, 01 October 2026
2026-10-01 11:32:58.549 | INFO     | __main__:run_zonal_forecast:576 -   6 Zones | 12 States | 12 Commodities
2026-10-01 11:32:58.549 | INFO     | __main__:run_zonal_forecast:576 -   ================================================
2026-10-01 11:32:58.549 | INFO     | __main__:run_zonal_forecast:576 -   
2026-10-01 11:32:58.549 | INFO     | __main__:run_zonal_forecast:576 -   NORTH WEST (Kano & Kaduna)
2026-10-01 11:32:58.549 | INFO     | __main__:run_zonal_forecast:576 -   Nigeria's main grain belt. Highest Maize, Sorghum, Sesame, Wheat production.
2026-10-01 11:32:58.549 | INFO     | __main__:run_zonal_forecast:576 -   
2026-10-01 11:32:58.549 | INFO     | __main__:run_zonal_forecast:576 -     Commodity           Kano                Kaduna            
2026-10-01 11:32:58.549 | INFO     | __main__:run_zonal_forecast:576 -     ------------------------------------------------------------
2026-10-01 11:32:58.549 | INFO     | __main__:run_zonal_forecast:576 -     Hibiscus                N2.347M    (-1.06%)     N2.298M    (-1.06%) 
2026-10-01 11:32:58.549 | INFO     | __main__:run_zonal_forecast:576 -     Sesame                * N1.193M    (-1.64%)     N1.222M    (-1.64%) 
2026-10-01 11:32:58.549 | INFO     | __main__:run_zonal_forecast:576 -     Ginger                  N11.702M              * N8.597M             
2026-10-01 11:32:58.549 | INFO     | __main__:run_zonal_forecast:576 -     Cocoa                   N5.116M    (+1.46%)     N5.267M    (+1.46%) 
2026-10-01 11:32:58.549 | INFO     | __main__:run_zonal_forecast:576 -     Soybeans                N675K      (-3.00%)   * N630K      (-3.00%) 
2026-10-01 11:32:58.549 | INFO     | __main__:run_zonal_forecast:576 -     Cashew Nuts             N1.622M    (-1.88%)     N1.655M    (-1.88%) 
2026-10-01 11:32:58.549 | INFO     | __main__:run_zonal_forecast:576 -     Sorghum               * N264K      (-4.85%)   * N271K      (-4.85%) 
2026-10-01 11:32:58.550 | INFO     | __main__:run_zonal_forecast:576 -     Beans (white)         * N442K      (-5.06%)     N447K      (-5.06%) 
2026-10-01 11:32:58.550 | INFO     | __main__:run_zonal_forecast:576 -     Beans (red)             N566K      (-4.05%)     N572K      (-4.05%) 
2026-10-01 11:32:58.550 | INFO     | __main__:run_zonal_forecast:576 -     Maize (white)         * N276K      (-2.16%)   * N279K      (-2.16%) 
2026-10-01 11:32:58.550 | INFO     | __main__:run_zonal_forecast:576 -     Maize (yellow)        * N299K      (-2.10%)   * N302K      (-2.10%) 
2026-10-01 11:32:58.550 | INFO     | __main__:run_zonal_forecast:576 -     Wheat                 * N593K      (-1.78%)   * N579K      (-1.78%) 
2026-10-01 11:32:58.550 | INFO     | __main__:run_zonal_forecast:576 -     Rice                    N1.332M    (-1.82%)     N1.304M    (-1.82%) 
2026-10-01 11:32:58.550 | INFO     | __main__:run_zonal_forecast:576 -     Meat (beef)             N5.878M    (+1.04%)     N5.878M    (+1.04%) 
2026-10-01 11:32:58.550 | INFO     | __main__:run_zonal_forecast:576 -     Meat (goat)             N5.789M    (+0.32%)     N5.789M    (+0.32%) 
2026-10-01 11:32:58.550 | INFO     | __main__:run_zonal_forecast:576 -     Fish (dried)            N925K      (-3.72%)     N925K      (-3.72%) 
2026-10-01 11:32:58.550 | INFO     | __main__:run_zonal_forecast:576 -     Eggs                    N5K        (-1.09%)     N5K        (-1.09%) 
2026-10-01 11:32:58.550 | INFO     | __main__:run_zonal_forecast:576 -   
2026-10-01 11:32:58.550 | INFO     | __main__:run_zonal_forecast:576 -   NORTH CENTRAL (Plateau & Kogi)
2026-10-01 11:32:58.550 | INFO     | __main__:run_zonal_forecast:576 -   Middle Belt. Ginger heartland (Plateau), Cashew/Cocoa belt (Kogi).
2026-10-01 11:32:58.550 | INFO     | __main__:run_zonal_forecast:576 -   
2026-10-01 11:32:58.550 | INFO     | __main__:run_zonal_forecast:576 -     Commodity           Plateau             Kogi              
2026-10-01 11:32:58.550 | INFO     | __main__:run_zonal_forecast:576 -     ------------------------------------------------------------
2026-10-01 11:32:58.550 | INFO     | __main__:run_zonal_forecast:576 -     Hibiscus                N2.397M    (-1.06%)     N2.372M    (-1.06%) 
2026-10-01 11:32:58.550 | INFO     | __main__:run_zonal_forecast:576 -     Sesame                  N1.380M    (-1.64%)     N1.394M    (-1.64%) 
2026-10-01 11:32:58.550 | INFO     | __main__:run_zonal_forecast:576 -     Ginger                * N8.956M                 N11.224M            
2026-10-01 11:32:58.551 | INFO     | __main__:run_zonal_forecast:576 -     Cocoa                   N5.417M    (+1.46%)   * N4.414M    (+1.46%) 
2026-10-01 11:32:58.551 | INFO     | __main__:run_zonal_forecast:576 -     Soybeans              * N623K      (-3.00%)   * N653K      (-3.00%) 
2026-10-01 11:32:58.551 | INFO     | __main__:run_zonal_forecast:576 -     Cashew Nuts             N1.704M    (-1.88%)   * N1.298M    (-1.88%) 
2026-10-01 11:32:58.551 | INFO     | __main__:run_zonal_forecast:576 -     Sorghum                 N312K      (-4.85%)   * N308K      (-4.85%) 
2026-10-01 11:32:58.551 | INFO     | __main__:run_zonal_forecast:576 -     Beans (white)         * N458K      (-5.06%)   * N468K      (-5.06%) 
2026-10-01 11:32:58.551 | INFO     | __main__:run_zonal_forecast:576 -     Beans (red)             N597K      (-4.05%)     N591K      (-4.05%) 
2026-10-01 11:32:58.551 | INFO     | __main__:run_zonal_forecast:576 -     Maize (white)         * N300K      (-2.16%)   * N310K      (-2.16%) 
2026-10-01 11:32:58.551 | INFO     | __main__:run_zonal_forecast:576 -     Maize (yellow)          N328K      (-2.10%)     N340K      (-2.10%) 
2026-10-01 11:32:58.551 | INFO     | __main__:run_zonal_forecast:576 -     Wheat                 * N606K      (-1.78%)     N646K      (-1.78%) 
2026-10-01 11:32:58.551 | INFO     | __main__:run_zonal_forecast:576 -     Rice                    N1.262M    (-1.82%)     N1.360M    (-1.82%) 
2026-10-01 11:32:58.551 | INFO     | __main__:run_zonal_forecast:576 -     Meat (beef)             N6.418M    (+1.04%)     N6.418M    (+1.04%) 
2026-10-01 11:32:58.551 | INFO     | __main__:run_zonal_forecast:576 -     Meat (goat)             N6.322M    (+0.32%)     N6.322M    (+0.32%) 
2026-10-01 11:32:58.551 | INFO     | __main__:run_zonal_forecast:576 -     Fish (dried)            N1.010M    (-3.72%)     N1.010M    (-3.72%) 
2026-10-01 11:32:58.551 | INFO     | __main__:run_zonal_forecast:576 -     Eggs                    N6K        (-1.09%)     N6K        (-1.09%) 
2026-10-01 11:32:58.551 | INFO     | __main__:run_zonal_forecast:576 -   
2026-10-01 11:32:58.551 | INFO     | __main__:run_zonal_forecast:576 -   NORTH EAST (Adamawa & Borno)
2026-10-01 11:32:58.551 | INFO     | __main__:run_zonal_forecast:576 -   Semi-arid. Sorghum, Maize. Conflict premium on imports in Borno.
2026-10-01 11:32:58.551 | INFO     | __main__:run_zonal_forecast:576 -   
2026-10-01 11:32:58.551 | INFO     | __main__:run_zonal_forecast:576 -     Commodity           Adamawa             Borno             
2026-10-01 11:32:58.551 | INFO     | __main__:run_zonal_forecast:576 -     ------------------------------------------------------------
2026-10-01 11:32:58.552 | INFO     | __main__:run_zonal_forecast:576 -     Hibiscus                N2.421M    (-1.06%)     N2.594M    (-1.06%) 
2026-10-01 11:32:58.552 | INFO     | __main__:run_zonal_forecast:576 -     Sesame                * N1.236M    (-1.64%)   * N1.279M    (-1.64%) 
2026-10-01 11:32:58.552 | INFO     | __main__:run_zonal_forecast:576 -     Ginger                * N9.911M                 N13.732M            
2026-10-01 11:32:58.552 | INFO     | __main__:run_zonal_forecast:576 -     Cocoa                   N5.267M    (+1.46%)     N5.919M    (+1.46%) 
2026-10-01 11:32:58.552 | INFO     | __main__:run_zonal_forecast:576 -     Soybeans              * N668K      (-3.00%)     N810K      (-3.00%) 
2026-10-01 11:32:58.552 | INFO     | __main__:run_zonal_forecast:576 -     Cashew Nuts             N1.687M    (-1.88%)     N1.866M    (-1.88%) 
2026-10-01 11:32:58.552 | INFO     | __main__:run_zonal_forecast:576 -     Sorghum               * N295K      (-4.85%)   * N312K      (-4.85%) 
2026-10-01 11:32:58.552 | INFO     | __main__:run_zonal_forecast:576 -     Beans (white)         * N468K      (-5.06%)   * N539K      (-5.06%) 
2026-10-01 11:32:58.552 | INFO     | __main__:run_zonal_forecast:576 -     Beans (red)             N597K      (-4.05%)     N691K      (-4.05%) 
2026-10-01 11:32:58.552 | INFO     | __main__:run_zonal_forecast:576 -     Maize (white)         * N303K      (-2.16%)   * N372K      (-2.16%) 
2026-10-01 11:32:58.552 | INFO     | __main__:run_zonal_forecast:576 -     Maize (yellow)          N332K      (-2.10%)     N403K      (-2.10%) 
2026-10-01 11:32:58.552 | INFO     | __main__:run_zonal_forecast:576 -     Wheat                   N653K      (-1.78%)   * N746K      (-1.78%) 
2026-10-01 11:32:58.552 | INFO     | __main__:run_zonal_forecast:576 -     Rice                    N1.430M    (-1.82%)     N1.542M    (-1.82%) 
2026-10-01 11:32:58.552 | INFO     | __main__:run_zonal_forecast:576 -     Meat (beef)             N6.891M    (+1.04%)     N6.891M    (+1.04%) 
2026-10-01 11:32:58.552 | INFO     | __main__:run_zonal_forecast:576 -     Meat (goat)             N6.787M    (+0.32%)     N6.787M    (+0.32%) 
2026-10-01 11:32:58.552 | INFO     | __main__:run_zonal_forecast:576 -     Fish (dried)            N1.085M    (-3.72%)     N1.085M    (-3.72%) 
2026-10-01 11:32:58.552 | INFO     | __main__:run_zonal_forecast:576 -     Eggs                    N6K        (-1.09%)     N6K        (-1.09%) 
2026-10-01 11:32:58.552 | INFO     | __main__:run_zonal_forecast:576 -   
2026-10-01 11:32:58.552 | INFO     | __main__:run_zonal_forecast:576 -   SOUTH WEST (Oyo & Lagos)
2026-10-01 11:32:58.552 | INFO     | __main__:run_zonal_forecast:576 -   Commercial capital. Lagos is the price-setter for consumer markets.
2026-10-01 11:32:58.553 | INFO     | __main__:run_zonal_forecast:576 -   
2026-10-01 11:32:58.553 | INFO     | __main__:run_zonal_forecast:576 -     Commodity           Oyo                 Lagos             
2026-10-01 11:32:58.553 | INFO     | __main__:run_zonal_forecast:576 -     ------------------------------------------------------------
2026-10-01 11:32:58.553 | INFO     | __main__:run_zonal_forecast:576 -     Hibiscus              * N2.545M    (-1.06%)   * N2.841M    (-1.06%) 
2026-10-01 11:32:58.553 | INFO     | __main__:run_zonal_forecast:576 -     Sesame                  N1.524M    (-1.64%)   * N1.696M    (-1.64%) 
2026-10-01 11:32:58.553 | INFO     | __main__:run_zonal_forecast:576 -     Ginger                  N12.896M                N14.329M            
2026-10-01 11:32:58.553 | INFO     | __main__:run_zonal_forecast:576 -     Cocoa                 * N4.464M    (+1.46%)   * N5.417M    (+1.46%) 
2026-10-01 11:32:58.553 | INFO     | __main__:run_zonal_forecast:576 -     Soybeans              * N780K      (-3.00%)   * N915K      (-3.00%) 
2026-10-01 11:32:58.553 | INFO     | __main__:run_zonal_forecast:576 -     Cashew Nuts           * N1.395M    (-1.88%)     N1.785M    (-1.88%) 
2026-10-01 11:32:58.553 | INFO     | __main__:run_zonal_forecast:576 -     Sorghum                 N356K      (-4.85%)     N400K      (-4.85%) 
2026-10-01 11:32:58.553 | INFO     | __main__:run_zonal_forecast:576 -     Beans (white)         * N559K      (-5.06%)   * N651K      (-5.06%) 
2026-10-01 11:32:58.553 | INFO     | __main__:run_zonal_forecast:576 -     Beans (red)             N704K      (-4.05%)   * N786K      (-4.05%) 
2026-10-01 11:32:58.553 | INFO     | __main__:run_zonal_forecast:576 -     Maize (white)         * N372K      (-2.16%)   * N448K      (-2.16%) 
2026-10-01 11:32:58.553 | INFO     | __main__:run_zonal_forecast:576 -     Maize (yellow)          N403K      (-2.10%)   * N485K      (-2.10%) 
2026-10-01 11:32:58.553 | INFO     | __main__:run_zonal_forecast:576 -     Wheat                   N733K      (-1.78%)     N766K      (-1.78%) 
2026-10-01 11:32:58.553 | INFO     | __main__:run_zonal_forecast:576 -     Rice                    N1.514M    (-1.82%)     N1.654M    (-1.82%) 
2026-10-01 11:32:58.553 | INFO     | __main__:run_zonal_forecast:576 -     Meat (beef)             N7.837M    (+1.04%)     N7.837M    (+1.04%) 
2026-10-01 11:32:58.553 | INFO     | __main__:run_zonal_forecast:576 -     Meat (goat)             N7.719M    (+0.32%)     N7.719M    (+0.32%) 
2026-10-01 11:32:58.553 | INFO     | __main__:run_zonal_forecast:576 -     Fish (dried)            N1.233M    (-3.72%)     N1.233M    (-3.72%) 
2026-10-01 11:32:58.553 | INFO     | __main__:run_zonal_forecast:576 -     Eggs                    N7K        (-1.09%)     N7K        (-1.09%) 
2026-10-01 11:32:58.554 | INFO     | __main__:run_zonal_forecast:576 -   
2026-10-01 11:32:58.554 | INFO     | __main__:run_zonal_forecast:576 -   SOUTH EAST (Anambra & Imo)
2026-10-01 11:32:58.554 | INFO     | __main__:run_zonal_forecast:576 -   High consumption, low production of traded commodities. Import-dependent.
2026-10-01 11:32:58.554 | INFO     | __main__:run_zonal_forecast:576 -   
2026-10-01 11:32:58.554 | INFO     | __main__:run_zonal_forecast:576 -     Commodity           Anambra             Imo               
2026-10-01 11:32:58.554 | INFO     | __main__:run_zonal_forecast:576 -     ------------------------------------------------------------
2026-10-01 11:32:58.554 | INFO     | __main__:run_zonal_forecast:576 -     Hibiscus                N2.767M    (-1.06%)     N2.718M    (-1.06%) 
2026-10-01 11:32:58.554 | INFO     | __main__:run_zonal_forecast:576 -     Sesame                  N1.667M    (-1.64%)     N1.639M    (-1.64%) 
2026-10-01 11:32:58.554 | INFO     | __main__:run_zonal_forecast:576 -     Ginger                  N13.732M                N13.374M            
2026-10-01 11:32:58.554 | INFO     | __main__:run_zonal_forecast:576 -     Cocoa                 * N5.267M    (+1.46%)   * N4.565M    (+1.46%) 
2026-10-01 11:32:58.554 | INFO     | __main__:run_zonal_forecast:576 -     Soybeans                N855K      (-3.00%)     N840K      (-3.00%) 
2026-10-01 11:32:58.554 | INFO     | __main__:run_zonal_forecast:576 -     Cashew Nuts           * N1.785M    (-1.88%)   * N1.720M    (-1.88%) 
2026-10-01 11:32:58.554 | INFO     | __main__:run_zonal_forecast:576 -     Sorghum                 N386K      (-4.85%)     N379K      (-4.85%) 
2026-10-01 11:32:58.554 | INFO     | __main__:run_zonal_forecast:576 -     Beans (white)         * N600K      (-5.06%)   * N585K      (-5.06%) 
2026-10-01 11:32:58.554 | INFO     | __main__:run_zonal_forecast:576 -     Beans (red)           * N723K      (-4.05%)     N710K      (-4.05%) 
2026-10-01 11:32:58.554 | INFO     | __main__:run_zonal_forecast:576 -     Maize (white)         * N413K      (-2.16%)   * N403K      (-2.16%) 
2026-10-01 11:32:58.554 | INFO     | __main__:run_zonal_forecast:576 -     Maize (yellow)          N448K      (-2.10%)     N437K      (-2.10%) 
2026-10-01 11:32:58.554 | INFO     | __main__:run_zonal_forecast:576 -     Wheat                   N786K      (-1.78%)     N773K      (-1.78%) 
2026-10-01 11:32:58.554 | INFO     | __main__:run_zonal_forecast:576 -     Rice                    N1.570M    (-1.82%)     N1.542M    (-1.82%) 
2026-10-01 11:32:58.555 | INFO     | __main__:run_zonal_forecast:576 -     Meat (beef)             N7.634M    (+1.04%)     N7.634M    (+1.04%) 
2026-10-01 11:32:58.555 | INFO     | __main__:run_zonal_forecast:576 -     Meat (goat)             N7.519M    (+0.32%)     N7.519M    (+0.32%) 
2026-10-01 11:32:58.555 | INFO     | __main__:run_zonal_forecast:576 -     Fish (dried)            N1.202M    (-3.72%)     N1.202M    (-3.72%) 
2026-10-01 11:32:58.555 | INFO     | __main__:run_zonal_forecast:576 -     Eggs                    N7K        (-1.09%)     N7K        (-1.09%) 
2026-10-01 11:32:58.555 | INFO     | __main__:run_zonal_forecast:576 -   
2026-10-01 11:32:58.555 | INFO     | __main__:run_zonal_forecast:576 -   SOUTH SOUTH (Rivers & Delta)
2026-10-01 11:32:58.555 | INFO     | __main__:run_zonal_forecast:576 -   Oil belt. High purchasing power. Cocoa producer (Delta).
2026-10-01 11:32:58.555 | INFO     | __main__:run_zonal_forecast:576 -   
2026-10-01 11:32:58.555 | INFO     | __main__:run_zonal_forecast:576 -     Commodity           Rivers              Delta             
2026-10-01 11:32:58.555 | INFO     | __main__:run_zonal_forecast:576 -     ------------------------------------------------------------
2026-10-01 11:32:58.555 | INFO     | __main__:run_zonal_forecast:576 -     Hibiscus              * N2.767M    (-1.06%)   * N2.668M    (-1.06%) 
2026-10-01 11:32:58.555 | INFO     | __main__:run_zonal_forecast:576 -     Sesame                * N1.696M    (-1.64%)   * N1.667M    (-1.64%) 
2026-10-01 11:32:58.555 | INFO     | __main__:run_zonal_forecast:576 -     Ginger                  N14.329M                N13.732M            
2026-10-01 11:32:58.555 | INFO     | __main__:run_zonal_forecast:576 -     Cocoa                 * N5.267M    (+1.46%)   * N4.665M    (+1.46%) 
2026-10-01 11:32:58.555 | INFO     | __main__:run_zonal_forecast:576 -     Soybeans                N885K      (-3.00%)   * N855K      (-3.00%) 
2026-10-01 11:32:58.555 | INFO     | __main__:run_zonal_forecast:576 -     Cashew Nuts             N1.866M    (-1.88%)     N1.785M    (-1.88%) 
2026-10-01 11:32:58.555 | INFO     | __main__:run_zonal_forecast:576 -     Sorghum                 N406K      (-4.85%)     N400K      (-4.85%) 
2026-10-01 11:32:58.555 | INFO     | __main__:run_zonal_forecast:576 -     Beans (white)         * N620K      (-5.06%)   * N595K      (-5.06%) 
2026-10-01 11:32:58.555 | INFO     | __main__:run_zonal_forecast:576 -     Beans (red)           * N754K      (-4.05%)     N723K      (-4.05%) 
2026-10-01 11:32:58.555 | INFO     | __main__:run_zonal_forecast:576 -     Maize (white)         * N431K      (-2.16%)   * N413K      (-2.16%) 
2026-10-01 11:32:58.556 | INFO     | __main__:run_zonal_forecast:576 -     Maize (yellow)          N467K      (-2.10%)     N448K      (-2.10%) 
2026-10-01 11:32:58.556 | INFO     | __main__:run_zonal_forecast:576 -     Wheat                   N812K      (-1.78%)     N799K      (-1.78%) 
2026-10-01 11:32:58.556 | INFO     | __main__:run_zonal_forecast:576 -     Rice                    N1.612M    (-1.82%)     N1.570M    (-1.82%) 
2026-10-01 11:32:58.556 | INFO     | __main__:run_zonal_forecast:576 -     Meat (beef)             N7.702M    (+1.04%)     N7.702M    (+1.04%) 
2026-10-01 11:32:58.556 | INFO     | __main__:run_zonal_forecast:576 -     Meat (goat)             N7.586M    (+0.32%)     N7.586M    (+0.32%) 
2026-10-01 11:32:58.556 | INFO     | __main__:run_zonal_forecast:576 -     Fish (dried)            N1.212M    (-3.72%)     N1.212M    (-3.72%) 
2026-10-01 11:32:58.556 | INFO     | __main__:run_zonal_forecast:576 -     Eggs                    N7K        (-1.09%)     N7K        (-1.09%) 
2026-10-01 11:32:58.556 | INFO     | __main__:run_zonal_forecast:576 -   
2026-10-01 11:32:58.556 | INFO     | __main__:run_zonal_forecast:576 -   ==========================================================
2026-10-01 11:32:58.556 | INFO     | __main__:run_zonal_forecast:576 -   * = primary commodity  (+/-%) = day-on-day change
2026-10-01 11:32:58.556 | INFO     | __main__:run_zonal_forecast:576 -   
2026-10-01 11:32:58.556 | INFO     | __main__:run_zonal_forecast:576 -   NATIONAL PRICE CHANGES TODAY:
2026-10-01 11:32:58.556 | INFO     | __main__:run_zonal_forecast:576 -     Commodity                   Price   Day Chg    vs Ref
2026-10-01 11:32:58.556 | INFO     | __main__:run_zonal_forecast:576 -     ------------------------------------------------------
2026-10-01 11:32:58.556 | INFO     | __main__:run_zonal_forecast:576 -     Hibiscus                  N2.471M    -1.06%    +6.27%
2026-10-01 11:32:58.556 | INFO     | __main__:run_zonal_forecast:576 -     Sesame                    N1.437M    -1.64%   -12.89%
2026-10-01 11:32:58.556 | INFO     | __main__:run_zonal_forecast:576 -     Ginger                   N11.941M    +0.00%    -0.49%
2026-10-01 11:32:58.556 | INFO     | __main__:run_zonal_forecast:576 -     Cocoa                     N5.016M    +1.46%   -11.22%
2026-10-01 11:32:58.556 | INFO     | __main__:run_zonal_forecast:576 -     Soybeans                    N750K    -3.00%    +0.71%
2026-10-01 11:32:58.557 | INFO     | __main__:run_zonal_forecast:576 -     Cashew Nuts               N1.622M    -1.88%   -16.80%
2026-10-01 11:32:58.557 | INFO     | __main__:run_zonal_forecast:576 -     Sorghum                     N339K    -4.85%   -19.36%
2026-10-01 11:32:58.557 | INFO     | __main__:run_zonal_forecast:576 -     Beans (white)               N508K    -5.06%   -37.46%
2026-10-01 11:32:58.557 | INFO     | __main__:run_zonal_forecast:576 -     Beans (red)                 N629K    -4.05%   -31.31%
2026-10-01 11:32:58.557 | INFO     | __main__:run_zonal_forecast:576 -     Maize (white)               N345K    -2.16%    -6.88%
2026-10-01 11:32:58.557 | INFO     | __main__:run_zonal_forecast:576 -     Maize (yellow)              N373K    -2.10%    -6.69%
2026-10-01 11:32:58.557 | INFO     | __main__:run_zonal_forecast:576 -     Wheat                       N666K    -1.78%    -5.78%
2026-10-01 11:32:58.557 | INFO     | __main__:run_zonal_forecast:576 -     Rice                      N1.402M    -1.82%    -9.56%
2026-10-01 11:32:58.557 | INFO     | __main__:run_zonal_forecast:576 -     Meat (beef)               N6.756M    +1.04%    +3.94%
2026-10-01 11:32:58.557 | INFO     | __main__:run_zonal_forecast:576 -     Meat (goat)               N6.654M    +0.32%    +2.37%
2026-10-01 11:32:58.557 | INFO     | __main__:run_zonal_forecast:576 -     Fish (dried)              N1.063M    -3.72%   -11.39%
2026-10-01 11:32:58.557 | INFO     | __main__:run_zonal_forecast:576 -     Eggs                          N6K    -1.09%    -4.74%
2026-10-01 11:32:58.557 | INFO     | __main__:run_zonal_forecast:576 -   
2026-10-01 11:32:58.557 | INFO     | __main__:run_zonal_forecast:576 -   BEST SOURCING NATIONALLY:
2026-10-01 11:32:58.557 | INFO     | __main__:run_zonal_forecast:576 -     Commodity              Best State           Price  Spread
2026-10-01 11:32:58.557 | INFO     | __main__:run_zonal_forecast:576 -     ------------------------------------------------------------
2026-10-01 11:32:58.557 | INFO     | __main__:run_zonal_forecast:576 -     Hibiscus               Kaduna             N2.298M  24% vs Lagos
2026-10-01 11:32:58.557 | INFO     | __main__:run_zonal_forecast:576 -     Sesame                 Kano               N1.193M  42% vs Lagos
2026-10-01 11:32:58.557 | INFO     | __main__:run_zonal_forecast:576 -     Ginger                 Kaduna             N8.597M  67% vs Lagos
2026-10-01 11:32:58.557 | INFO     | __main__:run_zonal_forecast:576 -     Cocoa                  Kogi               N4.414M  34% vs Borno
2026-10-01 11:32:58.558 | INFO     | __main__:run_zonal_forecast:576 -     Soybeans               Plateau              N623K  47% vs Lagos
2026-10-01 11:32:58.558 | INFO     | __main__:run_zonal_forecast:576 -     Cashew Nuts            Kogi               N1.298M  44% vs Borno
2026-10-01 11:32:58.558 | INFO     | __main__:run_zonal_forecast:576 -     Sorghum                Kano                 N264K  54% vs Rivers
2026-10-01 11:32:58.558 | INFO     | __main__:run_zonal_forecast:576 -     Beans (white)          Kano                 N442K  47% vs Lagos
2026-10-01 11:32:58.558 | INFO     | __main__:run_zonal_forecast:576 -     Beans (red)            Kano                 N566K  39% vs Lagos
2026-10-01 11:32:58.558 | INFO     | __main__:run_zonal_forecast:576 -     Maize (white)          Kano                 N276K  62% vs Lagos
2026-10-01 11:32:58.558 | INFO     | __main__:run_zonal_forecast:576 -     Maize (yellow)         Kano                 N299K  62% vs Lagos
2026-10-01 11:32:58.558 | INFO     | __main__:run_zonal_forecast:576 -     Wheat                  Kaduna               N579K  40% vs Rivers
2026-10-01 11:32:58.558 | INFO     | __main__:run_zonal_forecast:576 -     Rice                   Plateau            N1.262M  31% vs Lagos
2026-10-01 11:32:58.558 | INFO     | __main__:run_zonal_forecast:576 -     Meat (beef)            Kano               N5.878M  33% vs Oyo
2026-10-01 11:32:58.558 | INFO     | __main__:run_zonal_forecast:576 -     Meat (goat)            Kano               N5.789M  33% vs Oyo
2026-10-01 11:32:58.558 | INFO     | __main__:run_zonal_forecast:576 -     Fish (dried)           Kano                 N925K  33% vs Oyo
2026-10-01 11:32:58.558 | INFO     | __main__:run_zonal_forecast:576 -     Eggs                   Kano                   N5K  33% vs Oyo
2026-10-01 11:32:58.558 | INFO     | __main__:run_zonal_forecast:576 -   
2026-10-01 11:32:58.558 | INFO     | __main__:run_zonal_forecast:576 -   ==========================================================
2026-10-01 11:32:58.558 | INFO     | __main__:run_zonal_forecast:576 -   Source: Agrolinking Intelligence Platform
2026-10-01 11:32:58.558 | INFO     | __main__:run_zonal_forecast:576 -   Next update: 02 Oct 2026
2026-10-01 11:32:58.558 | INFO     | __main__:run_zonal_forecast:577 - =================================================================
2026-10-01 11:32:58.558 | SUCCESS  | __main__:run_zonal_forecast:578 - ZONAL FORECASTING COMPLETE — 6 zones | 12 states | 17 commodities
