2026-07-14 06:54:05.953 | INFO     | __main__:run_zonal_forecast:464 - =================================================================
2026-07-14 06:54:05.955 | INFO     | __main__:run_zonal_forecast:465 - STEP 7 — ZONAL & STATE-LEVEL FORECASTING
2026-07-14 06:54:05.957 | INFO     | __main__:run_zonal_forecast:466 -   Date  : Tuesday, 14 July 2026  06:54
2026-07-14 06:54:05.957 | INFO     | __main__:run_zonal_forecast:467 -   Anchor: DAILY INTERPOLATED (from last_known_date, drifts daily)
2026-07-14 06:54:05.957 | INFO     | __main__:run_zonal_forecast:468 - =================================================================
2026-07-14 06:54:06.074 | INFO     | __main__:run_zonal_forecast:471 -   Source: forecast_validated_2026-07-14.json
2026-07-14 06:54:06.078 | INFO     | __main__:run_zonal_forecast:478 -   Maize (white): last_known=2026-07-14, days_elapsed=0
2026-07-14 06:54:06.078 | INFO     | __main__:run_zonal_forecast:478 -   Hibiscus: last_known=2026-07-14, days_elapsed=0
2026-07-14 06:54:06.078 | INFO     | __main__:run_zonal_forecast:478 -   Sesame: last_known=2026-07-14, days_elapsed=0
2026-07-14 06:54:06.078 | INFO     | __main__:build_zonal_output:285 - 
2026-07-14 06:54:06.078 | INFO     | __main__:build_zonal_output:286 -   NATIONAL ANCHORS (interpolated from last_known_date to today):
2026-07-14 06:54:06.082 | INFO     | __main__:build_zonal_output:287 -   Commodity                 Today Price   Day Chg    vs Ref  Source
2026-07-14 06:54:06.082 | INFO     | __main__:build_zonal_output:288 -   --------------------------------------------------------------------------------
2026-07-14 06:54:06.082 | DEBUG    | __main__:get_daily_price:116 -   last_known=2026-07-14, run=2026-07-14, elapsed=7d
2026-07-14 06:54:06.082 | DEBUG    | __main__:get_daily_price:82 -   last_known_date 2026-07-14 is in future. Capping to 7 days ago.
2026-07-14 06:54:06.082 | DEBUG    | __main__:get_daily_price:116 -   last_known=2026-07-14, run=2026-07-13, elapsed=7d
2026-07-14 06:54:06.085 | INFO     | __main__:build_zonal_output:318 -   Hibiscus               N   2,312,811    -0.04%   -0.52%  interp d7 (weekly series | -0.52% v
2026-07-14 06:54:06.085 | DEBUG    | __main__:get_daily_price:116 -   last_known=2026-07-14, run=2026-07-14, elapsed=7d
2026-07-14 06:54:06.088 | DEBUG    | __main__:get_daily_price:82 -   last_known_date 2026-07-14 is in future. Capping to 7 days ago.
2026-07-14 06:54:06.088 | DEBUG    | __main__:get_daily_price:116 -   last_known=2026-07-14, run=2026-07-13, elapsed=7d
2026-07-14 06:54:06.090 | INFO     | __main__:build_zonal_output:318 -   Sesame                 N   1,641,267    -0.04%   -0.53%  interp d7 (weekly series | -0.53% v
2026-07-14 06:54:06.090 | DEBUG    | __main__:get_daily_price:116 -   last_known=2026-07-14, run=2026-07-14, elapsed=7d
2026-07-14 06:54:06.093 | DEBUG    | __main__:get_daily_price:82 -   last_known_date 2026-07-14 is in future. Capping to 7 days ago.
2026-07-14 06:54:06.093 | DEBUG    | __main__:get_daily_price:116 -   last_known=2026-07-14, run=2026-07-13, elapsed=7d
2026-07-14 06:54:06.095 | INFO     | __main__:build_zonal_output:318 -   Ginger                 N  12,063,669    +0.04%  + +0.53%  interp d7 (weekly series | +0.53% v
2026-07-14 06:54:06.096 | DEBUG    | __main__:get_daily_price:116 -   last_known=2026-07-14, run=2026-07-14, elapsed=7d
2026-07-14 06:54:06.096 | DEBUG    | __main__:get_daily_price:82 -   last_known_date 2026-07-14 is in future. Capping to 7 days ago.
2026-07-14 06:54:06.096 | DEBUG    | __main__:get_daily_price:116 -   last_known=2026-07-14, run=2026-07-13, elapsed=7d
2026-07-14 06:54:06.096 | INFO     | __main__:build_zonal_output:318 -   Cocoa                  N   5,707,430    +0.07%  + +1.02%  interp d7 (weekly series | +1.02% v
2026-07-14 06:54:06.096 | DEBUG    | __main__:get_daily_price:116 -   last_known=2026-07-14, run=2026-07-14, elapsed=7d
2026-07-14 06:54:06.100 | DEBUG    | __main__:get_daily_price:82 -   last_known_date 2026-07-14 is in future. Capping to 7 days ago.
2026-07-14 06:54:06.100 | DEBUG    | __main__:get_daily_price:116 -   last_known=2026-07-14, run=2026-07-13, elapsed=7d
2026-07-14 06:54:06.102 | INFO     | __main__:build_zonal_output:318 -   Soybeans               N     750,390    +0.05%  + +0.72%  interp d7 (weekly series | +0.72% v
2026-07-14 06:54:06.103 | DEBUG    | __main__:get_daily_price:116 -   last_known=2026-07-14, run=2026-07-14, elapsed=7d
2026-07-14 06:54:06.104 | DEBUG    | __main__:get_daily_price:82 -   last_known_date 2026-07-14 is in future. Capping to 7 days ago.
2026-07-14 06:54:06.104 | DEBUG    | __main__:get_daily_price:116 -   last_known=2026-07-14, run=2026-07-13, elapsed=7d
2026-07-14 06:54:06.104 | INFO     | __main__:build_zonal_output:318 -   Cashew Nuts            N   1,975,695    +0.09%  + +1.32%  interp d7 (weekly series | +1.32% v
2026-07-14 06:54:06.108 | DEBUG    | __main__:get_daily_price:116 -   last_known=2026-07-14, run=2026-07-14, elapsed=7d
2026-07-14 06:54:06.111 | DEBUG    | __main__:get_daily_price:82 -   last_known_date 2026-07-14 is in future. Capping to 7 days ago.
2026-07-14 06:54:06.112 | DEBUG    | __main__:get_daily_price:116 -   last_known=2026-07-14, run=2026-07-13, elapsed=7d
2026-07-14 06:54:06.112 | INFO     | __main__:build_zonal_output:318 -   Sorghum                N     425,066    +0.09%  + +1.21%  interp d7 (weekly series | +1.21% v
2026-07-14 06:54:06.112 | DEBUG    | __main__:get_daily_price:116 -   last_known=2026-07-14, run=2026-07-14, elapsed=7d
2026-07-14 06:54:06.115 | DEBUG    | __main__:get_daily_price:82 -   last_known_date 2026-07-14 is in future. Capping to 7 days ago.
2026-07-14 06:54:06.115 | DEBUG    | __main__:get_daily_price:116 -   last_known=2026-07-14, run=2026-07-13, elapsed=7d
2026-07-14 06:54:06.115 | INFO     | __main__:build_zonal_output:318 -   Beans (white)          N     821,606    +0.07%  + +1.06%  interp d7 (weekly series | +1.06% v
2026-07-14 06:54:06.115 | DEBUG    | __main__:get_daily_price:116 -   last_known=2026-07-14, run=2026-07-14, elapsed=7d
2026-07-14 06:54:06.117 | DEBUG    | __main__:get_daily_price:82 -   last_known_date 2026-07-14 is in future. Capping to 7 days ago.
2026-07-14 06:54:06.117 | DEBUG    | __main__:get_daily_price:116 -   last_known=2026-07-14, run=2026-07-13, elapsed=7d
2026-07-14 06:54:06.119 | INFO     | __main__:build_zonal_output:318 -   Beans (red)            N     909,885    -0.04%   -0.56%  interp d7 (weekly series | -0.56% v
2026-07-14 06:54:06.119 | DEBUG    | __main__:get_daily_price:116 -   last_known=2026-07-14, run=2026-07-14, elapsed=7d
2026-07-14 06:54:06.122 | DEBUG    | __main__:get_daily_price:82 -   last_known_date 2026-07-14 is in future. Capping to 7 days ago.
2026-07-14 06:54:06.122 | DEBUG    | __main__:get_daily_price:116 -   last_known=2026-07-14, run=2026-07-13, elapsed=7d
2026-07-14 06:54:06.124 | INFO     | __main__:build_zonal_output:318 -   Maize (white)          N     371,632    +0.03%  + +0.44%  interp d7 (weekly series | +0.44% v
2026-07-14 06:54:06.124 | DEBUG    | __main__:get_daily_price:116 -   last_known=2026-07-14, run=2026-07-14, elapsed=7d
2026-07-14 06:54:06.129 | DEBUG    | __main__:get_daily_price:82 -   last_known_date 2026-07-14 is in future. Capping to 7 days ago.
2026-07-14 06:54:06.129 | DEBUG    | __main__:get_daily_price:116 -   last_known=2026-07-14, run=2026-07-13, elapsed=7d
2026-07-14 06:54:06.133 | INFO     | __main__:build_zonal_output:318 -   Maize (yellow)         N     402,351    +0.04%  + +0.59%  interp d7 (weekly series | +0.59% v
2026-07-14 06:54:06.133 | DEBUG    | __main__:get_daily_price:116 -   last_known=2026-07-14, run=2026-07-14, elapsed=7d
2026-07-14 06:54:06.138 | DEBUG    | __main__:get_daily_price:82 -   last_known_date 2026-07-14 is in future. Capping to 7 days ago.
2026-07-14 06:54:06.138 | DEBUG    | __main__:get_daily_price:116 -   last_known=2026-07-14, run=2026-07-13, elapsed=7d
2026-07-14 06:54:06.138 | INFO     | __main__:build_zonal_output:318 -   Wheat                  N     711,277    +0.04%  + +0.63%  interp d7 (weekly series | +0.63% v
2026-07-14 06:54:06.140 | DEBUG    | __main__:get_daily_price:116 -   last_known=2026-07-14, run=2026-07-14, elapsed=7d
2026-07-14 06:54:06.140 | DEBUG    | __main__:get_daily_price:82 -   last_known_date 2026-07-14 is in future. Capping to 7 days ago.
2026-07-14 06:54:06.142 | DEBUG    | __main__:get_daily_price:116 -   last_known=2026-07-14, run=2026-07-13, elapsed=7d
2026-07-14 06:54:06.143 | INFO     | __main__:build_zonal_output:318 -   Rice                   N   1,561,627    +0.05%  + +0.75%  interp d7 (weekly series | +0.75% v
2026-07-14 06:54:06.144 | DEBUG    | __main__:get_daily_price:116 -   last_known=2026-07-14, run=2026-07-14, elapsed=7d
2026-07-14 06:54:06.146 | DEBUG    | __main__:get_daily_price:82 -   last_known_date 2026-07-14 is in future. Capping to 7 days ago.
2026-07-14 06:54:06.146 | DEBUG    | __main__:get_daily_price:116 -   last_known=2026-07-14, run=2026-07-13, elapsed=7d
2026-07-14 06:54:06.150 | INFO     | __main__:build_zonal_output:318 -   Eggs                   N       7,202    -0.04%   -0.56%  interp d7 (weekly series | -0.56% v
2026-07-14 06:54:06.150 | DEBUG    | __main__:get_daily_price:116 -   last_known=2026-07-14, run=2026-07-14, elapsed=7d
2026-07-14 06:54:06.152 | DEBUG    | __main__:get_daily_price:82 -   last_known_date 2026-07-14 is in future. Capping to 7 days ago.
2026-07-14 06:54:06.152 | DEBUG    | __main__:get_daily_price:116 -   last_known=2026-07-14, run=2026-07-13, elapsed=7d
2026-07-14 06:54:06.152 | INFO     | __main__:build_zonal_output:318 -   Fish (dried)           N   2,651,050    +0.13%  + +1.82%  interp d7 (weekly series | +1.82% v
2026-07-14 06:54:06.155 | DEBUG    | __main__:get_daily_price:116 -   last_known=2026-07-14, run=2026-07-14, elapsed=7d
2026-07-14 06:54:06.157 | DEBUG    | __main__:get_daily_price:82 -   last_known_date 2026-07-14 is in future. Capping to 7 days ago.
2026-07-14 06:54:06.157 | DEBUG    | __main__:get_daily_price:116 -   last_known=2026-07-14, run=2026-07-13, elapsed=7d
2026-07-14 06:54:06.160 | INFO     | __main__:build_zonal_output:318 -   Meat (goat)            N   5,042,518    -0.05%   -0.70%  interp d7 (weekly series | -0.70% v
2026-07-14 06:54:06.160 | DEBUG    | __main__:get_daily_price:116 -   last_known=2026-07-14, run=2026-07-14, elapsed=7d
2026-07-14 06:54:06.163 | DEBUG    | __main__:get_daily_price:82 -   last_known_date 2026-07-14 is in future. Capping to 7 days ago.
2026-07-14 06:54:06.163 | DEBUG    | __main__:get_daily_price:116 -   last_known=2026-07-14, run=2026-07-13, elapsed=7d
2026-07-14 06:54:06.165 | INFO     | __main__:build_zonal_output:318 -   Meat (beef)            N   4,879,171    -0.01%   -0.19%  interp d7 (weekly series | -0.19% v
2026-07-14 06:54:06.167 | INFO     | __main__:build_zonal_output:321 - 
2026-07-14 06:54:06.220 | INFO     | __main__:run_zonal_forecast:484 - 
2026-07-14 06:54:06.220 | INFO     | __main__:run_zonal_forecast:485 -   Zone             State        Commodity                 State Price  Day Chg
2026-07-14 06:54:06.220 | INFO     | __main__:run_zonal_forecast:486 -   ------------------------------------------------------------------------
2026-07-14 06:54:06.220 | INFO     | __main__:run_zonal_forecast:493 -   North West       Kano         * Sesame                N   1,362,252/MT  -0.04%
2026-07-14 06:54:06.220 | INFO     | __main__:run_zonal_forecast:493 -   North West       Kano         * Sorghum               N     331,551/MT  +0.09%
2026-07-14 06:54:06.220 | INFO     | __main__:run_zonal_forecast:493 -   North West       Kano         * Beans (white)         N     714,797/MT  +0.07%
2026-07-14 06:54:06.220 | INFO     | __main__:run_zonal_forecast:493 -   North West       Kano         * Maize (white)         N     297,305/MT  +0.03%
2026-07-14 06:54:06.220 | INFO     | __main__:run_zonal_forecast:493 -   North West       Kano         * Maize (yellow)        N     321,880/MT  +0.04%
2026-07-14 06:54:06.220 | INFO     | __main__:run_zonal_forecast:493 -   North West       Kano         * Wheat                 N     633,037/MT  +0.04%
2026-07-14 06:54:06.225 | INFO     | __main__:run_zonal_forecast:493 -   North West       Kaduna       * Ginger                N   8,685,842/MT  +0.04%
2026-07-14 06:54:06.225 | INFO     | __main__:run_zonal_forecast:493 -   North West       Kaduna       * Soybeans              N     630,328/MT  +0.05%
2026-07-14 06:54:06.225 | INFO     | __main__:run_zonal_forecast:493 -   North West       Kaduna       * Sorghum               N     340,053/MT  +0.09%
2026-07-14 06:54:06.225 | INFO     | __main__:run_zonal_forecast:493 -   North West       Kaduna       * Maize (white)         N     301,022/MT  +0.03%
2026-07-14 06:54:06.227 | INFO     | __main__:run_zonal_forecast:493 -   North West       Kaduna       * Maize (yellow)        N     325,904/MT  +0.04%
2026-07-14 06:54:06.227 | INFO     | __main__:run_zonal_forecast:493 -   North West       Kaduna       * Wheat                 N     618,811/MT  +0.04%
2026-07-14 06:54:06.228 | INFO     | __main__:run_zonal_forecast:493 -   North West       Kaduna       * Rice                  N   1,452,313/MT  +0.05%
2026-07-14 06:54:06.228 | INFO     | __main__:run_zonal_forecast:493 -   North Central    Plateau      * Ginger                N   9,047,752/MT  +0.04%
2026-07-14 06:54:06.228 | INFO     | __main__:run_zonal_forecast:493 -   North Central    Plateau      * Soybeans              N     622,824/MT  +0.05%
2026-07-14 06:54:06.228 | INFO     | __main__:run_zonal_forecast:493 -   North Central    Plateau      * Beans (white)         N     739,445/MT  +0.07%
2026-07-14 06:54:06.228 | INFO     | __main__:run_zonal_forecast:493 -   North Central    Plateau      * Maize (white)         N     323,319/MT  +0.03%
2026-07-14 06:54:06.230 | INFO     | __main__:run_zonal_forecast:493 -   North Central    Plateau      * Wheat                 N     647,262/MT  +0.04%
2026-07-14 06:54:06.230 | INFO     | __main__:run_zonal_forecast:493 -   North Central    Plateau      * Rice                  N   1,405,465/MT  +0.05%
2026-07-14 06:54:06.230 | INFO     | __main__:run_zonal_forecast:493 -   North Central    Kogi         * Cocoa                 N   5,022,539/MT  +0.07%
2026-07-14 06:54:06.230 | INFO     | __main__:run_zonal_forecast:493 -   North Central    Kogi         * Soybeans              N     652,840/MT  +0.05%
2026-07-14 06:54:06.232 | INFO     | __main__:run_zonal_forecast:493 -   North Central    Kogi         * Cashew Nuts           N   1,580,556/MT  +0.09%
2026-07-14 06:54:06.232 | INFO     | __main__:run_zonal_forecast:493 -   North Central    Kogi         * Sorghum               N     386,810/MT  +0.09%
2026-07-14 06:54:06.233 | INFO     | __main__:run_zonal_forecast:493 -   North Central    Kogi         * Beans (white)         N     755,877/MT  +0.07%
2026-07-14 06:54:06.233 | INFO     | __main__:run_zonal_forecast:493 -   North Central    Kogi         * Maize (white)         N     334,468/MT  +0.03%
2026-07-14 06:54:06.233 | INFO     | __main__:run_zonal_forecast:493 -   North East       Adamawa      * Sesame                N   1,411,490/MT  -0.04%
2026-07-14 06:54:06.233 | INFO     | __main__:run_zonal_forecast:493 -   North East       Adamawa      * Ginger                N  10,012,846/MT  +0.04%
2026-07-14 06:54:06.235 | INFO     | __main__:run_zonal_forecast:493 -   North East       Adamawa      * Soybeans              N     667,847/MT  +0.05%
2026-07-14 06:54:06.235 | INFO     | __main__:run_zonal_forecast:493 -   North East       Adamawa      * Sorghum               N     369,807/MT  +0.09%
2026-07-14 06:54:06.236 | INFO     | __main__:run_zonal_forecast:493 -   North East       Adamawa      * Beans (white)         N     755,877/MT  +0.07%
2026-07-14 06:54:06.236 | INFO     | __main__:run_zonal_forecast:493 -   North East       Adamawa      * Maize (white)         N     327,036/MT  +0.03%
2026-07-14 06:54:06.238 | INFO     | __main__:run_zonal_forecast:493 -   North East       Borno        * Sesame                N   1,460,728/MT  -0.04%
2026-07-14 06:54:06.239 | INFO     | __main__:run_zonal_forecast:493 -   North East       Borno        * Sorghum               N     391,061/MT  +0.09%
2026-07-14 06:54:06.239 | INFO     | __main__:run_zonal_forecast:493 -   North East       Borno        * Beans (white)         N     870,902/MT  +0.07%
2026-07-14 06:54:06.239 | INFO     | __main__:run_zonal_forecast:493 -   North East       Borno        * Maize (white)         N     401,362/MT  +0.03%
2026-07-14 06:54:06.241 | INFO     | __main__:run_zonal_forecast:493 -   North East       Borno        * Wheat                 N     796,631/MT  +0.04%
2026-07-14 06:54:06.241 | INFO     | __main__:run_zonal_forecast:493 -   South West       Oyo          * Hibiscus              N   2,382,196/MT  -0.04%
2026-07-14 06:54:06.241 | INFO     | __main__:run_zonal_forecast:493 -   South West       Oyo          * Cocoa                 N   5,079,613/MT  +0.07%
2026-07-14 06:54:06.241 | INFO     | __main__:run_zonal_forecast:493 -   South West       Oyo          * Soybeans              N     780,406/MT  +0.05%
2026-07-14 06:54:06.243 | INFO     | __main__:run_zonal_forecast:493 -   South West       Oyo          * Cashew Nuts           N   1,699,098/MT  +0.09%
2026-07-14 06:54:06.244 | INFO     | __main__:run_zonal_forecast:493 -   South West       Oyo          * Beans (white)         N     903,766/MT  +0.07%
2026-07-14 06:54:06.244 | INFO     | __main__:run_zonal_forecast:493 -   South West       Oyo          * Maize (white)         N     401,362/MT  +0.03%
2026-07-14 06:54:06.244 | INFO     | __main__:run_zonal_forecast:493 -   South West       Lagos        * Hibiscus              N   2,659,733/MT  -0.04%
2026-07-14 06:54:06.246 | INFO     | __main__:run_zonal_forecast:493 -   South West       Lagos        * Sesame                N   1,936,695/MT  -0.04%
2026-07-14 06:54:06.246 | INFO     | __main__:run_zonal_forecast:493 -   South West       Lagos        * Cocoa                 N   6,164,025/MT  +0.07%
2026-07-14 06:54:06.246 | INFO     | __main__:run_zonal_forecast:493 -   South West       Lagos        * Soybeans              N     915,476/MT  +0.05%
2026-07-14 06:54:06.246 | INFO     | __main__:run_zonal_forecast:493 -   South West       Lagos        * Beans (white)         N   1,051,655/MT  +0.07%
2026-07-14 06:54:06.246 | INFO     | __main__:run_zonal_forecast:493 -   South West       Lagos        * Beans (red)           N   1,137,356/MT  -0.04%
2026-07-14 06:54:06.250 | INFO     | __main__:run_zonal_forecast:493 -   South West       Lagos        * Maize (white)         N     483,121/MT  +0.03%
2026-07-14 06:54:06.250 | INFO     | __main__:run_zonal_forecast:493 -   South West       Lagos        * Maize (yellow)        N     523,056/MT  +0.04%
2026-07-14 06:54:06.250 | INFO     | __main__:run_zonal_forecast:493 -   South East       Anambra      * Cocoa                 N   5,992,802/MT  +0.07%
2026-07-14 06:54:06.252 | INFO     | __main__:run_zonal_forecast:493 -   South East       Anambra      * Cashew Nuts           N   2,173,265/MT  +0.09%
2026-07-14 06:54:06.252 | INFO     | __main__:run_zonal_forecast:493 -   South East       Anambra      * Beans (white)         N     969,495/MT  +0.07%
2026-07-14 06:54:06.253 | INFO     | __main__:run_zonal_forecast:493 -   South East       Anambra      * Beans (red)           N   1,046,367/MT  -0.04%
2026-07-14 06:54:06.253 | INFO     | __main__:run_zonal_forecast:493 -   South East       Anambra      * Maize (white)         N     445,958/MT  +0.03%
2026-07-14 06:54:06.253 | INFO     | __main__:run_zonal_forecast:493 -   South East       Imo          * Cocoa                 N   5,193,761/MT  +0.07%
2026-07-14 06:54:06.253 | INFO     | __main__:run_zonal_forecast:493 -   South East       Imo          * Cashew Nuts           N   2,094,237/MT  +0.09%
2026-07-14 06:54:06.255 | INFO     | __main__:run_zonal_forecast:493 -   South East       Imo          * Beans (white)         N     944,847/MT  +0.07%
2026-07-14 06:54:06.255 | INFO     | __main__:run_zonal_forecast:493 -   South East       Imo          * Maize (white)         N     434,809/MT  +0.03%
2026-07-14 06:54:06.257 | INFO     | __main__:run_zonal_forecast:493 -   South South      Rivers       * Hibiscus              N   2,590,349/MT  -0.04%
2026-07-14 06:54:06.257 | INFO     | __main__:run_zonal_forecast:493 -   South South      Rivers       * Sesame                N   1,936,695/MT  -0.04%
2026-07-14 06:54:06.257 | INFO     | __main__:run_zonal_forecast:493 -   South South      Rivers       * Cocoa                 N   5,992,802/MT  +0.07%
2026-07-14 06:54:06.258 | INFO     | __main__:run_zonal_forecast:493 -   South South      Rivers       * Beans (white)         N   1,002,359/MT  +0.07%
2026-07-14 06:54:06.258 | INFO     | __main__:run_zonal_forecast:493 -   South South      Rivers       * Beans (red)           N   1,091,862/MT  -0.04%
2026-07-14 06:54:06.258 | INFO     | __main__:run_zonal_forecast:493 -   South South      Rivers       * Maize (white)         N     464,539/MT  +0.03%
2026-07-14 06:54:06.258 | INFO     | __main__:run_zonal_forecast:493 -   South South      Delta        * Hibiscus              N   2,497,836/MT  -0.04%
2026-07-14 06:54:06.258 | INFO     | __main__:run_zonal_forecast:493 -   South South      Delta        * Sesame                N   1,903,870/MT  -0.04%
2026-07-14 06:54:06.266 | INFO     | __main__:run_zonal_forecast:493 -   South South      Delta        * Cocoa                 N   5,307,910/MT  +0.07%
2026-07-14 06:54:06.266 | INFO     | __main__:run_zonal_forecast:493 -   South South      Delta        * Soybeans              N     855,445/MT  +0.05%
2026-07-14 06:54:06.268 | INFO     | __main__:run_zonal_forecast:493 -   South South      Delta        * Beans (white)         N     961,279/MT  +0.07%
2026-07-14 06:54:06.268 | INFO     | __main__:run_zonal_forecast:493 -   South South      Delta        * Maize (white)         N     445,958/MT  +0.03%
2026-07-14 06:54:06.613 | SUCCESS  | __main__:run_zonal_forecast:507 -   Zonal JSON  -> C:\Users\USER\Downloads\agrolinking-intel-structure\agrolinking-intel\outputs\forecasts\zonal\zonal_forecast_2026-07-14.json
2026-07-14 06:54:06.619 | SUCCESS  | __main__:run_zonal_forecast:513 -   Zonal alert -> C:\Users\USER\Downloads\agrolinking-intel-structure\agrolinking-intel\outputs\daily_alerts\alert_zonal_2026-07-14.txt
2026-07-14 06:54:06.619 | INFO     | __main__:run_zonal_forecast:515 - 
2026-07-14 06:54:06.621 | INFO     | __main__:run_zonal_forecast:516 - =================================================================
2026-07-14 06:54:06.622 | INFO     | __main__:run_zonal_forecast:518 -   ================================================
2026-07-14 06:54:06.622 | INFO     | __main__:run_zonal_forecast:518 -   AGROLINKING ZONAL COMMODITY INTELLIGENCE
2026-07-14 06:54:06.624 | INFO     | __main__:run_zonal_forecast:518 -   Date: Tuesday, 14 July 2026
2026-07-14 06:54:06.624 | INFO     | __main__:run_zonal_forecast:518 -   6 Zones | 12 States | 12 Commodities
2026-07-14 06:54:06.624 | INFO     | __main__:run_zonal_forecast:518 -   ================================================
2026-07-14 06:54:06.626 | INFO     | __main__:run_zonal_forecast:518 -   
2026-07-14 06:54:06.626 | INFO     | __main__:run_zonal_forecast:518 -   NORTH WEST (Kano & Kaduna)
2026-07-14 06:54:06.628 | INFO     | __main__:run_zonal_forecast:518 -   Nigeria's main grain belt. Highest Maize, Sorghum, Sesame, Wheat production.
2026-07-14 06:54:06.628 | INFO     | __main__:run_zonal_forecast:518 -   
2026-07-14 06:54:06.630 | INFO     | __main__:run_zonal_forecast:518 -     Commodity           Kano                Kaduna            
2026-07-14 06:54:06.630 | INFO     | __main__:run_zonal_forecast:518 -     ------------------------------------------------------------
2026-07-14 06:54:06.631 | INFO     | __main__:run_zonal_forecast:518 -     Hibiscus                N2.197M    (-0.0%)    N2.151M    (-0.0%)
2026-07-14 06:54:06.631 | INFO     | __main__:run_zonal_forecast:518 -     Sesame                * N1.362M    (-0.0%)    N1.395M    (-0.0%)
2026-07-14 06:54:06.631 | INFO     | __main__:run_zonal_forecast:518 -     Ginger                  N11.822M   (+0.0%)  * N8.686M    (+0.0%)
2026-07-14 06:54:06.633 | INFO     | __main__:run_zonal_forecast:518 -     Cocoa                   N5.822M    (+0.1%)    N5.993M    (+0.1%)
2026-07-14 06:54:06.635 | INFO     | __main__:run_zonal_forecast:518 -     Soybeans                N675K      (+0.1%)  * N630K      (+0.1%)
2026-07-14 06:54:06.635 | INFO     | __main__:run_zonal_forecast:518 -     Cashew Nuts             N1.976M    (+0.1%)    N2.015M    (+0.1%)
2026-07-14 06:54:06.636 | INFO     | __main__:run_zonal_forecast:518 -     Sorghum               * N332K      (+0.1%)  * N340K      (+0.1%)
2026-07-14 06:54:06.638 | INFO     | __main__:run_zonal_forecast:518 -     Beans (white)         * N715K      (+0.1%)    N723K      (+0.1%)
2026-07-14 06:54:06.638 | INFO     | __main__:run_zonal_forecast:518 -     Beans (red)             N819K      (-0.0%)    N828K      (-0.0%)
2026-07-14 06:54:06.640 | INFO     | __main__:run_zonal_forecast:518 -     Maize (white)         * N297K      (+0.0%)  * N301K      (+0.0%)
2026-07-14 06:54:06.640 | INFO     | __main__:run_zonal_forecast:518 -     Maize (yellow)        * N322K      (+0.0%)  * N326K      (+0.0%)
2026-07-14 06:54:06.643 | INFO     | __main__:run_zonal_forecast:518 -     Wheat                 * N633K      (+0.0%)  * N619K      (+0.0%)
2026-07-14 06:54:06.643 | INFO     | __main__:run_zonal_forecast:518 -     Rice                    N1.484M    (+0.1%)  * N1.452M    (+0.1%)
2026-07-14 06:54:06.644 | INFO     | __main__:run_zonal_forecast:518 -     Eggs                    N7K        (-0.0%)    N7K        (-0.0%)
2026-07-14 06:54:06.644 | INFO     | __main__:run_zonal_forecast:518 -     Fish (dried)            N2.916M    (+0.1%)    N2.863M    (+0.1%)
2026-07-14 06:54:06.644 | INFO     | __main__:run_zonal_forecast:518 -     Meat (goat)             N4.387M    (-0.1%)    N4.488M    (-0.1%)
2026-07-14 06:54:06.646 | INFO     | __main__:run_zonal_forecast:518 -     Meat (beef)             N4.294M    (-0.0%)    N4.391M    (-0.0%)
2026-07-14 06:54:06.648 | INFO     | __main__:run_zonal_forecast:518 -   
2026-07-14 06:54:06.648 | INFO     | __main__:run_zonal_forecast:518 -   NORTH CENTRAL (Plateau & Kogi)
2026-07-14 06:54:06.650 | INFO     | __main__:run_zonal_forecast:518 -   Middle Belt. Ginger heartland (Plateau), Cashew/Cocoa belt (Kogi).
2026-07-14 06:54:06.650 | INFO     | __main__:run_zonal_forecast:518 -   
2026-07-14 06:54:06.651 | INFO     | __main__:run_zonal_forecast:518 -     Commodity           Plateau             Kogi              
2026-07-14 06:54:06.651 | INFO     | __main__:run_zonal_forecast:518 -     ------------------------------------------------------------
2026-07-14 06:54:06.651 | INFO     | __main__:run_zonal_forecast:518 -     Hibiscus                N2.243M    (-0.0%)    N2.220M    (-0.0%)
2026-07-14 06:54:06.653 | INFO     | __main__:run_zonal_forecast:518 -     Sesame                  N1.576M    (-0.0%)    N1.592M    (-0.0%)
2026-07-14 06:54:06.653 | INFO     | __main__:run_zonal_forecast:518 -     Ginger                * N9.048M    (+0.0%)    N11.340M   (+0.0%)
2026-07-14 06:54:06.653 | INFO     | __main__:run_zonal_forecast:518 -     Cocoa                   N6.164M    (+0.1%)  * N5.023M    (+0.1%)
2026-07-14 06:54:06.657 | INFO     | __main__:run_zonal_forecast:518 -     Soybeans              * N623K      (+0.1%)  * N653K      (+0.1%)
2026-07-14 06:54:06.657 | INFO     | __main__:run_zonal_forecast:518 -     Cashew Nuts             N2.074M    (+0.1%)  * N1.581M    (+0.1%)
2026-07-14 06:54:06.657 | INFO     | __main__:run_zonal_forecast:518 -     Sorghum                 N391K      (+0.1%)  * N387K      (+0.1%)
2026-07-14 06:54:06.657 | INFO     | __main__:run_zonal_forecast:518 -     Beans (white)         * N739K      (+0.1%)  * N756K      (+0.1%)
2026-07-14 06:54:06.657 | INFO     | __main__:run_zonal_forecast:518 -     Beans (red)             N864K      (-0.0%)    N855K      (-0.0%)
2026-07-14 06:54:06.657 | INFO     | __main__:run_zonal_forecast:518 -     Maize (white)         * N323K      (+0.0%)  * N334K      (+0.0%)
2026-07-14 06:54:06.661 | INFO     | __main__:run_zonal_forecast:518 -     Maize (yellow)          N354K      (+0.0%)    N366K      (+0.0%)
2026-07-14 06:54:06.661 | INFO     | __main__:run_zonal_forecast:518 -     Wheat                 * N647K      (+0.0%)    N690K      (+0.0%)
2026-07-14 06:54:06.663 | INFO     | __main__:run_zonal_forecast:518 -     Rice                  * N1.405M    (+0.1%)    N1.515M    (+0.1%)
2026-07-14 06:54:06.663 | INFO     | __main__:run_zonal_forecast:518 -     Eggs                    N7K        (-0.0%)    N7K        (-0.0%)
2026-07-14 06:54:06.665 | INFO     | __main__:run_zonal_forecast:518 -     Fish (dried)            N2.784M    (+0.1%)    N2.704M    (+0.1%)
2026-07-14 06:54:06.665 | INFO     | __main__:run_zonal_forecast:518 -     Meat (goat)             N4.589M    (-0.1%)    N4.740M    (-0.1%)
2026-07-14 06:54:06.665 | INFO     | __main__:run_zonal_forecast:518 -     Meat (beef)             N4.489M    (-0.0%)    N4.635M    (-0.0%)
2026-07-14 06:54:06.667 | INFO     | __main__:run_zonal_forecast:518 -   
2026-07-14 06:54:06.669 | INFO     | __main__:run_zonal_forecast:518 -   NORTH EAST (Adamawa & Borno)
2026-07-14 06:54:06.669 | INFO     | __main__:run_zonal_forecast:518 -   Semi-arid. Sorghum, Maize. Conflict premium on imports in Borno.
2026-07-14 06:54:06.671 | INFO     | __main__:run_zonal_forecast:518 -   
2026-07-14 06:54:06.672 | INFO     | __main__:run_zonal_forecast:518 -     Commodity           Adamawa             Borno             
2026-07-14 06:54:06.672 | INFO     | __main__:run_zonal_forecast:518 -     ------------------------------------------------------------
2026-07-14 06:54:06.674 | INFO     | __main__:run_zonal_forecast:518 -     Hibiscus                N2.267M    (-0.0%)    N2.428M    (-0.0%)
2026-07-14 06:54:06.674 | INFO     | __main__:run_zonal_forecast:518 -     Sesame                * N1.411M    (-0.0%)  * N1.461M    (-0.0%)
2026-07-14 06:54:06.674 | INFO     | __main__:run_zonal_forecast:518 -     Ginger                * N10.013M   (+0.0%)    N13.873M   (+0.0%)
2026-07-14 06:54:06.674 | INFO     | __main__:run_zonal_forecast:518 -     Cocoa                   N5.993M    (+0.1%)    N6.735M    (+0.1%)
2026-07-14 06:54:06.677 | INFO     | __main__:run_zonal_forecast:518 -     Soybeans              * N668K      (+0.1%)    N810K      (+0.1%)
2026-07-14 06:54:06.677 | INFO     | __main__:run_zonal_forecast:518 -     Cashew Nuts             N2.055M    (+0.1%)    N2.272M    (+0.1%)
2026-07-14 06:54:06.679 | INFO     | __main__:run_zonal_forecast:518 -     Sorghum               * N370K      (+0.1%)  * N391K      (+0.1%)
2026-07-14 06:54:06.679 | INFO     | __main__:run_zonal_forecast:518 -     Beans (white)         * N756K      (+0.1%)  * N871K      (+0.1%)
2026-07-14 06:54:06.681 | INFO     | __main__:run_zonal_forecast:518 -     Beans (red)             N864K      (-0.0%)    N1.001M    (-0.0%)
2026-07-14 06:54:06.682 | INFO     | __main__:run_zonal_forecast:518 -     Maize (white)         * N327K      (+0.0%)  * N401K      (+0.0%)
2026-07-14 06:54:06.682 | INFO     | __main__:run_zonal_forecast:518 -     Maize (yellow)          N358K      (+0.0%)    N435K      (+0.0%)
2026-07-14 06:54:06.684 | INFO     | __main__:run_zonal_forecast:518 -     Wheat                   N697K      (+0.0%)  * N797K      (+0.0%)
2026-07-14 06:54:06.684 | INFO     | __main__:run_zonal_forecast:518 -     Rice                    N1.593M    (+0.1%)    N1.718M    (+0.1%)
2026-07-14 06:54:06.684 | INFO     | __main__:run_zonal_forecast:518 -     Eggs                    N7K        (-0.0%)    N8K        (-0.0%)
2026-07-14 06:54:06.684 | INFO     | __main__:run_zonal_forecast:518 -     Fish (dried)            N2.969M    (+0.1%)    N3.128M    (+0.1%)
2026-07-14 06:54:06.686 | INFO     | __main__:run_zonal_forecast:518 -     Meat (goat)             N4.639M    (-0.1%)    N5.244M    (-0.1%)
2026-07-14 06:54:06.686 | INFO     | __main__:run_zonal_forecast:518 -     Meat (beef)             N4.538M    (-0.0%)    N5.123M    (-0.0%)
2026-07-14 06:54:06.688 | INFO     | __main__:run_zonal_forecast:518 -   
2026-07-14 06:54:06.691 | INFO     | __main__:run_zonal_forecast:518 -   SOUTH WEST (Oyo & Lagos)
2026-07-14 06:54:06.691 | INFO     | __main__:run_zonal_forecast:518 -   Commercial capital. Lagos is the price-setter for consumer markets.
2026-07-14 06:54:06.691 | INFO     | __main__:run_zonal_forecast:518 -   
2026-07-14 06:54:06.691 | INFO     | __main__:run_zonal_forecast:518 -     Commodity           Oyo                 Lagos             
2026-07-14 06:54:06.694 | INFO     | __main__:run_zonal_forecast:518 -     ------------------------------------------------------------
2026-07-14 06:54:06.694 | INFO     | __main__:run_zonal_forecast:518 -     Hibiscus              * N2.382M    (-0.0%)  * N2.660M    (-0.0%)
2026-07-14 06:54:06.696 | INFO     | __main__:run_zonal_forecast:518 -     Sesame                  N1.740M    (-0.0%)  * N1.937M    (-0.0%)
2026-07-14 06:54:06.696 | INFO     | __main__:run_zonal_forecast:518 -     Ginger                  N13.029M   (+0.0%)    N14.476M   (+0.0%)
2026-07-14 06:54:06.696 | INFO     | __main__:run_zonal_forecast:518 -     Cocoa                 * N5.080M    (+0.1%)  * N6.164M    (+0.1%)
2026-07-14 06:54:06.699 | INFO     | __main__:run_zonal_forecast:518 -     Soybeans              * N780K      (+0.1%)  * N915K      (+0.1%)
2026-07-14 06:54:06.701 | INFO     | __main__:run_zonal_forecast:518 -     Cashew Nuts           * N1.699M    (+0.1%)    N2.173M    (+0.1%)
2026-07-14 06:54:06.703 | INFO     | __main__:run_zonal_forecast:518 -     Sorghum                 N446K      (+0.1%)    N502K      (+0.1%)
2026-07-14 06:54:06.703 | INFO     | __main__:run_zonal_forecast:518 -     Beans (white)         * N904K      (+0.1%)  * N1.052M    (+0.1%)
2026-07-14 06:54:06.706 | INFO     | __main__:run_zonal_forecast:518 -     Beans (red)             N1.019M    (-0.0%)  * N1.137M    (-0.0%)
2026-07-14 06:54:06.706 | INFO     | __main__:run_zonal_forecast:518 -     Maize (white)         * N401K      (+0.0%)  * N483K      (+0.0%)
2026-07-14 06:54:06.708 | INFO     | __main__:run_zonal_forecast:518 -     Maize (yellow)          N435K      (+0.0%)  * N523K      (+0.0%)
2026-07-14 06:54:06.710 | INFO     | __main__:run_zonal_forecast:518 -     Wheat                   N782K      (+0.0%)    N818K      (+0.0%)
2026-07-14 06:54:06.711 | INFO     | __main__:run_zonal_forecast:518 -     Rice                    N1.687M    (+0.1%)    N1.843M    (+0.1%)
2026-07-14 06:54:06.711 | INFO     | __main__:run_zonal_forecast:518 -     Eggs                    N7K        (-0.0%)    N8K        (-0.0%)
2026-07-14 06:54:06.713 | INFO     | __main__:run_zonal_forecast:518 -     Fish (dried)            N2.598M    (+0.1%)    N2.863M    (+0.1%)
2026-07-14 06:54:06.713 | INFO     | __main__:run_zonal_forecast:518 -     Meat (goat)             N5.345M    (-0.1%)    N6.001M    (-0.1%)
2026-07-14 06:54:06.714 | INFO     | __main__:run_zonal_forecast:518 -     Meat (beef)             N5.123M    (-0.0%)    N5.757M    (-0.0%)
2026-07-14 06:54:06.714 | INFO     | __main__:run_zonal_forecast:518 -   
2026-07-14 06:54:06.716 | INFO     | __main__:run_zonal_forecast:518 -   SOUTH EAST (Anambra & Imo)
2026-07-14 06:54:06.716 | INFO     | __main__:run_zonal_forecast:518 -   High consumption, low production of traded commodities. Import-dependent.
2026-07-14 06:54:06.718 | INFO     | __main__:run_zonal_forecast:518 -   
2026-07-14 06:54:06.718 | INFO     | __main__:run_zonal_forecast:518 -     Commodity           Anambra             Imo               
2026-07-14 06:54:06.720 | INFO     | __main__:run_zonal_forecast:518 -     ------------------------------------------------------------
2026-07-14 06:54:06.721 | INFO     | __main__:run_zonal_forecast:518 -     Hibiscus                N2.590M    (-0.0%)    N2.544M    (-0.0%)
2026-07-14 06:54:06.721 | INFO     | __main__:run_zonal_forecast:518 -     Sesame                  N1.904M    (-0.0%)    N1.871M    (-0.0%)
2026-07-14 06:54:06.721 | INFO     | __main__:run_zonal_forecast:518 -     Ginger                  N13.873M   (+0.0%)    N13.511M   (+0.0%)
2026-07-14 06:54:06.723 | INFO     | __main__:run_zonal_forecast:518 -     Cocoa                 * N5.993M    (+0.1%)  * N5.194M    (+0.1%)
2026-07-14 06:54:06.723 | INFO     | __main__:run_zonal_forecast:518 -     Soybeans                N855K      (+0.1%)    N840K      (+0.1%)
2026-07-14 06:54:06.723 | INFO     | __main__:run_zonal_forecast:518 -     Cashew Nuts           * N2.173M    (+0.1%)  * N2.094M    (+0.1%)
2026-07-14 06:54:06.725 | INFO     | __main__:run_zonal_forecast:518 -     Sorghum                 N485K      (+0.1%)    N476K      (+0.1%)
2026-07-14 06:54:06.725 | INFO     | __main__:run_zonal_forecast:518 -     Beans (white)         * N969K      (+0.1%)  * N945K      (+0.1%)
2026-07-14 06:54:06.725 | INFO     | __main__:run_zonal_forecast:518 -     Beans (red)           * N1.046M    (-0.0%)    N1.028M    (-0.0%)
2026-07-14 06:54:06.725 | INFO     | __main__:run_zonal_forecast:518 -     Maize (white)         * N446K      (+0.0%)  * N435K      (+0.0%)
2026-07-14 06:54:06.725 | INFO     | __main__:run_zonal_forecast:518 -     Maize (yellow)          N483K      (+0.0%)    N471K      (+0.0%)
2026-07-14 06:54:06.728 | INFO     | __main__:run_zonal_forecast:518 -     Wheat                   N839K      (+0.0%)    N825K      (+0.0%)
2026-07-14 06:54:06.728 | INFO     | __main__:run_zonal_forecast:518 -     Rice                    N1.749M    (+0.1%)    N1.718M    (+0.1%)
2026-07-14 06:54:06.728 | INFO     | __main__:run_zonal_forecast:518 -     Eggs                    N7K        (-0.0%)    N7K        (-0.0%)
2026-07-14 06:54:06.728 | INFO     | __main__:run_zonal_forecast:518 -     Fish (dried)            N2.518M    (+0.1%)    N2.465M    (+0.1%)
2026-07-14 06:54:06.728 | INFO     | __main__:run_zonal_forecast:518 -     Meat (goat)             N5.496M    (-0.1%)    N5.395M    (-0.1%)
2026-07-14 06:54:06.728 | INFO     | __main__:run_zonal_forecast:518 -     Meat (beef)             N5.270M    (-0.0%)    N5.172M    (-0.0%)
2026-07-14 06:54:06.728 | INFO     | __main__:run_zonal_forecast:518 -   
2026-07-14 06:54:06.733 | INFO     | __main__:run_zonal_forecast:518 -   SOUTH SOUTH (Rivers & Delta)
2026-07-14 06:54:06.734 | INFO     | __main__:run_zonal_forecast:518 -   Oil belt. High purchasing power. Cocoa producer (Delta).
2026-07-14 06:54:06.734 | INFO     | __main__:run_zonal_forecast:518 -   
2026-07-14 06:54:06.735 | INFO     | __main__:run_zonal_forecast:518 -     Commodity           Rivers              Delta             
2026-07-14 06:54:06.735 | INFO     | __main__:run_zonal_forecast:518 -     ------------------------------------------------------------
2026-07-14 06:54:06.735 | INFO     | __main__:run_zonal_forecast:518 -     Hibiscus              * N2.590M    (-0.0%)  * N2.498M    (-0.0%)
2026-07-14 06:54:06.736 | INFO     | __main__:run_zonal_forecast:518 -     Sesame                * N1.937M    (-0.0%)  * N1.904M    (-0.0%)
2026-07-14 06:54:06.736 | INFO     | __main__:run_zonal_forecast:518 -     Ginger                  N14.476M   (+0.0%)    N13.873M   (+0.0%)
2026-07-14 06:54:06.738 | INFO     | __main__:run_zonal_forecast:518 -     Cocoa                 * N5.993M    (+0.1%)  * N5.308M    (+0.1%)
2026-07-14 06:54:06.739 | INFO     | __main__:run_zonal_forecast:518 -     Soybeans                N885K      (+0.1%)  * N855K      (+0.1%)
2026-07-14 06:54:06.739 | INFO     | __main__:run_zonal_forecast:518 -     Cashew Nuts             N2.272M    (+0.1%)    N2.173M    (+0.1%)
2026-07-14 06:54:06.739 | INFO     | __main__:run_zonal_forecast:518 -     Sorghum                 N510K      (+0.1%)    N502K      (+0.1%)
2026-07-14 06:54:06.739 | INFO     | __main__:run_zonal_forecast:518 -     Beans (white)         * N1.002M    (+0.1%)  * N961K      (+0.1%)
2026-07-14 06:54:06.739 | INFO     | __main__:run_zonal_forecast:518 -     Beans (red)           * N1.092M    (-0.0%)    N1.046M    (-0.0%)
2026-07-14 06:54:06.739 | INFO     | __main__:run_zonal_forecast:518 -     Maize (white)         * N465K      (+0.0%)  * N446K      (+0.0%)
2026-07-14 06:54:06.739 | INFO     | __main__:run_zonal_forecast:518 -     Maize (yellow)          N503K      (+0.0%)    N483K      (+0.0%)
2026-07-14 06:54:06.743 | INFO     | __main__:run_zonal_forecast:518 -     Wheat                   N868K      (+0.0%)    N854K      (+0.0%)
2026-07-14 06:54:06.743 | INFO     | __main__:run_zonal_forecast:518 -     Rice                    N1.796M    (+0.1%)    N1.749M    (+0.1%)
2026-07-14 06:54:06.743 | INFO     | __main__:run_zonal_forecast:518 -     Eggs                    N8K        (-0.0%)    N8K        (-0.0%)
2026-07-14 06:54:06.743 | INFO     | __main__:run_zonal_forecast:518 -     Fish (dried)            N2.333M    (+0.1%)    N2.386M    (+0.1%)
2026-07-14 06:54:06.745 | INFO     | __main__:run_zonal_forecast:518 -     Meat (goat)             N5.698M    (-0.1%)    N5.597M    (-0.1%)
2026-07-14 06:54:06.745 | INFO     | __main__:run_zonal_forecast:518 -     Meat (beef)             N5.465M    (-0.0%)    N5.367M    (-0.0%)
2026-07-14 06:54:06.745 | INFO     | __main__:run_zonal_forecast:518 -   
2026-07-14 06:54:06.746 | INFO     | __main__:run_zonal_forecast:518 -   ==========================================================
2026-07-14 06:54:06.746 | INFO     | __main__:run_zonal_forecast:518 -   * = primary commodity  (+/-%) = day-on-day change
2026-07-14 06:54:06.746 | INFO     | __main__:run_zonal_forecast:518 -   
2026-07-14 06:54:06.746 | INFO     | __main__:run_zonal_forecast:518 -   NATIONAL PRICE CHANGES TODAY:
2026-07-14 06:54:06.746 | INFO     | __main__:run_zonal_forecast:518 -     Commodity                   Price   Day Chg    vs Ref
2026-07-14 06:54:06.746 | INFO     | __main__:run_zonal_forecast:518 -     ------------------------------------------------------
2026-07-14 06:54:06.749 | INFO     | __main__:run_zonal_forecast:518 -     Hibiscus                  N2.313M    -0.04%    -0.52%
2026-07-14 06:54:06.749 | INFO     | __main__:run_zonal_forecast:518 -     Sesame                    N1.641M    -0.04%    -0.53%
2026-07-14 06:54:06.749 | INFO     | __main__:run_zonal_forecast:518 -     Ginger                   N12.064M    +0.04%    +0.53%
2026-07-14 06:54:06.749 | INFO     | __main__:run_zonal_forecast:518 -     Cocoa                     N5.707M    +0.07%    +1.02%
2026-07-14 06:54:06.749 | INFO     | __main__:run_zonal_forecast:518 -     Soybeans                    N750K    +0.05%    +0.72%
2026-07-14 06:54:06.749 | INFO     | __main__:run_zonal_forecast:518 -     Cashew Nuts               N1.976M    +0.09%    +1.32%
2026-07-14 06:54:06.749 | INFO     | __main__:run_zonal_forecast:518 -     Sorghum                     N425K    +0.09%    +1.21%
2026-07-14 06:54:06.749 | INFO     | __main__:run_zonal_forecast:518 -     Beans (white)               N822K    +0.07%    +1.06%
2026-07-14 06:54:06.752 | INFO     | __main__:run_zonal_forecast:518 -     Beans (red)                 N910K    -0.04%    -0.56%
2026-07-14 06:54:06.753 | INFO     | __main__:run_zonal_forecast:518 -     Maize (white)               N372K    +0.03%    +0.44%
2026-07-14 06:54:06.753 | INFO     | __main__:run_zonal_forecast:518 -     Maize (yellow)              N402K    +0.04%    +0.59%
2026-07-14 06:54:06.753 | INFO     | __main__:run_zonal_forecast:518 -     Wheat                       N711K    +0.04%    +0.63%
2026-07-14 06:54:06.755 | INFO     | __main__:run_zonal_forecast:518 -     Rice                      N1.562M    +0.05%    +0.75%
2026-07-14 06:54:06.755 | INFO     | __main__:run_zonal_forecast:518 -     Eggs                          N7K    -0.04%    -0.56%
2026-07-14 06:54:06.755 | INFO     | __main__:run_zonal_forecast:518 -     Fish (dried)              N2.651M    +0.13%    +1.82%
2026-07-14 06:54:06.755 | INFO     | __main__:run_zonal_forecast:518 -     Meat (goat)               N5.043M    -0.05%    -0.70%
2026-07-14 06:54:06.755 | INFO     | __main__:run_zonal_forecast:518 -     Meat (beef)               N4.879M    -0.01%    -0.19%
2026-07-14 06:54:06.755 | INFO     | __main__:run_zonal_forecast:518 -   
2026-07-14 06:54:06.755 | INFO     | __main__:run_zonal_forecast:518 -   BEST SOURCING NATIONALLY:
2026-07-14 06:54:06.755 | INFO     | __main__:run_zonal_forecast:518 -     Commodity              Best State           Price  Spread
2026-07-14 06:54:06.755 | INFO     | __main__:run_zonal_forecast:518 -     ------------------------------------------------------------
2026-07-14 06:54:06.759 | INFO     | __main__:run_zonal_forecast:518 -     Hibiscus               Kaduna             N2.151M  24% vs Lagos
2026-07-14 06:54:06.759 | INFO     | __main__:run_zonal_forecast:518 -     Sesame                 Kano               N1.362M  42% vs Lagos
2026-07-14 06:54:06.760 | INFO     | __main__:run_zonal_forecast:518 -     Ginger                 Kaduna             N8.686M  67% vs Lagos
2026-07-14 06:54:06.760 | INFO     | __main__:run_zonal_forecast:518 -     Cocoa                  Kogi               N5.023M  34% vs Borno
2026-07-14 06:54:06.760 | INFO     | __main__:run_zonal_forecast:518 -     Soybeans               Plateau              N623K  47% vs Lagos
2026-07-14 06:54:06.760 | INFO     | __main__:run_zonal_forecast:518 -     Cashew Nuts            Kogi               N1.581M  44% vs Borno
2026-07-14 06:54:06.762 | INFO     | __main__:run_zonal_forecast:518 -     Sorghum                Kano                 N332K  54% vs Rivers
2026-07-14 06:54:06.762 | INFO     | __main__:run_zonal_forecast:518 -     Beans (white)          Kano                 N715K  47% vs Lagos
2026-07-14 06:54:06.762 | INFO     | __main__:run_zonal_forecast:518 -     Beans (red)            Kano                 N819K  39% vs Lagos
2026-07-14 06:54:06.764 | INFO     | __main__:run_zonal_forecast:518 -     Maize (white)          Kano                 N297K  62% vs Lagos
2026-07-14 06:54:06.764 | INFO     | __main__:run_zonal_forecast:518 -     Maize (yellow)         Kano                 N322K  62% vs Lagos
2026-07-14 06:54:06.764 | INFO     | __main__:run_zonal_forecast:518 -     Wheat                  Kaduna               N619K  40% vs Rivers
2026-07-14 06:54:06.764 | INFO     | __main__:run_zonal_forecast:518 -     Rice                   Plateau            N1.405M  31% vs Lagos
2026-07-14 06:54:06.764 | INFO     | __main__:run_zonal_forecast:518 -     Eggs                   Kano                   N7K  22% vs Lagos
2026-07-14 06:54:06.764 | INFO     | __main__:run_zonal_forecast:518 -     Fish (dried)           Rivers             N2.333M  34% vs Borno
2026-07-14 06:54:06.764 | INFO     | __main__:run_zonal_forecast:518 -     Meat (goat)            Kano               N4.387M  37% vs Lagos
2026-07-14 06:54:06.764 | INFO     | __main__:run_zonal_forecast:518 -     Meat (beef)            Kano               N4.294M  34% vs Lagos
2026-07-14 06:54:06.767 | INFO     | __main__:run_zonal_forecast:518 -   
2026-07-14 06:54:06.767 | INFO     | __main__:run_zonal_forecast:518 -   ==========================================================
2026-07-14 06:54:06.767 | INFO     | __main__:run_zonal_forecast:518 -   Source: Agrolinking Intelligence Platform
2026-07-14 06:54:06.767 | INFO     | __main__:run_zonal_forecast:518 -   Next update: 15 Jul 2026
2026-07-14 06:54:06.767 | INFO     | __main__:run_zonal_forecast:519 - =================================================================
2026-07-14 06:54:06.767 | SUCCESS  | __main__:run_zonal_forecast:520 - ZONAL FORECASTING COMPLETE — 6 zones | 12 states | 17 commodities
