2026-05-08 09:36:16.266 | INFO     | __main__:run_zonal_forecast:265 - =================================================================
2026-05-08 09:36:16.267 | INFO     | __main__:run_zonal_forecast:266 - STEP 7 — ZONAL & STATE-LEVEL FORECASTING
2026-05-08 09:36:16.267 | INFO     | __main__:run_zonal_forecast:267 -   Date: Friday, 08 May 2026  09:36
2026-05-08 09:36:16.267 | INFO     | __main__:run_zonal_forecast:268 -   Zones: 6  |  States: 12  |  Commodities: 12
2026-05-08 09:36:16.267 | INFO     | __main__:run_zonal_forecast:269 - =================================================================
2026-05-08 09:36:16.353 | INFO     | __main__:run_zonal_forecast:272 -   Source forecast: forecast_validated_2026-05-08.json
2026-05-08 09:36:16.354 | INFO     | __main__:run_zonal_forecast:273 -   Building state-level prices...
2026-05-08 09:36:16.380 | INFO     | __main__:run_zonal_forecast:280 - 
2026-05-08 09:36:16.380 | INFO     | __main__:run_zonal_forecast:281 -   Zone             State        Commodity (primary)       State Price
2026-05-08 09:36:16.380 | INFO     | __main__:run_zonal_forecast:282 -   ──────────────────────────────────────────────────────────────────
2026-05-08 09:36:16.380 | INFO     | __main__:run_zonal_forecast:288 -   North West       Kano         * Sesame                N   1,033,350/MT
2026-05-08 09:36:16.384 | INFO     | __main__:run_zonal_forecast:288 -   North West       Kano         * Sorghum               N     261,300/MT
2026-05-08 09:36:16.384 | INFO     | __main__:run_zonal_forecast:288 -   North West       Kano         * Beans (white)         N     707,601/MT
2026-05-08 09:36:16.385 | INFO     | __main__:run_zonal_forecast:288 -   North West       Kano         * Maize (white)         N     168,800/MT
2026-05-08 09:36:16.385 | INFO     | __main__:run_zonal_forecast:288 -   North West       Kano         * Maize (yellow)        N     181,920/MT
2026-05-08 09:36:16.386 | INFO     | __main__:run_zonal_forecast:288 -   North West       Kano         * Wheat                 N     629,082/MT
2026-05-08 09:36:16.386 | INFO     | __main__:run_zonal_forecast:288 -   North West       Kaduna       * Ginger                N   6,984,000/MT
2026-05-08 09:36:16.386 | INFO     | __main__:run_zonal_forecast:288 -   North West       Kaduna       * Soybeans              N     625,800/MT
2026-05-08 09:36:16.386 | INFO     | __main__:run_zonal_forecast:288 -   North West       Kaduna       * Sorghum               N     268,000/MT
2026-05-08 09:36:16.386 | INFO     | __main__:run_zonal_forecast:288 -   North West       Kaduna       * Maize (white)         N     170,910/MT
2026-05-08 09:36:16.386 | INFO     | __main__:run_zonal_forecast:288 -   North West       Kaduna       * Maize (yellow)        N     184,194/MT
2026-05-08 09:36:16.386 | INFO     | __main__:run_zonal_forecast:288 -   North West       Kaduna       * Wheat                 N     614,945/MT
2026-05-08 09:36:16.389 | INFO     | __main__:run_zonal_forecast:288 -   North Central    Plateau      * Ginger                N   7,275,000/MT
2026-05-08 09:36:16.389 | INFO     | __main__:run_zonal_forecast:288 -   North Central    Plateau      * Soybeans              N     618,350/MT
2026-05-08 09:36:16.390 | INFO     | __main__:run_zonal_forecast:288 -   North Central    Plateau      * Beans (white)         N     732,001/MT
2026-05-08 09:36:16.390 | INFO     | __main__:run_zonal_forecast:288 -   North Central    Plateau      * Maize (white)         N     183,570/MT
2026-05-08 09:36:16.390 | INFO     | __main__:run_zonal_forecast:288 -   North Central    Plateau      * Wheat                 N     643,218/MT
2026-05-08 09:36:16.390 | INFO     | __main__:run_zonal_forecast:288 -   North Central    Kogi         * Cocoa                 N   4,972,000/MT
2026-05-08 09:36:16.392 | INFO     | __main__:run_zonal_forecast:288 -   North Central    Kogi         * Soybeans              N     648,150/MT
2026-05-08 09:36:16.392 | INFO     | __main__:run_zonal_forecast:288 -   North Central    Kogi         * Cashew Nuts           N   1,560,000/MT
2026-05-08 09:36:16.392 | INFO     | __main__:run_zonal_forecast:288 -   North Central    Kogi         * Sorghum               N     304,850/MT
2026-05-08 09:36:16.392 | INFO     | __main__:run_zonal_forecast:288 -   North Central    Kogi         * Beans (white)         N     748,267/MT
2026-05-08 09:36:16.392 | INFO     | __main__:run_zonal_forecast:288 -   North Central    Kogi         * Maize (white)         N     189,900/MT
2026-05-08 09:36:16.392 | INFO     | __main__:run_zonal_forecast:288 -   North East       Adamawa      * Sesame                N   1,070,700/MT
2026-05-08 09:36:16.392 | INFO     | __main__:run_zonal_forecast:288 -   North East       Adamawa      * Ginger                N   8,051,000/MT
2026-05-08 09:36:16.392 | INFO     | __main__:run_zonal_forecast:288 -   North East       Adamawa      * Soybeans              N     663,050/MT
2026-05-08 09:36:16.396 | INFO     | __main__:run_zonal_forecast:288 -   North East       Adamawa      * Sorghum               N     291,450/MT
2026-05-08 09:36:16.396 | INFO     | __main__:run_zonal_forecast:288 -   North East       Adamawa      * Beans (white)         N     748,267/MT
2026-05-08 09:36:16.396 | INFO     | __main__:run_zonal_forecast:288 -   North East       Adamawa      * Maize (white)         N     185,680/MT
2026-05-08 09:36:16.398 | INFO     | __main__:run_zonal_forecast:288 -   North East       Borno        * Sesame                N   1,108,050/MT
2026-05-08 09:36:16.398 | INFO     | __main__:run_zonal_forecast:288 -   North East       Borno        * Sorghum               N     308,200/MT
2026-05-08 09:36:16.398 | INFO     | __main__:run_zonal_forecast:288 -   North East       Borno        * Beans (white)         N     862,134/MT
2026-05-08 09:36:16.398 | INFO     | __main__:run_zonal_forecast:288 -   North East       Borno        * Maize (white)         N     227,880/MT
2026-05-08 09:36:16.398 | INFO     | __main__:run_zonal_forecast:288 -   North East       Borno        * Wheat                 N     791,653/MT
2026-05-08 09:36:16.400 | INFO     | __main__:run_zonal_forecast:288 -   South West       Oyo          * Hibiscus              N   2,394,750/MT
2026-05-08 09:36:16.400 | INFO     | __main__:run_zonal_forecast:288 -   South West       Oyo          * Cocoa                 N   5,028,500/MT
2026-05-08 09:36:16.400 | INFO     | __main__:run_zonal_forecast:288 -   South West       Oyo          * Soybeans              N     774,800/MT
2026-05-08 09:36:16.400 | INFO     | __main__:run_zonal_forecast:288 -   South West       Oyo          * Cashew Nuts           N   1,677,000/MT
2026-05-08 09:36:16.400 | INFO     | __main__:run_zonal_forecast:288 -   South West       Oyo          * Beans (white)         N     894,667/MT
2026-05-08 09:36:16.400 | INFO     | __main__:run_zonal_forecast:288 -   South West       Oyo          * Maize (white)         N     227,880/MT
2026-05-08 09:36:16.400 | INFO     | __main__:run_zonal_forecast:288 -   South West       Lagos        * Hibiscus              N   2,673,750/MT
2026-05-08 09:36:16.400 | INFO     | __main__:run_zonal_forecast:288 -   South West       Lagos        * Sesame                N   1,469,100/MT
2026-05-08 09:36:16.400 | INFO     | __main__:run_zonal_forecast:288 -   South West       Lagos        * Cocoa                 N   6,102,000/MT
2026-05-08 09:36:16.400 | INFO     | __main__:run_zonal_forecast:288 -   South West       Lagos        * Soybeans              N     908,900/MT
2026-05-08 09:36:16.400 | INFO     | __main__:run_zonal_forecast:288 -   South West       Lagos        * Beans (white)         N   1,041,068/MT
2026-05-08 09:36:16.400 | INFO     | __main__:run_zonal_forecast:288 -   South West       Lagos        * Beans (red)           N   1,143,750/MT
2026-05-08 09:36:16.400 | INFO     | __main__:run_zonal_forecast:288 -   South West       Lagos        * Maize (white)         N     274,300/MT
2026-05-08 09:36:16.406 | INFO     | __main__:run_zonal_forecast:288 -   South West       Lagos        * Maize (yellow)        N     295,620/MT
2026-05-08 09:36:16.406 | INFO     | __main__:run_zonal_forecast:288 -   South East       Anambra      * Cocoa                 N   5,932,500/MT
2026-05-08 09:36:16.406 | INFO     | __main__:run_zonal_forecast:288 -   South East       Anambra      * Cashew Nuts           N   2,145,000/MT
2026-05-08 09:36:16.406 | INFO     | __main__:run_zonal_forecast:288 -   South East       Anambra      * Beans (white)         N     959,734/MT
2026-05-08 09:36:16.406 | INFO     | __main__:run_zonal_forecast:288 -   South East       Anambra      * Beans (red)           N   1,052,250/MT
2026-05-08 09:36:16.406 | INFO     | __main__:run_zonal_forecast:288 -   South East       Anambra      * Maize (white)         N     253,200/MT
2026-05-08 09:36:16.406 | INFO     | __main__:run_zonal_forecast:288 -   South East       Imo          * Cocoa                 N   5,141,500/MT
2026-05-08 09:36:16.406 | INFO     | __main__:run_zonal_forecast:288 -   South East       Imo          * Cashew Nuts           N   2,067,000/MT
2026-05-08 09:36:16.406 | INFO     | __main__:run_zonal_forecast:288 -   South East       Imo          * Beans (white)         N     935,334/MT
2026-05-08 09:36:16.406 | INFO     | __main__:run_zonal_forecast:288 -   South East       Imo          * Maize (white)         N     246,870/MT
2026-05-08 09:36:16.411 | INFO     | __main__:run_zonal_forecast:288 -   South South      Rivers       * Hibiscus              N   2,604,000/MT
2026-05-08 09:36:16.411 | INFO     | __main__:run_zonal_forecast:288 -   South South      Rivers       * Sesame                N   1,469,100/MT
2026-05-08 09:36:16.411 | INFO     | __main__:run_zonal_forecast:288 -   South South      Rivers       * Cocoa                 N   5,932,500/MT
2026-05-08 09:36:16.411 | INFO     | __main__:run_zonal_forecast:288 -   South South      Rivers       * Beans (white)         N     992,267/MT
2026-05-08 09:36:16.413 | INFO     | __main__:run_zonal_forecast:288 -   South South      Rivers       * Beans (red)           N   1,098,000/MT
2026-05-08 09:36:16.414 | INFO     | __main__:run_zonal_forecast:288 -   South South      Rivers       * Maize (white)         N     263,750/MT
2026-05-08 09:36:16.414 | INFO     | __main__:run_zonal_forecast:288 -   South South      Delta        * Hibiscus              N   2,511,000/MT
2026-05-08 09:36:16.414 | INFO     | __main__:run_zonal_forecast:288 -   South South      Delta        * Sesame                N   1,444,200/MT
2026-05-08 09:36:16.416 | INFO     | __main__:run_zonal_forecast:288 -   South South      Delta        * Cocoa                 N   5,254,500/MT
2026-05-08 09:36:16.416 | INFO     | __main__:run_zonal_forecast:288 -   South South      Delta        * Soybeans              N     849,300/MT
2026-05-08 09:36:16.416 | INFO     | __main__:run_zonal_forecast:288 -   South South      Delta        * Beans (white)         N     951,601/MT
2026-05-08 09:36:16.417 | INFO     | __main__:run_zonal_forecast:288 -   South South      Delta        * Maize (white)         N     253,200/MT
2026-05-08 09:36:16.417 | INFO     | __main__:run_zonal_forecast:290 - 
2026-05-08 09:36:16.417 | INFO     | __main__:run_zonal_forecast:291 -   BEST BUY NATIONALLY:
2026-05-08 09:36:16.417 | INFO     | __main__:run_zonal_forecast:292 -   Commodity              Best Buy                           Price  Spread
2026-05-08 09:36:16.417 | INFO     | __main__:run_zonal_forecast:293 -   ──────────────────────────────────────────────────────────────────
2026-05-08 09:36:16.419 | INFO     | __main__:run_zonal_forecast:297 -   Hibiscus               Kaduna                    N   2,162,250/MT  (24% spread)
2026-05-08 09:36:16.419 | INFO     | __main__:run_zonal_forecast:297 -   Sesame                 Kano                      N   1,033,350/MT  (42% spread)
2026-05-08 09:36:16.419 | INFO     | __main__:run_zonal_forecast:297 -   Ginger                 Kaduna                    N   6,984,000/MT  (67% spread)
2026-05-08 09:36:16.420 | INFO     | __main__:run_zonal_forecast:297 -   Cocoa                  Kogi                      N   4,972,000/MT  (34% spread)
2026-05-08 09:36:16.420 | INFO     | __main__:run_zonal_forecast:297 -   Soybeans               Plateau                   N     618,350/MT  (47% spread)
2026-05-08 09:36:16.422 | INFO     | __main__:run_zonal_forecast:297 -   Cashew Nuts            Kogi                      N   1,560,000/MT  (44% spread)
2026-05-08 09:36:16.422 | INFO     | __main__:run_zonal_forecast:297 -   Sorghum                Kano                      N     261,300/MT  (54% spread)
2026-05-08 09:36:16.422 | INFO     | __main__:run_zonal_forecast:297 -   Beans (white)          Kano                      N     707,601/MT  (47% spread)
2026-05-08 09:36:16.423 | INFO     | __main__:run_zonal_forecast:297 -   Beans (red)            Kano                      N     823,500/MT  (39% spread)
2026-05-08 09:36:16.423 | INFO     | __main__:run_zonal_forecast:297 -   Maize (white)          Kano                      N     168,800/MT  (62% spread)
2026-05-08 09:36:16.423 | INFO     | __main__:run_zonal_forecast:297 -   Maize (yellow)         Kano                      N     181,920/MT  (62% spread)
2026-05-08 09:36:16.423 | INFO     | __main__:run_zonal_forecast:297 -   Wheat                  Kaduna                    N     614,945/MT  (40% spread)
2026-05-08 09:36:16.646 | SUCCESS  | __main__:run_zonal_forecast:310 -   Zonal JSON  → c:\Users\USER\Downloads\agrolinking-intel-structure\agrolinking-intel\outputs\forecasts\zonal\zonal_forecast_2026-05-08.json
2026-05-08 09:36:16.653 | SUCCESS  | __main__:run_zonal_forecast:317 -   Zonal alert → c:\Users\USER\Downloads\agrolinking-intel-structure\agrolinking-intel\outputs\daily_alerts\alert_zonal_2026-05-08.txt
2026-05-08 09:36:16.656 | SUCCESS  | __main__:run_zonal_forecast:324 -   State report→ c:\Users\USER\Downloads\agrolinking-intel-structure\agrolinking-intel\outputs\forecasts\zonal\state_detail_report_2026-05-08.txt
2026-05-08 09:36:16.656 | INFO     | __main__:run_zonal_forecast:327 - 
2026-05-08 09:36:16.656 | INFO     | __main__:run_zonal_forecast:328 - =================================================================
2026-05-08 09:36:16.656 | INFO     | __main__:run_zonal_forecast:330 -   AGROLINKING ZONAL COMMODITY INTELLIGENCE
2026-05-08 09:36:16.660 | INFO     | __main__:run_zonal_forecast:330 -   Date: Friday, 08 May 2026
2026-05-08 09:36:16.660 | INFO     | __main__:run_zonal_forecast:330 -   6 Zones | 12 States | 12 Commodities
2026-05-08 09:36:16.660 | INFO     | __main__:run_zonal_forecast:330 -   =======================================================
2026-05-08 09:36:16.660 | INFO     | __main__:run_zonal_forecast:330 -   
2026-05-08 09:36:16.661 | INFO     | __main__:run_zonal_forecast:330 -   NORTH WEST (Kano & Kaduna)
2026-05-08 09:36:16.661 | INFO     | __main__:run_zonal_forecast:330 -     Nigeria's main grain belt. Highest Maize, Sorghum, Sesame, Wheat production.
2026-05-08 09:36:16.661 | INFO     | __main__:run_zonal_forecast:330 -     Commodity              Kano               Kaduna
2026-05-08 09:36:16.661 | INFO     | __main__:run_zonal_forecast:330 -     -------------------------------------------------------
2026-05-08 09:36:16.663 | INFO     | __main__:run_zonal_forecast:330 -     Hibiscus                N2.21M            N2.16M          
2026-05-08 09:36:16.663 | INFO     | __main__:run_zonal_forecast:330 -     Sesame                * N1.03M            N1.06M          
2026-05-08 09:36:16.663 | INFO     | __main__:run_zonal_forecast:330 -     Ginger                  N9.51M          * N6.98M          
2026-05-08 09:36:16.665 | INFO     | __main__:run_zonal_forecast:330 -     Cocoa                   N5.76M            N5.93M          
2026-05-08 09:36:16.665 | INFO     | __main__:run_zonal_forecast:330 -     Soybeans                N670K           * N626K           
2026-05-08 09:36:16.666 | INFO     | __main__:run_zonal_forecast:330 -     Cashew Nuts             N1.95M            N1.99M          
2026-05-08 09:36:16.666 | INFO     | __main__:run_zonal_forecast:330 -     Sorghum               * N261K           * N268K           
2026-05-08 09:36:16.667 | INFO     | __main__:run_zonal_forecast:330 -     Beans (white)         * N708K             N716K           
2026-05-08 09:36:16.667 | INFO     | __main__:run_zonal_forecast:330 -     Beans (red)             N824K             N833K           
2026-05-08 09:36:16.667 | INFO     | __main__:run_zonal_forecast:330 -     Maize (white)         * N169K           * N171K           
2026-05-08 09:36:16.667 | INFO     | __main__:run_zonal_forecast:330 -     Maize (yellow)        * N182K           * N184K           
2026-05-08 09:36:16.669 | INFO     | __main__:run_zonal_forecast:330 -     Wheat                 * N629K           * N615K           
2026-05-08 09:36:16.669 | INFO     | __main__:run_zonal_forecast:330 -   
2026-05-08 09:36:16.669 | INFO     | __main__:run_zonal_forecast:330 -   NORTH CENTRAL (Plateau & Kogi)
2026-05-08 09:36:16.669 | INFO     | __main__:run_zonal_forecast:330 -     Middle Belt. Ginger heartland (Plateau), Cashew/Cocoa belt (Kogi).
2026-05-08 09:36:16.669 | INFO     | __main__:run_zonal_forecast:330 -     Commodity              Plateau            Kogi
2026-05-08 09:36:16.669 | INFO     | __main__:run_zonal_forecast:330 -     -------------------------------------------------------
2026-05-08 09:36:16.672 | INFO     | __main__:run_zonal_forecast:330 -     Hibiscus                N2.26M            N2.23M          
2026-05-08 09:36:16.672 | INFO     | __main__:run_zonal_forecast:330 -     Sesame                  N1.20M            N1.21M          
2026-05-08 09:36:16.672 | INFO     | __main__:run_zonal_forecast:330 -     Ginger                * N7.28M            N9.12M          
2026-05-08 09:36:16.673 | INFO     | __main__:run_zonal_forecast:330 -     Cocoa                   N6.10M          * N4.97M          
2026-05-08 09:36:16.673 | INFO     | __main__:run_zonal_forecast:330 -     Soybeans              * N618K           * N648K           
2026-05-08 09:36:16.673 | INFO     | __main__:run_zonal_forecast:330 -     Cashew Nuts             N2.05M          * N1.56M          
2026-05-08 09:36:16.673 | INFO     | __main__:run_zonal_forecast:330 -     Sorghum                 N308K           * N305K           
2026-05-08 09:36:16.673 | INFO     | __main__:run_zonal_forecast:330 -     Beans (white)         * N732K           * N748K           
2026-05-08 09:36:16.675 | INFO     | __main__:run_zonal_forecast:330 -     Beans (red)             N869K             N860K           
2026-05-08 09:36:16.675 | INFO     | __main__:run_zonal_forecast:330 -     Maize (white)         * N184K           * N190K           
2026-05-08 09:36:16.676 | INFO     | __main__:run_zonal_forecast:330 -     Maize (yellow)          N200K             N207K           
2026-05-08 09:36:16.676 | INFO     | __main__:run_zonal_forecast:330 -     Wheat                 * N643K             N686K           
2026-05-08 09:36:16.677 | INFO     | __main__:run_zonal_forecast:330 -   
2026-05-08 09:36:16.677 | INFO     | __main__:run_zonal_forecast:330 -   NORTH EAST (Adamawa & Borno)
2026-05-08 09:36:16.677 | INFO     | __main__:run_zonal_forecast:330 -     Semi-arid. Sorghum, Maize. Conflict premium on imports in Borno.
2026-05-08 09:36:16.677 | INFO     | __main__:run_zonal_forecast:330 -     Commodity              Adamawa            Borno
2026-05-08 09:36:16.677 | INFO     | __main__:run_zonal_forecast:330 -     -------------------------------------------------------
2026-05-08 09:36:16.677 | INFO     | __main__:run_zonal_forecast:330 -     Hibiscus                N2.28M            N2.44M          
2026-05-08 09:36:16.677 | INFO     | __main__:run_zonal_forecast:330 -     Sesame                * N1.07M          * N1.11M          
2026-05-08 09:36:16.677 | INFO     | __main__:run_zonal_forecast:330 -     Ginger                * N8.05M            N11.15M         
2026-05-08 09:36:16.680 | INFO     | __main__:run_zonal_forecast:330 -     Cocoa                   N5.93M            N6.67M          
2026-05-08 09:36:16.680 | INFO     | __main__:run_zonal_forecast:330 -     Soybeans              * N663K             N805K           
2026-05-08 09:36:16.680 | INFO     | __main__:run_zonal_forecast:330 -     Cashew Nuts             N2.03M            N2.24M          
2026-05-08 09:36:16.680 | INFO     | __main__:run_zonal_forecast:330 -     Sorghum               * N291K           * N308K           
2026-05-08 09:36:16.680 | INFO     | __main__:run_zonal_forecast:330 -     Beans (white)         * N748K           * N862K           
2026-05-08 09:36:16.680 | INFO     | __main__:run_zonal_forecast:330 -     Beans (red)             N869K             N1.01M          
2026-05-08 09:36:16.680 | INFO     | __main__:run_zonal_forecast:330 -     Maize (white)         * N186K           * N228K           
2026-05-08 09:36:16.683 | INFO     | __main__:run_zonal_forecast:330 -     Maize (yellow)          N202K             N246K           
2026-05-08 09:36:16.684 | INFO     | __main__:run_zonal_forecast:330 -     Wheat                   N693K           * N792K           
2026-05-08 09:36:16.684 | INFO     | __main__:run_zonal_forecast:330 -   
2026-05-08 09:36:16.685 | INFO     | __main__:run_zonal_forecast:330 -   SOUTH WEST (Oyo & Lagos)
2026-05-08 09:36:16.686 | INFO     | __main__:run_zonal_forecast:330 -     Commercial capital. Lagos is the price-setter for consumer markets.
2026-05-08 09:36:16.686 | INFO     | __main__:run_zonal_forecast:330 -     Commodity              Oyo                Lagos
2026-05-08 09:36:16.686 | INFO     | __main__:run_zonal_forecast:330 -     -------------------------------------------------------
2026-05-08 09:36:16.686 | INFO     | __main__:run_zonal_forecast:330 -     Hibiscus              * N2.39M          * N2.67M          
2026-05-08 09:36:16.686 | INFO     | __main__:run_zonal_forecast:330 -     Sesame                  N1.32M          * N1.47M          
2026-05-08 09:36:16.686 | INFO     | __main__:run_zonal_forecast:330 -     Ginger                  N10.48M           N11.64M         
2026-05-08 09:36:16.686 | INFO     | __main__:run_zonal_forecast:330 -     Cocoa                 * N5.03M          * N6.10M          
2026-05-08 09:36:16.686 | INFO     | __main__:run_zonal_forecast:330 -     Soybeans              * N775K           * N909K           
2026-05-08 09:36:16.690 | INFO     | __main__:run_zonal_forecast:330 -     Cashew Nuts           * N1.68M            N2.15M          
2026-05-08 09:36:16.690 | INFO     | __main__:run_zonal_forecast:330 -     Sorghum                 N352K             N395K           
2026-05-08 09:36:16.690 | INFO     | __main__:run_zonal_forecast:330 -     Beans (white)         * N895K           * N1.04M          
2026-05-08 09:36:16.690 | INFO     | __main__:run_zonal_forecast:330 -     Beans (red)             N1.02M          * N1.14M          
2026-05-08 09:36:16.690 | INFO     | __main__:run_zonal_forecast:330 -     Maize (white)         * N228K           * N274K           
2026-05-08 09:36:16.690 | INFO     | __main__:run_zonal_forecast:330 -     Maize (yellow)          N246K           * N296K           
2026-05-08 09:36:16.690 | INFO     | __main__:run_zonal_forecast:330 -     Wheat                   N778K             N813K           
2026-05-08 09:36:16.690 | INFO     | __main__:run_zonal_forecast:330 -   
2026-05-08 09:36:16.690 | INFO     | __main__:run_zonal_forecast:330 -   SOUTH EAST (Anambra & Imo)
2026-05-08 09:36:16.694 | INFO     | __main__:run_zonal_forecast:330 -     High consumption, low production of traded commodities. Import-dependent.
2026-05-08 09:36:16.694 | INFO     | __main__:run_zonal_forecast:330 -     Commodity              Anambra            Imo
2026-05-08 09:36:16.694 | INFO     | __main__:run_zonal_forecast:330 -     -------------------------------------------------------
2026-05-08 09:36:16.695 | INFO     | __main__:run_zonal_forecast:330 -     Hibiscus                N2.60M            N2.56M          
2026-05-08 09:36:16.695 | INFO     | __main__:run_zonal_forecast:330 -     Sesame                  N1.44M            N1.42M          
2026-05-08 09:36:16.696 | INFO     | __main__:run_zonal_forecast:330 -     Ginger                  N11.15M           N10.86M         
2026-05-08 09:36:16.697 | INFO     | __main__:run_zonal_forecast:330 -     Cocoa                 * N5.93M          * N5.14M          
2026-05-08 09:36:16.697 | INFO     | __main__:run_zonal_forecast:330 -     Soybeans                N849K             N834K           
2026-05-08 09:36:16.697 | INFO     | __main__:run_zonal_forecast:330 -     Cashew Nuts           * N2.15M          * N2.07M          
2026-05-08 09:36:16.697 | INFO     | __main__:run_zonal_forecast:330 -     Sorghum                 N382K             N375K           
2026-05-08 09:36:16.697 | INFO     | __main__:run_zonal_forecast:330 -     Beans (white)         * N960K           * N935K           
2026-05-08 09:36:16.697 | INFO     | __main__:run_zonal_forecast:330 -     Beans (red)           * N1.05M            N1.03M          
2026-05-08 09:36:16.697 | INFO     | __main__:run_zonal_forecast:330 -     Maize (white)         * N253K           * N247K           
2026-05-08 09:36:16.699 | INFO     | __main__:run_zonal_forecast:330 -     Maize (yellow)          N273K             N266K           
2026-05-08 09:36:16.699 | INFO     | __main__:run_zonal_forecast:330 -     Wheat                   N834K             N820K           
2026-05-08 09:36:16.700 | INFO     | __main__:run_zonal_forecast:330 -   
2026-05-08 09:36:16.700 | INFO     | __main__:run_zonal_forecast:330 -   SOUTH SOUTH (Rivers & Delta)
2026-05-08 09:36:16.700 | INFO     | __main__:run_zonal_forecast:330 -     Oil belt. High purchasing power. Cocoa producer (Delta).
2026-05-08 09:36:16.700 | INFO     | __main__:run_zonal_forecast:330 -     Commodity              Rivers             Delta
2026-05-08 09:36:16.700 | INFO     | __main__:run_zonal_forecast:330 -     -------------------------------------------------------
2026-05-08 09:36:16.700 | INFO     | __main__:run_zonal_forecast:330 -     Hibiscus              * N2.60M          * N2.51M          
2026-05-08 09:36:16.700 | INFO     | __main__:run_zonal_forecast:330 -     Sesame                * N1.47M          * N1.44M          
2026-05-08 09:36:16.700 | INFO     | __main__:run_zonal_forecast:330 -     Ginger                  N11.64M           N11.15M         
2026-05-08 09:36:16.703 | INFO     | __main__:run_zonal_forecast:330 -     Cocoa                 * N5.93M          * N5.25M          
2026-05-08 09:36:16.704 | INFO     | __main__:run_zonal_forecast:330 -     Soybeans                N879K           * N849K           
2026-05-08 09:36:16.704 | INFO     | __main__:run_zonal_forecast:330 -     Cashew Nuts             N2.24M            N2.15M          
2026-05-08 09:36:16.704 | INFO     | __main__:run_zonal_forecast:330 -     Sorghum                 N402K             N395K           
2026-05-08 09:36:16.705 | INFO     | __main__:run_zonal_forecast:330 -     Beans (white)         * N992K           * N952K           
2026-05-08 09:36:16.706 | INFO     | __main__:run_zonal_forecast:330 -     Beans (red)           * N1.10M            N1.05M          
2026-05-08 09:36:16.707 | INFO     | __main__:run_zonal_forecast:330 -     Maize (white)         * N264K           * N253K           
2026-05-08 09:36:16.707 | INFO     | __main__:run_zonal_forecast:330 -     Maize (yellow)          N284K             N273K           
2026-05-08 09:36:16.707 | INFO     | __main__:run_zonal_forecast:330 -     Wheat                   N862K             N848K           
2026-05-08 09:36:16.707 | INFO     | __main__:run_zonal_forecast:330 -   
2026-05-08 09:36:16.709 | INFO     | __main__:run_zonal_forecast:330 -   =======================================================
2026-05-08 09:36:16.709 | INFO     | __main__:run_zonal_forecast:330 -   * = State's primary/dominant commodity (producer advantage)
2026-05-08 09:36:16.709 | INFO     | __main__:run_zonal_forecast:330 -   
2026-05-08 09:36:16.709 | INFO     | __main__:run_zonal_forecast:330 -   BEST SOURCING NATIONALLY:
2026-05-08 09:36:16.709 | INFO     | __main__:run_zonal_forecast:330 -     Commodity              Best Buy State           Price        Spread
2026-05-08 09:36:16.711 | INFO     | __main__:run_zonal_forecast:330 -     -----------------------------------------------------------------
2026-05-08 09:36:16.711 | INFO     | __main__:run_zonal_forecast:330 -     Hibiscus               Kaduna                   N2.16M       (vs N2.67M in Lagos, spread: 24%)
2026-05-08 09:36:16.711 | INFO     | __main__:run_zonal_forecast:330 -     Sesame                 Kano                     N1.03M       (vs N1.47M in Lagos, spread: 42%)
2026-05-08 09:36:16.711 | INFO     | __main__:run_zonal_forecast:330 -     Ginger                 Kaduna                   N6.98M       (vs N11.64M in Lagos, spread: 67%)
2026-05-08 09:36:16.711 | INFO     | __main__:run_zonal_forecast:330 -     Cocoa                  Kogi                     N4.97M       (vs N6.67M in Borno, spread: 34%)
2026-05-08 09:36:16.711 | INFO     | __main__:run_zonal_forecast:330 -     Soybeans               Plateau                  N618K        (vs N909K in Lagos, spread: 47%)
2026-05-08 09:36:16.711 | INFO     | __main__:run_zonal_forecast:330 -     Cashew Nuts            Kogi                     N1.56M       (vs N2.24M in Borno, spread: 44%)
2026-05-08 09:36:16.711 | INFO     | __main__:run_zonal_forecast:330 -     Sorghum                Kano                     N261K        (vs N402K in Rivers, spread: 54%)
2026-05-08 09:36:16.715 | INFO     | __main__:run_zonal_forecast:330 -     Beans (white)          Kano                     N708K        (vs N1.04M in Lagos, spread: 47%)
2026-05-08 09:36:16.715 | INFO     | __main__:run_zonal_forecast:330 -     Beans (red)            Kano                     N824K        (vs N1.14M in Lagos, spread: 39%)
2026-05-08 09:36:16.715 | INFO     | __main__:run_zonal_forecast:330 -     Maize (white)          Kano                     N169K        (vs N274K in Lagos, spread: 62%)
2026-05-08 09:36:16.716 | INFO     | __main__:run_zonal_forecast:330 -     Maize (yellow)         Kano                     N182K        (vs N296K in Lagos, spread: 62%)
2026-05-08 09:36:16.716 | INFO     | __main__:run_zonal_forecast:330 -     Wheat                  Kaduna                   N615K        (vs N862K in Rivers, spread: 40%)
2026-05-08 09:36:16.717 | INFO     | __main__:run_zonal_forecast:330 -   
2026-05-08 09:36:16.717 | INFO     | __main__:run_zonal_forecast:330 -   =======================================================
2026-05-08 09:36:16.717 | INFO     | __main__:run_zonal_forecast:330 -   Source: Agrolinking Intelligence Platform
2026-05-08 09:36:16.717 | INFO     | __main__:run_zonal_forecast:330 -   Next update: 09 May 2026
2026-05-08 09:36:16.717 | INFO     | __main__:run_zonal_forecast:331 - =================================================================
2026-05-08 09:36:16.717 | SUCCESS  | __main__:run_zonal_forecast:332 - ZONAL FORECASTING COMPLETE — 6 zones | 12 states | 12 commodities
2026-05-08 09:38:30.029 | INFO     | __main__:run_zonal_forecast:265 - =================================================================
2026-05-08 09:38:30.029 | INFO     | __main__:run_zonal_forecast:266 - STEP 7 — ZONAL & STATE-LEVEL FORECASTING
2026-05-08 09:38:30.033 | INFO     | __main__:run_zonal_forecast:267 -   Date: Friday, 08 May 2026  09:38
2026-05-08 09:38:30.035 | INFO     | __main__:run_zonal_forecast:268 -   Zones: 6  |  States: 12  |  Commodities: 12
2026-05-08 09:38:30.038 | INFO     | __main__:run_zonal_forecast:269 - =================================================================
2026-05-08 09:38:30.166 | INFO     | __main__:run_zonal_forecast:272 -   Source forecast: forecast_validated_2026-05-08.json
2026-05-08 09:38:30.168 | INFO     | __main__:run_zonal_forecast:273 -   Building state-level prices...
2026-05-08 09:38:30.238 | INFO     | __main__:run_zonal_forecast:280 - 
2026-05-08 09:38:30.239 | INFO     | __main__:run_zonal_forecast:281 -   Zone             State        Commodity (primary)       State Price
2026-05-08 09:38:30.240 | INFO     | __main__:run_zonal_forecast:282 -   ──────────────────────────────────────────────────────────────────
2026-05-08 09:38:30.240 | INFO     | __main__:run_zonal_forecast:288 -   North West       Kano         * Sesame                N   1,033,350/MT
2026-05-08 09:38:30.241 | INFO     | __main__:run_zonal_forecast:288 -   North West       Kano         * Sorghum               N     261,300/MT
2026-05-08 09:38:30.242 | INFO     | __main__:run_zonal_forecast:288 -   North West       Kano         * Beans (white)         N     707,601/MT
2026-05-08 09:38:30.242 | INFO     | __main__:run_zonal_forecast:288 -   North West       Kano         * Maize (white)         N     168,800/MT
2026-05-08 09:38:30.243 | INFO     | __main__:run_zonal_forecast:288 -   North West       Kano         * Maize (yellow)        N     181,920/MT
2026-05-08 09:38:30.243 | INFO     | __main__:run_zonal_forecast:288 -   North West       Kano         * Wheat                 N     629,082/MT
2026-05-08 09:38:30.245 | INFO     | __main__:run_zonal_forecast:288 -   North West       Kaduna       * Ginger                N   6,984,000/MT
2026-05-08 09:38:30.245 | INFO     | __main__:run_zonal_forecast:288 -   North West       Kaduna       * Soybeans              N     625,800/MT
2026-05-08 09:38:30.248 | INFO     | __main__:run_zonal_forecast:288 -   North West       Kaduna       * Sorghum               N     268,000/MT
2026-05-08 09:38:30.248 | INFO     | __main__:run_zonal_forecast:288 -   North West       Kaduna       * Maize (white)         N     170,910/MT
2026-05-08 09:38:30.248 | INFO     | __main__:run_zonal_forecast:288 -   North West       Kaduna       * Maize (yellow)        N     184,194/MT
2026-05-08 09:38:30.249 | INFO     | __main__:run_zonal_forecast:288 -   North West       Kaduna       * Wheat                 N     614,945/MT
2026-05-08 09:38:30.251 | INFO     | __main__:run_zonal_forecast:288 -   North Central    Plateau      * Ginger                N   7,275,000/MT
2026-05-08 09:38:30.252 | INFO     | __main__:run_zonal_forecast:288 -   North Central    Plateau      * Soybeans              N     618,350/MT
2026-05-08 09:38:30.252 | INFO     | __main__:run_zonal_forecast:288 -   North Central    Plateau      * Beans (white)         N     732,001/MT
2026-05-08 09:38:30.253 | INFO     | __main__:run_zonal_forecast:288 -   North Central    Plateau      * Maize (white)         N     183,570/MT
2026-05-08 09:38:30.253 | INFO     | __main__:run_zonal_forecast:288 -   North Central    Plateau      * Wheat                 N     643,218/MT
2026-05-08 09:38:30.254 | INFO     | __main__:run_zonal_forecast:288 -   North Central    Kogi         * Cocoa                 N   4,972,000/MT
2026-05-08 09:38:30.255 | INFO     | __main__:run_zonal_forecast:288 -   North Central    Kogi         * Soybeans              N     648,150/MT
2026-05-08 09:38:30.256 | INFO     | __main__:run_zonal_forecast:288 -   North Central    Kogi         * Cashew Nuts           N   1,560,000/MT
2026-05-08 09:38:30.257 | INFO     | __main__:run_zonal_forecast:288 -   North Central    Kogi         * Sorghum               N     304,850/MT
2026-05-08 09:38:30.258 | INFO     | __main__:run_zonal_forecast:288 -   North Central    Kogi         * Beans (white)         N     748,267/MT
2026-05-08 09:38:30.259 | INFO     | __main__:run_zonal_forecast:288 -   North Central    Kogi         * Maize (white)         N     189,900/MT
2026-05-08 09:38:30.259 | INFO     | __main__:run_zonal_forecast:288 -   North East       Adamawa      * Sesame                N   1,070,700/MT
2026-05-08 09:38:30.259 | INFO     | __main__:run_zonal_forecast:288 -   North East       Adamawa      * Ginger                N   8,051,000/MT
2026-05-08 09:38:30.260 | INFO     | __main__:run_zonal_forecast:288 -   North East       Adamawa      * Soybeans              N     663,050/MT
2026-05-08 09:38:30.261 | INFO     | __main__:run_zonal_forecast:288 -   North East       Adamawa      * Sorghum               N     291,450/MT
2026-05-08 09:38:30.262 | INFO     | __main__:run_zonal_forecast:288 -   North East       Adamawa      * Beans (white)         N     748,267/MT
2026-05-08 09:38:30.263 | INFO     | __main__:run_zonal_forecast:288 -   North East       Adamawa      * Maize (white)         N     185,680/MT
2026-05-08 09:38:30.264 | INFO     | __main__:run_zonal_forecast:288 -   North East       Borno        * Sesame                N   1,108,050/MT
2026-05-08 09:38:30.264 | INFO     | __main__:run_zonal_forecast:288 -   North East       Borno        * Sorghum               N     308,200/MT
2026-05-08 09:38:30.265 | INFO     | __main__:run_zonal_forecast:288 -   North East       Borno        * Beans (white)         N     862,134/MT
2026-05-08 09:38:30.271 | INFO     | __main__:run_zonal_forecast:288 -   North East       Borno        * Maize (white)         N     227,880/MT
2026-05-08 09:38:30.273 | INFO     | __main__:run_zonal_forecast:288 -   North East       Borno        * Wheat                 N     791,653/MT
2026-05-08 09:38:30.273 | INFO     | __main__:run_zonal_forecast:288 -   South West       Oyo          * Hibiscus              N   2,394,750/MT
2026-05-08 09:38:30.274 | INFO     | __main__:run_zonal_forecast:288 -   South West       Oyo          * Cocoa                 N   5,028,500/MT
2026-05-08 09:38:30.275 | INFO     | __main__:run_zonal_forecast:288 -   South West       Oyo          * Soybeans              N     774,800/MT
2026-05-08 09:38:30.275 | INFO     | __main__:run_zonal_forecast:288 -   South West       Oyo          * Cashew Nuts           N   1,677,000/MT
2026-05-08 09:38:30.276 | INFO     | __main__:run_zonal_forecast:288 -   South West       Oyo          * Beans (white)         N     894,667/MT
2026-05-08 09:38:30.277 | INFO     | __main__:run_zonal_forecast:288 -   South West       Oyo          * Maize (white)         N     227,880/MT
2026-05-08 09:38:30.278 | INFO     | __main__:run_zonal_forecast:288 -   South West       Lagos        * Hibiscus              N   2,673,750/MT
2026-05-08 09:38:30.278 | INFO     | __main__:run_zonal_forecast:288 -   South West       Lagos        * Sesame                N   1,469,100/MT
2026-05-08 09:38:30.279 | INFO     | __main__:run_zonal_forecast:288 -   South West       Lagos        * Cocoa                 N   6,102,000/MT
2026-05-08 09:38:30.279 | INFO     | __main__:run_zonal_forecast:288 -   South West       Lagos        * Soybeans              N     908,900/MT
2026-05-08 09:38:30.280 | INFO     | __main__:run_zonal_forecast:288 -   South West       Lagos        * Beans (white)         N   1,041,068/MT
2026-05-08 09:38:30.280 | INFO     | __main__:run_zonal_forecast:288 -   South West       Lagos        * Beans (red)           N   1,143,750/MT
2026-05-08 09:38:30.281 | INFO     | __main__:run_zonal_forecast:288 -   South West       Lagos        * Maize (white)         N     274,300/MT
2026-05-08 09:38:30.282 | INFO     | __main__:run_zonal_forecast:288 -   South West       Lagos        * Maize (yellow)        N     295,620/MT
2026-05-08 09:38:30.282 | INFO     | __main__:run_zonal_forecast:288 -   South East       Anambra      * Cocoa                 N   5,932,500/MT
2026-05-08 09:38:30.283 | INFO     | __main__:run_zonal_forecast:288 -   South East       Anambra      * Cashew Nuts           N   2,145,000/MT
2026-05-08 09:38:30.284 | INFO     | __main__:run_zonal_forecast:288 -   South East       Anambra      * Beans (white)         N     959,734/MT
2026-05-08 09:38:30.284 | INFO     | __main__:run_zonal_forecast:288 -   South East       Anambra      * Beans (red)           N   1,052,250/MT
2026-05-08 09:38:30.285 | INFO     | __main__:run_zonal_forecast:288 -   South East       Anambra      * Maize (white)         N     253,200/MT
2026-05-08 09:38:30.285 | INFO     | __main__:run_zonal_forecast:288 -   South East       Imo          * Cocoa                 N   5,141,500/MT
2026-05-08 09:38:30.286 | INFO     | __main__:run_zonal_forecast:288 -   South East       Imo          * Cashew Nuts           N   2,067,000/MT
2026-05-08 09:38:30.287 | INFO     | __main__:run_zonal_forecast:288 -   South East       Imo          * Beans (white)         N     935,334/MT
2026-05-08 09:38:30.287 | INFO     | __main__:run_zonal_forecast:288 -   South East       Imo          * Maize (white)         N     246,870/MT
2026-05-08 09:38:30.287 | INFO     | __main__:run_zonal_forecast:288 -   South South      Rivers       * Hibiscus              N   2,604,000/MT
2026-05-08 09:38:30.288 | INFO     | __main__:run_zonal_forecast:288 -   South South      Rivers       * Sesame                N   1,469,100/MT
2026-05-08 09:38:30.288 | INFO     | __main__:run_zonal_forecast:288 -   South South      Rivers       * Cocoa                 N   5,932,500/MT
2026-05-08 09:38:30.289 | INFO     | __main__:run_zonal_forecast:288 -   South South      Rivers       * Beans (white)         N     992,267/MT
2026-05-08 09:38:30.290 | INFO     | __main__:run_zonal_forecast:288 -   South South      Rivers       * Beans (red)           N   1,098,000/MT
2026-05-08 09:38:30.290 | INFO     | __main__:run_zonal_forecast:288 -   South South      Rivers       * Maize (white)         N     263,750/MT
2026-05-08 09:38:30.291 | INFO     | __main__:run_zonal_forecast:288 -   South South      Delta        * Hibiscus              N   2,511,000/MT
2026-05-08 09:38:30.291 | INFO     | __main__:run_zonal_forecast:288 -   South South      Delta        * Sesame                N   1,444,200/MT
2026-05-08 09:38:30.291 | INFO     | __main__:run_zonal_forecast:288 -   South South      Delta        * Cocoa                 N   5,254,500/MT
2026-05-08 09:38:30.291 | INFO     | __main__:run_zonal_forecast:288 -   South South      Delta        * Soybeans              N     849,300/MT
2026-05-08 09:38:30.293 | INFO     | __main__:run_zonal_forecast:288 -   South South      Delta        * Beans (white)         N     951,601/MT
2026-05-08 09:38:30.293 | INFO     | __main__:run_zonal_forecast:288 -   South South      Delta        * Maize (white)         N     253,200/MT
2026-05-08 09:38:30.294 | INFO     | __main__:run_zonal_forecast:290 - 
2026-05-08 09:38:30.294 | INFO     | __main__:run_zonal_forecast:291 -   BEST BUY NATIONALLY:
2026-05-08 09:38:30.294 | INFO     | __main__:run_zonal_forecast:292 -   Commodity              Best Buy                           Price  Spread
2026-05-08 09:38:30.296 | INFO     | __main__:run_zonal_forecast:293 -   ──────────────────────────────────────────────────────────────────
2026-05-08 09:38:30.296 | INFO     | __main__:run_zonal_forecast:297 -   Hibiscus               Kaduna                    N   2,162,250/MT  (24% spread)
2026-05-08 09:38:30.296 | INFO     | __main__:run_zonal_forecast:297 -   Sesame                 Kano                      N   1,033,350/MT  (42% spread)
2026-05-08 09:38:30.296 | INFO     | __main__:run_zonal_forecast:297 -   Ginger                 Kaduna                    N   6,984,000/MT  (67% spread)
2026-05-08 09:38:30.296 | INFO     | __main__:run_zonal_forecast:297 -   Cocoa                  Kogi                      N   4,972,000/MT  (34% spread)
2026-05-08 09:38:30.296 | INFO     | __main__:run_zonal_forecast:297 -   Soybeans               Plateau                   N     618,350/MT  (47% spread)
2026-05-08 09:38:30.296 | INFO     | __main__:run_zonal_forecast:297 -   Cashew Nuts            Kogi                      N   1,560,000/MT  (44% spread)
2026-05-08 09:38:30.296 | INFO     | __main__:run_zonal_forecast:297 -   Sorghum                Kano                      N     261,300/MT  (54% spread)
2026-05-08 09:38:30.296 | INFO     | __main__:run_zonal_forecast:297 -   Beans (white)          Kano                      N     707,601/MT  (47% spread)
2026-05-08 09:38:30.296 | INFO     | __main__:run_zonal_forecast:297 -   Beans (red)            Kano                      N     823,500/MT  (39% spread)
2026-05-08 09:38:30.300 | INFO     | __main__:run_zonal_forecast:297 -   Maize (white)          Kano                      N     168,800/MT  (62% spread)
2026-05-08 09:38:30.300 | INFO     | __main__:run_zonal_forecast:297 -   Maize (yellow)         Kano                      N     181,920/MT  (62% spread)
2026-05-08 09:38:30.300 | INFO     | __main__:run_zonal_forecast:297 -   Wheat                  Kaduna                    N     614,945/MT  (40% spread)
2026-05-08 09:38:30.548 | SUCCESS  | __main__:run_zonal_forecast:310 -   Zonal JSON  → c:\Users\USER\Downloads\agrolinking-intel-structure\agrolinking-intel\outputs\forecasts\zonal\zonal_forecast_2026-05-08.json
2026-05-08 09:38:30.551 | SUCCESS  | __main__:run_zonal_forecast:317 -   Zonal alert → c:\Users\USER\Downloads\agrolinking-intel-structure\agrolinking-intel\outputs\daily_alerts\alert_zonal_2026-05-08.txt
2026-05-08 09:38:30.556 | SUCCESS  | __main__:run_zonal_forecast:324 -   State report→ c:\Users\USER\Downloads\agrolinking-intel-structure\agrolinking-intel\outputs\forecasts\zonal\state_detail_report_2026-05-08.txt
2026-05-08 09:38:30.556 | INFO     | __main__:run_zonal_forecast:327 - 
2026-05-08 09:38:30.556 | INFO     | __main__:run_zonal_forecast:328 - =================================================================
2026-05-08 09:38:30.558 | INFO     | __main__:run_zonal_forecast:330 -   AGROLINKING ZONAL COMMODITY INTELLIGENCE
2026-05-08 09:38:30.558 | INFO     | __main__:run_zonal_forecast:330 -   Date: Friday, 08 May 2026
2026-05-08 09:38:30.559 | INFO     | __main__:run_zonal_forecast:330 -   6 Zones | 12 States | 12 Commodities
2026-05-08 09:38:30.559 | INFO     | __main__:run_zonal_forecast:330 -   =======================================================
2026-05-08 09:38:30.560 | INFO     | __main__:run_zonal_forecast:330 -   
2026-05-08 09:38:30.560 | INFO     | __main__:run_zonal_forecast:330 -   NORTH WEST (Kano & Kaduna)
2026-05-08 09:38:30.560 | INFO     | __main__:run_zonal_forecast:330 -     Nigeria's main grain belt. Highest Maize, Sorghum, Sesame, Wheat production.
2026-05-08 09:38:30.561 | INFO     | __main__:run_zonal_forecast:330 -     Commodity              Kano               Kaduna
2026-05-08 09:38:30.561 | INFO     | __main__:run_zonal_forecast:330 -     -------------------------------------------------------
2026-05-08 09:38:30.561 | INFO     | __main__:run_zonal_forecast:330 -     Hibiscus                N2.21M            N2.16M          
2026-05-08 09:38:30.563 | INFO     | __main__:run_zonal_forecast:330 -     Sesame                * N1.03M            N1.06M          
2026-05-08 09:38:30.563 | INFO     | __main__:run_zonal_forecast:330 -     Ginger                  N9.51M          * N6.98M          
2026-05-08 09:38:30.563 | INFO     | __main__:run_zonal_forecast:330 -     Cocoa                   N5.76M            N5.93M          
2026-05-08 09:38:30.563 | INFO     | __main__:run_zonal_forecast:330 -     Soybeans                N670K           * N626K           
2026-05-08 09:38:30.564 | INFO     | __main__:run_zonal_forecast:330 -     Cashew Nuts             N1.95M            N1.99M          
2026-05-08 09:38:30.564 | INFO     | __main__:run_zonal_forecast:330 -     Sorghum               * N261K           * N268K           
2026-05-08 09:38:30.564 | INFO     | __main__:run_zonal_forecast:330 -     Beans (white)         * N708K             N716K           
2026-05-08 09:38:30.565 | INFO     | __main__:run_zonal_forecast:330 -     Beans (red)             N824K             N833K           
2026-05-08 09:38:30.565 | INFO     | __main__:run_zonal_forecast:330 -     Maize (white)         * N169K           * N171K           
2026-05-08 09:38:30.565 | INFO     | __main__:run_zonal_forecast:330 -     Maize (yellow)        * N182K           * N184K           
2026-05-08 09:38:30.565 | INFO     | __main__:run_zonal_forecast:330 -     Wheat                 * N629K           * N615K           
2026-05-08 09:38:30.565 | INFO     | __main__:run_zonal_forecast:330 -   
2026-05-08 09:38:30.568 | INFO     | __main__:run_zonal_forecast:330 -   NORTH CENTRAL (Plateau & Kogi)
2026-05-08 09:38:30.568 | INFO     | __main__:run_zonal_forecast:330 -     Middle Belt. Ginger heartland (Plateau), Cashew/Cocoa belt (Kogi).
2026-05-08 09:38:30.568 | INFO     | __main__:run_zonal_forecast:330 -     Commodity              Plateau            Kogi
2026-05-08 09:38:30.570 | INFO     | __main__:run_zonal_forecast:330 -     -------------------------------------------------------
2026-05-08 09:38:30.570 | INFO     | __main__:run_zonal_forecast:330 -     Hibiscus                N2.26M            N2.23M          
2026-05-08 09:38:30.570 | INFO     | __main__:run_zonal_forecast:330 -     Sesame                  N1.20M            N1.21M          
2026-05-08 09:38:30.571 | INFO     | __main__:run_zonal_forecast:330 -     Ginger                * N7.28M            N9.12M          
2026-05-08 09:38:30.571 | INFO     | __main__:run_zonal_forecast:330 -     Cocoa                   N6.10M          * N4.97M          
2026-05-08 09:38:30.571 | INFO     | __main__:run_zonal_forecast:330 -     Soybeans              * N618K           * N648K           
2026-05-08 09:38:30.571 | INFO     | __main__:run_zonal_forecast:330 -     Cashew Nuts             N2.05M          * N1.56M          
2026-05-08 09:38:30.574 | INFO     | __main__:run_zonal_forecast:330 -     Sorghum                 N308K           * N305K           
2026-05-08 09:38:30.574 | INFO     | __main__:run_zonal_forecast:330 -     Beans (white)         * N732K           * N748K           
2026-05-08 09:38:30.574 | INFO     | __main__:run_zonal_forecast:330 -     Beans (red)             N869K             N860K           
2026-05-08 09:38:30.575 | INFO     | __main__:run_zonal_forecast:330 -     Maize (white)         * N184K           * N190K           
2026-05-08 09:38:30.575 | INFO     | __main__:run_zonal_forecast:330 -     Maize (yellow)          N200K             N207K           
2026-05-08 09:38:30.575 | INFO     | __main__:run_zonal_forecast:330 -     Wheat                 * N643K             N686K           
2026-05-08 09:38:30.575 | INFO     | __main__:run_zonal_forecast:330 -   
2026-05-08 09:38:30.575 | INFO     | __main__:run_zonal_forecast:330 -   NORTH EAST (Adamawa & Borno)
2026-05-08 09:38:30.575 | INFO     | __main__:run_zonal_forecast:330 -     Semi-arid. Sorghum, Maize. Conflict premium on imports in Borno.
2026-05-08 09:38:30.577 | INFO     | __main__:run_zonal_forecast:330 -     Commodity              Adamawa            Borno
2026-05-08 09:38:30.577 | INFO     | __main__:run_zonal_forecast:330 -     -------------------------------------------------------
2026-05-08 09:38:30.577 | INFO     | __main__:run_zonal_forecast:330 -     Hibiscus                N2.28M            N2.44M          
2026-05-08 09:38:30.577 | INFO     | __main__:run_zonal_forecast:330 -     Sesame                * N1.07M          * N1.11M          
2026-05-08 09:38:30.579 | INFO     | __main__:run_zonal_forecast:330 -     Ginger                * N8.05M            N11.15M         
2026-05-08 09:38:30.579 | INFO     | __main__:run_zonal_forecast:330 -     Cocoa                   N5.93M            N6.67M          
2026-05-08 09:38:30.579 | INFO     | __main__:run_zonal_forecast:330 -     Soybeans              * N663K             N805K           
2026-05-08 09:38:30.579 | INFO     | __main__:run_zonal_forecast:330 -     Cashew Nuts             N2.03M            N2.24M          
2026-05-08 09:38:30.579 | INFO     | __main__:run_zonal_forecast:330 -     Sorghum               * N291K           * N308K           
2026-05-08 09:38:30.582 | INFO     | __main__:run_zonal_forecast:330 -     Beans (white)         * N748K           * N862K           
2026-05-08 09:38:30.582 | INFO     | __main__:run_zonal_forecast:330 -     Beans (red)             N869K             N1.01M          
2026-05-08 09:38:30.582 | INFO     | __main__:run_zonal_forecast:330 -     Maize (white)         * N186K           * N228K           
2026-05-08 09:38:30.582 | INFO     | __main__:run_zonal_forecast:330 -     Maize (yellow)          N202K             N246K           
2026-05-08 09:38:30.582 | INFO     | __main__:run_zonal_forecast:330 -     Wheat                   N693K           * N792K           
2026-05-08 09:38:30.582 | INFO     | __main__:run_zonal_forecast:330 -   
2026-05-08 09:38:30.582 | INFO     | __main__:run_zonal_forecast:330 -   SOUTH WEST (Oyo & Lagos)
2026-05-08 09:38:30.586 | INFO     | __main__:run_zonal_forecast:330 -     Commercial capital. Lagos is the price-setter for consumer markets.
2026-05-08 09:38:30.586 | INFO     | __main__:run_zonal_forecast:330 -     Commodity              Oyo                Lagos
2026-05-08 09:38:30.587 | INFO     | __main__:run_zonal_forecast:330 -     -------------------------------------------------------
2026-05-08 09:38:30.587 | INFO     | __main__:run_zonal_forecast:330 -     Hibiscus              * N2.39M          * N2.67M          
2026-05-08 09:38:30.587 | INFO     | __main__:run_zonal_forecast:330 -     Sesame                  N1.32M          * N1.47M          
2026-05-08 09:38:30.587 | INFO     | __main__:run_zonal_forecast:330 -     Ginger                  N10.48M           N11.64M         
2026-05-08 09:38:30.587 | INFO     | __main__:run_zonal_forecast:330 -     Cocoa                 * N5.03M          * N6.10M          
2026-05-08 09:38:30.587 | INFO     | __main__:run_zonal_forecast:330 -     Soybeans              * N775K           * N909K           
2026-05-08 09:38:30.587 | INFO     | __main__:run_zonal_forecast:330 -     Cashew Nuts           * N1.68M            N2.15M          
2026-05-08 09:38:30.591 | INFO     | __main__:run_zonal_forecast:330 -     Sorghum                 N352K             N395K           
2026-05-08 09:38:30.591 | INFO     | __main__:run_zonal_forecast:330 -     Beans (white)         * N895K           * N1.04M          
2026-05-08 09:38:30.591 | INFO     | __main__:run_zonal_forecast:330 -     Beans (red)             N1.02M          * N1.14M          
2026-05-08 09:38:30.592 | INFO     | __main__:run_zonal_forecast:330 -     Maize (white)         * N228K           * N274K           
2026-05-08 09:38:30.592 | INFO     | __main__:run_zonal_forecast:330 -     Maize (yellow)          N246K           * N296K           
2026-05-08 09:38:30.592 | INFO     | __main__:run_zonal_forecast:330 -     Wheat                   N778K             N813K           
2026-05-08 09:38:30.592 | INFO     | __main__:run_zonal_forecast:330 -   
2026-05-08 09:38:30.592 | INFO     | __main__:run_zonal_forecast:330 -   SOUTH EAST (Anambra & Imo)
2026-05-08 09:38:30.592 | INFO     | __main__:run_zonal_forecast:330 -     High consumption, low production of traded commodities. Import-dependent.
2026-05-08 09:38:30.596 | INFO     | __main__:run_zonal_forecast:330 -     Commodity              Anambra            Imo
2026-05-08 09:38:30.596 | INFO     | __main__:run_zonal_forecast:330 -     -------------------------------------------------------
2026-05-08 09:38:30.596 | INFO     | __main__:run_zonal_forecast:330 -     Hibiscus                N2.60M            N2.56M          
2026-05-08 09:38:30.596 | INFO     | __main__:run_zonal_forecast:330 -     Sesame                  N1.44M            N1.42M          
2026-05-08 09:38:30.596 | INFO     | __main__:run_zonal_forecast:330 -     Ginger                  N11.15M           N10.86M         
2026-05-08 09:38:30.598 | INFO     | __main__:run_zonal_forecast:330 -     Cocoa                 * N5.93M          * N5.14M          
2026-05-08 09:38:30.598 | INFO     | __main__:run_zonal_forecast:330 -     Soybeans                N849K             N834K           
2026-05-08 09:38:30.598 | INFO     | __main__:run_zonal_forecast:330 -     Cashew Nuts           * N2.15M          * N2.07M          
2026-05-08 09:38:30.598 | INFO     | __main__:run_zonal_forecast:330 -     Sorghum                 N382K             N375K           
2026-05-08 09:38:30.600 | INFO     | __main__:run_zonal_forecast:330 -     Beans (white)         * N960K           * N935K           
2026-05-08 09:38:30.600 | INFO     | __main__:run_zonal_forecast:330 -     Beans (red)           * N1.05M            N1.03M          
2026-05-08 09:38:30.600 | INFO     | __main__:run_zonal_forecast:330 -     Maize (white)         * N253K           * N247K           
2026-05-08 09:38:30.601 | INFO     | __main__:run_zonal_forecast:330 -     Maize (yellow)          N273K             N266K           
2026-05-08 09:38:30.601 | INFO     | __main__:run_zonal_forecast:330 -     Wheat                   N834K             N820K           
2026-05-08 09:38:30.601 | INFO     | __main__:run_zonal_forecast:330 -   
2026-05-08 09:38:30.601 | INFO     | __main__:run_zonal_forecast:330 -   SOUTH SOUTH (Rivers & Delta)
2026-05-08 09:38:30.601 | INFO     | __main__:run_zonal_forecast:330 -     Oil belt. High purchasing power. Cocoa producer (Delta).
2026-05-08 09:38:30.605 | INFO     | __main__:run_zonal_forecast:330 -     Commodity              Rivers             Delta
2026-05-08 09:38:30.606 | INFO     | __main__:run_zonal_forecast:330 -     -------------------------------------------------------
2026-05-08 09:38:30.606 | INFO     | __main__:run_zonal_forecast:330 -     Hibiscus              * N2.60M          * N2.51M          
2026-05-08 09:38:30.607 | INFO     | __main__:run_zonal_forecast:330 -     Sesame                * N1.47M          * N1.44M          
2026-05-08 09:38:30.607 | INFO     | __main__:run_zonal_forecast:330 -     Ginger                  N11.64M           N11.15M         
2026-05-08 09:38:30.608 | INFO     | __main__:run_zonal_forecast:330 -     Cocoa                 * N5.93M          * N5.25M          
2026-05-08 09:38:30.608 | INFO     | __main__:run_zonal_forecast:330 -     Soybeans                N879K           * N849K           
2026-05-08 09:38:30.608 | INFO     | __main__:run_zonal_forecast:330 -     Cashew Nuts             N2.24M            N2.15M          
2026-05-08 09:38:30.608 | INFO     | __main__:run_zonal_forecast:330 -     Sorghum                 N402K             N395K           
2026-05-08 09:38:30.608 | INFO     | __main__:run_zonal_forecast:330 -     Beans (white)         * N992K           * N952K           
2026-05-08 09:38:30.610 | INFO     | __main__:run_zonal_forecast:330 -     Beans (red)           * N1.10M            N1.05M          
2026-05-08 09:38:30.610 | INFO     | __main__:run_zonal_forecast:330 -     Maize (white)         * N264K           * N253K           
2026-05-08 09:38:30.610 | INFO     | __main__:run_zonal_forecast:330 -     Maize (yellow)          N284K             N273K           
2026-05-08 09:38:30.610 | INFO     | __main__:run_zonal_forecast:330 -     Wheat                   N862K             N848K           
2026-05-08 09:38:30.610 | INFO     | __main__:run_zonal_forecast:330 -   
2026-05-08 09:38:30.610 | INFO     | __main__:run_zonal_forecast:330 -   =======================================================
2026-05-08 09:38:30.613 | INFO     | __main__:run_zonal_forecast:330 -   * = State's primary/dominant commodity (producer advantage)
2026-05-08 09:38:30.613 | INFO     | __main__:run_zonal_forecast:330 -   
2026-05-08 09:38:30.613 | INFO     | __main__:run_zonal_forecast:330 -   BEST SOURCING NATIONALLY:
2026-05-08 09:38:30.613 | INFO     | __main__:run_zonal_forecast:330 -     Commodity              Best Buy State           Price        Spread
2026-05-08 09:38:30.613 | INFO     | __main__:run_zonal_forecast:330 -     -----------------------------------------------------------------
2026-05-08 09:38:30.615 | INFO     | __main__:run_zonal_forecast:330 -     Hibiscus               Kaduna                   N2.16M       (vs N2.67M in Lagos, spread: 24%)
2026-05-08 09:38:30.616 | INFO     | __main__:run_zonal_forecast:330 -     Sesame                 Kano                     N1.03M       (vs N1.47M in Lagos, spread: 42%)
2026-05-08 09:38:30.616 | INFO     | __main__:run_zonal_forecast:330 -     Ginger                 Kaduna                   N6.98M       (vs N11.64M in Lagos, spread: 67%)
2026-05-08 09:38:30.616 | INFO     | __main__:run_zonal_forecast:330 -     Cocoa                  Kogi                     N4.97M       (vs N6.67M in Borno, spread: 34%)
2026-05-08 09:38:30.616 | INFO     | __main__:run_zonal_forecast:330 -     Soybeans               Plateau                  N618K        (vs N909K in Lagos, spread: 47%)
2026-05-08 09:38:30.616 | INFO     | __main__:run_zonal_forecast:330 -     Cashew Nuts            Kogi                     N1.56M       (vs N2.24M in Borno, spread: 44%)
2026-05-08 09:38:30.618 | INFO     | __main__:run_zonal_forecast:330 -     Sorghum                Kano                     N261K        (vs N402K in Rivers, spread: 54%)
2026-05-08 09:38:30.618 | INFO     | __main__:run_zonal_forecast:330 -     Beans (white)          Kano                     N708K        (vs N1.04M in Lagos, spread: 47%)
2026-05-08 09:38:30.618 | INFO     | __main__:run_zonal_forecast:330 -     Beans (red)            Kano                     N824K        (vs N1.14M in Lagos, spread: 39%)
2026-05-08 09:38:30.618 | INFO     | __main__:run_zonal_forecast:330 -     Maize (white)          Kano                     N169K        (vs N274K in Lagos, spread: 62%)
2026-05-08 09:38:30.618 | INFO     | __main__:run_zonal_forecast:330 -     Maize (yellow)         Kano                     N182K        (vs N296K in Lagos, spread: 62%)
2026-05-08 09:38:30.618 | INFO     | __main__:run_zonal_forecast:330 -     Wheat                  Kaduna                   N615K        (vs N862K in Rivers, spread: 40%)
2026-05-08 09:38:30.618 | INFO     | __main__:run_zonal_forecast:330 -   
2026-05-08 09:38:30.621 | INFO     | __main__:run_zonal_forecast:330 -   =======================================================
2026-05-08 09:38:30.622 | INFO     | __main__:run_zonal_forecast:330 -   Source: Agrolinking Intelligence Platform
2026-05-08 09:38:30.622 | INFO     | __main__:run_zonal_forecast:330 -   Next update: 09 May 2026
2026-05-08 09:38:30.622 | INFO     | __main__:run_zonal_forecast:331 - =================================================================
2026-05-08 09:38:30.622 | SUCCESS  | __main__:run_zonal_forecast:332 - ZONAL FORECASTING COMPLETE — 6 zones | 12 states | 12 commodities
