2026-06-18 05:44:54.250 | INFO     | __main__:run_zonal_forecast:430 - =================================================================
2026-06-18 05:44:54.252 | INFO     | __main__:run_zonal_forecast:431 - STEP 7 — ZONAL & STATE-LEVEL FORECASTING
2026-06-18 05:44:54.252 | INFO     | __main__:run_zonal_forecast:432 -   Date  : Thursday, 18 June 2026  05:44
2026-06-18 05:44:54.252 | INFO     | __main__:run_zonal_forecast:433 -   Anchor: DAILY INTERPOLATED (from last_known_date, drifts daily)
2026-06-18 05:44:54.253 | INFO     | __main__:run_zonal_forecast:434 - =================================================================
2026-06-18 05:44:54.342 | INFO     | __main__:run_zonal_forecast:437 -   Source: forecast_validated_2026-06-18.json
2026-06-18 05:44:54.344 | INFO     | __main__:run_zonal_forecast:444 -   Maize (white): last_known=2026-06-18, days_elapsed=0
2026-06-18 05:44:54.344 | INFO     | __main__:run_zonal_forecast:444 -   Hibiscus: last_known=2026-06-18, days_elapsed=0
2026-06-18 05:44:54.345 | INFO     | __main__:run_zonal_forecast:444 -   Sesame: last_known=2026-06-18, days_elapsed=0
2026-06-18 05:44:54.345 | INFO     | __main__:build_zonal_output:251 - 
2026-06-18 05:44:54.345 | INFO     | __main__:build_zonal_output:252 -   NATIONAL ANCHORS (interpolated from last_known_date to today):
2026-06-18 05:44:54.346 | INFO     | __main__:build_zonal_output:253 -   Commodity                 Today Price   Day Chg    vs Ref  Source
2026-06-18 05:44:54.346 | INFO     | __main__:build_zonal_output:254 -   --------------------------------------------------------------------------------
2026-06-18 05:44:54.346 | DEBUG    | __main__:get_daily_price:116 -   last_known=2026-06-18, run=2026-06-18, elapsed=7d
2026-06-18 05:44:54.347 | DEBUG    | __main__:get_daily_price:82 -   last_known_date 2026-06-18 is in future. Capping to 7 days ago.
2026-06-18 05:44:54.348 | DEBUG    | __main__:get_daily_price:116 -   last_known=2026-06-18, run=2026-06-17, elapsed=7d
2026-06-18 05:44:54.348 | INFO     | __main__:build_zonal_output:284 -   Hibiscus               N   2,299,626    -0.08%   -1.09%  interp d7 (weekly series | -1.09% v
2026-06-18 05:44:54.349 | DEBUG    | __main__:get_daily_price:116 -   last_known=2026-06-18, run=2026-06-18, elapsed=7d
2026-06-18 05:44:54.349 | DEBUG    | __main__:get_daily_price:82 -   last_known_date 2026-06-18 is in future. Capping to 7 days ago.
2026-06-18 05:44:54.350 | DEBUG    | __main__:get_daily_price:116 -   last_known=2026-06-18, run=2026-06-17, elapsed=7d
2026-06-18 05:44:54.350 | INFO     | __main__:build_zonal_output:284 -   Sesame                 N   1,634,985    -0.07%   -0.91%  interp d7 (weekly series | -0.91% v
2026-06-18 05:44:54.351 | DEBUG    | __main__:get_daily_price:116 -   last_known=2026-06-18, run=2026-06-18, elapsed=7d
2026-06-18 05:44:54.352 | DEBUG    | __main__:get_daily_price:82 -   last_known_date 2026-06-18 is in future. Capping to 7 days ago.
2026-06-18 05:44:54.352 | DEBUG    | __main__:get_daily_price:116 -   last_known=2026-06-18, run=2026-06-17, elapsed=7d
2026-06-18 05:44:54.352 | INFO     | __main__:build_zonal_output:284 -   Ginger                 N  12,117,335    +0.07%  + +0.98%  interp d7 (weekly series | +0.98% v
2026-06-18 05:44:54.353 | DEBUG    | __main__:get_daily_price:116 -   last_known=2026-06-18, run=2026-06-18, elapsed=7d
2026-06-18 05:44:54.354 | DEBUG    | __main__:get_daily_price:82 -   last_known_date 2026-06-18 is in future. Capping to 7 days ago.
2026-06-18 05:44:54.354 | DEBUG    | __main__:get_daily_price:116 -   last_known=2026-06-18, run=2026-06-17, elapsed=7d
2026-06-18 05:44:54.355 | INFO     | __main__:build_zonal_output:284 -   Cocoa                  N   5,723,482    +0.09%  + +1.30%  interp d7 (weekly series | +1.30% v
2026-06-18 05:44:54.355 | DEBUG    | __main__:get_daily_price:116 -   last_known=2026-06-18, run=2026-06-18, elapsed=7d
2026-06-18 05:44:54.356 | DEBUG    | __main__:get_daily_price:82 -   last_known_date 2026-06-18 is in future. Capping to 7 days ago.
2026-06-18 05:44:54.356 | DEBUG    | __main__:get_daily_price:116 -   last_known=2026-06-18, run=2026-06-17, elapsed=7d
2026-06-18 05:44:54.357 | INFO     | __main__:build_zonal_output:284 -   Soybeans               N     750,571    +0.05%  + +0.75%  interp d7 (weekly series | +0.75% v
2026-06-18 05:44:54.358 | DEBUG    | __main__:get_daily_price:116 -   last_known=2026-06-18, run=2026-06-18, elapsed=7d
2026-06-18 05:44:54.359 | DEBUG    | __main__:get_daily_price:82 -   last_known_date 2026-06-18 is in future. Capping to 7 days ago.
2026-06-18 05:44:54.359 | DEBUG    | __main__:get_daily_price:116 -   last_known=2026-06-18, run=2026-06-17, elapsed=7d
2026-06-18 05:44:54.361 | INFO     | __main__:build_zonal_output:284 -   Cashew Nuts            N   1,973,796    +0.09%  + +1.22%  interp d7 (weekly series | +1.22% v
2026-06-18 05:44:54.361 | DEBUG    | __main__:get_daily_price:116 -   last_known=2026-06-18, run=2026-06-18, elapsed=7d
2026-06-18 05:44:54.363 | DEBUG    | __main__:get_daily_price:82 -   last_known_date 2026-06-18 is in future. Capping to 7 days ago.
2026-06-18 05:44:54.363 | DEBUG    | __main__:get_daily_price:116 -   last_known=2026-06-18, run=2026-06-17, elapsed=7d
2026-06-18 05:44:54.364 | INFO     | __main__:build_zonal_output:284 -   Sorghum                N     422,281    +0.04%  + +0.54%  interp d7 (weekly series | +0.54% v
2026-06-18 05:44:54.364 | DEBUG    | __main__:get_daily_price:116 -   last_known=2026-06-18, run=2026-06-18, elapsed=7d
2026-06-18 05:44:54.365 | DEBUG    | __main__:get_daily_price:82 -   last_known_date 2026-06-18 is in future. Capping to 7 days ago.
2026-06-18 05:44:54.365 | DEBUG    | __main__:get_daily_price:116 -   last_known=2026-06-18, run=2026-06-17, elapsed=7d
2026-06-18 05:44:54.367 | INFO     | __main__:build_zonal_output:284 -   Beans (white)          N     822,411    +0.08%  + +1.16%  interp d7 (weekly series | +1.16% v
2026-06-18 05:44:54.367 | DEBUG    | __main__:get_daily_price:116 -   last_known=2026-06-18, run=2026-06-18, elapsed=7d
2026-06-18 05:44:54.368 | DEBUG    | __main__:get_daily_price:82 -   last_known_date 2026-06-18 is in future. Capping to 7 days ago.
2026-06-18 05:44:54.368 | DEBUG    | __main__:get_daily_price:116 -   last_known=2026-06-18, run=2026-06-17, elapsed=7d
2026-06-18 05:44:54.369 | INFO     | __main__:build_zonal_output:284 -   Beans (red)            N     909,056    -0.05%   -0.65%  interp d7 (weekly series | -0.65% v
2026-06-18 05:44:54.369 | DEBUG    | __main__:get_daily_price:116 -   last_known=2026-06-18, run=2026-06-18, elapsed=7d
2026-06-18 05:44:54.370 | DEBUG    | __main__:get_daily_price:82 -   last_known_date 2026-06-18 is in future. Capping to 7 days ago.
2026-06-18 05:44:54.370 | DEBUG    | __main__:get_daily_price:116 -   last_known=2026-06-18, run=2026-06-17, elapsed=7d
2026-06-18 05:44:54.371 | INFO     | __main__:build_zonal_output:284 -   Maize (white)          N     371,590    +0.03%  + +0.43%  interp d7 (weekly series | +0.43% v
2026-06-18 05:44:54.371 | DEBUG    | __main__:get_daily_price:116 -   last_known=2026-06-18, run=2026-06-18, elapsed=7d
2026-06-18 05:44:54.372 | DEBUG    | __main__:get_daily_price:82 -   last_known_date 2026-06-18 is in future. Capping to 7 days ago.
2026-06-18 05:44:54.372 | DEBUG    | __main__:get_daily_price:116 -   last_known=2026-06-18, run=2026-06-17, elapsed=7d
2026-06-18 05:44:54.372 | INFO     | __main__:build_zonal_output:284 -   Maize (yellow)         N     401,781    +0.03%  + +0.45%  interp d7 (weekly series | +0.45% v
2026-06-18 05:44:54.373 | DEBUG    | __main__:get_daily_price:116 -   last_known=2026-06-18, run=2026-06-18, elapsed=7d
2026-06-18 05:44:54.374 | DEBUG    | __main__:get_daily_price:82 -   last_known_date 2026-06-18 is in future. Capping to 7 days ago.
2026-06-18 05:44:54.374 | DEBUG    | __main__:get_daily_price:116 -   last_known=2026-06-18, run=2026-06-17, elapsed=7d
2026-06-18 05:44:54.375 | INFO     | __main__:build_zonal_output:284 -   Wheat                  N     712,940    +0.06%  + +0.86%  interp d7 (weekly series | +0.86% v
2026-06-18 05:44:54.375 | DEBUG    | __main__:get_daily_price:116 -   last_known=2026-06-18, run=2026-06-18, elapsed=7d
2026-06-18 05:44:54.378 | DEBUG    | __main__:get_daily_price:82 -   last_known_date 2026-06-18 is in future. Capping to 7 days ago.
2026-06-18 05:44:54.378 | DEBUG    | __main__:get_daily_price:116 -   last_known=2026-06-18, run=2026-06-17, elapsed=7d
2026-06-18 05:44:54.380 | INFO     | __main__:build_zonal_output:284 -   Rice                   N   1,567,128    +0.08%  + +1.11%  interp d7 (weekly series | +1.11% v
2026-06-18 05:44:54.380 | DEBUG    | __main__:get_daily_price:116 -   last_known=2026-06-18, run=2026-06-18, elapsed=7d
2026-06-18 05:44:54.382 | DEBUG    | __main__:get_daily_price:82 -   last_known_date 2026-06-18 is in future. Capping to 7 days ago.
2026-06-18 05:44:54.382 | DEBUG    | __main__:get_daily_price:116 -   last_known=2026-06-18, run=2026-06-17, elapsed=7d
2026-06-18 05:44:54.383 | INFO     | __main__:build_zonal_output:284 -   Eggs                   N       7,147    -0.05%   -0.73%  interp d7 (weekly series | -0.73% v
2026-06-18 05:44:54.383 | DEBUG    | __main__:get_daily_price:116 -   last_known=2026-06-18, run=2026-06-18, elapsed=7d
2026-06-18 05:44:54.384 | DEBUG    | __main__:get_daily_price:82 -   last_known_date 2026-06-18 is in future. Capping to 7 days ago.
2026-06-18 05:44:54.384 | DEBUG    | __main__:get_daily_price:116 -   last_known=2026-06-18, run=2026-06-17, elapsed=7d
2026-06-18 05:44:54.385 | INFO     | __main__:build_zonal_output:284 -   Fish (dried)           N   2,769,682    -0.08%   -1.08%  interp d7 (weekly series | -1.08% v
2026-06-18 05:44:54.385 | DEBUG    | __main__:get_daily_price:116 -   last_known=2026-06-18, run=2026-06-18, elapsed=7d
2026-06-18 05:44:54.386 | DEBUG    | __main__:get_daily_price:82 -   last_known_date 2026-06-18 is in future. Capping to 7 days ago.
2026-06-18 05:44:54.386 | DEBUG    | __main__:get_daily_price:116 -   last_known=2026-06-18, run=2026-06-17, elapsed=7d
2026-06-18 05:44:54.387 | INFO     | __main__:build_zonal_output:284 -   Meat (goat)            N   4,557,706    +0.09%  + +1.28%  interp d7 (weekly series | +1.28% v
2026-06-18 05:44:54.387 | DEBUG    | __main__:get_daily_price:116 -   last_known=2026-06-18, run=2026-06-18, elapsed=7d
2026-06-18 05:44:54.388 | DEBUG    | __main__:get_daily_price:82 -   last_known_date 2026-06-18 is in future. Capping to 7 days ago.
2026-06-18 05:44:54.388 | DEBUG    | __main__:get_daily_price:116 -   last_known=2026-06-18, run=2026-06-17, elapsed=7d
2026-06-18 05:44:54.389 | INFO     | __main__:build_zonal_output:284 -   Meat (beef)            N   4,263,393    +0.11%  + +1.51%  interp d7 (weekly series | +1.51% v
2026-06-18 05:44:54.389 | INFO     | __main__:build_zonal_output:287 - 
2026-06-18 05:44:54.424 | INFO     | __main__:run_zonal_forecast:450 - 
2026-06-18 05:44:54.426 | INFO     | __main__:run_zonal_forecast:451 -   Zone             State        Commodity                 State Price  Day Chg
2026-06-18 05:44:54.426 | INFO     | __main__:run_zonal_forecast:452 -   ------------------------------------------------------------------------
2026-06-18 05:44:54.427 | INFO     | __main__:run_zonal_forecast:459 -   North West       Kano         * Sesame                N   1,357,038/MT  -0.07%
2026-06-18 05:44:54.428 | INFO     | __main__:run_zonal_forecast:459 -   North West       Kano         * Sorghum               N     329,379/MT  +0.04%
2026-06-18 05:44:54.428 | INFO     | __main__:run_zonal_forecast:459 -   North West       Kano         * Beans (white)         N     715,498/MT  +0.08%
2026-06-18 05:44:54.429 | INFO     | __main__:run_zonal_forecast:459 -   North West       Kano         * Maize (white)         N     297,272/MT  +0.03%
2026-06-18 05:44:54.429 | INFO     | __main__:run_zonal_forecast:459 -   North West       Kano         * Maize (yellow)        N     321,425/MT  +0.03%
2026-06-18 05:44:54.430 | INFO     | __main__:run_zonal_forecast:459 -   North West       Kano         * Wheat                 N     634,516/MT  +0.06%
2026-06-18 05:44:54.430 | INFO     | __main__:run_zonal_forecast:459 -   North West       Kaduna       * Ginger                N   8,724,481/MT  +0.07%
2026-06-18 05:44:54.430 | INFO     | __main__:run_zonal_forecast:459 -   North West       Kaduna       * Soybeans              N     630,480/MT  +0.05%
2026-06-18 05:44:54.431 | INFO     | __main__:run_zonal_forecast:459 -   North West       Kaduna       * Sorghum               N     337,825/MT  +0.04%
2026-06-18 05:44:54.431 | INFO     | __main__:run_zonal_forecast:459 -   North West       Kaduna       * Maize (white)         N     300,987/MT  +0.03%
2026-06-18 05:44:54.431 | INFO     | __main__:run_zonal_forecast:459 -   North West       Kaduna       * Maize (yellow)        N     325,443/MT  +0.03%
2026-06-18 05:44:54.432 | INFO     | __main__:run_zonal_forecast:459 -   North West       Kaduna       * Wheat                 N     620,258/MT  +0.06%
2026-06-18 05:44:54.432 | INFO     | __main__:run_zonal_forecast:459 -   North West       Kaduna       * Rice                  N   1,457,429/MT  +0.08%
2026-06-18 05:44:54.433 | INFO     | __main__:run_zonal_forecast:459 -   North Central    Plateau      * Ginger                N   9,088,001/MT  +0.07%
2026-06-18 05:44:54.433 | INFO     | __main__:run_zonal_forecast:459 -   North Central    Plateau      * Soybeans              N     622,974/MT  +0.05%
2026-06-18 05:44:54.433 | INFO     | __main__:run_zonal_forecast:459 -   North Central    Plateau      * Beans (white)         N     740,170/MT  +0.08%
2026-06-18 05:44:54.434 | INFO     | __main__:run_zonal_forecast:459 -   North Central    Plateau      * Maize (white)         N     323,283/MT  +0.03%
2026-06-18 05:44:54.434 | INFO     | __main__:run_zonal_forecast:459 -   North Central    Plateau      * Wheat                 N     648,775/MT  +0.06%
2026-06-18 05:44:54.434 | INFO     | __main__:run_zonal_forecast:459 -   North Central    Plateau      * Rice                  N   1,410,416/MT  +0.08%
2026-06-18 05:44:54.435 | INFO     | __main__:run_zonal_forecast:459 -   North Central    Kogi         * Cocoa                 N   5,036,664/MT  +0.09%
2026-06-18 05:44:54.435 | INFO     | __main__:run_zonal_forecast:459 -   North Central    Kogi         * Soybeans              N     652,997/MT  +0.05%
2026-06-18 05:44:54.435 | INFO     | __main__:run_zonal_forecast:459 -   North Central    Kogi         * Cashew Nuts           N   1,579,037/MT  +0.09%
2026-06-18 05:44:54.436 | INFO     | __main__:run_zonal_forecast:459 -   North Central    Kogi         * Sorghum               N     384,276/MT  +0.04%
2026-06-18 05:44:54.436 | INFO     | __main__:run_zonal_forecast:459 -   North Central    Kogi         * Beans (white)         N     756,618/MT  +0.08%
2026-06-18 05:44:54.436 | INFO     | __main__:run_zonal_forecast:459 -   North Central    Kogi         * Maize (white)         N     334,431/MT  +0.03%
2026-06-18 05:44:54.437 | INFO     | __main__:run_zonal_forecast:459 -   North East       Adamawa      * Sesame                N   1,406,087/MT  -0.07%
2026-06-18 05:44:54.438 | INFO     | __main__:run_zonal_forecast:459 -   North East       Adamawa      * Ginger                N  10,057,388/MT  +0.07%
2026-06-18 05:44:54.438 | INFO     | __main__:run_zonal_forecast:459 -   North East       Adamawa      * Soybeans              N     668,008/MT  +0.05%
2026-06-18 05:44:54.438 | INFO     | __main__:run_zonal_forecast:459 -   North East       Adamawa      * Sorghum               N     367,385/MT  +0.04%
2026-06-18 05:44:54.439 | INFO     | __main__:run_zonal_forecast:459 -   North East       Adamawa      * Beans (white)         N     756,618/MT  +0.08%
2026-06-18 05:44:54.439 | INFO     | __main__:run_zonal_forecast:459 -   North East       Adamawa      * Maize (white)         N     326,999/MT  +0.03%
2026-06-18 05:44:54.440 | INFO     | __main__:run_zonal_forecast:459 -   North East       Borno        * Sesame                N   1,455,137/MT  -0.07%
2026-06-18 05:44:54.440 | INFO     | __main__:run_zonal_forecast:459 -   North East       Borno        * Sorghum               N     388,499/MT  +0.04%
2026-06-18 05:44:54.440 | INFO     | __main__:run_zonal_forecast:459 -   North East       Borno        * Beans (white)         N     871,756/MT  +0.08%
2026-06-18 05:44:54.441 | INFO     | __main__:run_zonal_forecast:459 -   North East       Borno        * Maize (white)         N     401,317/MT  +0.03%
2026-06-18 05:44:54.441 | INFO     | __main__:run_zonal_forecast:459 -   North East       Borno        * Wheat                 N     798,493/MT  +0.06%
2026-06-18 05:44:54.442 | INFO     | __main__:run_zonal_forecast:459 -   South West       Oyo          * Hibiscus              N   2,368,614/MT  -0.08%
2026-06-18 05:44:54.443 | INFO     | __main__:run_zonal_forecast:459 -   South West       Oyo          * Cocoa                 N   5,093,899/MT  +0.09%
2026-06-18 05:44:54.444 | INFO     | __main__:run_zonal_forecast:459 -   South West       Oyo          * Soybeans              N     780,594/MT  +0.05%
2026-06-18 05:44:54.446 | INFO     | __main__:run_zonal_forecast:459 -   South West       Oyo          * Cashew Nuts           N   1,697,465/MT  +0.09%
2026-06-18 05:44:54.446 | INFO     | __main__:run_zonal_forecast:459 -   South West       Oyo          * Beans (white)         N     904,652/MT  +0.08%
2026-06-18 05:44:54.446 | INFO     | __main__:run_zonal_forecast:459 -   South West       Oyo          * Maize (white)         N     401,317/MT  +0.03%
2026-06-18 05:44:54.447 | INFO     | __main__:run_zonal_forecast:459 -   South West       Lagos        * Hibiscus              N   2,644,569/MT  -0.08%
2026-06-18 05:44:54.447 | INFO     | __main__:run_zonal_forecast:459 -   South West       Lagos        * Sesame                N   1,929,283/MT  -0.07%
2026-06-18 05:44:54.447 | INFO     | __main__:run_zonal_forecast:459 -   South West       Lagos        * Cocoa                 N   6,181,361/MT  +0.09%
2026-06-18 05:44:54.448 | INFO     | __main__:run_zonal_forecast:459 -   South West       Lagos        * Soybeans              N     915,697/MT  +0.05%
2026-06-18 05:44:54.448 | INFO     | __main__:run_zonal_forecast:459 -   South West       Lagos        * Beans (white)         N   1,052,686/MT  +0.08%
2026-06-18 05:44:54.449 | INFO     | __main__:run_zonal_forecast:459 -   South West       Lagos        * Beans (red)           N   1,136,320/MT  -0.05%
2026-06-18 05:44:54.449 | INFO     | __main__:run_zonal_forecast:459 -   South West       Lagos        * Maize (white)         N     483,066/MT  +0.03%
2026-06-18 05:44:54.449 | INFO     | __main__:run_zonal_forecast:459 -   South West       Lagos        * Maize (yellow)        N     522,316/MT  +0.03%
2026-06-18 05:44:54.449 | INFO     | __main__:run_zonal_forecast:459 -   South East       Anambra      * Cocoa                 N   6,009,656/MT  +0.09%
2026-06-18 05:44:54.450 | INFO     | __main__:run_zonal_forecast:459 -   South East       Anambra      * Cashew Nuts           N   2,171,176/MT  +0.09%
2026-06-18 05:44:54.450 | INFO     | __main__:run_zonal_forecast:459 -   South East       Anambra      * Beans (white)         N     970,445/MT  +0.08%
2026-06-18 05:44:54.451 | INFO     | __main__:run_zonal_forecast:459 -   South East       Anambra      * Beans (red)           N   1,045,414/MT  -0.05%
2026-06-18 05:44:54.451 | INFO     | __main__:run_zonal_forecast:459 -   South East       Anambra      * Maize (white)         N     445,907/MT  +0.03%
2026-06-18 05:44:54.451 | INFO     | __main__:run_zonal_forecast:459 -   South East       Imo          * Cocoa                 N   5,208,369/MT  +0.09%
2026-06-18 05:44:54.452 | INFO     | __main__:run_zonal_forecast:459 -   South East       Imo          * Cashew Nuts           N   2,092,224/MT  +0.09%
2026-06-18 05:44:54.452 | INFO     | __main__:run_zonal_forecast:459 -   South East       Imo          * Beans (white)         N     945,773/MT  +0.08%
2026-06-18 05:44:54.452 | INFO     | __main__:run_zonal_forecast:459 -   South East       Imo          * Maize (white)         N     434,760/MT  +0.03%
2026-06-18 05:44:54.453 | INFO     | __main__:run_zonal_forecast:459 -   South South      Rivers       * Hibiscus              N   2,575,581/MT  -0.08%
2026-06-18 05:44:54.453 | INFO     | __main__:run_zonal_forecast:459 -   South South      Rivers       * Sesame                N   1,929,283/MT  -0.07%
2026-06-18 05:44:54.453 | INFO     | __main__:run_zonal_forecast:459 -   South South      Rivers       * Cocoa                 N   6,009,656/MT  +0.09%
2026-06-18 05:44:54.454 | INFO     | __main__:run_zonal_forecast:459 -   South South      Rivers       * Beans (white)         N   1,003,342/MT  +0.08%
2026-06-18 05:44:54.454 | INFO     | __main__:run_zonal_forecast:459 -   South South      Rivers       * Beans (red)           N   1,090,867/MT  -0.05%
2026-06-18 05:44:54.454 | INFO     | __main__:run_zonal_forecast:459 -   South South      Rivers       * Maize (white)         N     464,487/MT  +0.03%
2026-06-18 05:44:54.455 | INFO     | __main__:run_zonal_forecast:459 -   South South      Delta        * Hibiscus              N   2,483,596/MT  -0.08%
2026-06-18 05:44:54.455 | INFO     | __main__:run_zonal_forecast:459 -   South South      Delta        * Sesame                N   1,896,583/MT  -0.07%
2026-06-18 05:44:54.455 | INFO     | __main__:run_zonal_forecast:459 -   South South      Delta        * Cocoa                 N   5,322,839/MT  +0.09%
2026-06-18 05:44:54.456 | INFO     | __main__:run_zonal_forecast:459 -   South South      Delta        * Soybeans              N     855,651/MT  +0.05%
2026-06-18 05:44:54.456 | INFO     | __main__:run_zonal_forecast:459 -   South South      Delta        * Beans (white)         N     962,221/MT  +0.08%
2026-06-18 05:44:54.457 | INFO     | __main__:run_zonal_forecast:459 -   South South      Delta        * Maize (white)         N     445,907/MT  +0.03%
2026-06-18 05:44:54.686 | SUCCESS  | __main__:run_zonal_forecast:473 -   Zonal JSON  -> C:\Users\USER\Downloads\agrolinking-intel-structure\agrolinking-intel\outputs\forecasts\zonal\zonal_forecast_2026-06-18.json
2026-06-18 05:44:54.689 | SUCCESS  | __main__:run_zonal_forecast:479 -   Zonal alert -> C:\Users\USER\Downloads\agrolinking-intel-structure\agrolinking-intel\outputs\daily_alerts\alert_zonal_2026-06-18.txt
2026-06-18 05:44:54.690 | INFO     | __main__:run_zonal_forecast:481 - 
2026-06-18 05:44:54.690 | INFO     | __main__:run_zonal_forecast:482 - =================================================================
2026-06-18 05:44:54.691 | INFO     | __main__:run_zonal_forecast:484 -   ================================================
2026-06-18 05:44:54.691 | INFO     | __main__:run_zonal_forecast:484 -   AGROLINKING ZONAL COMMODITY INTELLIGENCE
2026-06-18 05:44:54.691 | INFO     | __main__:run_zonal_forecast:484 -   Date: Thursday, 18 June 2026
2026-06-18 05:44:54.692 | INFO     | __main__:run_zonal_forecast:484 -   6 Zones | 12 States | 12 Commodities
2026-06-18 05:44:54.692 | INFO     | __main__:run_zonal_forecast:484 -   ================================================
2026-06-18 05:44:54.693 | INFO     | __main__:run_zonal_forecast:484 -   
2026-06-18 05:44:54.694 | INFO     | __main__:run_zonal_forecast:484 -   NORTH WEST (Kano & Kaduna)
2026-06-18 05:44:54.694 | INFO     | __main__:run_zonal_forecast:484 -   Nigeria's main grain belt. Highest Maize, Sorghum, Sesame, Wheat production.
2026-06-18 05:44:54.695 | INFO     | __main__:run_zonal_forecast:484 -   
2026-06-18 05:44:54.695 | INFO     | __main__:run_zonal_forecast:484 -     Commodity           Kano                Kaduna            
2026-06-18 05:44:54.695 | INFO     | __main__:run_zonal_forecast:484 -     ------------------------------------------------------------
2026-06-18 05:44:54.696 | INFO     | __main__:run_zonal_forecast:484 -     Hibiscus                N2.185M    (-0.1%)    N2.139M    (-0.1%)
2026-06-18 05:44:54.696 | INFO     | __main__:run_zonal_forecast:484 -     Sesame                * N1.357M    (-0.1%)    N1.390M    (-0.1%)
2026-06-18 05:44:54.696 | INFO     | __main__:run_zonal_forecast:484 -     Ginger                  N11.875M   (+0.1%)  * N8.724M    (+0.1%)
2026-06-18 05:44:54.697 | INFO     | __main__:run_zonal_forecast:484 -     Cocoa                   N5.838M    (+0.1%)    N6.010M    (+0.1%)
2026-06-18 05:44:54.697 | INFO     | __main__:run_zonal_forecast:484 -     Soybeans                N676K      (+0.1%)  * N630K      (+0.1%)
2026-06-18 05:44:54.697 | INFO     | __main__:run_zonal_forecast:484 -     Cashew Nuts             N1.974M    (+0.1%)    N2.013M    (+0.1%)
2026-06-18 05:44:54.697 | INFO     | __main__:run_zonal_forecast:484 -     Sorghum               * N329K      (+0.0%)  * N338K      (+0.0%)
2026-06-18 05:44:54.697 | INFO     | __main__:run_zonal_forecast:484 -     Beans (white)         * N715K      (+0.1%)    N724K      (+0.1%)
2026-06-18 05:44:54.698 | INFO     | __main__:run_zonal_forecast:484 -     Beans (red)             N818K      (-0.1%)    N827K      (-0.1%)
2026-06-18 05:44:54.698 | INFO     | __main__:run_zonal_forecast:484 -     Maize (white)         * N297K      (+0.0%)  * N301K      (+0.0%)
2026-06-18 05:44:54.699 | INFO     | __main__:run_zonal_forecast:484 -     Maize (yellow)        * N321K      (+0.0%)  * N325K      (+0.0%)
2026-06-18 05:44:54.699 | INFO     | __main__:run_zonal_forecast:484 -     Wheat                 * N635K      (+0.1%)  * N620K      (+0.1%)
2026-06-18 05:44:54.699 | INFO     | __main__:run_zonal_forecast:484 -     Rice                    N1.489M    (+0.1%)  * N1.457M    (+0.1%)
2026-06-18 05:44:54.700 | INFO     | __main__:run_zonal_forecast:484 -     Eggs                    N7K        (-0.1%)    N7K        (-0.1%)
2026-06-18 05:44:54.700 | INFO     | __main__:run_zonal_forecast:484 -     Fish (dried)            N3.047M    (-0.1%)    N2.991M    (-0.1%)
2026-06-18 05:44:54.700 | INFO     | __main__:run_zonal_forecast:484 -     Meat (goat)             N3.965M    (+0.1%)    N4.056M    (+0.1%)
2026-06-18 05:44:54.701 | INFO     | __main__:run_zonal_forecast:484 -     Meat (beef)             N3.752M    (+0.1%)    N3.837M    (+0.1%)
2026-06-18 05:44:54.701 | INFO     | __main__:run_zonal_forecast:484 -   
2026-06-18 05:44:54.701 | INFO     | __main__:run_zonal_forecast:484 -   NORTH CENTRAL (Plateau & Kogi)
2026-06-18 05:44:54.702 | INFO     | __main__:run_zonal_forecast:484 -   Middle Belt. Ginger heartland (Plateau), Cashew/Cocoa belt (Kogi).
2026-06-18 05:44:54.702 | INFO     | __main__:run_zonal_forecast:484 -   
2026-06-18 05:44:54.702 | INFO     | __main__:run_zonal_forecast:484 -     Commodity           Plateau             Kogi              
2026-06-18 05:44:54.703 | INFO     | __main__:run_zonal_forecast:484 -     ------------------------------------------------------------
2026-06-18 05:44:54.703 | INFO     | __main__:run_zonal_forecast:484 -     Hibiscus                N2.231M    (-0.1%)    N2.208M    (-0.1%)
2026-06-18 05:44:54.703 | INFO     | __main__:run_zonal_forecast:484 -     Sesame                  N1.570M    (-0.1%)    N1.586M    (-0.1%)
2026-06-18 05:44:54.703 | INFO     | __main__:run_zonal_forecast:484 -     Ginger                * N9.088M    (+0.1%)    N11.390M   (+0.1%)
2026-06-18 05:44:54.704 | INFO     | __main__:run_zonal_forecast:484 -     Cocoa                   N6.181M    (+0.1%)  * N5.037M    (+0.1%)
2026-06-18 05:44:54.704 | INFO     | __main__:run_zonal_forecast:484 -     Soybeans              * N623K      (+0.1%)  * N653K      (+0.1%)
2026-06-18 05:44:54.704 | INFO     | __main__:run_zonal_forecast:484 -     Cashew Nuts             N2.072M    (+0.1%)  * N1.579M    (+0.1%)
2026-06-18 05:44:54.705 | INFO     | __main__:run_zonal_forecast:484 -     Sorghum                 N388K      (+0.0%)  * N384K      (+0.0%)
2026-06-18 05:44:54.705 | INFO     | __main__:run_zonal_forecast:484 -     Beans (white)         * N740K      (+0.1%)  * N757K      (+0.1%)
2026-06-18 05:44:54.705 | INFO     | __main__:run_zonal_forecast:484 -     Beans (red)             N864K      (-0.1%)    N855K      (-0.1%)
2026-06-18 05:44:54.706 | INFO     | __main__:run_zonal_forecast:484 -     Maize (white)         * N323K      (+0.0%)  * N334K      (+0.0%)
2026-06-18 05:44:54.706 | INFO     | __main__:run_zonal_forecast:484 -     Maize (yellow)          N354K      (+0.0%)    N366K      (+0.0%)
2026-06-18 05:44:54.707 | INFO     | __main__:run_zonal_forecast:484 -     Wheat                 * N649K      (+0.1%)    N692K      (+0.1%)
2026-06-18 05:44:54.707 | INFO     | __main__:run_zonal_forecast:484 -     Rice                  * N1.410M    (+0.1%)    N1.520M    (+0.1%)
2026-06-18 05:44:54.707 | INFO     | __main__:run_zonal_forecast:484 -     Eggs                    N7K        (-0.1%)    N7K        (-0.1%)
2026-06-18 05:44:54.708 | INFO     | __main__:run_zonal_forecast:484 -     Fish (dried)            N2.908M    (-0.1%)    N2.825M    (-0.1%)
2026-06-18 05:44:54.708 | INFO     | __main__:run_zonal_forecast:484 -     Meat (goat)             N4.148M    (+0.1%)    N4.284M    (+0.1%)
2026-06-18 05:44:54.709 | INFO     | __main__:run_zonal_forecast:484 -     Meat (beef)             N3.922M    (+0.1%)    N4.050M    (+0.1%)
2026-06-18 05:44:54.709 | INFO     | __main__:run_zonal_forecast:484 -   
2026-06-18 05:44:54.710 | INFO     | __main__:run_zonal_forecast:484 -   NORTH EAST (Adamawa & Borno)
2026-06-18 05:44:54.710 | INFO     | __main__:run_zonal_forecast:484 -   Semi-arid. Sorghum, Maize. Conflict premium on imports in Borno.
2026-06-18 05:44:54.710 | INFO     | __main__:run_zonal_forecast:484 -   
2026-06-18 05:44:54.711 | INFO     | __main__:run_zonal_forecast:484 -     Commodity           Adamawa             Borno             
2026-06-18 05:44:54.711 | INFO     | __main__:run_zonal_forecast:484 -     ------------------------------------------------------------
2026-06-18 05:44:54.712 | INFO     | __main__:run_zonal_forecast:484 -     Hibiscus                N2.254M    (-0.1%)    N2.415M    (-0.1%)
2026-06-18 05:44:54.712 | INFO     | __main__:run_zonal_forecast:484 -     Sesame                * N1.406M    (-0.1%)  * N1.455M    (-0.1%)
2026-06-18 05:44:54.713 | INFO     | __main__:run_zonal_forecast:484 -     Ginger                * N10.057M   (+0.1%)    N13.935M   (+0.1%)
2026-06-18 05:44:54.713 | INFO     | __main__:run_zonal_forecast:484 -     Cocoa                   N6.010M    (+0.1%)    N6.754M    (+0.1%)
2026-06-18 05:44:54.714 | INFO     | __main__:run_zonal_forecast:484 -     Soybeans              * N668K      (+0.1%)    N811K      (+0.1%)
2026-06-18 05:44:54.714 | INFO     | __main__:run_zonal_forecast:484 -     Cashew Nuts             N2.053M    (+0.1%)    N2.270M    (+0.1%)
2026-06-18 05:44:54.715 | INFO     | __main__:run_zonal_forecast:484 -     Sorghum               * N367K      (+0.0%)  * N388K      (+0.0%)
2026-06-18 05:44:54.715 | INFO     | __main__:run_zonal_forecast:484 -     Beans (white)         * N757K      (+0.1%)  * N872K      (+0.1%)
2026-06-18 05:44:54.715 | INFO     | __main__:run_zonal_forecast:484 -     Beans (red)             N864K      (-0.1%)    N1000K     (-0.1%)
2026-06-18 05:44:54.716 | INFO     | __main__:run_zonal_forecast:484 -     Maize (white)         * N327K      (+0.0%)  * N401K      (+0.0%)
2026-06-18 05:44:54.716 | INFO     | __main__:run_zonal_forecast:484 -     Maize (yellow)          N358K      (+0.0%)    N434K      (+0.0%)
2026-06-18 05:44:54.717 | INFO     | __main__:run_zonal_forecast:484 -     Wheat                   N699K      (+0.1%)  * N798K      (+0.1%)
2026-06-18 05:44:54.717 | INFO     | __main__:run_zonal_forecast:484 -     Rice                    N1.598M    (+0.1%)    N1.724M    (+0.1%)
2026-06-18 05:44:54.717 | INFO     | __main__:run_zonal_forecast:484 -     Eggs                    N7K        (-0.1%)    N8K        (-0.1%)
2026-06-18 05:44:54.718 | INFO     | __main__:run_zonal_forecast:484 -     Fish (dried)            N3.102M    (-0.1%)    N3.268M    (-0.1%)
2026-06-18 05:44:54.718 | INFO     | __main__:run_zonal_forecast:484 -     Meat (goat)             N4.193M    (+0.1%)    N4.740M    (+0.1%)
2026-06-18 05:44:54.718 | INFO     | __main__:run_zonal_forecast:484 -     Meat (beef)             N3.965M    (+0.1%)    N4.477M    (+0.1%)
2026-06-18 05:44:54.719 | INFO     | __main__:run_zonal_forecast:484 -   
2026-06-18 05:44:54.719 | INFO     | __main__:run_zonal_forecast:484 -   SOUTH WEST (Oyo & Lagos)
2026-06-18 05:44:54.720 | INFO     | __main__:run_zonal_forecast:484 -   Commercial capital. Lagos is the price-setter for consumer markets.
2026-06-18 05:44:54.720 | INFO     | __main__:run_zonal_forecast:484 -   
2026-06-18 05:44:54.720 | INFO     | __main__:run_zonal_forecast:484 -     Commodity           Oyo                 Lagos             
2026-06-18 05:44:54.721 | INFO     | __main__:run_zonal_forecast:484 -     ------------------------------------------------------------
2026-06-18 05:44:54.721 | INFO     | __main__:run_zonal_forecast:484 -     Hibiscus              * N2.369M    (-0.1%)  * N2.645M    (-0.1%)
2026-06-18 05:44:54.721 | INFO     | __main__:run_zonal_forecast:484 -     Sesame                  N1.733M    (-0.1%)  * N1.929M    (-0.1%)
2026-06-18 05:44:54.721 | INFO     | __main__:run_zonal_forecast:484 -     Ginger                  N13.087M   (+0.1%)    N14.541M   (+0.1%)
2026-06-18 05:44:54.722 | INFO     | __main__:run_zonal_forecast:484 -     Cocoa                 * N5.094M    (+0.1%)  * N6.181M    (+0.1%)
2026-06-18 05:44:54.722 | INFO     | __main__:run_zonal_forecast:484 -     Soybeans              * N781K      (+0.1%)  * N916K      (+0.1%)
2026-06-18 05:44:54.722 | INFO     | __main__:run_zonal_forecast:484 -     Cashew Nuts           * N1.697M    (+0.1%)    N2.171M    (+0.1%)
2026-06-18 05:44:54.723 | INFO     | __main__:run_zonal_forecast:484 -     Sorghum                 N443K      (+0.0%)    N498K      (+0.0%)
2026-06-18 05:44:54.723 | INFO     | __main__:run_zonal_forecast:484 -     Beans (white)         * N905K      (+0.1%)  * N1.053M    (+0.1%)
2026-06-18 05:44:54.724 | INFO     | __main__:run_zonal_forecast:484 -     Beans (red)             N1.018M    (-0.1%)  * N1.136M    (-0.1%)
2026-06-18 05:44:54.724 | INFO     | __main__:run_zonal_forecast:484 -     Maize (white)         * N401K      (+0.0%)  * N483K      (+0.0%)
2026-06-18 05:44:54.724 | INFO     | __main__:run_zonal_forecast:484 -     Maize (yellow)          N434K      (+0.0%)  * N522K      (+0.0%)
2026-06-18 05:44:54.725 | INFO     | __main__:run_zonal_forecast:484 -     Wheat                   N784K      (+0.1%)    N820K      (+0.1%)
2026-06-18 05:44:54.725 | INFO     | __main__:run_zonal_forecast:484 -     Rice                    N1.692M    (+0.1%)    N1.849M    (+0.1%)
2026-06-18 05:44:54.726 | INFO     | __main__:run_zonal_forecast:484 -     Eggs                    N7K        (-0.1%)    N8K        (-0.1%)
2026-06-18 05:44:54.727 | INFO     | __main__:run_zonal_forecast:484 -     Fish (dried)            N2.714M    (-0.1%)    N2.991M    (-0.1%)
2026-06-18 05:44:54.727 | INFO     | __main__:run_zonal_forecast:484 -     Meat (goat)             N4.831M    (+0.1%)    N5.424M    (+0.1%)
2026-06-18 05:44:54.728 | INFO     | __main__:run_zonal_forecast:484 -     Meat (beef)             N4.477M    (+0.1%)    N5.031M    (+0.1%)
2026-06-18 05:44:54.728 | INFO     | __main__:run_zonal_forecast:484 -   
2026-06-18 05:44:54.729 | INFO     | __main__:run_zonal_forecast:484 -   SOUTH EAST (Anambra & Imo)
2026-06-18 05:44:54.730 | INFO     | __main__:run_zonal_forecast:484 -   High consumption, low production of traded commodities. Import-dependent.
2026-06-18 05:44:54.731 | INFO     | __main__:run_zonal_forecast:484 -   
2026-06-18 05:44:54.731 | INFO     | __main__:run_zonal_forecast:484 -     Commodity           Anambra             Imo               
2026-06-18 05:44:54.732 | INFO     | __main__:run_zonal_forecast:484 -     ------------------------------------------------------------
2026-06-18 05:44:54.732 | INFO     | __main__:run_zonal_forecast:484 -     Hibiscus                N2.576M    (-0.1%)    N2.530M    (-0.1%)
2026-06-18 05:44:54.733 | INFO     | __main__:run_zonal_forecast:484 -     Sesame                  N1.897M    (-0.1%)    N1.864M    (-0.1%)
2026-06-18 05:44:54.733 | INFO     | __main__:run_zonal_forecast:484 -     Ginger                  N13.935M   (+0.1%)    N13.571M   (+0.1%)
2026-06-18 05:44:54.733 | INFO     | __main__:run_zonal_forecast:484 -     Cocoa                 * N6.010M    (+0.1%)  * N5.208M    (+0.1%)
2026-06-18 05:44:54.733 | INFO     | __main__:run_zonal_forecast:484 -     Soybeans                N856K      (+0.1%)    N841K      (+0.1%)
2026-06-18 05:44:54.734 | INFO     | __main__:run_zonal_forecast:484 -     Cashew Nuts           * N2.171M    (+0.1%)  * N2.092M    (+0.1%)
2026-06-18 05:44:54.734 | INFO     | __main__:run_zonal_forecast:484 -     Sorghum                 N481K      (+0.0%)    N473K      (+0.0%)
2026-06-18 05:44:54.735 | INFO     | __main__:run_zonal_forecast:484 -     Beans (white)         * N970K      (+0.1%)  * N946K      (+0.1%)
2026-06-18 05:44:54.735 | INFO     | __main__:run_zonal_forecast:484 -     Beans (red)           * N1.045M    (-0.1%)    N1.027M    (-0.1%)
2026-06-18 05:44:54.735 | INFO     | __main__:run_zonal_forecast:484 -     Maize (white)         * N446K      (+0.0%)  * N435K      (+0.0%)
2026-06-18 05:44:54.736 | INFO     | __main__:run_zonal_forecast:484 -     Maize (yellow)          N482K      (+0.0%)    N470K      (+0.0%)
2026-06-18 05:44:54.736 | INFO     | __main__:run_zonal_forecast:484 -     Wheat                   N841K      (+0.1%)    N827K      (+0.1%)
2026-06-18 05:44:54.737 | INFO     | __main__:run_zonal_forecast:484 -     Rice                    N1.755M    (+0.1%)    N1.724M    (+0.1%)
2026-06-18 05:44:54.737 | INFO     | __main__:run_zonal_forecast:484 -     Eggs                    N7K        (-0.1%)    N7K        (-0.1%)
2026-06-18 05:44:54.737 | INFO     | __main__:run_zonal_forecast:484 -     Fish (dried)            N2.631M    (-0.1%)    N2.576M    (-0.1%)
2026-06-18 05:44:54.738 | INFO     | __main__:run_zonal_forecast:484 -     Meat (goat)             N4.968M    (+0.1%)    N4.877M    (+0.1%)
2026-06-18 05:44:54.738 | INFO     | __main__:run_zonal_forecast:484 -     Meat (beef)             N4.604M    (+0.1%)    N4.519M    (+0.1%)
2026-06-18 05:44:54.739 | INFO     | __main__:run_zonal_forecast:484 -   
2026-06-18 05:44:54.739 | INFO     | __main__:run_zonal_forecast:484 -   SOUTH SOUTH (Rivers & Delta)
2026-06-18 05:44:54.739 | INFO     | __main__:run_zonal_forecast:484 -   Oil belt. High purchasing power. Cocoa producer (Delta).
2026-06-18 05:44:54.739 | INFO     | __main__:run_zonal_forecast:484 -   
2026-06-18 05:44:54.740 | INFO     | __main__:run_zonal_forecast:484 -     Commodity           Rivers              Delta             
2026-06-18 05:44:54.740 | INFO     | __main__:run_zonal_forecast:484 -     ------------------------------------------------------------
2026-06-18 05:44:54.741 | INFO     | __main__:run_zonal_forecast:484 -     Hibiscus              * N2.576M    (-0.1%)  * N2.484M    (-0.1%)
2026-06-18 05:44:54.741 | INFO     | __main__:run_zonal_forecast:484 -     Sesame                * N1.929M    (-0.1%)  * N1.897M    (-0.1%)
2026-06-18 05:44:54.741 | INFO     | __main__:run_zonal_forecast:484 -     Ginger                  N14.541M   (+0.1%)    N13.935M   (+0.1%)
2026-06-18 05:44:54.742 | INFO     | __main__:run_zonal_forecast:484 -     Cocoa                 * N6.010M    (+0.1%)  * N5.323M    (+0.1%)
2026-06-18 05:44:54.743 | INFO     | __main__:run_zonal_forecast:484 -     Soybeans                N886K      (+0.1%)  * N856K      (+0.1%)
2026-06-18 05:44:54.743 | INFO     | __main__:run_zonal_forecast:484 -     Cashew Nuts             N2.270M    (+0.1%)    N2.171M    (+0.1%)
2026-06-18 05:44:54.743 | INFO     | __main__:run_zonal_forecast:484 -     Sorghum                 N507K      (+0.0%)    N498K      (+0.0%)
2026-06-18 05:44:54.744 | INFO     | __main__:run_zonal_forecast:484 -     Beans (white)         * N1.003M    (+0.1%)  * N962K      (+0.1%)
2026-06-18 05:44:54.745 | INFO     | __main__:run_zonal_forecast:484 -     Beans (red)           * N1.091M    (-0.1%)    N1.045M    (-0.1%)
2026-06-18 05:44:54.745 | INFO     | __main__:run_zonal_forecast:484 -     Maize (white)         * N464K      (+0.0%)  * N446K      (+0.0%)
2026-06-18 05:44:54.745 | INFO     | __main__:run_zonal_forecast:484 -     Maize (yellow)          N502K      (+0.0%)    N482K      (+0.0%)
2026-06-18 05:44:54.746 | INFO     | __main__:run_zonal_forecast:484 -     Wheat                   N870K      (+0.1%)    N856K      (+0.1%)
2026-06-18 05:44:54.746 | INFO     | __main__:run_zonal_forecast:484 -     Rice                    N1.802M    (+0.1%)    N1.755M    (+0.1%)
2026-06-18 05:44:54.747 | INFO     | __main__:run_zonal_forecast:484 -     Eggs                    N8K        (-0.1%)    N8K        (-0.1%)
2026-06-18 05:44:54.747 | INFO     | __main__:run_zonal_forecast:484 -     Fish (dried)            N2.437M    (-0.1%)    N2.493M    (-0.1%)
2026-06-18 05:44:54.748 | INFO     | __main__:run_zonal_forecast:484 -     Meat (goat)             N5.150M    (+0.1%)    N5.059M    (+0.1%)
2026-06-18 05:44:54.748 | INFO     | __main__:run_zonal_forecast:484 -     Meat (beef)             N4.775M    (+0.1%)    N4.690M    (+0.1%)
2026-06-18 05:44:54.749 | INFO     | __main__:run_zonal_forecast:484 -   
2026-06-18 05:44:54.749 | INFO     | __main__:run_zonal_forecast:484 -   ==========================================================
2026-06-18 05:44:54.749 | INFO     | __main__:run_zonal_forecast:484 -   * = primary commodity  (+/-%) = day-on-day change
2026-06-18 05:44:54.749 | INFO     | __main__:run_zonal_forecast:484 -   
2026-06-18 05:44:54.750 | INFO     | __main__:run_zonal_forecast:484 -   NATIONAL PRICE CHANGES TODAY:
2026-06-18 05:44:54.750 | INFO     | __main__:run_zonal_forecast:484 -     Commodity                   Price   Day Chg    vs Ref
2026-06-18 05:44:54.750 | INFO     | __main__:run_zonal_forecast:484 -     ------------------------------------------------------
2026-06-18 05:44:54.751 | INFO     | __main__:run_zonal_forecast:484 -     Hibiscus                  N2.300M    -0.08%    -1.09%
2026-06-18 05:44:54.751 | INFO     | __main__:run_zonal_forecast:484 -     Sesame                    N1.635M    -0.07%    -0.91%
2026-06-18 05:44:54.751 | INFO     | __main__:run_zonal_forecast:484 -     Ginger                   N12.117M    +0.07%    +0.98%
2026-06-18 05:44:54.752 | INFO     | __main__:run_zonal_forecast:484 -     Cocoa                     N5.723M    +0.09%    +1.30%
2026-06-18 05:44:54.752 | INFO     | __main__:run_zonal_forecast:484 -     Soybeans                    N751K    +0.05%    +0.75%
2026-06-18 05:44:54.752 | INFO     | __main__:run_zonal_forecast:484 -     Cashew Nuts               N1.974M    +0.09%    +1.22%
2026-06-18 05:44:54.753 | INFO     | __main__:run_zonal_forecast:484 -     Sorghum                     N422K    +0.04%    +0.54%
2026-06-18 05:44:54.754 | INFO     | __main__:run_zonal_forecast:484 -     Beans (white)               N822K    +0.08%    +1.16%
2026-06-18 05:44:54.754 | INFO     | __main__:run_zonal_forecast:484 -     Beans (red)                 N909K    -0.05%    -0.65%
2026-06-18 05:44:54.754 | INFO     | __main__:run_zonal_forecast:484 -     Maize (white)               N372K    +0.03%    +0.43%
2026-06-18 05:44:54.755 | INFO     | __main__:run_zonal_forecast:484 -     Maize (yellow)              N402K    +0.03%    +0.45%
2026-06-18 05:44:54.755 | INFO     | __main__:run_zonal_forecast:484 -     Wheat                       N713K    +0.06%    +0.86%
2026-06-18 05:44:54.755 | INFO     | __main__:run_zonal_forecast:484 -     Rice                      N1.567M    +0.08%    +1.11%
2026-06-18 05:44:54.756 | INFO     | __main__:run_zonal_forecast:484 -     Eggs                          N7K    -0.05%    -0.73%
2026-06-18 05:44:54.756 | INFO     | __main__:run_zonal_forecast:484 -     Fish (dried)              N2.770M    -0.08%    -1.08%
2026-06-18 05:44:54.757 | INFO     | __main__:run_zonal_forecast:484 -     Meat (goat)               N4.558M    +0.09%    +1.28%
2026-06-18 05:44:54.757 | INFO     | __main__:run_zonal_forecast:484 -     Meat (beef)               N4.263M    +0.11%    +1.51%
2026-06-18 05:44:54.757 | INFO     | __main__:run_zonal_forecast:484 -   
2026-06-18 05:44:54.757 | INFO     | __main__:run_zonal_forecast:484 -   BEST SOURCING NATIONALLY:
2026-06-18 05:44:54.758 | INFO     | __main__:run_zonal_forecast:484 -     Commodity              Best State           Price  Spread
2026-06-18 05:44:54.758 | INFO     | __main__:run_zonal_forecast:484 -     ------------------------------------------------------------
2026-06-18 05:44:54.759 | INFO     | __main__:run_zonal_forecast:484 -     Hibiscus               Kaduna             N2.139M  24% vs Lagos
2026-06-18 05:44:54.761 | INFO     | __main__:run_zonal_forecast:484 -     Sesame                 Kano               N1.357M  42% vs Lagos
2026-06-18 05:44:54.761 | INFO     | __main__:run_zonal_forecast:484 -     Ginger                 Kaduna             N8.724M  67% vs Lagos
2026-06-18 05:44:54.762 | INFO     | __main__:run_zonal_forecast:484 -     Cocoa                  Kogi               N5.037M  34% vs Borno
2026-06-18 05:44:54.762 | INFO     | __main__:run_zonal_forecast:484 -     Soybeans               Plateau              N623K  47% vs Lagos
2026-06-18 05:44:54.763 | INFO     | __main__:run_zonal_forecast:484 -     Cashew Nuts            Kogi               N1.579M  44% vs Borno
2026-06-18 05:44:54.763 | INFO     | __main__:run_zonal_forecast:484 -     Sorghum                Kano                 N329K  54% vs Rivers
2026-06-18 05:44:54.764 | INFO     | __main__:run_zonal_forecast:484 -     Beans (white)          Kano                 N715K  47% vs Lagos
2026-06-18 05:44:54.764 | INFO     | __main__:run_zonal_forecast:484 -     Beans (red)            Kano                 N818K  39% vs Lagos
2026-06-18 05:44:54.764 | INFO     | __main__:run_zonal_forecast:484 -     Maize (white)          Kano                 N297K  62% vs Lagos
2026-06-18 05:44:54.765 | INFO     | __main__:run_zonal_forecast:484 -     Maize (yellow)         Kano                 N321K  62% vs Lagos
2026-06-18 05:44:54.765 | INFO     | __main__:run_zonal_forecast:484 -     Wheat                  Kaduna               N620K  40% vs Rivers
2026-06-18 05:44:54.765 | INFO     | __main__:run_zonal_forecast:484 -     Rice                   Plateau            N1.410M  31% vs Lagos
2026-06-18 05:44:54.766 | INFO     | __main__:run_zonal_forecast:484 -     Eggs                   Kano                   N7K  22% vs Lagos
2026-06-18 05:44:54.766 | INFO     | __main__:run_zonal_forecast:484 -     Fish (dried)           Rivers             N2.437M  34% vs Borno
2026-06-18 05:44:54.766 | INFO     | __main__:run_zonal_forecast:484 -     Meat (goat)            Kano               N3.965M  37% vs Lagos
2026-06-18 05:44:54.766 | INFO     | __main__:run_zonal_forecast:484 -     Meat (beef)            Kano               N3.752M  34% vs Lagos
2026-06-18 05:44:54.767 | INFO     | __main__:run_zonal_forecast:484 -   
2026-06-18 05:44:54.767 | INFO     | __main__:run_zonal_forecast:484 -   ==========================================================
2026-06-18 05:44:54.767 | INFO     | __main__:run_zonal_forecast:484 -   Source: Agrolinking Intelligence Platform
2026-06-18 05:44:54.768 | INFO     | __main__:run_zonal_forecast:484 -   Next update: 19 Jun 2026
2026-06-18 05:44:54.768 | INFO     | __main__:run_zonal_forecast:485 - =================================================================
2026-06-18 05:44:54.768 | SUCCESS  | __main__:run_zonal_forecast:486 - ZONAL FORECASTING COMPLETE — 6 zones | 12 states | 17 commodities
