2026-06-10 06:55:22.955 | INFO     | __main__:run_zonal_forecast:430 - =================================================================
2026-06-10 06:55:22.958 | INFO     | __main__:run_zonal_forecast:431 - STEP 7 — ZONAL & STATE-LEVEL FORECASTING
2026-06-10 06:55:22.958 | INFO     | __main__:run_zonal_forecast:432 -   Date  : Wednesday, 10 June 2026  06:55
2026-06-10 06:55:22.958 | INFO     | __main__:run_zonal_forecast:433 -   Anchor: DAILY INTERPOLATED (from last_known_date, drifts daily)
2026-06-10 06:55:22.958 | INFO     | __main__:run_zonal_forecast:434 - =================================================================
2026-06-10 06:55:23.154 | INFO     | __main__:run_zonal_forecast:437 -   Source: forecast_validated_2026-06-10.json
2026-06-10 06:55:23.154 | INFO     | __main__:run_zonal_forecast:444 -   Maize (white): last_known=2026-06-10, days_elapsed=0
2026-06-10 06:55:23.154 | INFO     | __main__:run_zonal_forecast:444 -   Hibiscus: last_known=2026-06-10, days_elapsed=0
2026-06-10 06:55:23.154 | INFO     | __main__:run_zonal_forecast:444 -   Sesame: last_known=2026-06-10, days_elapsed=0
2026-06-10 06:55:23.154 | INFO     | __main__:build_zonal_output:251 - 
2026-06-10 06:55:23.154 | INFO     | __main__:build_zonal_output:252 -   NATIONAL ANCHORS (interpolated from last_known_date to today):
2026-06-10 06:55:23.154 | INFO     | __main__:build_zonal_output:253 -   Commodity                 Today Price   Day Chg    vs Ref  Source
2026-06-10 06:55:23.154 | INFO     | __main__:build_zonal_output:254 -   --------------------------------------------------------------------------------
2026-06-10 06:55:23.154 | DEBUG    | __main__:get_daily_price:116 -   last_known=2026-06-10, run=2026-06-10, elapsed=7d
2026-06-10 06:55:23.163 | DEBUG    | __main__:get_daily_price:82 -   last_known_date 2026-06-10 is in future. Capping to 7 days ago.
2026-06-10 06:55:23.165 | DEBUG    | __main__:get_daily_price:116 -   last_known=2026-06-10, run=2026-06-09, elapsed=7d
2026-06-10 06:55:23.167 | INFO     | __main__:build_zonal_output:284 -   Hibiscus               N   2,306,661    -0.06%   -0.79%  interp d7 (weekly series | -0.79% v
2026-06-10 06:55:23.167 | DEBUG    | __main__:get_daily_price:116 -   last_known=2026-06-10, run=2026-06-10, elapsed=7d
2026-06-10 06:55:23.172 | DEBUG    | __main__:get_daily_price:82 -   last_known_date 2026-06-10 is in future. Capping to 7 days ago.
2026-06-10 06:55:23.173 | DEBUG    | __main__:get_daily_price:116 -   last_known=2026-06-10, run=2026-06-09, elapsed=7d
2026-06-10 06:55:23.175 | INFO     | __main__:build_zonal_output:284 -   Sesame                 N   1,644,103    -0.03%   -0.36%  interp d7 (weekly series | -0.36% v
2026-06-10 06:55:23.177 | DEBUG    | __main__:get_daily_price:116 -   last_known=2026-06-10, run=2026-06-10, elapsed=7d
2026-06-10 06:55:23.181 | DEBUG    | __main__:get_daily_price:82 -   last_known_date 2026-06-10 is in future. Capping to 7 days ago.
2026-06-10 06:55:23.181 | DEBUG    | __main__:get_daily_price:116 -   last_known=2026-06-10, run=2026-06-09, elapsed=7d
2026-06-10 06:55:23.183 | INFO     | __main__:build_zonal_output:284 -   Ginger                 N  12,060,655    +0.04%  + +0.51%  interp d7 (weekly series | +0.51% v
2026-06-10 06:55:23.185 | DEBUG    | __main__:get_daily_price:116 -   last_known=2026-06-10, run=2026-06-10, elapsed=7d
2026-06-10 06:55:23.189 | DEBUG    | __main__:get_daily_price:82 -   last_known_date 2026-06-10 is in future. Capping to 7 days ago.
2026-06-10 06:55:23.189 | DEBUG    | __main__:get_daily_price:116 -   last_known=2026-06-10, run=2026-06-09, elapsed=7d
2026-06-10 06:55:23.190 | INFO     | __main__:build_zonal_output:284 -   Cocoa                  N   5,699,066    +0.06%  + +0.87%  interp d7 (weekly series | +0.87% v
2026-06-10 06:55:23.190 | DEBUG    | __main__:get_daily_price:116 -   last_known=2026-06-10, run=2026-06-10, elapsed=7d
2026-06-10 06:55:23.195 | DEBUG    | __main__:get_daily_price:82 -   last_known_date 2026-06-10 is in future. Capping to 7 days ago.
2026-06-10 06:55:23.195 | DEBUG    | __main__:get_daily_price:116 -   last_known=2026-06-10, run=2026-06-09, elapsed=7d
2026-06-10 06:55:23.198 | INFO     | __main__:build_zonal_output:284 -   Soybeans               N     749,676    +0.04%  + +0.63%  interp d7 (weekly series | +0.63% v
2026-06-10 06:55:23.198 | DEBUG    | __main__:get_daily_price:116 -   last_known=2026-06-10, run=2026-06-10, elapsed=7d
2026-06-10 06:55:23.203 | DEBUG    | __main__:get_daily_price:82 -   last_known_date 2026-06-10 is in future. Capping to 7 days ago.
2026-06-10 06:55:23.204 | DEBUG    | __main__:get_daily_price:116 -   last_known=2026-06-10, run=2026-06-09, elapsed=7d
2026-06-10 06:55:23.206 | INFO     | __main__:build_zonal_output:284 -   Cashew Nuts            N   1,966,366    +0.06%  + +0.84%  interp d7 (weekly series | +0.84% v
2026-06-10 06:55:23.208 | DEBUG    | __main__:get_daily_price:116 -   last_known=2026-06-10, run=2026-06-10, elapsed=7d
2026-06-10 06:55:23.210 | DEBUG    | __main__:get_daily_price:82 -   last_known_date 2026-06-10 is in future. Capping to 7 days ago.
2026-06-10 06:55:23.211 | DEBUG    | __main__:get_daily_price:116 -   last_known=2026-06-10, run=2026-06-09, elapsed=7d
2026-06-10 06:55:23.213 | INFO     | __main__:build_zonal_output:284 -   Sorghum                N     424,696    +0.08%  + +1.12%  interp d7 (weekly series | +1.12% v
2026-06-10 06:55:23.215 | DEBUG    | __main__:get_daily_price:116 -   last_known=2026-06-10, run=2026-06-10, elapsed=7d
2026-06-10 06:55:23.217 | DEBUG    | __main__:get_daily_price:82 -   last_known_date 2026-06-10 is in future. Capping to 7 days ago.
2026-06-10 06:55:23.217 | DEBUG    | __main__:get_daily_price:116 -   last_known=2026-06-10, run=2026-06-09, elapsed=7d
2026-06-10 06:55:23.221 | INFO     | __main__:build_zonal_output:284 -   Beans (white)          N     821,403    +0.07%  + +1.03%  interp d7 (weekly series | +1.03% v
2026-06-10 06:55:23.221 | DEBUG    | __main__:get_daily_price:116 -   last_known=2026-06-10, run=2026-06-10, elapsed=7d
2026-06-10 06:55:23.225 | DEBUG    | __main__:get_daily_price:82 -   last_known_date 2026-06-10 is in future. Capping to 7 days ago.
2026-06-10 06:55:23.225 | DEBUG    | __main__:get_daily_price:116 -   last_known=2026-06-10, run=2026-06-09, elapsed=7d
2026-06-10 06:55:23.228 | INFO     | __main__:build_zonal_output:284 -   Beans (red)            N     904,382    -0.08%   -1.16%  interp d7 (weekly series | -1.16% v
2026-06-10 06:55:23.230 | DEBUG    | __main__:get_daily_price:116 -   last_known=2026-06-10, run=2026-06-10, elapsed=7d
2026-06-10 06:55:23.234 | DEBUG    | __main__:get_daily_price:82 -   last_known_date 2026-06-10 is in future. Capping to 7 days ago.
2026-06-10 06:55:23.234 | DEBUG    | __main__:get_daily_price:116 -   last_known=2026-06-10, run=2026-06-09, elapsed=7d
2026-06-10 06:55:23.235 | INFO     | __main__:build_zonal_output:284 -   Maize (white)          N     372,734    +0.05%  + +0.74%  interp d7 (weekly series | +0.74% v
2026-06-10 06:55:23.237 | DEBUG    | __main__:get_daily_price:116 -   last_known=2026-06-10, run=2026-06-10, elapsed=7d
2026-06-10 06:55:23.239 | DEBUG    | __main__:get_daily_price:82 -   last_known_date 2026-06-10 is in future. Capping to 7 days ago.
2026-06-10 06:55:23.239 | DEBUG    | __main__:get_daily_price:116 -   last_known=2026-06-10, run=2026-06-09, elapsed=7d
2026-06-10 06:55:23.241 | INFO     | __main__:build_zonal_output:284 -   Maize (yellow)         N     401,399    +0.02%  + +0.35%  interp d7 (weekly series | +0.35% v
2026-06-10 06:55:23.241 | DEBUG    | __main__:get_daily_price:116 -   last_known=2026-06-10, run=2026-06-10, elapsed=7d
2026-06-10 06:55:23.245 | DEBUG    | __main__:get_daily_price:82 -   last_known_date 2026-06-10 is in future. Capping to 7 days ago.
2026-06-10 06:55:23.245 | DEBUG    | __main__:get_daily_price:116 -   last_known=2026-06-10, run=2026-06-09, elapsed=7d
2026-06-10 06:55:23.245 | INFO     | __main__:build_zonal_output:284 -   Wheat                  N     711,681    +0.05%  + +0.69%  interp d7 (weekly series | +0.69% v
2026-06-10 06:55:23.245 | DEBUG    | __main__:get_daily_price:116 -   last_known=2026-06-10, run=2026-06-10, elapsed=7d
2026-06-10 06:55:23.251 | DEBUG    | __main__:get_daily_price:82 -   last_known_date 2026-06-10 is in future. Capping to 7 days ago.
2026-06-10 06:55:23.251 | DEBUG    | __main__:get_daily_price:116 -   last_known=2026-06-10, run=2026-06-09, elapsed=7d
2026-06-10 06:55:23.255 | INFO     | __main__:build_zonal_output:284 -   Rice                   N   1,566,321    +0.07%  + +1.05%  interp d7 (weekly series | +1.05% v
2026-06-10 06:55:23.256 | INFO     | __main__:build_zonal_output:287 - 
2026-06-10 06:55:23.336 | INFO     | __main__:run_zonal_forecast:450 - 
2026-06-10 06:55:23.336 | INFO     | __main__:run_zonal_forecast:451 -   Zone             State        Commodity                 State Price  Day Chg
2026-06-10 06:55:23.338 | INFO     | __main__:run_zonal_forecast:452 -   ------------------------------------------------------------------------
2026-06-10 06:55:23.338 | INFO     | __main__:run_zonal_forecast:459 -   North West       Kano         * Sesame                N   1,364,605/MT  -0.03%
2026-06-10 06:55:23.340 | INFO     | __main__:run_zonal_forecast:459 -   North West       Kano         * Sorghum               N     331,263/MT  +0.08%
2026-06-10 06:55:23.340 | INFO     | __main__:run_zonal_forecast:459 -   North West       Kano         * Beans (white)         N     714,621/MT  +0.07%
2026-06-10 06:55:23.340 | INFO     | __main__:run_zonal_forecast:459 -   North West       Kano         * Maize (white)         N     298,187/MT  +0.05%
2026-06-10 06:55:23.342 | INFO     | __main__:run_zonal_forecast:459 -   North West       Kano         * Maize (yellow)        N     321,119/MT  +0.02%
2026-06-10 06:55:23.342 | INFO     | __main__:run_zonal_forecast:459 -   North West       Kano         * Wheat                 N     633,396/MT  +0.05%
2026-06-10 06:55:23.344 | INFO     | __main__:run_zonal_forecast:459 -   North West       Kaduna       * Ginger                N   8,683,671/MT  +0.04%
2026-06-10 06:55:23.344 | INFO     | __main__:run_zonal_forecast:459 -   North West       Kaduna       * Soybeans              N     629,728/MT  +0.04%
2026-06-10 06:55:23.344 | INFO     | __main__:run_zonal_forecast:459 -   North West       Kaduna       * Sorghum               N     339,757/MT  +0.08%
2026-06-10 06:55:23.344 | INFO     | __main__:run_zonal_forecast:459 -   North West       Kaduna       * Maize (white)         N     301,915/MT  +0.05%
2026-06-10 06:55:23.344 | INFO     | __main__:run_zonal_forecast:459 -   North West       Kaduna       * Maize (yellow)        N     325,133/MT  +0.02%
2026-06-10 06:55:23.344 | INFO     | __main__:run_zonal_forecast:459 -   North West       Kaduna       * Wheat                 N     619,162/MT  +0.05%
2026-06-10 06:55:23.350 | INFO     | __main__:run_zonal_forecast:459 -   North West       Kaduna       * Rice                  N   1,456,678/MT  +0.07%
2026-06-10 06:55:23.350 | INFO     | __main__:run_zonal_forecast:459 -   North Central    Plateau      * Ginger                N   9,045,491/MT  +0.04%
2026-06-10 06:55:23.351 | INFO     | __main__:run_zonal_forecast:459 -   North Central    Plateau      * Soybeans              N     622,231/MT  +0.04%
2026-06-10 06:55:23.351 | INFO     | __main__:run_zonal_forecast:459 -   North Central    Plateau      * Beans (white)         N     739,263/MT  +0.07%
2026-06-10 06:55:23.351 | INFO     | __main__:run_zonal_forecast:459 -   North Central    Plateau      * Maize (white)         N     324,279/MT  +0.05%
2026-06-10 06:55:23.351 | INFO     | __main__:run_zonal_forecast:459 -   North Central    Plateau      * Wheat                 N     647,630/MT  +0.05%
2026-06-10 06:55:23.351 | INFO     | __main__:run_zonal_forecast:459 -   North Central    Plateau      * Rice                  N   1,409,689/MT  +0.07%
2026-06-10 06:55:23.351 | INFO     | __main__:run_zonal_forecast:459 -   North Central    Kogi         * Cocoa                 N   5,015,178/MT  +0.06%
2026-06-10 06:55:23.356 | INFO     | __main__:run_zonal_forecast:459 -   North Central    Kogi         * Soybeans              N     652,218/MT  +0.04%
2026-06-10 06:55:23.356 | INFO     | __main__:run_zonal_forecast:459 -   North Central    Kogi         * Cashew Nuts           N   1,573,093/MT  +0.06%
2026-06-10 06:55:23.356 | INFO     | __main__:run_zonal_forecast:459 -   North Central    Kogi         * Sorghum               N     386,474/MT  +0.08%
2026-06-10 06:55:23.356 | INFO     | __main__:run_zonal_forecast:459 -   North Central    Kogi         * Beans (white)         N     755,691/MT  +0.07%
2026-06-10 06:55:23.361 | INFO     | __main__:run_zonal_forecast:459 -   North Central    Kogi         * Maize (white)         N     335,461/MT  +0.05%
2026-06-10 06:55:23.362 | INFO     | __main__:run_zonal_forecast:459 -   North East       Adamawa      * Sesame                N   1,413,929/MT  -0.03%
2026-06-10 06:55:23.362 | INFO     | __main__:run_zonal_forecast:459 -   North East       Adamawa      * Ginger                N  10,010,343/MT  +0.04%
2026-06-10 06:55:23.362 | INFO     | __main__:run_zonal_forecast:459 -   North East       Adamawa      * Soybeans              N     667,212/MT  +0.04%
2026-06-10 06:55:23.364 | INFO     | __main__:run_zonal_forecast:459 -   North East       Adamawa      * Sorghum               N     369,486/MT  +0.08%
2026-06-10 06:55:23.364 | INFO     | __main__:run_zonal_forecast:459 -   North East       Adamawa      * Beans (white)         N     755,691/MT  +0.07%
2026-06-10 06:55:23.364 | INFO     | __main__:run_zonal_forecast:459 -   North East       Adamawa      * Maize (white)         N     328,006/MT  +0.05%
2026-06-10 06:55:23.364 | INFO     | __main__:run_zonal_forecast:459 -   North East       Borno        * Sesame                N   1,463,252/MT  -0.03%
2026-06-10 06:55:23.368 | INFO     | __main__:run_zonal_forecast:459 -   North East       Borno        * Sorghum               N     390,721/MT  +0.08%
2026-06-10 06:55:23.368 | INFO     | __main__:run_zonal_forecast:459 -   North East       Borno        * Beans (white)         N     870,688/MT  +0.07%
2026-06-10 06:55:23.368 | INFO     | __main__:run_zonal_forecast:459 -   North East       Borno        * Maize (white)         N     402,553/MT  +0.05%
2026-06-10 06:55:23.368 | INFO     | __main__:run_zonal_forecast:459 -   North East       Borno        * Wheat                 N     797,083/MT  +0.05%
2026-06-10 06:55:23.371 | INFO     | __main__:run_zonal_forecast:459 -   South West       Oyo          * Hibiscus              N   2,375,861/MT  -0.06%
2026-06-10 06:55:23.371 | INFO     | __main__:run_zonal_forecast:459 -   South West       Oyo          * Cocoa                 N   5,072,169/MT  +0.06%
2026-06-10 06:55:23.371 | INFO     | __main__:run_zonal_forecast:459 -   South West       Oyo          * Soybeans              N     779,663/MT  +0.04%
2026-06-10 06:55:23.371 | INFO     | __main__:run_zonal_forecast:459 -   South West       Oyo          * Cashew Nuts           N   1,691,075/MT  +0.06%
2026-06-10 06:55:23.371 | INFO     | __main__:run_zonal_forecast:459 -   South West       Oyo          * Beans (white)         N     903,544/MT  +0.07%
2026-06-10 06:55:23.375 | INFO     | __main__:run_zonal_forecast:459 -   South West       Oyo          * Maize (white)         N     402,553/MT  +0.05%
2026-06-10 06:55:23.376 | INFO     | __main__:run_zonal_forecast:459 -   South West       Lagos        * Hibiscus              N   2,652,660/MT  -0.06%
2026-06-10 06:55:23.378 | INFO     | __main__:run_zonal_forecast:459 -   South West       Lagos        * Sesame                N   1,940,041/MT  -0.03%
2026-06-10 06:55:23.381 | INFO     | __main__:run_zonal_forecast:459 -   South West       Lagos        * Cocoa                 N   6,154,991/MT  +0.06%
2026-06-10 06:55:23.382 | INFO     | __main__:run_zonal_forecast:459 -   South West       Lagos        * Soybeans              N     914,605/MT  +0.04%
2026-06-10 06:55:23.382 | INFO     | __main__:run_zonal_forecast:459 -   South West       Lagos        * Beans (white)         N   1,051,396/MT  +0.07%
2026-06-10 06:55:23.382 | INFO     | __main__:run_zonal_forecast:459 -   South West       Lagos        * Beans (red)           N   1,130,477/MT  -0.08%
2026-06-10 06:55:23.383 | INFO     | __main__:run_zonal_forecast:459 -   South West       Lagos        * Maize (white)         N     484,554/MT  +0.05%
2026-06-10 06:55:23.383 | INFO     | __main__:run_zonal_forecast:459 -   South West       Lagos        * Maize (yellow)        N     521,819/MT  +0.02%
2026-06-10 06:55:23.383 | INFO     | __main__:run_zonal_forecast:459 -   South East       Anambra      * Cocoa                 N   5,984,019/MT  +0.06%
2026-06-10 06:55:23.383 | INFO     | __main__:run_zonal_forecast:459 -   South East       Anambra      * Cashew Nuts           N   2,163,003/MT  +0.06%
2026-06-10 06:55:23.387 | INFO     | __main__:run_zonal_forecast:459 -   South East       Anambra      * Beans (white)         N     969,256/MT  +0.07%
2026-06-10 06:55:23.387 | INFO     | __main__:run_zonal_forecast:459 -   South East       Anambra      * Beans (red)           N   1,040,039/MT  -0.08%
2026-06-10 06:55:23.389 | INFO     | __main__:run_zonal_forecast:459 -   South East       Anambra      * Maize (white)         N     447,281/MT  +0.05%
2026-06-10 06:55:23.389 | INFO     | __main__:run_zonal_forecast:459 -   South East       Imo          * Cocoa                 N   5,186,150/MT  +0.06%
2026-06-10 06:55:23.391 | INFO     | __main__:run_zonal_forecast:459 -   South East       Imo          * Cashew Nuts           N   2,084,348/MT  +0.06%
2026-06-10 06:55:23.394 | INFO     | __main__:run_zonal_forecast:459 -   South East       Imo          * Beans (white)         N     944,614/MT  +0.07%
2026-06-10 06:55:23.396 | INFO     | __main__:run_zonal_forecast:459 -   South East       Imo          * Maize (white)         N     436,099/MT  +0.05%
2026-06-10 06:55:23.398 | INFO     | __main__:run_zonal_forecast:459 -   South South      Rivers       * Hibiscus              N   2,583,460/MT  -0.06%
2026-06-10 06:55:23.398 | INFO     | __main__:run_zonal_forecast:459 -   South South      Rivers       * Sesame                N   1,940,041/MT  -0.03%
2026-06-10 06:55:23.400 | INFO     | __main__:run_zonal_forecast:459 -   South South      Rivers       * Cocoa                 N   5,984,019/MT  +0.06%
2026-06-10 06:55:23.400 | INFO     | __main__:run_zonal_forecast:459 -   South South      Rivers       * Beans (white)         N   1,002,112/MT  +0.07%
2026-06-10 06:55:23.400 | INFO     | __main__:run_zonal_forecast:459 -   South South      Rivers       * Beans (red)           N   1,085,258/MT  -0.08%
2026-06-10 06:55:23.400 | INFO     | __main__:run_zonal_forecast:459 -   South South      Rivers       * Maize (white)         N     465,918/MT  +0.05%
2026-06-10 06:55:23.400 | INFO     | __main__:run_zonal_forecast:459 -   South South      Delta        * Hibiscus              N   2,491,194/MT  -0.06%
2026-06-10 06:55:23.403 | INFO     | __main__:run_zonal_forecast:459 -   South South      Delta        * Sesame                N   1,907,159/MT  -0.03%
2026-06-10 06:55:23.403 | INFO     | __main__:run_zonal_forecast:459 -   South South      Delta        * Cocoa                 N   5,300,131/MT  +0.06%
2026-06-10 06:55:23.403 | INFO     | __main__:run_zonal_forecast:459 -   South South      Delta        * Soybeans              N     854,631/MT  +0.04%
2026-06-10 06:55:23.403 | INFO     | __main__:run_zonal_forecast:459 -   South South      Delta        * Beans (white)         N     961,042/MT  +0.07%
2026-06-10 06:55:23.403 | INFO     | __main__:run_zonal_forecast:459 -   South South      Delta        * Maize (white)         N     447,281/MT  +0.05%
2026-06-10 06:55:24.298 | SUCCESS  | __main__:run_zonal_forecast:473 -   Zonal JSON  -> C:\Users\USER\Downloads\agrolinking-intel-structure\agrolinking-intel\outputs\forecasts\zonal\zonal_forecast_2026-06-10.json
2026-06-10 06:55:24.310 | SUCCESS  | __main__:run_zonal_forecast:479 -   Zonal alert -> C:\Users\USER\Downloads\agrolinking-intel-structure\agrolinking-intel\outputs\daily_alerts\alert_zonal_2026-06-10.txt
2026-06-10 06:55:24.312 | INFO     | __main__:run_zonal_forecast:481 - 
2026-06-10 06:55:24.315 | INFO     | __main__:run_zonal_forecast:482 - =================================================================
2026-06-10 06:55:24.318 | INFO     | __main__:run_zonal_forecast:484 -   ================================================
2026-06-10 06:55:24.321 | INFO     | __main__:run_zonal_forecast:484 -   AGROLINKING ZONAL COMMODITY INTELLIGENCE
2026-06-10 06:55:24.326 | INFO     | __main__:run_zonal_forecast:484 -   Date: Wednesday, 10 June 2026
2026-06-10 06:55:24.330 | INFO     | __main__:run_zonal_forecast:484 -   6 Zones | 12 States | 12 Commodities
2026-06-10 06:55:24.330 | INFO     | __main__:run_zonal_forecast:484 -   ================================================
2026-06-10 06:55:24.332 | INFO     | __main__:run_zonal_forecast:484 -   
2026-06-10 06:55:24.332 | INFO     | __main__:run_zonal_forecast:484 -   NORTH WEST (Kano & Kaduna)
2026-06-10 06:55:24.333 | INFO     | __main__:run_zonal_forecast:484 -   Nigeria's main grain belt. Highest Maize, Sorghum, Sesame, Wheat production.
2026-06-10 06:55:24.333 | INFO     | __main__:run_zonal_forecast:484 -   
2026-06-10 06:55:24.335 | INFO     | __main__:run_zonal_forecast:484 -     Commodity           Kano                Kaduna            
2026-06-10 06:55:24.335 | INFO     | __main__:run_zonal_forecast:484 -     ------------------------------------------------------------
2026-06-10 06:55:24.337 | INFO     | __main__:run_zonal_forecast:484 -     Hibiscus                N2.191M    (-0.1%)    N2.145M    (-0.1%)
2026-06-10 06:55:24.339 | INFO     | __main__:run_zonal_forecast:484 -     Sesame                * N1.365M    (-0.0%)    N1.397M    (-0.0%)
2026-06-10 06:55:24.340 | INFO     | __main__:run_zonal_forecast:484 -     Ginger                  N11.819M   (+0.0%)  * N8.684M    (+0.0%)
2026-06-10 06:55:24.340 | INFO     | __main__:run_zonal_forecast:484 -     Cocoa                   N5.813M    (+0.1%)    N5.984M    (+0.1%)
2026-06-10 06:55:24.342 | INFO     | __main__:run_zonal_forecast:484 -     Soybeans                N675K      (+0.0%)  * N630K      (+0.0%)
2026-06-10 06:55:24.344 | INFO     | __main__:run_zonal_forecast:484 -     Cashew Nuts             N1.966M    (+0.1%)    N2.006M    (+0.1%)
2026-06-10 06:55:24.347 | INFO     | __main__:run_zonal_forecast:484 -     Sorghum               * N331K      (+0.1%)  * N340K      (+0.1%)
2026-06-10 06:55:24.349 | INFO     | __main__:run_zonal_forecast:484 -     Beans (white)         * N715K      (+0.1%)    N723K      (+0.1%)
2026-06-10 06:55:24.351 | INFO     | __main__:run_zonal_forecast:484 -     Beans (red)             N814K      (-0.1%)    N823K      (-0.1%)
2026-06-10 06:55:24.352 | INFO     | __main__:run_zonal_forecast:484 -     Maize (white)         * N298K      (+0.1%)  * N302K      (+0.1%)
2026-06-10 06:55:24.352 | INFO     | __main__:run_zonal_forecast:484 -     Maize (yellow)        * N321K      (+0.0%)  * N325K      (+0.0%)
2026-06-10 06:55:24.353 | INFO     | __main__:run_zonal_forecast:484 -     Wheat                 * N633K      (+0.1%)  * N619K      (+0.1%)
2026-06-10 06:55:24.355 | INFO     | __main__:run_zonal_forecast:484 -     Rice                    N1.488M    (+0.1%)  * N1.457M    (+0.1%)
2026-06-10 06:55:24.355 | INFO     | __main__:run_zonal_forecast:484 -   
2026-06-10 06:55:24.357 | INFO     | __main__:run_zonal_forecast:484 -   NORTH CENTRAL (Plateau & Kogi)
2026-06-10 06:55:24.357 | INFO     | __main__:run_zonal_forecast:484 -   Middle Belt. Ginger heartland (Plateau), Cashew/Cocoa belt (Kogi).
2026-06-10 06:55:24.365 | INFO     | __main__:run_zonal_forecast:484 -   
2026-06-10 06:55:24.366 | INFO     | __main__:run_zonal_forecast:484 -     Commodity           Plateau             Kogi              
2026-06-10 06:55:24.367 | INFO     | __main__:run_zonal_forecast:484 -     ------------------------------------------------------------
2026-06-10 06:55:24.368 | INFO     | __main__:run_zonal_forecast:484 -     Hibiscus                N2.237M    (-0.1%)    N2.214M    (-0.1%)
2026-06-10 06:55:24.374 | INFO     | __main__:run_zonal_forecast:484 -     Sesame                  N1.578M    (-0.0%)    N1.595M    (-0.0%)
2026-06-10 06:55:24.380 | INFO     | __main__:run_zonal_forecast:484 -     Ginger                * N9.045M    (+0.0%)    N11.337M   (+0.0%)
2026-06-10 06:55:24.382 | INFO     | __main__:run_zonal_forecast:484 -     Cocoa                   N6.155M    (+0.1%)  * N5.015M    (+0.1%)
2026-06-10 06:55:24.382 | INFO     | __main__:run_zonal_forecast:484 -     Soybeans              * N622K      (+0.0%)  * N652K      (+0.0%)
2026-06-10 06:55:24.386 | INFO     | __main__:run_zonal_forecast:484 -     Cashew Nuts             N2.065M    (+0.1%)  * N1.573M    (+0.1%)
2026-06-10 06:55:24.386 | INFO     | __main__:run_zonal_forecast:484 -     Sorghum                 N391K      (+0.1%)  * N386K      (+0.1%)
2026-06-10 06:55:24.386 | INFO     | __main__:run_zonal_forecast:484 -     Beans (white)         * N739K      (+0.1%)  * N756K      (+0.1%)
2026-06-10 06:55:24.389 | INFO     | __main__:run_zonal_forecast:484 -     Beans (red)             N859K      (-0.1%)    N850K      (-0.1%)
2026-06-10 06:55:24.389 | INFO     | __main__:run_zonal_forecast:484 -     Maize (white)         * N324K      (+0.1%)  * N335K      (+0.1%)
2026-06-10 06:55:24.389 | INFO     | __main__:run_zonal_forecast:484 -     Maize (yellow)          N353K      (+0.0%)    N365K      (+0.0%)
2026-06-10 06:55:24.391 | INFO     | __main__:run_zonal_forecast:484 -     Wheat                 * N648K      (+0.1%)    N690K      (+0.1%)
2026-06-10 06:55:24.391 | INFO     | __main__:run_zonal_forecast:484 -     Rice                  * N1.410M    (+0.1%)    N1.519M    (+0.1%)
2026-06-10 06:55:24.392 | INFO     | __main__:run_zonal_forecast:484 -   
2026-06-10 06:55:24.394 | INFO     | __main__:run_zonal_forecast:484 -   NORTH EAST (Adamawa & Borno)
2026-06-10 06:55:24.396 | INFO     | __main__:run_zonal_forecast:484 -   Semi-arid. Sorghum, Maize. Conflict premium on imports in Borno.
2026-06-10 06:55:24.396 | INFO     | __main__:run_zonal_forecast:484 -   
2026-06-10 06:55:24.396 | INFO     | __main__:run_zonal_forecast:484 -     Commodity           Adamawa             Borno             
2026-06-10 06:55:24.396 | INFO     | __main__:run_zonal_forecast:484 -     ------------------------------------------------------------
2026-06-10 06:55:24.396 | INFO     | __main__:run_zonal_forecast:484 -     Hibiscus                N2.261M    (-0.1%)    N2.422M    (-0.1%)
2026-06-10 06:55:24.401 | INFO     | __main__:run_zonal_forecast:484 -     Sesame                * N1.414M    (-0.0%)  * N1.463M    (-0.0%)
2026-06-10 06:55:24.401 | INFO     | __main__:run_zonal_forecast:484 -     Ginger                * N10.010M   (+0.0%)    N13.870M   (+0.0%)
2026-06-10 06:55:24.401 | INFO     | __main__:run_zonal_forecast:484 -     Cocoa                   N5.984M    (+0.1%)    N6.725M    (+0.1%)
2026-06-10 06:55:24.401 | INFO     | __main__:run_zonal_forecast:484 -     Soybeans              * N667K      (+0.0%)    N810K      (+0.0%)
2026-06-10 06:55:24.401 | INFO     | __main__:run_zonal_forecast:484 -     Cashew Nuts             N2.045M    (+0.1%)    N2.261M    (+0.1%)
2026-06-10 06:55:24.406 | INFO     | __main__:run_zonal_forecast:484 -     Sorghum               * N369K      (+0.1%)  * N391K      (+0.1%)
2026-06-10 06:55:24.406 | INFO     | __main__:run_zonal_forecast:484 -     Beans (white)         * N756K      (+0.1%)  * N871K      (+0.1%)
2026-06-10 06:55:24.406 | INFO     | __main__:run_zonal_forecast:484 -     Beans (red)             N859K      (-0.1%)    N995K      (-0.1%)
2026-06-10 06:55:24.406 | INFO     | __main__:run_zonal_forecast:484 -     Maize (white)         * N328K      (+0.1%)  * N403K      (+0.1%)
2026-06-10 06:55:24.406 | INFO     | __main__:run_zonal_forecast:484 -     Maize (yellow)          N357K      (+0.0%)    N434K      (+0.0%)
2026-06-10 06:55:24.409 | INFO     | __main__:run_zonal_forecast:484 -     Wheat                   N697K      (+0.1%)  * N797K      (+0.1%)
2026-06-10 06:55:24.411 | INFO     | __main__:run_zonal_forecast:484 -     Rice                    N1.598M    (+0.1%)    N1.723M    (+0.1%)
2026-06-10 06:55:24.411 | INFO     | __main__:run_zonal_forecast:484 -   
2026-06-10 06:55:24.413 | INFO     | __main__:run_zonal_forecast:484 -   SOUTH WEST (Oyo & Lagos)
2026-06-10 06:55:24.413 | INFO     | __main__:run_zonal_forecast:484 -   Commercial capital. Lagos is the price-setter for consumer markets.
2026-06-10 06:55:24.413 | INFO     | __main__:run_zonal_forecast:484 -   
2026-06-10 06:55:24.413 | INFO     | __main__:run_zonal_forecast:484 -     Commodity           Oyo                 Lagos             
2026-06-10 06:55:24.413 | INFO     | __main__:run_zonal_forecast:484 -     ------------------------------------------------------------
2026-06-10 06:55:24.413 | INFO     | __main__:run_zonal_forecast:484 -     Hibiscus              * N2.376M    (-0.1%)  * N2.653M    (-0.1%)
2026-06-10 06:55:24.417 | INFO     | __main__:run_zonal_forecast:484 -     Sesame                  N1.743M    (-0.0%)  * N1.940M    (-0.0%)
2026-06-10 06:55:24.417 | INFO     | __main__:run_zonal_forecast:484 -     Ginger                  N13.026M   (+0.0%)    N14.473M   (+0.0%)
2026-06-10 06:55:24.418 | INFO     | __main__:run_zonal_forecast:484 -     Cocoa                 * N5.072M    (+0.1%)  * N6.155M    (+0.1%)
2026-06-10 06:55:24.419 | INFO     | __main__:run_zonal_forecast:484 -     Soybeans              * N780K      (+0.0%)  * N915K      (+0.0%)
2026-06-10 06:55:24.419 | INFO     | __main__:run_zonal_forecast:484 -     Cashew Nuts           * N1.691M    (+0.1%)    N2.163M    (+0.1%)
2026-06-10 06:55:24.421 | INFO     | __main__:run_zonal_forecast:484 -     Sorghum                 N446K      (+0.1%)    N501K      (+0.1%)
2026-06-10 06:55:24.421 | INFO     | __main__:run_zonal_forecast:484 -     Beans (white)         * N904K      (+0.1%)  * N1.051M    (+0.1%)
2026-06-10 06:55:24.423 | INFO     | __main__:run_zonal_forecast:484 -     Beans (red)             N1.013M    (-0.1%)  * N1.130M    (-0.1%)
2026-06-10 06:55:24.427 | INFO     | __main__:run_zonal_forecast:484 -     Maize (white)         * N403K      (+0.1%)  * N485K      (+0.1%)
2026-06-10 06:55:24.429 | INFO     | __main__:run_zonal_forecast:484 -     Maize (yellow)          N434K      (+0.0%)  * N522K      (+0.0%)
2026-06-10 06:55:24.431 | INFO     | __main__:run_zonal_forecast:484 -     Wheat                   N783K      (+0.1%)    N818K      (+0.1%)
2026-06-10 06:55:24.431 | INFO     | __main__:run_zonal_forecast:484 -     Rice                    N1.692M    (+0.1%)    N1.848M    (+0.1%)
2026-06-10 06:55:24.433 | INFO     | __main__:run_zonal_forecast:484 -   
2026-06-10 06:55:24.433 | INFO     | __main__:run_zonal_forecast:484 -   SOUTH EAST (Anambra & Imo)
2026-06-10 06:55:24.435 | INFO     | __main__:run_zonal_forecast:484 -   High consumption, low production of traded commodities. Import-dependent.
2026-06-10 06:55:24.437 | INFO     | __main__:run_zonal_forecast:484 -   
2026-06-10 06:55:24.439 | INFO     | __main__:run_zonal_forecast:484 -     Commodity           Anambra             Imo               
2026-06-10 06:55:24.440 | INFO     | __main__:run_zonal_forecast:484 -     ------------------------------------------------------------
2026-06-10 06:55:24.440 | INFO     | __main__:run_zonal_forecast:484 -     Hibiscus                N2.583M    (-0.1%)    N2.537M    (-0.1%)
2026-06-10 06:55:24.441 | INFO     | __main__:run_zonal_forecast:484 -     Sesame                  N1.907M    (-0.0%)    N1.874M    (-0.0%)
2026-06-10 06:55:24.441 | INFO     | __main__:run_zonal_forecast:484 -     Ginger                  N13.870M   (+0.0%)    N13.508M   (+0.0%)
2026-06-10 06:55:24.441 | INFO     | __main__:run_zonal_forecast:484 -     Cocoa                 * N5.984M    (+0.1%)  * N5.186M    (+0.1%)
2026-06-10 06:55:24.444 | INFO     | __main__:run_zonal_forecast:484 -     Soybeans                N855K      (+0.0%)    N840K      (+0.0%)
2026-06-10 06:55:24.446 | INFO     | __main__:run_zonal_forecast:484 -     Cashew Nuts           * N2.163M    (+0.1%)  * N2.084M    (+0.1%)
2026-06-10 06:55:24.446 | INFO     | __main__:run_zonal_forecast:484 -     Sorghum                 N484K      (+0.1%)    N476K      (+0.1%)
2026-06-10 06:55:24.448 | INFO     | __main__:run_zonal_forecast:484 -     Beans (white)         * N969K      (+0.1%)  * N945K      (+0.1%)
2026-06-10 06:55:24.448 | INFO     | __main__:run_zonal_forecast:484 -     Beans (red)           * N1.040M    (-0.1%)    N1.022M    (-0.1%)
2026-06-10 06:55:24.450 | INFO     | __main__:run_zonal_forecast:484 -     Maize (white)         * N447K      (+0.1%)  * N436K      (+0.1%)
2026-06-10 06:55:24.450 | INFO     | __main__:run_zonal_forecast:484 -     Maize (yellow)          N482K      (+0.0%)    N470K      (+0.0%)
2026-06-10 06:55:24.450 | INFO     | __main__:run_zonal_forecast:484 -     Wheat                   N840K      (+0.1%)    N826K      (+0.1%)
2026-06-10 06:55:24.451 | INFO     | __main__:run_zonal_forecast:484 -     Rice                    N1.754M    (+0.1%)    N1.723M    (+0.1%)
2026-06-10 06:55:24.451 | INFO     | __main__:run_zonal_forecast:484 -   
2026-06-10 06:55:24.453 | INFO     | __main__:run_zonal_forecast:484 -   SOUTH SOUTH (Rivers & Delta)
2026-06-10 06:55:24.453 | INFO     | __main__:run_zonal_forecast:484 -   Oil belt. High purchasing power. Cocoa producer (Delta).
2026-06-10 06:55:24.456 | INFO     | __main__:run_zonal_forecast:484 -   
2026-06-10 06:55:24.456 | INFO     | __main__:run_zonal_forecast:484 -     Commodity           Rivers              Delta             
2026-06-10 06:55:24.456 | INFO     | __main__:run_zonal_forecast:484 -     ------------------------------------------------------------
2026-06-10 06:55:24.458 | INFO     | __main__:run_zonal_forecast:484 -     Hibiscus              * N2.583M    (-0.1%)  * N2.491M    (-0.1%)
2026-06-10 06:55:24.458 | INFO     | __main__:run_zonal_forecast:484 -     Sesame                * N1.940M    (-0.0%)  * N1.907M    (-0.0%)
2026-06-10 06:55:24.460 | INFO     | __main__:run_zonal_forecast:484 -     Ginger                  N14.473M   (+0.0%)    N13.870M   (+0.0%)
2026-06-10 06:55:24.462 | INFO     | __main__:run_zonal_forecast:484 -     Cocoa                 * N5.984M    (+0.1%)  * N5.300M    (+0.1%)
2026-06-10 06:55:24.462 | INFO     | __main__:run_zonal_forecast:484 -     Soybeans                N885K      (+0.0%)  * N855K      (+0.0%)
2026-06-10 06:55:24.462 | INFO     | __main__:run_zonal_forecast:484 -     Cashew Nuts             N2.261M    (+0.1%)    N2.163M    (+0.1%)
2026-06-10 06:55:24.462 | INFO     | __main__:run_zonal_forecast:484 -     Sorghum                 N510K      (+0.1%)    N501K      (+0.1%)
2026-06-10 06:55:24.462 | INFO     | __main__:run_zonal_forecast:484 -     Beans (white)         * N1.002M    (+0.1%)  * N961K      (+0.1%)
2026-06-10 06:55:24.462 | INFO     | __main__:run_zonal_forecast:484 -     Beans (red)           * N1.085M    (-0.1%)    N1.040M    (-0.1%)
2026-06-10 06:55:24.466 | INFO     | __main__:run_zonal_forecast:484 -     Maize (white)         * N466K      (+0.1%)  * N447K      (+0.1%)
2026-06-10 06:55:24.468 | INFO     | __main__:run_zonal_forecast:484 -     Maize (yellow)          N502K      (+0.0%)    N482K      (+0.0%)
2026-06-10 06:55:24.468 | INFO     | __main__:run_zonal_forecast:484 -     Wheat                   N868K      (+0.1%)    N854K      (+0.1%)
2026-06-10 06:55:24.469 | INFO     | __main__:run_zonal_forecast:484 -     Rice                    N1.801M    (+0.1%)    N1.754M    (+0.1%)
2026-06-10 06:55:24.470 | INFO     | __main__:run_zonal_forecast:484 -   
2026-06-10 06:55:24.470 | INFO     | __main__:run_zonal_forecast:484 -   ==========================================================
2026-06-10 06:55:24.470 | INFO     | __main__:run_zonal_forecast:484 -   * = primary commodity  (+/-%) = day-on-day change
2026-06-10 06:55:24.470 | INFO     | __main__:run_zonal_forecast:484 -   
2026-06-10 06:55:24.473 | INFO     | __main__:run_zonal_forecast:484 -   NATIONAL PRICE CHANGES TODAY:
2026-06-10 06:55:24.475 | INFO     | __main__:run_zonal_forecast:484 -     Commodity                   Price   Day Chg    vs Ref
2026-06-10 06:55:24.475 | INFO     | __main__:run_zonal_forecast:484 -     ------------------------------------------------------
2026-06-10 06:55:24.475 | INFO     | __main__:run_zonal_forecast:484 -     Hibiscus                  N2.307M    -0.06%    -0.79%
2026-06-10 06:55:24.475 | INFO     | __main__:run_zonal_forecast:484 -     Sesame                    N1.644M    -0.03%    -0.36%
2026-06-10 06:55:24.479 | INFO     | __main__:run_zonal_forecast:484 -     Ginger                   N12.061M    +0.04%    +0.51%
2026-06-10 06:55:24.479 | INFO     | __main__:run_zonal_forecast:484 -     Cocoa                     N5.699M    +0.06%    +0.87%
2026-06-10 06:55:24.481 | INFO     | __main__:run_zonal_forecast:484 -     Soybeans                    N750K    +0.04%    +0.63%
2026-06-10 06:55:24.481 | INFO     | __main__:run_zonal_forecast:484 -     Cashew Nuts               N1.966M    +0.06%    +0.84%
2026-06-10 06:55:24.482 | INFO     | __main__:run_zonal_forecast:484 -     Sorghum                     N425K    +0.08%    +1.12%
2026-06-10 06:55:24.482 | INFO     | __main__:run_zonal_forecast:484 -     Beans (white)               N821K    +0.07%    +1.03%
2026-06-10 06:55:24.482 | INFO     | __main__:run_zonal_forecast:484 -     Beans (red)                 N904K    -0.08%    -1.16%
2026-06-10 06:55:24.482 | INFO     | __main__:run_zonal_forecast:484 -     Maize (white)               N373K    +0.05%    +0.74%
2026-06-10 06:55:24.482 | INFO     | __main__:run_zonal_forecast:484 -     Maize (yellow)              N401K    +0.02%    +0.35%
2026-06-10 06:55:24.482 | INFO     | __main__:run_zonal_forecast:484 -     Wheat                       N712K    +0.05%    +0.69%
2026-06-10 06:55:24.482 | INFO     | __main__:run_zonal_forecast:484 -     Rice                      N1.566M    +0.07%    +1.05%
2026-06-10 06:55:24.487 | INFO     | __main__:run_zonal_forecast:484 -   
2026-06-10 06:55:24.487 | INFO     | __main__:run_zonal_forecast:484 -   BEST SOURCING NATIONALLY:
2026-06-10 06:55:24.490 | INFO     | __main__:run_zonal_forecast:484 -     Commodity              Best State           Price  Spread
2026-06-10 06:55:24.490 | INFO     | __main__:run_zonal_forecast:484 -     ------------------------------------------------------------
2026-06-10 06:55:24.491 | INFO     | __main__:run_zonal_forecast:484 -     Hibiscus               Kaduna             N2.145M  24% vs Lagos
2026-06-10 06:55:24.491 | INFO     | __main__:run_zonal_forecast:484 -     Sesame                 Kano               N1.365M  42% vs Lagos
2026-06-10 06:55:24.491 | INFO     | __main__:run_zonal_forecast:484 -     Ginger                 Kaduna             N8.684M  67% vs Lagos
2026-06-10 06:55:24.494 | INFO     | __main__:run_zonal_forecast:484 -     Cocoa                  Kogi               N5.015M  34% vs Borno
2026-06-10 06:55:24.496 | INFO     | __main__:run_zonal_forecast:484 -     Soybeans               Plateau              N622K  47% vs Lagos
2026-06-10 06:55:24.496 | INFO     | __main__:run_zonal_forecast:484 -     Cashew Nuts            Kogi               N1.573M  44% vs Borno
2026-06-10 06:55:24.496 | INFO     | __main__:run_zonal_forecast:484 -     Sorghum                Kano                 N331K  54% vs Rivers
2026-06-10 06:55:24.496 | INFO     | __main__:run_zonal_forecast:484 -     Beans (white)          Kano                 N715K  47% vs Lagos
2026-06-10 06:55:24.498 | INFO     | __main__:run_zonal_forecast:484 -     Beans (red)            Kano                 N814K  39% vs Lagos
2026-06-10 06:55:24.498 | INFO     | __main__:run_zonal_forecast:484 -     Maize (white)          Kano                 N298K  62% vs Lagos
2026-06-10 06:55:24.499 | INFO     | __main__:run_zonal_forecast:484 -     Maize (yellow)         Kano                 N321K  62% vs Lagos
2026-06-10 06:55:24.499 | INFO     | __main__:run_zonal_forecast:484 -     Wheat                  Kaduna               N619K  40% vs Rivers
2026-06-10 06:55:24.501 | INFO     | __main__:run_zonal_forecast:484 -     Rice                   Plateau            N1.410M  31% vs Lagos
2026-06-10 06:55:24.501 | INFO     | __main__:run_zonal_forecast:484 -   
2026-06-10 06:55:24.501 | INFO     | __main__:run_zonal_forecast:484 -   ==========================================================
2026-06-10 06:55:24.519 | INFO     | __main__:run_zonal_forecast:484 -   Source: Agrolinking Intelligence Platform
2026-06-10 06:55:24.523 | INFO     | __main__:run_zonal_forecast:484 -   Next update: 11 Jun 2026
2026-06-10 06:55:24.527 | INFO     | __main__:run_zonal_forecast:485 - =================================================================
2026-06-10 06:55:24.528 | SUCCESS  | __main__:run_zonal_forecast:486 - ZONAL FORECASTING COMPLETE — 6 zones | 12 states | 13 commodities
