2026-06-08 06:33:56.766 | INFO     | __main__:run_zonal_forecast:403 - =================================================================
2026-06-08 06:33:56.766 | INFO     | __main__:run_zonal_forecast:404 - STEP 7 — ZONAL & STATE-LEVEL FORECASTING
2026-06-08 06:33:56.766 | INFO     | __main__:run_zonal_forecast:405 -   Date  : Monday, 08 June 2026  06:33
2026-06-08 06:33:56.766 | INFO     | __main__:run_zonal_forecast:406 -   Anchor: DAILY INTERPOLATED (from last_known_date, drifts daily)
2026-06-08 06:33:56.766 | INFO     | __main__:run_zonal_forecast:407 - =================================================================
2026-06-08 06:33:57.030 | INFO     | __main__:run_zonal_forecast:410 -   Source: forecast_validated_2026-06-08.json
2026-06-08 06:33:57.032 | INFO     | __main__:run_zonal_forecast:417 -   Maize (white): last_known=2026-06-08, days_elapsed=0
2026-06-08 06:33:57.032 | INFO     | __main__:run_zonal_forecast:417 -   Hibiscus: last_known=2026-06-08, days_elapsed=0
2026-06-08 06:33:57.032 | INFO     | __main__:run_zonal_forecast:417 -   Sesame: last_known=2026-06-08, days_elapsed=0
2026-06-08 06:33:57.035 | INFO     | __main__:build_zonal_output:224 - 
2026-06-08 06:33:57.035 | INFO     | __main__:build_zonal_output:225 -   NATIONAL ANCHORS (interpolated from last_known_date to today):
2026-06-08 06:33:57.035 | INFO     | __main__:build_zonal_output:226 -   Commodity                 Today Price   Day Chg    vs Ref  Source
2026-06-08 06:33:57.035 | INFO     | __main__:build_zonal_output:227 -   --------------------------------------------------------------------------------
2026-06-08 06:33:57.035 | DEBUG    | __main__:get_daily_price:115 -   last_known=2026-06-08, run=2026-06-08, elapsed=7d
2026-06-08 06:33:57.039 | DEBUG    | __main__:get_daily_price:81 -   last_known_date 2026-06-08 is in future. Capping to 7 days ago.
2026-06-08 06:33:57.039 | DEBUG    | __main__:get_daily_price:115 -   last_known=2026-06-08, run=2026-06-07, elapsed=7d
2026-06-08 06:33:57.039 | INFO     | __main__:build_zonal_output:257 -   Hibiscus               N   2,306,661    -0.06%   -0.79%  interp d7 (weekly series | -0.79% v
2026-06-08 06:33:57.039 | DEBUG    | __main__:get_daily_price:115 -   last_known=2026-06-08, run=2026-06-08, elapsed=7d
2026-06-08 06:33:57.045 | DEBUG    | __main__:get_daily_price:81 -   last_known_date 2026-06-08 is in future. Capping to 7 days ago.
2026-06-08 06:33:57.047 | DEBUG    | __main__:get_daily_price:115 -   last_known=2026-06-08, run=2026-06-07, elapsed=7d
2026-06-08 06:33:57.049 | INFO     | __main__:build_zonal_output:257 -   Sesame                 N   1,644,103    -0.03%   -0.36%  interp d7 (weekly series | -0.36% v
2026-06-08 06:33:57.061 | DEBUG    | __main__:get_daily_price:115 -   last_known=2026-06-08, run=2026-06-08, elapsed=7d
2026-06-08 06:33:57.065 | DEBUG    | __main__:get_daily_price:81 -   last_known_date 2026-06-08 is in future. Capping to 7 days ago.
2026-06-08 06:33:57.065 | DEBUG    | __main__:get_daily_price:115 -   last_known=2026-06-08, run=2026-06-07, elapsed=7d
2026-06-08 06:33:57.067 | INFO     | __main__:build_zonal_output:257 -   Ginger                 N  12,060,655    +0.04%  + +0.51%  interp d7 (weekly series | +0.51% v
2026-06-08 06:33:57.068 | DEBUG    | __main__:get_daily_price:115 -   last_known=2026-06-08, run=2026-06-08, elapsed=7d
2026-06-08 06:33:57.069 | DEBUG    | __main__:get_daily_price:81 -   last_known_date 2026-06-08 is in future. Capping to 7 days ago.
2026-06-08 06:33:57.069 | DEBUG    | __main__:get_daily_price:115 -   last_known=2026-06-08, run=2026-06-07, elapsed=7d
2026-06-08 06:33:57.071 | INFO     | __main__:build_zonal_output:257 -   Cocoa                  N   5,699,066    +0.06%  + +0.87%  interp d7 (weekly series | +0.87% v
2026-06-08 06:33:57.071 | DEBUG    | __main__:get_daily_price:115 -   last_known=2026-06-08, run=2026-06-08, elapsed=7d
2026-06-08 06:33:57.071 | DEBUG    | __main__:get_daily_price:81 -   last_known_date 2026-06-08 is in future. Capping to 7 days ago.
2026-06-08 06:33:57.071 | DEBUG    | __main__:get_daily_price:115 -   last_known=2026-06-08, run=2026-06-07, elapsed=7d
2026-06-08 06:33:57.073 | INFO     | __main__:build_zonal_output:257 -   Soybeans               N     749,676    +0.04%  + +0.63%  interp d7 (weekly series | +0.63% v
2026-06-08 06:33:57.073 | DEBUG    | __main__:get_daily_price:115 -   last_known=2026-06-08, run=2026-06-08, elapsed=7d
2026-06-08 06:33:57.073 | DEBUG    | __main__:get_daily_price:81 -   last_known_date 2026-06-08 is in future. Capping to 7 days ago.
2026-06-08 06:33:57.073 | DEBUG    | __main__:get_daily_price:115 -   last_known=2026-06-08, run=2026-06-07, elapsed=7d
2026-06-08 06:33:57.077 | INFO     | __main__:build_zonal_output:257 -   Cashew Nuts            N   1,966,366    +0.06%  + +0.84%  interp d7 (weekly series | +0.84% v
2026-06-08 06:33:57.077 | DEBUG    | __main__:get_daily_price:115 -   last_known=2026-06-08, run=2026-06-08, elapsed=7d
2026-06-08 06:33:57.080 | DEBUG    | __main__:get_daily_price:81 -   last_known_date 2026-06-08 is in future. Capping to 7 days ago.
2026-06-08 06:33:57.080 | DEBUG    | __main__:get_daily_price:115 -   last_known=2026-06-08, run=2026-06-07, elapsed=7d
2026-06-08 06:33:57.082 | INFO     | __main__:build_zonal_output:257 -   Sorghum                N     424,696    +0.08%  + +1.12%  interp d7 (weekly series | +1.12% v
2026-06-08 06:33:57.082 | DEBUG    | __main__:get_daily_price:115 -   last_known=2026-06-08, run=2026-06-08, elapsed=7d
2026-06-08 06:33:57.086 | DEBUG    | __main__:get_daily_price:81 -   last_known_date 2026-06-08 is in future. Capping to 7 days ago.
2026-06-08 06:33:57.086 | DEBUG    | __main__:get_daily_price:115 -   last_known=2026-06-08, run=2026-06-07, elapsed=7d
2026-06-08 06:33:57.088 | INFO     | __main__:build_zonal_output:257 -   Beans (white)          N     821,403    +0.07%  + +1.03%  interp d7 (weekly series | +1.03% v
2026-06-08 06:33:57.088 | DEBUG    | __main__:get_daily_price:115 -   last_known=2026-06-08, run=2026-06-08, elapsed=7d
2026-06-08 06:33:57.090 | DEBUG    | __main__:get_daily_price:81 -   last_known_date 2026-06-08 is in future. Capping to 7 days ago.
2026-06-08 06:33:57.090 | DEBUG    | __main__:get_daily_price:115 -   last_known=2026-06-08, run=2026-06-07, elapsed=7d
2026-06-08 06:33:57.092 | INFO     | __main__:build_zonal_output:257 -   Beans (red)            N     904,382    -0.08%   -1.16%  interp d7 (weekly series | -1.16% v
2026-06-08 06:33:57.097 | DEBUG    | __main__:get_daily_price:115 -   last_known=2026-06-08, run=2026-06-08, elapsed=7d
2026-06-08 06:33:57.106 | DEBUG    | __main__:get_daily_price:81 -   last_known_date 2026-06-08 is in future. Capping to 7 days ago.
2026-06-08 06:33:57.106 | DEBUG    | __main__:get_daily_price:115 -   last_known=2026-06-08, run=2026-06-07, elapsed=7d
2026-06-08 06:33:57.110 | INFO     | __main__:build_zonal_output:257 -   Maize (white)          N     372,734    +0.05%  + +0.74%  interp d7 (weekly series | +0.74% v
2026-06-08 06:33:57.122 | DEBUG    | __main__:get_daily_price:115 -   last_known=2026-06-08, run=2026-06-08, elapsed=7d
2026-06-08 06:33:57.129 | DEBUG    | __main__:get_daily_price:81 -   last_known_date 2026-06-08 is in future. Capping to 7 days ago.
2026-06-08 06:33:57.129 | DEBUG    | __main__:get_daily_price:115 -   last_known=2026-06-08, run=2026-06-07, elapsed=7d
2026-06-08 06:33:57.133 | INFO     | __main__:build_zonal_output:257 -   Maize (yellow)         N     401,399    +0.02%  + +0.35%  interp d7 (weekly series | +0.35% v
2026-06-08 06:33:57.140 | DEBUG    | __main__:get_daily_price:115 -   last_known=2026-06-08, run=2026-06-08, elapsed=7d
2026-06-08 06:33:57.146 | DEBUG    | __main__:get_daily_price:81 -   last_known_date 2026-06-08 is in future. Capping to 7 days ago.
2026-06-08 06:33:57.153 | DEBUG    | __main__:get_daily_price:115 -   last_known=2026-06-08, run=2026-06-07, elapsed=7d
2026-06-08 06:33:57.157 | INFO     | __main__:build_zonal_output:257 -   Wheat                  N     711,681    +0.05%  + +0.69%  interp d7 (weekly series | +0.69% v
2026-06-08 06:33:57.170 | DEBUG    | __main__:get_daily_price:115 -   last_known=2026-06-08, run=2026-06-08, elapsed=7d
2026-06-08 06:33:57.173 | DEBUG    | __main__:get_daily_price:81 -   last_known_date 2026-06-08 is in future. Capping to 7 days ago.
2026-06-08 06:33:57.175 | DEBUG    | __main__:get_daily_price:115 -   last_known=2026-06-08, run=2026-06-07, elapsed=7d
2026-06-08 06:33:57.177 | INFO     | __main__:build_zonal_output:257 -   Rice                   N   1,566,321    +0.07%  + +1.05%  interp d7 (weekly series | +1.05% v
2026-06-08 06:33:57.184 | INFO     | __main__:build_zonal_output:260 - 
2026-06-08 06:33:57.267 | INFO     | __main__:run_zonal_forecast:423 - 
2026-06-08 06:33:57.268 | INFO     | __main__:run_zonal_forecast:424 -   Zone             State        Commodity                 State Price  Day Chg
2026-06-08 06:33:57.270 | INFO     | __main__:run_zonal_forecast:425 -   ------------------------------------------------------------------------
2026-06-08 06:33:57.271 | INFO     | __main__:run_zonal_forecast:432 -   North West       Kano         * Sesame                N   1,364,605/MT  -0.03%
2026-06-08 06:33:57.273 | INFO     | __main__:run_zonal_forecast:432 -   North West       Kano         * Sorghum               N     331,263/MT  +0.08%
2026-06-08 06:33:57.275 | INFO     | __main__:run_zonal_forecast:432 -   North West       Kano         * Beans (white)         N     714,621/MT  +0.07%
2026-06-08 06:33:57.276 | INFO     | __main__:run_zonal_forecast:432 -   North West       Kano         * Maize (white)         N     298,187/MT  +0.05%
2026-06-08 06:33:57.280 | INFO     | __main__:run_zonal_forecast:432 -   North West       Kano         * Maize (yellow)        N     321,119/MT  +0.02%
2026-06-08 06:33:57.287 | INFO     | __main__:run_zonal_forecast:432 -   North West       Kano         * Wheat                 N     633,396/MT  +0.05%
2026-06-08 06:33:57.290 | INFO     | __main__:run_zonal_forecast:432 -   North West       Kaduna       * Ginger                N   8,683,671/MT  +0.04%
2026-06-08 06:33:57.298 | INFO     | __main__:run_zonal_forecast:432 -   North West       Kaduna       * Soybeans              N     629,728/MT  +0.04%
2026-06-08 06:33:57.300 | INFO     | __main__:run_zonal_forecast:432 -   North West       Kaduna       * Sorghum               N     339,757/MT  +0.08%
2026-06-08 06:33:57.307 | INFO     | __main__:run_zonal_forecast:432 -   North West       Kaduna       * Maize (white)         N     301,915/MT  +0.05%
2026-06-08 06:33:57.316 | INFO     | __main__:run_zonal_forecast:432 -   North West       Kaduna       * Maize (yellow)        N     325,133/MT  +0.02%
2026-06-08 06:33:57.322 | INFO     | __main__:run_zonal_forecast:432 -   North West       Kaduna       * Wheat                 N     619,162/MT  +0.05%
2026-06-08 06:33:57.337 | INFO     | __main__:run_zonal_forecast:432 -   North West       Kaduna       * Rice                  N   1,456,678/MT  +0.07%
2026-06-08 06:33:57.343 | INFO     | __main__:run_zonal_forecast:432 -   North Central    Plateau      * Ginger                N   9,045,491/MT  +0.04%
2026-06-08 06:33:57.348 | INFO     | __main__:run_zonal_forecast:432 -   North Central    Plateau      * Soybeans              N     622,231/MT  +0.04%
2026-06-08 06:33:57.350 | INFO     | __main__:run_zonal_forecast:432 -   North Central    Plateau      * Beans (white)         N     739,263/MT  +0.07%
2026-06-08 06:33:57.352 | INFO     | __main__:run_zonal_forecast:432 -   North Central    Plateau      * Maize (white)         N     324,279/MT  +0.05%
2026-06-08 06:33:57.354 | INFO     | __main__:run_zonal_forecast:432 -   North Central    Plateau      * Wheat                 N     647,630/MT  +0.05%
2026-06-08 06:33:57.359 | INFO     | __main__:run_zonal_forecast:432 -   North Central    Plateau      * Rice                  N   1,409,689/MT  +0.07%
2026-06-08 06:33:57.359 | INFO     | __main__:run_zonal_forecast:432 -   North Central    Kogi         * Cocoa                 N   5,015,178/MT  +0.06%
2026-06-08 06:33:57.361 | INFO     | __main__:run_zonal_forecast:432 -   North Central    Kogi         * Soybeans              N     652,218/MT  +0.04%
2026-06-08 06:33:57.362 | INFO     | __main__:run_zonal_forecast:432 -   North Central    Kogi         * Cashew Nuts           N   1,573,093/MT  +0.06%
2026-06-08 06:33:57.363 | INFO     | __main__:run_zonal_forecast:432 -   North Central    Kogi         * Sorghum               N     386,474/MT  +0.08%
2026-06-08 06:33:57.363 | INFO     | __main__:run_zonal_forecast:432 -   North Central    Kogi         * Beans (white)         N     755,691/MT  +0.07%
2026-06-08 06:33:57.364 | INFO     | __main__:run_zonal_forecast:432 -   North Central    Kogi         * Maize (white)         N     335,461/MT  +0.05%
2026-06-08 06:33:57.365 | INFO     | __main__:run_zonal_forecast:432 -   North East       Adamawa      * Sesame                N   1,413,929/MT  -0.03%
2026-06-08 06:33:57.367 | INFO     | __main__:run_zonal_forecast:432 -   North East       Adamawa      * Ginger                N  10,010,343/MT  +0.04%
2026-06-08 06:33:57.369 | INFO     | __main__:run_zonal_forecast:432 -   North East       Adamawa      * Soybeans              N     667,212/MT  +0.04%
2026-06-08 06:33:57.372 | INFO     | __main__:run_zonal_forecast:432 -   North East       Adamawa      * Sorghum               N     369,486/MT  +0.08%
2026-06-08 06:33:57.375 | INFO     | __main__:run_zonal_forecast:432 -   North East       Adamawa      * Beans (white)         N     755,691/MT  +0.07%
2026-06-08 06:33:57.377 | INFO     | __main__:run_zonal_forecast:432 -   North East       Adamawa      * Maize (white)         N     328,006/MT  +0.05%
2026-06-08 06:33:57.377 | INFO     | __main__:run_zonal_forecast:432 -   North East       Borno        * Sesame                N   1,463,252/MT  -0.03%
2026-06-08 06:33:57.378 | INFO     | __main__:run_zonal_forecast:432 -   North East       Borno        * Sorghum               N     390,721/MT  +0.08%
2026-06-08 06:33:57.379 | INFO     | __main__:run_zonal_forecast:432 -   North East       Borno        * Beans (white)         N     870,688/MT  +0.07%
2026-06-08 06:33:57.385 | INFO     | __main__:run_zonal_forecast:432 -   North East       Borno        * Maize (white)         N     402,553/MT  +0.05%
2026-06-08 06:33:57.390 | INFO     | __main__:run_zonal_forecast:432 -   North East       Borno        * Wheat                 N     797,083/MT  +0.05%
2026-06-08 06:33:57.391 | INFO     | __main__:run_zonal_forecast:432 -   South West       Oyo          * Hibiscus              N   2,375,861/MT  -0.06%
2026-06-08 06:33:57.396 | INFO     | __main__:run_zonal_forecast:432 -   South West       Oyo          * Cocoa                 N   5,072,169/MT  +0.06%
2026-06-08 06:33:57.399 | INFO     | __main__:run_zonal_forecast:432 -   South West       Oyo          * Soybeans              N     779,663/MT  +0.04%
2026-06-08 06:33:57.400 | INFO     | __main__:run_zonal_forecast:432 -   South West       Oyo          * Cashew Nuts           N   1,691,075/MT  +0.06%
2026-06-08 06:33:57.466 | INFO     | __main__:run_zonal_forecast:432 -   South West       Oyo          * Beans (white)         N     903,544/MT  +0.07%
2026-06-08 06:33:57.512 | INFO     | __main__:run_zonal_forecast:432 -   South West       Oyo          * Maize (white)         N     402,553/MT  +0.05%
2026-06-08 06:33:57.533 | INFO     | __main__:run_zonal_forecast:432 -   South West       Lagos        * Hibiscus              N   2,652,660/MT  -0.06%
2026-06-08 06:33:57.537 | INFO     | __main__:run_zonal_forecast:432 -   South West       Lagos        * Sesame                N   1,940,041/MT  -0.03%
2026-06-08 06:33:57.551 | INFO     | __main__:run_zonal_forecast:432 -   South West       Lagos        * Cocoa                 N   6,154,991/MT  +0.06%
2026-06-08 06:33:57.563 | INFO     | __main__:run_zonal_forecast:432 -   South West       Lagos        * Soybeans              N     914,605/MT  +0.04%
2026-06-08 06:33:57.570 | INFO     | __main__:run_zonal_forecast:432 -   South West       Lagos        * Beans (white)         N   1,051,396/MT  +0.07%
2026-06-08 06:33:57.575 | INFO     | __main__:run_zonal_forecast:432 -   South West       Lagos        * Beans (red)           N   1,130,477/MT  -0.08%
2026-06-08 06:33:57.586 | INFO     | __main__:run_zonal_forecast:432 -   South West       Lagos        * Maize (white)         N     484,554/MT  +0.05%
2026-06-08 06:33:57.592 | INFO     | __main__:run_zonal_forecast:432 -   South West       Lagos        * Maize (yellow)        N     521,819/MT  +0.02%
2026-06-08 06:33:57.595 | INFO     | __main__:run_zonal_forecast:432 -   South East       Anambra      * Cocoa                 N   5,984,019/MT  +0.06%
2026-06-08 06:33:57.597 | INFO     | __main__:run_zonal_forecast:432 -   South East       Anambra      * Cashew Nuts           N   2,163,003/MT  +0.06%
2026-06-08 06:33:57.597 | INFO     | __main__:run_zonal_forecast:432 -   South East       Anambra      * Beans (white)         N     969,256/MT  +0.07%
2026-06-08 06:33:57.604 | INFO     | __main__:run_zonal_forecast:432 -   South East       Anambra      * Beans (red)           N   1,040,039/MT  -0.08%
2026-06-08 06:33:57.609 | INFO     | __main__:run_zonal_forecast:432 -   South East       Anambra      * Maize (white)         N     447,281/MT  +0.05%
2026-06-08 06:33:57.612 | INFO     | __main__:run_zonal_forecast:432 -   South East       Imo          * Cocoa                 N   5,186,150/MT  +0.06%
2026-06-08 06:33:57.630 | INFO     | __main__:run_zonal_forecast:432 -   South East       Imo          * Cashew Nuts           N   2,084,348/MT  +0.06%
2026-06-08 06:33:57.631 | INFO     | __main__:run_zonal_forecast:432 -   South East       Imo          * Beans (white)         N     944,614/MT  +0.07%
2026-06-08 06:33:57.633 | INFO     | __main__:run_zonal_forecast:432 -   South East       Imo          * Maize (white)         N     436,099/MT  +0.05%
2026-06-08 06:33:57.633 | INFO     | __main__:run_zonal_forecast:432 -   South South      Rivers       * Hibiscus              N   2,583,460/MT  -0.06%
2026-06-08 06:33:57.634 | INFO     | __main__:run_zonal_forecast:432 -   South South      Rivers       * Sesame                N   1,940,041/MT  -0.03%
2026-06-08 06:33:57.635 | INFO     | __main__:run_zonal_forecast:432 -   South South      Rivers       * Cocoa                 N   5,984,019/MT  +0.06%
2026-06-08 06:33:57.638 | INFO     | __main__:run_zonal_forecast:432 -   South South      Rivers       * Beans (white)         N   1,002,112/MT  +0.07%
2026-06-08 06:33:57.640 | INFO     | __main__:run_zonal_forecast:432 -   South South      Rivers       * Beans (red)           N   1,085,258/MT  -0.08%
2026-06-08 06:33:57.643 | INFO     | __main__:run_zonal_forecast:432 -   South South      Rivers       * Maize (white)         N     465,918/MT  +0.05%
2026-06-08 06:33:57.648 | INFO     | __main__:run_zonal_forecast:432 -   South South      Delta        * Hibiscus              N   2,491,194/MT  -0.06%
2026-06-08 06:33:57.652 | INFO     | __main__:run_zonal_forecast:432 -   South South      Delta        * Sesame                N   1,907,159/MT  -0.03%
2026-06-08 06:33:57.655 | INFO     | __main__:run_zonal_forecast:432 -   South South      Delta        * Cocoa                 N   5,300,131/MT  +0.06%
2026-06-08 06:33:57.655 | INFO     | __main__:run_zonal_forecast:432 -   South South      Delta        * Soybeans              N     854,631/MT  +0.04%
2026-06-08 06:33:57.660 | INFO     | __main__:run_zonal_forecast:432 -   South South      Delta        * Beans (white)         N     961,042/MT  +0.07%
2026-06-08 06:33:57.664 | INFO     | __main__:run_zonal_forecast:432 -   South South      Delta        * Maize (white)         N     447,281/MT  +0.05%
2026-06-08 06:33:58.278 | SUCCESS  | __main__:run_zonal_forecast:446 -   Zonal JSON  -> C:\Users\USER\Downloads\agrolinking-intel-structure\agrolinking-intel\outputs\forecasts\zonal\zonal_forecast_2026-06-08.json
2026-06-08 06:33:58.284 | SUCCESS  | __main__:run_zonal_forecast:452 -   Zonal alert -> C:\Users\USER\Downloads\agrolinking-intel-structure\agrolinking-intel\outputs\daily_alerts\alert_zonal_2026-06-08.txt
2026-06-08 06:33:58.287 | INFO     | __main__:run_zonal_forecast:454 - 
2026-06-08 06:33:58.289 | INFO     | __main__:run_zonal_forecast:455 - =================================================================
2026-06-08 06:33:58.292 | INFO     | __main__:run_zonal_forecast:457 -   ================================================
2026-06-08 06:33:58.298 | INFO     | __main__:run_zonal_forecast:457 -   AGROLINKING ZONAL COMMODITY INTELLIGENCE
2026-06-08 06:33:58.300 | INFO     | __main__:run_zonal_forecast:457 -   Date: Monday, 08 June 2026
2026-06-08 06:33:58.301 | INFO     | __main__:run_zonal_forecast:457 -   6 Zones | 12 States | 12 Commodities
2026-06-08 06:33:58.302 | INFO     | __main__:run_zonal_forecast:457 -   ================================================
2026-06-08 06:33:58.303 | INFO     | __main__:run_zonal_forecast:457 -   
2026-06-08 06:33:58.304 | INFO     | __main__:run_zonal_forecast:457 -   NORTH WEST (Kano & Kaduna)
2026-06-08 06:33:58.307 | INFO     | __main__:run_zonal_forecast:457 -   Nigeria's main grain belt. Highest Maize, Sorghum, Sesame, Wheat production.
2026-06-08 06:33:58.308 | INFO     | __main__:run_zonal_forecast:457 -   
2026-06-08 06:33:58.309 | INFO     | __main__:run_zonal_forecast:457 -     Commodity           Kano                Kaduna            
2026-06-08 06:33:58.311 | INFO     | __main__:run_zonal_forecast:457 -     ------------------------------------------------------------
2026-06-08 06:33:58.315 | INFO     | __main__:run_zonal_forecast:457 -     Hibiscus                N2.191M    (-0.1%)    N2.145M    (-0.1%)
2026-06-08 06:33:58.317 | INFO     | __main__:run_zonal_forecast:457 -     Sesame                * N1.365M    (-0.0%)    N1.397M    (-0.0%)
2026-06-08 06:33:58.319 | INFO     | __main__:run_zonal_forecast:457 -     Ginger                  N11.819M   (+0.0%)  * N8.684M    (+0.0%)
2026-06-08 06:33:58.320 | INFO     | __main__:run_zonal_forecast:457 -     Cocoa                   N5.813M    (+0.1%)    N5.984M    (+0.1%)
2026-06-08 06:33:58.322 | INFO     | __main__:run_zonal_forecast:457 -     Soybeans                N675K      (+0.0%)  * N630K      (+0.0%)
2026-06-08 06:33:58.325 | INFO     | __main__:run_zonal_forecast:457 -     Cashew Nuts             N1.966M    (+0.1%)    N2.006M    (+0.1%)
2026-06-08 06:33:58.329 | INFO     | __main__:run_zonal_forecast:457 -     Sorghum               * N331K      (+0.1%)  * N340K      (+0.1%)
2026-06-08 06:33:58.334 | INFO     | __main__:run_zonal_forecast:457 -     Beans (white)         * N715K      (+0.1%)    N723K      (+0.1%)
2026-06-08 06:33:58.335 | INFO     | __main__:run_zonal_forecast:457 -     Beans (red)             N814K      (-0.1%)    N823K      (-0.1%)
2026-06-08 06:33:58.338 | INFO     | __main__:run_zonal_forecast:457 -     Maize (white)         * N298K      (+0.1%)  * N302K      (+0.1%)
2026-06-08 06:33:58.340 | INFO     | __main__:run_zonal_forecast:457 -     Maize (yellow)        * N321K      (+0.0%)  * N325K      (+0.0%)
2026-06-08 06:33:58.344 | INFO     | __main__:run_zonal_forecast:457 -     Wheat                 * N633K      (+0.1%)  * N619K      (+0.1%)
2026-06-08 06:33:58.345 | INFO     | __main__:run_zonal_forecast:457 -     Rice                    N1.488M    (+0.1%)  * N1.457M    (+0.1%)
2026-06-08 06:33:58.352 | INFO     | __main__:run_zonal_forecast:457 -   
2026-06-08 06:33:58.354 | INFO     | __main__:run_zonal_forecast:457 -   NORTH CENTRAL (Plateau & Kogi)
2026-06-08 06:33:58.356 | INFO     | __main__:run_zonal_forecast:457 -   Middle Belt. Ginger heartland (Plateau), Cashew/Cocoa belt (Kogi).
2026-06-08 06:33:58.356 | INFO     | __main__:run_zonal_forecast:457 -   
2026-06-08 06:33:58.358 | INFO     | __main__:run_zonal_forecast:457 -     Commodity           Plateau             Kogi              
2026-06-08 06:33:58.359 | INFO     | __main__:run_zonal_forecast:457 -     ------------------------------------------------------------
2026-06-08 06:33:58.410 | INFO     | __main__:run_zonal_forecast:457 -     Hibiscus                N2.237M    (-0.1%)    N2.214M    (-0.1%)
2026-06-08 06:33:58.459 | INFO     | __main__:run_zonal_forecast:457 -     Sesame                  N1.578M    (-0.0%)    N1.595M    (-0.0%)
2026-06-08 06:33:58.468 | INFO     | __main__:run_zonal_forecast:457 -     Ginger                * N9.045M    (+0.0%)    N11.337M   (+0.0%)
2026-06-08 06:33:58.493 | INFO     | __main__:run_zonal_forecast:457 -     Cocoa                   N6.155M    (+0.1%)  * N5.015M    (+0.1%)
2026-06-08 06:33:58.553 | INFO     | __main__:run_zonal_forecast:457 -     Soybeans              * N622K      (+0.0%)  * N652K      (+0.0%)
2026-06-08 06:33:58.564 | INFO     | __main__:run_zonal_forecast:457 -     Cashew Nuts             N2.065M    (+0.1%)  * N1.573M    (+0.1%)
2026-06-08 06:33:58.568 | INFO     | __main__:run_zonal_forecast:457 -     Sorghum                 N391K      (+0.1%)  * N386K      (+0.1%)
2026-06-08 06:33:58.568 | INFO     | __main__:run_zonal_forecast:457 -     Beans (white)         * N739K      (+0.1%)  * N756K      (+0.1%)
2026-06-08 06:33:58.571 | INFO     | __main__:run_zonal_forecast:457 -     Beans (red)             N859K      (-0.1%)    N850K      (-0.1%)
2026-06-08 06:33:58.576 | INFO     | __main__:run_zonal_forecast:457 -     Maize (white)         * N324K      (+0.1%)  * N335K      (+0.1%)
2026-06-08 06:33:58.578 | INFO     | __main__:run_zonal_forecast:457 -     Maize (yellow)          N353K      (+0.0%)    N365K      (+0.0%)
2026-06-08 06:33:58.583 | INFO     | __main__:run_zonal_forecast:457 -     Wheat                 * N648K      (+0.1%)    N690K      (+0.1%)
2026-06-08 06:33:58.584 | INFO     | __main__:run_zonal_forecast:457 -     Rice                  * N1.410M    (+0.1%)    N1.519M    (+0.1%)
2026-06-08 06:33:58.587 | INFO     | __main__:run_zonal_forecast:457 -   
2026-06-08 06:33:58.590 | INFO     | __main__:run_zonal_forecast:457 -   NORTH EAST (Adamawa & Borno)
2026-06-08 06:33:58.591 | INFO     | __main__:run_zonal_forecast:457 -   Semi-arid. Sorghum, Maize. Conflict premium on imports in Borno.
2026-06-08 06:33:58.592 | INFO     | __main__:run_zonal_forecast:457 -   
2026-06-08 06:33:58.594 | INFO     | __main__:run_zonal_forecast:457 -     Commodity           Adamawa             Borno             
2026-06-08 06:33:58.596 | INFO     | __main__:run_zonal_forecast:457 -     ------------------------------------------------------------
2026-06-08 06:33:58.596 | INFO     | __main__:run_zonal_forecast:457 -     Hibiscus                N2.261M    (-0.1%)    N2.422M    (-0.1%)
2026-06-08 06:33:58.596 | INFO     | __main__:run_zonal_forecast:457 -     Sesame                * N1.414M    (-0.0%)  * N1.463M    (-0.0%)
2026-06-08 06:33:58.606 | INFO     | __main__:run_zonal_forecast:457 -     Ginger                * N10.010M   (+0.0%)    N13.870M   (+0.0%)
2026-06-08 06:33:58.610 | INFO     | __main__:run_zonal_forecast:457 -     Cocoa                   N5.984M    (+0.1%)    N6.725M    (+0.1%)
2026-06-08 06:33:58.612 | INFO     | __main__:run_zonal_forecast:457 -     Soybeans              * N667K      (+0.0%)    N810K      (+0.0%)
2026-06-08 06:33:58.616 | INFO     | __main__:run_zonal_forecast:457 -     Cashew Nuts             N2.045M    (+0.1%)    N2.261M    (+0.1%)
2026-06-08 06:33:58.627 | INFO     | __main__:run_zonal_forecast:457 -     Sorghum               * N369K      (+0.1%)  * N391K      (+0.1%)
2026-06-08 06:33:58.630 | INFO     | __main__:run_zonal_forecast:457 -     Beans (white)         * N756K      (+0.1%)  * N871K      (+0.1%)
2026-06-08 06:33:58.632 | INFO     | __main__:run_zonal_forecast:457 -     Beans (red)             N859K      (-0.1%)    N995K      (-0.1%)
2026-06-08 06:33:58.634 | INFO     | __main__:run_zonal_forecast:457 -     Maize (white)         * N328K      (+0.1%)  * N403K      (+0.1%)
2026-06-08 06:33:58.641 | INFO     | __main__:run_zonal_forecast:457 -     Maize (yellow)          N357K      (+0.0%)    N434K      (+0.0%)
2026-06-08 06:33:58.647 | INFO     | __main__:run_zonal_forecast:457 -     Wheat                   N697K      (+0.1%)  * N797K      (+0.1%)
2026-06-08 06:33:58.647 | INFO     | __main__:run_zonal_forecast:457 -     Rice                    N1.598M    (+0.1%)    N1.723M    (+0.1%)
2026-06-08 06:33:58.647 | INFO     | __main__:run_zonal_forecast:457 -   
2026-06-08 06:33:58.650 | INFO     | __main__:run_zonal_forecast:457 -   SOUTH WEST (Oyo & Lagos)
2026-06-08 06:33:58.651 | INFO     | __main__:run_zonal_forecast:457 -   Commercial capital. Lagos is the price-setter for consumer markets.
2026-06-08 06:33:58.652 | INFO     | __main__:run_zonal_forecast:457 -   
2026-06-08 06:33:58.652 | INFO     | __main__:run_zonal_forecast:457 -     Commodity           Oyo                 Lagos             
2026-06-08 06:33:58.658 | INFO     | __main__:run_zonal_forecast:457 -     ------------------------------------------------------------
2026-06-08 06:33:58.660 | INFO     | __main__:run_zonal_forecast:457 -     Hibiscus              * N2.376M    (-0.1%)  * N2.653M    (-0.1%)
2026-06-08 06:33:58.662 | INFO     | __main__:run_zonal_forecast:457 -     Sesame                  N1.743M    (-0.0%)  * N1.940M    (-0.0%)
2026-06-08 06:33:58.666 | INFO     | __main__:run_zonal_forecast:457 -     Ginger                  N13.026M   (+0.0%)    N14.473M   (+0.0%)
2026-06-08 06:33:58.668 | INFO     | __main__:run_zonal_forecast:457 -     Cocoa                 * N5.072M    (+0.1%)  * N6.155M    (+0.1%)
2026-06-08 06:33:58.669 | INFO     | __main__:run_zonal_forecast:457 -     Soybeans              * N780K      (+0.0%)  * N915K      (+0.0%)
2026-06-08 06:33:58.670 | INFO     | __main__:run_zonal_forecast:457 -     Cashew Nuts           * N1.691M    (+0.1%)    N2.163M    (+0.1%)
2026-06-08 06:33:58.672 | INFO     | __main__:run_zonal_forecast:457 -     Sorghum                 N446K      (+0.1%)    N501K      (+0.1%)
2026-06-08 06:33:58.672 | INFO     | __main__:run_zonal_forecast:457 -     Beans (white)         * N904K      (+0.1%)  * N1.051M    (+0.1%)
2026-06-08 06:33:58.675 | INFO     | __main__:run_zonal_forecast:457 -     Beans (red)             N1.013M    (-0.1%)  * N1.130M    (-0.1%)
2026-06-08 06:33:58.676 | INFO     | __main__:run_zonal_forecast:457 -     Maize (white)         * N403K      (+0.1%)  * N485K      (+0.1%)
2026-06-08 06:33:58.677 | INFO     | __main__:run_zonal_forecast:457 -     Maize (yellow)          N434K      (+0.0%)  * N522K      (+0.0%)
2026-06-08 06:33:58.677 | INFO     | __main__:run_zonal_forecast:457 -     Wheat                   N783K      (+0.1%)    N818K      (+0.1%)
2026-06-08 06:33:58.677 | INFO     | __main__:run_zonal_forecast:457 -     Rice                    N1.692M    (+0.1%)    N1.848M    (+0.1%)
2026-06-08 06:33:58.677 | INFO     | __main__:run_zonal_forecast:457 -   
2026-06-08 06:33:58.680 | INFO     | __main__:run_zonal_forecast:457 -   SOUTH EAST (Anambra & Imo)
2026-06-08 06:33:58.681 | INFO     | __main__:run_zonal_forecast:457 -   High consumption, low production of traded commodities. Import-dependent.
2026-06-08 06:33:58.682 | INFO     | __main__:run_zonal_forecast:457 -   
2026-06-08 06:33:58.683 | INFO     | __main__:run_zonal_forecast:457 -     Commodity           Anambra             Imo               
2026-06-08 06:33:58.684 | INFO     | __main__:run_zonal_forecast:457 -     ------------------------------------------------------------
2026-06-08 06:33:58.684 | INFO     | __main__:run_zonal_forecast:457 -     Hibiscus                N2.583M    (-0.1%)    N2.537M    (-0.1%)
2026-06-08 06:33:58.688 | INFO     | __main__:run_zonal_forecast:457 -     Sesame                  N1.907M    (-0.0%)    N1.874M    (-0.0%)
2026-06-08 06:33:58.690 | INFO     | __main__:run_zonal_forecast:457 -     Ginger                  N13.870M   (+0.0%)    N13.508M   (+0.0%)
2026-06-08 06:33:58.691 | INFO     | __main__:run_zonal_forecast:457 -     Cocoa                 * N5.984M    (+0.1%)  * N5.186M    (+0.1%)
2026-06-08 06:33:58.692 | INFO     | __main__:run_zonal_forecast:457 -     Soybeans                N855K      (+0.0%)    N840K      (+0.0%)
2026-06-08 06:33:58.692 | INFO     | __main__:run_zonal_forecast:457 -     Cashew Nuts           * N2.163M    (+0.1%)  * N2.084M    (+0.1%)
2026-06-08 06:33:58.693 | INFO     | __main__:run_zonal_forecast:457 -     Sorghum                 N484K      (+0.1%)    N476K      (+0.1%)
2026-06-08 06:33:58.695 | INFO     | __main__:run_zonal_forecast:457 -     Beans (white)         * N969K      (+0.1%)  * N945K      (+0.1%)
2026-06-08 06:33:58.698 | INFO     | __main__:run_zonal_forecast:457 -     Beans (red)           * N1.040M    (-0.1%)    N1.022M    (-0.1%)
2026-06-08 06:33:58.699 | INFO     | __main__:run_zonal_forecast:457 -     Maize (white)         * N447K      (+0.1%)  * N436K      (+0.1%)
2026-06-08 06:33:58.700 | INFO     | __main__:run_zonal_forecast:457 -     Maize (yellow)          N482K      (+0.0%)    N470K      (+0.0%)
2026-06-08 06:33:58.701 | INFO     | __main__:run_zonal_forecast:457 -     Wheat                   N840K      (+0.1%)    N826K      (+0.1%)
2026-06-08 06:33:58.701 | INFO     | __main__:run_zonal_forecast:457 -     Rice                    N1.754M    (+0.1%)    N1.723M    (+0.1%)
2026-06-08 06:33:58.704 | INFO     | __main__:run_zonal_forecast:457 -   
2026-06-08 06:33:58.705 | INFO     | __main__:run_zonal_forecast:457 -   SOUTH SOUTH (Rivers & Delta)
2026-06-08 06:33:58.710 | INFO     | __main__:run_zonal_forecast:457 -   Oil belt. High purchasing power. Cocoa producer (Delta).
2026-06-08 06:33:58.712 | INFO     | __main__:run_zonal_forecast:457 -   
2026-06-08 06:33:58.712 | INFO     | __main__:run_zonal_forecast:457 -     Commodity           Rivers              Delta             
2026-06-08 06:33:58.713 | INFO     | __main__:run_zonal_forecast:457 -     ------------------------------------------------------------
2026-06-08 06:33:58.713 | INFO     | __main__:run_zonal_forecast:457 -     Hibiscus              * N2.583M    (-0.1%)  * N2.491M    (-0.1%)
2026-06-08 06:33:58.713 | INFO     | __main__:run_zonal_forecast:457 -     Sesame                * N1.940M    (-0.0%)  * N1.907M    (-0.0%)
2026-06-08 06:33:58.715 | INFO     | __main__:run_zonal_forecast:457 -     Ginger                  N14.473M   (+0.0%)    N13.870M   (+0.0%)
2026-06-08 06:33:58.716 | INFO     | __main__:run_zonal_forecast:457 -     Cocoa                 * N5.984M    (+0.1%)  * N5.300M    (+0.1%)
2026-06-08 06:33:58.716 | INFO     | __main__:run_zonal_forecast:457 -     Soybeans                N885K      (+0.0%)  * N855K      (+0.0%)
2026-06-08 06:33:58.716 | INFO     | __main__:run_zonal_forecast:457 -     Cashew Nuts             N2.261M    (+0.1%)    N2.163M    (+0.1%)
2026-06-08 06:33:58.718 | INFO     | __main__:run_zonal_forecast:457 -     Sorghum                 N510K      (+0.1%)    N501K      (+0.1%)
2026-06-08 06:33:58.720 | INFO     | __main__:run_zonal_forecast:457 -     Beans (white)         * N1.002M    (+0.1%)  * N961K      (+0.1%)
2026-06-08 06:33:58.720 | INFO     | __main__:run_zonal_forecast:457 -     Beans (red)           * N1.085M    (-0.1%)    N1.040M    (-0.1%)
2026-06-08 06:33:58.720 | INFO     | __main__:run_zonal_forecast:457 -     Maize (white)         * N466K      (+0.1%)  * N447K      (+0.1%)
2026-06-08 06:33:58.722 | INFO     | __main__:run_zonal_forecast:457 -     Maize (yellow)          N502K      (+0.0%)    N482K      (+0.0%)
2026-06-08 06:33:58.722 | INFO     | __main__:run_zonal_forecast:457 -     Wheat                   N868K      (+0.1%)    N854K      (+0.1%)
2026-06-08 06:33:58.724 | INFO     | __main__:run_zonal_forecast:457 -     Rice                    N1.801M    (+0.1%)    N1.754M    (+0.1%)
2026-06-08 06:33:58.730 | INFO     | __main__:run_zonal_forecast:457 -   
2026-06-08 06:33:58.732 | INFO     | __main__:run_zonal_forecast:457 -   ==========================================================
2026-06-08 06:33:58.732 | INFO     | __main__:run_zonal_forecast:457 -   * = primary commodity  (+/-%) = day-on-day change
2026-06-08 06:33:58.734 | INFO     | __main__:run_zonal_forecast:457 -   
2026-06-08 06:33:58.734 | INFO     | __main__:run_zonal_forecast:457 -   NATIONAL PRICE CHANGES TODAY:
2026-06-08 06:33:58.735 | INFO     | __main__:run_zonal_forecast:457 -     Commodity                   Price   Day Chg    vs Ref
2026-06-08 06:33:58.735 | INFO     | __main__:run_zonal_forecast:457 -     ------------------------------------------------------
2026-06-08 06:33:58.736 | INFO     | __main__:run_zonal_forecast:457 -     Hibiscus                  N2.307M    -0.06%    -0.79%
2026-06-08 06:33:58.737 | INFO     | __main__:run_zonal_forecast:457 -     Sesame                    N1.644M    -0.03%    -0.36%
2026-06-08 06:33:58.739 | INFO     | __main__:run_zonal_forecast:457 -     Ginger                   N12.061M    +0.04%    +0.51%
2026-06-08 06:33:58.740 | INFO     | __main__:run_zonal_forecast:457 -     Cocoa                     N5.699M    +0.06%    +0.87%
2026-06-08 06:33:58.741 | INFO     | __main__:run_zonal_forecast:457 -     Soybeans                    N750K    +0.04%    +0.63%
2026-06-08 06:33:58.742 | INFO     | __main__:run_zonal_forecast:457 -     Cashew Nuts               N1.966M    +0.06%    +0.84%
2026-06-08 06:33:58.742 | INFO     | __main__:run_zonal_forecast:457 -     Sorghum                     N425K    +0.08%    +1.12%
2026-06-08 06:33:58.742 | INFO     | __main__:run_zonal_forecast:457 -     Beans (white)               N821K    +0.07%    +1.03%
2026-06-08 06:33:58.743 | INFO     | __main__:run_zonal_forecast:457 -     Beans (red)                 N904K    -0.08%    -1.16%
2026-06-08 06:33:58.745 | INFO     | __main__:run_zonal_forecast:457 -     Maize (white)               N373K    +0.05%    +0.74%
2026-06-08 06:33:58.747 | INFO     | __main__:run_zonal_forecast:457 -     Maize (yellow)              N401K    +0.02%    +0.35%
2026-06-08 06:33:58.751 | INFO     | __main__:run_zonal_forecast:457 -     Wheat                       N712K    +0.05%    +0.69%
2026-06-08 06:33:58.754 | INFO     | __main__:run_zonal_forecast:457 -     Rice                      N1.566M    +0.07%    +1.05%
2026-06-08 06:33:58.757 | INFO     | __main__:run_zonal_forecast:457 -   
2026-06-08 06:33:58.761 | INFO     | __main__:run_zonal_forecast:457 -   BEST SOURCING NATIONALLY:
2026-06-08 06:33:58.761 | INFO     | __main__:run_zonal_forecast:457 -     Commodity              Best State           Price  Spread
2026-06-08 06:33:58.762 | INFO     | __main__:run_zonal_forecast:457 -     ------------------------------------------------------------
2026-06-08 06:33:58.763 | INFO     | __main__:run_zonal_forecast:457 -     Hibiscus               Kaduna             N2.145M  24% vs Lagos
2026-06-08 06:33:58.764 | INFO     | __main__:run_zonal_forecast:457 -     Sesame                 Kano               N1.365M  42% vs Lagos
2026-06-08 06:33:58.765 | INFO     | __main__:run_zonal_forecast:457 -     Ginger                 Kaduna             N8.684M  67% vs Lagos
2026-06-08 06:33:58.767 | INFO     | __main__:run_zonal_forecast:457 -     Cocoa                  Kogi               N5.015M  34% vs Borno
2026-06-08 06:33:58.772 | INFO     | __main__:run_zonal_forecast:457 -     Soybeans               Plateau              N622K  47% vs Lagos
2026-06-08 06:33:58.773 | INFO     | __main__:run_zonal_forecast:457 -     Cashew Nuts            Kogi               N1.573M  44% vs Borno
2026-06-08 06:33:58.774 | INFO     | __main__:run_zonal_forecast:457 -     Sorghum                Kano                 N331K  54% vs Rivers
2026-06-08 06:33:58.776 | INFO     | __main__:run_zonal_forecast:457 -     Beans (white)          Kano                 N715K  47% vs Lagos
2026-06-08 06:33:58.776 | INFO     | __main__:run_zonal_forecast:457 -     Beans (red)            Kano                 N814K  39% vs Lagos
2026-06-08 06:33:58.778 | INFO     | __main__:run_zonal_forecast:457 -     Maize (white)          Kano                 N298K  62% vs Lagos
2026-06-08 06:33:58.781 | INFO     | __main__:run_zonal_forecast:457 -     Maize (yellow)         Kano                 N321K  62% vs Lagos
2026-06-08 06:33:58.781 | INFO     | __main__:run_zonal_forecast:457 -     Wheat                  Kaduna               N619K  40% vs Rivers
2026-06-08 06:33:58.782 | INFO     | __main__:run_zonal_forecast:457 -     Rice                   Plateau            N1.410M  31% vs Lagos
2026-06-08 06:33:58.784 | INFO     | __main__:run_zonal_forecast:457 -   
2026-06-08 06:33:58.785 | INFO     | __main__:run_zonal_forecast:457 -   ==========================================================
2026-06-08 06:33:58.787 | INFO     | __main__:run_zonal_forecast:457 -   Source: Agrolinking Intelligence Platform
2026-06-08 06:33:58.789 | INFO     | __main__:run_zonal_forecast:457 -   Next update: 09 Jun 2026
2026-06-08 06:33:58.792 | INFO     | __main__:run_zonal_forecast:458 - =================================================================
2026-06-08 06:33:58.793 | SUCCESS  | __main__:run_zonal_forecast:459 - ZONAL FORECASTING COMPLETE — 6 zones | 12 states | 13 commodities
