2026-06-20 07:19:12.657 | INFO     | __main__:run_zonal_forecast:464 - =================================================================
2026-06-20 07:19:12.659 | INFO     | __main__:run_zonal_forecast:465 - STEP 7 — ZONAL & STATE-LEVEL FORECASTING
2026-06-20 07:19:12.659 | INFO     | __main__:run_zonal_forecast:466 -   Date  : Saturday, 20 June 2026  07:19
2026-06-20 07:19:12.661 | INFO     | __main__:run_zonal_forecast:467 -   Anchor: DAILY INTERPOLATED (from last_known_date, drifts daily)
2026-06-20 07:19:12.661 | INFO     | __main__:run_zonal_forecast:468 - =================================================================
2026-06-20 07:19:12.779 | INFO     | __main__:run_zonal_forecast:471 -   Source: forecast_validated_2026-06-20.json
2026-06-20 07:19:12.789 | INFO     | __main__:run_zonal_forecast:478 -   Maize (white): last_known=2026-06-20, days_elapsed=0
2026-06-20 07:19:12.791 | INFO     | __main__:run_zonal_forecast:478 -   Hibiscus: last_known=2026-06-20, days_elapsed=0
2026-06-20 07:19:12.791 | INFO     | __main__:run_zonal_forecast:478 -   Sesame: last_known=2026-06-20, days_elapsed=0
2026-06-20 07:19:12.791 | INFO     | __main__:build_zonal_output:285 - 
2026-06-20 07:19:12.794 | INFO     | __main__:build_zonal_output:286 -   NATIONAL ANCHORS (interpolated from last_known_date to today):
2026-06-20 07:19:12.794 | INFO     | __main__:build_zonal_output:287 -   Commodity                 Today Price   Day Chg    vs Ref  Source
2026-06-20 07:19:12.794 | INFO     | __main__:build_zonal_output:288 -   --------------------------------------------------------------------------------
2026-06-20 07:19:12.796 | DEBUG    | __main__:get_daily_price:116 -   last_known=2026-06-20, run=2026-06-20, elapsed=7d
2026-06-20 07:19:12.796 | DEBUG    | __main__:get_daily_price:82 -   last_known_date 2026-06-20 is in future. Capping to 7 days ago.
2026-06-20 07:19:12.798 | DEBUG    | __main__:get_daily_price:116 -   last_known=2026-06-20, run=2026-06-19, elapsed=7d
2026-06-20 07:19:12.801 | INFO     | __main__:build_zonal_output:318 -   Hibiscus               N   2,306,514    -0.09%   -1.22%  interp d7 (weekly series | -1.22% v
2026-06-20 07:19:12.801 | DEBUG    | __main__:get_daily_price:116 -   last_known=2026-06-20, run=2026-06-20, elapsed=7d
2026-06-20 07:19:12.804 | DEBUG    | __main__:get_daily_price:82 -   last_known_date 2026-06-20 is in future. Capping to 7 days ago.
2026-06-20 07:19:12.807 | DEBUG    | __main__:get_daily_price:116 -   last_known=2026-06-20, run=2026-06-19, elapsed=7d
2026-06-20 07:19:12.811 | INFO     | __main__:build_zonal_output:318 -   Sesame                 N   1,657,735    -0.02%   -0.26%  interp d7 (weekly series | -0.26% v
2026-06-20 07:19:12.813 | DEBUG    | __main__:get_daily_price:116 -   last_known=2026-06-20, run=2026-06-20, elapsed=7d
2026-06-20 07:19:12.813 | DEBUG    | __main__:get_daily_price:82 -   last_known_date 2026-06-20 is in future. Capping to 7 days ago.
2026-06-20 07:19:12.813 | DEBUG    | __main__:get_daily_price:116 -   last_known=2026-06-20, run=2026-06-19, elapsed=7d
2026-06-20 07:19:12.813 | INFO     | __main__:build_zonal_output:318 -   Ginger                 N  12,218,192    +0.08%  + +1.10%  interp d7 (weekly series | +1.10% v
2026-06-20 07:19:12.813 | DEBUG    | __main__:get_daily_price:116 -   last_known=2026-06-20, run=2026-06-20, elapsed=7d
2026-06-20 07:19:12.813 | DEBUG    | __main__:get_daily_price:82 -   last_known_date 2026-06-20 is in future. Capping to 7 days ago.
2026-06-20 07:19:12.813 | DEBUG    | __main__:get_daily_price:116 -   last_known=2026-06-20, run=2026-06-19, elapsed=7d
2026-06-20 07:19:12.830 | INFO     | __main__:build_zonal_output:318 -   Cocoa                  N   5,758,287    +0.09%  + +1.34%  interp d7 (weekly series | +1.34% v
2026-06-20 07:19:12.831 | DEBUG    | __main__:get_daily_price:116 -   last_known=2026-06-20, run=2026-06-20, elapsed=7d
2026-06-20 07:19:12.834 | DEBUG    | __main__:get_daily_price:82 -   last_known_date 2026-06-20 is in future. Capping to 7 days ago.
2026-06-20 07:19:12.834 | DEBUG    | __main__:get_daily_price:116 -   last_known=2026-06-20, run=2026-06-19, elapsed=7d
2026-06-20 07:19:12.839 | INFO     | __main__:build_zonal_output:318 -   Soybeans               N     755,745    +0.06%  + +0.80%  interp d7 (weekly series | +0.80% v
2026-06-20 07:19:12.839 | DEBUG    | __main__:get_daily_price:116 -   last_known=2026-06-20, run=2026-06-20, elapsed=7d
2026-06-20 07:19:12.846 | DEBUG    | __main__:get_daily_price:82 -   last_known_date 2026-06-20 is in future. Capping to 7 days ago.
2026-06-20 07:19:12.846 | DEBUG    | __main__:get_daily_price:116 -   last_known=2026-06-20, run=2026-06-19, elapsed=7d
2026-06-20 07:19:12.851 | INFO     | __main__:build_zonal_output:318 -   Cashew Nuts            N   1,976,723    +0.09%  + +1.29%  interp d7 (weekly series | +1.29% v
2026-06-20 07:19:12.857 | DEBUG    | __main__:get_daily_price:116 -   last_known=2026-06-20, run=2026-06-20, elapsed=7d
2026-06-20 07:19:12.861 | DEBUG    | __main__:get_daily_price:82 -   last_known_date 2026-06-20 is in future. Capping to 7 days ago.
2026-06-20 07:19:12.861 | DEBUG    | __main__:get_daily_price:116 -   last_known=2026-06-20, run=2026-06-19, elapsed=7d
2026-06-20 07:19:12.866 | INFO     | __main__:build_zonal_output:318 -   Sorghum                N     420,516    +0.05%  + +0.68%  interp d7 (weekly series | +0.68% v
2026-06-20 07:19:12.868 | DEBUG    | __main__:get_daily_price:116 -   last_known=2026-06-20, run=2026-06-20, elapsed=7d
2026-06-20 07:19:12.873 | DEBUG    | __main__:get_daily_price:82 -   last_known_date 2026-06-20 is in future. Capping to 7 days ago.
2026-06-20 07:19:12.874 | DEBUG    | __main__:get_daily_price:116 -   last_known=2026-06-20, run=2026-06-19, elapsed=7d
2026-06-20 07:19:12.880 | INFO     | __main__:build_zonal_output:318 -   Beans (white)          N     817,330    +0.08%  + +1.12%  interp d7 (weekly series | +1.12% v
2026-06-20 07:19:12.882 | DEBUG    | __main__:get_daily_price:116 -   last_known=2026-06-20, run=2026-06-20, elapsed=7d
2026-06-20 07:19:12.891 | DEBUG    | __main__:get_daily_price:82 -   last_known_date 2026-06-20 is in future. Capping to 7 days ago.
2026-06-20 07:19:12.891 | DEBUG    | __main__:get_daily_price:116 -   last_known=2026-06-20, run=2026-06-19, elapsed=7d
2026-06-20 07:19:12.897 | INFO     | __main__:build_zonal_output:318 -   Beans (red)            N     898,925    -0.08%   -1.05%  interp d7 (weekly series | -1.05% v
2026-06-20 07:19:12.904 | DEBUG    | __main__:get_daily_price:116 -   last_known=2026-06-20, run=2026-06-20, elapsed=7d
2026-06-20 07:19:12.907 | DEBUG    | __main__:get_daily_price:82 -   last_known_date 2026-06-20 is in future. Capping to 7 days ago.
2026-06-20 07:19:12.907 | DEBUG    | __main__:get_daily_price:116 -   last_known=2026-06-20, run=2026-06-19, elapsed=7d
2026-06-20 07:19:12.912 | INFO     | __main__:build_zonal_output:318 -   Maize (white)          N     369,331    +0.04%  + +0.52%  interp d7 (weekly series | +0.52% v
2026-06-20 07:19:12.915 | DEBUG    | __main__:get_daily_price:116 -   last_known=2026-06-20, run=2026-06-20, elapsed=7d
2026-06-20 07:19:12.921 | DEBUG    | __main__:get_daily_price:82 -   last_known_date 2026-06-20 is in future. Capping to 7 days ago.
2026-06-20 07:19:12.923 | DEBUG    | __main__:get_daily_price:116 -   last_known=2026-06-20, run=2026-06-19, elapsed=7d
2026-06-20 07:19:12.925 | INFO     | __main__:build_zonal_output:318 -   Maize (yellow)         N     403,150    +0.03%  + +0.36%  interp d7 (weekly series | +0.36% v
2026-06-20 07:19:12.929 | DEBUG    | __main__:get_daily_price:116 -   last_known=2026-06-20, run=2026-06-20, elapsed=7d
2026-06-20 07:19:12.933 | DEBUG    | __main__:get_daily_price:82 -   last_known_date 2026-06-20 is in future. Capping to 7 days ago.
2026-06-20 07:19:12.934 | DEBUG    | __main__:get_daily_price:116 -   last_known=2026-06-20, run=2026-06-19, elapsed=7d
2026-06-20 07:19:12.936 | INFO     | __main__:build_zonal_output:318 -   Wheat                  N     708,016    +0.05%  + +0.65%  interp d7 (weekly series | +0.65% v
2026-06-20 07:19:12.942 | DEBUG    | __main__:get_daily_price:116 -   last_known=2026-06-20, run=2026-06-20, elapsed=7d
2026-06-20 07:19:12.948 | DEBUG    | __main__:get_daily_price:82 -   last_known_date 2026-06-20 is in future. Capping to 7 days ago.
2026-06-20 07:19:12.948 | DEBUG    | __main__:get_daily_price:116 -   last_known=2026-06-20, run=2026-06-19, elapsed=7d
2026-06-20 07:19:12.956 | INFO     | __main__:build_zonal_output:318 -   Rice                   N   1,566,584    +0.06%  + +0.81%  interp d7 (weekly series | +0.81% v
2026-06-20 07:19:12.962 | DEBUG    | __main__:get_daily_price:116 -   last_known=2026-06-20, run=2026-06-20, elapsed=7d
2026-06-20 07:19:12.964 | DEBUG    | __main__:get_daily_price:82 -   last_known_date 2026-06-20 is in future. Capping to 7 days ago.
2026-06-20 07:19:12.964 | DEBUG    | __main__:get_daily_price:116 -   last_known=2026-06-20, run=2026-06-19, elapsed=7d
2026-06-20 07:19:12.969 | INFO     | __main__:build_zonal_output:318 -   Eggs                   N       7,161    -0.02%   -0.26%  interp d7 (weekly series | -0.26% v
2026-06-20 07:19:12.981 | DEBUG    | __main__:get_daily_price:116 -   last_known=2026-06-20, run=2026-06-20, elapsed=7d
2026-06-20 07:19:12.988 | DEBUG    | __main__:get_daily_price:82 -   last_known_date 2026-06-20 is in future. Capping to 7 days ago.
2026-06-20 07:19:12.988 | DEBUG    | __main__:get_daily_price:116 -   last_known=2026-06-20, run=2026-06-19, elapsed=7d
2026-06-20 07:19:12.990 | INFO     | __main__:build_zonal_output:318 -   Fish (dried)           N   2,751,030    -0.08%   -1.07%  interp d7 (weekly series | -1.07% v
2026-06-20 07:19:13.006 | DEBUG    | __main__:get_daily_price:116 -   last_known=2026-06-20, run=2026-06-20, elapsed=7d
2026-06-20 07:19:13.008 | DEBUG    | __main__:get_daily_price:82 -   last_known_date 2026-06-20 is in future. Capping to 7 days ago.
2026-06-20 07:19:13.008 | DEBUG    | __main__:get_daily_price:116 -   last_known=2026-06-20, run=2026-06-19, elapsed=7d
2026-06-20 07:19:13.010 | INFO     | __main__:build_zonal_output:318 -   Meat (goat)            N   4,563,078    +0.09%  + +1.31%  interp d7 (weekly series | +1.31% v
2026-06-20 07:19:13.012 | DEBUG    | __main__:get_daily_price:116 -   last_known=2026-06-20, run=2026-06-20, elapsed=7d
2026-06-20 07:19:13.015 | DEBUG    | __main__:get_daily_price:82 -   last_known_date 2026-06-20 is in future. Capping to 7 days ago.
2026-06-20 07:19:13.015 | DEBUG    | __main__:get_daily_price:116 -   last_known=2026-06-20, run=2026-06-19, elapsed=7d
2026-06-20 07:19:13.017 | INFO     | __main__:build_zonal_output:318 -   Meat (beef)            N   4,289,833    +0.10%  + +1.37%  interp d7 (weekly series | +1.37% v
2026-06-20 07:19:13.019 | INFO     | __main__:build_zonal_output:321 - 
2026-06-20 07:19:13.150 | INFO     | __main__:run_zonal_forecast:484 - 
2026-06-20 07:19:13.151 | INFO     | __main__:run_zonal_forecast:485 -   Zone             State        Commodity                 State Price  Day Chg
2026-06-20 07:19:13.153 | INFO     | __main__:run_zonal_forecast:486 -   ------------------------------------------------------------------------
2026-06-20 07:19:13.154 | INFO     | __main__:run_zonal_forecast:493 -   North West       Kano         * Sesame                N   1,375,920/MT  -0.02%
2026-06-20 07:19:13.160 | INFO     | __main__:run_zonal_forecast:493 -   North West       Kano         * Sorghum               N     328,002/MT  +0.05%
2026-06-20 07:19:13.163 | INFO     | __main__:run_zonal_forecast:493 -   North West       Kano         * Beans (white)         N     711,077/MT  +0.08%
2026-06-20 07:19:13.166 | INFO     | __main__:run_zonal_forecast:493 -   North West       Kano         * Maize (white)         N     295,465/MT  +0.04%
2026-06-20 07:19:13.171 | INFO     | __main__:run_zonal_forecast:493 -   North West       Kano         * Maize (yellow)        N     322,520/MT  +0.03%
2026-06-20 07:19:13.173 | INFO     | __main__:run_zonal_forecast:493 -   North West       Kano         * Wheat                 N     630,135/MT  +0.05%
2026-06-20 07:19:13.175 | INFO     | __main__:run_zonal_forecast:493 -   North West       Kaduna       * Ginger                N   8,797,098/MT  +0.08%
2026-06-20 07:19:13.176 | INFO     | __main__:run_zonal_forecast:493 -   North West       Kaduna       * Soybeans              N     634,826/MT  +0.06%
2026-06-20 07:19:13.186 | INFO     | __main__:run_zonal_forecast:493 -   North West       Kaduna       * Sorghum               N     336,413/MT  +0.05%
2026-06-20 07:19:13.192 | INFO     | __main__:run_zonal_forecast:493 -   North West       Kaduna       * Maize (white)         N     299,158/MT  +0.04%
2026-06-20 07:19:13.197 | INFO     | __main__:run_zonal_forecast:493 -   North West       Kaduna       * Maize (yellow)        N     326,552/MT  +0.03%
2026-06-20 07:19:13.201 | INFO     | __main__:run_zonal_forecast:493 -   North West       Kaduna       * Wheat                 N     615,974/MT  +0.05%
2026-06-20 07:19:13.206 | INFO     | __main__:run_zonal_forecast:493 -   North West       Kaduna       * Rice                  N   1,456,923/MT  +0.06%
2026-06-20 07:19:13.206 | INFO     | __main__:run_zonal_forecast:493 -   North Central    Plateau      * Ginger                N   9,163,644/MT  +0.08%
2026-06-20 07:19:13.208 | INFO     | __main__:run_zonal_forecast:493 -   North Central    Plateau      * Soybeans              N     627,268/MT  +0.06%
2026-06-20 07:19:13.209 | INFO     | __main__:run_zonal_forecast:493 -   North Central    Plateau      * Beans (white)         N     735,597/MT  +0.08%
2026-06-20 07:19:13.215 | INFO     | __main__:run_zonal_forecast:493 -   North Central    Plateau      * Maize (white)         N     321,318/MT  +0.04%
2026-06-20 07:19:13.217 | INFO     | __main__:run_zonal_forecast:493 -   North Central    Plateau      * Wheat                 N     644,295/MT  +0.05%
2026-06-20 07:19:13.221 | INFO     | __main__:run_zonal_forecast:493 -   North Central    Plateau      * Rice                  N   1,409,926/MT  +0.06%
2026-06-20 07:19:13.222 | INFO     | __main__:run_zonal_forecast:493 -   North Central    Kogi         * Cocoa                 N   5,067,293/MT  +0.09%
2026-06-20 07:19:13.224 | INFO     | __main__:run_zonal_forecast:493 -   North Central    Kogi         * Soybeans              N     657,498/MT  +0.06%
2026-06-20 07:19:13.225 | INFO     | __main__:run_zonal_forecast:493 -   North Central    Kogi         * Cashew Nuts           N   1,581,378/MT  +0.09%
2026-06-20 07:19:13.226 | INFO     | __main__:run_zonal_forecast:493 -   North Central    Kogi         * Sorghum               N     382,669/MT  +0.05%
2026-06-20 07:19:13.230 | INFO     | __main__:run_zonal_forecast:493 -   North Central    Kogi         * Beans (white)         N     751,944/MT  +0.08%
2026-06-20 07:19:13.231 | INFO     | __main__:run_zonal_forecast:493 -   North Central    Kogi         * Maize (white)         N     332,398/MT  +0.04%
2026-06-20 07:19:13.233 | INFO     | __main__:run_zonal_forecast:493 -   North East       Adamawa      * Sesame                N   1,425,652/MT  -0.02%
2026-06-20 07:19:13.233 | INFO     | __main__:run_zonal_forecast:493 -   North East       Adamawa      * Ginger                N  10,141,099/MT  +0.08%
2026-06-20 07:19:13.235 | INFO     | __main__:run_zonal_forecast:493 -   North East       Adamawa      * Soybeans              N     672,613/MT  +0.06%
2026-06-20 07:19:13.235 | INFO     | __main__:run_zonal_forecast:493 -   North East       Adamawa      * Sorghum               N     365,849/MT  +0.05%
2026-06-20 07:19:13.237 | INFO     | __main__:run_zonal_forecast:493 -   North East       Adamawa      * Beans (white)         N     751,944/MT  +0.08%
2026-06-20 07:19:13.237 | INFO     | __main__:run_zonal_forecast:493 -   North East       Adamawa      * Maize (white)         N     325,012/MT  +0.04%
2026-06-20 07:19:13.239 | INFO     | __main__:run_zonal_forecast:493 -   North East       Borno        * Sesame                N   1,475,384/MT  -0.02%
2026-06-20 07:19:13.239 | INFO     | __main__:run_zonal_forecast:493 -   North East       Borno        * Sorghum               N     386,875/MT  +0.05%
2026-06-20 07:19:13.239 | INFO     | __main__:run_zonal_forecast:493 -   North East       Borno        * Beans (white)         N     866,370/MT  +0.08%
2026-06-20 07:19:13.241 | INFO     | __main__:run_zonal_forecast:493 -   North East       Borno        * Maize (white)         N     398,878/MT  +0.04%
2026-06-20 07:19:13.241 | INFO     | __main__:run_zonal_forecast:493 -   North East       Borno        * Wheat                 N     792,978/MT  +0.05%
2026-06-20 07:19:13.241 | INFO     | __main__:run_zonal_forecast:493 -   South West       Oyo          * Hibiscus              N   2,375,709/MT  -0.09%
2026-06-20 07:19:13.242 | INFO     | __main__:run_zonal_forecast:493 -   South West       Oyo          * Cocoa                 N   5,124,875/MT  +0.09%
2026-06-20 07:19:13.242 | INFO     | __main__:run_zonal_forecast:493 -   South West       Oyo          * Soybeans              N     785,975/MT  +0.06%
2026-06-20 07:19:13.244 | INFO     | __main__:run_zonal_forecast:493 -   South West       Oyo          * Cashew Nuts           N   1,699,982/MT  +0.09%
2026-06-20 07:19:13.245 | INFO     | __main__:run_zonal_forecast:493 -   South West       Oyo          * Beans (white)         N     899,063/MT  +0.08%
2026-06-20 07:19:13.246 | INFO     | __main__:run_zonal_forecast:493 -   South West       Oyo          * Maize (white)         N     398,878/MT  +0.04%
2026-06-20 07:19:13.247 | INFO     | __main__:run_zonal_forecast:493 -   South West       Lagos        * Hibiscus              N   2,652,491/MT  -0.09%
2026-06-20 07:19:13.247 | INFO     | __main__:run_zonal_forecast:493 -   South West       Lagos        * Sesame                N   1,956,127/MT  -0.02%
2026-06-20 07:19:13.249 | INFO     | __main__:run_zonal_forecast:493 -   South West       Lagos        * Cocoa                 N   6,218,950/MT  +0.09%
2026-06-20 07:19:13.249 | INFO     | __main__:run_zonal_forecast:493 -   South West       Lagos        * Soybeans              N     922,009/MT  +0.06%
2026-06-20 07:19:13.249 | INFO     | __main__:run_zonal_forecast:493 -   South West       Lagos        * Beans (white)         N   1,046,183/MT  +0.08%
2026-06-20 07:19:13.252 | INFO     | __main__:run_zonal_forecast:493 -   South West       Lagos        * Beans (red)           N   1,123,656/MT  -0.08%
2026-06-20 07:19:13.252 | INFO     | __main__:run_zonal_forecast:493 -   South West       Lagos        * Maize (white)         N     480,131/MT  +0.04%
2026-06-20 07:19:13.252 | INFO     | __main__:run_zonal_forecast:493 -   South West       Lagos        * Maize (yellow)        N     524,095/MT  +0.03%
2026-06-20 07:19:13.252 | INFO     | __main__:run_zonal_forecast:493 -   South East       Anambra      * Cocoa                 N   6,046,201/MT  +0.09%
2026-06-20 07:19:13.254 | INFO     | __main__:run_zonal_forecast:493 -   South East       Anambra      * Cashew Nuts           N   2,174,395/MT  +0.09%
2026-06-20 07:19:13.254 | INFO     | __main__:run_zonal_forecast:493 -   South East       Anambra      * Beans (white)         N     964,450/MT  +0.08%
2026-06-20 07:19:13.255 | INFO     | __main__:run_zonal_forecast:493 -   South East       Anambra      * Beans (red)           N   1,033,764/MT  -0.08%
2026-06-20 07:19:13.255 | INFO     | __main__:run_zonal_forecast:493 -   South East       Anambra      * Maize (white)         N     443,198/MT  +0.04%
2026-06-20 07:19:13.255 | INFO     | __main__:run_zonal_forecast:493 -   South East       Imo          * Cocoa                 N   5,240,041/MT  +0.09%
2026-06-20 07:19:13.257 | INFO     | __main__:run_zonal_forecast:493 -   South East       Imo          * Cashew Nuts           N   2,095,326/MT  +0.09%
2026-06-20 07:19:13.258 | INFO     | __main__:run_zonal_forecast:493 -   South East       Imo          * Beans (white)         N     939,930/MT  +0.08%
2026-06-20 07:19:13.258 | INFO     | __main__:run_zonal_forecast:493 -   South East       Imo          * Maize (white)         N     432,118/MT  +0.04%
2026-06-20 07:19:13.258 | INFO     | __main__:run_zonal_forecast:493 -   South South      Rivers       * Hibiscus              N   2,583,296/MT  -0.09%
2026-06-20 07:19:13.258 | INFO     | __main__:run_zonal_forecast:493 -   South South      Rivers       * Sesame                N   1,956,127/MT  -0.02%
2026-06-20 07:19:13.260 | INFO     | __main__:run_zonal_forecast:493 -   South South      Rivers       * Cocoa                 N   6,046,201/MT  +0.09%
2026-06-20 07:19:13.261 | INFO     | __main__:run_zonal_forecast:493 -   South South      Rivers       * Beans (white)         N     997,143/MT  +0.08%
2026-06-20 07:19:13.261 | INFO     | __main__:run_zonal_forecast:493 -   South South      Rivers       * Beans (red)           N   1,078,710/MT  -0.08%
2026-06-20 07:19:13.261 | INFO     | __main__:run_zonal_forecast:493 -   South South      Rivers       * Maize (white)         N     461,664/MT  +0.04%
2026-06-20 07:19:13.261 | INFO     | __main__:run_zonal_forecast:493 -   South South      Delta        * Hibiscus              N   2,491,035/MT  -0.09%
2026-06-20 07:19:13.264 | INFO     | __main__:run_zonal_forecast:493 -   South South      Delta        * Sesame                N   1,922,973/MT  -0.02%
2026-06-20 07:19:13.264 | INFO     | __main__:run_zonal_forecast:493 -   South South      Delta        * Cocoa                 N   5,355,207/MT  +0.09%
2026-06-20 07:19:13.264 | INFO     | __main__:run_zonal_forecast:493 -   South South      Delta        * Soybeans              N     861,549/MT  +0.06%
2026-06-20 07:19:13.264 | INFO     | __main__:run_zonal_forecast:493 -   South South      Delta        * Beans (white)         N     956,276/MT  +0.08%
2026-06-20 07:19:13.266 | INFO     | __main__:run_zonal_forecast:493 -   South South      Delta        * Maize (white)         N     443,198/MT  +0.04%
2026-06-20 07:19:13.672 | SUCCESS  | __main__:run_zonal_forecast:507 -   Zonal JSON  -> C:\Users\USER\Downloads\agrolinking-intel-structure\agrolinking-intel\outputs\forecasts\zonal\zonal_forecast_2026-06-20.json
2026-06-20 07:19:13.676 | SUCCESS  | __main__:run_zonal_forecast:513 -   Zonal alert -> C:\Users\USER\Downloads\agrolinking-intel-structure\agrolinking-intel\outputs\daily_alerts\alert_zonal_2026-06-20.txt
2026-06-20 07:19:13.678 | INFO     | __main__:run_zonal_forecast:515 - 
2026-06-20 07:19:13.680 | INFO     | __main__:run_zonal_forecast:516 - =================================================================
2026-06-20 07:19:13.680 | INFO     | __main__:run_zonal_forecast:518 -   ================================================
2026-06-20 07:19:13.680 | INFO     | __main__:run_zonal_forecast:518 -   AGROLINKING ZONAL COMMODITY INTELLIGENCE
2026-06-20 07:19:13.681 | INFO     | __main__:run_zonal_forecast:518 -   Date: Saturday, 20 June 2026
2026-06-20 07:19:13.688 | INFO     | __main__:run_zonal_forecast:518 -   6 Zones | 12 States | 12 Commodities
2026-06-20 07:19:13.688 | INFO     | __main__:run_zonal_forecast:518 -   ================================================
2026-06-20 07:19:13.688 | INFO     | __main__:run_zonal_forecast:518 -   
2026-06-20 07:19:13.688 | INFO     | __main__:run_zonal_forecast:518 -   NORTH WEST (Kano & Kaduna)
2026-06-20 07:19:13.688 | INFO     | __main__:run_zonal_forecast:518 -   Nigeria's main grain belt. Highest Maize, Sorghum, Sesame, Wheat production.
2026-06-20 07:19:13.688 | INFO     | __main__:run_zonal_forecast:518 -   
2026-06-20 07:19:13.694 | INFO     | __main__:run_zonal_forecast:518 -     Commodity           Kano                Kaduna            
2026-06-20 07:19:13.696 | INFO     | __main__:run_zonal_forecast:518 -     ------------------------------------------------------------
2026-06-20 07:19:13.696 | INFO     | __main__:run_zonal_forecast:518 -     Hibiscus                N2.191M    (-0.1%)    N2.145M    (-0.1%)
2026-06-20 07:19:13.696 | INFO     | __main__:run_zonal_forecast:518 -     Sesame                * N1.376M    (-0.0%)    N1.409M    (-0.0%)
2026-06-20 07:19:13.696 | INFO     | __main__:run_zonal_forecast:518 -     Ginger                  N11.974M   (+0.1%)  * N8.797M    (+0.1%)
2026-06-20 07:19:13.696 | INFO     | __main__:run_zonal_forecast:518 -     Cocoa                   N5.873M    (+0.1%)    N6.046M    (+0.1%)
2026-06-20 07:19:13.696 | INFO     | __main__:run_zonal_forecast:518 -     Soybeans                N680K      (+0.1%)  * N635K      (+0.1%)
2026-06-20 07:19:13.696 | INFO     | __main__:run_zonal_forecast:518 -     Cashew Nuts             N1.977M    (+0.1%)    N2.016M    (+0.1%)
2026-06-20 07:19:13.704 | INFO     | __main__:run_zonal_forecast:518 -     Sorghum               * N328K      (+0.1%)  * N336K      (+0.1%)
2026-06-20 07:19:13.704 | INFO     | __main__:run_zonal_forecast:518 -     Beans (white)         * N711K      (+0.1%)    N719K      (+0.1%)
2026-06-20 07:19:13.704 | INFO     | __main__:run_zonal_forecast:518 -     Beans (red)             N809K      (-0.1%)    N818K      (-0.1%)
2026-06-20 07:19:13.704 | INFO     | __main__:run_zonal_forecast:518 -     Maize (white)         * N295K      (+0.0%)  * N299K      (+0.0%)
2026-06-20 07:19:13.707 | INFO     | __main__:run_zonal_forecast:518 -     Maize (yellow)        * N323K      (+0.0%)  * N327K      (+0.0%)
2026-06-20 07:19:13.707 | INFO     | __main__:run_zonal_forecast:518 -     Wheat                 * N630K      (+0.1%)  * N616K      (+0.1%)
2026-06-20 07:19:13.708 | INFO     | __main__:run_zonal_forecast:518 -     Rice                    N1.488M    (+0.1%)  * N1.457M    (+0.1%)
2026-06-20 07:19:13.708 | INFO     | __main__:run_zonal_forecast:518 -     Eggs                    N7K        (-0.0%)    N7K        (-0.0%)
2026-06-20 07:19:13.708 | INFO     | __main__:run_zonal_forecast:518 -     Fish (dried)            N3.026M    (-0.1%)    N2.971M    (-0.1%)
2026-06-20 07:19:13.710 | INFO     | __main__:run_zonal_forecast:518 -     Meat (goat)             N3.970M    (+0.1%)    N4.061M    (+0.1%)
2026-06-20 07:19:13.712 | INFO     | __main__:run_zonal_forecast:518 -     Meat (beef)             N3.775M    (+0.1%)    N3.861M    (+0.1%)
2026-06-20 07:19:13.712 | INFO     | __main__:run_zonal_forecast:518 -   
2026-06-20 07:19:13.712 | INFO     | __main__:run_zonal_forecast:518 -   NORTH CENTRAL (Plateau & Kogi)
2026-06-20 07:19:13.712 | INFO     | __main__:run_zonal_forecast:518 -   Middle Belt. Ginger heartland (Plateau), Cashew/Cocoa belt (Kogi).
2026-06-20 07:19:13.714 | INFO     | __main__:run_zonal_forecast:518 -   
2026-06-20 07:19:13.714 | INFO     | __main__:run_zonal_forecast:518 -     Commodity           Plateau             Kogi              
2026-06-20 07:19:13.716 | INFO     | __main__:run_zonal_forecast:518 -     ------------------------------------------------------------
2026-06-20 07:19:13.721 | INFO     | __main__:run_zonal_forecast:518 -     Hibiscus                N2.237M    (-0.1%)    N2.214M    (-0.1%)
2026-06-20 07:19:13.723 | INFO     | __main__:run_zonal_forecast:518 -     Sesame                  N1.591M    (-0.0%)    N1.608M    (-0.0%)
2026-06-20 07:19:13.724 | INFO     | __main__:run_zonal_forecast:518 -     Ginger                * N9.164M    (+0.1%)    N11.485M   (+0.1%)
2026-06-20 07:19:13.726 | INFO     | __main__:run_zonal_forecast:518 -     Cocoa                   N6.219M    (+0.1%)  * N5.067M    (+0.1%)
2026-06-20 07:19:13.729 | INFO     | __main__:run_zonal_forecast:518 -     Soybeans              * N627K      (+0.1%)  * N657K      (+0.1%)
2026-06-20 07:19:13.730 | INFO     | __main__:run_zonal_forecast:518 -     Cashew Nuts             N2.076M    (+0.1%)  * N1.581M    (+0.1%)
2026-06-20 07:19:13.732 | INFO     | __main__:run_zonal_forecast:518 -     Sorghum                 N387K      (+0.1%)  * N383K      (+0.1%)
2026-06-20 07:19:13.736 | INFO     | __main__:run_zonal_forecast:518 -     Beans (white)         * N736K      (+0.1%)  * N752K      (+0.1%)
2026-06-20 07:19:13.738 | INFO     | __main__:run_zonal_forecast:518 -     Beans (red)             N854K      (-0.1%)    N845K      (-0.1%)
2026-06-20 07:19:13.740 | INFO     | __main__:run_zonal_forecast:518 -     Maize (white)         * N321K      (+0.0%)  * N332K      (+0.0%)
2026-06-20 07:19:13.741 | INFO     | __main__:run_zonal_forecast:518 -     Maize (yellow)          N355K      (+0.0%)    N367K      (+0.0%)
2026-06-20 07:19:13.742 | INFO     | __main__:run_zonal_forecast:518 -     Wheat                 * N644K      (+0.1%)    N687K      (+0.1%)
2026-06-20 07:19:13.747 | INFO     | __main__:run_zonal_forecast:518 -     Rice                  * N1.410M    (+0.1%)    N1.520M    (+0.1%)
2026-06-20 07:19:13.750 | INFO     | __main__:run_zonal_forecast:518 -     Eggs                    N7K        (-0.0%)    N7K        (-0.0%)
2026-06-20 07:19:13.754 | INFO     | __main__:run_zonal_forecast:518 -     Fish (dried)            N2.889M    (-0.1%)    N2.806M    (-0.1%)
2026-06-20 07:19:13.756 | INFO     | __main__:run_zonal_forecast:518 -     Meat (goat)             N4.152M    (+0.1%)    N4.289M    (+0.1%)
2026-06-20 07:19:13.758 | INFO     | __main__:run_zonal_forecast:518 -     Meat (beef)             N3.947M    (+0.1%)    N4.075M    (+0.1%)
2026-06-20 07:19:13.759 | INFO     | __main__:run_zonal_forecast:518 -   
2026-06-20 07:19:13.759 | INFO     | __main__:run_zonal_forecast:518 -   NORTH EAST (Adamawa & Borno)
2026-06-20 07:19:13.762 | INFO     | __main__:run_zonal_forecast:518 -   Semi-arid. Sorghum, Maize. Conflict premium on imports in Borno.
2026-06-20 07:19:13.766 | INFO     | __main__:run_zonal_forecast:518 -   
2026-06-20 07:19:13.767 | INFO     | __main__:run_zonal_forecast:518 -     Commodity           Adamawa             Borno             
2026-06-20 07:19:13.769 | INFO     | __main__:run_zonal_forecast:518 -     ------------------------------------------------------------
2026-06-20 07:19:13.769 | INFO     | __main__:run_zonal_forecast:518 -     Hibiscus                N2.260M    (-0.1%)    N2.422M    (-0.1%)
2026-06-20 07:19:13.769 | INFO     | __main__:run_zonal_forecast:518 -     Sesame                * N1.426M    (-0.0%)  * N1.475M    (-0.0%)
2026-06-20 07:19:13.773 | INFO     | __main__:run_zonal_forecast:518 -     Ginger                * N10.141M   (+0.1%)    N14.051M   (+0.1%)
2026-06-20 07:19:13.773 | INFO     | __main__:run_zonal_forecast:518 -     Cocoa                   N6.046M    (+0.1%)    N6.795M    (+0.1%)
2026-06-20 07:19:13.773 | INFO     | __main__:run_zonal_forecast:518 -     Soybeans              * N673K      (+0.1%)    N816K      (+0.1%)
2026-06-20 07:19:13.775 | INFO     | __main__:run_zonal_forecast:518 -     Cashew Nuts             N2.056M    (+0.1%)    N2.273M    (+0.1%)
2026-06-20 07:19:13.775 | INFO     | __main__:run_zonal_forecast:518 -     Sorghum               * N366K      (+0.1%)  * N387K      (+0.1%)
2026-06-20 07:19:13.779 | INFO     | __main__:run_zonal_forecast:518 -     Beans (white)         * N752K      (+0.1%)  * N866K      (+0.1%)
2026-06-20 07:19:13.779 | INFO     | __main__:run_zonal_forecast:518 -     Beans (red)             N854K      (-0.1%)    N989K      (-0.1%)
2026-06-20 07:19:13.785 | INFO     | __main__:run_zonal_forecast:518 -     Maize (white)         * N325K      (+0.0%)  * N399K      (+0.0%)
2026-06-20 07:19:13.787 | INFO     | __main__:run_zonal_forecast:518 -     Maize (yellow)          N359K      (+0.0%)    N435K      (+0.0%)
2026-06-20 07:19:13.791 | INFO     | __main__:run_zonal_forecast:518 -     Wheat                   N694K      (+0.1%)  * N793K      (+0.1%)
2026-06-20 07:19:13.791 | INFO     | __main__:run_zonal_forecast:518 -     Rice                    N1.598M    (+0.1%)    N1.723M    (+0.1%)
2026-06-20 07:19:13.796 | INFO     | __main__:run_zonal_forecast:518 -     Eggs                    N7K        (-0.0%)    N8K        (-0.0%)
2026-06-20 07:19:13.796 | INFO     | __main__:run_zonal_forecast:518 -     Fish (dried)            N3.081M    (-0.1%)    N3.246M    (-0.1%)
2026-06-20 07:19:13.802 | INFO     | __main__:run_zonal_forecast:518 -     Meat (goat)             N4.198M    (+0.1%)    N4.746M    (+0.1%)
2026-06-20 07:19:13.808 | INFO     | __main__:run_zonal_forecast:518 -     Meat (beef)             N3.990M    (+0.1%)    N4.504M    (+0.1%)
2026-06-20 07:19:13.810 | INFO     | __main__:run_zonal_forecast:518 -   
2026-06-20 07:19:13.812 | INFO     | __main__:run_zonal_forecast:518 -   SOUTH WEST (Oyo & Lagos)
2026-06-20 07:19:13.818 | INFO     | __main__:run_zonal_forecast:518 -   Commercial capital. Lagos is the price-setter for consumer markets.
2026-06-20 07:19:13.820 | INFO     | __main__:run_zonal_forecast:518 -   
2026-06-20 07:19:13.820 | INFO     | __main__:run_zonal_forecast:518 -     Commodity           Oyo                 Lagos             
2026-06-20 07:19:13.820 | INFO     | __main__:run_zonal_forecast:518 -     ------------------------------------------------------------
2026-06-20 07:19:13.823 | INFO     | __main__:run_zonal_forecast:518 -     Hibiscus              * N2.376M    (-0.1%)  * N2.652M    (-0.1%)
2026-06-20 07:19:13.825 | INFO     | __main__:run_zonal_forecast:518 -     Sesame                  N1.757M    (-0.0%)  * N1.956M    (-0.0%)
2026-06-20 07:19:13.826 | INFO     | __main__:run_zonal_forecast:518 -     Ginger                  N13.196M   (+0.1%)    N14.662M   (+0.1%)
2026-06-20 07:19:13.826 | INFO     | __main__:run_zonal_forecast:518 -     Cocoa                 * N5.125M    (+0.1%)  * N6.219M    (+0.1%)
2026-06-20 07:19:13.827 | INFO     | __main__:run_zonal_forecast:518 -     Soybeans              * N786K      (+0.1%)  * N922K      (+0.1%)
2026-06-20 07:19:13.829 | INFO     | __main__:run_zonal_forecast:518 -     Cashew Nuts           * N1.700M    (+0.1%)    N2.174M    (+0.1%)
2026-06-20 07:19:13.829 | INFO     | __main__:run_zonal_forecast:518 -     Sorghum                 N442K      (+0.1%)    N496K      (+0.1%)
2026-06-20 07:19:13.830 | INFO     | __main__:run_zonal_forecast:518 -     Beans (white)         * N899K      (+0.1%)  * N1.046M    (+0.1%)
2026-06-20 07:19:13.831 | INFO     | __main__:run_zonal_forecast:518 -     Beans (red)             N1.007M    (-0.1%)  * N1.124M    (-0.1%)
2026-06-20 07:19:13.832 | INFO     | __main__:run_zonal_forecast:518 -     Maize (white)         * N399K      (+0.0%)  * N480K      (+0.0%)
2026-06-20 07:19:13.836 | INFO     | __main__:run_zonal_forecast:518 -     Maize (yellow)          N435K      (+0.0%)  * N524K      (+0.0%)
2026-06-20 07:19:13.837 | INFO     | __main__:run_zonal_forecast:518 -     Wheat                   N779K      (+0.1%)    N814K      (+0.1%)
2026-06-20 07:19:13.840 | INFO     | __main__:run_zonal_forecast:518 -     Rice                    N1.692M    (+0.1%)    N1.849M    (+0.1%)
2026-06-20 07:19:13.842 | INFO     | __main__:run_zonal_forecast:518 -     Eggs                    N7K        (-0.0%)    N8K        (-0.0%)
2026-06-20 07:19:13.842 | INFO     | __main__:run_zonal_forecast:518 -     Fish (dried)            N2.696M    (-0.1%)    N2.971M    (-0.1%)
2026-06-20 07:19:13.844 | INFO     | __main__:run_zonal_forecast:518 -     Meat (goat)             N4.837M    (+0.1%)    N5.430M    (+0.1%)
2026-06-20 07:19:13.846 | INFO     | __main__:run_zonal_forecast:518 -     Meat (beef)             N4.504M    (+0.1%)    N5.062M    (+0.1%)
2026-06-20 07:19:13.848 | INFO     | __main__:run_zonal_forecast:518 -   
2026-06-20 07:19:13.848 | INFO     | __main__:run_zonal_forecast:518 -   SOUTH EAST (Anambra & Imo)
2026-06-20 07:19:13.849 | INFO     | __main__:run_zonal_forecast:518 -   High consumption, low production of traded commodities. Import-dependent.
2026-06-20 07:19:13.850 | INFO     | __main__:run_zonal_forecast:518 -   
2026-06-20 07:19:13.855 | INFO     | __main__:run_zonal_forecast:518 -     Commodity           Anambra             Imo               
2026-06-20 07:19:13.855 | INFO     | __main__:run_zonal_forecast:518 -     ------------------------------------------------------------
2026-06-20 07:19:13.857 | INFO     | __main__:run_zonal_forecast:518 -     Hibiscus                N2.583M    (-0.1%)    N2.537M    (-0.1%)
2026-06-20 07:19:13.858 | INFO     | __main__:run_zonal_forecast:518 -     Sesame                  N1.923M    (-0.0%)    N1.890M    (-0.0%)
2026-06-20 07:19:13.859 | INFO     | __main__:run_zonal_forecast:518 -     Ginger                  N14.051M   (+0.1%)    N13.684M   (+0.1%)
2026-06-20 07:19:13.859 | INFO     | __main__:run_zonal_forecast:518 -     Cocoa                 * N6.046M    (+0.1%)  * N5.240M    (+0.1%)
2026-06-20 07:19:13.863 | INFO     | __main__:run_zonal_forecast:518 -     Soybeans                N862K      (+0.1%)    N846K      (+0.1%)
2026-06-20 07:19:13.864 | INFO     | __main__:run_zonal_forecast:518 -     Cashew Nuts           * N2.174M    (+0.1%)  * N2.095M    (+0.1%)
2026-06-20 07:19:13.864 | INFO     | __main__:run_zonal_forecast:518 -     Sorghum                 N479K      (+0.1%)    N471K      (+0.1%)
2026-06-20 07:19:13.865 | INFO     | __main__:run_zonal_forecast:518 -     Beans (white)         * N964K      (+0.1%)  * N940K      (+0.1%)
2026-06-20 07:19:13.870 | INFO     | __main__:run_zonal_forecast:518 -     Beans (red)           * N1.034M    (-0.1%)    N1.016M    (-0.1%)
2026-06-20 07:19:13.872 | INFO     | __main__:run_zonal_forecast:518 -     Maize (white)         * N443K      (+0.0%)  * N432K      (+0.0%)
2026-06-20 07:19:13.872 | INFO     | __main__:run_zonal_forecast:518 -     Maize (yellow)          N484K      (+0.0%)    N472K      (+0.0%)
2026-06-20 07:19:13.873 | INFO     | __main__:run_zonal_forecast:518 -     Wheat                   N835K      (+0.1%)    N821K      (+0.1%)
2026-06-20 07:19:13.874 | INFO     | __main__:run_zonal_forecast:518 -     Rice                    N1.755M    (+0.1%)    N1.723M    (+0.1%)
2026-06-20 07:19:13.875 | INFO     | __main__:run_zonal_forecast:518 -     Eggs                    N7K        (-0.0%)    N7K        (-0.0%)
2026-06-20 07:19:13.875 | INFO     | __main__:run_zonal_forecast:518 -     Fish (dried)            N2.613M    (-0.1%)    N2.558M    (-0.1%)
2026-06-20 07:19:13.876 | INFO     | __main__:run_zonal_forecast:518 -     Meat (goat)             N4.974M    (+0.1%)    N4.882M    (+0.1%)
2026-06-20 07:19:13.879 | INFO     | __main__:run_zonal_forecast:518 -     Meat (beef)             N4.633M    (+0.1%)    N4.547M    (+0.1%)
2026-06-20 07:19:13.884 | INFO     | __main__:run_zonal_forecast:518 -   
2026-06-20 07:19:13.890 | INFO     | __main__:run_zonal_forecast:518 -   SOUTH SOUTH (Rivers & Delta)
2026-06-20 07:19:13.891 | INFO     | __main__:run_zonal_forecast:518 -   Oil belt. High purchasing power. Cocoa producer (Delta).
2026-06-20 07:19:13.895 | INFO     | __main__:run_zonal_forecast:518 -   
2026-06-20 07:19:13.901 | INFO     | __main__:run_zonal_forecast:518 -     Commodity           Rivers              Delta             
2026-06-20 07:19:13.902 | INFO     | __main__:run_zonal_forecast:518 -     ------------------------------------------------------------
2026-06-20 07:19:13.905 | INFO     | __main__:run_zonal_forecast:518 -     Hibiscus              * N2.583M    (-0.1%)  * N2.491M    (-0.1%)
2026-06-20 07:19:13.905 | INFO     | __main__:run_zonal_forecast:518 -     Sesame                * N1.956M    (-0.0%)  * N1.923M    (-0.0%)
2026-06-20 07:19:13.907 | INFO     | __main__:run_zonal_forecast:518 -     Ginger                  N14.662M   (+0.1%)    N14.051M   (+0.1%)
2026-06-20 07:19:13.908 | INFO     | __main__:run_zonal_forecast:518 -     Cocoa                 * N6.046M    (+0.1%)  * N5.355M    (+0.1%)
2026-06-20 07:19:13.909 | INFO     | __main__:run_zonal_forecast:518 -     Soybeans                N892K      (+0.1%)  * N862K      (+0.1%)
2026-06-20 07:19:13.914 | INFO     | __main__:run_zonal_forecast:518 -     Cashew Nuts             N2.273M    (+0.1%)    N2.174M    (+0.1%)
2026-06-20 07:19:13.918 | INFO     | __main__:run_zonal_forecast:518 -     Sorghum                 N505K      (+0.1%)    N496K      (+0.1%)
2026-06-20 07:19:13.919 | INFO     | __main__:run_zonal_forecast:518 -     Beans (white)         * N997K      (+0.1%)  * N956K      (+0.1%)
2026-06-20 07:19:13.923 | INFO     | __main__:run_zonal_forecast:518 -     Beans (red)           * N1.079M    (-0.1%)    N1.034M    (-0.1%)
2026-06-20 07:19:13.925 | INFO     | __main__:run_zonal_forecast:518 -     Maize (white)         * N462K      (+0.0%)  * N443K      (+0.0%)
2026-06-20 07:19:13.926 | INFO     | __main__:run_zonal_forecast:518 -     Maize (yellow)          N504K      (+0.0%)    N484K      (+0.0%)
2026-06-20 07:19:13.927 | INFO     | __main__:run_zonal_forecast:518 -     Wheat                   N864K      (+0.1%)    N850K      (+0.1%)
2026-06-20 07:19:13.932 | INFO     | __main__:run_zonal_forecast:518 -     Rice                    N1.802M    (+0.1%)    N1.755M    (+0.1%)
2026-06-20 07:19:13.938 | INFO     | __main__:run_zonal_forecast:518 -     Eggs                    N8K        (-0.0%)    N8K        (-0.0%)
2026-06-20 07:19:13.951 | INFO     | __main__:run_zonal_forecast:518 -     Fish (dried)            N2.421M    (-0.1%)    N2.476M    (-0.1%)
2026-06-20 07:19:13.957 | INFO     | __main__:run_zonal_forecast:518 -     Meat (goat)             N5.156M    (+0.1%)    N5.065M    (+0.1%)
2026-06-20 07:19:13.968 | INFO     | __main__:run_zonal_forecast:518 -     Meat (beef)             N4.805M    (+0.1%)    N4.719M    (+0.1%)
2026-06-20 07:19:13.976 | INFO     | __main__:run_zonal_forecast:518 -   
2026-06-20 07:19:13.984 | INFO     | __main__:run_zonal_forecast:518 -   ==========================================================
2026-06-20 07:19:13.992 | INFO     | __main__:run_zonal_forecast:518 -   * = primary commodity  (+/-%) = day-on-day change
2026-06-20 07:19:13.999 | INFO     | __main__:run_zonal_forecast:518 -   
2026-06-20 07:19:14.011 | INFO     | __main__:run_zonal_forecast:518 -   NATIONAL PRICE CHANGES TODAY:
2026-06-20 07:19:14.021 | INFO     | __main__:run_zonal_forecast:518 -     Commodity                   Price   Day Chg    vs Ref
2026-06-20 07:19:14.025 | INFO     | __main__:run_zonal_forecast:518 -     ------------------------------------------------------
2026-06-20 07:19:14.034 | INFO     | __main__:run_zonal_forecast:518 -     Hibiscus                  N2.307M    -0.09%    -1.22%
2026-06-20 07:19:14.046 | INFO     | __main__:run_zonal_forecast:518 -     Sesame                    N1.658M    -0.02%    -0.26%
2026-06-20 07:19:14.061 | INFO     | __main__:run_zonal_forecast:518 -     Ginger                   N12.218M    +0.08%    +1.10%
2026-06-20 07:19:14.119 | INFO     | __main__:run_zonal_forecast:518 -     Cocoa                     N5.758M    +0.09%    +1.34%
2026-06-20 07:19:14.172 | INFO     | __main__:run_zonal_forecast:518 -     Soybeans                    N756K    +0.06%    +0.80%
2026-06-20 07:19:14.184 | INFO     | __main__:run_zonal_forecast:518 -     Cashew Nuts               N1.977M    +0.09%    +1.29%
2026-06-20 07:19:14.191 | INFO     | __main__:run_zonal_forecast:518 -     Sorghum                     N421K    +0.05%    +0.68%
2026-06-20 07:19:14.217 | INFO     | __main__:run_zonal_forecast:518 -     Beans (white)               N817K    +0.08%    +1.12%
2026-06-20 07:19:14.228 | INFO     | __main__:run_zonal_forecast:518 -     Beans (red)                 N899K    -0.08%    -1.05%
2026-06-20 07:19:14.237 | INFO     | __main__:run_zonal_forecast:518 -     Maize (white)               N369K    +0.04%    +0.52%
2026-06-20 07:19:14.241 | INFO     | __main__:run_zonal_forecast:518 -     Maize (yellow)              N403K    +0.03%    +0.36%
2026-06-20 07:19:14.245 | INFO     | __main__:run_zonal_forecast:518 -     Wheat                       N708K    +0.05%    +0.65%
2026-06-20 07:19:14.248 | INFO     | __main__:run_zonal_forecast:518 -     Rice                      N1.567M    +0.06%    +0.81%
2026-06-20 07:19:14.252 | INFO     | __main__:run_zonal_forecast:518 -     Eggs                          N7K    -0.02%    -0.26%
2026-06-20 07:19:14.254 | INFO     | __main__:run_zonal_forecast:518 -     Fish (dried)              N2.751M    -0.08%    -1.07%
2026-06-20 07:19:14.265 | INFO     | __main__:run_zonal_forecast:518 -     Meat (goat)               N4.563M    +0.09%    +1.31%
2026-06-20 07:19:14.269 | INFO     | __main__:run_zonal_forecast:518 -     Meat (beef)               N4.290M    +0.10%    +1.37%
2026-06-20 07:19:14.273 | INFO     | __main__:run_zonal_forecast:518 -   
2026-06-20 07:19:14.280 | INFO     | __main__:run_zonal_forecast:518 -   BEST SOURCING NATIONALLY:
2026-06-20 07:19:14.290 | INFO     | __main__:run_zonal_forecast:518 -     Commodity              Best State           Price  Spread
2026-06-20 07:19:14.298 | INFO     | __main__:run_zonal_forecast:518 -     ------------------------------------------------------------
2026-06-20 07:19:14.307 | INFO     | __main__:run_zonal_forecast:518 -     Hibiscus               Kaduna             N2.145M  24% vs Lagos
2026-06-20 07:19:14.314 | INFO     | __main__:run_zonal_forecast:518 -     Sesame                 Kano               N1.376M  42% vs Lagos
2026-06-20 07:19:14.322 | INFO     | __main__:run_zonal_forecast:518 -     Ginger                 Kaduna             N8.797M  67% vs Lagos
2026-06-20 07:19:14.323 | INFO     | __main__:run_zonal_forecast:518 -     Cocoa                  Kogi               N5.067M  34% vs Borno
2026-06-20 07:19:14.334 | INFO     | __main__:run_zonal_forecast:518 -     Soybeans               Plateau              N627K  47% vs Lagos
2026-06-20 07:19:14.339 | INFO     | __main__:run_zonal_forecast:518 -     Cashew Nuts            Kogi               N1.581M  44% vs Borno
2026-06-20 07:19:14.344 | INFO     | __main__:run_zonal_forecast:518 -     Sorghum                Kano                 N328K  54% vs Rivers
2026-06-20 07:19:14.357 | INFO     | __main__:run_zonal_forecast:518 -     Beans (white)          Kano                 N711K  47% vs Lagos
2026-06-20 07:19:14.367 | INFO     | __main__:run_zonal_forecast:518 -     Beans (red)            Kano                 N809K  39% vs Lagos
2026-06-20 07:19:14.375 | INFO     | __main__:run_zonal_forecast:518 -     Maize (white)          Kano                 N295K  62% vs Lagos
2026-06-20 07:19:14.381 | INFO     | __main__:run_zonal_forecast:518 -     Maize (yellow)         Kano                 N323K  62% vs Lagos
2026-06-20 07:19:14.387 | INFO     | __main__:run_zonal_forecast:518 -     Wheat                  Kaduna               N616K  40% vs Rivers
2026-06-20 07:19:14.388 | INFO     | __main__:run_zonal_forecast:518 -     Rice                   Plateau            N1.410M  31% vs Lagos
2026-06-20 07:19:14.391 | INFO     | __main__:run_zonal_forecast:518 -     Eggs                   Kano                   N7K  22% vs Lagos
2026-06-20 07:19:14.397 | INFO     | __main__:run_zonal_forecast:518 -     Fish (dried)           Rivers             N2.421M  34% vs Borno
2026-06-20 07:19:14.403 | INFO     | __main__:run_zonal_forecast:518 -     Meat (goat)            Kano               N3.970M  37% vs Lagos
2026-06-20 07:19:14.405 | INFO     | __main__:run_zonal_forecast:518 -     Meat (beef)            Kano               N3.775M  34% vs Lagos
2026-06-20 07:19:14.409 | INFO     | __main__:run_zonal_forecast:518 -   
2026-06-20 07:19:14.414 | INFO     | __main__:run_zonal_forecast:518 -   ==========================================================
2026-06-20 07:19:14.420 | INFO     | __main__:run_zonal_forecast:518 -   Source: Agrolinking Intelligence Platform
2026-06-20 07:19:14.422 | INFO     | __main__:run_zonal_forecast:518 -   Next update: 21 Jun 2026
2026-06-20 07:19:14.423 | INFO     | __main__:run_zonal_forecast:519 - =================================================================
2026-06-20 07:19:14.425 | SUCCESS  | __main__:run_zonal_forecast:520 - ZONAL FORECASTING COMPLETE — 6 zones | 12 states | 17 commodities
