2026-09-27 10:32:32.505 | INFO     | __main__:run_zonal_forecast:379 - =================================================================
2026-09-27 10:32:32.505 | INFO     | __main__:run_zonal_forecast:380 - STEP 7 — ZONAL & STATE-LEVEL FORECASTING
2026-09-27 10:32:32.505 | INFO     | __main__:run_zonal_forecast:381 -   Date  : Sunday, 27 September 2026  10:32
2026-09-27 10:32:32.505 | INFO     | __main__:run_zonal_forecast:382 -   Anchor: DAILY INTERPOLATED (from last_known_date, drifts daily)
2026-09-27 10:32:32.506 | INFO     | __main__:run_zonal_forecast:383 - =================================================================
2026-09-27 10:32:32.535 | INFO     | __main__:run_zonal_forecast:386 -   Source: forecast_validated_2026-09-27.json
2026-09-27 10:32:32.536 | INFO     | __main__:run_zonal_forecast:393 -   Maize (white): last_known=2026-09-21, days_elapsed=6
2026-09-27 10:32:32.536 | INFO     | __main__:run_zonal_forecast:393 -   Hibiscus: last_known=2026-09-21, days_elapsed=6
2026-09-27 10:32:32.536 | INFO     | __main__:run_zonal_forecast:393 -   Sesame: last_known=2026-09-21, days_elapsed=6
2026-09-27 10:32:32.536 | INFO     | __main__:build_zonal_output:201 - 
2026-09-27 10:32:32.536 | INFO     | __main__:build_zonal_output:202 -   NATIONAL ANCHORS (interpolated from last_known_date to today):
2026-09-27 10:32:32.536 | INFO     | __main__:build_zonal_output:203 -   Commodity                 Today Price   Day Chg    vs Ref  Source
2026-09-27 10:32:32.536 | INFO     | __main__:build_zonal_output:204 -   --------------------------------------------------------------------------------
2026-09-27 10:32:32.537 | INFO     | __main__:build_zonal_output:233 -   Hibiscus               N   2,094,530    -1.08%   -9.91%  daily_series d6 (-6.15% vs ref)
2026-09-27 10:32:32.537 | INFO     | __main__:build_zonal_output:233 -   Sesame                 N   1,383,851    -1.49%  -16.13%  daily_series d6 (-8.31% vs ref)
2026-09-27 10:32:32.537 | INFO     | __main__:build_zonal_output:233 -   Ginger                 N  11,963,748    +0.04%   -0.30%  daily_series d6 (+0.23% vs ref)
2026-09-27 10:32:32.537 | INFO     | __main__:build_zonal_output:233 -   Cocoa                  N   5,251,513    +1.45%   -7.05%  daily_series d6 (+9.41% vs ref)
2026-09-27 10:32:32.537 | INFO     | __main__:build_zonal_output:233 -   Soybeans               N     679,299    -3.34%   -8.82%  daily_series d6 (-17.16% vs ref)
2026-09-27 10:32:32.537 | INFO     | __main__:build_zonal_output:233 -   Cashew Nuts            N   1,512,033    -2.20%  -22.46%  daily_series d6 (-11.88% vs ref)
2026-09-27 10:32:32.537 | INFO     | __main__:build_zonal_output:233 -   Sorghum                N     287,107    -5.66%  -31.64%  daily_series d6 (-26.48% vs ref)
2026-09-27 10:32:32.538 | INFO     | __main__:build_zonal_output:233 -   Beans (white)          N     427,188    -5.96%  -47.46%  daily_series d6 (-27.56% vs ref)
2026-09-27 10:32:32.538 | INFO     | __main__:build_zonal_output:233 -   Beans (red)            N     548,817    -4.62%  -40.02%  daily_series d6 (-22.50% vs ref)
2026-09-27 10:32:32.538 | INFO     | __main__:build_zonal_output:233 -   Maize (white)          N     322,190    -2.28%  -12.92%  daily_series d6 (-12.30% vs ref)
2026-09-27 10:32:32.538 | INFO     | __main__:build_zonal_output:233 -   Maize (yellow)         N     349,644    -2.22%  -12.59%  daily_series d6 (-11.98% vs ref)
2026-09-27 10:32:32.538 | INFO     | __main__:build_zonal_output:233 -   Wheat                  N     627,274    -1.91%  -11.26%  daily_series d6 (-10.46% vs ref)
2026-09-27 10:32:32.538 | INFO     | __main__:build_zonal_output:233 -   Rice                   N   1,329,738    -1.84%  -14.21%  daily_series d6 (-10.13% vs ref)
2026-09-27 10:32:32.538 | INFO     | __main__:build_zonal_output:233 -   Meat (beef)            N   7,002,227    +1.04%   +7.73%  daily_series d6 (+6.57% vs ref)
2026-09-27 10:32:32.538 | INFO     | __main__:build_zonal_output:233 -   Meat (goat)            N   6,652,723    +0.33%   +2.35%  daily_series d6 (+2.00% vs ref)
2026-09-27 10:32:32.539 | INFO     | __main__:build_zonal_output:233 -   Fish (dried)           N     949,925    -4.00%  -20.84%  daily_series d6 (-20.00% vs ref)
2026-09-27 10:32:32.539 | INFO     | __main__:build_zonal_output:233 -   Eggs                   N       5,779    -1.09%   -6.79%  daily_series d6 (-6.23% vs ref)
2026-09-27 10:32:32.539 | INFO     | __main__:build_zonal_output:236 - 
2026-09-27 10:32:32.641 | INFO     | __main__:run_zonal_forecast:399 - 
2026-09-27 10:32:32.642 | INFO     | __main__:run_zonal_forecast:400 -   Zone             State        Commodity                 State Price  Day Chg
2026-09-27 10:32:32.642 | INFO     | __main__:run_zonal_forecast:401 -   ------------------------------------------------------------------------
2026-09-27 10:32:32.642 | INFO     | __main__:run_zonal_forecast:408 -   North West       Kano         * Sesame                N   1,148,596/MT  -1.49%
2026-09-27 10:32:32.642 | INFO     | __main__:run_zonal_forecast:408 -   North West       Kano         * Sorghum               N     223,944/MT  -5.66%
2026-09-27 10:32:32.642 | INFO     | __main__:run_zonal_forecast:408 -   North West       Kano         * Beans (white)         N     371,653/MT  -5.96%
2026-09-27 10:32:32.642 | INFO     | __main__:run_zonal_forecast:408 -   North West       Kano         * Maize (white)         N     257,752/MT  -2.28%
2026-09-27 10:32:32.642 | INFO     | __main__:run_zonal_forecast:408 -   North West       Kano         * Maize (yellow)        N     279,715/MT  -2.22%
2026-09-27 10:32:32.642 | INFO     | __main__:run_zonal_forecast:408 -   North West       Kano         * Wheat                 N     558,274/MT  -1.91%
2026-09-27 10:32:32.643 | INFO     | __main__:run_zonal_forecast:408 -   North West       Kaduna       * Ginger                N   8,613,899/MT  +0.04%
2026-09-27 10:32:32.643 | INFO     | __main__:run_zonal_forecast:408 -   North West       Kaduna       * Soybeans              N     570,611/MT  -3.34%
2026-09-27 10:32:32.643 | INFO     | __main__:run_zonal_forecast:408 -   North West       Kaduna       * Sorghum               N     229,686/MT  -5.66%
2026-09-27 10:32:32.643 | INFO     | __main__:run_zonal_forecast:408 -   North West       Kaduna       * Maize (white)         N     260,974/MT  -2.28%
2026-09-27 10:32:32.643 | INFO     | __main__:run_zonal_forecast:408 -   North West       Kaduna       * Maize (yellow)        N     283,211/MT  -2.22%
2026-09-27 10:32:32.643 | INFO     | __main__:run_zonal_forecast:408 -   North West       Kaduna       * Wheat                 N     545,729/MT  -1.91%
2026-09-27 10:32:32.643 | INFO     | __main__:run_zonal_forecast:408 -   North Central    Plateau      * Ginger                N   8,972,811/MT  +0.04%
2026-09-27 10:32:32.643 | INFO     | __main__:run_zonal_forecast:408 -   North Central    Plateau      * Soybeans              N     563,818/MT  -3.34%
2026-09-27 10:32:32.643 | INFO     | __main__:run_zonal_forecast:408 -   North Central    Plateau      * Beans (white)         N     384,469/MT  -5.96%
2026-09-27 10:32:32.643 | INFO     | __main__:run_zonal_forecast:408 -   North Central    Plateau      * Maize (white)         N     280,306/MT  -2.28%
2026-09-27 10:32:32.643 | INFO     | __main__:run_zonal_forecast:408 -   North Central    Plateau      * Wheat                 N     570,820/MT  -1.91%
2026-09-27 10:32:32.643 | INFO     | __main__:run_zonal_forecast:408 -   North Central    Kogi         * Cocoa                 N   4,621,331/MT  +1.45%
2026-09-27 10:32:32.644 | INFO     | __main__:run_zonal_forecast:408 -   North Central    Kogi         * Soybeans              N     590,990/MT  -3.34%
2026-09-27 10:32:32.644 | INFO     | __main__:run_zonal_forecast:408 -   North Central    Kogi         * Cashew Nuts           N   1,209,627/MT  -2.20%
2026-09-27 10:32:32.644 | INFO     | __main__:run_zonal_forecast:408 -   North Central    Kogi         * Sorghum               N     261,268/MT  -5.66%
2026-09-27 10:32:32.644 | INFO     | __main__:run_zonal_forecast:408 -   North Central    Kogi         * Beans (white)         N     393,013/MT  -5.96%
2026-09-27 10:32:32.644 | INFO     | __main__:run_zonal_forecast:408 -   North Central    Kogi         * Maize (white)         N     289,971/MT  -2.28%
2026-09-27 10:32:32.644 | INFO     | __main__:run_zonal_forecast:408 -   North East       Adamawa      * Sesame                N   1,190,111/MT  -1.49%
2026-09-27 10:32:32.644 | INFO     | __main__:run_zonal_forecast:408 -   North East       Adamawa      * Ginger                N   9,929,911/MT  +0.04%
2026-09-27 10:32:32.644 | INFO     | __main__:run_zonal_forecast:408 -   North East       Adamawa      * Soybeans              N     604,576/MT  -3.34%
2026-09-27 10:32:32.644 | INFO     | __main__:run_zonal_forecast:408 -   North East       Adamawa      * Sorghum               N     249,783/MT  -5.66%
2026-09-27 10:32:32.644 | INFO     | __main__:run_zonal_forecast:408 -   North East       Adamawa      * Beans (white)         N     393,013/MT  -5.96%
2026-09-27 10:32:32.644 | INFO     | __main__:run_zonal_forecast:408 -   North East       Adamawa      * Maize (white)         N     283,527/MT  -2.28%
2026-09-27 10:32:32.645 | INFO     | __main__:run_zonal_forecast:408 -   North East       Borno        * Sesame                N   1,231,627/MT  -1.49%
2026-09-27 10:32:32.645 | INFO     | __main__:run_zonal_forecast:408 -   North East       Borno        * Sorghum               N     264,139/MT  -5.66%
2026-09-27 10:32:32.645 | INFO     | __main__:run_zonal_forecast:408 -   North East       Borno        * Beans (white)         N     452,819/MT  -5.96%
2026-09-27 10:32:32.645 | INFO     | __main__:run_zonal_forecast:408 -   North East       Borno        * Maize (white)         N     347,965/MT  -2.28%
2026-09-27 10:32:32.645 | INFO     | __main__:run_zonal_forecast:408 -   North East       Borno        * Wheat                 N     702,547/MT  -1.91%
2026-09-27 10:32:32.645 | INFO     | __main__:run_zonal_forecast:408 -   South West       Oyo          * Hibiscus              N   2,157,366/MT  -1.08%
2026-09-27 10:32:32.645 | INFO     | __main__:run_zonal_forecast:408 -   South West       Oyo          * Cocoa                 N   4,673,846/MT  +1.45%
2026-09-27 10:32:32.645 | INFO     | __main__:run_zonal_forecast:408 -   South West       Oyo          * Soybeans              N     706,471/MT  -3.34%
2026-09-27 10:32:32.645 | INFO     | __main__:run_zonal_forecast:408 -   South West       Oyo          * Cashew Nuts           N   1,300,349/MT  -2.20%
2026-09-27 10:32:32.645 | INFO     | __main__:run_zonal_forecast:408 -   South West       Oyo          * Beans (white)         N     469,907/MT  -5.96%
2026-09-27 10:32:32.645 | INFO     | __main__:run_zonal_forecast:408 -   South West       Oyo          * Maize (white)         N     347,965/MT  -2.28%
2026-09-27 10:32:32.645 | INFO     | __main__:run_zonal_forecast:408 -   South West       Lagos        * Hibiscus              N   2,408,709/MT  -1.08%
2026-09-27 10:32:32.646 | INFO     | __main__:run_zonal_forecast:408 -   South West       Lagos        * Sesame                N   1,632,944/MT  -1.49%
2026-09-27 10:32:32.646 | INFO     | __main__:run_zonal_forecast:408 -   South West       Lagos        * Cocoa                 N   5,671,634/MT  +1.45%
2026-09-27 10:32:32.646 | INFO     | __main__:run_zonal_forecast:408 -   South West       Lagos        * Soybeans              N     828,745/MT  -3.34%
2026-09-27 10:32:32.646 | INFO     | __main__:run_zonal_forecast:408 -   South West       Lagos        * Beans (white)         N     546,800/MT  -5.96%
2026-09-27 10:32:32.646 | INFO     | __main__:run_zonal_forecast:408 -   South West       Lagos        * Beans (red)           N     686,021/MT  -4.62%
2026-09-27 10:32:32.646 | INFO     | __main__:run_zonal_forecast:408 -   South West       Lagos        * Maize (white)         N     418,847/MT  -2.28%
2026-09-27 10:32:32.646 | INFO     | __main__:run_zonal_forecast:408 -   South West       Lagos        * Maize (yellow)        N     454,537/MT  -2.22%
2026-09-27 10:32:32.646 | INFO     | __main__:run_zonal_forecast:408 -   South East       Anambra      * Cocoa                 N   5,514,088/MT  +1.45%
2026-09-27 10:32:32.646 | INFO     | __main__:run_zonal_forecast:408 -   South East       Anambra      * Cashew Nuts           N   1,663,237/MT  -2.20%
2026-09-27 10:32:32.646 | INFO     | __main__:run_zonal_forecast:408 -   South East       Anambra      * Beans (white)         N     504,082/MT  -5.96%
2026-09-27 10:32:32.646 | INFO     | __main__:run_zonal_forecast:408 -   South East       Anambra      * Beans (red)           N     631,139/MT  -4.62%
2026-09-27 10:32:32.646 | INFO     | __main__:run_zonal_forecast:408 -   South East       Anambra      * Maize (white)         N     386,628/MT  -2.28%
2026-09-27 10:32:32.647 | INFO     | __main__:run_zonal_forecast:408 -   South East       Imo          * Cocoa                 N   4,778,876/MT  +1.45%
2026-09-27 10:32:32.647 | INFO     | __main__:run_zonal_forecast:408 -   South East       Imo          * Cashew Nuts           N   1,602,755/MT  -2.20%
2026-09-27 10:32:32.647 | INFO     | __main__:run_zonal_forecast:408 -   South East       Imo          * Beans (white)         N     491,266/MT  -5.96%
2026-09-27 10:32:32.647 | INFO     | __main__:run_zonal_forecast:408 -   South East       Imo          * Maize (white)         N     376,963/MT  -2.28%
2026-09-27 10:32:32.647 | INFO     | __main__:run_zonal_forecast:408 -   South South      Rivers       * Hibiscus              N   2,345,873/MT  -1.08%
2026-09-27 10:32:32.647 | INFO     | __main__:run_zonal_forecast:408 -   South South      Rivers       * Sesame                N   1,632,944/MT  -1.49%
2026-09-27 10:32:32.647 | INFO     | __main__:run_zonal_forecast:408 -   South South      Rivers       * Cocoa                 N   5,514,088/MT  +1.45%
2026-09-27 10:32:32.647 | INFO     | __main__:run_zonal_forecast:408 -   South South      Rivers       * Beans (white)         N     521,169/MT  -5.96%
2026-09-27 10:32:32.647 | INFO     | __main__:run_zonal_forecast:408 -   South South      Rivers       * Beans (red)           N     658,580/MT  -4.62%
2026-09-27 10:32:32.647 | INFO     | __main__:run_zonal_forecast:408 -   South South      Rivers       * Maize (white)         N     402,738/MT  -2.28%
2026-09-27 10:32:32.647 | INFO     | __main__:run_zonal_forecast:408 -   South South      Delta        * Hibiscus              N   2,262,092/MT  -1.08%
2026-09-27 10:32:32.648 | INFO     | __main__:run_zonal_forecast:408 -   South South      Delta        * Sesame                N   1,605,267/MT  -1.49%
2026-09-27 10:32:32.648 | INFO     | __main__:run_zonal_forecast:408 -   South South      Delta        * Cocoa                 N   4,883,907/MT  +1.45%
2026-09-27 10:32:32.648 | INFO     | __main__:run_zonal_forecast:408 -   South South      Delta        * Soybeans              N     774,401/MT  -3.34%
2026-09-27 10:32:32.648 | INFO     | __main__:run_zonal_forecast:408 -   South South      Delta        * Beans (white)         N     499,810/MT  -5.96%
2026-09-27 10:32:32.648 | INFO     | __main__:run_zonal_forecast:408 -   South South      Delta        * Maize (white)         N     386,628/MT  -2.28%
2026-09-27 10:32:32.914 | SUCCESS  | __main__:run_zonal_forecast:422 -   Zonal JSON  -> /home/runner/work/Agrolinking-Intelligence/Agrolinking-Intelligence/outputs/forecasts/zonal/zonal_forecast_2026-09-27.json
2026-09-27 10:32:32.915 | SUCCESS  | __main__:run_zonal_forecast:428 -   Zonal alert -> /home/runner/work/Agrolinking-Intelligence/Agrolinking-Intelligence/outputs/daily_alerts/alert_zonal_2026-09-27.txt
2026-09-27 10:32:32.915 | INFO     | __main__:run_zonal_forecast:430 - 
2026-09-27 10:32:32.915 | INFO     | __main__:run_zonal_forecast:431 - =================================================================
2026-09-27 10:32:32.915 | INFO     | __main__:run_zonal_forecast:433 -   ================================================
2026-09-27 10:32:32.916 | INFO     | __main__:run_zonal_forecast:433 -   AGROLINKING ZONAL COMMODITY INTELLIGENCE
2026-09-27 10:32:32.916 | INFO     | __main__:run_zonal_forecast:433 -   Date: Sunday, 27 September 2026
2026-09-27 10:32:32.916 | INFO     | __main__:run_zonal_forecast:433 -   6 Zones | 12 States | 12 Commodities
2026-09-27 10:32:32.916 | INFO     | __main__:run_zonal_forecast:433 -   ================================================
2026-09-27 10:32:32.916 | INFO     | __main__:run_zonal_forecast:433 -   
2026-09-27 10:32:32.916 | INFO     | __main__:run_zonal_forecast:433 -   NORTH WEST (Kano & Kaduna)
2026-09-27 10:32:32.916 | INFO     | __main__:run_zonal_forecast:433 -   Nigeria's main grain belt. Highest Maize, Sorghum, Sesame, Wheat production.
2026-09-27 10:32:32.916 | INFO     | __main__:run_zonal_forecast:433 -   
2026-09-27 10:32:32.916 | INFO     | __main__:run_zonal_forecast:433 -     Commodity           Kano                Kaduna            
2026-09-27 10:32:32.916 | INFO     | __main__:run_zonal_forecast:433 -     ------------------------------------------------------------
2026-09-27 10:32:32.916 | INFO     | __main__:run_zonal_forecast:433 -     Hibiscus                N1.990M    (-1.08%)     N1.948M    (-1.08%) 
2026-09-27 10:32:32.916 | INFO     | __main__:run_zonal_forecast:433 -     Sesame                * N1.149M    (-1.49%)     N1.176M    (-1.49%) 
2026-09-27 10:32:32.916 | INFO     | __main__:run_zonal_forecast:433 -     Ginger                  N11.724M   (+0.04%)   * N8.614M    (+0.04%) 
2026-09-27 10:32:32.917 | INFO     | __main__:run_zonal_forecast:433 -     Cocoa                   N5.357M    (+1.45%)     N5.514M    (+1.45%) 
2026-09-27 10:32:32.917 | INFO     | __main__:run_zonal_forecast:433 -     Soybeans                N611K      (-3.34%)   * N571K      (-3.34%) 
2026-09-27 10:32:32.917 | INFO     | __main__:run_zonal_forecast:433 -     Cashew Nuts             N1.512M    (-2.20%)     N1.542M    (-2.20%) 
2026-09-27 10:32:32.917 | INFO     | __main__:run_zonal_forecast:433 -     Sorghum               * N224K      (-5.66%)   * N230K      (-5.66%) 
2026-09-27 10:32:32.917 | INFO     | __main__:run_zonal_forecast:433 -     Beans (white)         * N372K      (-5.96%)     N376K      (-5.96%) 
2026-09-27 10:32:32.917 | INFO     | __main__:run_zonal_forecast:433 -     Beans (red)             N494K      (-4.62%)     N499K      (-4.62%) 
2026-09-27 10:32:32.917 | INFO     | __main__:run_zonal_forecast:433 -     Maize (white)         * N258K      (-2.28%)   * N261K      (-2.28%) 
2026-09-27 10:32:32.917 | INFO     | __main__:run_zonal_forecast:433 -     Maize (yellow)        * N280K      (-2.22%)   * N283K      (-2.22%) 
2026-09-27 10:32:32.917 | INFO     | __main__:run_zonal_forecast:433 -     Wheat                 * N558K      (-1.91%)   * N546K      (-1.91%) 
2026-09-27 10:32:32.917 | INFO     | __main__:run_zonal_forecast:433 -     Rice                    N1.263M    (-1.84%)     N1.237M    (-1.84%) 
2026-09-27 10:32:32.917 | INFO     | __main__:run_zonal_forecast:433 -     Meat (beef)             N6.092M    (+1.04%)     N6.092M    (+1.04%) 
2026-09-27 10:32:32.917 | INFO     | __main__:run_zonal_forecast:433 -     Meat (goat)             N5.788M    (+0.33%)     N5.788M    (+0.33%) 
2026-09-27 10:32:32.917 | INFO     | __main__:run_zonal_forecast:433 -     Fish (dried)            N826K      (-4.00%)     N826K      (-4.00%) 
2026-09-27 10:32:32.917 | INFO     | __main__:run_zonal_forecast:433 -     Eggs                    N5K        (-1.09%)     N5K        (-1.09%) 
2026-09-27 10:32:32.917 | INFO     | __main__:run_zonal_forecast:433 -   
2026-09-27 10:32:32.918 | INFO     | __main__:run_zonal_forecast:433 -   NORTH CENTRAL (Plateau & Kogi)
2026-09-27 10:32:32.918 | INFO     | __main__:run_zonal_forecast:433 -   Middle Belt. Ginger heartland (Plateau), Cashew/Cocoa belt (Kogi).
2026-09-27 10:32:32.918 | INFO     | __main__:run_zonal_forecast:433 -   
2026-09-27 10:32:32.918 | INFO     | __main__:run_zonal_forecast:433 -     Commodity           Plateau             Kogi              
2026-09-27 10:32:32.918 | INFO     | __main__:run_zonal_forecast:433 -     ------------------------------------------------------------
2026-09-27 10:32:32.918 | INFO     | __main__:run_zonal_forecast:433 -     Hibiscus                N2.032M    (-1.08%)     N2.011M    (-1.08%) 
2026-09-27 10:32:32.918 | INFO     | __main__:run_zonal_forecast:433 -     Sesame                  N1.328M    (-1.49%)     N1.342M    (-1.49%) 
2026-09-27 10:32:32.918 | INFO     | __main__:run_zonal_forecast:433 -     Ginger                * N8.973M    (+0.04%)     N11.246M   (+0.04%) 
2026-09-27 10:32:32.918 | INFO     | __main__:run_zonal_forecast:433 -     Cocoa                   N5.672M    (+1.45%)   * N4.621M    (+1.45%) 
2026-09-27 10:32:32.918 | INFO     | __main__:run_zonal_forecast:433 -     Soybeans              * N564K      (-3.34%)   * N591K      (-3.34%) 
2026-09-27 10:32:32.918 | INFO     | __main__:run_zonal_forecast:433 -     Cashew Nuts             N1.588M    (-2.20%)   * N1.210M    (-2.20%) 
2026-09-27 10:32:32.918 | INFO     | __main__:run_zonal_forecast:433 -     Sorghum                 N264K      (-5.66%)   * N261K      (-5.66%) 
2026-09-27 10:32:32.918 | INFO     | __main__:run_zonal_forecast:433 -     Beans (white)         * N384K      (-5.96%)   * N393K      (-5.96%) 
2026-09-27 10:32:32.918 | INFO     | __main__:run_zonal_forecast:433 -     Beans (red)             N521K      (-4.62%)     N516K      (-4.62%) 
2026-09-27 10:32:32.919 | INFO     | __main__:run_zonal_forecast:433 -     Maize (white)         * N280K      (-2.28%)   * N290K      (-2.28%) 
2026-09-27 10:32:32.919 | INFO     | __main__:run_zonal_forecast:433 -     Maize (yellow)          N308K      (-2.22%)     N318K      (-2.22%) 
2026-09-27 10:32:32.919 | INFO     | __main__:run_zonal_forecast:433 -     Wheat                 * N571K      (-1.91%)     N608K      (-1.91%) 
2026-09-27 10:32:32.919 | INFO     | __main__:run_zonal_forecast:433 -     Rice                    N1.197M    (-1.84%)     N1.290M    (-1.84%) 
2026-09-27 10:32:32.919 | INFO     | __main__:run_zonal_forecast:433 -     Meat (beef)             N6.652M    (+1.04%)     N6.652M    (+1.04%) 
2026-09-27 10:32:32.919 | INFO     | __main__:run_zonal_forecast:433 -     Meat (goat)             N6.320M    (+0.33%)     N6.320M    (+0.33%) 
2026-09-27 10:32:32.919 | INFO     | __main__:run_zonal_forecast:433 -     Fish (dried)            N902K      (-4.00%)     N902K      (-4.00%) 
2026-09-27 10:32:32.919 | INFO     | __main__:run_zonal_forecast:433 -     Eggs                    N5K        (-1.09%)     N5K        (-1.09%) 
2026-09-27 10:32:32.919 | INFO     | __main__:run_zonal_forecast:433 -   
2026-09-27 10:32:32.919 | INFO     | __main__:run_zonal_forecast:433 -   NORTH EAST (Adamawa & Borno)
2026-09-27 10:32:32.919 | INFO     | __main__:run_zonal_forecast:433 -   Semi-arid. Sorghum, Maize. Conflict premium on imports in Borno.
2026-09-27 10:32:32.919 | INFO     | __main__:run_zonal_forecast:433 -   
2026-09-27 10:32:32.919 | INFO     | __main__:run_zonal_forecast:433 -     Commodity           Adamawa             Borno             
2026-09-27 10:32:32.919 | INFO     | __main__:run_zonal_forecast:433 -     ------------------------------------------------------------
2026-09-27 10:32:32.919 | INFO     | __main__:run_zonal_forecast:433 -     Hibiscus                N2.053M    (-1.08%)     N2.199M    (-1.08%) 
2026-09-27 10:32:32.920 | INFO     | __main__:run_zonal_forecast:433 -     Sesame                * N1.190M    (-1.49%)   * N1.232M    (-1.49%) 
2026-09-27 10:32:32.920 | INFO     | __main__:run_zonal_forecast:433 -     Ginger                * N9.930M    (+0.04%)     N13.758M   (+0.04%) 
2026-09-27 10:32:32.920 | INFO     | __main__:run_zonal_forecast:433 -     Cocoa                   N5.514M    (+1.45%)     N6.197M    (+1.45%) 
2026-09-27 10:32:32.920 | INFO     | __main__:run_zonal_forecast:433 -     Soybeans              * N605K      (-3.34%)     N734K      (-3.34%) 
2026-09-27 10:32:32.920 | INFO     | __main__:run_zonal_forecast:433 -     Cashew Nuts             N1.573M    (-2.20%)     N1.739M    (-2.20%) 
2026-09-27 10:32:32.920 | INFO     | __main__:run_zonal_forecast:433 -     Sorghum               * N250K      (-5.66%)   * N264K      (-5.66%) 
2026-09-27 10:32:32.920 | INFO     | __main__:run_zonal_forecast:433 -     Beans (white)         * N393K      (-5.96%)   * N453K      (-5.96%) 
2026-09-27 10:32:32.920 | INFO     | __main__:run_zonal_forecast:433 -     Beans (red)             N521K      (-4.62%)     N604K      (-4.62%) 
2026-09-27 10:32:32.920 | INFO     | __main__:run_zonal_forecast:433 -     Maize (white)         * N284K      (-2.28%)   * N348K      (-2.28%) 
2026-09-27 10:32:32.920 | INFO     | __main__:run_zonal_forecast:433 -     Maize (yellow)          N311K      (-2.22%)     N378K      (-2.22%) 
2026-09-27 10:32:32.920 | INFO     | __main__:run_zonal_forecast:433 -     Wheat                   N615K      (-1.91%)   * N703K      (-1.91%) 
2026-09-27 10:32:32.920 | INFO     | __main__:run_zonal_forecast:433 -     Rice                    N1.356M    (-1.84%)     N1.463M    (-1.84%) 
2026-09-27 10:32:32.920 | INFO     | __main__:run_zonal_forecast:433 -     Meat (beef)             N7.142M    (+1.04%)     N7.142M    (+1.04%) 
2026-09-27 10:32:32.921 | INFO     | __main__:run_zonal_forecast:433 -     Meat (goat)             N6.786M    (+0.33%)     N6.786M    (+0.33%) 
2026-09-27 10:32:32.921 | INFO     | __main__:run_zonal_forecast:433 -     Fish (dried)            N969K      (-4.00%)     N969K      (-4.00%) 
2026-09-27 10:32:32.921 | INFO     | __main__:run_zonal_forecast:433 -     Eggs                    N6K        (-1.09%)     N6K        (-1.09%) 
2026-09-27 10:32:32.921 | INFO     | __main__:run_zonal_forecast:433 -   
2026-09-27 10:32:32.921 | INFO     | __main__:run_zonal_forecast:433 -   SOUTH WEST (Oyo & Lagos)
2026-09-27 10:32:32.921 | INFO     | __main__:run_zonal_forecast:433 -   Commercial capital. Lagos is the price-setter for consumer markets.
2026-09-27 10:32:32.921 | INFO     | __main__:run_zonal_forecast:433 -   
2026-09-27 10:32:32.921 | INFO     | __main__:run_zonal_forecast:433 -     Commodity           Oyo                 Lagos             
2026-09-27 10:32:32.921 | INFO     | __main__:run_zonal_forecast:433 -     ------------------------------------------------------------
2026-09-27 10:32:32.921 | INFO     | __main__:run_zonal_forecast:433 -     Hibiscus              * N2.157M    (-1.08%)   * N2.409M    (-1.08%) 
2026-09-27 10:32:32.921 | INFO     | __main__:run_zonal_forecast:433 -     Sesame                  N1.467M    (-1.49%)   * N1.633M    (-1.49%) 
2026-09-27 10:32:32.921 | INFO     | __main__:run_zonal_forecast:433 -     Ginger                  N12.921M   (+0.04%)     N14.356M   (+0.04%) 
2026-09-27 10:32:32.921 | INFO     | __main__:run_zonal_forecast:433 -     Cocoa                 * N4.674M    (+1.45%)   * N5.672M    (+1.45%) 
2026-09-27 10:32:32.921 | INFO     | __main__:run_zonal_forecast:433 -     Soybeans              * N706K      (-3.34%)   * N829K      (-3.34%) 
2026-09-27 10:32:32.922 | INFO     | __main__:run_zonal_forecast:433 -     Cashew Nuts           * N1.300M    (-2.20%)     N1.663M    (-2.20%) 
2026-09-27 10:32:32.922 | INFO     | __main__:run_zonal_forecast:433 -     Sorghum                 N301K      (-5.66%)     N339K      (-5.66%) 
2026-09-27 10:32:32.922 | INFO     | __main__:run_zonal_forecast:433 -     Beans (white)         * N470K      (-5.96%)   * N547K      (-5.96%) 
2026-09-27 10:32:32.922 | INFO     | __main__:run_zonal_forecast:433 -     Beans (red)             N615K      (-4.62%)   * N686K      (-4.62%) 
2026-09-27 10:32:32.922 | INFO     | __main__:run_zonal_forecast:433 -     Maize (white)         * N348K      (-2.28%)   * N419K      (-2.28%) 
2026-09-27 10:32:32.922 | INFO     | __main__:run_zonal_forecast:433 -     Maize (yellow)          N378K      (-2.22%)   * N455K      (-2.22%) 
2026-09-27 10:32:32.922 | INFO     | __main__:run_zonal_forecast:433 -     Wheat                   N690K      (-1.91%)     N721K      (-1.91%) 
2026-09-27 10:32:32.922 | INFO     | __main__:run_zonal_forecast:433 -     Rice                    N1.436M    (-1.84%)     N1.569M    (-1.84%) 
2026-09-27 10:32:32.922 | INFO     | __main__:run_zonal_forecast:433 -     Meat (beef)             N8.123M    (+1.04%)     N8.123M    (+1.04%) 
2026-09-27 10:32:32.922 | INFO     | __main__:run_zonal_forecast:433 -     Meat (goat)             N7.717M    (+0.33%)     N7.717M    (+0.33%) 
2026-09-27 10:32:32.922 | INFO     | __main__:run_zonal_forecast:433 -     Fish (dried)            N1.102M    (-4.00%)     N1.102M    (-4.00%) 
2026-09-27 10:32:32.922 | INFO     | __main__:run_zonal_forecast:433 -     Eggs                    N7K        (-1.09%)     N7K        (-1.09%) 
2026-09-27 10:32:32.922 | INFO     | __main__:run_zonal_forecast:433 -   
2026-09-27 10:32:32.922 | INFO     | __main__:run_zonal_forecast:433 -   SOUTH EAST (Anambra & Imo)
2026-09-27 10:32:32.922 | INFO     | __main__:run_zonal_forecast:433 -   High consumption, low production of traded commodities. Import-dependent.
2026-09-27 10:32:32.923 | INFO     | __main__:run_zonal_forecast:433 -   
2026-09-27 10:32:32.923 | INFO     | __main__:run_zonal_forecast:433 -     Commodity           Anambra             Imo               
2026-09-27 10:32:32.923 | INFO     | __main__:run_zonal_forecast:433 -     ------------------------------------------------------------
2026-09-27 10:32:32.923 | INFO     | __main__:run_zonal_forecast:433 -     Hibiscus                N2.346M    (-1.08%)     N2.304M    (-1.08%) 
2026-09-27 10:32:32.923 | INFO     | __main__:run_zonal_forecast:433 -     Sesame                  N1.605M    (-1.49%)     N1.578M    (-1.49%) 
2026-09-27 10:32:32.923 | INFO     | __main__:run_zonal_forecast:433 -     Ginger                  N13.758M   (+0.04%)     N13.399M   (+0.04%) 
2026-09-27 10:32:32.923 | INFO     | __main__:run_zonal_forecast:433 -     Cocoa                 * N5.514M    (+1.45%)   * N4.779M    (+1.45%) 
2026-09-27 10:32:32.923 | INFO     | __main__:run_zonal_forecast:433 -     Soybeans                N774K      (-3.34%)     N761K      (-3.34%) 
2026-09-27 10:32:32.923 | INFO     | __main__:run_zonal_forecast:433 -     Cashew Nuts           * N1.663M    (-2.20%)   * N1.603M    (-2.20%) 
2026-09-27 10:32:32.923 | INFO     | __main__:run_zonal_forecast:433 -     Sorghum                 N327K      (-5.66%)     N322K      (-5.66%) 
2026-09-27 10:32:32.923 | INFO     | __main__:run_zonal_forecast:433 -     Beans (white)         * N504K      (-5.96%)   * N491K      (-5.96%) 
2026-09-27 10:32:32.923 | INFO     | __main__:run_zonal_forecast:433 -     Beans (red)           * N631K      (-4.62%)     N620K      (-4.62%) 
2026-09-27 10:32:32.923 | INFO     | __main__:run_zonal_forecast:433 -     Maize (white)         * N387K      (-2.28%)   * N377K      (-2.28%) 
2026-09-27 10:32:32.923 | INFO     | __main__:run_zonal_forecast:433 -     Maize (yellow)          N420K      (-2.22%)     N409K      (-2.22%) 
2026-09-27 10:32:32.924 | INFO     | __main__:run_zonal_forecast:433 -     Wheat                   N740K      (-1.91%)     N728K      (-1.91%) 
2026-09-27 10:32:32.924 | INFO     | __main__:run_zonal_forecast:433 -     Rice                    N1.489M    (-1.84%)     N1.463M    (-1.84%) 
2026-09-27 10:32:32.924 | INFO     | __main__:run_zonal_forecast:433 -     Meat (beef)             N7.913M    (+1.04%)     N7.913M    (+1.04%) 
2026-09-27 10:32:32.924 | INFO     | __main__:run_zonal_forecast:433 -     Meat (goat)             N7.518M    (+0.33%)     N7.518M    (+0.33%) 
2026-09-27 10:32:32.924 | INFO     | __main__:run_zonal_forecast:433 -     Fish (dried)            N1.073M    (-4.00%)     N1.073M    (-4.00%) 
2026-09-27 10:32:32.924 | INFO     | __main__:run_zonal_forecast:433 -     Eggs                    N7K        (-1.09%)     N7K        (-1.09%) 
2026-09-27 10:32:32.924 | INFO     | __main__:run_zonal_forecast:433 -   
2026-09-27 10:32:32.924 | INFO     | __main__:run_zonal_forecast:433 -   SOUTH SOUTH (Rivers & Delta)
2026-09-27 10:32:32.924 | INFO     | __main__:run_zonal_forecast:433 -   Oil belt. High purchasing power. Cocoa producer (Delta).
2026-09-27 10:32:32.924 | INFO     | __main__:run_zonal_forecast:433 -   
2026-09-27 10:32:32.924 | INFO     | __main__:run_zonal_forecast:433 -     Commodity           Rivers              Delta             
2026-09-27 10:32:32.924 | INFO     | __main__:run_zonal_forecast:433 -     ------------------------------------------------------------
2026-09-27 10:32:32.924 | INFO     | __main__:run_zonal_forecast:433 -     Hibiscus              * N2.346M    (-1.08%)   * N2.262M    (-1.08%) 
2026-09-27 10:32:32.924 | INFO     | __main__:run_zonal_forecast:433 -     Sesame                * N1.633M    (-1.49%)   * N1.605M    (-1.49%) 
2026-09-27 10:32:32.924 | INFO     | __main__:run_zonal_forecast:433 -     Ginger                  N14.356M   (+0.04%)     N13.758M   (+0.04%) 
2026-09-27 10:32:32.925 | INFO     | __main__:run_zonal_forecast:433 -     Cocoa                 * N5.514M    (+1.45%)   * N4.884M    (+1.45%) 
2026-09-27 10:32:32.925 | INFO     | __main__:run_zonal_forecast:433 -     Soybeans                N802K      (-3.34%)   * N774K      (-3.34%) 
2026-09-27 10:32:32.925 | INFO     | __main__:run_zonal_forecast:433 -     Cashew Nuts             N1.739M    (-2.20%)     N1.663M    (-2.20%) 
2026-09-27 10:32:32.925 | INFO     | __main__:run_zonal_forecast:433 -     Sorghum                 N345K      (-5.66%)     N339K      (-5.66%) 
2026-09-27 10:32:32.925 | INFO     | __main__:run_zonal_forecast:433 -     Beans (white)         * N521K      (-5.96%)   * N500K      (-5.96%) 
2026-09-27 10:32:32.925 | INFO     | __main__:run_zonal_forecast:433 -     Beans (red)           * N659K      (-4.62%)     N631K      (-4.62%) 
2026-09-27 10:32:32.925 | INFO     | __main__:run_zonal_forecast:433 -     Maize (white)         * N403K      (-2.28%)   * N387K      (-2.28%) 
2026-09-27 10:32:32.925 | INFO     | __main__:run_zonal_forecast:433 -     Maize (yellow)          N437K      (-2.22%)     N420K      (-2.22%) 
2026-09-27 10:32:32.925 | INFO     | __main__:run_zonal_forecast:433 -     Wheat                   N765K      (-1.91%)     N753K      (-1.91%) 
2026-09-27 10:32:32.925 | INFO     | __main__:run_zonal_forecast:433 -     Rice                    N1.529M    (-1.84%)     N1.489M    (-1.84%) 
2026-09-27 10:32:32.925 | INFO     | __main__:run_zonal_forecast:433 -     Meat (beef)             N7.983M    (+1.04%)     N7.983M    (+1.04%) 
2026-09-27 10:32:32.925 | INFO     | __main__:run_zonal_forecast:433 -     Meat (goat)             N7.584M    (+0.33%)     N7.584M    (+0.33%) 
2026-09-27 10:32:32.925 | INFO     | __main__:run_zonal_forecast:433 -     Fish (dried)            N1.083M    (-4.00%)     N1.083M    (-4.00%) 
2026-09-27 10:32:32.925 | INFO     | __main__:run_zonal_forecast:433 -     Eggs                    N7K        (-1.09%)     N7K        (-1.09%) 
2026-09-27 10:32:32.926 | INFO     | __main__:run_zonal_forecast:433 -   
2026-09-27 10:32:32.926 | INFO     | __main__:run_zonal_forecast:433 -   ==========================================================
2026-09-27 10:32:32.926 | INFO     | __main__:run_zonal_forecast:433 -   * = primary commodity  (+/-%) = day-on-day change
2026-09-27 10:32:32.926 | INFO     | __main__:run_zonal_forecast:433 -   
2026-09-27 10:32:32.926 | INFO     | __main__:run_zonal_forecast:433 -   NATIONAL PRICE CHANGES TODAY:
2026-09-27 10:32:32.926 | INFO     | __main__:run_zonal_forecast:433 -     Commodity                   Price   Day Chg    vs Ref
2026-09-27 10:32:32.926 | INFO     | __main__:run_zonal_forecast:433 -     ------------------------------------------------------
2026-09-27 10:32:32.926 | INFO     | __main__:run_zonal_forecast:433 -     Hibiscus                  N2.095M    -1.08%    -9.91%
2026-09-27 10:32:32.926 | INFO     | __main__:run_zonal_forecast:433 -     Sesame                    N1.384M    -1.49%   -16.13%
2026-09-27 10:32:32.926 | INFO     | __main__:run_zonal_forecast:433 -     Ginger                   N11.964M    +0.04%    -0.30%
2026-09-27 10:32:32.926 | INFO     | __main__:run_zonal_forecast:433 -     Cocoa                     N5.252M    +1.45%    -7.05%
2026-09-27 10:32:32.926 | INFO     | __main__:run_zonal_forecast:433 -     Soybeans                    N679K    -3.34%    -8.82%
2026-09-27 10:32:32.926 | INFO     | __main__:run_zonal_forecast:433 -     Cashew Nuts               N1.512M    -2.20%   -22.46%
2026-09-27 10:32:32.926 | INFO     | __main__:run_zonal_forecast:433 -     Sorghum                     N287K    -5.66%   -31.64%
2026-09-27 10:32:32.926 | INFO     | __main__:run_zonal_forecast:433 -     Beans (white)               N427K    -5.96%   -47.46%
2026-09-27 10:32:32.927 | INFO     | __main__:run_zonal_forecast:433 -     Beans (red)                 N549K    -4.62%   -40.02%
2026-09-27 10:32:32.927 | INFO     | __main__:run_zonal_forecast:433 -     Maize (white)               N322K    -2.28%   -12.92%
2026-09-27 10:32:32.927 | INFO     | __main__:run_zonal_forecast:433 -     Maize (yellow)              N350K    -2.22%   -12.59%
2026-09-27 10:32:32.927 | INFO     | __main__:run_zonal_forecast:433 -     Wheat                       N627K    -1.91%   -11.26%
2026-09-27 10:32:32.927 | INFO     | __main__:run_zonal_forecast:433 -     Rice                      N1.330M    -1.84%   -14.21%
2026-09-27 10:32:32.927 | INFO     | __main__:run_zonal_forecast:433 -     Meat (beef)               N7.002M    +1.04%    +7.73%
2026-09-27 10:32:32.927 | INFO     | __main__:run_zonal_forecast:433 -     Meat (goat)               N6.653M    +0.33%    +2.35%
2026-09-27 10:32:32.927 | INFO     | __main__:run_zonal_forecast:433 -     Fish (dried)                N950K    -4.00%   -20.84%
2026-09-27 10:32:32.927 | INFO     | __main__:run_zonal_forecast:433 -     Eggs                          N6K    -1.09%    -6.79%
2026-09-27 10:32:32.927 | INFO     | __main__:run_zonal_forecast:433 -   
2026-09-27 10:32:32.927 | INFO     | __main__:run_zonal_forecast:433 -   BEST SOURCING NATIONALLY:
2026-09-27 10:32:32.927 | INFO     | __main__:run_zonal_forecast:433 -     Commodity              Best State           Price  Spread
2026-09-27 10:32:32.927 | INFO     | __main__:run_zonal_forecast:433 -     ------------------------------------------------------------
2026-09-27 10:32:32.927 | INFO     | __main__:run_zonal_forecast:433 -     Hibiscus               Kaduna             N1.948M  24% vs Lagos
2026-09-27 10:32:32.928 | INFO     | __main__:run_zonal_forecast:433 -     Sesame                 Kano               N1.149M  42% vs Lagos
2026-09-27 10:32:32.928 | INFO     | __main__:run_zonal_forecast:433 -     Ginger                 Kaduna             N8.614M  67% vs Lagos
2026-09-27 10:32:32.928 | INFO     | __main__:run_zonal_forecast:433 -     Cocoa                  Kogi               N4.621M  34% vs Borno
2026-09-27 10:32:32.928 | INFO     | __main__:run_zonal_forecast:433 -     Soybeans               Plateau              N564K  47% vs Lagos
2026-09-27 10:32:32.928 | INFO     | __main__:run_zonal_forecast:433 -     Cashew Nuts            Kogi               N1.210M  44% vs Borno
2026-09-27 10:32:32.928 | INFO     | __main__:run_zonal_forecast:433 -     Sorghum                Kano                 N224K  54% vs Rivers
2026-09-27 10:32:32.928 | INFO     | __main__:run_zonal_forecast:433 -     Beans (white)          Kano                 N372K  47% vs Lagos
2026-09-27 10:32:32.928 | INFO     | __main__:run_zonal_forecast:433 -     Beans (red)            Kano                 N494K  39% vs Lagos
2026-09-27 10:32:32.928 | INFO     | __main__:run_zonal_forecast:433 -     Maize (white)          Kano                 N258K  62% vs Lagos
2026-09-27 10:32:32.928 | INFO     | __main__:run_zonal_forecast:433 -     Maize (yellow)         Kano                 N280K  62% vs Lagos
2026-09-27 10:32:32.928 | INFO     | __main__:run_zonal_forecast:433 -     Wheat                  Kaduna               N546K  40% vs Rivers
2026-09-27 10:32:32.928 | INFO     | __main__:run_zonal_forecast:433 -     Rice                   Plateau            N1.197M  31% vs Lagos
2026-09-27 10:32:32.928 | INFO     | __main__:run_zonal_forecast:433 -     Meat (beef)            Kano               N6.092M  33% vs Oyo
2026-09-27 10:32:32.928 | INFO     | __main__:run_zonal_forecast:433 -     Meat (goat)            Kano               N5.788M  33% vs Oyo
2026-09-27 10:32:32.928 | INFO     | __main__:run_zonal_forecast:433 -     Fish (dried)           Kano                 N826K  33% vs Oyo
2026-09-27 10:32:32.929 | INFO     | __main__:run_zonal_forecast:433 -     Eggs                   Kano                   N5K  33% vs Oyo
2026-09-27 10:32:32.929 | INFO     | __main__:run_zonal_forecast:433 -   
2026-09-27 10:32:32.929 | INFO     | __main__:run_zonal_forecast:433 -   ==========================================================
2026-09-27 10:32:32.929 | INFO     | __main__:run_zonal_forecast:433 -   Source: Agrolinking Intelligence Platform
2026-09-27 10:32:32.929 | INFO     | __main__:run_zonal_forecast:433 -   Next update: 28 Sep 2026
2026-09-27 10:32:32.929 | INFO     | __main__:run_zonal_forecast:434 - =================================================================
2026-09-27 10:32:32.929 | SUCCESS  | __main__:run_zonal_forecast:435 - ZONAL FORECASTING COMPLETE — 6 zones | 12 states | 17 commodities
