2026-10-03 10:23:33.233 | INFO     | __main__:run_zonal_forecast:520 - =================================================================
2026-10-03 10:23:33.234 | INFO     | __main__:run_zonal_forecast:521 - STEP 7 — ZONAL & STATE-LEVEL FORECASTING
2026-10-03 10:23:33.234 | INFO     | __main__:run_zonal_forecast:522 -   Date  : Saturday, 03 October 2026  10:23
2026-10-03 10:23:33.234 | INFO     | __main__:run_zonal_forecast:523 -   Anchor: DAILY INTERPOLATED (from last_known_date, drifts daily)
2026-10-03 10:23:33.234 | INFO     | __main__:run_zonal_forecast:524 - =================================================================
2026-10-03 10:23:33.262 | INFO     | __main__:run_zonal_forecast:527 -   Source: forecast_validated_2026-10-03.json
2026-10-03 10:23:33.263 | INFO     | __main__:run_zonal_forecast:534 -   Maize (white): last_known=2026-09-28, days_elapsed=5
2026-10-03 10:23:33.263 | INFO     | __main__:run_zonal_forecast:534 -   Hibiscus: last_known=2026-09-28, days_elapsed=5
2026-10-03 10:23:33.263 | INFO     | __main__:run_zonal_forecast:534 -   Sesame: last_known=2026-09-28, days_elapsed=5
2026-10-03 10:23:33.263 | INFO     | __main__:build_zonal_output:256 - 
2026-10-03 10:23:33.263 | INFO     | __main__:build_zonal_output:257 -   NATIONAL ANCHORS (interpolated from last_known_date to today):
2026-10-03 10:23:33.263 | INFO     | __main__:build_zonal_output:258 -   Commodity                 Today Price   Day Chg    vs Ref  Source
2026-10-03 10:23:33.263 | INFO     | __main__:build_zonal_output:259 -   --------------------------------------------------------------------------------
2026-10-03 10:23:33.263 | INFO     | __main__:build_zonal_output:288 -   Hibiscus               N   2,418,034    -1.08%   +4.00%  daily_series d5 (-5.18% vs ref)
2026-10-03 10:23:33.263 | INFO     | __main__:build_zonal_output:288 -   Sesame                 N   1,389,324    -1.70%  -15.80%  daily_series d5 (-7.95% vs ref)
2026-10-03 10:23:33.264 | INFO     | __main__:build_zonal_output:288 -   Ginger                 N  11,940,897    +0.00%   -0.49%  daily_series d5 (+0.00% vs ref)
2026-10-03 10:23:33.264 | INFO     | __main__:build_zonal_output:288 -   Cocoa                  N   5,160,131    +1.42%   -8.67%  daily_series d5 (+7.50% vs ref)
2026-10-03 10:23:33.264 | INFO     | __main__:build_zonal_output:288 -   Soybeans               N     703,824    -3.20%   -5.53%  daily_series d5 (-14.17% vs ref)
2026-10-03 10:23:33.264 | INFO     | __main__:build_zonal_output:288 -   Cashew Nuts            N   1,560,261    -1.95%  -19.99%  daily_series d5 (-9.07% vs ref)
2026-10-03 10:23:33.264 | INFO     | __main__:build_zonal_output:288 -   Sorghum                N     304,132    -5.38%  -27.59%  daily_series d5 (-22.12% vs ref)
2026-10-03 10:23:33.264 | INFO     | __main__:build_zonal_output:288 -   Beans (white)          N     454,261    -5.63%  -44.13%  daily_series d5 (-22.97% vs ref)
2026-10-03 10:23:33.264 | INFO     | __main__:build_zonal_output:288 -   Beans (red)            N     575,379    -4.41%  -37.12%  daily_series d5 (-18.75% vs ref)
2026-10-03 10:23:33.264 | INFO     | __main__:build_zonal_output:288 -   Maize (white)          N     329,415    -2.26%  -10.97%  daily_series d5 (-10.35% vs ref)
2026-10-03 10:23:33.264 | INFO     | __main__:build_zonal_output:288 -   Maize (yellow)         N     357,343    -2.19%  -10.66%  daily_series d5 (-10.06% vs ref)
2026-10-03 10:23:33.264 | INFO     | __main__:build_zonal_output:288 -   Wheat                  N     642,223    -1.85%   -9.14%  daily_series d5 (-8.60% vs ref)
2026-10-03 10:23:33.265 | INFO     | __main__:build_zonal_output:288 -   Rice                   N   1,349,889    -1.89%  -12.91%  daily_series d5 (-8.77% vs ref)
2026-10-03 10:23:33.265 | INFO     | __main__:build_zonal_output:288 -   Meat (beef)            N   6,892,998    +1.01%   +6.05%  daily_series d5 (+5.29% vs ref)
2026-10-03 10:23:33.265 | INFO     | __main__:build_zonal_output:288 -   Meat (goat)            N   6,648,550    +0.31%   +2.29%  daily_series d5 (+1.59% vs ref)
2026-10-03 10:23:33.265 | INFO     | __main__:build_zonal_output:288 -   Fish (dried)           N     981,100    -4.02%  -18.24%  daily_series d5 (-17.30% vs ref)
2026-10-03 10:23:33.265 | INFO     | __main__:build_zonal_output:288 -   Eggs                   N       5,769    -1.11%   -6.95%  daily_series d5 (-5.32% vs ref)
2026-10-03 10:23:33.265 | INFO     | __main__:build_zonal_output:291 - 
2026-10-03 10:23:33.358 | INFO     | __main__:run_zonal_forecast:540 - 
2026-10-03 10:23:33.358 | INFO     | __main__:run_zonal_forecast:541 -   Zone             State        Commodity                 State Price  Day Chg
2026-10-03 10:23:33.358 | INFO     | __main__:run_zonal_forecast:542 -   ------------------------------------------------------------------------
2026-10-03 10:23:33.358 | INFO     | __main__:run_zonal_forecast:549 -   North West       Kano         * Sesame                N   1,153,139/MT  -1.70%
2026-10-03 10:23:33.358 | INFO     | __main__:run_zonal_forecast:549 -   North West       Kano         * Sorghum               N     237,223/MT  -5.38%
2026-10-03 10:23:33.358 | INFO     | __main__:run_zonal_forecast:549 -   North West       Kano         * Beans (white)         N     395,207/MT  -5.63%
2026-10-03 10:23:33.358 | INFO     | __main__:run_zonal_forecast:549 -   North West       Kano         * Maize (white)         N     263,532/MT  -2.26%
2026-10-03 10:23:33.358 | INFO     | __main__:run_zonal_forecast:549 -   North West       Kano         * Maize (yellow)        N     285,874/MT  -2.19%
2026-10-03 10:23:33.358 | INFO     | __main__:run_zonal_forecast:549 -   North West       Kano         * Wheat                 N     571,579/MT  -1.85%
2026-10-03 10:23:33.358 | INFO     | __main__:run_zonal_forecast:549 -   North West       Kaduna       * Ginger                N   8,597,446/MT  +0.00%
2026-10-03 10:23:33.358 | INFO     | __main__:run_zonal_forecast:549 -   North West       Kaduna       * Soybeans              N     591,212/MT  -3.20%
2026-10-03 10:23:33.358 | INFO     | __main__:run_zonal_forecast:549 -   North West       Kaduna       * Sorghum               N     243,306/MT  -5.38%
2026-10-03 10:23:33.358 | INFO     | __main__:run_zonal_forecast:549 -   North West       Kaduna       * Maize (white)         N     266,826/MT  -2.26%
2026-10-03 10:23:33.358 | INFO     | __main__:run_zonal_forecast:549 -   North West       Kaduna       * Maize (yellow)        N     289,448/MT  -2.19%
2026-10-03 10:23:33.359 | INFO     | __main__:run_zonal_forecast:549 -   North West       Kaduna       * Wheat                 N     558,734/MT  -1.85%
2026-10-03 10:23:33.359 | INFO     | __main__:run_zonal_forecast:549 -   North Central    Plateau      * Ginger                N   8,955,673/MT  +0.00%
2026-10-03 10:23:33.359 | INFO     | __main__:run_zonal_forecast:549 -   North Central    Plateau      * Soybeans              N     584,174/MT  -3.20%
2026-10-03 10:23:33.359 | INFO     | __main__:run_zonal_forecast:549 -   North Central    Plateau      * Beans (white)         N     408,835/MT  -5.63%
2026-10-03 10:23:33.359 | INFO     | __main__:run_zonal_forecast:549 -   North Central    Plateau      * Maize (white)         N     286,591/MT  -2.26%
2026-10-03 10:23:33.359 | INFO     | __main__:run_zonal_forecast:549 -   North Central    Plateau      * Wheat                 N     584,423/MT  -1.85%
2026-10-03 10:23:33.359 | INFO     | __main__:run_zonal_forecast:549 -   North Central    Kogi         * Cocoa                 N   4,540,916/MT  +1.42%
2026-10-03 10:23:33.359 | INFO     | __main__:run_zonal_forecast:549 -   North Central    Kogi         * Soybeans              N     612,327/MT  -3.20%
2026-10-03 10:23:33.359 | INFO     | __main__:run_zonal_forecast:549 -   North Central    Kogi         * Cashew Nuts           N   1,248,209/MT  -1.95%
2026-10-03 10:23:33.359 | INFO     | __main__:run_zonal_forecast:549 -   North Central    Kogi         * Sorghum               N     276,760/MT  -5.38%
2026-10-03 10:23:33.359 | INFO     | __main__:run_zonal_forecast:549 -   North Central    Kogi         * Beans (white)         N     417,920/MT  -5.63%
2026-10-03 10:23:33.359 | INFO     | __main__:run_zonal_forecast:549 -   North Central    Kogi         * Maize (white)         N     296,474/MT  -2.26%
2026-10-03 10:23:33.359 | INFO     | __main__:run_zonal_forecast:549 -   North East       Adamawa      * Sesame                N   1,194,819/MT  -1.70%
2026-10-03 10:23:33.359 | INFO     | __main__:run_zonal_forecast:549 -   North East       Adamawa      * Ginger                N   9,910,944/MT  +0.00%
2026-10-03 10:23:33.359 | INFO     | __main__:run_zonal_forecast:549 -   North East       Adamawa      * Soybeans              N     626,403/MT  -3.20%
2026-10-03 10:23:33.359 | INFO     | __main__:run_zonal_forecast:549 -   North East       Adamawa      * Sorghum               N     264,595/MT  -5.38%
2026-10-03 10:23:33.359 | INFO     | __main__:run_zonal_forecast:549 -   North East       Adamawa      * Beans (white)         N     417,920/MT  -5.63%
2026-10-03 10:23:33.359 | INFO     | __main__:run_zonal_forecast:549 -   North East       Adamawa      * Maize (white)         N     289,885/MT  -2.26%
2026-10-03 10:23:33.360 | INFO     | __main__:run_zonal_forecast:549 -   North East       Borno        * Sesame                N   1,236,498/MT  -1.70%
2026-10-03 10:23:33.360 | INFO     | __main__:run_zonal_forecast:549 -   North East       Borno        * Sorghum               N     279,802/MT  -5.38%
2026-10-03 10:23:33.360 | INFO     | __main__:run_zonal_forecast:549 -   North East       Borno        * Beans (white)         N     481,516/MT  -5.63%
2026-10-03 10:23:33.360 | INFO     | __main__:run_zonal_forecast:549 -   North East       Borno        * Maize (white)         N     355,768/MT  -2.26%
2026-10-03 10:23:33.360 | INFO     | __main__:run_zonal_forecast:549 -   North East       Borno        * Wheat                 N     719,290/MT  -1.85%
2026-10-03 10:23:33.360 | INFO     | __main__:run_zonal_forecast:549 -   South West       Oyo          * Hibiscus              N   2,490,575/MT  -1.08%
2026-10-03 10:23:33.360 | INFO     | __main__:run_zonal_forecast:549 -   South West       Oyo          * Cocoa                 N   4,592,517/MT  +1.42%
2026-10-03 10:23:33.360 | INFO     | __main__:run_zonal_forecast:549 -   South West       Oyo          * Soybeans              N     731,977/MT  -3.20%
2026-10-03 10:23:33.360 | INFO     | __main__:run_zonal_forecast:549 -   South West       Oyo          * Cashew Nuts           N   1,341,824/MT  -1.95%
2026-10-03 10:23:33.360 | INFO     | __main__:run_zonal_forecast:549 -   South West       Oyo          * Beans (white)         N     499,687/MT  -5.63%
2026-10-03 10:23:33.360 | INFO     | __main__:run_zonal_forecast:549 -   South West       Oyo          * Maize (white)         N     355,768/MT  -2.26%
2026-10-03 10:23:33.360 | INFO     | __main__:run_zonal_forecast:549 -   South West       Lagos        * Hibiscus              N   2,780,740/MT  -1.08%
2026-10-03 10:23:33.360 | INFO     | __main__:run_zonal_forecast:549 -   South West       Lagos        * Sesame                N   1,639,402/MT  -1.70%
2026-10-03 10:23:33.360 | INFO     | __main__:run_zonal_forecast:549 -   South West       Lagos        * Cocoa                 N   5,572,942/MT  +1.42%
2026-10-03 10:23:33.360 | INFO     | __main__:run_zonal_forecast:549 -   South West       Lagos        * Soybeans              N     858,665/MT  -3.20%
2026-10-03 10:23:33.360 | INFO     | __main__:run_zonal_forecast:549 -   South West       Lagos        * Beans (white)         N     581,454/MT  -5.63%
2026-10-03 10:23:33.360 | INFO     | __main__:run_zonal_forecast:549 -   South West       Lagos        * Beans (red)           N     719,224/MT  -4.41%
2026-10-03 10:23:33.360 | INFO     | __main__:run_zonal_forecast:549 -   South West       Lagos        * Maize (white)         N     428,240/MT  -2.26%
2026-10-03 10:23:33.361 | INFO     | __main__:run_zonal_forecast:549 -   South West       Lagos        * Maize (yellow)        N     464,546/MT  -2.19%
2026-10-03 10:23:33.361 | INFO     | __main__:run_zonal_forecast:549 -   South East       Anambra      * Cocoa                 N   5,418,138/MT  +1.42%
2026-10-03 10:23:33.361 | INFO     | __main__:run_zonal_forecast:549 -   South East       Anambra      * Cashew Nuts           N   1,716,287/MT  -1.95%
2026-10-03 10:23:33.361 | INFO     | __main__:run_zonal_forecast:549 -   South East       Anambra      * Beans (white)         N     536,028/MT  -5.63%
2026-10-03 10:23:33.361 | INFO     | __main__:run_zonal_forecast:549 -   South East       Anambra      * Beans (red)           N     661,686/MT  -4.41%
2026-10-03 10:23:33.361 | INFO     | __main__:run_zonal_forecast:549 -   South East       Anambra      * Maize (white)         N     395,298/MT  -2.26%
2026-10-03 10:23:33.361 | INFO     | __main__:run_zonal_forecast:549 -   South East       Imo          * Cocoa                 N   4,695,719/MT  +1.42%
2026-10-03 10:23:33.361 | INFO     | __main__:run_zonal_forecast:549 -   South East       Imo          * Cashew Nuts           N   1,653,877/MT  -1.95%
2026-10-03 10:23:33.361 | INFO     | __main__:run_zonal_forecast:549 -   South East       Imo          * Beans (white)         N     522,400/MT  -5.63%
2026-10-03 10:23:33.361 | INFO     | __main__:run_zonal_forecast:549 -   South East       Imo          * Maize (white)         N     385,416/MT  -2.26%
2026-10-03 10:23:33.361 | INFO     | __main__:run_zonal_forecast:549 -   South South      Rivers       * Hibiscus              N   2,708,199/MT  -1.08%
2026-10-03 10:23:33.361 | INFO     | __main__:run_zonal_forecast:549 -   South South      Rivers       * Sesame                N   1,639,402/MT  -1.70%
2026-10-03 10:23:33.361 | INFO     | __main__:run_zonal_forecast:549 -   South South      Rivers       * Cocoa                 N   5,418,138/MT  +1.42%
2026-10-03 10:23:33.361 | INFO     | __main__:run_zonal_forecast:549 -   South South      Rivers       * Beans (white)         N     554,198/MT  -5.63%
2026-10-03 10:23:33.361 | INFO     | __main__:run_zonal_forecast:549 -   South South      Rivers       * Beans (red)           N     690,455/MT  -4.41%
2026-10-03 10:23:33.361 | INFO     | __main__:run_zonal_forecast:549 -   South South      Rivers       * Maize (white)         N     411,769/MT  -2.26%
2026-10-03 10:23:33.361 | INFO     | __main__:run_zonal_forecast:549 -   South South      Delta        * Hibiscus              N   2,611,477/MT  -1.08%
2026-10-03 10:23:33.361 | INFO     | __main__:run_zonal_forecast:549 -   South South      Delta        * Sesame                N   1,611,616/MT  -1.70%
2026-10-03 10:23:33.362 | INFO     | __main__:run_zonal_forecast:549 -   South South      Delta        * Cocoa                 N   4,798,922/MT  +1.42%
2026-10-03 10:23:33.362 | INFO     | __main__:run_zonal_forecast:549 -   South South      Delta        * Soybeans              N     802,359/MT  -3.20%
2026-10-03 10:23:33.362 | INFO     | __main__:run_zonal_forecast:549 -   South South      Delta        * Beans (white)         N     531,485/MT  -5.63%
2026-10-03 10:23:33.362 | INFO     | __main__:run_zonal_forecast:549 -   South South      Delta        * Maize (white)         N     395,298/MT  -2.26%
2026-10-03 10:23:33.637 | SUCCESS  | __main__:run_zonal_forecast:563 -   Zonal JSON  -> /home/runner/work/Agrolinking-Intelligence/Agrolinking-Intelligence/outputs/forecasts/zonal/zonal_forecast_2026-10-03.json
2026-10-03 10:23:33.809 | WARNING  | __main__:write_zonal_to_postgres:450 -   [Postgres] Could not connect — skipping zonal dual-write this run: connection to server at "ji5ecism7r.m6f48luj98.tsdb.cloud.timescale.com" (54.175.162.202), port 38941 failed: fe_sendauth: no password supplied

2026-10-03 10:23:33.810 | SUCCESS  | __main__:run_zonal_forecast:571 -   Zonal alert -> /home/runner/work/Agrolinking-Intelligence/Agrolinking-Intelligence/outputs/daily_alerts/alert_zonal_2026-10-03.txt
2026-10-03 10:23:33.810 | INFO     | __main__:run_zonal_forecast:573 - 
2026-10-03 10:23:33.810 | INFO     | __main__:run_zonal_forecast:574 - =================================================================
2026-10-03 10:23:33.810 | INFO     | __main__:run_zonal_forecast:576 -   ================================================
2026-10-03 10:23:33.810 | INFO     | __main__:run_zonal_forecast:576 -   AGROLINKING ZONAL COMMODITY INTELLIGENCE
2026-10-03 10:23:33.810 | INFO     | __main__:run_zonal_forecast:576 -   Date: Saturday, 03 October 2026
2026-10-03 10:23:33.810 | INFO     | __main__:run_zonal_forecast:576 -   6 Zones | 12 States | 12 Commodities
2026-10-03 10:23:33.810 | INFO     | __main__:run_zonal_forecast:576 -   ================================================
2026-10-03 10:23:33.811 | INFO     | __main__:run_zonal_forecast:576 -   
2026-10-03 10:23:33.811 | INFO     | __main__:run_zonal_forecast:576 -   NORTH WEST (Kano & Kaduna)
2026-10-03 10:23:33.811 | INFO     | __main__:run_zonal_forecast:576 -   Nigeria's main grain belt. Highest Maize, Sorghum, Sesame, Wheat production.
2026-10-03 10:23:33.811 | INFO     | __main__:run_zonal_forecast:576 -   
2026-10-03 10:23:33.811 | INFO     | __main__:run_zonal_forecast:576 -     Commodity           Kano                Kaduna            
2026-10-03 10:23:33.811 | INFO     | __main__:run_zonal_forecast:576 -     ------------------------------------------------------------
2026-10-03 10:23:33.811 | INFO     | __main__:run_zonal_forecast:576 -     Hibiscus                N2.297M    (-1.08%)     N2.249M    (-1.08%) 
2026-10-03 10:23:33.811 | INFO     | __main__:run_zonal_forecast:576 -     Sesame                * N1.153M    (-1.70%)     N1.181M    (-1.70%) 
2026-10-03 10:23:33.811 | INFO     | __main__:run_zonal_forecast:576 -     Ginger                  N11.702M              * N8.597M             
2026-10-03 10:23:33.811 | INFO     | __main__:run_zonal_forecast:576 -     Cocoa                   N5.263M    (+1.42%)     N5.418M    (+1.42%) 
2026-10-03 10:23:33.811 | INFO     | __main__:run_zonal_forecast:576 -     Soybeans                N633K      (-3.20%)   * N591K      (-3.20%) 
2026-10-03 10:23:33.811 | INFO     | __main__:run_zonal_forecast:576 -     Cashew Nuts             N1.560M    (-1.95%)     N1.591M    (-1.95%) 
2026-10-03 10:23:33.811 | INFO     | __main__:run_zonal_forecast:576 -     Sorghum               * N237K      (-5.38%)   * N243K      (-5.38%) 
2026-10-03 10:23:33.811 | INFO     | __main__:run_zonal_forecast:576 -     Beans (white)         * N395K      (-5.63%)     N400K      (-5.63%) 
2026-10-03 10:23:33.811 | INFO     | __main__:run_zonal_forecast:576 -     Beans (red)             N518K      (-4.41%)     N524K      (-4.41%) 
2026-10-03 10:23:33.811 | INFO     | __main__:run_zonal_forecast:576 -     Maize (white)         * N264K      (-2.26%)   * N267K      (-2.26%) 
2026-10-03 10:23:33.811 | INFO     | __main__:run_zonal_forecast:576 -     Maize (yellow)        * N286K      (-2.19%)   * N289K      (-2.19%) 
2026-10-03 10:23:33.811 | INFO     | __main__:run_zonal_forecast:576 -     Wheat                 * N572K      (-1.85%)   * N559K      (-1.85%) 
2026-10-03 10:23:33.811 | INFO     | __main__:run_zonal_forecast:576 -     Rice                    N1.282M    (-1.89%)     N1.255M    (-1.89%) 
2026-10-03 10:23:33.811 | INFO     | __main__:run_zonal_forecast:576 -     Meat (beef)             N5.997M    (+1.01%)     N5.997M    (+1.01%) 
2026-10-03 10:23:33.812 | INFO     | __main__:run_zonal_forecast:576 -     Meat (goat)             N5.784M    (+0.31%)     N5.784M    (+0.31%) 
2026-10-03 10:23:33.812 | INFO     | __main__:run_zonal_forecast:576 -     Fish (dried)            N854K      (-4.02%)     N854K      (-4.02%) 
2026-10-03 10:23:33.812 | INFO     | __main__:run_zonal_forecast:576 -     Eggs                    N5K        (-1.11%)     N5K        (-1.11%) 
2026-10-03 10:23:33.812 | INFO     | __main__:run_zonal_forecast:576 -   
2026-10-03 10:23:33.812 | INFO     | __main__:run_zonal_forecast:576 -   NORTH CENTRAL (Plateau & Kogi)
2026-10-03 10:23:33.812 | INFO     | __main__:run_zonal_forecast:576 -   Middle Belt. Ginger heartland (Plateau), Cashew/Cocoa belt (Kogi).
2026-10-03 10:23:33.812 | INFO     | __main__:run_zonal_forecast:576 -   
2026-10-03 10:23:33.812 | INFO     | __main__:run_zonal_forecast:576 -     Commodity           Plateau             Kogi              
2026-10-03 10:23:33.812 | INFO     | __main__:run_zonal_forecast:576 -     ------------------------------------------------------------
2026-10-03 10:23:33.812 | INFO     | __main__:run_zonal_forecast:576 -     Hibiscus                N2.345M    (-1.08%)     N2.321M    (-1.08%) 
2026-10-03 10:23:33.812 | INFO     | __main__:run_zonal_forecast:576 -     Sesame                  N1.334M    (-1.70%)     N1.348M    (-1.70%) 
2026-10-03 10:23:33.812 | INFO     | __main__:run_zonal_forecast:576 -     Ginger                * N8.956M                 N11.224M            
2026-10-03 10:23:33.812 | INFO     | __main__:run_zonal_forecast:576 -     Cocoa                   N5.573M    (+1.42%)   * N4.541M    (+1.42%) 
2026-10-03 10:23:33.812 | INFO     | __main__:run_zonal_forecast:576 -     Soybeans              * N584K      (-3.20%)   * N612K      (-3.20%) 
2026-10-03 10:23:33.812 | INFO     | __main__:run_zonal_forecast:576 -     Cashew Nuts             N1.638M    (-1.95%)   * N1.248M    (-1.95%) 
2026-10-03 10:23:33.812 | INFO     | __main__:run_zonal_forecast:576 -     Sorghum                 N280K      (-5.38%)   * N277K      (-5.38%) 
2026-10-03 10:23:33.812 | INFO     | __main__:run_zonal_forecast:576 -     Beans (white)         * N409K      (-5.63%)   * N418K      (-5.63%) 
2026-10-03 10:23:33.812 | INFO     | __main__:run_zonal_forecast:576 -     Beans (red)             N547K      (-4.41%)     N541K      (-4.41%) 
2026-10-03 10:23:33.812 | INFO     | __main__:run_zonal_forecast:576 -     Maize (white)         * N287K      (-2.26%)   * N296K      (-2.26%) 
2026-10-03 10:23:33.812 | INFO     | __main__:run_zonal_forecast:576 -     Maize (yellow)          N314K      (-2.19%)     N325K      (-2.19%) 
2026-10-03 10:23:33.813 | INFO     | __main__:run_zonal_forecast:576 -     Wheat                 * N584K      (-1.85%)     N623K      (-1.85%) 
2026-10-03 10:23:33.813 | INFO     | __main__:run_zonal_forecast:576 -     Rice                    N1.215M    (-1.89%)     N1.309M    (-1.89%) 
2026-10-03 10:23:33.813 | INFO     | __main__:run_zonal_forecast:576 -     Meat (beef)             N6.548M    (+1.01%)     N6.548M    (+1.01%) 
2026-10-03 10:23:33.813 | INFO     | __main__:run_zonal_forecast:576 -     Meat (goat)             N6.316M    (+0.31%)     N6.316M    (+0.31%) 
2026-10-03 10:23:33.813 | INFO     | __main__:run_zonal_forecast:576 -     Fish (dried)            N932K      (-4.02%)     N932K      (-4.02%) 
2026-10-03 10:23:33.813 | INFO     | __main__:run_zonal_forecast:576 -     Eggs                    N5K        (-1.11%)     N5K        (-1.11%) 
2026-10-03 10:23:33.813 | INFO     | __main__:run_zonal_forecast:576 -   
2026-10-03 10:23:33.813 | INFO     | __main__:run_zonal_forecast:576 -   NORTH EAST (Adamawa & Borno)
2026-10-03 10:23:33.813 | INFO     | __main__:run_zonal_forecast:576 -   Semi-arid. Sorghum, Maize. Conflict premium on imports in Borno.
2026-10-03 10:23:33.813 | INFO     | __main__:run_zonal_forecast:576 -   
2026-10-03 10:23:33.813 | INFO     | __main__:run_zonal_forecast:576 -     Commodity           Adamawa             Borno             
2026-10-03 10:23:33.813 | INFO     | __main__:run_zonal_forecast:576 -     ------------------------------------------------------------
2026-10-03 10:23:33.813 | INFO     | __main__:run_zonal_forecast:576 -     Hibiscus                N2.370M    (-1.08%)     N2.539M    (-1.08%) 
2026-10-03 10:23:33.813 | INFO     | __main__:run_zonal_forecast:576 -     Sesame                * N1.195M    (-1.70%)   * N1.236M    (-1.70%) 
2026-10-03 10:23:33.813 | INFO     | __main__:run_zonal_forecast:576 -     Ginger                * N9.911M                 N13.732M            
2026-10-03 10:23:33.813 | INFO     | __main__:run_zonal_forecast:576 -     Cocoa                   N5.418M    (+1.42%)     N6.089M    (+1.42%) 
2026-10-03 10:23:33.813 | INFO     | __main__:run_zonal_forecast:576 -     Soybeans              * N626K      (-3.20%)     N760K      (-3.20%) 
2026-10-03 10:23:33.813 | INFO     | __main__:run_zonal_forecast:576 -     Cashew Nuts             N1.623M    (-1.95%)     N1.794M    (-1.95%) 
2026-10-03 10:23:33.813 | INFO     | __main__:run_zonal_forecast:576 -     Sorghum               * N265K      (-5.38%)   * N280K      (-5.38%) 
2026-10-03 10:23:33.813 | INFO     | __main__:run_zonal_forecast:576 -     Beans (white)         * N418K      (-5.63%)   * N482K      (-5.63%) 
2026-10-03 10:23:33.814 | INFO     | __main__:run_zonal_forecast:576 -     Beans (red)             N547K      (-4.41%)     N633K      (-4.41%) 
2026-10-03 10:23:33.814 | INFO     | __main__:run_zonal_forecast:576 -     Maize (white)         * N290K      (-2.26%)   * N356K      (-2.26%) 
2026-10-03 10:23:33.814 | INFO     | __main__:run_zonal_forecast:576 -     Maize (yellow)          N318K      (-2.19%)     N386K      (-2.19%) 
2026-10-03 10:23:33.814 | INFO     | __main__:run_zonal_forecast:576 -     Wheat                   N629K      (-1.85%)   * N719K      (-1.85%) 
2026-10-03 10:23:33.814 | INFO     | __main__:run_zonal_forecast:576 -     Rice                    N1.377M    (-1.89%)     N1.485M    (-1.89%) 
2026-10-03 10:23:33.814 | INFO     | __main__:run_zonal_forecast:576 -     Meat (beef)             N7.031M    (+1.01%)     N7.031M    (+1.01%) 
2026-10-03 10:23:33.814 | INFO     | __main__:run_zonal_forecast:576 -     Meat (goat)             N6.782M    (+0.31%)     N6.782M    (+0.31%) 
2026-10-03 10:23:33.814 | INFO     | __main__:run_zonal_forecast:576 -     Fish (dried)            N1.001M    (-4.02%)     N1.001M    (-4.02%) 
2026-10-03 10:23:33.814 | INFO     | __main__:run_zonal_forecast:576 -     Eggs                    N6K        (-1.11%)     N6K        (-1.11%) 
2026-10-03 10:23:33.814 | INFO     | __main__:run_zonal_forecast:576 -   
2026-10-03 10:23:33.814 | INFO     | __main__:run_zonal_forecast:576 -   SOUTH WEST (Oyo & Lagos)
2026-10-03 10:23:33.814 | INFO     | __main__:run_zonal_forecast:576 -   Commercial capital. Lagos is the price-setter for consumer markets.
2026-10-03 10:23:33.814 | INFO     | __main__:run_zonal_forecast:576 -   
2026-10-03 10:23:33.814 | INFO     | __main__:run_zonal_forecast:576 -     Commodity           Oyo                 Lagos             
2026-10-03 10:23:33.814 | INFO     | __main__:run_zonal_forecast:576 -     ------------------------------------------------------------
2026-10-03 10:23:33.814 | INFO     | __main__:run_zonal_forecast:576 -     Hibiscus              * N2.491M    (-1.08%)   * N2.781M    (-1.08%) 
2026-10-03 10:23:33.814 | INFO     | __main__:run_zonal_forecast:576 -     Sesame                  N1.473M    (-1.70%)   * N1.639M    (-1.70%) 
2026-10-03 10:23:33.814 | INFO     | __main__:run_zonal_forecast:576 -     Ginger                  N12.896M                N14.329M            
2026-10-03 10:23:33.814 | INFO     | __main__:run_zonal_forecast:576 -     Cocoa                 * N4.593M    (+1.42%)   * N5.573M    (+1.42%) 
2026-10-03 10:23:33.814 | INFO     | __main__:run_zonal_forecast:576 -     Soybeans              * N732K      (-3.20%)   * N859K      (-3.20%) 
2026-10-03 10:23:33.815 | INFO     | __main__:run_zonal_forecast:576 -     Cashew Nuts           * N1.342M    (-1.95%)     N1.716M    (-1.95%) 
2026-10-03 10:23:33.815 | INFO     | __main__:run_zonal_forecast:576 -     Sorghum                 N319K      (-5.38%)     N359K      (-5.38%) 
2026-10-03 10:23:33.815 | INFO     | __main__:run_zonal_forecast:576 -     Beans (white)         * N500K      (-5.63%)   * N581K      (-5.63%) 
2026-10-03 10:23:33.815 | INFO     | __main__:run_zonal_forecast:576 -     Beans (red)             N644K      (-4.41%)   * N719K      (-4.41%) 
2026-10-03 10:23:33.815 | INFO     | __main__:run_zonal_forecast:576 -     Maize (white)         * N356K      (-2.26%)   * N428K      (-2.26%) 
2026-10-03 10:23:33.815 | INFO     | __main__:run_zonal_forecast:576 -     Maize (yellow)          N386K      (-2.19%)   * N465K      (-2.19%) 
2026-10-03 10:23:33.815 | INFO     | __main__:run_zonal_forecast:576 -     Wheat                   N706K      (-1.85%)     N739K      (-1.85%) 
2026-10-03 10:23:33.815 | INFO     | __main__:run_zonal_forecast:576 -     Rice                    N1.458M    (-1.89%)     N1.593M    (-1.89%) 
2026-10-03 10:23:33.815 | INFO     | __main__:run_zonal_forecast:576 -     Meat (beef)             N7.996M    (+1.01%)     N7.996M    (+1.01%) 
2026-10-03 10:23:33.815 | INFO     | __main__:run_zonal_forecast:576 -     Meat (goat)             N7.712M    (+0.31%)     N7.712M    (+0.31%) 
2026-10-03 10:23:33.815 | INFO     | __main__:run_zonal_forecast:576 -     Fish (dried)            N1.138M    (-4.02%)     N1.138M    (-4.02%) 
2026-10-03 10:23:33.815 | INFO     | __main__:run_zonal_forecast:576 -     Eggs                    N7K        (-1.11%)     N7K        (-1.11%) 
2026-10-03 10:23:33.815 | INFO     | __main__:run_zonal_forecast:576 -   
2026-10-03 10:23:33.815 | INFO     | __main__:run_zonal_forecast:576 -   SOUTH EAST (Anambra & Imo)
2026-10-03 10:23:33.815 | INFO     | __main__:run_zonal_forecast:576 -   High consumption, low production of traded commodities. Import-dependent.
2026-10-03 10:23:33.815 | INFO     | __main__:run_zonal_forecast:576 -   
2026-10-03 10:23:33.815 | INFO     | __main__:run_zonal_forecast:576 -     Commodity           Anambra             Imo               
2026-10-03 10:23:33.815 | INFO     | __main__:run_zonal_forecast:576 -     ------------------------------------------------------------
2026-10-03 10:23:33.815 | INFO     | __main__:run_zonal_forecast:576 -     Hibiscus                N2.708M    (-1.08%)     N2.660M    (-1.08%) 
2026-10-03 10:23:33.815 | INFO     | __main__:run_zonal_forecast:576 -     Sesame                  N1.612M    (-1.70%)     N1.584M    (-1.70%) 
2026-10-03 10:23:33.816 | INFO     | __main__:run_zonal_forecast:576 -     Ginger                  N13.732M                N13.374M            
2026-10-03 10:23:33.816 | INFO     | __main__:run_zonal_forecast:576 -     Cocoa                 * N5.418M    (+1.42%)   * N4.696M    (+1.42%) 
2026-10-03 10:23:33.816 | INFO     | __main__:run_zonal_forecast:576 -     Soybeans                N802K      (-3.20%)     N788K      (-3.20%) 
2026-10-03 10:23:33.816 | INFO     | __main__:run_zonal_forecast:576 -     Cashew Nuts           * N1.716M    (-1.95%)   * N1.654M    (-1.95%) 
2026-10-03 10:23:33.816 | INFO     | __main__:run_zonal_forecast:576 -     Sorghum                 N347K      (-5.38%)     N341K      (-5.38%) 
2026-10-03 10:23:33.816 | INFO     | __main__:run_zonal_forecast:576 -     Beans (white)         * N536K      (-5.63%)   * N522K      (-5.63%) 
2026-10-03 10:23:33.816 | INFO     | __main__:run_zonal_forecast:576 -     Beans (red)           * N662K      (-4.41%)     N650K      (-4.41%) 
2026-10-03 10:23:33.816 | INFO     | __main__:run_zonal_forecast:576 -     Maize (white)         * N395K      (-2.26%)   * N385K      (-2.26%) 
2026-10-03 10:23:33.816 | INFO     | __main__:run_zonal_forecast:576 -     Maize (yellow)          N429K      (-2.19%)     N418K      (-2.19%) 
2026-10-03 10:23:33.816 | INFO     | __main__:run_zonal_forecast:576 -     Wheat                   N758K      (-1.85%)     N745K      (-1.85%) 
2026-10-03 10:23:33.816 | INFO     | __main__:run_zonal_forecast:576 -     Rice                    N1.512M    (-1.89%)     N1.485M    (-1.89%) 
2026-10-03 10:23:33.816 | INFO     | __main__:run_zonal_forecast:576 -     Meat (beef)             N7.789M    (+1.01%)     N7.789M    (+1.01%) 
2026-10-03 10:23:33.816 | INFO     | __main__:run_zonal_forecast:576 -     Meat (goat)             N7.513M    (+0.31%)     N7.513M    (+0.31%) 
2026-10-03 10:23:33.816 | INFO     | __main__:run_zonal_forecast:576 -     Fish (dried)            N1.109M    (-4.02%)     N1.109M    (-4.02%) 
2026-10-03 10:23:33.816 | INFO     | __main__:run_zonal_forecast:576 -     Eggs                    N7K        (-1.11%)     N7K        (-1.11%) 
2026-10-03 10:23:33.816 | INFO     | __main__:run_zonal_forecast:576 -   
2026-10-03 10:23:33.816 | INFO     | __main__:run_zonal_forecast:576 -   SOUTH SOUTH (Rivers & Delta)
2026-10-03 10:23:33.816 | INFO     | __main__:run_zonal_forecast:576 -   Oil belt. High purchasing power. Cocoa producer (Delta).
2026-10-03 10:23:33.816 | INFO     | __main__:run_zonal_forecast:576 -   
2026-10-03 10:23:33.816 | INFO     | __main__:run_zonal_forecast:576 -     Commodity           Rivers              Delta             
2026-10-03 10:23:33.816 | INFO     | __main__:run_zonal_forecast:576 -     ------------------------------------------------------------
2026-10-03 10:23:33.817 | INFO     | __main__:run_zonal_forecast:576 -     Hibiscus              * N2.708M    (-1.08%)   * N2.611M    (-1.08%) 
2026-10-03 10:23:33.817 | INFO     | __main__:run_zonal_forecast:576 -     Sesame                * N1.639M    (-1.70%)   * N1.612M    (-1.70%) 
2026-10-03 10:23:33.817 | INFO     | __main__:run_zonal_forecast:576 -     Ginger                  N14.329M                N13.732M            
2026-10-03 10:23:33.817 | INFO     | __main__:run_zonal_forecast:576 -     Cocoa                 * N5.418M    (+1.42%)   * N4.799M    (+1.42%) 
2026-10-03 10:23:33.817 | INFO     | __main__:run_zonal_forecast:576 -     Soybeans                N831K      (-3.20%)   * N802K      (-3.20%) 
2026-10-03 10:23:33.817 | INFO     | __main__:run_zonal_forecast:576 -     Cashew Nuts             N1.794M    (-1.95%)     N1.716M    (-1.95%) 
2026-10-03 10:23:33.817 | INFO     | __main__:run_zonal_forecast:576 -     Sorghum                 N365K      (-5.38%)     N359K      (-5.38%) 
2026-10-03 10:23:33.817 | INFO     | __main__:run_zonal_forecast:576 -     Beans (white)         * N554K      (-5.63%)   * N531K      (-5.63%) 
2026-10-03 10:23:33.817 | INFO     | __main__:run_zonal_forecast:576 -     Beans (red)           * N690K      (-4.41%)     N662K      (-4.41%) 
2026-10-03 10:23:33.817 | INFO     | __main__:run_zonal_forecast:576 -     Maize (white)         * N412K      (-2.26%)   * N395K      (-2.26%) 
2026-10-03 10:23:33.817 | INFO     | __main__:run_zonal_forecast:576 -     Maize (yellow)          N447K      (-2.19%)     N429K      (-2.19%) 
2026-10-03 10:23:33.817 | INFO     | __main__:run_zonal_forecast:576 -     Wheat                   N784K      (-1.85%)     N771K      (-1.85%) 
2026-10-03 10:23:33.817 | INFO     | __main__:run_zonal_forecast:576 -     Rice                    N1.552M    (-1.89%)     N1.512M    (-1.89%) 
2026-10-03 10:23:33.817 | INFO     | __main__:run_zonal_forecast:576 -     Meat (beef)             N7.858M    (+1.01%)     N7.858M    (+1.01%) 
2026-10-03 10:23:33.817 | INFO     | __main__:run_zonal_forecast:576 -     Meat (goat)             N7.579M    (+0.31%)     N7.579M    (+0.31%) 
2026-10-03 10:23:33.817 | INFO     | __main__:run_zonal_forecast:576 -     Fish (dried)            N1.118M    (-4.02%)     N1.118M    (-4.02%) 
2026-10-03 10:23:33.817 | INFO     | __main__:run_zonal_forecast:576 -     Eggs                    N7K        (-1.11%)     N7K        (-1.11%) 
2026-10-03 10:23:33.817 | INFO     | __main__:run_zonal_forecast:576 -   
2026-10-03 10:23:33.817 | INFO     | __main__:run_zonal_forecast:576 -   ==========================================================
2026-10-03 10:23:33.817 | INFO     | __main__:run_zonal_forecast:576 -   * = primary commodity  (+/-%) = day-on-day change
2026-10-03 10:23:33.818 | INFO     | __main__:run_zonal_forecast:576 -   
2026-10-03 10:23:33.818 | INFO     | __main__:run_zonal_forecast:576 -   NATIONAL PRICE CHANGES TODAY:
2026-10-03 10:23:33.818 | INFO     | __main__:run_zonal_forecast:576 -     Commodity                   Price   Day Chg    vs Ref
2026-10-03 10:23:33.818 | INFO     | __main__:run_zonal_forecast:576 -     ------------------------------------------------------
2026-10-03 10:23:33.818 | INFO     | __main__:run_zonal_forecast:576 -     Hibiscus                  N2.418M    -1.08%    +4.00%
2026-10-03 10:23:33.818 | INFO     | __main__:run_zonal_forecast:576 -     Sesame                    N1.389M    -1.70%   -15.80%
2026-10-03 10:23:33.818 | INFO     | __main__:run_zonal_forecast:576 -     Ginger                   N11.941M    +0.00%    -0.49%
2026-10-03 10:23:33.818 | INFO     | __main__:run_zonal_forecast:576 -     Cocoa                     N5.160M    +1.42%    -8.67%
2026-10-03 10:23:33.818 | INFO     | __main__:run_zonal_forecast:576 -     Soybeans                    N704K    -3.20%    -5.53%
2026-10-03 10:23:33.818 | INFO     | __main__:run_zonal_forecast:576 -     Cashew Nuts               N1.560M    -1.95%   -19.99%
2026-10-03 10:23:33.818 | INFO     | __main__:run_zonal_forecast:576 -     Sorghum                     N304K    -5.38%   -27.59%
2026-10-03 10:23:33.818 | INFO     | __main__:run_zonal_forecast:576 -     Beans (white)               N454K    -5.63%   -44.13%
2026-10-03 10:23:33.818 | INFO     | __main__:run_zonal_forecast:576 -     Beans (red)                 N575K    -4.41%   -37.12%
2026-10-03 10:23:33.818 | INFO     | __main__:run_zonal_forecast:576 -     Maize (white)               N329K    -2.26%   -10.97%
2026-10-03 10:23:33.818 | INFO     | __main__:run_zonal_forecast:576 -     Maize (yellow)              N357K    -2.19%   -10.66%
2026-10-03 10:23:33.818 | INFO     | __main__:run_zonal_forecast:576 -     Wheat                       N642K    -1.85%    -9.14%
2026-10-03 10:23:33.818 | INFO     | __main__:run_zonal_forecast:576 -     Rice                      N1.350M    -1.89%   -12.91%
2026-10-03 10:23:33.818 | INFO     | __main__:run_zonal_forecast:576 -     Meat (beef)               N6.893M    +1.01%    +6.05%
2026-10-03 10:23:33.818 | INFO     | __main__:run_zonal_forecast:576 -     Meat (goat)               N6.649M    +0.31%    +2.29%
2026-10-03 10:23:33.818 | INFO     | __main__:run_zonal_forecast:576 -     Fish (dried)                N981K    -4.02%   -18.24%
2026-10-03 10:23:33.818 | INFO     | __main__:run_zonal_forecast:576 -     Eggs                          N6K    -1.11%    -6.95%
2026-10-03 10:23:33.819 | INFO     | __main__:run_zonal_forecast:576 -   
2026-10-03 10:23:33.819 | INFO     | __main__:run_zonal_forecast:576 -   BEST SOURCING NATIONALLY:
2026-10-03 10:23:33.819 | INFO     | __main__:run_zonal_forecast:576 -     Commodity              Best State           Price  Spread
2026-10-03 10:23:33.819 | INFO     | __main__:run_zonal_forecast:576 -     ------------------------------------------------------------
2026-10-03 10:23:33.819 | INFO     | __main__:run_zonal_forecast:576 -     Hibiscus               Kaduna             N2.249M  24% vs Lagos
2026-10-03 10:23:33.819 | INFO     | __main__:run_zonal_forecast:576 -     Sesame                 Kano               N1.153M  42% vs Lagos
2026-10-03 10:23:33.819 | INFO     | __main__:run_zonal_forecast:576 -     Ginger                 Kaduna             N8.597M  67% vs Lagos
2026-10-03 10:23:33.819 | INFO     | __main__:run_zonal_forecast:576 -     Cocoa                  Kogi               N4.541M  34% vs Borno
2026-10-03 10:23:33.819 | INFO     | __main__:run_zonal_forecast:576 -     Soybeans               Plateau              N584K  47% vs Lagos
2026-10-03 10:23:33.819 | INFO     | __main__:run_zonal_forecast:576 -     Cashew Nuts            Kogi               N1.248M  44% vs Borno
2026-10-03 10:23:33.819 | INFO     | __main__:run_zonal_forecast:576 -     Sorghum                Kano                 N237K  54% vs Rivers
2026-10-03 10:23:33.819 | INFO     | __main__:run_zonal_forecast:576 -     Beans (white)          Kano                 N395K  47% vs Lagos
2026-10-03 10:23:33.819 | INFO     | __main__:run_zonal_forecast:576 -     Beans (red)            Kano                 N518K  39% vs Lagos
2026-10-03 10:23:33.819 | INFO     | __main__:run_zonal_forecast:576 -     Maize (white)          Kano                 N264K  62% vs Lagos
2026-10-03 10:23:33.819 | INFO     | __main__:run_zonal_forecast:576 -     Maize (yellow)         Kano                 N286K  62% vs Lagos
2026-10-03 10:23:33.819 | INFO     | __main__:run_zonal_forecast:576 -     Wheat                  Kaduna               N559K  40% vs Rivers
2026-10-03 10:23:33.819 | INFO     | __main__:run_zonal_forecast:576 -     Rice                   Plateau            N1.215M  31% vs Lagos
2026-10-03 10:23:33.819 | INFO     | __main__:run_zonal_forecast:576 -     Meat (beef)            Kano               N5.997M  33% vs Oyo
2026-10-03 10:23:33.819 | INFO     | __main__:run_zonal_forecast:576 -     Meat (goat)            Kano               N5.784M  33% vs Oyo
2026-10-03 10:23:33.819 | INFO     | __main__:run_zonal_forecast:576 -     Fish (dried)           Kano                 N854K  33% vs Oyo
2026-10-03 10:23:33.820 | INFO     | __main__:run_zonal_forecast:576 -     Eggs                   Kano                   N5K  33% vs Oyo
2026-10-03 10:23:33.820 | INFO     | __main__:run_zonal_forecast:576 -   
2026-10-03 10:23:33.820 | INFO     | __main__:run_zonal_forecast:576 -   ==========================================================
2026-10-03 10:23:33.820 | INFO     | __main__:run_zonal_forecast:576 -   Source: Agrolinking Intelligence Platform
2026-10-03 10:23:33.820 | INFO     | __main__:run_zonal_forecast:576 -   Next update: 04 Oct 2026
2026-10-03 10:23:33.820 | INFO     | __main__:run_zonal_forecast:577 - =================================================================
2026-10-03 10:23:33.820 | SUCCESS  | __main__:run_zonal_forecast:578 - ZONAL FORECASTING COMPLETE — 6 zones | 12 states | 17 commodities
