2026-09-30 11:07:48.881 | INFO     | __main__:run_zonal_forecast:471 - =================================================================
2026-09-30 11:07:48.881 | INFO     | __main__:run_zonal_forecast:472 - STEP 7 — ZONAL & STATE-LEVEL FORECASTING
2026-09-30 11:07:48.881 | INFO     | __main__:run_zonal_forecast:473 -   Date  : Wednesday, 30 September 2026  11:07
2026-09-30 11:07:48.881 | INFO     | __main__:run_zonal_forecast:474 -   Anchor: DAILY INTERPOLATED (from last_known_date, drifts daily)
2026-09-30 11:07:48.881 | INFO     | __main__:run_zonal_forecast:475 - =================================================================
2026-09-30 11:07:48.912 | INFO     | __main__:run_zonal_forecast:478 -   Source: forecast_validated_2026-09-30.json
2026-09-30 11:07:48.912 | INFO     | __main__:run_zonal_forecast:485 -   Maize (white): last_known=2026-09-28, days_elapsed=2
2026-09-30 11:07:48.912 | INFO     | __main__:run_zonal_forecast:485 -   Hibiscus: last_known=2026-09-28, days_elapsed=2
2026-09-30 11:07:48.912 | INFO     | __main__:run_zonal_forecast:485 -   Sesame: last_known=2026-09-28, days_elapsed=2
2026-09-30 11:07:48.913 | INFO     | __main__:build_zonal_output:214 - 
2026-09-30 11:07:48.913 | INFO     | __main__:build_zonal_output:215 -   NATIONAL ANCHORS (interpolated from last_known_date to today):
2026-09-30 11:07:48.913 | INFO     | __main__:build_zonal_output:216 -   Commodity                 Today Price   Day Chg    vs Ref  Source
2026-09-30 11:07:48.913 | INFO     | __main__:build_zonal_output:217 -   --------------------------------------------------------------------------------
2026-09-30 11:07:48.913 | INFO     | __main__:build_zonal_output:246 -   Hibiscus               N   2,497,214    -1.05%   +7.41%  daily_series d2 (-2.07% vs ref)
2026-09-30 11:07:48.913 | INFO     | __main__:build_zonal_output:246 -   Sesame                 N   1,461,323    -1.61%  -11.43%  daily_series d2 (-3.18% vs ref)
2026-09-30 11:07:48.913 | INFO     | __main__:build_zonal_output:246 -   Ginger                 N  11,940,624    +0.00%   -0.49%  daily_series d2 (+0.00% vs ref)
2026-09-30 11:07:48.913 | INFO     | __main__:build_zonal_output:246 -   Cocoa                  N   4,944,053    +1.48%  -12.49%  daily_series d2 (+3.00% vs ref)
2026-09-30 11:07:48.913 | INFO     | __main__:build_zonal_output:246 -   Soybeans               N     773,530    -2.92%   +3.83%  daily_series d2 (-5.67% vs ref)
2026-09-30 11:07:48.913 | INFO     | __main__:build_zonal_output:246 -   Cashew Nuts            N   1,653,588    -1.85%  -15.20%  daily_series d2 (-3.63% vs ref)
2026-09-30 11:07:48.914 | INFO     | __main__:build_zonal_output:246 -   Sorghum                N     355,974    -4.63%  -15.24%  daily_series d2 (-8.85% vs ref)
2026-09-30 11:07:48.914 | INFO     | __main__:build_zonal_output:246 -   Beans (white)          N     535,547    -4.82%  -34.13%  daily_series d2 (-9.19% vs ref)
2026-09-30 11:07:48.914 | INFO     | __main__:build_zonal_output:246 -   Beans (red)            N     655,067    -3.90%  -28.41%  daily_series d2 (-7.50% vs ref)
2026-09-30 11:07:48.914 | INFO     | __main__:build_zonal_output:246 -   Maize (white)          N     351,799    -2.11%   -4.92%  daily_series d2 (-4.14% vs ref)
2026-09-30 11:07:48.914 | INFO     | __main__:build_zonal_output:246 -   Maize (yellow)         N     380,869    -2.05%   -4.78%  daily_series d2 (-4.03% vs ref)
2026-09-30 11:07:48.914 | INFO     | __main__:build_zonal_output:246 -   Wheat                  N     677,767    -1.75%   -4.11%  daily_series d2 (-3.44% vs ref)
2026-09-30 11:07:48.914 | INFO     | __main__:build_zonal_output:246 -   Rice                   N   1,427,728    -1.78%   -7.89%  daily_series d2 (-3.51% vs ref)
2026-09-30 11:07:48.915 | INFO     | __main__:build_zonal_output:246 -   Meat (beef)            N   6,762,319    +1.05%   +4.04%  daily_series d2 (+2.12% vs ref)
2026-09-30 11:07:48.915 | INFO     | __main__:build_zonal_output:246 -   Meat (goat)            N   6,612,230    +0.32%   +1.73%  daily_series d2 (+0.64% vs ref)
2026-09-30 11:07:48.915 | INFO     | __main__:build_zonal_output:246 -   Fish (dried)           N   1,104,893    -3.58%   -7.93%  daily_series d2 (-6.92% vs ref)
2026-09-30 11:07:48.915 | INFO     | __main__:build_zonal_output:246 -   Eggs                   N       6,035    -1.08%   -2.66%  daily_series d2 (-2.13% vs ref)
2026-09-30 11:07:48.915 | INFO     | __main__:build_zonal_output:249 - 
2026-09-30 11:07:49.011 | INFO     | __main__:run_zonal_forecast:491 - 
2026-09-30 11:07:49.011 | INFO     | __main__:run_zonal_forecast:492 -   Zone             State        Commodity                 State Price  Day Chg
2026-09-30 11:07:49.011 | INFO     | __main__:run_zonal_forecast:493 -   ------------------------------------------------------------------------
2026-09-30 11:07:49.011 | INFO     | __main__:run_zonal_forecast:500 -   North West       Kano         * Sesame                N   1,212,898/MT  -1.61%
2026-09-30 11:07:49.011 | INFO     | __main__:run_zonal_forecast:500 -   North West       Kano         * Sorghum               N     277,660/MT  -4.63%
2026-09-30 11:07:49.011 | INFO     | __main__:run_zonal_forecast:500 -   North West       Kano         * Beans (white)         N     465,926/MT  -4.82%
2026-09-30 11:07:49.012 | INFO     | __main__:run_zonal_forecast:500 -   North West       Kano         * Maize (white)         N     281,439/MT  -2.11%
2026-09-30 11:07:49.012 | INFO     | __main__:run_zonal_forecast:500 -   North West       Kano         * Maize (yellow)        N     304,695/MT  -2.05%
2026-09-30 11:07:49.012 | INFO     | __main__:run_zonal_forecast:500 -   North West       Kano         * Wheat                 N     603,213/MT  -1.75%
2026-09-30 11:07:49.012 | INFO     | __main__:run_zonal_forecast:500 -   North West       Kaduna       * Ginger                N   8,597,250/MT  +0.00%
2026-09-30 11:07:49.012 | INFO     | __main__:run_zonal_forecast:500 -   North West       Kaduna       * Soybeans              N     649,765/MT  -2.92%
2026-09-30 11:07:49.012 | INFO     | __main__:run_zonal_forecast:500 -   North West       Kaduna       * Sorghum               N     284,780/MT  -4.63%
2026-09-30 11:07:49.012 | INFO     | __main__:run_zonal_forecast:500 -   North West       Kaduna       * Maize (white)         N     284,957/MT  -2.11%
2026-09-30 11:07:49.012 | INFO     | __main__:run_zonal_forecast:500 -   North West       Kaduna       * Maize (yellow)        N     308,504/MT  -2.05%
2026-09-30 11:07:49.012 | INFO     | __main__:run_zonal_forecast:500 -   North West       Kaduna       * Wheat                 N     589,657/MT  -1.75%
2026-09-30 11:07:49.012 | INFO     | __main__:run_zonal_forecast:500 -   North Central    Plateau      * Ginger                N   8,955,468/MT  +0.00%
2026-09-30 11:07:49.012 | INFO     | __main__:run_zonal_forecast:500 -   North Central    Plateau      * Soybeans              N     642,030/MT  -2.92%
2026-09-30 11:07:49.012 | INFO     | __main__:run_zonal_forecast:500 -   North Central    Plateau      * Beans (white)         N     481,993/MT  -4.82%
2026-09-30 11:07:49.013 | INFO     | __main__:run_zonal_forecast:500 -   North Central    Plateau      * Maize (white)         N     306,065/MT  -2.11%
2026-09-30 11:07:49.013 | INFO     | __main__:run_zonal_forecast:500 -   North Central    Plateau      * Wheat                 N     616,768/MT  -1.75%
2026-09-30 11:07:49.013 | INFO     | __main__:run_zonal_forecast:500 -   North Central    Kogi         * Cocoa                 N   4,350,766/MT  +1.48%
2026-09-30 11:07:49.013 | INFO     | __main__:run_zonal_forecast:500 -   North Central    Kogi         * Soybeans              N     672,971/MT  -2.92%
2026-09-30 11:07:49.013 | INFO     | __main__:run_zonal_forecast:500 -   North Central    Kogi         * Cashew Nuts           N   1,322,871/MT  -1.85%
2026-09-30 11:07:49.013 | INFO     | __main__:run_zonal_forecast:500 -   North Central    Kogi         * Sorghum               N     323,937/MT  -4.63%
2026-09-30 11:07:49.013 | INFO     | __main__:run_zonal_forecast:500 -   North Central    Kogi         * Beans (white)         N     492,704/MT  -4.82%
2026-09-30 11:07:49.013 | INFO     | __main__:run_zonal_forecast:500 -   North Central    Kogi         * Maize (white)         N     316,619/MT  -2.11%
2026-09-30 11:07:49.013 | INFO     | __main__:run_zonal_forecast:500 -   North East       Adamawa      * Sesame                N   1,256,738/MT  -1.61%
2026-09-30 11:07:49.013 | INFO     | __main__:run_zonal_forecast:500 -   North East       Adamawa      * Ginger                N   9,910,718/MT  +0.00%
2026-09-30 11:07:49.013 | INFO     | __main__:run_zonal_forecast:500 -   North East       Adamawa      * Soybeans              N     688,441/MT  -2.92%
2026-09-30 11:07:49.014 | INFO     | __main__:run_zonal_forecast:500 -   North East       Adamawa      * Sorghum               N     309,698/MT  -4.63%
2026-09-30 11:07:49.014 | INFO     | __main__:run_zonal_forecast:500 -   North East       Adamawa      * Beans (white)         N     492,704/MT  -4.82%
2026-09-30 11:07:49.014 | INFO     | __main__:run_zonal_forecast:500 -   North East       Adamawa      * Maize (white)         N     309,583/MT  -2.11%
2026-09-30 11:07:49.014 | INFO     | __main__:run_zonal_forecast:500 -   North East       Borno        * Sesame                N   1,300,577/MT  -1.61%
2026-09-30 11:07:49.014 | INFO     | __main__:run_zonal_forecast:500 -   North East       Borno        * Sorghum               N     327,496/MT  -4.63%
2026-09-30 11:07:49.014 | INFO     | __main__:run_zonal_forecast:500 -   North East       Borno        * Beans (white)         N     567,680/MT  -4.82%
2026-09-30 11:07:49.014 | INFO     | __main__:run_zonal_forecast:500 -   North East       Borno        * Maize (white)         N     379,943/MT  -2.11%
2026-09-30 11:07:49.014 | INFO     | __main__:run_zonal_forecast:500 -   North East       Borno        * Wheat                 N     759,099/MT  -1.75%
2026-09-30 11:07:49.014 | INFO     | __main__:run_zonal_forecast:500 -   South West       Oyo          * Hibiscus              N   2,572,130/MT  -1.05%
2026-09-30 11:07:49.014 | INFO     | __main__:run_zonal_forecast:500 -   South West       Oyo          * Cocoa                 N   4,400,207/MT  +1.48%
2026-09-30 11:07:49.014 | INFO     | __main__:run_zonal_forecast:500 -   South West       Oyo          * Soybeans              N     804,471/MT  -2.92%
2026-09-30 11:07:49.015 | INFO     | __main__:run_zonal_forecast:500 -   South West       Oyo          * Cashew Nuts           N   1,422,086/MT  -1.85%
2026-09-30 11:07:49.015 | INFO     | __main__:run_zonal_forecast:500 -   South West       Oyo          * Beans (white)         N     589,102/MT  -4.82%
2026-09-30 11:07:49.015 | INFO     | __main__:run_zonal_forecast:500 -   South West       Oyo          * Maize (white)         N     379,943/MT  -2.11%
2026-09-30 11:07:49.015 | INFO     | __main__:run_zonal_forecast:500 -   South West       Lagos        * Hibiscus              N   2,871,796/MT  -1.05%
2026-09-30 11:07:49.015 | INFO     | __main__:run_zonal_forecast:500 -   South West       Lagos        * Sesame                N   1,724,361/MT  -1.61%
2026-09-30 11:07:49.015 | INFO     | __main__:run_zonal_forecast:500 -   South West       Lagos        * Cocoa                 N   5,339,577/MT  +1.48%
2026-09-30 11:07:49.015 | INFO     | __main__:run_zonal_forecast:500 -   South West       Lagos        * Soybeans              N     943,706/MT  -2.92%
2026-09-30 11:07:49.015 | INFO     | __main__:run_zonal_forecast:500 -   South West       Lagos        * Beans (white)         N     685,501/MT  -4.82%
2026-09-30 11:07:49.015 | INFO     | __main__:run_zonal_forecast:500 -   South West       Lagos        * Beans (red)           N     818,834/MT  -3.90%
2026-09-30 11:07:49.015 | INFO     | __main__:run_zonal_forecast:500 -   South West       Lagos        * Maize (white)         N     457,339/MT  -2.11%
2026-09-30 11:07:49.015 | INFO     | __main__:run_zonal_forecast:500 -   South West       Lagos        * Maize (yellow)        N     495,129/MT  -2.05%
2026-09-30 11:07:49.015 | INFO     | __main__:run_zonal_forecast:500 -   South East       Anambra      * Cocoa                 N   5,191,255/MT  +1.48%
2026-09-30 11:07:49.016 | INFO     | __main__:run_zonal_forecast:500 -   South East       Anambra      * Cashew Nuts           N   1,818,947/MT  -1.85%
2026-09-30 11:07:49.016 | INFO     | __main__:run_zonal_forecast:500 -   South East       Anambra      * Beans (white)         N     631,946/MT  -4.82%
2026-09-30 11:07:49.016 | INFO     | __main__:run_zonal_forecast:500 -   South East       Anambra      * Beans (red)           N     753,327/MT  -3.90%
2026-09-30 11:07:49.016 | INFO     | __main__:run_zonal_forecast:500 -   South East       Anambra      * Maize (white)         N     422,159/MT  -2.11%
2026-09-30 11:07:49.016 | INFO     | __main__:run_zonal_forecast:500 -   South East       Imo          * Cocoa                 N   4,499,088/MT  +1.48%
2026-09-30 11:07:49.016 | INFO     | __main__:run_zonal_forecast:500 -   South East       Imo          * Cashew Nuts           N   1,752,804/MT  -1.85%
2026-09-30 11:07:49.016 | INFO     | __main__:run_zonal_forecast:500 -   South East       Imo          * Beans (white)         N     615,879/MT  -4.82%
2026-09-30 11:07:49.016 | INFO     | __main__:run_zonal_forecast:500 -   South East       Imo          * Maize (white)         N     411,605/MT  -2.11%
2026-09-30 11:07:49.016 | INFO     | __main__:run_zonal_forecast:500 -   South South      Rivers       * Hibiscus              N   2,796,879/MT  -1.05%
2026-09-30 11:07:49.016 | INFO     | __main__:run_zonal_forecast:500 -   South South      Rivers       * Sesame                N   1,724,361/MT  -1.61%
2026-09-30 11:07:49.016 | INFO     | __main__:run_zonal_forecast:500 -   South South      Rivers       * Cocoa                 N   5,191,255/MT  +1.48%
2026-09-30 11:07:49.017 | INFO     | __main__:run_zonal_forecast:500 -   South South      Rivers       * Beans (white)         N     653,368/MT  -4.82%
2026-09-30 11:07:49.017 | INFO     | __main__:run_zonal_forecast:500 -   South South      Rivers       * Beans (red)           N     786,080/MT  -3.90%
2026-09-30 11:07:49.017 | INFO     | __main__:run_zonal_forecast:500 -   South South      Rivers       * Maize (white)         N     439,749/MT  -2.11%
2026-09-30 11:07:49.017 | INFO     | __main__:run_zonal_forecast:500 -   South South      Delta        * Hibiscus              N   2,696,991/MT  -1.05%
2026-09-30 11:07:49.017 | INFO     | __main__:run_zonal_forecast:500 -   South South      Delta        * Sesame                N   1,695,134/MT  -1.61%
2026-09-30 11:07:49.017 | INFO     | __main__:run_zonal_forecast:500 -   South South      Delta        * Cocoa                 N   4,597,969/MT  +1.48%
2026-09-30 11:07:49.017 | INFO     | __main__:run_zonal_forecast:500 -   South South      Delta        * Soybeans              N     881,824/MT  -2.92%
2026-09-30 11:07:49.017 | INFO     | __main__:run_zonal_forecast:500 -   South South      Delta        * Beans (white)         N     626,590/MT  -4.82%
2026-09-30 11:07:49.017 | INFO     | __main__:run_zonal_forecast:500 -   South South      Delta        * Maize (white)         N     422,159/MT  -2.11%
2026-09-30 11:07:49.280 | SUCCESS  | __main__:run_zonal_forecast:514 -   Zonal JSON  -> /home/runner/work/Agrolinking-Intelligence/Agrolinking-Intelligence/outputs/forecasts/zonal/zonal_forecast_2026-09-30.json
2026-09-30 11:07:49.280 | WARNING  | __main__:write_zonal_to_postgres:395 -   [Postgres] TSDB_URL not set — skipping zonal dual-write (JSON write already done)
2026-09-30 11:07:49.281 | SUCCESS  | __main__:run_zonal_forecast:522 -   Zonal alert -> /home/runner/work/Agrolinking-Intelligence/Agrolinking-Intelligence/outputs/daily_alerts/alert_zonal_2026-09-30.txt
2026-09-30 11:07:49.281 | INFO     | __main__:run_zonal_forecast:524 - 
2026-09-30 11:07:49.281 | INFO     | __main__:run_zonal_forecast:525 - =================================================================
2026-09-30 11:07:49.281 | INFO     | __main__:run_zonal_forecast:527 -   ================================================
2026-09-30 11:07:49.281 | INFO     | __main__:run_zonal_forecast:527 -   AGROLINKING ZONAL COMMODITY INTELLIGENCE
2026-09-30 11:07:49.282 | INFO     | __main__:run_zonal_forecast:527 -   Date: Wednesday, 30 September 2026
2026-09-30 11:07:49.282 | INFO     | __main__:run_zonal_forecast:527 -   6 Zones | 12 States | 12 Commodities
2026-09-30 11:07:49.282 | INFO     | __main__:run_zonal_forecast:527 -   ================================================
2026-09-30 11:07:49.282 | INFO     | __main__:run_zonal_forecast:527 -   
2026-09-30 11:07:49.282 | INFO     | __main__:run_zonal_forecast:527 -   NORTH WEST (Kano & Kaduna)
2026-09-30 11:07:49.282 | INFO     | __main__:run_zonal_forecast:527 -   Nigeria's main grain belt. Highest Maize, Sorghum, Sesame, Wheat production.
2026-09-30 11:07:49.282 | INFO     | __main__:run_zonal_forecast:527 -   
2026-09-30 11:07:49.282 | INFO     | __main__:run_zonal_forecast:527 -     Commodity           Kano                Kaduna            
2026-09-30 11:07:49.282 | INFO     | __main__:run_zonal_forecast:527 -     ------------------------------------------------------------
2026-09-30 11:07:49.282 | INFO     | __main__:run_zonal_forecast:527 -     Hibiscus                N2.372M    (-1.05%)     N2.322M    (-1.05%) 
2026-09-30 11:07:49.282 | INFO     | __main__:run_zonal_forecast:527 -     Sesame                * N1.213M    (-1.61%)     N1.242M    (-1.61%) 
2026-09-30 11:07:49.282 | INFO     | __main__:run_zonal_forecast:527 -     Ginger                  N11.702M              * N8.597M             
2026-09-30 11:07:49.282 | INFO     | __main__:run_zonal_forecast:527 -     Cocoa                   N5.043M    (+1.48%)     N5.191M    (+1.48%) 
2026-09-30 11:07:49.283 | INFO     | __main__:run_zonal_forecast:527 -     Soybeans                N696K      (-2.92%)   * N650K      (-2.92%) 
2026-09-30 11:07:49.283 | INFO     | __main__:run_zonal_forecast:527 -     Cashew Nuts             N1.654M    (-1.85%)     N1.687M    (-1.85%) 
2026-09-30 11:07:49.283 | INFO     | __main__:run_zonal_forecast:527 -     Sorghum               * N278K      (-4.63%)   * N285K      (-4.63%) 
2026-09-30 11:07:49.283 | INFO     | __main__:run_zonal_forecast:527 -     Beans (white)         * N466K      (-4.82%)     N471K      (-4.82%) 
2026-09-30 11:07:49.283 | INFO     | __main__:run_zonal_forecast:527 -     Beans (red)             N590K      (-3.90%)     N596K      (-3.90%) 
2026-09-30 11:07:49.283 | INFO     | __main__:run_zonal_forecast:527 -     Maize (white)         * N281K      (-2.11%)   * N285K      (-2.11%) 
2026-09-30 11:07:49.283 | INFO     | __main__:run_zonal_forecast:527 -     Maize (yellow)        * N305K      (-2.05%)   * N309K      (-2.05%) 
2026-09-30 11:07:49.283 | INFO     | __main__:run_zonal_forecast:527 -     Wheat                 * N603K      (-1.75%)   * N590K      (-1.75%) 
2026-09-30 11:07:49.283 | INFO     | __main__:run_zonal_forecast:527 -     Rice                    N1.356M    (-1.78%)     N1.328M    (-1.78%) 
2026-09-30 11:07:49.283 | INFO     | __main__:run_zonal_forecast:527 -     Meat (beef)             N5.883M    (+1.05%)     N5.883M    (+1.05%) 
2026-09-30 11:07:49.283 | INFO     | __main__:run_zonal_forecast:527 -     Meat (goat)             N5.753M    (+0.32%)     N5.753M    (+0.32%) 
2026-09-30 11:07:49.283 | INFO     | __main__:run_zonal_forecast:527 -     Fish (dried)            N961K      (-3.58%)     N961K      (-3.58%) 
2026-09-30 11:07:49.283 | INFO     | __main__:run_zonal_forecast:527 -     Eggs                    N5K        (-1.08%)     N5K        (-1.08%) 
2026-09-30 11:07:49.284 | INFO     | __main__:run_zonal_forecast:527 -   
2026-09-30 11:07:49.284 | INFO     | __main__:run_zonal_forecast:527 -   NORTH CENTRAL (Plateau & Kogi)
2026-09-30 11:07:49.284 | INFO     | __main__:run_zonal_forecast:527 -   Middle Belt. Ginger heartland (Plateau), Cashew/Cocoa belt (Kogi).
2026-09-30 11:07:49.284 | INFO     | __main__:run_zonal_forecast:527 -   
2026-09-30 11:07:49.284 | INFO     | __main__:run_zonal_forecast:527 -     Commodity           Plateau             Kogi              
2026-09-30 11:07:49.284 | INFO     | __main__:run_zonal_forecast:527 -     ------------------------------------------------------------
2026-09-30 11:07:49.284 | INFO     | __main__:run_zonal_forecast:527 -     Hibiscus                N2.422M    (-1.05%)     N2.397M    (-1.05%) 
2026-09-30 11:07:49.284 | INFO     | __main__:run_zonal_forecast:527 -     Sesame                  N1.403M    (-1.61%)     N1.417M    (-1.61%) 
2026-09-30 11:07:49.284 | INFO     | __main__:run_zonal_forecast:527 -     Ginger                * N8.955M                 N11.224M            
2026-09-30 11:07:49.284 | INFO     | __main__:run_zonal_forecast:527 -     Cocoa                   N5.340M    (+1.48%)   * N4.351M    (+1.48%) 
2026-09-30 11:07:49.284 | INFO     | __main__:run_zonal_forecast:527 -     Soybeans              * N642K      (-2.92%)   * N673K      (-2.92%) 
2026-09-30 11:07:49.284 | INFO     | __main__:run_zonal_forecast:527 -     Cashew Nuts             N1.736M    (-1.85%)   * N1.323M    (-1.85%) 
2026-09-30 11:07:49.284 | INFO     | __main__:run_zonal_forecast:527 -     Sorghum                 N327K      (-4.63%)   * N324K      (-4.63%) 
2026-09-30 11:07:49.285 | INFO     | __main__:run_zonal_forecast:527 -     Beans (white)         * N482K      (-4.82%)   * N493K      (-4.82%) 
2026-09-30 11:07:49.285 | INFO     | __main__:run_zonal_forecast:527 -     Beans (red)             N622K      (-3.90%)     N616K      (-3.90%) 
2026-09-30 11:07:49.285 | INFO     | __main__:run_zonal_forecast:527 -     Maize (white)         * N306K      (-2.11%)   * N317K      (-2.11%) 
2026-09-30 11:07:49.285 | INFO     | __main__:run_zonal_forecast:527 -     Maize (yellow)          N335K      (-2.05%)     N347K      (-2.05%) 
2026-09-30 11:07:49.285 | INFO     | __main__:run_zonal_forecast:527 -     Wheat                 * N617K      (-1.75%)     N657K      (-1.75%) 
2026-09-30 11:07:49.285 | INFO     | __main__:run_zonal_forecast:527 -     Rice                    N1.285M    (-1.78%)     N1.385M    (-1.78%) 
2026-09-30 11:07:49.285 | INFO     | __main__:run_zonal_forecast:527 -     Meat (beef)             N6.424M    (+1.05%)     N6.424M    (+1.05%) 
2026-09-30 11:07:49.285 | INFO     | __main__:run_zonal_forecast:527 -     Meat (goat)             N6.282M    (+0.32%)     N6.282M    (+0.32%) 
2026-09-30 11:07:49.285 | INFO     | __main__:run_zonal_forecast:527 -     Fish (dried)            N1.050M    (-3.58%)     N1.050M    (-3.58%) 
2026-09-30 11:07:49.285 | INFO     | __main__:run_zonal_forecast:527 -     Eggs                    N6K        (-1.08%)     N6K        (-1.08%) 
2026-09-30 11:07:49.285 | INFO     | __main__:run_zonal_forecast:527 -   
2026-09-30 11:07:49.285 | INFO     | __main__:run_zonal_forecast:527 -   NORTH EAST (Adamawa & Borno)
2026-09-30 11:07:49.285 | INFO     | __main__:run_zonal_forecast:527 -   Semi-arid. Sorghum, Maize. Conflict premium on imports in Borno.
2026-09-30 11:07:49.285 | INFO     | __main__:run_zonal_forecast:527 -   
2026-09-30 11:07:49.285 | INFO     | __main__:run_zonal_forecast:527 -     Commodity           Adamawa             Borno             
2026-09-30 11:07:49.285 | INFO     | __main__:run_zonal_forecast:527 -     ------------------------------------------------------------
2026-09-30 11:07:49.285 | INFO     | __main__:run_zonal_forecast:527 -     Hibiscus                N2.447M    (-1.05%)     N2.622M    (-1.05%) 
2026-09-30 11:07:49.285 | INFO     | __main__:run_zonal_forecast:527 -     Sesame                * N1.257M    (-1.61%)   * N1.301M    (-1.61%) 
2026-09-30 11:07:49.286 | INFO     | __main__:run_zonal_forecast:527 -     Ginger                * N9.911M                 N13.732M            
2026-09-30 11:07:49.286 | INFO     | __main__:run_zonal_forecast:527 -     Cocoa                   N5.191M    (+1.48%)     N5.834M    (+1.48%) 
2026-09-30 11:07:49.286 | INFO     | __main__:run_zonal_forecast:527 -     Soybeans              * N688K      (-2.92%)     N835K      (-2.92%) 
2026-09-30 11:07:49.286 | INFO     | __main__:run_zonal_forecast:527 -     Cashew Nuts             N1.720M    (-1.85%)     N1.902M    (-1.85%) 
2026-09-30 11:07:49.286 | INFO     | __main__:run_zonal_forecast:527 -     Sorghum               * N310K      (-4.63%)   * N327K      (-4.63%) 
2026-09-30 11:07:49.286 | INFO     | __main__:run_zonal_forecast:527 -     Beans (white)         * N493K      (-4.82%)   * N568K      (-4.82%) 
2026-09-30 11:07:49.286 | INFO     | __main__:run_zonal_forecast:527 -     Beans (red)             N622K      (-3.90%)     N721K      (-3.90%) 
2026-09-30 11:07:49.286 | INFO     | __main__:run_zonal_forecast:527 -     Maize (white)         * N310K      (-2.11%)   * N380K      (-2.11%) 
2026-09-30 11:07:49.286 | INFO     | __main__:run_zonal_forecast:527 -     Maize (yellow)          N339K      (-2.05%)     N411K      (-2.05%) 
2026-09-30 11:07:49.286 | INFO     | __main__:run_zonal_forecast:527 -     Wheat                   N664K      (-1.75%)   * N759K      (-1.75%) 
2026-09-30 11:07:49.286 | INFO     | __main__:run_zonal_forecast:527 -     Rice                    N1.456M    (-1.78%)     N1.571M    (-1.78%) 
2026-09-30 11:07:49.286 | INFO     | __main__:run_zonal_forecast:527 -     Meat (beef)             N6.898M    (+1.05%)     N6.898M    (+1.05%) 
2026-09-30 11:07:49.286 | INFO     | __main__:run_zonal_forecast:527 -     Meat (goat)             N6.744M    (+0.32%)     N6.744M    (+0.32%) 
2026-09-30 11:07:49.286 | INFO     | __main__:run_zonal_forecast:527 -     Fish (dried)            N1.127M    (-3.58%)     N1.127M    (-3.58%) 
2026-09-30 11:07:49.286 | INFO     | __main__:run_zonal_forecast:527 -     Eggs                    N6K        (-1.08%)     N6K        (-1.08%) 
2026-09-30 11:07:49.286 | INFO     | __main__:run_zonal_forecast:527 -   
2026-09-30 11:07:49.286 | INFO     | __main__:run_zonal_forecast:527 -   SOUTH WEST (Oyo & Lagos)
2026-09-30 11:07:49.286 | INFO     | __main__:run_zonal_forecast:527 -   Commercial capital. Lagos is the price-setter for consumer markets.
2026-09-30 11:07:49.286 | INFO     | __main__:run_zonal_forecast:527 -   
2026-09-30 11:07:49.286 | INFO     | __main__:run_zonal_forecast:527 -     Commodity           Oyo                 Lagos             
2026-09-30 11:07:49.287 | INFO     | __main__:run_zonal_forecast:527 -     ------------------------------------------------------------
2026-09-30 11:07:49.287 | INFO     | __main__:run_zonal_forecast:527 -     Hibiscus              * N2.572M    (-1.05%)   * N2.872M    (-1.05%) 
2026-09-30 11:07:49.287 | INFO     | __main__:run_zonal_forecast:527 -     Sesame                  N1.549M    (-1.61%)   * N1.724M    (-1.61%) 
2026-09-30 11:07:49.287 | INFO     | __main__:run_zonal_forecast:527 -     Ginger                  N12.896M                N14.329M            
2026-09-30 11:07:49.287 | INFO     | __main__:run_zonal_forecast:527 -     Cocoa                 * N4.400M    (+1.48%)   * N5.340M    (+1.48%) 
2026-09-30 11:07:49.287 | INFO     | __main__:run_zonal_forecast:527 -     Soybeans              * N804K      (-2.92%)   * N944K      (-2.92%) 
2026-09-30 11:07:49.287 | INFO     | __main__:run_zonal_forecast:527 -     Cashew Nuts           * N1.422M    (-1.85%)     N1.819M    (-1.85%) 
2026-09-30 11:07:49.287 | INFO     | __main__:run_zonal_forecast:527 -     Sorghum                 N374K      (-4.63%)     N420K      (-4.63%) 
2026-09-30 11:07:49.287 | INFO     | __main__:run_zonal_forecast:527 -     Beans (white)         * N589K      (-4.82%)   * N686K      (-4.82%) 
2026-09-30 11:07:49.287 | INFO     | __main__:run_zonal_forecast:527 -     Beans (red)             N734K      (-3.90%)   * N819K      (-3.90%) 
2026-09-30 11:07:49.288 | INFO     | __main__:run_zonal_forecast:527 -     Maize (white)         * N380K      (-2.11%)   * N457K      (-2.11%) 
2026-09-30 11:07:49.288 | INFO     | __main__:run_zonal_forecast:527 -     Maize (yellow)          N411K      (-2.05%)   * N495K      (-2.05%) 
2026-09-30 11:07:49.288 | INFO     | __main__:run_zonal_forecast:527 -     Wheat                   N746K      (-1.75%)     N779K      (-1.75%) 
2026-09-30 11:07:49.288 | INFO     | __main__:run_zonal_forecast:527 -     Rice                    N1.542M    (-1.78%)     N1.685M    (-1.78%) 
2026-09-30 11:07:49.288 | INFO     | __main__:run_zonal_forecast:527 -     Meat (beef)             N7.844M    (+1.05%)     N7.844M    (+1.05%) 
2026-09-30 11:07:49.288 | INFO     | __main__:run_zonal_forecast:527 -     Meat (goat)             N7.670M    (+0.32%)     N7.670M    (+0.32%) 
2026-09-30 11:07:49.288 | INFO     | __main__:run_zonal_forecast:527 -     Fish (dried)            N1.282M    (-3.58%)     N1.282M    (-3.58%) 
2026-09-30 11:07:49.288 | INFO     | __main__:run_zonal_forecast:527 -     Eggs                    N7K        (-1.08%)     N7K        (-1.08%) 
2026-09-30 11:07:49.288 | INFO     | __main__:run_zonal_forecast:527 -   
2026-09-30 11:07:49.288 | INFO     | __main__:run_zonal_forecast:527 -   SOUTH EAST (Anambra & Imo)
2026-09-30 11:07:49.288 | INFO     | __main__:run_zonal_forecast:527 -   High consumption, low production of traded commodities. Import-dependent.
2026-09-30 11:07:49.288 | INFO     | __main__:run_zonal_forecast:527 -   
2026-09-30 11:07:49.289 | INFO     | __main__:run_zonal_forecast:527 -     Commodity           Anambra             Imo               
2026-09-30 11:07:49.289 | INFO     | __main__:run_zonal_forecast:527 -     ------------------------------------------------------------
2026-09-30 11:07:49.289 | INFO     | __main__:run_zonal_forecast:527 -     Hibiscus                N2.797M    (-1.05%)     N2.747M    (-1.05%) 
2026-09-30 11:07:49.289 | INFO     | __main__:run_zonal_forecast:527 -     Sesame                  N1.695M    (-1.61%)     N1.666M    (-1.61%) 
2026-09-30 11:07:49.289 | INFO     | __main__:run_zonal_forecast:527 -     Ginger                  N13.732M                N13.373M            
2026-09-30 11:07:49.289 | INFO     | __main__:run_zonal_forecast:527 -     Cocoa                 * N5.191M    (+1.48%)   * N4.499M    (+1.48%) 
2026-09-30 11:07:49.289 | INFO     | __main__:run_zonal_forecast:527 -     Soybeans                N882K      (-2.92%)     N866K      (-2.92%) 
2026-09-30 11:07:49.289 | INFO     | __main__:run_zonal_forecast:527 -     Cashew Nuts           * N1.819M    (-1.85%)   * N1.753M    (-1.85%) 
2026-09-30 11:07:49.289 | INFO     | __main__:run_zonal_forecast:527 -     Sorghum                 N406K      (-4.63%)     N399K      (-4.63%) 
2026-09-30 11:07:49.289 | INFO     | __main__:run_zonal_forecast:527 -     Beans (white)         * N632K      (-4.82%)   * N616K      (-4.82%) 
2026-09-30 11:07:49.289 | INFO     | __main__:run_zonal_forecast:527 -     Beans (red)           * N753K      (-3.90%)     N740K      (-3.90%) 
2026-09-30 11:07:49.289 | INFO     | __main__:run_zonal_forecast:527 -     Maize (white)         * N422K      (-2.11%)   * N412K      (-2.11%) 
2026-09-30 11:07:49.289 | INFO     | __main__:run_zonal_forecast:527 -     Maize (yellow)          N457K      (-2.05%)     N446K      (-2.05%) 
2026-09-30 11:07:49.290 | INFO     | __main__:run_zonal_forecast:527 -     Wheat                   N800K      (-1.75%)     N786K      (-1.75%) 
2026-09-30 11:07:49.290 | INFO     | __main__:run_zonal_forecast:527 -     Rice                    N1.599M    (-1.78%)     N1.571M    (-1.78%) 
2026-09-30 11:07:49.290 | INFO     | __main__:run_zonal_forecast:527 -     Meat (beef)             N7.641M    (+1.05%)     N7.641M    (+1.05%) 
2026-09-30 11:07:49.290 | INFO     | __main__:run_zonal_forecast:527 -     Meat (goat)             N7.472M    (+0.32%)     N7.472M    (+0.32%) 
2026-09-30 11:07:49.290 | INFO     | __main__:run_zonal_forecast:527 -     Fish (dried)            N1.249M    (-3.58%)     N1.249M    (-3.58%) 
2026-09-30 11:07:49.290 | INFO     | __main__:run_zonal_forecast:527 -     Eggs                    N7K        (-1.08%)     N7K        (-1.08%) 
2026-09-30 11:07:49.290 | INFO     | __main__:run_zonal_forecast:527 -   
2026-09-30 11:07:49.290 | INFO     | __main__:run_zonal_forecast:527 -   SOUTH SOUTH (Rivers & Delta)
2026-09-30 11:07:49.290 | INFO     | __main__:run_zonal_forecast:527 -   Oil belt. High purchasing power. Cocoa producer (Delta).
2026-09-30 11:07:49.290 | INFO     | __main__:run_zonal_forecast:527 -   
2026-09-30 11:07:49.290 | INFO     | __main__:run_zonal_forecast:527 -     Commodity           Rivers              Delta             
2026-09-30 11:07:49.290 | INFO     | __main__:run_zonal_forecast:527 -     ------------------------------------------------------------
2026-09-30 11:07:49.291 | INFO     | __main__:run_zonal_forecast:527 -     Hibiscus              * N2.797M    (-1.05%)   * N2.697M    (-1.05%) 
2026-09-30 11:07:49.291 | INFO     | __main__:run_zonal_forecast:527 -     Sesame                * N1.724M    (-1.61%)   * N1.695M    (-1.61%) 
2026-09-30 11:07:49.291 | INFO     | __main__:run_zonal_forecast:527 -     Ginger                  N14.329M                N13.732M            
2026-09-30 11:07:49.291 | INFO     | __main__:run_zonal_forecast:527 -     Cocoa                 * N5.191M    (+1.48%)   * N4.598M    (+1.48%) 
2026-09-30 11:07:49.291 | INFO     | __main__:run_zonal_forecast:527 -     Soybeans                N913K      (-2.92%)   * N882K      (-2.92%) 
2026-09-30 11:07:49.291 | INFO     | __main__:run_zonal_forecast:527 -     Cashew Nuts             N1.902M    (-1.85%)     N1.819M    (-1.85%) 
2026-09-30 11:07:49.291 | INFO     | __main__:run_zonal_forecast:527 -     Sorghum                 N427K      (-4.63%)     N420K      (-4.63%) 
2026-09-30 11:07:49.291 | INFO     | __main__:run_zonal_forecast:527 -     Beans (white)         * N653K      (-4.82%)   * N627K      (-4.82%) 
2026-09-30 11:07:49.291 | INFO     | __main__:run_zonal_forecast:527 -     Beans (red)           * N786K      (-3.90%)     N753K      (-3.90%) 
2026-09-30 11:07:49.291 | INFO     | __main__:run_zonal_forecast:527 -     Maize (white)         * N440K      (-2.11%)   * N422K      (-2.11%) 
2026-09-30 11:07:49.291 | INFO     | __main__:run_zonal_forecast:527 -     Maize (yellow)          N476K      (-2.05%)     N457K      (-2.05%) 
2026-09-30 11:07:49.291 | INFO     | __main__:run_zonal_forecast:527 -     Wheat                   N827K      (-1.75%)     N813K      (-1.75%) 
2026-09-30 11:07:49.291 | INFO     | __main__:run_zonal_forecast:527 -     Rice                    N1.642M    (-1.78%)     N1.599M    (-1.78%) 
2026-09-30 11:07:49.292 | INFO     | __main__:run_zonal_forecast:527 -     Meat (beef)             N7.709M    (+1.05%)     N7.709M    (+1.05%) 
2026-09-30 11:07:49.292 | INFO     | __main__:run_zonal_forecast:527 -     Meat (goat)             N7.538M    (+0.32%)     N7.538M    (+0.32%) 
2026-09-30 11:07:49.292 | INFO     | __main__:run_zonal_forecast:527 -     Fish (dried)            N1.260M    (-3.58%)     N1.260M    (-3.58%) 
2026-09-30 11:07:49.292 | INFO     | __main__:run_zonal_forecast:527 -     Eggs                    N7K        (-1.08%)     N7K        (-1.08%) 
2026-09-30 11:07:49.292 | INFO     | __main__:run_zonal_forecast:527 -   
2026-09-30 11:07:49.292 | INFO     | __main__:run_zonal_forecast:527 -   ==========================================================
2026-09-30 11:07:49.292 | INFO     | __main__:run_zonal_forecast:527 -   * = primary commodity  (+/-%) = day-on-day change
2026-09-30 11:07:49.292 | INFO     | __main__:run_zonal_forecast:527 -   
2026-09-30 11:07:49.292 | INFO     | __main__:run_zonal_forecast:527 -   NATIONAL PRICE CHANGES TODAY:
2026-09-30 11:07:49.292 | INFO     | __main__:run_zonal_forecast:527 -     Commodity                   Price   Day Chg    vs Ref
2026-09-30 11:07:49.292 | INFO     | __main__:run_zonal_forecast:527 -     ------------------------------------------------------
2026-09-30 11:07:49.292 | INFO     | __main__:run_zonal_forecast:527 -     Hibiscus                  N2.497M    -1.05%    +7.41%
2026-09-30 11:07:49.292 | INFO     | __main__:run_zonal_forecast:527 -     Sesame                    N1.461M    -1.61%   -11.43%
2026-09-30 11:07:49.293 | INFO     | __main__:run_zonal_forecast:527 -     Ginger                   N11.941M    +0.00%    -0.49%
2026-09-30 11:07:49.293 | INFO     | __main__:run_zonal_forecast:527 -     Cocoa                     N4.944M    +1.48%   -12.49%
2026-09-30 11:07:49.293 | INFO     | __main__:run_zonal_forecast:527 -     Soybeans                    N774K    -2.92%    +3.83%
2026-09-30 11:07:49.293 | INFO     | __main__:run_zonal_forecast:527 -     Cashew Nuts               N1.654M    -1.85%   -15.20%
2026-09-30 11:07:49.293 | INFO     | __main__:run_zonal_forecast:527 -     Sorghum                     N356K    -4.63%   -15.24%
2026-09-30 11:07:49.293 | INFO     | __main__:run_zonal_forecast:527 -     Beans (white)               N536K    -4.82%   -34.13%
2026-09-30 11:07:49.293 | INFO     | __main__:run_zonal_forecast:527 -     Beans (red)                 N655K    -3.90%   -28.41%
2026-09-30 11:07:49.293 | INFO     | __main__:run_zonal_forecast:527 -     Maize (white)               N352K    -2.11%    -4.92%
2026-09-30 11:07:49.293 | INFO     | __main__:run_zonal_forecast:527 -     Maize (yellow)              N381K    -2.05%    -4.78%
2026-09-30 11:07:49.293 | INFO     | __main__:run_zonal_forecast:527 -     Wheat                       N678K    -1.75%    -4.11%
2026-09-30 11:07:49.293 | INFO     | __main__:run_zonal_forecast:527 -     Rice                      N1.428M    -1.78%    -7.89%
2026-09-30 11:07:49.293 | INFO     | __main__:run_zonal_forecast:527 -     Meat (beef)               N6.762M    +1.05%    +4.04%
2026-09-30 11:07:49.293 | INFO     | __main__:run_zonal_forecast:527 -     Meat (goat)               N6.612M    +0.32%    +1.73%
2026-09-30 11:07:49.294 | INFO     | __main__:run_zonal_forecast:527 -     Fish (dried)              N1.105M    -3.58%    -7.93%
2026-09-30 11:07:49.294 | INFO     | __main__:run_zonal_forecast:527 -     Eggs                          N6K    -1.08%    -2.66%
2026-09-30 11:07:49.294 | INFO     | __main__:run_zonal_forecast:527 -   
2026-09-30 11:07:49.294 | INFO     | __main__:run_zonal_forecast:527 -   BEST SOURCING NATIONALLY:
2026-09-30 11:07:49.294 | INFO     | __main__:run_zonal_forecast:527 -     Commodity              Best State           Price  Spread
2026-09-30 11:07:49.294 | INFO     | __main__:run_zonal_forecast:527 -     ------------------------------------------------------------
2026-09-30 11:07:49.294 | INFO     | __main__:run_zonal_forecast:527 -     Hibiscus               Kaduna             N2.322M  24% vs Lagos
2026-09-30 11:07:49.294 | INFO     | __main__:run_zonal_forecast:527 -     Sesame                 Kano               N1.213M  42% vs Lagos
2026-09-30 11:07:49.294 | INFO     | __main__:run_zonal_forecast:527 -     Ginger                 Kaduna             N8.597M  67% vs Lagos
2026-09-30 11:07:49.294 | INFO     | __main__:run_zonal_forecast:527 -     Cocoa                  Kogi               N4.351M  34% vs Borno
2026-09-30 11:07:49.294 | INFO     | __main__:run_zonal_forecast:527 -     Soybeans               Plateau              N642K  47% vs Lagos
2026-09-30 11:07:49.294 | INFO     | __main__:run_zonal_forecast:527 -     Cashew Nuts            Kogi               N1.323M  44% vs Borno
2026-09-30 11:07:49.294 | INFO     | __main__:run_zonal_forecast:527 -     Sorghum                Kano                 N278K  54% vs Rivers
2026-09-30 11:07:49.295 | INFO     | __main__:run_zonal_forecast:527 -     Beans (white)          Kano                 N466K  47% vs Lagos
2026-09-30 11:07:49.295 | INFO     | __main__:run_zonal_forecast:527 -     Beans (red)            Kano                 N590K  39% vs Lagos
2026-09-30 11:07:49.295 | INFO     | __main__:run_zonal_forecast:527 -     Maize (white)          Kano                 N281K  62% vs Lagos
2026-09-30 11:07:49.295 | INFO     | __main__:run_zonal_forecast:527 -     Maize (yellow)         Kano                 N305K  62% vs Lagos
2026-09-30 11:07:49.295 | INFO     | __main__:run_zonal_forecast:527 -     Wheat                  Kaduna               N590K  40% vs Rivers
2026-09-30 11:07:49.295 | INFO     | __main__:run_zonal_forecast:527 -     Rice                   Plateau            N1.285M  31% vs Lagos
2026-09-30 11:07:49.295 | INFO     | __main__:run_zonal_forecast:527 -     Meat (beef)            Kano               N5.883M  33% vs Oyo
2026-09-30 11:07:49.295 | INFO     | __main__:run_zonal_forecast:527 -     Meat (goat)            Kano               N5.753M  33% vs Oyo
2026-09-30 11:07:49.295 | INFO     | __main__:run_zonal_forecast:527 -     Fish (dried)           Kano                 N961K  33% vs Oyo
2026-09-30 11:07:49.295 | INFO     | __main__:run_zonal_forecast:527 -     Eggs                   Kano                   N5K  33% vs Oyo
2026-09-30 11:07:49.295 | INFO     | __main__:run_zonal_forecast:527 -   
2026-09-30 11:07:49.295 | INFO     | __main__:run_zonal_forecast:527 -   ==========================================================
2026-09-30 11:07:49.295 | INFO     | __main__:run_zonal_forecast:527 -   Source: Agrolinking Intelligence Platform
2026-09-30 11:07:49.296 | INFO     | __main__:run_zonal_forecast:527 -   Next update: 01 Oct 2026
2026-09-30 11:07:49.296 | INFO     | __main__:run_zonal_forecast:528 - =================================================================
2026-09-30 11:07:49.296 | SUCCESS  | __main__:run_zonal_forecast:529 - ZONAL FORECASTING COMPLETE — 6 zones | 12 states | 17 commodities
