2026-07-31 06:32:33.147 | INFO     | __main__:run_zonal_forecast:464 - =================================================================
2026-07-31 06:32:33.158 | INFO     | __main__:run_zonal_forecast:465 - STEP 7 — ZONAL & STATE-LEVEL FORECASTING
2026-07-31 06:32:33.158 | INFO     | __main__:run_zonal_forecast:466 -   Date  : Friday, 31 July 2026  06:32
2026-07-31 06:32:33.158 | INFO     | __main__:run_zonal_forecast:467 -   Anchor: DAILY INTERPOLATED (from last_known_date, drifts daily)
2026-07-31 06:32:33.158 | INFO     | __main__:run_zonal_forecast:468 - =================================================================
2026-07-31 06:32:33.422 | INFO     | __main__:run_zonal_forecast:471 -   Source: forecast_validated_2026-07-31.json
2026-07-31 06:32:33.424 | INFO     | __main__:run_zonal_forecast:478 -   Maize (white): last_known=2026-07-31, days_elapsed=0
2026-07-31 06:32:33.424 | INFO     | __main__:run_zonal_forecast:478 -   Hibiscus: last_known=2026-07-31, days_elapsed=0
2026-07-31 06:32:33.428 | INFO     | __main__:run_zonal_forecast:478 -   Sesame: last_known=2026-07-31, days_elapsed=0
2026-07-31 06:32:33.428 | INFO     | __main__:build_zonal_output:285 - 
2026-07-31 06:32:33.431 | INFO     | __main__:build_zonal_output:286 -   NATIONAL ANCHORS (interpolated from last_known_date to today):
2026-07-31 06:32:33.433 | INFO     | __main__:build_zonal_output:287 -   Commodity                 Today Price   Day Chg    vs Ref  Source
2026-07-31 06:32:33.434 | INFO     | __main__:build_zonal_output:288 -   --------------------------------------------------------------------------------
2026-07-31 06:32:33.434 | DEBUG    | __main__:get_daily_price:116 -   last_known=2026-07-31, run=2026-07-31, elapsed=7d
2026-07-31 06:32:33.441 | DEBUG    | __main__:get_daily_price:82 -   last_known_date 2026-07-31 is in future. Capping to 7 days ago.
2026-07-31 06:32:33.443 | DEBUG    | __main__:get_daily_price:116 -   last_known=2026-07-31, run=2026-07-30, elapsed=7d
2026-07-31 06:32:33.448 | INFO     | __main__:build_zonal_output:318 -   Hibiscus               N   2,425,974    -0.07%   -0.98%  interp d7 (weekly series | -0.98% v
2026-07-31 06:32:33.450 | DEBUG    | __main__:get_daily_price:116 -   last_known=2026-07-31, run=2026-07-31, elapsed=7d
2026-07-31 06:32:33.456 | DEBUG    | __main__:get_daily_price:82 -   last_known_date 2026-07-31 is in future. Capping to 7 days ago.
2026-07-31 06:32:33.456 | DEBUG    | __main__:get_daily_price:116 -   last_known=2026-07-31, run=2026-07-30, elapsed=7d
2026-07-31 06:32:33.463 | INFO     | __main__:build_zonal_output:318 -   Sesame                 N   1,472,613    +0.06%  + +0.86%  interp d7 (weekly series | +0.86% v
2026-07-31 06:32:33.463 | DEBUG    | __main__:get_daily_price:116 -   last_known=2026-07-31, run=2026-07-31, elapsed=7d
2026-07-31 06:32:33.469 | DEBUG    | __main__:get_daily_price:82 -   last_known_date 2026-07-31 is in future. Capping to 7 days ago.
2026-07-31 06:32:33.469 | DEBUG    | __main__:get_daily_price:116 -   last_known=2026-07-31, run=2026-07-30, elapsed=7d
2026-07-31 06:32:33.475 | INFO     | __main__:build_zonal_output:318 -   Ginger                 N   9,835,710    +0.10%  + +1.40%  interp d7 (weekly series | +1.40% v
2026-07-31 06:32:33.475 | DEBUG    | __main__:get_daily_price:116 -   last_known=2026-07-31, run=2026-07-31, elapsed=7d
2026-07-31 06:32:33.481 | DEBUG    | __main__:get_daily_price:82 -   last_known_date 2026-07-31 is in future. Capping to 7 days ago.
2026-07-31 06:32:33.483 | DEBUG    | __main__:get_daily_price:116 -   last_known=2026-07-31, run=2026-07-30, elapsed=7d
2026-07-31 06:32:33.488 | INFO     | __main__:build_zonal_output:318 -   Cocoa                  N   4,765,139    +0.10%  + +1.39%  interp d7 (weekly series | +1.39% v
2026-07-31 06:32:33.491 | DEBUG    | __main__:get_daily_price:116 -   last_known=2026-07-31, run=2026-07-31, elapsed=7d
2026-07-31 06:32:33.497 | DEBUG    | __main__:get_daily_price:82 -   last_known_date 2026-07-31 is in future. Capping to 7 days ago.
2026-07-31 06:32:33.497 | DEBUG    | __main__:get_daily_price:116 -   last_known=2026-07-31, run=2026-07-30, elapsed=7d
2026-07-31 06:32:33.502 | INFO     | __main__:build_zonal_output:318 -   Soybeans               N     784,464    +0.04%  + +0.57%  interp d7 (weekly series | +0.57% v
2026-07-31 06:32:33.502 | DEBUG    | __main__:get_daily_price:116 -   last_known=2026-07-31, run=2026-07-31, elapsed=7d
2026-07-31 06:32:33.510 | DEBUG    | __main__:get_daily_price:82 -   last_known_date 2026-07-31 is in future. Capping to 7 days ago.
2026-07-31 06:32:33.511 | DEBUG    | __main__:get_daily_price:116 -   last_known=2026-07-31, run=2026-07-30, elapsed=7d
2026-07-31 06:32:33.516 | INFO     | __main__:build_zonal_output:318 -   Cashew Nuts            N   1,911,156    +0.04%  + +0.59%  interp d7 (weekly series | +0.59% v
2026-07-31 06:32:33.518 | DEBUG    | __main__:get_daily_price:116 -   last_known=2026-07-31, run=2026-07-31, elapsed=7d
2026-07-31 06:32:33.524 | DEBUG    | __main__:get_daily_price:82 -   last_known_date 2026-07-31 is in future. Capping to 7 days ago.
2026-07-31 06:32:33.524 | DEBUG    | __main__:get_daily_price:116 -   last_known=2026-07-31, run=2026-07-30, elapsed=7d
2026-07-31 06:32:33.528 | INFO     | __main__:build_zonal_output:318 -   Sorghum                N     357,724    +0.05%  + +0.77%  interp d7 (weekly series | +0.77% v
2026-07-31 06:32:33.532 | DEBUG    | __main__:get_daily_price:116 -   last_known=2026-07-31, run=2026-07-31, elapsed=7d
2026-07-31 06:32:33.537 | DEBUG    | __main__:get_daily_price:82 -   last_known_date 2026-07-31 is in future. Capping to 7 days ago.
2026-07-31 06:32:33.539 | DEBUG    | __main__:get_daily_price:116 -   last_known=2026-07-31, run=2026-07-30, elapsed=7d
2026-07-31 06:32:33.544 | INFO     | __main__:build_zonal_output:318 -   Beans (white)          N     761,660    +0.11%  + +1.55%  interp d7 (weekly series | +1.55% v
2026-07-31 06:32:33.545 | DEBUG    | __main__:get_daily_price:116 -   last_known=2026-07-31, run=2026-07-31, elapsed=7d
2026-07-31 06:32:33.549 | DEBUG    | __main__:get_daily_price:82 -   last_known_date 2026-07-31 is in future. Capping to 7 days ago.
2026-07-31 06:32:33.549 | DEBUG    | __main__:get_daily_price:116 -   last_known=2026-07-31, run=2026-07-30, elapsed=7d
2026-07-31 06:32:33.553 | INFO     | __main__:build_zonal_output:318 -   Beans (red)            N     846,184    -0.03%   -0.45%  interp d7 (weekly series | -0.45% v
2026-07-31 06:32:33.554 | DEBUG    | __main__:get_daily_price:116 -   last_known=2026-07-31, run=2026-07-31, elapsed=7d
2026-07-31 06:32:33.558 | DEBUG    | __main__:get_daily_price:82 -   last_known_date 2026-07-31 is in future. Capping to 7 days ago.
2026-07-31 06:32:33.558 | DEBUG    | __main__:get_daily_price:116 -   last_known=2026-07-31, run=2026-07-30, elapsed=7d
2026-07-31 06:32:33.560 | INFO     | __main__:build_zonal_output:318 -   Maize (white)          N     391,432    -0.07%   -0.90%  interp d7 (weekly series | -0.90% v
2026-07-31 06:32:33.562 | DEBUG    | __main__:get_daily_price:116 -   last_known=2026-07-31, run=2026-07-31, elapsed=7d
2026-07-31 06:32:33.564 | DEBUG    | __main__:get_daily_price:82 -   last_known_date 2026-07-31 is in future. Capping to 7 days ago.
2026-07-31 06:32:33.564 | DEBUG    | __main__:get_daily_price:116 -   last_known=2026-07-31, run=2026-07-30, elapsed=7d
2026-07-31 06:32:33.564 | INFO     | __main__:build_zonal_output:318 -   Maize (yellow)         N     419,270    -0.03%   -0.41%  interp d7 (weekly series | -0.41% v
2026-07-31 06:32:33.566 | DEBUG    | __main__:get_daily_price:116 -   last_known=2026-07-31, run=2026-07-31, elapsed=7d
2026-07-31 06:32:33.566 | DEBUG    | __main__:get_daily_price:82 -   last_known_date 2026-07-31 is in future. Capping to 7 days ago.
2026-07-31 06:32:33.566 | DEBUG    | __main__:get_daily_price:116 -   last_known=2026-07-31, run=2026-07-30, elapsed=7d
2026-07-31 06:32:33.566 | INFO     | __main__:build_zonal_output:318 -   Wheat                  N     986,031    -0.10%   -1.40%  interp d7 (weekly series | -1.40% v
2026-07-31 06:32:33.566 | DEBUG    | __main__:get_daily_price:116 -   last_known=2026-07-31, run=2026-07-31, elapsed=7d
2026-07-31 06:32:33.566 | DEBUG    | __main__:get_daily_price:82 -   last_known_date 2026-07-31 is in future. Capping to 7 days ago.
2026-07-31 06:32:33.566 | DEBUG    | __main__:get_daily_price:116 -   last_known=2026-07-31, run=2026-07-30, elapsed=7d
2026-07-31 06:32:33.572 | INFO     | __main__:build_zonal_output:318 -   Rice                   N   1,338,520    +0.10%  + +1.40%  interp d7 (weekly series | +1.40% v
2026-07-31 06:32:33.573 | DEBUG    | __main__:get_daily_price:116 -   last_known=2026-07-31, run=2026-07-31, elapsed=7d
2026-07-31 06:32:33.575 | DEBUG    | __main__:get_daily_price:82 -   last_known_date 2026-07-31 is in future. Capping to 7 days ago.
2026-07-31 06:32:33.575 | DEBUG    | __main__:get_daily_price:116 -   last_known=2026-07-31, run=2026-07-30, elapsed=7d
2026-07-31 06:32:33.577 | INFO     | __main__:build_zonal_output:318 -   Eggs                   N       7,862    -0.05%   -0.73%  interp d7 (weekly series | -0.73% v
2026-07-31 06:32:33.577 | DEBUG    | __main__:get_daily_price:116 -   last_known=2026-07-31, run=2026-07-31, elapsed=7d
2026-07-31 06:32:33.577 | DEBUG    | __main__:get_daily_price:82 -   last_known_date 2026-07-31 is in future. Capping to 7 days ago.
2026-07-31 06:32:33.577 | DEBUG    | __main__:get_daily_price:116 -   last_known=2026-07-31, run=2026-07-30, elapsed=7d
2026-07-31 06:32:33.582 | INFO     | __main__:build_zonal_output:318 -   Fish (dried)           N   2,939,183    -0.07%   -0.97%  interp d7 (weekly series | -0.97% v
2026-07-31 06:32:33.582 | DEBUG    | __main__:get_daily_price:116 -   last_known=2026-07-31, run=2026-07-31, elapsed=7d
2026-07-31 06:32:33.584 | DEBUG    | __main__:get_daily_price:82 -   last_known_date 2026-07-31 is in future. Capping to 7 days ago.
2026-07-31 06:32:33.584 | DEBUG    | __main__:get_daily_price:116 -   last_known=2026-07-31, run=2026-07-30, elapsed=7d
2026-07-31 06:32:33.585 | INFO     | __main__:build_zonal_output:318 -   Meat (goat)            N   4,921,009    +0.09%  + +1.26%  interp d7 (weekly series | +1.26% v
2026-07-31 06:32:33.585 | DEBUG    | __main__:get_daily_price:116 -   last_known=2026-07-31, run=2026-07-31, elapsed=7d
2026-07-31 06:32:33.585 | DEBUG    | __main__:get_daily_price:82 -   last_known_date 2026-07-31 is in future. Capping to 7 days ago.
2026-07-31 06:32:33.585 | DEBUG    | __main__:get_daily_price:116 -   last_known=2026-07-31, run=2026-07-30, elapsed=7d
2026-07-31 06:32:33.585 | INFO     | __main__:build_zonal_output:318 -   Meat (beef)            N   4,588,703    +0.08%  + +1.16%  interp d7 (weekly series | +1.16% v
2026-07-31 06:32:33.585 | INFO     | __main__:build_zonal_output:321 - 
2026-07-31 06:32:33.651 | INFO     | __main__:run_zonal_forecast:484 - 
2026-07-31 06:32:33.651 | INFO     | __main__:run_zonal_forecast:485 -   Zone             State        Commodity                 State Price  Day Chg
2026-07-31 06:32:33.652 | INFO     | __main__:run_zonal_forecast:486 -   ------------------------------------------------------------------------
2026-07-31 06:32:33.652 | INFO     | __main__:run_zonal_forecast:493 -   North West       Kano         * Sesame                N   1,222,268/MT  +0.06%
2026-07-31 06:32:33.652 | INFO     | __main__:run_zonal_forecast:493 -   North West       Kano         * Sorghum               N     279,025/MT  +0.05%
2026-07-31 06:32:33.654 | INFO     | __main__:run_zonal_forecast:493 -   North West       Kano         * Beans (white)         N     662,644/MT  +0.11%
2026-07-31 06:32:33.654 | INFO     | __main__:run_zonal_forecast:493 -   North West       Kano         * Maize (white)         N     313,146/MT  -0.07%
2026-07-31 06:32:33.654 | INFO     | __main__:run_zonal_forecast:493 -   North West       Kano         * Maize (yellow)        N     335,416/MT  -0.03%
2026-07-31 06:32:33.655 | INFO     | __main__:run_zonal_forecast:493 -   North West       Kano         * Wheat                 N     877,567/MT  -0.10%
2026-07-31 06:32:33.655 | INFO     | __main__:run_zonal_forecast:493 -   North West       Kaduna       * Ginger                N   7,081,711/MT  +0.10%
2026-07-31 06:32:33.655 | INFO     | __main__:run_zonal_forecast:493 -   North West       Kaduna       * Soybeans              N     658,950/MT  +0.04%
2026-07-31 06:32:33.656 | INFO     | __main__:run_zonal_forecast:493 -   North West       Kaduna       * Sorghum               N     286,180/MT  +0.05%
2026-07-31 06:32:33.656 | INFO     | __main__:run_zonal_forecast:493 -   North West       Kaduna       * Maize (white)         N     317,060/MT  -0.07%
2026-07-31 06:32:33.658 | INFO     | __main__:run_zonal_forecast:493 -   North West       Kaduna       * Maize (yellow)        N     339,608/MT  -0.03%
2026-07-31 06:32:33.658 | INFO     | __main__:run_zonal_forecast:493 -   North West       Kaduna       * Wheat                 N     857,847/MT  -0.10%
2026-07-31 06:32:33.660 | INFO     | __main__:run_zonal_forecast:493 -   North West       Kaduna       * Rice                  N   1,244,824/MT  +0.10%
2026-07-31 06:32:33.660 | INFO     | __main__:run_zonal_forecast:493 -   North Central    Plateau      * Ginger                N   7,376,782/MT  +0.10%
2026-07-31 06:32:33.661 | INFO     | __main__:run_zonal_forecast:493 -   North Central    Plateau      * Soybeans              N     651,105/MT  +0.04%
2026-07-31 06:32:33.661 | INFO     | __main__:run_zonal_forecast:493 -   North Central    Plateau      * Beans (white)         N     685,494/MT  +0.11%
2026-07-31 06:32:33.662 | INFO     | __main__:run_zonal_forecast:493 -   North Central    Plateau      * Maize (white)         N     340,546/MT  -0.07%
2026-07-31 06:32:33.662 | INFO     | __main__:run_zonal_forecast:493 -   North Central    Plateau      * Wheat                 N     897,288/MT  -0.10%
2026-07-31 06:32:33.662 | INFO     | __main__:run_zonal_forecast:493 -   North Central    Plateau      * Rice                  N   1,204,668/MT  +0.10%
2026-07-31 06:32:33.663 | INFO     | __main__:run_zonal_forecast:493 -   North Central    Kogi         * Cocoa                 N   4,193,322/MT  +0.10%
2026-07-31 06:32:33.663 | INFO     | __main__:run_zonal_forecast:493 -   North Central    Kogi         * Soybeans              N     682,484/MT  +0.04%
2026-07-31 06:32:33.664 | INFO     | __main__:run_zonal_forecast:493 -   North Central    Kogi         * Cashew Nuts           N   1,528,925/MT  +0.04%
2026-07-31 06:32:33.664 | INFO     | __main__:run_zonal_forecast:493 -   North Central    Kogi         * Sorghum               N     325,529/MT  +0.05%
2026-07-31 06:32:33.665 | INFO     | __main__:run_zonal_forecast:493 -   North Central    Kogi         * Beans (white)         N     700,727/MT  +0.11%
2026-07-31 06:32:33.665 | INFO     | __main__:run_zonal_forecast:493 -   North Central    Kogi         * Maize (white)         N     352,289/MT  -0.07%
2026-07-31 06:32:33.666 | INFO     | __main__:run_zonal_forecast:493 -   North East       Adamawa      * Sesame                N   1,266,447/MT  +0.06%
2026-07-31 06:32:33.666 | INFO     | __main__:run_zonal_forecast:493 -   North East       Adamawa      * Ginger                N   8,163,639/MT  +0.10%
2026-07-31 06:32:33.667 | INFO     | __main__:run_zonal_forecast:493 -   North East       Adamawa      * Soybeans              N     698,173/MT  +0.04%
2026-07-31 06:32:33.667 | INFO     | __main__:run_zonal_forecast:493 -   North East       Adamawa      * Sorghum               N     311,220/MT  +0.05%
2026-07-31 06:32:33.667 | INFO     | __main__:run_zonal_forecast:493 -   North East       Adamawa      * Beans (white)         N     700,727/MT  +0.11%
2026-07-31 06:32:33.668 | INFO     | __main__:run_zonal_forecast:493 -   North East       Adamawa      * Maize (white)         N     344,460/MT  -0.07%
2026-07-31 06:32:33.669 | INFO     | __main__:run_zonal_forecast:493 -   North East       Borno        * Sesame                N   1,310,625/MT  +0.06%
2026-07-31 06:32:33.669 | INFO     | __main__:run_zonal_forecast:493 -   North East       Borno        * Sorghum               N     329,106/MT  +0.05%
2026-07-31 06:32:33.669 | INFO     | __main__:run_zonal_forecast:493 -   North East       Borno        * Beans (white)         N     807,360/MT  +0.11%
2026-07-31 06:32:33.670 | INFO     | __main__:run_zonal_forecast:493 -   North East       Borno        * Maize (white)         N     422,747/MT  -0.07%
2026-07-31 06:32:33.670 | INFO     | __main__:run_zonal_forecast:493 -   North East       Borno        * Wheat                 N   1,104,354/MT  -0.10%
2026-07-31 06:32:33.671 | INFO     | __main__:run_zonal_forecast:493 -   South West       Oyo          * Hibiscus              N   2,498,753/MT  -0.07%
2026-07-31 06:32:33.672 | INFO     | __main__:run_zonal_forecast:493 -   South West       Oyo          * Cocoa                 N   4,240,973/MT  +0.10%
2026-07-31 06:32:33.673 | INFO     | __main__:run_zonal_forecast:493 -   South West       Oyo          * Soybeans              N     815,843/MT  +0.04%
2026-07-31 06:32:33.675 | INFO     | __main__:run_zonal_forecast:493 -   South West       Oyo          * Cashew Nuts           N   1,643,594/MT  +0.04%
2026-07-31 06:32:33.675 | INFO     | __main__:run_zonal_forecast:493 -   South West       Oyo          * Beans (white)         N     837,826/MT  +0.11%
2026-07-31 06:32:33.676 | INFO     | __main__:run_zonal_forecast:493 -   South West       Oyo          * Maize (white)         N     422,747/MT  -0.07%
2026-07-31 06:32:33.677 | INFO     | __main__:run_zonal_forecast:493 -   South West       Lagos        * Hibiscus              N   2,789,870/MT  -0.07%
2026-07-31 06:32:33.678 | INFO     | __main__:run_zonal_forecast:493 -   South West       Lagos        * Sesame                N   1,737,683/MT  +0.06%
2026-07-31 06:32:33.678 | INFO     | __main__:run_zonal_forecast:493 -   South West       Lagos        * Cocoa                 N   5,146,350/MT  +0.10%
2026-07-31 06:32:33.679 | INFO     | __main__:run_zonal_forecast:493 -   South West       Lagos        * Soybeans              N     957,046/MT  +0.04%
2026-07-31 06:32:33.679 | INFO     | __main__:run_zonal_forecast:493 -   South West       Lagos        * Beans (white)         N     974,925/MT  +0.11%
2026-07-31 06:32:33.679 | INFO     | __main__:run_zonal_forecast:493 -   South West       Lagos        * Beans (red)           N   1,057,729/MT  -0.03%
2026-07-31 06:32:33.680 | INFO     | __main__:run_zonal_forecast:493 -   South West       Lagos        * Maize (white)         N     508,862/MT  -0.07%
2026-07-31 06:32:33.680 | INFO     | __main__:run_zonal_forecast:493 -   South West       Lagos        * Maize (yellow)        N     545,051/MT  -0.03%
2026-07-31 06:32:33.680 | INFO     | __main__:run_zonal_forecast:493 -   South East       Anambra      * Cocoa                 N   5,003,396/MT  +0.10%
2026-07-31 06:32:33.681 | INFO     | __main__:run_zonal_forecast:493 -   South East       Anambra      * Cashew Nuts           N   2,102,272/MT  +0.04%
2026-07-31 06:32:33.682 | INFO     | __main__:run_zonal_forecast:493 -   South East       Anambra      * Beans (white)         N     898,759/MT  +0.11%
2026-07-31 06:32:33.682 | INFO     | __main__:run_zonal_forecast:493 -   South East       Anambra      * Beans (red)           N     973,111/MT  -0.03%
2026-07-31 06:32:33.682 | INFO     | __main__:run_zonal_forecast:493 -   South East       Anambra      * Maize (white)         N     469,718/MT  -0.07%
2026-07-31 06:32:33.683 | INFO     | __main__:run_zonal_forecast:493 -   South East       Imo          * Cocoa                 N   4,336,276/MT  +0.10%
2026-07-31 06:32:33.683 | INFO     | __main__:run_zonal_forecast:493 -   South East       Imo          * Cashew Nuts           N   2,025,826/MT  +0.04%
2026-07-31 06:32:33.683 | INFO     | __main__:run_zonal_forecast:493 -   South East       Imo          * Beans (white)         N     875,909/MT  +0.11%
2026-07-31 06:32:33.684 | INFO     | __main__:run_zonal_forecast:493 -   South East       Imo          * Maize (white)         N     457,975/MT  -0.07%
2026-07-31 06:32:33.685 | INFO     | __main__:run_zonal_forecast:493 -   South South      Rivers       * Hibiscus              N   2,717,090/MT  -0.07%
2026-07-31 06:32:33.685 | INFO     | __main__:run_zonal_forecast:493 -   South South      Rivers       * Sesame                N   1,737,683/MT  +0.06%
2026-07-31 06:32:33.685 | INFO     | __main__:run_zonal_forecast:493 -   South South      Rivers       * Cocoa                 N   5,003,396/MT  +0.10%
2026-07-31 06:32:33.686 | INFO     | __main__:run_zonal_forecast:493 -   South South      Rivers       * Beans (white)         N     929,225/MT  +0.11%
2026-07-31 06:32:33.687 | INFO     | __main__:run_zonal_forecast:493 -   South South      Rivers       * Beans (red)           N   1,015,420/MT  -0.03%
2026-07-31 06:32:33.687 | INFO     | __main__:run_zonal_forecast:493 -   South South      Rivers       * Maize (white)         N     489,290/MT  -0.07%
2026-07-31 06:32:33.687 | INFO     | __main__:run_zonal_forecast:493 -   South South      Delta        * Hibiscus              N   2,620,051/MT  -0.07%
2026-07-31 06:32:33.688 | INFO     | __main__:run_zonal_forecast:493 -   South South      Delta        * Sesame                N   1,708,231/MT  +0.06%
2026-07-31 06:32:33.689 | INFO     | __main__:run_zonal_forecast:493 -   South South      Delta        * Cocoa                 N   4,431,579/MT  +0.10%
2026-07-31 06:32:33.689 | INFO     | __main__:run_zonal_forecast:493 -   South South      Delta        * Soybeans              N     894,289/MT  +0.04%
2026-07-31 06:32:33.689 | INFO     | __main__:run_zonal_forecast:493 -   South South      Delta        * Beans (white)         N     891,142/MT  +0.11%
2026-07-31 06:32:33.690 | INFO     | __main__:run_zonal_forecast:493 -   South South      Delta        * Maize (white)         N     469,718/MT  -0.07%
2026-07-31 06:32:34.103 | SUCCESS  | __main__:run_zonal_forecast:507 -   Zonal JSON  -> C:\Users\USER\Downloads\agrolinking-intel-structure\agrolinking-intel\outputs\forecasts\zonal\zonal_forecast_2026-07-31.json
2026-07-31 06:32:34.103 | SUCCESS  | __main__:run_zonal_forecast:513 -   Zonal alert -> C:\Users\USER\Downloads\agrolinking-intel-structure\agrolinking-intel\outputs\daily_alerts\alert_zonal_2026-07-31.txt
2026-07-31 06:32:34.103 | INFO     | __main__:run_zonal_forecast:515 - 
2026-07-31 06:32:34.108 | INFO     | __main__:run_zonal_forecast:516 - =================================================================
2026-07-31 06:32:34.108 | INFO     | __main__:run_zonal_forecast:518 -   ================================================
2026-07-31 06:32:34.110 | INFO     | __main__:run_zonal_forecast:518 -   AGROLINKING ZONAL COMMODITY INTELLIGENCE
2026-07-31 06:32:34.110 | INFO     | __main__:run_zonal_forecast:518 -   Date: Friday, 31 July 2026
2026-07-31 06:32:34.110 | INFO     | __main__:run_zonal_forecast:518 -   6 Zones | 12 States | 12 Commodities
2026-07-31 06:32:34.112 | INFO     | __main__:run_zonal_forecast:518 -   ================================================
2026-07-31 06:32:34.112 | INFO     | __main__:run_zonal_forecast:518 -   
2026-07-31 06:32:34.112 | INFO     | __main__:run_zonal_forecast:518 -   NORTH WEST (Kano & Kaduna)
2026-07-31 06:32:34.113 | INFO     | __main__:run_zonal_forecast:518 -   Nigeria's main grain belt. Highest Maize, Sorghum, Sesame, Wheat production.
2026-07-31 06:32:34.113 | INFO     | __main__:run_zonal_forecast:518 -   
2026-07-31 06:32:34.115 | INFO     | __main__:run_zonal_forecast:518 -     Commodity           Kano                Kaduna            
2026-07-31 06:32:34.115 | INFO     | __main__:run_zonal_forecast:518 -     ------------------------------------------------------------
2026-07-31 06:32:34.115 | INFO     | __main__:run_zonal_forecast:518 -     Hibiscus                N2.305M    (-0.1%)    N2.256M    (-0.1%)
2026-07-31 06:32:34.115 | INFO     | __main__:run_zonal_forecast:518 -     Sesame                * N1.222M    (+0.1%)    N1.252M    (+0.1%)
2026-07-31 06:32:34.115 | INFO     | __main__:run_zonal_forecast:518 -     Ginger                  N9.639M    (+0.1%)  * N7.082M    (+0.1%)
2026-07-31 06:32:34.118 | INFO     | __main__:run_zonal_forecast:518 -     Cocoa                   N4.860M    (+0.1%)    N5.003M    (+0.1%)
2026-07-31 06:32:34.118 | INFO     | __main__:run_zonal_forecast:518 -     Soybeans                N706K      (+0.0%)  * N659K      (+0.0%)
2026-07-31 06:32:34.118 | INFO     | __main__:run_zonal_forecast:518 -     Cashew Nuts             N1.911M    (+0.0%)    N1.949M    (+0.0%)
2026-07-31 06:32:34.118 | INFO     | __main__:run_zonal_forecast:518 -     Sorghum               * N279K      (+0.1%)  * N286K      (+0.1%)
2026-07-31 06:32:34.118 | INFO     | __main__:run_zonal_forecast:518 -     Beans (white)         * N663K      (+0.1%)    N670K      (+0.1%)
2026-07-31 06:32:34.118 | INFO     | __main__:run_zonal_forecast:518 -     Beans (red)             N762K      (-0.0%)    N770K      (-0.0%)
2026-07-31 06:32:34.118 | INFO     | __main__:run_zonal_forecast:518 -     Maize (white)         * N313K      (-0.1%)  * N317K      (-0.1%)
2026-07-31 06:32:34.122 | INFO     | __main__:run_zonal_forecast:518 -     Maize (yellow)        * N335K      (-0.0%)  * N340K      (-0.0%)
2026-07-31 06:32:34.122 | INFO     | __main__:run_zonal_forecast:518 -     Wheat                 * N878K      (-0.1%)  * N858K      (-0.1%)
2026-07-31 06:32:34.124 | INFO     | __main__:run_zonal_forecast:518 -     Rice                    N1.272M    (+0.1%)  * N1.245M    (+0.1%)
2026-07-31 06:32:34.124 | INFO     | __main__:run_zonal_forecast:518 -     Eggs                    N7K        (-0.1%)    N7K        (-0.1%)
2026-07-31 06:32:34.124 | INFO     | __main__:run_zonal_forecast:518 -     Fish (dried)            N3.233M    (-0.1%)    N3.174M    (-0.1%)
2026-07-31 06:32:34.124 | INFO     | __main__:run_zonal_forecast:518 -     Meat (goat)             N4.281M    (+0.1%)    N4.380M    (+0.1%)
2026-07-31 06:32:34.124 | INFO     | __main__:run_zonal_forecast:518 -     Meat (beef)             N4.038M    (+0.1%)    N4.130M    (+0.1%)
2026-07-31 06:32:34.124 | INFO     | __main__:run_zonal_forecast:518 -   
2026-07-31 06:32:34.124 | INFO     | __main__:run_zonal_forecast:518 -   NORTH CENTRAL (Plateau & Kogi)
2026-07-31 06:32:34.124 | INFO     | __main__:run_zonal_forecast:518 -   Middle Belt. Ginger heartland (Plateau), Cashew/Cocoa belt (Kogi).
2026-07-31 06:32:34.124 | INFO     | __main__:run_zonal_forecast:518 -   
2026-07-31 06:32:34.124 | INFO     | __main__:run_zonal_forecast:518 -     Commodity           Plateau             Kogi              
2026-07-31 06:32:34.129 | INFO     | __main__:run_zonal_forecast:518 -     ------------------------------------------------------------
2026-07-31 06:32:34.129 | INFO     | __main__:run_zonal_forecast:518 -     Hibiscus                N2.353M    (-0.1%)    N2.329M    (-0.1%)
2026-07-31 06:32:34.129 | INFO     | __main__:run_zonal_forecast:518 -     Sesame                  N1.414M    (+0.1%)    N1.428M    (+0.1%)
2026-07-31 06:32:34.129 | INFO     | __main__:run_zonal_forecast:518 -     Ginger                * N7.377M    (+0.1%)    N9.246M    (+0.1%)
2026-07-31 06:32:34.129 | INFO     | __main__:run_zonal_forecast:518 -     Cocoa                   N5.146M    (+0.1%)  * N4.193M    (+0.1%)
2026-07-31 06:32:34.129 | INFO     | __main__:run_zonal_forecast:518 -     Soybeans              * N651K      (+0.0%)  * N682K      (+0.0%)
2026-07-31 06:32:34.129 | INFO     | __main__:run_zonal_forecast:518 -     Cashew Nuts             N2.007M    (+0.0%)  * N1.529M    (+0.0%)
2026-07-31 06:32:34.134 | INFO     | __main__:run_zonal_forecast:518 -     Sorghum                 N329K      (+0.1%)  * N326K      (+0.1%)
2026-07-31 06:32:34.134 | INFO     | __main__:run_zonal_forecast:518 -     Beans (white)         * N685K      (+0.1%)  * N701K      (+0.1%)
2026-07-31 06:32:34.134 | INFO     | __main__:run_zonal_forecast:518 -     Beans (red)             N804K      (-0.0%)    N795K      (-0.0%)
2026-07-31 06:32:34.136 | INFO     | __main__:run_zonal_forecast:518 -     Maize (white)         * N341K      (-0.1%)  * N352K      (-0.1%)
2026-07-31 06:32:34.136 | INFO     | __main__:run_zonal_forecast:518 -     Maize (yellow)          N369K      (-0.0%)    N382K      (-0.0%)
2026-07-31 06:32:34.136 | INFO     | __main__:run_zonal_forecast:518 -     Wheat                 * N897K      (-0.1%)    N956K      (-0.1%)
2026-07-31 06:32:34.138 | INFO     | __main__:run_zonal_forecast:518 -     Rice                  * N1.205M    (+0.1%)    N1.298M    (+0.1%)
2026-07-31 06:32:34.138 | INFO     | __main__:run_zonal_forecast:518 -     Eggs                    N7K        (-0.1%)    N8K        (-0.1%)
2026-07-31 06:32:34.138 | INFO     | __main__:run_zonal_forecast:518 -     Fish (dried)            N3.086M    (-0.1%)    N2.998M    (-0.1%)
2026-07-31 06:32:34.138 | INFO     | __main__:run_zonal_forecast:518 -     Meat (goat)             N4.478M    (+0.1%)    N4.626M    (+0.1%)
2026-07-31 06:32:34.138 | INFO     | __main__:run_zonal_forecast:518 -     Meat (beef)             N4.222M    (+0.1%)    N4.359M    (+0.1%)
2026-07-31 06:32:34.140 | INFO     | __main__:run_zonal_forecast:518 -   
2026-07-31 06:32:34.140 | INFO     | __main__:run_zonal_forecast:518 -   NORTH EAST (Adamawa & Borno)
2026-07-31 06:32:34.142 | INFO     | __main__:run_zonal_forecast:518 -   Semi-arid. Sorghum, Maize. Conflict premium on imports in Borno.
2026-07-31 06:32:34.142 | INFO     | __main__:run_zonal_forecast:518 -   
2026-07-31 06:32:34.144 | INFO     | __main__:run_zonal_forecast:518 -     Commodity           Adamawa             Borno             
2026-07-31 06:32:34.144 | INFO     | __main__:run_zonal_forecast:518 -     ------------------------------------------------------------
2026-07-31 06:32:34.144 | INFO     | __main__:run_zonal_forecast:518 -     Hibiscus                N2.377M    (-0.1%)    N2.547M    (-0.1%)
2026-07-31 06:32:34.146 | INFO     | __main__:run_zonal_forecast:518 -     Sesame                * N1.266M    (+0.1%)  * N1.311M    (+0.1%)
2026-07-31 06:32:34.146 | INFO     | __main__:run_zonal_forecast:518 -     Ginger                * N8.164M    (+0.1%)    N11.311M   (+0.1%)
2026-07-31 06:32:34.148 | INFO     | __main__:run_zonal_forecast:518 -     Cocoa                   N5.003M    (+0.1%)    N5.623M    (+0.1%)
2026-07-31 06:32:34.148 | INFO     | __main__:run_zonal_forecast:518 -     Soybeans              * N698K      (+0.0%)    N847K      (+0.0%)
2026-07-31 06:32:34.148 | INFO     | __main__:run_zonal_forecast:518 -     Cashew Nuts             N1.988M    (+0.0%)    N2.198M    (+0.0%)
2026-07-31 06:32:34.150 | INFO     | __main__:run_zonal_forecast:518 -     Sorghum               * N311K      (+0.1%)  * N329K      (+0.1%)
2026-07-31 06:32:34.150 | INFO     | __main__:run_zonal_forecast:518 -     Beans (white)         * N701K      (+0.1%)  * N807K      (+0.1%)
2026-07-31 06:32:34.150 | INFO     | __main__:run_zonal_forecast:518 -     Beans (red)             N804K      (-0.0%)    N931K      (-0.0%)
2026-07-31 06:32:34.150 | INFO     | __main__:run_zonal_forecast:518 -     Maize (white)         * N344K      (-0.1%)  * N423K      (-0.1%)
2026-07-31 06:32:34.152 | INFO     | __main__:run_zonal_forecast:518 -     Maize (yellow)          N373K      (-0.0%)    N453K      (-0.0%)
2026-07-31 06:32:34.152 | INFO     | __main__:run_zonal_forecast:518 -     Wheat                   N966K      (-0.1%)  * N1.104M    (-0.1%)
2026-07-31 06:32:34.152 | INFO     | __main__:run_zonal_forecast:518 -     Rice                    N1.365M    (+0.1%)    N1.472M    (+0.1%)
2026-07-31 06:32:34.153 | INFO     | __main__:run_zonal_forecast:518 -     Eggs                    N8K        (-0.1%)    N8K        (-0.1%)
2026-07-31 06:32:34.153 | INFO     | __main__:run_zonal_forecast:518 -     Fish (dried)            N3.292M    (-0.1%)    N3.468M    (-0.1%)
2026-07-31 06:32:34.153 | INFO     | __main__:run_zonal_forecast:518 -     Meat (goat)             N4.527M    (+0.1%)    N5.118M    (+0.1%)
2026-07-31 06:32:34.153 | INFO     | __main__:run_zonal_forecast:518 -     Meat (beef)             N4.267M    (+0.1%)    N4.818M    (+0.1%)
2026-07-31 06:32:34.155 | INFO     | __main__:run_zonal_forecast:518 -   
2026-07-31 06:32:34.157 | INFO     | __main__:run_zonal_forecast:518 -   SOUTH WEST (Oyo & Lagos)
2026-07-31 06:32:34.157 | INFO     | __main__:run_zonal_forecast:518 -   Commercial capital. Lagos is the price-setter for consumer markets.
2026-07-31 06:32:34.157 | INFO     | __main__:run_zonal_forecast:518 -   
2026-07-31 06:32:34.158 | INFO     | __main__:run_zonal_forecast:518 -     Commodity           Oyo                 Lagos             
2026-07-31 06:32:34.158 | INFO     | __main__:run_zonal_forecast:518 -     ------------------------------------------------------------
2026-07-31 06:32:34.158 | INFO     | __main__:run_zonal_forecast:518 -     Hibiscus              * N2.499M    (-0.1%)  * N2.790M    (-0.1%)
2026-07-31 06:32:34.160 | INFO     | __main__:run_zonal_forecast:518 -     Sesame                  N1.561M    (+0.1%)  * N1.738M    (+0.1%)
2026-07-31 06:32:34.161 | INFO     | __main__:run_zonal_forecast:518 -     Ginger                  N10.623M   (+0.1%)    N11.803M   (+0.1%)
2026-07-31 06:32:34.161 | INFO     | __main__:run_zonal_forecast:518 -     Cocoa                 * N4.241M    (+0.1%)  * N5.146M    (+0.1%)
2026-07-31 06:32:34.163 | INFO     | __main__:run_zonal_forecast:518 -     Soybeans              * N816K      (+0.0%)  * N957K      (+0.0%)
2026-07-31 06:32:34.163 | INFO     | __main__:run_zonal_forecast:518 -     Cashew Nuts           * N1.644M    (+0.0%)    N2.102M    (+0.0%)
2026-07-31 06:32:34.164 | INFO     | __main__:run_zonal_forecast:518 -     Sorghum                 N376K      (+0.1%)    N422K      (+0.1%)
2026-07-31 06:32:34.164 | INFO     | __main__:run_zonal_forecast:518 -     Beans (white)         * N838K      (+0.1%)  * N975K      (+0.1%)
2026-07-31 06:32:34.165 | INFO     | __main__:run_zonal_forecast:518 -     Beans (red)             N948K      (-0.0%)  * N1.058M    (-0.0%)
2026-07-31 06:32:34.165 | INFO     | __main__:run_zonal_forecast:518 -     Maize (white)         * N423K      (-0.1%)  * N509K      (-0.1%)
2026-07-31 06:32:34.165 | INFO     | __main__:run_zonal_forecast:518 -     Maize (yellow)          N453K      (-0.0%)  * N545K      (-0.0%)
2026-07-31 06:32:34.165 | INFO     | __main__:run_zonal_forecast:518 -     Wheat                   N1.085M    (-0.1%)    N1.134M    (-0.1%)
2026-07-31 06:32:34.165 | INFO     | __main__:run_zonal_forecast:518 -     Rice                    N1.446M    (+0.1%)    N1.579M    (+0.1%)
2026-07-31 06:32:34.165 | INFO     | __main__:run_zonal_forecast:518 -     Eggs                    N8K        (-0.1%)    N9K        (-0.1%)
2026-07-31 06:32:34.165 | INFO     | __main__:run_zonal_forecast:518 -     Fish (dried)            N2.880M    (-0.1%)    N3.174M    (-0.1%)
2026-07-31 06:32:34.168 | INFO     | __main__:run_zonal_forecast:518 -     Meat (goat)             N5.216M    (+0.1%)    N5.856M    (+0.1%)
2026-07-31 06:32:34.168 | INFO     | __main__:run_zonal_forecast:518 -     Meat (beef)             N4.818M    (+0.1%)    N5.415M    (+0.1%)
2026-07-31 06:32:34.168 | INFO     | __main__:run_zonal_forecast:518 -   
2026-07-31 06:32:34.168 | INFO     | __main__:run_zonal_forecast:518 -   SOUTH EAST (Anambra & Imo)
2026-07-31 06:32:34.168 | INFO     | __main__:run_zonal_forecast:518 -   High consumption, low production of traded commodities. Import-dependent.
2026-07-31 06:32:34.168 | INFO     | __main__:run_zonal_forecast:518 -   
2026-07-31 06:32:34.170 | INFO     | __main__:run_zonal_forecast:518 -     Commodity           Anambra             Imo               
2026-07-31 06:32:34.170 | INFO     | __main__:run_zonal_forecast:518 -     ------------------------------------------------------------
2026-07-31 06:32:34.170 | INFO     | __main__:run_zonal_forecast:518 -     Hibiscus                N2.717M    (-0.1%)    N2.669M    (-0.1%)
2026-07-31 06:32:34.170 | INFO     | __main__:run_zonal_forecast:518 -     Sesame                  N1.708M    (+0.1%)    N1.679M    (+0.1%)
2026-07-31 06:32:34.172 | INFO     | __main__:run_zonal_forecast:518 -     Ginger                  N11.311M   (+0.1%)    N11.016M   (+0.1%)
2026-07-31 06:32:34.172 | INFO     | __main__:run_zonal_forecast:518 -     Cocoa                 * N5.003M    (+0.1%)  * N4.336M    (+0.1%)
2026-07-31 06:32:34.172 | INFO     | __main__:run_zonal_forecast:518 -     Soybeans                N894K      (+0.0%)    N879K      (+0.0%)
2026-07-31 06:32:34.172 | INFO     | __main__:run_zonal_forecast:518 -     Cashew Nuts           * N2.102M    (+0.0%)  * N2.026M    (+0.0%)
2026-07-31 06:32:34.172 | INFO     | __main__:run_zonal_forecast:518 -     Sorghum                 N408K      (+0.1%)    N401K      (+0.1%)
2026-07-31 06:32:34.172 | INFO     | __main__:run_zonal_forecast:518 -     Beans (white)         * N899K      (+0.1%)  * N876K      (+0.1%)
2026-07-31 06:32:34.172 | INFO     | __main__:run_zonal_forecast:518 -     Beans (red)           * N973K      (-0.0%)    N956K      (-0.0%)
2026-07-31 06:32:34.172 | INFO     | __main__:run_zonal_forecast:518 -     Maize (white)         * N470K      (-0.1%)  * N458K      (-0.1%)
2026-07-31 06:32:34.172 | INFO     | __main__:run_zonal_forecast:518 -     Maize (yellow)          N503K      (-0.0%)    N491K      (-0.0%)
2026-07-31 06:32:34.177 | INFO     | __main__:run_zonal_forecast:518 -     Wheat                   N1.164M    (-0.1%)    N1.144M    (-0.1%)
2026-07-31 06:32:34.177 | INFO     | __main__:run_zonal_forecast:518 -     Rice                    N1.499M    (+0.1%)    N1.472M    (+0.1%)
2026-07-31 06:32:34.177 | INFO     | __main__:run_zonal_forecast:518 -     Eggs                    N8K        (-0.1%)    N8K        (-0.1%)
2026-07-31 06:32:34.177 | INFO     | __main__:run_zonal_forecast:518 -     Fish (dried)            N2.792M    (-0.1%)    N2.733M    (-0.1%)
2026-07-31 06:32:34.177 | INFO     | __main__:run_zonal_forecast:518 -     Meat (goat)             N5.364M    (+0.1%)    N5.265M    (+0.1%)
2026-07-31 06:32:34.177 | INFO     | __main__:run_zonal_forecast:518 -     Meat (beef)             N4.956M    (+0.1%)    N4.864M    (+0.1%)
2026-07-31 06:32:34.180 | INFO     | __main__:run_zonal_forecast:518 -   
2026-07-31 06:32:34.180 | INFO     | __main__:run_zonal_forecast:518 -   SOUTH SOUTH (Rivers & Delta)
2026-07-31 06:32:34.180 | INFO     | __main__:run_zonal_forecast:518 -   Oil belt. High purchasing power. Cocoa producer (Delta).
2026-07-31 06:32:34.180 | INFO     | __main__:run_zonal_forecast:518 -   
2026-07-31 06:32:34.180 | INFO     | __main__:run_zonal_forecast:518 -     Commodity           Rivers              Delta             
2026-07-31 06:32:34.180 | INFO     | __main__:run_zonal_forecast:518 -     ------------------------------------------------------------
2026-07-31 06:32:34.183 | INFO     | __main__:run_zonal_forecast:518 -     Hibiscus              * N2.717M    (-0.1%)  * N2.620M    (-0.1%)
2026-07-31 06:32:34.183 | INFO     | __main__:run_zonal_forecast:518 -     Sesame                * N1.738M    (+0.1%)  * N1.708M    (+0.1%)
2026-07-31 06:32:34.183 | INFO     | __main__:run_zonal_forecast:518 -     Ginger                  N11.803M   (+0.1%)    N11.311M   (+0.1%)
2026-07-31 06:32:34.186 | INFO     | __main__:run_zonal_forecast:518 -     Cocoa                 * N5.003M    (+0.1%)  * N4.432M    (+0.1%)
2026-07-31 06:32:34.186 | INFO     | __main__:run_zonal_forecast:518 -     Soybeans                N926K      (+0.0%)  * N894K      (+0.0%)
2026-07-31 06:32:34.186 | INFO     | __main__:run_zonal_forecast:518 -     Cashew Nuts             N2.198M    (+0.0%)    N2.102M    (+0.0%)
2026-07-31 06:32:34.187 | INFO     | __main__:run_zonal_forecast:518 -     Sorghum                 N429K      (+0.1%)    N422K      (+0.1%)
2026-07-31 06:32:34.187 | INFO     | __main__:run_zonal_forecast:518 -     Beans (white)         * N929K      (+0.1%)  * N891K      (+0.1%)
2026-07-31 06:32:34.187 | INFO     | __main__:run_zonal_forecast:518 -     Beans (red)           * N1.015M    (-0.0%)    N973K      (-0.0%)
2026-07-31 06:32:34.188 | INFO     | __main__:run_zonal_forecast:518 -     Maize (white)         * N489K      (-0.1%)  * N470K      (-0.1%)
2026-07-31 06:32:34.188 | INFO     | __main__:run_zonal_forecast:518 -     Maize (yellow)          N524K      (-0.0%)    N503K      (-0.0%)
2026-07-31 06:32:34.190 | INFO     | __main__:run_zonal_forecast:518 -     Wheat                   N1.203M    (-0.1%)    N1.183M    (-0.1%)
2026-07-31 06:32:34.190 | INFO     | __main__:run_zonal_forecast:518 -     Rice                    N1.539M    (+0.1%)    N1.499M    (+0.1%)
2026-07-31 06:32:34.190 | INFO     | __main__:run_zonal_forecast:518 -     Eggs                    N8K        (-0.1%)    N8K        (-0.1%)
2026-07-31 06:32:34.190 | INFO     | __main__:run_zonal_forecast:518 -     Fish (dried)            N2.586M    (-0.1%)    N2.645M    (-0.1%)
2026-07-31 06:32:34.190 | INFO     | __main__:run_zonal_forecast:518 -     Meat (goat)             N5.561M    (+0.1%)    N5.462M    (+0.1%)
2026-07-31 06:32:34.194 | INFO     | __main__:run_zonal_forecast:518 -     Meat (beef)             N5.139M    (+0.1%)    N5.048M    (+0.1%)
2026-07-31 06:32:34.194 | INFO     | __main__:run_zonal_forecast:518 -   
2026-07-31 06:32:34.196 | INFO     | __main__:run_zonal_forecast:518 -   ==========================================================
2026-07-31 06:32:34.196 | INFO     | __main__:run_zonal_forecast:518 -   * = primary commodity  (+/-%) = day-on-day change
2026-07-31 06:32:34.198 | INFO     | __main__:run_zonal_forecast:518 -   
2026-07-31 06:32:34.198 | INFO     | __main__:run_zonal_forecast:518 -   NATIONAL PRICE CHANGES TODAY:
2026-07-31 06:32:34.198 | INFO     | __main__:run_zonal_forecast:518 -     Commodity                   Price   Day Chg    vs Ref
2026-07-31 06:32:34.199 | INFO     | __main__:run_zonal_forecast:518 -     ------------------------------------------------------
2026-07-31 06:32:34.199 | INFO     | __main__:run_zonal_forecast:518 -     Hibiscus                  N2.426M    -0.07%    -0.98%
2026-07-31 06:32:34.200 | INFO     | __main__:run_zonal_forecast:518 -     Sesame                    N1.473M    +0.06%    +0.86%
2026-07-31 06:32:34.200 | INFO     | __main__:run_zonal_forecast:518 -     Ginger                    N9.836M    +0.10%    +1.40%
2026-07-31 06:32:34.200 | INFO     | __main__:run_zonal_forecast:518 -     Cocoa                     N4.765M    +0.10%    +1.39%
2026-07-31 06:32:34.200 | INFO     | __main__:run_zonal_forecast:518 -     Soybeans                    N784K    +0.04%    +0.57%
2026-07-31 06:32:34.200 | INFO     | __main__:run_zonal_forecast:518 -     Cashew Nuts               N1.911M    +0.04%    +0.59%
2026-07-31 06:32:34.202 | INFO     | __main__:run_zonal_forecast:518 -     Sorghum                     N358K    +0.05%    +0.77%
2026-07-31 06:32:34.203 | INFO     | __main__:run_zonal_forecast:518 -     Beans (white)               N762K    +0.11%    +1.55%
2026-07-31 06:32:34.203 | INFO     | __main__:run_zonal_forecast:518 -     Beans (red)                 N846K    -0.03%    -0.45%
2026-07-31 06:32:34.203 | INFO     | __main__:run_zonal_forecast:518 -     Maize (white)               N391K    -0.07%    -0.90%
2026-07-31 06:32:34.203 | INFO     | __main__:run_zonal_forecast:518 -     Maize (yellow)              N419K    -0.03%    -0.41%
2026-07-31 06:32:34.205 | INFO     | __main__:run_zonal_forecast:518 -     Wheat                       N986K    -0.10%    -1.40%
2026-07-31 06:32:34.205 | INFO     | __main__:run_zonal_forecast:518 -     Rice                      N1.339M    +0.10%    +1.40%
2026-07-31 06:32:34.205 | INFO     | __main__:run_zonal_forecast:518 -     Eggs                          N8K    -0.05%    -0.73%
2026-07-31 06:32:34.205 | INFO     | __main__:run_zonal_forecast:518 -     Fish (dried)              N2.939M    -0.07%    -0.97%
2026-07-31 06:32:34.205 | INFO     | __main__:run_zonal_forecast:518 -     Meat (goat)               N4.921M    +0.09%    +1.26%
2026-07-31 06:32:34.205 | INFO     | __main__:run_zonal_forecast:518 -     Meat (beef)               N4.589M    +0.08%    +1.16%
2026-07-31 06:32:34.205 | INFO     | __main__:run_zonal_forecast:518 -   
2026-07-31 06:32:34.205 | INFO     | __main__:run_zonal_forecast:518 -   BEST SOURCING NATIONALLY:
2026-07-31 06:32:34.210 | INFO     | __main__:run_zonal_forecast:518 -     Commodity              Best State           Price  Spread
2026-07-31 06:32:34.210 | INFO     | __main__:run_zonal_forecast:518 -     ------------------------------------------------------------
2026-07-31 06:32:34.210 | INFO     | __main__:run_zonal_forecast:518 -     Hibiscus               Kaduna             N2.256M  24% vs Lagos
2026-07-31 06:32:34.210 | INFO     | __main__:run_zonal_forecast:518 -     Sesame                 Kano               N1.222M  42% vs Lagos
2026-07-31 06:32:34.210 | INFO     | __main__:run_zonal_forecast:518 -     Ginger                 Kaduna             N7.082M  67% vs Lagos
2026-07-31 06:32:34.210 | INFO     | __main__:run_zonal_forecast:518 -     Cocoa                  Kogi               N4.193M  34% vs Borno
2026-07-31 06:32:34.210 | INFO     | __main__:run_zonal_forecast:518 -     Soybeans               Plateau              N651K  47% vs Lagos
2026-07-31 06:32:34.210 | INFO     | __main__:run_zonal_forecast:518 -     Cashew Nuts            Kogi               N1.529M  44% vs Borno
2026-07-31 06:32:34.210 | INFO     | __main__:run_zonal_forecast:518 -     Sorghum                Kano                 N279K  54% vs Rivers
2026-07-31 06:32:34.210 | INFO     | __main__:run_zonal_forecast:518 -     Beans (white)          Kano                 N663K  47% vs Lagos
2026-07-31 06:32:34.210 | INFO     | __main__:run_zonal_forecast:518 -     Beans (red)            Kano                 N762K  39% vs Lagos
2026-07-31 06:32:34.215 | INFO     | __main__:run_zonal_forecast:518 -     Maize (white)          Kano                 N313K  62% vs Lagos
2026-07-31 06:32:34.215 | INFO     | __main__:run_zonal_forecast:518 -     Maize (yellow)         Kano                 N335K  62% vs Lagos
2026-07-31 06:32:34.215 | INFO     | __main__:run_zonal_forecast:518 -     Wheat                  Kaduna               N858K  40% vs Rivers
2026-07-31 06:32:34.216 | INFO     | __main__:run_zonal_forecast:518 -     Rice                   Plateau            N1.205M  31% vs Lagos
2026-07-31 06:32:34.217 | INFO     | __main__:run_zonal_forecast:518 -     Eggs                   Kano                   N7K  22% vs Lagos
2026-07-31 06:32:34.217 | INFO     | __main__:run_zonal_forecast:518 -     Fish (dried)           Rivers             N2.586M  34% vs Borno
2026-07-31 06:32:34.217 | INFO     | __main__:run_zonal_forecast:518 -     Meat (goat)            Kano               N4.281M  37% vs Lagos
2026-07-31 06:32:34.217 | INFO     | __main__:run_zonal_forecast:518 -     Meat (beef)            Kano               N4.038M  34% vs Lagos
2026-07-31 06:32:34.217 | INFO     | __main__:run_zonal_forecast:518 -   
2026-07-31 06:32:34.217 | INFO     | __main__:run_zonal_forecast:518 -   ==========================================================
2026-07-31 06:32:34.217 | INFO     | __main__:run_zonal_forecast:518 -   Source: Agrolinking Intelligence Platform
2026-07-31 06:32:34.220 | INFO     | __main__:run_zonal_forecast:518 -   Next update: 01 Aug 2026
2026-07-31 06:32:34.220 | INFO     | __main__:run_zonal_forecast:519 - =================================================================
2026-07-31 06:32:34.220 | SUCCESS  | __main__:run_zonal_forecast:520 - ZONAL FORECASTING COMPLETE — 6 zones | 12 states | 17 commodities
