2026-09-28 11:40:26.538 | INFO     | __main__:run_zonal_forecast:379 - =================================================================
2026-09-28 11:40:26.539 | INFO     | __main__:run_zonal_forecast:380 - STEP 7 — ZONAL & STATE-LEVEL FORECASTING
2026-09-28 11:40:26.539 | INFO     | __main__:run_zonal_forecast:381 -   Date  : Monday, 28 September 2026  11:40
2026-09-28 11:40:26.539 | INFO     | __main__:run_zonal_forecast:382 -   Anchor: DAILY INTERPOLATED (from last_known_date, drifts daily)
2026-09-28 11:40:26.539 | INFO     | __main__:run_zonal_forecast:383 - =================================================================
2026-09-28 11:40:26.568 | INFO     | __main__:run_zonal_forecast:386 -   Source: forecast_validated_2026-09-28.json
2026-09-28 11:40:26.569 | INFO     | __main__:run_zonal_forecast:393 -   Maize (white): last_known=2026-09-21, days_elapsed=7
2026-09-28 11:40:26.569 | INFO     | __main__:run_zonal_forecast:393 -   Hibiscus: last_known=2026-09-21, days_elapsed=7
2026-09-28 11:40:26.569 | INFO     | __main__:run_zonal_forecast:393 -   Sesame: last_known=2026-09-21, days_elapsed=7
2026-09-28 11:40:26.569 | INFO     | __main__:build_zonal_output:201 - 
2026-09-28 11:40:26.569 | INFO     | __main__:build_zonal_output:202 -   NATIONAL ANCHORS (interpolated from last_known_date to today):
2026-09-28 11:40:26.570 | INFO     | __main__:build_zonal_output:203 -   Commodity                 Today Price   Day Chg    vs Ref  Source
2026-09-28 11:40:26.570 | INFO     | __main__:build_zonal_output:204 -   --------------------------------------------------------------------------------
2026-09-28 11:40:26.570 | INFO     | __main__:build_zonal_output:233 -   Hibiscus               N   2,151,495    -0.54%   -7.46%  daily_series d7 (-3.63% vs ref)
2026-09-28 11:40:26.570 | INFO     | __main__:build_zonal_output:233 -   Sesame                 N   1,426,154    -0.83%  -13.57%  daily_series d7 (-5.51% vs ref)
2026-09-28 11:40:26.570 | INFO     | __main__:build_zonal_output:233 -   Ginger                 N  11,940,636    +0.00%   -0.49%  daily_series d7 (+0.00% vs ref)
2026-09-28 11:40:26.570 | INFO     | __main__:build_zonal_output:233 -   Cocoa                  N   5,052,092    +0.72%  -10.58%  daily_series d7 (+5.25% vs ref)
2026-09-28 11:40:26.570 | INFO     | __main__:build_zonal_output:233 -   Soybeans               N     738,677    -1.55%   -0.85%  daily_series d7 (-9.92% vs ref)
2026-09-28 11:40:26.570 | INFO     | __main__:build_zonal_output:233 -   Cashew Nuts            N   1,606,925    -0.96%  -17.59%  daily_series d7 (-6.35% vs ref)
2026-09-28 11:40:26.571 | INFO     | __main__:build_zonal_output:233 -   Sorghum                N     330,053    -2.55%  -21.42%  daily_series d7 (-15.49% vs ref)
2026-09-28 11:40:26.571 | INFO     | __main__:build_zonal_output:233 -   Beans (white)          N     494,904    -2.66%  -39.13%  daily_series d7 (-16.08% vs ref)
2026-09-28 11:40:26.571 | INFO     | __main__:build_zonal_output:233 -   Beans (red)            N     615,223    -2.11%  -32.76%  daily_series d7 (-13.13% vs ref)
2026-09-28 11:40:26.571 | INFO     | __main__:build_zonal_output:233 -   Maize (white)          N     340,829    -1.10%   -7.88%  daily_series d7 (-7.25% vs ref)
2026-09-28 11:40:26.571 | INFO     | __main__:build_zonal_output:233 -   Maize (yellow)         N     369,339    -1.07%   -7.67%  daily_series d7 (-7.04% vs ref)
2026-09-28 11:40:26.571 | INFO     | __main__:build_zonal_output:233 -   Wheat                  N     659,932    -0.91%   -6.64%  daily_series d7 (-6.02% vs ref)
2026-09-28 11:40:26.571 | INFO     | __main__:build_zonal_output:233 -   Rice                   N   1,388,809    -0.93%  -10.40%  daily_series d7 (-6.14% vs ref)
2026-09-28 11:40:26.571 | INFO     | __main__:build_zonal_output:233 -   Meat (beef)            N   6,777,585    +0.51%   +4.27%  daily_series d7 (+3.70% vs ref)
2026-09-28 11:40:26.572 | INFO     | __main__:build_zonal_output:233 -   Meat (goat)            N   6,617,262    +0.16%   +1.80%  daily_series d7 (+1.12% vs ref)
2026-09-28 11:40:26.572 | INFO     | __main__:build_zonal_output:233 -   Fish (dried)           N   1,043,222    -1.93%  -13.06%  daily_series d7 (-12.11% vs ref)
2026-09-28 11:40:26.572 | INFO     | __main__:build_zonal_output:233 -   Eggs                   N       5,871    -0.55%   -5.30%  daily_series d7 (-3.73% vs ref)
2026-09-28 11:40:26.572 | INFO     | __main__:build_zonal_output:236 - 
2026-09-28 11:40:26.670 | INFO     | __main__:run_zonal_forecast:399 - 
2026-09-28 11:40:26.671 | INFO     | __main__:run_zonal_forecast:400 -   Zone             State        Commodity                 State Price  Day Chg
2026-09-28 11:40:26.671 | INFO     | __main__:run_zonal_forecast:401 -   ------------------------------------------------------------------------
2026-09-28 11:40:26.671 | INFO     | __main__:run_zonal_forecast:408 -   North West       Kano         * Sesame                N   1,183,707/MT  -0.83%
2026-09-28 11:40:26.671 | INFO     | __main__:run_zonal_forecast:408 -   North West       Kano         * Sorghum               N     257,442/MT  -2.55%
2026-09-28 11:40:26.671 | INFO     | __main__:run_zonal_forecast:408 -   North West       Kano         * Beans (white)         N     430,567/MT  -2.66%
2026-09-28 11:40:26.671 | INFO     | __main__:run_zonal_forecast:408 -   North West       Kano         * Maize (white)         N     272,663/MT  -1.10%
2026-09-28 11:40:26.671 | INFO     | __main__:run_zonal_forecast:408 -   North West       Kano         * Maize (yellow)        N     295,471/MT  -1.07%
2026-09-28 11:40:26.671 | INFO     | __main__:run_zonal_forecast:408 -   North West       Kano         * Wheat                 N     587,340/MT  -0.91%
2026-09-28 11:40:26.671 | INFO     | __main__:run_zonal_forecast:408 -   North West       Kaduna       * Ginger                N   8,597,258/MT  +0.00%
2026-09-28 11:40:26.672 | INFO     | __main__:run_zonal_forecast:408 -   North West       Kaduna       * Soybeans              N     620,489/MT  -1.55%
2026-09-28 11:40:26.672 | INFO     | __main__:run_zonal_forecast:408 -   North West       Kaduna       * Sorghum               N     264,043/MT  -2.55%
2026-09-28 11:40:26.672 | INFO     | __main__:run_zonal_forecast:408 -   North West       Kaduna       * Maize (white)         N     276,072/MT  -1.10%
2026-09-28 11:40:26.672 | INFO     | __main__:run_zonal_forecast:408 -   North West       Kaduna       * Maize (yellow)        N     299,164/MT  -1.07%
2026-09-28 11:40:26.672 | INFO     | __main__:run_zonal_forecast:408 -   North West       Kaduna       * Wheat                 N     574,141/MT  -0.91%
2026-09-28 11:40:26.672 | INFO     | __main__:run_zonal_forecast:408 -   North Central    Plateau      * Ginger                N   8,955,477/MT  +0.00%
2026-09-28 11:40:26.672 | INFO     | __main__:run_zonal_forecast:408 -   North Central    Plateau      * Soybeans              N     613,102/MT  -1.55%
2026-09-28 11:40:26.672 | INFO     | __main__:run_zonal_forecast:408 -   North Central    Plateau      * Beans (white)         N     445,414/MT  -2.66%
2026-09-28 11:40:26.672 | INFO     | __main__:run_zonal_forecast:408 -   North Central    Plateau      * Maize (white)         N     296,521/MT  -1.10%
2026-09-28 11:40:26.672 | INFO     | __main__:run_zonal_forecast:408 -   North Central    Plateau      * Wheat                 N     600,538/MT  -0.91%
2026-09-28 11:40:26.673 | INFO     | __main__:run_zonal_forecast:408 -   North Central    Kogi         * Cocoa                 N   4,445,841/MT  +0.72%
2026-09-28 11:40:26.673 | INFO     | __main__:run_zonal_forecast:408 -   North Central    Kogi         * Soybeans              N     642,649/MT  -1.55%
2026-09-28 11:40:26.673 | INFO     | __main__:run_zonal_forecast:408 -   North Central    Kogi         * Cashew Nuts           N   1,285,540/MT  -0.96%
2026-09-28 11:40:26.673 | INFO     | __main__:run_zonal_forecast:408 -   North Central    Kogi         * Sorghum               N     300,349/MT  -2.55%
2026-09-28 11:40:26.673 | INFO     | __main__:run_zonal_forecast:408 -   North Central    Kogi         * Beans (white)         N     455,312/MT  -2.66%
2026-09-28 11:40:26.673 | INFO     | __main__:run_zonal_forecast:408 -   North Central    Kogi         * Maize (white)         N     306,746/MT  -1.10%
2026-09-28 11:40:26.673 | INFO     | __main__:run_zonal_forecast:408 -   North East       Adamawa      * Sesame                N   1,226,492/MT  -0.83%
2026-09-28 11:40:26.673 | INFO     | __main__:run_zonal_forecast:408 -   North East       Adamawa      * Ginger                N   9,910,728/MT  +0.00%
2026-09-28 11:40:26.673 | INFO     | __main__:run_zonal_forecast:408 -   North East       Adamawa      * Soybeans              N     657,422/MT  -1.55%
2026-09-28 11:40:26.673 | INFO     | __main__:run_zonal_forecast:408 -   North East       Adamawa      * Sorghum               N     287,146/MT  -2.55%
2026-09-28 11:40:26.673 | INFO     | __main__:run_zonal_forecast:408 -   North East       Adamawa      * Beans (white)         N     455,312/MT  -2.66%
2026-09-28 11:40:26.673 | INFO     | __main__:run_zonal_forecast:408 -   North East       Adamawa      * Maize (white)         N     299,930/MT  -1.10%
2026-09-28 11:40:26.674 | INFO     | __main__:run_zonal_forecast:408 -   North East       Borno        * Sesame                N   1,269,277/MT  -0.83%
2026-09-28 11:40:26.674 | INFO     | __main__:run_zonal_forecast:408 -   North East       Borno        * Sorghum               N     303,649/MT  -2.55%
2026-09-28 11:40:26.674 | INFO     | __main__:run_zonal_forecast:408 -   North East       Borno        * Beans (white)         N     524,598/MT  -2.66%
2026-09-28 11:40:26.674 | INFO     | __main__:run_zonal_forecast:408 -   North East       Borno        * Maize (white)         N     368,096/MT  -1.10%
2026-09-28 11:40:26.674 | INFO     | __main__:run_zonal_forecast:408 -   North East       Borno        * Wheat                 N     739,124/MT  -0.91%
2026-09-28 11:40:26.674 | INFO     | __main__:run_zonal_forecast:408 -   South West       Oyo          * Hibiscus              N   2,216,040/MT  -0.54%
2026-09-28 11:40:26.674 | INFO     | __main__:run_zonal_forecast:408 -   South West       Oyo          * Cocoa                 N   4,496,362/MT  +0.72%
2026-09-28 11:40:26.674 | INFO     | __main__:run_zonal_forecast:408 -   South West       Oyo          * Soybeans              N     768,224/MT  -1.55%
2026-09-28 11:40:26.674 | INFO     | __main__:run_zonal_forecast:408 -   South West       Oyo          * Cashew Nuts           N   1,381,955/MT  -0.96%
2026-09-28 11:40:26.674 | INFO     | __main__:run_zonal_forecast:408 -   South West       Oyo          * Beans (white)         N     544,394/MT  -2.66%
2026-09-28 11:40:26.674 | INFO     | __main__:run_zonal_forecast:408 -   South West       Oyo          * Maize (white)         N     368,096/MT  -1.10%
2026-09-28 11:40:26.675 | INFO     | __main__:run_zonal_forecast:408 -   South West       Lagos        * Hibiscus              N   2,474,219/MT  -0.54%
2026-09-28 11:40:26.675 | INFO     | __main__:run_zonal_forecast:408 -   South West       Lagos        * Sesame                N   1,682,861/MT  -0.83%
2026-09-28 11:40:26.675 | INFO     | __main__:run_zonal_forecast:408 -   South West       Lagos        * Cocoa                 N   5,456,259/MT  +0.72%
2026-09-28 11:40:26.675 | INFO     | __main__:run_zonal_forecast:408 -   South West       Lagos        * Soybeans              N     901,186/MT  -1.55%
2026-09-28 11:40:26.675 | INFO     | __main__:run_zonal_forecast:408 -   South West       Lagos        * Beans (white)         N     633,477/MT  -2.66%
2026-09-28 11:40:26.675 | INFO     | __main__:run_zonal_forecast:408 -   South West       Lagos        * Beans (red)           N     769,029/MT  -2.11%
2026-09-28 11:40:26.675 | INFO     | __main__:run_zonal_forecast:408 -   South West       Lagos        * Maize (white)         N     443,078/MT  -1.10%
2026-09-28 11:40:26.675 | INFO     | __main__:run_zonal_forecast:408 -   South West       Lagos        * Maize (yellow)        N     480,140/MT  -1.07%
2026-09-28 11:40:26.675 | INFO     | __main__:run_zonal_forecast:408 -   South East       Anambra      * Cocoa                 N   5,304,696/MT  +0.72%
2026-09-28 11:40:26.675 | INFO     | __main__:run_zonal_forecast:408 -   South East       Anambra      * Cashew Nuts           N   1,767,617/MT  -0.96%
2026-09-28 11:40:26.675 | INFO     | __main__:run_zonal_forecast:408 -   South East       Anambra      * Beans (white)         N     583,987/MT  -2.66%
2026-09-28 11:40:26.675 | INFO     | __main__:run_zonal_forecast:408 -   South East       Anambra      * Beans (red)           N     707,507/MT  -2.11%
2026-09-28 11:40:26.676 | INFO     | __main__:run_zonal_forecast:408 -   South East       Anambra      * Maize (white)         N     408,995/MT  -1.10%
2026-09-28 11:40:26.676 | INFO     | __main__:run_zonal_forecast:408 -   South East       Imo          * Cocoa                 N   4,597,404/MT  +0.72%
2026-09-28 11:40:26.676 | INFO     | __main__:run_zonal_forecast:408 -   South East       Imo          * Cashew Nuts           N   1,703,340/MT  -0.96%
2026-09-28 11:40:26.676 | INFO     | __main__:run_zonal_forecast:408 -   South East       Imo          * Beans (white)         N     569,140/MT  -2.66%
2026-09-28 11:40:26.676 | INFO     | __main__:run_zonal_forecast:408 -   South East       Imo          * Maize (white)         N     398,770/MT  -1.10%
2026-09-28 11:40:26.676 | INFO     | __main__:run_zonal_forecast:408 -   South South      Rivers       * Hibiscus              N   2,409,674/MT  -0.54%
2026-09-28 11:40:26.676 | INFO     | __main__:run_zonal_forecast:408 -   South South      Rivers       * Sesame                N   1,682,861/MT  -0.83%
2026-09-28 11:40:26.676 | INFO     | __main__:run_zonal_forecast:408 -   South South      Rivers       * Cocoa                 N   5,304,696/MT  +0.72%
2026-09-28 11:40:26.676 | INFO     | __main__:run_zonal_forecast:408 -   South South      Rivers       * Beans (white)         N     603,783/MT  -2.66%
2026-09-28 11:40:26.676 | INFO     | __main__:run_zonal_forecast:408 -   South South      Rivers       * Beans (red)           N     738,268/MT  -2.11%
2026-09-28 11:40:26.676 | INFO     | __main__:run_zonal_forecast:408 -   South South      Rivers       * Maize (white)         N     426,037/MT  -1.10%
2026-09-28 11:40:26.676 | INFO     | __main__:run_zonal_forecast:408 -   South South      Delta        * Hibiscus              N   2,323,614/MT  -0.54%
2026-09-28 11:40:26.677 | INFO     | __main__:run_zonal_forecast:408 -   South South      Delta        * Sesame                N   1,654,338/MT  -0.83%
2026-09-28 11:40:26.677 | INFO     | __main__:run_zonal_forecast:408 -   South South      Delta        * Cocoa                 N   4,698,445/MT  +0.72%
2026-09-28 11:40:26.677 | INFO     | __main__:run_zonal_forecast:408 -   South South      Delta        * Soybeans              N     842,092/MT  -1.55%
2026-09-28 11:40:26.677 | INFO     | __main__:run_zonal_forecast:408 -   South South      Delta        * Beans (white)         N     579,038/MT  -2.66%
2026-09-28 11:40:26.677 | INFO     | __main__:run_zonal_forecast:408 -   South South      Delta        * Maize (white)         N     408,995/MT  -1.10%
2026-09-28 11:40:26.943 | SUCCESS  | __main__:run_zonal_forecast:422 -   Zonal JSON  -> /home/runner/work/Agrolinking-Intelligence/Agrolinking-Intelligence/outputs/forecasts/zonal/zonal_forecast_2026-09-28.json
2026-09-28 11:40:26.944 | SUCCESS  | __main__:run_zonal_forecast:428 -   Zonal alert -> /home/runner/work/Agrolinking-Intelligence/Agrolinking-Intelligence/outputs/daily_alerts/alert_zonal_2026-09-28.txt
2026-09-28 11:40:26.944 | INFO     | __main__:run_zonal_forecast:430 - 
2026-09-28 11:40:26.945 | INFO     | __main__:run_zonal_forecast:431 - =================================================================
2026-09-28 11:40:26.945 | INFO     | __main__:run_zonal_forecast:433 -   ================================================
2026-09-28 11:40:26.945 | INFO     | __main__:run_zonal_forecast:433 -   AGROLINKING ZONAL COMMODITY INTELLIGENCE
2026-09-28 11:40:26.945 | INFO     | __main__:run_zonal_forecast:433 -   Date: Monday, 28 September 2026
2026-09-28 11:40:26.945 | INFO     | __main__:run_zonal_forecast:433 -   6 Zones | 12 States | 12 Commodities
2026-09-28 11:40:26.945 | INFO     | __main__:run_zonal_forecast:433 -   ================================================
2026-09-28 11:40:26.945 | INFO     | __main__:run_zonal_forecast:433 -   
2026-09-28 11:40:26.945 | INFO     | __main__:run_zonal_forecast:433 -   NORTH WEST (Kano & Kaduna)
2026-09-28 11:40:26.945 | INFO     | __main__:run_zonal_forecast:433 -   Nigeria's main grain belt. Highest Maize, Sorghum, Sesame, Wheat production.
2026-09-28 11:40:26.945 | INFO     | __main__:run_zonal_forecast:433 -   
2026-09-28 11:40:26.945 | INFO     | __main__:run_zonal_forecast:433 -     Commodity           Kano                Kaduna            
2026-09-28 11:40:26.945 | INFO     | __main__:run_zonal_forecast:433 -     ------------------------------------------------------------
2026-09-28 11:40:26.946 | INFO     | __main__:run_zonal_forecast:433 -     Hibiscus                N2.044M    (-0.54%)     N2.001M    (-0.54%) 
2026-09-28 11:40:26.946 | INFO     | __main__:run_zonal_forecast:433 -     Sesame                * N1.184M    (-0.83%)     N1.212M    (-0.83%) 
2026-09-28 11:40:26.946 | INFO     | __main__:run_zonal_forecast:433 -     Ginger                  N11.702M              * N8.597M             
2026-09-28 11:40:26.946 | INFO     | __main__:run_zonal_forecast:433 -     Cocoa                   N5.153M    (+0.72%)     N5.305M    (+0.72%) 
2026-09-28 11:40:26.946 | INFO     | __main__:run_zonal_forecast:433 -     Soybeans                N665K      (-1.55%)   * N620K      (-1.55%) 
2026-09-28 11:40:26.946 | INFO     | __main__:run_zonal_forecast:433 -     Cashew Nuts             N1.607M    (-0.96%)     N1.639M    (-0.96%) 
2026-09-28 11:40:26.946 | INFO     | __main__:run_zonal_forecast:433 -     Sorghum               * N257K      (-2.55%)   * N264K      (-2.55%) 
2026-09-28 11:40:26.946 | INFO     | __main__:run_zonal_forecast:433 -     Beans (white)         * N431K      (-2.66%)     N436K      (-2.66%) 
2026-09-28 11:40:26.946 | INFO     | __main__:run_zonal_forecast:433 -     Beans (red)             N554K      (-2.11%)     N560K      (-2.11%) 
2026-09-28 11:40:26.946 | INFO     | __main__:run_zonal_forecast:433 -     Maize (white)         * N273K      (-1.10%)   * N276K      (-1.10%) 
2026-09-28 11:40:26.946 | INFO     | __main__:run_zonal_forecast:433 -     Maize (yellow)        * N295K      (-1.07%)   * N299K      (-1.07%) 
2026-09-28 11:40:26.947 | INFO     | __main__:run_zonal_forecast:433 -     Wheat                 * N587K      (-0.91%)   * N574K      (-0.91%) 
2026-09-28 11:40:26.947 | INFO     | __main__:run_zonal_forecast:433 -     Rice                    N1.319M    (-0.93%)     N1.292M    (-0.93%) 
2026-09-28 11:40:26.947 | INFO     | __main__:run_zonal_forecast:433 -     Meat (beef)             N5.896M    (+0.51%)     N5.896M    (+0.51%) 
2026-09-28 11:40:26.947 | INFO     | __main__:run_zonal_forecast:433 -     Meat (goat)             N5.757M    (+0.16%)     N5.757M    (+0.16%) 
2026-09-28 11:40:26.947 | INFO     | __main__:run_zonal_forecast:433 -     Fish (dried)            N908K      (-1.93%)     N908K      (-1.93%) 
2026-09-28 11:40:26.947 | INFO     | __main__:run_zonal_forecast:433 -     Eggs                    N5K        (-0.55%)     N5K        (-0.55%) 
2026-09-28 11:40:26.947 | INFO     | __main__:run_zonal_forecast:433 -   
2026-09-28 11:40:26.947 | INFO     | __main__:run_zonal_forecast:433 -   NORTH CENTRAL (Plateau & Kogi)
2026-09-28 11:40:26.947 | INFO     | __main__:run_zonal_forecast:433 -   Middle Belt. Ginger heartland (Plateau), Cashew/Cocoa belt (Kogi).
2026-09-28 11:40:26.947 | INFO     | __main__:run_zonal_forecast:433 -   
2026-09-28 11:40:26.948 | INFO     | __main__:run_zonal_forecast:433 -     Commodity           Plateau             Kogi              
2026-09-28 11:40:26.948 | INFO     | __main__:run_zonal_forecast:433 -     ------------------------------------------------------------
2026-09-28 11:40:26.948 | INFO     | __main__:run_zonal_forecast:433 -     Hibiscus                N2.087M    (-0.54%)     N2.065M    (-0.54%) 
2026-09-28 11:40:26.948 | INFO     | __main__:run_zonal_forecast:433 -     Sesame                  N1.369M    (-0.83%)     N1.383M    (-0.83%) 
2026-09-28 11:40:26.948 | INFO     | __main__:run_zonal_forecast:433 -     Ginger                * N8.955M                 N11.224M            
2026-09-28 11:40:26.948 | INFO     | __main__:run_zonal_forecast:433 -     Cocoa                   N5.456M    (+0.72%)   * N4.446M    (+0.72%) 
2026-09-28 11:40:26.948 | INFO     | __main__:run_zonal_forecast:433 -     Soybeans              * N613K      (-1.55%)   * N643K      (-1.55%) 
2026-09-28 11:40:26.948 | INFO     | __main__:run_zonal_forecast:433 -     Cashew Nuts             N1.687M    (-0.96%)   * N1.286M    (-0.96%) 
2026-09-28 11:40:26.948 | INFO     | __main__:run_zonal_forecast:433 -     Sorghum                 N304K      (-2.55%)   * N300K      (-2.55%) 
2026-09-28 11:40:26.948 | INFO     | __main__:run_zonal_forecast:433 -     Beans (white)         * N445K      (-2.66%)   * N455K      (-2.66%) 
2026-09-28 11:40:26.948 | INFO     | __main__:run_zonal_forecast:433 -     Beans (red)             N584K      (-2.11%)     N578K      (-2.11%) 
2026-09-28 11:40:26.949 | INFO     | __main__:run_zonal_forecast:433 -     Maize (white)         * N297K      (-1.10%)   * N307K      (-1.10%) 
2026-09-28 11:40:26.949 | INFO     | __main__:run_zonal_forecast:433 -     Maize (yellow)          N325K      (-1.07%)     N336K      (-1.07%) 
2026-09-28 11:40:26.949 | INFO     | __main__:run_zonal_forecast:433 -     Wheat                 * N601K      (-0.91%)     N640K      (-0.91%) 
2026-09-28 11:40:26.949 | INFO     | __main__:run_zonal_forecast:433 -     Rice                    N1.250M    (-0.93%)     N1.347M    (-0.93%) 
2026-09-28 11:40:26.949 | INFO     | __main__:run_zonal_forecast:433 -     Meat (beef)             N6.439M    (+0.51%)     N6.439M    (+0.51%) 
2026-09-28 11:40:26.949 | INFO     | __main__:run_zonal_forecast:433 -     Meat (goat)             N6.286M    (+0.16%)     N6.286M    (+0.16%) 
2026-09-28 11:40:26.949 | INFO     | __main__:run_zonal_forecast:433 -     Fish (dried)            N991K      (-1.93%)     N991K      (-1.93%) 
2026-09-28 11:40:26.949 | INFO     | __main__:run_zonal_forecast:433 -     Eggs                    N6K        (-0.55%)     N6K        (-0.55%) 
2026-09-28 11:40:26.949 | INFO     | __main__:run_zonal_forecast:433 -   
2026-09-28 11:40:26.949 | INFO     | __main__:run_zonal_forecast:433 -   NORTH EAST (Adamawa & Borno)
2026-09-28 11:40:26.949 | INFO     | __main__:run_zonal_forecast:433 -   Semi-arid. Sorghum, Maize. Conflict premium on imports in Borno.
2026-09-28 11:40:26.950 | INFO     | __main__:run_zonal_forecast:433 -   
2026-09-28 11:40:26.950 | INFO     | __main__:run_zonal_forecast:433 -     Commodity           Adamawa             Borno             
2026-09-28 11:40:26.950 | INFO     | __main__:run_zonal_forecast:433 -     ------------------------------------------------------------
2026-09-28 11:40:26.950 | INFO     | __main__:run_zonal_forecast:433 -     Hibiscus                N2.108M    (-0.54%)     N2.259M    (-0.54%) 
2026-09-28 11:40:26.950 | INFO     | __main__:run_zonal_forecast:433 -     Sesame                * N1.226M    (-0.83%)   * N1.269M    (-0.83%) 
2026-09-28 11:40:26.950 | INFO     | __main__:run_zonal_forecast:433 -     Ginger                * N9.911M                 N13.732M            
2026-09-28 11:40:26.950 | INFO     | __main__:run_zonal_forecast:433 -     Cocoa                   N5.305M    (+0.72%)     N5.961M    (+0.72%) 
2026-09-28 11:40:26.950 | INFO     | __main__:run_zonal_forecast:433 -     Soybeans              * N657K      (-1.55%)     N798K      (-1.55%) 
2026-09-28 11:40:26.950 | INFO     | __main__:run_zonal_forecast:433 -     Cashew Nuts             N1.671M    (-0.96%)     N1.848M    (-0.96%) 
2026-09-28 11:40:26.950 | INFO     | __main__:run_zonal_forecast:433 -     Sorghum               * N287K      (-2.55%)   * N304K      (-2.55%) 
2026-09-28 11:40:26.950 | INFO     | __main__:run_zonal_forecast:433 -     Beans (white)         * N455K      (-2.66%)   * N525K      (-2.66%) 
2026-09-28 11:40:26.951 | INFO     | __main__:run_zonal_forecast:433 -     Beans (red)             N584K      (-2.11%)     N677K      (-2.11%) 
2026-09-28 11:40:26.951 | INFO     | __main__:run_zonal_forecast:433 -     Maize (white)         * N300K      (-1.10%)   * N368K      (-1.10%) 
2026-09-28 11:40:26.951 | INFO     | __main__:run_zonal_forecast:433 -     Maize (yellow)          N329K      (-1.07%)     N399K      (-1.07%) 
2026-09-28 11:40:26.951 | INFO     | __main__:run_zonal_forecast:433 -     Wheat                   N647K      (-0.91%)   * N739K      (-0.91%) 
2026-09-28 11:40:26.951 | INFO     | __main__:run_zonal_forecast:433 -     Rice                    N1.417M    (-0.93%)     N1.528M    (-0.93%) 
2026-09-28 11:40:26.951 | INFO     | __main__:run_zonal_forecast:433 -     Meat (beef)             N6.913M    (+0.51%)     N6.913M    (+0.51%) 
2026-09-28 11:40:26.951 | INFO     | __main__:run_zonal_forecast:433 -     Meat (goat)             N6.750M    (+0.16%)     N6.750M    (+0.16%) 
2026-09-28 11:40:26.951 | INFO     | __main__:run_zonal_forecast:433 -     Fish (dried)            N1.064M    (-1.93%)     N1.064M    (-1.93%) 
2026-09-28 11:40:26.951 | INFO     | __main__:run_zonal_forecast:433 -     Eggs                    N6K        (-0.55%)     N6K        (-0.55%) 
2026-09-28 11:40:26.951 | INFO     | __main__:run_zonal_forecast:433 -   
2026-09-28 11:40:26.952 | INFO     | __main__:run_zonal_forecast:433 -   SOUTH WEST (Oyo & Lagos)
2026-09-28 11:40:26.952 | INFO     | __main__:run_zonal_forecast:433 -   Commercial capital. Lagos is the price-setter for consumer markets.
2026-09-28 11:40:26.952 | INFO     | __main__:run_zonal_forecast:433 -   
2026-09-28 11:40:26.952 | INFO     | __main__:run_zonal_forecast:433 -     Commodity           Oyo                 Lagos             
2026-09-28 11:40:26.952 | INFO     | __main__:run_zonal_forecast:433 -     ------------------------------------------------------------
2026-09-28 11:40:26.952 | INFO     | __main__:run_zonal_forecast:433 -     Hibiscus              * N2.216M    (-0.54%)   * N2.474M    (-0.54%) 
2026-09-28 11:40:26.952 | INFO     | __main__:run_zonal_forecast:433 -     Sesame                  N1.512M    (-0.83%)   * N1.683M    (-0.83%) 
2026-09-28 11:40:26.952 | INFO     | __main__:run_zonal_forecast:433 -     Ginger                  N12.896M                N14.329M            
2026-09-28 11:40:26.952 | INFO     | __main__:run_zonal_forecast:433 -     Cocoa                 * N4.496M    (+0.72%)   * N5.456M    (+0.72%) 
2026-09-28 11:40:26.952 | INFO     | __main__:run_zonal_forecast:433 -     Soybeans              * N768K      (-1.55%)   * N901K      (-1.55%) 
2026-09-28 11:40:26.952 | INFO     | __main__:run_zonal_forecast:433 -     Cashew Nuts           * N1.382M    (-0.96%)     N1.768M    (-0.96%) 
2026-09-28 11:40:26.953 | INFO     | __main__:run_zonal_forecast:433 -     Sorghum                 N347K      (-2.55%)     N389K      (-2.55%) 
2026-09-28 11:40:26.953 | INFO     | __main__:run_zonal_forecast:433 -     Beans (white)         * N544K      (-2.66%)   * N633K      (-2.66%) 
2026-09-28 11:40:26.953 | INFO     | __main__:run_zonal_forecast:433 -     Beans (red)             N689K      (-2.11%)   * N769K      (-2.11%) 
2026-09-28 11:40:26.953 | INFO     | __main__:run_zonal_forecast:433 -     Maize (white)         * N368K      (-1.10%)   * N443K      (-1.10%) 
2026-09-28 11:40:26.953 | INFO     | __main__:run_zonal_forecast:433 -     Maize (yellow)          N399K      (-1.07%)   * N480K      (-1.07%) 
2026-09-28 11:40:26.953 | INFO     | __main__:run_zonal_forecast:433 -     Wheat                   N726K      (-0.91%)     N759K      (-0.91%) 
2026-09-28 11:40:26.953 | INFO     | __main__:run_zonal_forecast:433 -     Rice                    N1.500M    (-0.93%)     N1.639M    (-0.93%) 
2026-09-28 11:40:26.953 | INFO     | __main__:run_zonal_forecast:433 -     Meat (beef)             N7.862M    (+0.51%)     N7.862M    (+0.51%) 
2026-09-28 11:40:26.953 | INFO     | __main__:run_zonal_forecast:433 -     Meat (goat)             N7.676M    (+0.16%)     N7.676M    (+0.16%) 
2026-09-28 11:40:26.953 | INFO     | __main__:run_zonal_forecast:433 -     Fish (dried)            N1.210M    (-1.93%)     N1.210M    (-1.93%) 
2026-09-28 11:40:26.953 | INFO     | __main__:run_zonal_forecast:433 -     Eggs                    N7K        (-0.55%)     N7K        (-0.55%) 
2026-09-28 11:40:26.953 | INFO     | __main__:run_zonal_forecast:433 -   
2026-09-28 11:40:26.953 | INFO     | __main__:run_zonal_forecast:433 -   SOUTH EAST (Anambra & Imo)
2026-09-28 11:40:26.953 | INFO     | __main__:run_zonal_forecast:433 -   High consumption, low production of traded commodities. Import-dependent.
2026-09-28 11:40:26.954 | INFO     | __main__:run_zonal_forecast:433 -   
2026-09-28 11:40:26.954 | INFO     | __main__:run_zonal_forecast:433 -     Commodity           Anambra             Imo               
2026-09-28 11:40:26.954 | INFO     | __main__:run_zonal_forecast:433 -     ------------------------------------------------------------
2026-09-28 11:40:26.954 | INFO     | __main__:run_zonal_forecast:433 -     Hibiscus                N2.410M    (-0.54%)     N2.367M    (-0.54%) 
2026-09-28 11:40:26.954 | INFO     | __main__:run_zonal_forecast:433 -     Sesame                  N1.654M    (-0.83%)     N1.626M    (-0.83%) 
2026-09-28 11:40:26.954 | INFO     | __main__:run_zonal_forecast:433 -     Ginger                  N13.732M                N13.374M            
2026-09-28 11:40:26.954 | INFO     | __main__:run_zonal_forecast:433 -     Cocoa                 * N5.305M    (+0.72%)   * N4.597M    (+0.72%) 
2026-09-28 11:40:26.954 | INFO     | __main__:run_zonal_forecast:433 -     Soybeans                N842K      (-1.55%)     N827K      (-1.55%) 
2026-09-28 11:40:26.954 | INFO     | __main__:run_zonal_forecast:433 -     Cashew Nuts           * N1.768M    (-0.96%)   * N1.703M    (-0.96%) 
2026-09-28 11:40:26.954 | INFO     | __main__:run_zonal_forecast:433 -     Sorghum                 N376K      (-2.55%)     N370K      (-2.55%) 
2026-09-28 11:40:26.954 | INFO     | __main__:run_zonal_forecast:433 -     Beans (white)         * N584K      (-2.66%)   * N569K      (-2.66%) 
2026-09-28 11:40:26.954 | INFO     | __main__:run_zonal_forecast:433 -     Beans (red)           * N708K      (-2.11%)     N695K      (-2.11%) 
2026-09-28 11:40:26.954 | INFO     | __main__:run_zonal_forecast:433 -     Maize (white)         * N409K      (-1.10%)   * N399K      (-1.10%) 
2026-09-28 11:40:26.954 | INFO     | __main__:run_zonal_forecast:433 -     Maize (yellow)          N443K      (-1.07%)     N432K      (-1.07%) 
2026-09-28 11:40:26.955 | INFO     | __main__:run_zonal_forecast:433 -     Wheat                   N779K      (-0.91%)     N766K      (-0.91%) 
2026-09-28 11:40:26.955 | INFO     | __main__:run_zonal_forecast:433 -     Rice                    N1.555M    (-0.93%)     N1.528M    (-0.93%) 
2026-09-28 11:40:26.955 | INFO     | __main__:run_zonal_forecast:433 -     Meat (beef)             N7.659M    (+0.51%)     N7.659M    (+0.51%) 
2026-09-28 11:40:26.955 | INFO     | __main__:run_zonal_forecast:433 -     Meat (goat)             N7.478M    (+0.16%)     N7.478M    (+0.16%) 
2026-09-28 11:40:26.955 | INFO     | __main__:run_zonal_forecast:433 -     Fish (dried)            N1.179M    (-1.93%)     N1.179M    (-1.93%) 
2026-09-28 11:40:26.955 | INFO     | __main__:run_zonal_forecast:433 -     Eggs                    N7K        (-0.55%)     N7K        (-0.55%) 
2026-09-28 11:40:26.955 | INFO     | __main__:run_zonal_forecast:433 -   
2026-09-28 11:40:26.955 | INFO     | __main__:run_zonal_forecast:433 -   SOUTH SOUTH (Rivers & Delta)
2026-09-28 11:40:26.955 | INFO     | __main__:run_zonal_forecast:433 -   Oil belt. High purchasing power. Cocoa producer (Delta).
2026-09-28 11:40:26.955 | INFO     | __main__:run_zonal_forecast:433 -   
2026-09-28 11:40:26.955 | INFO     | __main__:run_zonal_forecast:433 -     Commodity           Rivers              Delta             
2026-09-28 11:40:26.955 | INFO     | __main__:run_zonal_forecast:433 -     ------------------------------------------------------------
2026-09-28 11:40:26.955 | INFO     | __main__:run_zonal_forecast:433 -     Hibiscus              * N2.410M    (-0.54%)   * N2.324M    (-0.54%) 
2026-09-28 11:40:26.956 | INFO     | __main__:run_zonal_forecast:433 -     Sesame                * N1.683M    (-0.83%)   * N1.654M    (-0.83%) 
2026-09-28 11:40:26.956 | INFO     | __main__:run_zonal_forecast:433 -     Ginger                  N14.329M                N13.732M            
2026-09-28 11:40:26.956 | INFO     | __main__:run_zonal_forecast:433 -     Cocoa                 * N5.305M    (+0.72%)   * N4.698M    (+0.72%) 
2026-09-28 11:40:26.956 | INFO     | __main__:run_zonal_forecast:433 -     Soybeans                N872K      (-1.55%)   * N842K      (-1.55%) 
2026-09-28 11:40:26.956 | INFO     | __main__:run_zonal_forecast:433 -     Cashew Nuts             N1.848M    (-0.96%)     N1.768M    (-0.96%) 
2026-09-28 11:40:26.956 | INFO     | __main__:run_zonal_forecast:433 -     Sorghum                 N396K      (-2.55%)     N389K      (-2.55%) 
2026-09-28 11:40:26.956 | INFO     | __main__:run_zonal_forecast:433 -     Beans (white)         * N604K      (-2.66%)   * N579K      (-2.66%) 
2026-09-28 11:40:26.956 | INFO     | __main__:run_zonal_forecast:433 -     Beans (red)           * N738K      (-2.11%)     N708K      (-2.11%) 
2026-09-28 11:40:26.956 | INFO     | __main__:run_zonal_forecast:433 -     Maize (white)         * N426K      (-1.10%)   * N409K      (-1.10%) 
2026-09-28 11:40:26.956 | INFO     | __main__:run_zonal_forecast:433 -     Maize (yellow)          N462K      (-1.07%)     N443K      (-1.07%) 
2026-09-28 11:40:26.956 | INFO     | __main__:run_zonal_forecast:433 -     Wheat                   N805K      (-0.91%)     N792K      (-0.91%) 
2026-09-28 11:40:26.956 | INFO     | __main__:run_zonal_forecast:433 -     Rice                    N1.597M    (-0.93%)     N1.555M    (-0.93%) 
2026-09-28 11:40:26.956 | INFO     | __main__:run_zonal_forecast:433 -     Meat (beef)             N7.726M    (+0.51%)     N7.726M    (+0.51%) 
2026-09-28 11:40:26.957 | INFO     | __main__:run_zonal_forecast:433 -     Meat (goat)             N7.544M    (+0.16%)     N7.544M    (+0.16%) 
2026-09-28 11:40:26.957 | INFO     | __main__:run_zonal_forecast:433 -     Fish (dried)            N1.189M    (-1.93%)     N1.189M    (-1.93%) 
2026-09-28 11:40:26.957 | INFO     | __main__:run_zonal_forecast:433 -     Eggs                    N7K        (-0.55%)     N7K        (-0.55%) 
2026-09-28 11:40:26.957 | INFO     | __main__:run_zonal_forecast:433 -   
2026-09-28 11:40:26.957 | INFO     | __main__:run_zonal_forecast:433 -   ==========================================================
2026-09-28 11:40:26.957 | INFO     | __main__:run_zonal_forecast:433 -   * = primary commodity  (+/-%) = day-on-day change
2026-09-28 11:40:26.957 | INFO     | __main__:run_zonal_forecast:433 -   
2026-09-28 11:40:26.957 | INFO     | __main__:run_zonal_forecast:433 -   NATIONAL PRICE CHANGES TODAY:
2026-09-28 11:40:26.957 | INFO     | __main__:run_zonal_forecast:433 -     Commodity                   Price   Day Chg    vs Ref
2026-09-28 11:40:26.957 | INFO     | __main__:run_zonal_forecast:433 -     ------------------------------------------------------
2026-09-28 11:40:26.957 | INFO     | __main__:run_zonal_forecast:433 -     Hibiscus                  N2.151M    -0.54%    -7.46%
2026-09-28 11:40:26.957 | INFO     | __main__:run_zonal_forecast:433 -     Sesame                    N1.426M    -0.83%   -13.57%
2026-09-28 11:40:26.957 | INFO     | __main__:run_zonal_forecast:433 -     Ginger                   N11.941M    +0.00%    -0.49%
2026-09-28 11:40:26.958 | INFO     | __main__:run_zonal_forecast:433 -     Cocoa                     N5.052M    +0.72%   -10.58%
2026-09-28 11:40:26.958 | INFO     | __main__:run_zonal_forecast:433 -     Soybeans                    N739K    -1.55%    -0.85%
2026-09-28 11:40:26.958 | INFO     | __main__:run_zonal_forecast:433 -     Cashew Nuts               N1.607M    -0.96%   -17.59%
2026-09-28 11:40:26.958 | INFO     | __main__:run_zonal_forecast:433 -     Sorghum                     N330K    -2.55%   -21.42%
2026-09-28 11:40:26.958 | INFO     | __main__:run_zonal_forecast:433 -     Beans (white)               N495K    -2.66%   -39.13%
2026-09-28 11:40:26.958 | INFO     | __main__:run_zonal_forecast:433 -     Beans (red)                 N615K    -2.11%   -32.76%
2026-09-28 11:40:26.958 | INFO     | __main__:run_zonal_forecast:433 -     Maize (white)               N341K    -1.10%    -7.88%
2026-09-28 11:40:26.958 | INFO     | __main__:run_zonal_forecast:433 -     Maize (yellow)              N369K    -1.07%    -7.67%
2026-09-28 11:40:26.958 | INFO     | __main__:run_zonal_forecast:433 -     Wheat                       N660K    -0.91%    -6.64%
2026-09-28 11:40:26.958 | INFO     | __main__:run_zonal_forecast:433 -     Rice                      N1.389M    -0.93%   -10.40%
2026-09-28 11:40:26.958 | INFO     | __main__:run_zonal_forecast:433 -     Meat (beef)               N6.778M    +0.51%    +4.27%
2026-09-28 11:40:26.958 | INFO     | __main__:run_zonal_forecast:433 -     Meat (goat)               N6.617M    +0.16%    +1.80%
2026-09-28 11:40:26.959 | INFO     | __main__:run_zonal_forecast:433 -     Fish (dried)              N1.043M    -1.93%   -13.06%
2026-09-28 11:40:26.959 | INFO     | __main__:run_zonal_forecast:433 -     Eggs                          N6K    -0.55%    -5.30%
2026-09-28 11:40:26.959 | INFO     | __main__:run_zonal_forecast:433 -   
2026-09-28 11:40:26.959 | INFO     | __main__:run_zonal_forecast:433 -   BEST SOURCING NATIONALLY:
2026-09-28 11:40:26.959 | INFO     | __main__:run_zonal_forecast:433 -     Commodity              Best State           Price  Spread
2026-09-28 11:40:26.959 | INFO     | __main__:run_zonal_forecast:433 -     ------------------------------------------------------------
2026-09-28 11:40:26.959 | INFO     | __main__:run_zonal_forecast:433 -     Hibiscus               Kaduna             N2.001M  24% vs Lagos
2026-09-28 11:40:26.959 | INFO     | __main__:run_zonal_forecast:433 -     Sesame                 Kano               N1.184M  42% vs Lagos
2026-09-28 11:40:26.959 | INFO     | __main__:run_zonal_forecast:433 -     Ginger                 Kaduna             N8.597M  67% vs Lagos
2026-09-28 11:40:26.959 | INFO     | __main__:run_zonal_forecast:433 -     Cocoa                  Kogi               N4.446M  34% vs Borno
2026-09-28 11:40:26.959 | INFO     | __main__:run_zonal_forecast:433 -     Soybeans               Plateau              N613K  47% vs Lagos
2026-09-28 11:40:26.959 | INFO     | __main__:run_zonal_forecast:433 -     Cashew Nuts            Kogi               N1.286M  44% vs Borno
2026-09-28 11:40:26.959 | INFO     | __main__:run_zonal_forecast:433 -     Sorghum                Kano                 N257K  54% vs Rivers
2026-09-28 11:40:26.960 | INFO     | __main__:run_zonal_forecast:433 -     Beans (white)          Kano                 N431K  47% vs Lagos
2026-09-28 11:40:26.960 | INFO     | __main__:run_zonal_forecast:433 -     Beans (red)            Kano                 N554K  39% vs Lagos
2026-09-28 11:40:26.960 | INFO     | __main__:run_zonal_forecast:433 -     Maize (white)          Kano                 N273K  62% vs Lagos
2026-09-28 11:40:26.960 | INFO     | __main__:run_zonal_forecast:433 -     Maize (yellow)         Kano                 N295K  62% vs Lagos
2026-09-28 11:40:26.960 | INFO     | __main__:run_zonal_forecast:433 -     Wheat                  Kaduna               N574K  40% vs Rivers
2026-09-28 11:40:26.960 | INFO     | __main__:run_zonal_forecast:433 -     Rice                   Plateau            N1.250M  31% vs Lagos
2026-09-28 11:40:26.960 | INFO     | __main__:run_zonal_forecast:433 -     Meat (beef)            Kano               N5.896M  33% vs Oyo
2026-09-28 11:40:26.960 | INFO     | __main__:run_zonal_forecast:433 -     Meat (goat)            Kano               N5.757M  33% vs Oyo
2026-09-28 11:40:26.960 | INFO     | __main__:run_zonal_forecast:433 -     Fish (dried)           Kano                 N908K  33% vs Oyo
2026-09-28 11:40:26.960 | INFO     | __main__:run_zonal_forecast:433 -     Eggs                   Kano                   N5K  33% vs Oyo
2026-09-28 11:40:26.960 | INFO     | __main__:run_zonal_forecast:433 -   
2026-09-28 11:40:26.960 | INFO     | __main__:run_zonal_forecast:433 -   ==========================================================
2026-09-28 11:40:26.960 | INFO     | __main__:run_zonal_forecast:433 -   Source: Agrolinking Intelligence Platform
2026-09-28 11:40:26.961 | INFO     | __main__:run_zonal_forecast:433 -   Next update: 29 Sep 2026
2026-09-28 11:40:26.961 | INFO     | __main__:run_zonal_forecast:434 - =================================================================
2026-09-28 11:40:26.961 | SUCCESS  | __main__:run_zonal_forecast:435 - ZONAL FORECASTING COMPLETE — 6 zones | 12 states | 17 commodities
