2026-06-30 06:04:26.902 | INFO     | __main__:run_zonal_forecast:464 - =================================================================
2026-06-30 06:04:26.902 | INFO     | __main__:run_zonal_forecast:465 - STEP 7 — ZONAL & STATE-LEVEL FORECASTING
2026-06-30 06:04:26.902 | INFO     | __main__:run_zonal_forecast:466 -   Date  : Tuesday, 30 June 2026  06:04
2026-06-30 06:04:26.902 | INFO     | __main__:run_zonal_forecast:467 -   Anchor: DAILY INTERPOLATED (from last_known_date, drifts daily)
2026-06-30 06:04:26.909 | INFO     | __main__:run_zonal_forecast:468 - =================================================================
2026-06-30 06:04:27.029 | INFO     | __main__:run_zonal_forecast:471 -   Source: forecast_validated_2026-06-30.json
2026-06-30 06:04:27.029 | INFO     | __main__:run_zonal_forecast:478 -   Maize (white): last_known=2026-06-30, days_elapsed=0
2026-06-30 06:04:27.029 | INFO     | __main__:run_zonal_forecast:478 -   Hibiscus: last_known=2026-06-30, days_elapsed=0
2026-06-30 06:04:27.029 | INFO     | __main__:run_zonal_forecast:478 -   Sesame: last_known=2026-06-30, days_elapsed=0
2026-06-30 06:04:27.029 | INFO     | __main__:build_zonal_output:285 - 
2026-06-30 06:04:27.035 | INFO     | __main__:build_zonal_output:286 -   NATIONAL ANCHORS (interpolated from last_known_date to today):
2026-06-30 06:04:27.035 | INFO     | __main__:build_zonal_output:287 -   Commodity                 Today Price   Day Chg    vs Ref  Source
2026-06-30 06:04:27.036 | INFO     | __main__:build_zonal_output:288 -   --------------------------------------------------------------------------------
2026-06-30 06:04:27.036 | DEBUG    | __main__:get_daily_price:116 -   last_known=2026-06-30, run=2026-06-30, elapsed=7d
2026-06-30 06:04:27.040 | DEBUG    | __main__:get_daily_price:82 -   last_known_date 2026-06-30 is in future. Capping to 7 days ago.
2026-06-30 06:04:27.040 | DEBUG    | __main__:get_daily_price:116 -   last_known=2026-06-30, run=2026-06-29, elapsed=7d
2026-06-30 06:04:27.042 | INFO     | __main__:build_zonal_output:318 -   Hibiscus               N   2,293,832    -0.09%   -1.21%  interp d7 (weekly series | -1.21% v
2026-06-30 06:04:27.042 | DEBUG    | __main__:get_daily_price:116 -   last_known=2026-06-30, run=2026-06-30, elapsed=7d
2026-06-30 06:04:27.048 | DEBUG    | __main__:get_daily_price:82 -   last_known_date 2026-06-30 is in future. Capping to 7 days ago.
2026-06-30 06:04:27.048 | DEBUG    | __main__:get_daily_price:116 -   last_known=2026-06-30, run=2026-06-29, elapsed=7d
2026-06-30 06:04:27.048 | INFO     | __main__:build_zonal_output:318 -   Sesame                 N   1,646,741    +0.01%  + +0.08%  interp d7 (weekly series | +0.08% v
2026-06-30 06:04:27.048 | DEBUG    | __main__:get_daily_price:116 -   last_known=2026-06-30, run=2026-06-30, elapsed=7d
2026-06-30 06:04:27.048 | DEBUG    | __main__:get_daily_price:82 -   last_known_date 2026-06-30 is in future. Capping to 7 days ago.
2026-06-30 06:04:27.048 | DEBUG    | __main__:get_daily_price:116 -   last_known=2026-06-30, run=2026-06-29, elapsed=7d
2026-06-30 06:04:27.051 | INFO     | __main__:build_zonal_output:318 -   Ginger                 N  12,054,177    +0.07%  + +0.96%  interp d7 (weekly series | +0.96% v
2026-06-30 06:04:27.052 | DEBUG    | __main__:get_daily_price:116 -   last_known=2026-06-30, run=2026-06-30, elapsed=7d
2026-06-30 06:04:27.052 | DEBUG    | __main__:get_daily_price:82 -   last_known_date 2026-06-30 is in future. Capping to 7 days ago.
2026-06-30 06:04:27.052 | DEBUG    | __main__:get_daily_price:116 -   last_known=2026-06-30, run=2026-06-29, elapsed=7d
2026-06-30 06:04:27.052 | INFO     | __main__:build_zonal_output:318 -   Cocoa                  N   5,700,460    +0.10%  + +1.37%  interp d7 (weekly series | +1.37% v
2026-06-30 06:04:27.056 | DEBUG    | __main__:get_daily_price:116 -   last_known=2026-06-30, run=2026-06-30, elapsed=7d
2026-06-30 06:04:27.057 | DEBUG    | __main__:get_daily_price:82 -   last_known_date 2026-06-30 is in future. Capping to 7 days ago.
2026-06-30 06:04:27.057 | DEBUG    | __main__:get_daily_price:116 -   last_known=2026-06-30, run=2026-06-29, elapsed=7d
2026-06-30 06:04:27.059 | INFO     | __main__:build_zonal_output:318 -   Soybeans               N     753,856    +0.05%  + +0.73%  interp d7 (weekly series | +0.73% v
2026-06-30 06:04:27.059 | DEBUG    | __main__:get_daily_price:116 -   last_known=2026-06-30, run=2026-06-30, elapsed=7d
2026-06-30 06:04:27.059 | DEBUG    | __main__:get_daily_price:82 -   last_known_date 2026-06-30 is in future. Capping to 7 days ago.
2026-06-30 06:04:27.059 | DEBUG    | __main__:get_daily_price:116 -   last_known=2026-06-30, run=2026-06-29, elapsed=7d
2026-06-30 06:04:27.059 | INFO     | __main__:build_zonal_output:318 -   Cashew Nuts            N   1,976,932    +0.08%  + +1.08%  interp d7 (weekly series | +1.08% v
2026-06-30 06:04:27.059 | DEBUG    | __main__:get_daily_price:116 -   last_known=2026-06-30, run=2026-06-30, elapsed=7d
2026-06-30 06:04:27.059 | DEBUG    | __main__:get_daily_price:82 -   last_known_date 2026-06-30 is in future. Capping to 7 days ago.
2026-06-30 06:04:27.059 | DEBUG    | __main__:get_daily_price:116 -   last_known=2026-06-30, run=2026-06-29, elapsed=7d
2026-06-30 06:04:27.059 | INFO     | __main__:build_zonal_output:318 -   Sorghum                N     421,958    +0.05%  + +0.64%  interp d7 (weekly series | +0.64% v
2026-06-30 06:04:27.059 | DEBUG    | __main__:get_daily_price:116 -   last_known=2026-06-30, run=2026-06-30, elapsed=7d
2026-06-30 06:04:27.059 | DEBUG    | __main__:get_daily_price:82 -   last_known_date 2026-06-30 is in future. Capping to 7 days ago.
2026-06-30 06:04:27.059 | DEBUG    | __main__:get_daily_price:116 -   last_known=2026-06-30, run=2026-06-29, elapsed=7d
2026-06-30 06:04:27.069 | INFO     | __main__:build_zonal_output:318 -   Beans (white)          N     827,154    +0.09%  + +1.21%  interp d7 (weekly series | +1.21% v
2026-06-30 06:04:27.071 | DEBUG    | __main__:get_daily_price:116 -   last_known=2026-06-30, run=2026-06-30, elapsed=7d
2026-06-30 06:04:27.073 | DEBUG    | __main__:get_daily_price:82 -   last_known_date 2026-06-30 is in future. Capping to 7 days ago.
2026-06-30 06:04:27.073 | DEBUG    | __main__:get_daily_price:116 -   last_known=2026-06-30, run=2026-06-29, elapsed=7d
2026-06-30 06:04:27.073 | INFO     | __main__:build_zonal_output:318 -   Beans (red)            N     910,646    -0.02%   -0.31%  interp d7 (weekly series | -0.31% v
2026-06-30 06:04:27.073 | DEBUG    | __main__:get_daily_price:116 -   last_known=2026-06-30, run=2026-06-30, elapsed=7d
2026-06-30 06:04:27.073 | DEBUG    | __main__:get_daily_price:82 -   last_known_date 2026-06-30 is in future. Capping to 7 days ago.
2026-06-30 06:04:27.073 | DEBUG    | __main__:get_daily_price:116 -   last_known=2026-06-30, run=2026-06-29, elapsed=7d
2026-06-30 06:04:27.073 | INFO     | __main__:build_zonal_output:318 -   Maize (white)          N     372,577    +0.02%  + +0.28%  interp d7 (weekly series | +0.28% v
2026-06-30 06:04:27.073 | DEBUG    | __main__:get_daily_price:116 -   last_known=2026-06-30, run=2026-06-30, elapsed=7d
2026-06-30 06:04:27.080 | DEBUG    | __main__:get_daily_price:82 -   last_known_date 2026-06-30 is in future. Capping to 7 days ago.
2026-06-30 06:04:27.080 | DEBUG    | __main__:get_daily_price:116 -   last_known=2026-06-30, run=2026-06-29, elapsed=7d
2026-06-30 06:04:27.080 | INFO     | __main__:build_zonal_output:318 -   Maize (yellow)         N     404,651    +0.03%  + +0.47%  interp d7 (weekly series | +0.47% v
2026-06-30 06:04:27.082 | DEBUG    | __main__:get_daily_price:116 -   last_known=2026-06-30, run=2026-06-30, elapsed=7d
2026-06-30 06:04:27.082 | DEBUG    | __main__:get_daily_price:82 -   last_known_date 2026-06-30 is in future. Capping to 7 days ago.
2026-06-30 06:04:27.082 | DEBUG    | __main__:get_daily_price:116 -   last_known=2026-06-30, run=2026-06-29, elapsed=7d
2026-06-30 06:04:27.082 | INFO     | __main__:build_zonal_output:318 -   Wheat                  N     716,461    +0.05%  + +0.69%  interp d7 (weekly series | +0.69% v
2026-06-30 06:04:27.084 | DEBUG    | __main__:get_daily_price:116 -   last_known=2026-06-30, run=2026-06-30, elapsed=7d
2026-06-30 06:04:27.085 | DEBUG    | __main__:get_daily_price:82 -   last_known_date 2026-06-30 is in future. Capping to 7 days ago.
2026-06-30 06:04:27.087 | DEBUG    | __main__:get_daily_price:116 -   last_known=2026-06-30, run=2026-06-29, elapsed=7d
2026-06-30 06:04:27.087 | INFO     | __main__:build_zonal_output:318 -   Rice                   N   1,558,613    +0.08%  + +1.14%  interp d7 (weekly series | +1.14% v
2026-06-30 06:04:27.087 | DEBUG    | __main__:get_daily_price:116 -   last_known=2026-06-30, run=2026-06-30, elapsed=7d
2026-06-30 06:04:27.089 | DEBUG    | __main__:get_daily_price:82 -   last_known_date 2026-06-30 is in future. Capping to 7 days ago.
2026-06-30 06:04:27.089 | DEBUG    | __main__:get_daily_price:116 -   last_known=2026-06-30, run=2026-06-29, elapsed=7d
2026-06-30 06:04:27.089 | INFO     | __main__:build_zonal_output:318 -   Eggs                   N       7,172    -0.01%   -0.16%  interp d7 (weekly series | -0.16% v
2026-06-30 06:04:27.091 | DEBUG    | __main__:get_daily_price:116 -   last_known=2026-06-30, run=2026-06-30, elapsed=7d
2026-06-30 06:04:27.093 | DEBUG    | __main__:get_daily_price:82 -   last_known_date 2026-06-30 is in future. Capping to 7 days ago.
2026-06-30 06:04:27.093 | DEBUG    | __main__:get_daily_price:116 -   last_known=2026-06-30, run=2026-06-29, elapsed=7d
2026-06-30 06:04:27.095 | INFO     | __main__:build_zonal_output:318 -   Fish (dried)           N   2,792,989    -0.07%   -1.04%  interp d7 (weekly series | -1.04% v
2026-06-30 06:04:27.095 | DEBUG    | __main__:get_daily_price:116 -   last_known=2026-06-30, run=2026-06-30, elapsed=7d
2026-06-30 06:04:27.095 | DEBUG    | __main__:get_daily_price:82 -   last_known_date 2026-06-30 is in future. Capping to 7 days ago.
2026-06-30 06:04:27.095 | DEBUG    | __main__:get_daily_price:116 -   last_known=2026-06-30, run=2026-06-29, elapsed=7d
2026-06-30 06:04:27.098 | INFO     | __main__:build_zonal_output:318 -   Meat (goat)            N   4,546,485    +0.08%  + +1.16%  interp d7 (weekly series | +1.16% v
2026-06-30 06:04:27.098 | DEBUG    | __main__:get_daily_price:116 -   last_known=2026-06-30, run=2026-06-30, elapsed=7d
2026-06-30 06:04:27.098 | DEBUG    | __main__:get_daily_price:82 -   last_known_date 2026-06-30 is in future. Capping to 7 days ago.
2026-06-30 06:04:27.100 | DEBUG    | __main__:get_daily_price:116 -   last_known=2026-06-30, run=2026-06-29, elapsed=7d
2026-06-30 06:04:27.100 | INFO     | __main__:build_zonal_output:318 -   Meat (beef)            N   4,281,897    +0.11%  + +1.52%  interp d7 (weekly series | +1.52% v
2026-06-30 06:04:27.100 | INFO     | __main__:build_zonal_output:321 - 
2026-06-30 06:04:27.157 | INFO     | __main__:run_zonal_forecast:484 - 
2026-06-30 06:04:27.157 | INFO     | __main__:run_zonal_forecast:485 -   Zone             State        Commodity                 State Price  Day Chg
2026-06-30 06:04:27.157 | INFO     | __main__:run_zonal_forecast:486 -   ------------------------------------------------------------------------
2026-06-30 06:04:27.157 | INFO     | __main__:run_zonal_forecast:493 -   North West       Kano         * Sesame                N   1,366,795/MT  +0.01%
2026-06-30 06:04:27.157 | INFO     | __main__:run_zonal_forecast:493 -   North West       Kano         * Sorghum               N     329,127/MT  +0.05%
2026-06-30 06:04:27.157 | INFO     | __main__:run_zonal_forecast:493 -   North West       Kano         * Beans (white)         N     719,624/MT  +0.09%
2026-06-30 06:04:27.157 | INFO     | __main__:run_zonal_forecast:493 -   North West       Kano         * Maize (white)         N     298,062/MT  +0.02%
2026-06-30 06:04:27.164 | INFO     | __main__:run_zonal_forecast:493 -   North West       Kano         * Maize (yellow)        N     323,721/MT  +0.03%
2026-06-30 06:04:27.164 | INFO     | __main__:run_zonal_forecast:493 -   North West       Kano         * Wheat                 N     637,650/MT  +0.05%
2026-06-30 06:04:27.165 | INFO     | __main__:run_zonal_forecast:493 -   North West       Kaduna       * Ginger                N   8,679,008/MT  +0.07%
2026-06-30 06:04:27.165 | INFO     | __main__:run_zonal_forecast:493 -   North West       Kaduna       * Soybeans              N     633,239/MT  +0.05%
2026-06-30 06:04:27.165 | INFO     | __main__:run_zonal_forecast:493 -   North West       Kaduna       * Sorghum               N     337,566/MT  +0.05%
2026-06-30 06:04:27.165 | INFO     | __main__:run_zonal_forecast:493 -   North West       Kaduna       * Maize (white)         N     301,787/MT  +0.02%
2026-06-30 06:04:27.165 | INFO     | __main__:run_zonal_forecast:493 -   North West       Kaduna       * Maize (yellow)        N     327,767/MT  +0.03%
2026-06-30 06:04:27.165 | INFO     | __main__:run_zonal_forecast:493 -   North West       Kaduna       * Wheat                 N     623,321/MT  +0.05%
2026-06-30 06:04:27.168 | INFO     | __main__:run_zonal_forecast:493 -   North West       Kaduna       * Rice                  N   1,449,510/MT  +0.08%
2026-06-30 06:04:27.168 | INFO     | __main__:run_zonal_forecast:493 -   North Central    Plateau      * Ginger                N   9,040,633/MT  +0.07%
2026-06-30 06:04:27.169 | INFO     | __main__:run_zonal_forecast:493 -   North Central    Plateau      * Soybeans              N     625,701/MT  +0.05%
2026-06-30 06:04:27.169 | INFO     | __main__:run_zonal_forecast:493 -   North Central    Plateau      * Beans (white)         N     744,438/MT  +0.09%
2026-06-30 06:04:27.169 | INFO     | __main__:run_zonal_forecast:493 -   North Central    Plateau      * Maize (white)         N     324,142/MT  +0.02%
2026-06-30 06:04:27.169 | INFO     | __main__:run_zonal_forecast:493 -   North Central    Plateau      * Wheat                 N     651,980/MT  +0.05%
2026-06-30 06:04:27.169 | INFO     | __main__:run_zonal_forecast:493 -   North Central    Plateau      * Rice                  N   1,402,752/MT  +0.08%
2026-06-30 06:04:27.169 | INFO     | __main__:run_zonal_forecast:493 -   North Central    Kogi         * Cocoa                 N   5,016,405/MT  +0.10%
2026-06-30 06:04:27.169 | INFO     | __main__:run_zonal_forecast:493 -   North Central    Kogi         * Soybeans              N     655,855/MT  +0.05%
2026-06-30 06:04:27.169 | INFO     | __main__:run_zonal_forecast:493 -   North Central    Kogi         * Cashew Nuts           N   1,581,545/MT  +0.08%
2026-06-30 06:04:27.172 | INFO     | __main__:run_zonal_forecast:493 -   North Central    Kogi         * Sorghum               N     383,982/MT  +0.05%
2026-06-30 06:04:27.173 | INFO     | __main__:run_zonal_forecast:493 -   North Central    Kogi         * Beans (white)         N     760,981/MT  +0.09%
2026-06-30 06:04:27.173 | INFO     | __main__:run_zonal_forecast:493 -   North Central    Kogi         * Maize (white)         N     335,319/MT  +0.02%
2026-06-30 06:04:27.173 | INFO     | __main__:run_zonal_forecast:493 -   North East       Adamawa      * Sesame                N   1,416,198/MT  +0.01%
2026-06-30 06:04:27.173 | INFO     | __main__:run_zonal_forecast:493 -   North East       Adamawa      * Ginger                N  10,004,967/MT  +0.07%
2026-06-30 06:04:27.176 | INFO     | __main__:run_zonal_forecast:493 -   North East       Adamawa      * Soybeans              N     670,932/MT  +0.05%
2026-06-30 06:04:27.176 | INFO     | __main__:run_zonal_forecast:493 -   North East       Adamawa      * Sorghum               N     367,103/MT  +0.05%
2026-06-30 06:04:27.176 | INFO     | __main__:run_zonal_forecast:493 -   North East       Adamawa      * Beans (white)         N     760,981/MT  +0.09%
2026-06-30 06:04:27.176 | INFO     | __main__:run_zonal_forecast:493 -   North East       Adamawa      * Maize (white)         N     327,868/MT  +0.02%
2026-06-30 06:04:27.177 | INFO     | __main__:run_zonal_forecast:493 -   North East       Borno        * Sesame                N   1,465,600/MT  +0.01%
2026-06-30 06:04:27.177 | INFO     | __main__:run_zonal_forecast:493 -   North East       Borno        * Sorghum               N     388,201/MT  +0.05%
2026-06-30 06:04:27.177 | INFO     | __main__:run_zonal_forecast:493 -   North East       Borno        * Beans (white)         N     876,783/MT  +0.09%
2026-06-30 06:04:27.179 | INFO     | __main__:run_zonal_forecast:493 -   North East       Borno        * Maize (white)         N     402,383/MT  +0.02%
2026-06-30 06:04:27.179 | INFO     | __main__:run_zonal_forecast:493 -   North East       Borno        * Wheat                 N     802,436/MT  +0.05%
2026-06-30 06:04:27.179 | INFO     | __main__:run_zonal_forecast:493 -   South West       Oyo          * Hibiscus              N   2,362,647/MT  -0.09%
2026-06-30 06:04:27.179 | INFO     | __main__:run_zonal_forecast:493 -   South West       Oyo          * Cocoa                 N   5,073,410/MT  +0.10%
2026-06-30 06:04:27.179 | INFO     | __main__:run_zonal_forecast:493 -   South West       Oyo          * Soybeans              N     784,011/MT  +0.05%
2026-06-30 06:04:27.179 | INFO     | __main__:run_zonal_forecast:493 -   South West       Oyo          * Cashew Nuts           N   1,700,161/MT  +0.08%
2026-06-30 06:04:27.179 | INFO     | __main__:run_zonal_forecast:493 -   South West       Oyo          * Beans (white)         N     909,869/MT  +0.09%
2026-06-30 06:04:27.179 | INFO     | __main__:run_zonal_forecast:493 -   South West       Oyo          * Maize (white)         N     402,383/MT  +0.02%
2026-06-30 06:04:27.179 | INFO     | __main__:run_zonal_forecast:493 -   South West       Lagos        * Hibiscus              N   2,637,906/MT  -0.09%
2026-06-30 06:04:27.179 | INFO     | __main__:run_zonal_forecast:493 -   South West       Lagos        * Sesame                N   1,943,155/MT  +0.01%
2026-06-30 06:04:27.185 | INFO     | __main__:run_zonal_forecast:493 -   South West       Lagos        * Cocoa                 N   6,156,497/MT  +0.10%
2026-06-30 06:04:27.186 | INFO     | __main__:run_zonal_forecast:493 -   South West       Lagos        * Soybeans              N     919,705/MT  +0.05%
2026-06-30 06:04:27.186 | INFO     | __main__:run_zonal_forecast:493 -   South West       Lagos        * Beans (white)         N   1,058,757/MT  +0.09%
2026-06-30 06:04:27.186 | INFO     | __main__:run_zonal_forecast:493 -   South West       Lagos        * Beans (red)           N   1,138,307/MT  -0.02%
2026-06-30 06:04:27.186 | INFO     | __main__:run_zonal_forecast:493 -   South West       Lagos        * Maize (white)         N     484,350/MT  +0.02%
2026-06-30 06:04:27.189 | INFO     | __main__:run_zonal_forecast:493 -   South West       Lagos        * Maize (yellow)        N     526,046/MT  +0.03%
2026-06-30 06:04:27.189 | INFO     | __main__:run_zonal_forecast:493 -   South East       Anambra      * Cocoa                 N   5,985,483/MT  +0.10%
2026-06-30 06:04:27.189 | INFO     | __main__:run_zonal_forecast:493 -   South East       Anambra      * Cashew Nuts           N   2,174,625/MT  +0.08%
2026-06-30 06:04:27.191 | INFO     | __main__:run_zonal_forecast:493 -   South East       Anambra      * Beans (white)         N     976,041/MT  +0.09%
2026-06-30 06:04:27.191 | INFO     | __main__:run_zonal_forecast:493 -   South East       Anambra      * Beans (red)           N   1,047,243/MT  -0.02%
2026-06-30 06:04:27.191 | INFO     | __main__:run_zonal_forecast:493 -   South East       Anambra      * Maize (white)         N     447,093/MT  +0.02%
2026-06-30 06:04:27.191 | INFO     | __main__:run_zonal_forecast:493 -   South East       Imo          * Cocoa                 N   5,187,419/MT  +0.10%
2026-06-30 06:04:27.191 | INFO     | __main__:run_zonal_forecast:493 -   South East       Imo          * Cashew Nuts           N   2,095,548/MT  +0.08%
2026-06-30 06:04:27.191 | INFO     | __main__:run_zonal_forecast:493 -   South East       Imo          * Beans (white)         N     951,227/MT  +0.09%
2026-06-30 06:04:27.191 | INFO     | __main__:run_zonal_forecast:493 -   South East       Imo          * Maize (white)         N     435,915/MT  +0.02%
2026-06-30 06:04:27.191 | INFO     | __main__:run_zonal_forecast:493 -   South South      Rivers       * Hibiscus              N   2,569,091/MT  -0.09%
2026-06-30 06:04:27.191 | INFO     | __main__:run_zonal_forecast:493 -   South South      Rivers       * Sesame                N   1,943,155/MT  +0.01%
2026-06-30 06:04:27.195 | INFO     | __main__:run_zonal_forecast:493 -   South South      Rivers       * Cocoa                 N   5,985,483/MT  +0.10%
2026-06-30 06:04:27.195 | INFO     | __main__:run_zonal_forecast:493 -   South South      Rivers       * Beans (white)         N   1,009,127/MT  +0.09%
2026-06-30 06:04:27.195 | INFO     | __main__:run_zonal_forecast:493 -   South South      Rivers       * Beans (red)           N   1,092,775/MT  -0.02%
2026-06-30 06:04:27.195 | INFO     | __main__:run_zonal_forecast:493 -   South South      Rivers       * Maize (white)         N     465,721/MT  +0.02%
2026-06-30 06:04:27.195 | INFO     | __main__:run_zonal_forecast:493 -   South South      Delta        * Hibiscus              N   2,477,338/MT  -0.09%
2026-06-30 06:04:27.198 | INFO     | __main__:run_zonal_forecast:493 -   South South      Delta        * Sesame                N   1,910,220/MT  +0.01%
2026-06-30 06:04:27.198 | INFO     | __main__:run_zonal_forecast:493 -   South South      Delta        * Cocoa                 N   5,301,428/MT  +0.10%
2026-06-30 06:04:27.200 | INFO     | __main__:run_zonal_forecast:493 -   South South      Delta        * Soybeans              N     859,396/MT  +0.05%
2026-06-30 06:04:27.200 | INFO     | __main__:run_zonal_forecast:493 -   South South      Delta        * Beans (white)         N     967,770/MT  +0.09%
2026-06-30 06:04:27.200 | INFO     | __main__:run_zonal_forecast:493 -   South South      Delta        * Maize (white)         N     447,093/MT  +0.02%
2026-06-30 06:04:27.693 | SUCCESS  | __main__:run_zonal_forecast:507 -   Zonal JSON  -> C:\Users\USER\Downloads\agrolinking-intel-structure\agrolinking-intel\outputs\forecasts\zonal\zonal_forecast_2026-06-30.json
2026-06-30 06:04:27.707 | SUCCESS  | __main__:run_zonal_forecast:513 -   Zonal alert -> C:\Users\USER\Downloads\agrolinking-intel-structure\agrolinking-intel\outputs\daily_alerts\alert_zonal_2026-06-30.txt
2026-06-30 06:04:27.712 | INFO     | __main__:run_zonal_forecast:515 - 
2026-06-30 06:04:27.712 | INFO     | __main__:run_zonal_forecast:516 - =================================================================
2026-06-30 06:04:27.714 | INFO     | __main__:run_zonal_forecast:518 -   ================================================
2026-06-30 06:04:27.714 | INFO     | __main__:run_zonal_forecast:518 -   AGROLINKING ZONAL COMMODITY INTELLIGENCE
2026-06-30 06:04:27.714 | INFO     | __main__:run_zonal_forecast:518 -   Date: Tuesday, 30 June 2026
2026-06-30 06:04:27.716 | INFO     | __main__:run_zonal_forecast:518 -   6 Zones | 12 States | 12 Commodities
2026-06-30 06:04:27.716 | INFO     | __main__:run_zonal_forecast:518 -   ================================================
2026-06-30 06:04:27.716 | INFO     | __main__:run_zonal_forecast:518 -   
2026-06-30 06:04:27.716 | INFO     | __main__:run_zonal_forecast:518 -   NORTH WEST (Kano & Kaduna)
2026-06-30 06:04:27.718 | INFO     | __main__:run_zonal_forecast:518 -   Nigeria's main grain belt. Highest Maize, Sorghum, Sesame, Wheat production.
2026-06-30 06:04:27.718 | INFO     | __main__:run_zonal_forecast:518 -   
2026-06-30 06:04:27.718 | INFO     | __main__:run_zonal_forecast:518 -     Commodity           Kano                Kaduna            
2026-06-30 06:04:27.724 | INFO     | __main__:run_zonal_forecast:518 -     ------------------------------------------------------------
2026-06-30 06:04:27.724 | INFO     | __main__:run_zonal_forecast:518 -     Hibiscus                N2.179M    (-0.1%)    N2.133M    (-0.1%)
2026-06-30 06:04:27.726 | INFO     | __main__:run_zonal_forecast:518 -     Sesame                * N1.367M    (+0.0%)    N1.400M    (+0.0%)
2026-06-30 06:04:27.726 | INFO     | __main__:run_zonal_forecast:518 -     Ginger                  N11.813M   (+0.1%)  * N8.679M    (+0.1%)
2026-06-30 06:04:27.726 | INFO     | __main__:run_zonal_forecast:518 -     Cocoa                   N5.814M    (+0.1%)    N5.985M    (+0.1%)
2026-06-30 06:04:27.726 | INFO     | __main__:run_zonal_forecast:518 -     Soybeans                N678K      (+0.1%)  * N633K      (+0.1%)
2026-06-30 06:04:27.726 | INFO     | __main__:run_zonal_forecast:518 -     Cashew Nuts             N1.977M    (+0.1%)    N2.016M    (+0.1%)
2026-06-30 06:04:27.726 | INFO     | __main__:run_zonal_forecast:518 -     Sorghum               * N329K      (+0.1%)  * N338K      (+0.1%)
2026-06-30 06:04:27.729 | INFO     | __main__:run_zonal_forecast:518 -     Beans (white)         * N720K      (+0.1%)    N728K      (+0.1%)
2026-06-30 06:04:27.730 | INFO     | __main__:run_zonal_forecast:518 -     Beans (red)             N820K      (-0.0%)    N829K      (-0.0%)
2026-06-30 06:04:27.730 | INFO     | __main__:run_zonal_forecast:518 -     Maize (white)         * N298K      (+0.0%)  * N302K      (+0.0%)
2026-06-30 06:04:27.732 | INFO     | __main__:run_zonal_forecast:518 -     Maize (yellow)        * N324K      (+0.0%)  * N328K      (+0.0%)
2026-06-30 06:04:27.732 | INFO     | __main__:run_zonal_forecast:518 -     Wheat                 * N638K      (+0.1%)  * N623K      (+0.1%)
2026-06-30 06:04:27.733 | INFO     | __main__:run_zonal_forecast:518 -     Rice                    N1.481M    (+0.1%)  * N1.450M    (+0.1%)
2026-06-30 06:04:27.733 | INFO     | __main__:run_zonal_forecast:518 -     Eggs                    N7K        (-0.0%)    N7K        (-0.0%)
2026-06-30 06:04:27.733 | INFO     | __main__:run_zonal_forecast:518 -     Fish (dried)            N3.072M    (-0.1%)    N3.016M    (-0.1%)
2026-06-30 06:04:27.738 | INFO     | __main__:run_zonal_forecast:518 -     Meat (goat)             N3.955M    (+0.1%)    N4.046M    (+0.1%)
2026-06-30 06:04:27.739 | INFO     | __main__:run_zonal_forecast:518 -     Meat (beef)             N3.768M    (+0.1%)    N3.854M    (+0.1%)
2026-06-30 06:04:27.739 | INFO     | __main__:run_zonal_forecast:518 -   
2026-06-30 06:04:27.740 | INFO     | __main__:run_zonal_forecast:518 -   NORTH CENTRAL (Plateau & Kogi)
2026-06-30 06:04:27.742 | INFO     | __main__:run_zonal_forecast:518 -   Middle Belt. Ginger heartland (Plateau), Cashew/Cocoa belt (Kogi).
2026-06-30 06:04:27.742 | INFO     | __main__:run_zonal_forecast:518 -   
2026-06-30 06:04:27.742 | INFO     | __main__:run_zonal_forecast:518 -     Commodity           Plateau             Kogi              
2026-06-30 06:04:27.744 | INFO     | __main__:run_zonal_forecast:518 -     ------------------------------------------------------------
2026-06-30 06:04:27.744 | INFO     | __main__:run_zonal_forecast:518 -     Hibiscus                N2.225M    (-0.1%)    N2.202M    (-0.1%)
2026-06-30 06:04:27.744 | INFO     | __main__:run_zonal_forecast:518 -     Sesame                  N1.581M    (+0.0%)    N1.597M    (+0.0%)
2026-06-30 06:04:27.744 | INFO     | __main__:run_zonal_forecast:518 -     Ginger                * N9.041M    (+0.1%)    N11.331M   (+0.1%)
2026-06-30 06:04:27.744 | INFO     | __main__:run_zonal_forecast:518 -     Cocoa                   N6.156M    (+0.1%)  * N5.016M    (+0.1%)
2026-06-30 06:04:27.744 | INFO     | __main__:run_zonal_forecast:518 -     Soybeans              * N626K      (+0.1%)  * N656K      (+0.1%)
2026-06-30 06:04:27.744 | INFO     | __main__:run_zonal_forecast:518 -     Cashew Nuts             N2.076M    (+0.1%)  * N1.582M    (+0.1%)
2026-06-30 06:04:27.744 | INFO     | __main__:run_zonal_forecast:518 -     Sorghum                 N388K      (+0.1%)  * N384K      (+0.1%)
2026-06-30 06:04:27.744 | INFO     | __main__:run_zonal_forecast:518 -     Beans (white)         * N744K      (+0.1%)  * N761K      (+0.1%)
2026-06-30 06:04:27.744 | INFO     | __main__:run_zonal_forecast:518 -     Beans (red)             N865K      (-0.0%)    N856K      (-0.0%)
2026-06-30 06:04:27.744 | INFO     | __main__:run_zonal_forecast:518 -     Maize (white)         * N324K      (+0.0%)  * N335K      (+0.0%)
2026-06-30 06:04:27.744 | INFO     | __main__:run_zonal_forecast:518 -     Maize (yellow)          N356K      (+0.0%)    N368K      (+0.0%)
2026-06-30 06:04:27.744 | INFO     | __main__:run_zonal_forecast:518 -     Wheat                 * N652K      (+0.1%)    N695K      (+0.1%)
2026-06-30 06:04:27.744 | INFO     | __main__:run_zonal_forecast:518 -     Rice                  * N1.403M    (+0.1%)    N1.512M    (+0.1%)
2026-06-30 06:04:27.744 | INFO     | __main__:run_zonal_forecast:518 -     Eggs                    N7K        (-0.0%)    N7K        (-0.0%)
2026-06-30 06:04:27.753 | INFO     | __main__:run_zonal_forecast:518 -     Fish (dried)            N2.933M    (-0.1%)    N2.849M    (-0.1%)
2026-06-30 06:04:27.753 | INFO     | __main__:run_zonal_forecast:518 -     Meat (goat)             N4.137M    (+0.1%)    N4.274M    (+0.1%)
2026-06-30 06:04:27.755 | INFO     | __main__:run_zonal_forecast:518 -     Meat (beef)             N3.939M    (+0.1%)    N4.068M    (+0.1%)
2026-06-30 06:04:27.755 | INFO     | __main__:run_zonal_forecast:518 -   
2026-06-30 06:04:27.759 | INFO     | __main__:run_zonal_forecast:518 -   NORTH EAST (Adamawa & Borno)
2026-06-30 06:04:27.759 | INFO     | __main__:run_zonal_forecast:518 -   Semi-arid. Sorghum, Maize. Conflict premium on imports in Borno.
2026-06-30 06:04:27.761 | INFO     | __main__:run_zonal_forecast:518 -   
2026-06-30 06:04:27.761 | INFO     | __main__:run_zonal_forecast:518 -     Commodity           Adamawa             Borno             
2026-06-30 06:04:27.761 | INFO     | __main__:run_zonal_forecast:518 -     ------------------------------------------------------------
2026-06-30 06:04:27.762 | INFO     | __main__:run_zonal_forecast:518 -     Hibiscus                N2.248M    (-0.1%)    N2.409M    (-0.1%)
2026-06-30 06:04:27.763 | INFO     | __main__:run_zonal_forecast:518 -     Sesame                * N1.416M    (+0.0%)  * N1.466M    (+0.0%)
2026-06-30 06:04:27.763 | INFO     | __main__:run_zonal_forecast:518 -     Ginger                * N10.005M   (+0.1%)    N13.862M   (+0.1%)
2026-06-30 06:04:27.763 | INFO     | __main__:run_zonal_forecast:518 -     Cocoa                   N5.985M    (+0.1%)    N6.727M    (+0.1%)
2026-06-30 06:04:27.763 | INFO     | __main__:run_zonal_forecast:518 -     Soybeans              * N671K      (+0.1%)    N814K      (+0.1%)
2026-06-30 06:04:27.765 | INFO     | __main__:run_zonal_forecast:518 -     Cashew Nuts             N2.056M    (+0.1%)    N2.273M    (+0.1%)
2026-06-30 06:04:27.769 | INFO     | __main__:run_zonal_forecast:518 -     Sorghum               * N367K      (+0.1%)  * N388K      (+0.1%)
2026-06-30 06:04:27.770 | INFO     | __main__:run_zonal_forecast:518 -     Beans (white)         * N761K      (+0.1%)  * N877K      (+0.1%)
2026-06-30 06:04:27.770 | INFO     | __main__:run_zonal_forecast:518 -     Beans (red)             N865K      (-0.0%)    N1.002M    (-0.0%)
2026-06-30 06:04:27.772 | INFO     | __main__:run_zonal_forecast:518 -     Maize (white)         * N328K      (+0.0%)  * N402K      (+0.0%)
2026-06-30 06:04:27.774 | INFO     | __main__:run_zonal_forecast:518 -     Maize (yellow)          N360K      (+0.0%)    N437K      (+0.0%)
2026-06-30 06:04:27.774 | INFO     | __main__:run_zonal_forecast:518 -     Wheat                   N702K      (+0.1%)  * N802K      (+0.1%)
2026-06-30 06:04:27.774 | INFO     | __main__:run_zonal_forecast:518 -     Rice                    N1.590M    (+0.1%)    N1.714M    (+0.1%)
2026-06-30 06:04:27.778 | INFO     | __main__:run_zonal_forecast:518 -     Eggs                    N7K        (-0.0%)    N8K        (-0.0%)
2026-06-30 06:04:27.778 | INFO     | __main__:run_zonal_forecast:518 -     Fish (dried)            N3.128M    (-0.1%)    N3.296M    (-0.1%)
2026-06-30 06:04:27.778 | INFO     | __main__:run_zonal_forecast:518 -     Meat (goat)             N4.183M    (+0.1%)    N4.728M    (+0.1%)
2026-06-30 06:04:27.778 | INFO     | __main__:run_zonal_forecast:518 -     Meat (beef)             N3.982M    (+0.1%)    N4.496M    (+0.1%)
2026-06-30 06:04:27.778 | INFO     | __main__:run_zonal_forecast:518 -   
2026-06-30 06:04:27.778 | INFO     | __main__:run_zonal_forecast:518 -   SOUTH WEST (Oyo & Lagos)
2026-06-30 06:04:27.778 | INFO     | __main__:run_zonal_forecast:518 -   Commercial capital. Lagos is the price-setter for consumer markets.
2026-06-30 06:04:27.784 | INFO     | __main__:run_zonal_forecast:518 -   
2026-06-30 06:04:27.786 | INFO     | __main__:run_zonal_forecast:518 -     Commodity           Oyo                 Lagos             
2026-06-30 06:04:27.789 | INFO     | __main__:run_zonal_forecast:518 -     ------------------------------------------------------------
2026-06-30 06:04:27.791 | INFO     | __main__:run_zonal_forecast:518 -     Hibiscus              * N2.363M    (-0.1%)  * N2.638M    (-0.1%)
2026-06-30 06:04:27.793 | INFO     | __main__:run_zonal_forecast:518 -     Sesame                  N1.746M    (+0.0%)  * N1.943M    (+0.0%)
2026-06-30 06:04:27.794 | INFO     | __main__:run_zonal_forecast:518 -     Ginger                  N13.019M   (+0.1%)    N14.465M   (+0.1%)
2026-06-30 06:04:27.794 | INFO     | __main__:run_zonal_forecast:518 -     Cocoa                 * N5.073M    (+0.1%)  * N6.156M    (+0.1%)
2026-06-30 06:04:27.796 | INFO     | __main__:run_zonal_forecast:518 -     Soybeans              * N784K      (+0.1%)  * N920K      (+0.1%)
2026-06-30 06:04:27.796 | INFO     | __main__:run_zonal_forecast:518 -     Cashew Nuts           * N1.700M    (+0.1%)    N2.175M    (+0.1%)
2026-06-30 06:04:27.798 | INFO     | __main__:run_zonal_forecast:518 -     Sorghum                 N443K      (+0.1%)    N498K      (+0.1%)
2026-06-30 06:04:27.799 | INFO     | __main__:run_zonal_forecast:518 -     Beans (white)         * N910K      (+0.1%)  * N1.059M    (+0.1%)
2026-06-30 06:04:27.801 | INFO     | __main__:run_zonal_forecast:518 -     Beans (red)             N1.020M    (-0.0%)  * N1.138M    (-0.0%)
2026-06-30 06:04:27.802 | INFO     | __main__:run_zonal_forecast:518 -     Maize (white)         * N402K      (+0.0%)  * N484K      (+0.0%)
2026-06-30 06:04:27.804 | INFO     | __main__:run_zonal_forecast:518 -     Maize (yellow)          N437K      (+0.0%)  * N526K      (+0.0%)
2026-06-30 06:04:27.805 | INFO     | __main__:run_zonal_forecast:518 -     Wheat                   N788K      (+0.1%)    N824K      (+0.1%)
2026-06-30 06:04:27.807 | INFO     | __main__:run_zonal_forecast:518 -     Rice                    N1.683M    (+0.1%)    N1.839M    (+0.1%)
2026-06-30 06:04:27.807 | INFO     | __main__:run_zonal_forecast:518 -     Eggs                    N7K        (-0.0%)    N8K        (-0.0%)
2026-06-30 06:04:27.807 | INFO     | __main__:run_zonal_forecast:518 -     Fish (dried)            N2.737M    (-0.1%)    N3.016M    (-0.1%)
2026-06-30 06:04:27.807 | INFO     | __main__:run_zonal_forecast:518 -     Meat (goat)             N4.819M    (+0.1%)    N5.410M    (+0.1%)
2026-06-30 06:04:27.807 | INFO     | __main__:run_zonal_forecast:518 -     Meat (beef)             N4.496M    (+0.1%)    N5.053M    (+0.1%)
2026-06-30 06:04:27.807 | INFO     | __main__:run_zonal_forecast:518 -   
2026-06-30 06:04:27.809 | INFO     | __main__:run_zonal_forecast:518 -   SOUTH EAST (Anambra & Imo)
2026-06-30 06:04:27.809 | INFO     | __main__:run_zonal_forecast:518 -   High consumption, low production of traded commodities. Import-dependent.
2026-06-30 06:04:27.809 | INFO     | __main__:run_zonal_forecast:518 -   
2026-06-30 06:04:27.812 | INFO     | __main__:run_zonal_forecast:518 -     Commodity           Anambra             Imo               
2026-06-30 06:04:27.812 | INFO     | __main__:run_zonal_forecast:518 -     ------------------------------------------------------------
2026-06-30 06:04:27.812 | INFO     | __main__:run_zonal_forecast:518 -     Hibiscus                N2.569M    (-0.1%)    N2.523M    (-0.1%)
2026-06-30 06:04:27.812 | INFO     | __main__:run_zonal_forecast:518 -     Sesame                  N1.910M    (+0.0%)    N1.877M    (+0.0%)
2026-06-30 06:04:27.815 | INFO     | __main__:run_zonal_forecast:518 -     Ginger                  N13.862M   (+0.1%)    N13.501M   (+0.1%)
2026-06-30 06:04:27.815 | INFO     | __main__:run_zonal_forecast:518 -     Cocoa                 * N5.985M    (+0.1%)  * N5.187M    (+0.1%)
2026-06-30 06:04:27.815 | INFO     | __main__:run_zonal_forecast:518 -     Soybeans                N859K      (+0.1%)    N844K      (+0.1%)
2026-06-30 06:04:27.815 | INFO     | __main__:run_zonal_forecast:518 -     Cashew Nuts           * N2.175M    (+0.1%)  * N2.096M    (+0.1%)
2026-06-30 06:04:27.815 | INFO     | __main__:run_zonal_forecast:518 -     Sorghum                 N481K      (+0.1%)    N473K      (+0.1%)
2026-06-30 06:04:27.820 | INFO     | __main__:run_zonal_forecast:518 -     Beans (white)         * N976K      (+0.1%)  * N951K      (+0.1%)
2026-06-30 06:04:27.822 | INFO     | __main__:run_zonal_forecast:518 -     Beans (red)           * N1.047M    (-0.0%)    N1.029M    (-0.0%)
2026-06-30 06:04:27.822 | INFO     | __main__:run_zonal_forecast:518 -     Maize (white)         * N447K      (+0.0%)  * N436K      (+0.0%)
2026-06-30 06:04:27.823 | INFO     | __main__:run_zonal_forecast:518 -     Maize (yellow)          N486K      (+0.0%)    N473K      (+0.0%)
2026-06-30 06:04:27.823 | INFO     | __main__:run_zonal_forecast:518 -     Wheat                   N845K      (+0.1%)    N831K      (+0.1%)
2026-06-30 06:04:27.823 | INFO     | __main__:run_zonal_forecast:518 -     Rice                    N1.746M    (+0.1%)    N1.714M    (+0.1%)
2026-06-30 06:04:27.823 | INFO     | __main__:run_zonal_forecast:518 -     Eggs                    N7K        (-0.0%)    N7K        (-0.0%)
2026-06-30 06:04:27.823 | INFO     | __main__:run_zonal_forecast:518 -     Fish (dried)            N2.653M    (-0.1%)    N2.597M    (-0.1%)
2026-06-30 06:04:27.823 | INFO     | __main__:run_zonal_forecast:518 -     Meat (goat)             N4.956M    (+0.1%)    N4.865M    (+0.1%)
2026-06-30 06:04:27.823 | INFO     | __main__:run_zonal_forecast:518 -     Meat (beef)             N4.624M    (+0.1%)    N4.539M    (+0.1%)
2026-06-30 06:04:27.823 | INFO     | __main__:run_zonal_forecast:518 -   
2026-06-30 06:04:27.823 | INFO     | __main__:run_zonal_forecast:518 -   SOUTH SOUTH (Rivers & Delta)
2026-06-30 06:04:27.823 | INFO     | __main__:run_zonal_forecast:518 -   Oil belt. High purchasing power. Cocoa producer (Delta).
2026-06-30 06:04:27.823 | INFO     | __main__:run_zonal_forecast:518 -   
2026-06-30 06:04:27.823 | INFO     | __main__:run_zonal_forecast:518 -     Commodity           Rivers              Delta             
2026-06-30 06:04:27.823 | INFO     | __main__:run_zonal_forecast:518 -     ------------------------------------------------------------
2026-06-30 06:04:27.823 | INFO     | __main__:run_zonal_forecast:518 -     Hibiscus              * N2.569M    (-0.1%)  * N2.477M    (-0.1%)
2026-06-30 06:04:27.833 | INFO     | __main__:run_zonal_forecast:518 -     Sesame                * N1.943M    (+0.0%)  * N1.910M    (+0.0%)
2026-06-30 06:04:27.833 | INFO     | __main__:run_zonal_forecast:518 -     Ginger                  N14.465M   (+0.1%)    N13.862M   (+0.1%)
2026-06-30 06:04:27.835 | INFO     | __main__:run_zonal_forecast:518 -     Cocoa                 * N5.985M    (+0.1%)  * N5.301M    (+0.1%)
2026-06-30 06:04:27.835 | INFO     | __main__:run_zonal_forecast:518 -     Soybeans                N890K      (+0.1%)  * N859K      (+0.1%)
2026-06-30 06:04:27.836 | INFO     | __main__:run_zonal_forecast:518 -     Cashew Nuts             N2.273M    (+0.1%)    N2.175M    (+0.1%)
2026-06-30 06:04:27.837 | INFO     | __main__:run_zonal_forecast:518 -     Sorghum                 N506K      (+0.1%)    N498K      (+0.1%)
2026-06-30 06:04:27.837 | INFO     | __main__:run_zonal_forecast:518 -     Beans (white)         * N1.009M    (+0.1%)  * N968K      (+0.1%)
2026-06-30 06:04:27.837 | INFO     | __main__:run_zonal_forecast:518 -     Beans (red)           * N1.093M    (-0.0%)    N1.047M    (-0.0%)
2026-06-30 06:04:27.839 | INFO     | __main__:run_zonal_forecast:518 -     Maize (white)         * N466K      (+0.0%)  * N447K      (+0.0%)
2026-06-30 06:04:27.841 | INFO     | __main__:run_zonal_forecast:518 -     Maize (yellow)          N506K      (+0.0%)    N486K      (+0.0%)
2026-06-30 06:04:27.841 | INFO     | __main__:run_zonal_forecast:518 -     Wheat                   N874K      (+0.1%)    N860K      (+0.1%)
2026-06-30 06:04:27.841 | INFO     | __main__:run_zonal_forecast:518 -     Rice                    N1.792M    (+0.1%)    N1.746M    (+0.1%)
2026-06-30 06:04:27.841 | INFO     | __main__:run_zonal_forecast:518 -     Eggs                    N8K        (-0.0%)    N8K        (-0.0%)
2026-06-30 06:04:27.841 | INFO     | __main__:run_zonal_forecast:518 -     Fish (dried)            N2.458M    (-0.1%)    N2.514M    (-0.1%)
2026-06-30 06:04:27.841 | INFO     | __main__:run_zonal_forecast:518 -     Meat (goat)             N5.138M    (+0.1%)    N5.047M    (+0.1%)
2026-06-30 06:04:27.841 | INFO     | __main__:run_zonal_forecast:518 -     Meat (beef)             N4.796M    (+0.1%)    N4.710M    (+0.1%)
2026-06-30 06:04:27.841 | INFO     | __main__:run_zonal_forecast:518 -   
2026-06-30 06:04:27.841 | INFO     | __main__:run_zonal_forecast:518 -   ==========================================================
2026-06-30 06:04:27.847 | INFO     | __main__:run_zonal_forecast:518 -   * = primary commodity  (+/-%) = day-on-day change
2026-06-30 06:04:27.849 | INFO     | __main__:run_zonal_forecast:518 -   
2026-06-30 06:04:27.849 | INFO     | __main__:run_zonal_forecast:518 -   NATIONAL PRICE CHANGES TODAY:
2026-06-30 06:04:27.849 | INFO     | __main__:run_zonal_forecast:518 -     Commodity                   Price   Day Chg    vs Ref
2026-06-30 06:04:27.851 | INFO     | __main__:run_zonal_forecast:518 -     ------------------------------------------------------
2026-06-30 06:04:27.853 | INFO     | __main__:run_zonal_forecast:518 -     Hibiscus                  N2.294M    -0.09%    -1.21%
2026-06-30 06:04:27.856 | INFO     | __main__:run_zonal_forecast:518 -     Sesame                    N1.647M    +0.01%    +0.08%
2026-06-30 06:04:27.858 | INFO     | __main__:run_zonal_forecast:518 -     Ginger                   N12.054M    +0.07%    +0.96%
2026-06-30 06:04:27.858 | INFO     | __main__:run_zonal_forecast:518 -     Cocoa                     N5.700M    +0.10%    +1.37%
2026-06-30 06:04:27.858 | INFO     | __main__:run_zonal_forecast:518 -     Soybeans                    N754K    +0.05%    +0.73%
2026-06-30 06:04:27.858 | INFO     | __main__:run_zonal_forecast:518 -     Cashew Nuts               N1.977M    +0.08%    +1.08%
2026-06-30 06:04:27.858 | INFO     | __main__:run_zonal_forecast:518 -     Sorghum                     N422K    +0.05%    +0.64%
2026-06-30 06:04:27.858 | INFO     | __main__:run_zonal_forecast:518 -     Beans (white)               N827K    +0.09%    +1.21%
2026-06-30 06:04:27.858 | INFO     | __main__:run_zonal_forecast:518 -     Beans (red)                 N911K    -0.02%    -0.31%
2026-06-30 06:04:27.858 | INFO     | __main__:run_zonal_forecast:518 -     Maize (white)               N373K    +0.02%    +0.28%
2026-06-30 06:04:27.858 | INFO     | __main__:run_zonal_forecast:518 -     Maize (yellow)              N405K    +0.03%    +0.47%
2026-06-30 06:04:27.865 | INFO     | __main__:run_zonal_forecast:518 -     Wheat                       N716K    +0.05%    +0.69%
2026-06-30 06:04:27.865 | INFO     | __main__:run_zonal_forecast:518 -     Rice                      N1.559M    +0.08%    +1.14%
2026-06-30 06:04:27.865 | INFO     | __main__:run_zonal_forecast:518 -     Eggs                          N7K    -0.01%    -0.16%
2026-06-30 06:04:27.865 | INFO     | __main__:run_zonal_forecast:518 -     Fish (dried)              N2.793M    -0.07%    -1.04%
2026-06-30 06:04:27.865 | INFO     | __main__:run_zonal_forecast:518 -     Meat (goat)               N4.546M    +0.08%    +1.16%
2026-06-30 06:04:27.869 | INFO     | __main__:run_zonal_forecast:518 -     Meat (beef)               N4.282M    +0.11%    +1.52%
2026-06-30 06:04:27.869 | INFO     | __main__:run_zonal_forecast:518 -   
2026-06-30 06:04:27.869 | INFO     | __main__:run_zonal_forecast:518 -   BEST SOURCING NATIONALLY:
2026-06-30 06:04:27.872 | INFO     | __main__:run_zonal_forecast:518 -     Commodity              Best State           Price  Spread
2026-06-30 06:04:27.874 | INFO     | __main__:run_zonal_forecast:518 -     ------------------------------------------------------------
2026-06-30 06:04:27.874 | INFO     | __main__:run_zonal_forecast:518 -     Hibiscus               Kaduna             N2.133M  24% vs Lagos
2026-06-30 06:04:27.875 | INFO     | __main__:run_zonal_forecast:518 -     Sesame                 Kano               N1.367M  42% vs Lagos
2026-06-30 06:04:27.877 | INFO     | __main__:run_zonal_forecast:518 -     Ginger                 Kaduna             N8.679M  67% vs Lagos
2026-06-30 06:04:27.877 | INFO     | __main__:run_zonal_forecast:518 -     Cocoa                  Kogi               N5.016M  34% vs Borno
2026-06-30 06:04:27.877 | INFO     | __main__:run_zonal_forecast:518 -     Soybeans               Plateau              N626K  47% vs Lagos
2026-06-30 06:04:27.880 | INFO     | __main__:run_zonal_forecast:518 -     Cashew Nuts            Kogi               N1.582M  44% vs Borno
2026-06-30 06:04:27.882 | INFO     | __main__:run_zonal_forecast:518 -     Sorghum                Kano                 N329K  54% vs Rivers
2026-06-30 06:04:27.882 | INFO     | __main__:run_zonal_forecast:518 -     Beans (white)          Kano                 N720K  47% vs Lagos
2026-06-30 06:04:27.882 | INFO     | __main__:run_zonal_forecast:518 -     Beans (red)            Kano                 N820K  39% vs Lagos
2026-06-30 06:04:27.882 | INFO     | __main__:run_zonal_forecast:518 -     Maize (white)          Kano                 N298K  62% vs Lagos
2026-06-30 06:04:27.888 | INFO     | __main__:run_zonal_forecast:518 -     Maize (yellow)         Kano                 N324K  62% vs Lagos
2026-06-30 06:04:27.890 | INFO     | __main__:run_zonal_forecast:518 -     Wheat                  Kaduna               N623K  40% vs Rivers
2026-06-30 06:04:27.890 | INFO     | __main__:run_zonal_forecast:518 -     Rice                   Plateau            N1.403M  31% vs Lagos
2026-06-30 06:04:27.893 | INFO     | __main__:run_zonal_forecast:518 -     Eggs                   Kano                   N7K  22% vs Lagos
2026-06-30 06:04:27.893 | INFO     | __main__:run_zonal_forecast:518 -     Fish (dried)           Rivers             N2.458M  34% vs Borno
2026-06-30 06:04:27.893 | INFO     | __main__:run_zonal_forecast:518 -     Meat (goat)            Kano               N3.955M  37% vs Lagos
2026-06-30 06:04:27.894 | INFO     | __main__:run_zonal_forecast:518 -     Meat (beef)            Kano               N3.768M  34% vs Lagos
2026-06-30 06:04:27.894 | INFO     | __main__:run_zonal_forecast:518 -   
2026-06-30 06:04:27.894 | INFO     | __main__:run_zonal_forecast:518 -   ==========================================================
2026-06-30 06:04:27.896 | INFO     | __main__:run_zonal_forecast:518 -   Source: Agrolinking Intelligence Platform
2026-06-30 06:04:27.896 | INFO     | __main__:run_zonal_forecast:518 -   Next update: 01 Jul 2026
2026-06-30 06:04:27.899 | INFO     | __main__:run_zonal_forecast:519 - =================================================================
2026-06-30 06:04:27.899 | SUCCESS  | __main__:run_zonal_forecast:520 - ZONAL FORECASTING COMPLETE — 6 zones | 12 states | 17 commodities
