2026-09-20 15:14:28.674 | INFO     | __main__:run_zonal_forecast:379 - =================================================================
2026-09-20 15:14:28.677 | INFO     | __main__:run_zonal_forecast:380 - STEP 7 — ZONAL & STATE-LEVEL FORECASTING
2026-09-20 15:14:28.677 | INFO     | __main__:run_zonal_forecast:381 -   Date  : Sunday, 20 September 2026  15:14
2026-09-20 15:14:28.679 | INFO     | __main__:run_zonal_forecast:382 -   Anchor: DAILY INTERPOLATED (from last_known_date, drifts daily)
2026-09-20 15:14:28.679 | INFO     | __main__:run_zonal_forecast:383 - =================================================================
2026-09-20 15:14:29.227 | INFO     | __main__:run_zonal_forecast:386 -   Source: forecast_validated_2026-09-20.json
2026-09-20 15:14:29.246 | INFO     | __main__:run_zonal_forecast:393 -   Maize (white): last_known=2026-09-14, days_elapsed=6
2026-09-20 15:14:29.281 | INFO     | __main__:run_zonal_forecast:393 -   Hibiscus: last_known=2026-09-14, days_elapsed=6
2026-09-20 15:14:29.303 | INFO     | __main__:run_zonal_forecast:393 -   Sesame: last_known=2026-09-14, days_elapsed=6
2026-09-20 15:14:29.331 | INFO     | __main__:build_zonal_output:201 - 
2026-09-20 15:14:29.338 | INFO     | __main__:build_zonal_output:202 -   NATIONAL ANCHORS (interpolated from last_known_date to today):
2026-09-20 15:14:29.367 | INFO     | __main__:build_zonal_output:203 -   Commodity                 Today Price   Day Chg    vs Ref  Source
2026-09-20 15:14:29.375 | INFO     | __main__:build_zonal_output:204 -   --------------------------------------------------------------------------------
2026-09-20 15:14:29.385 | INFO     | __main__:build_zonal_output:233 -   Hibiscus               N   2,136,282    -1.25%   -8.12%  daily_series d6 (-7.05% vs ref)
2026-09-20 15:14:29.388 | INFO     | __main__:build_zonal_output:233 -   Sesame                 N   1,484,077    -1.39%  -10.06%  daily_series d6 (-7.82% vs ref)
2026-09-20 15:14:29.397 | INFO     | __main__:build_zonal_output:233 -   Ginger                 N  11,985,989    +0.07%   -0.12%  daily_series d6 (+0.44% vs ref)
2026-09-20 15:14:29.398 | INFO     | __main__:build_zonal_output:233 -   Cocoa                  N   6,145,925    +1.58%   +8.78%  daily_series d6 (+10.28% vs ref)
2026-09-20 15:14:29.399 | INFO     | __main__:build_zonal_output:233 -   Soybeans               N     630,035    -3.27%  -15.43%  daily_series d6 (-16.88% vs ref)
2026-09-20 15:14:29.400 | INFO     | __main__:build_zonal_output:233 -   Cashew Nuts            N   1,709,850    -2.04%  -12.32%  daily_series d6 (-11.10% vs ref)
2026-09-20 15:14:29.401 | INFO     | __main__:build_zonal_output:233 -   Sorghum                N     311,237    -5.28%  -25.90%  daily_series d6 (-25.08% vs ref)
2026-09-20 15:14:29.404 | INFO     | __main__:build_zonal_output:233 -   Beans (white)          N     584,299    -5.87%  -28.13%  daily_series d6 (-27.23% vs ref)
2026-09-20 15:14:29.408 | INFO     | __main__:build_zonal_output:233 -   Beans (red)            N     683,560    -4.82%  -25.29%  daily_series d6 (-23.32% vs ref)
2026-09-20 15:14:29.411 | INFO     | __main__:build_zonal_output:233 -   Maize (white)          N     322,437    -2.25%  -12.85%  daily_series d6 (-12.14% vs ref)
2026-09-20 15:14:29.412 | INFO     | __main__:build_zonal_output:233 -   Maize (yellow)         N     350,472    -2.16%  -12.38%  daily_series d6 (-11.71% vs ref)
2026-09-20 15:14:29.412 | INFO     | __main__:build_zonal_output:233 -   Wheat                  N     623,042    -2.00%  -11.85%  daily_series d6 (-10.91% vs ref)
2026-09-20 15:14:29.414 | INFO     | __main__:build_zonal_output:233 -   Rice                   N   1,379,692    -1.74%  -10.99%  daily_series d6 (-9.62% vs ref)
2026-09-20 15:14:29.414 | INFO     | __main__:build_zonal_output:233 -   Meat (beef)            N   6,898,354    +1.06%   +6.13%  daily_series d6 (+6.69% vs ref)
2026-09-20 15:14:29.418 | INFO     | __main__:build_zonal_output:233 -   Meat (goat)            N   6,654,832    +0.40%   +2.38%  daily_series d6 (+2.46% vs ref)
2026-09-20 15:14:29.420 | INFO     | __main__:build_zonal_output:233 -   Fish (dried)           N     947,855    -4.15%  -21.01%  daily_series d6 (-20.61% vs ref)
2026-09-20 15:14:29.421 | INFO     | __main__:build_zonal_output:233 -   Eggs                   N       5,784    -1.04%   -6.71%  daily_series d6 (-5.93% vs ref)
2026-09-20 15:14:29.421 | INFO     | __main__:build_zonal_output:236 - 
2026-09-20 15:14:30.055 | INFO     | __main__:run_zonal_forecast:399 - 
2026-09-20 15:14:30.056 | INFO     | __main__:run_zonal_forecast:400 -   Zone             State        Commodity                 State Price  Day Chg
2026-09-20 15:14:30.056 | INFO     | __main__:run_zonal_forecast:401 -   ------------------------------------------------------------------------
2026-09-20 15:14:30.058 | INFO     | __main__:run_zonal_forecast:408 -   North West       Kano         * Sesame                N   1,231,784/MT  -1.39%
2026-09-20 15:14:30.058 | INFO     | __main__:run_zonal_forecast:408 -   North West       Kano         * Sorghum               N     242,765/MT  -5.28%
2026-09-20 15:14:30.059 | INFO     | __main__:run_zonal_forecast:408 -   North West       Kano         * Beans (white)         N     508,340/MT  -5.87%
2026-09-20 15:14:30.059 | INFO     | __main__:run_zonal_forecast:408 -   North West       Kano         * Maize (white)         N     257,949/MT  -2.25%
2026-09-20 15:14:30.059 | INFO     | __main__:run_zonal_forecast:408 -   North West       Kano         * Maize (yellow)        N     280,378/MT  -2.16%
2026-09-20 15:14:30.061 | INFO     | __main__:run_zonal_forecast:408 -   North West       Kano         * Wheat                 N     554,508/MT  -2.00%
2026-09-20 15:14:30.061 | INFO     | __main__:run_zonal_forecast:408 -   North West       Kaduna       * Ginger                N   8,629,912/MT  +0.07%
2026-09-20 15:14:30.066 | INFO     | __main__:run_zonal_forecast:408 -   North West       Kaduna       * Soybeans              N     529,229/MT  -3.27%
2026-09-20 15:14:30.066 | INFO     | __main__:run_zonal_forecast:408 -   North West       Kaduna       * Sorghum               N     248,990/MT  -5.28%
2026-09-20 15:14:30.067 | INFO     | __main__:run_zonal_forecast:408 -   North West       Kaduna       * Maize (white)         N     261,174/MT  -2.25%
2026-09-20 15:14:30.069 | INFO     | __main__:run_zonal_forecast:408 -   North West       Kaduna       * Maize (yellow)        N     283,882/MT  -2.16%
2026-09-20 15:14:30.069 | INFO     | __main__:run_zonal_forecast:408 -   North West       Kaduna       * Wheat                 N     542,047/MT  -2.00%
2026-09-20 15:14:30.075 | INFO     | __main__:run_zonal_forecast:408 -   North Central    Plateau      * Ginger                N   8,989,492/MT  +0.07%
2026-09-20 15:14:30.075 | INFO     | __main__:run_zonal_forecast:408 -   North Central    Plateau      * Soybeans              N     522,929/MT  -3.27%
2026-09-20 15:14:30.077 | INFO     | __main__:run_zonal_forecast:408 -   North Central    Plateau      * Beans (white)         N     525,869/MT  -5.87%
2026-09-20 15:14:30.078 | INFO     | __main__:run_zonal_forecast:408 -   North Central    Plateau      * Maize (white)         N     280,520/MT  -2.25%
2026-09-20 15:14:30.078 | INFO     | __main__:run_zonal_forecast:408 -   North Central    Plateau      * Wheat                 N     566,968/MT  -2.00%
2026-09-20 15:14:30.078 | INFO     | __main__:run_zonal_forecast:408 -   North Central    Kogi         * Cocoa                 N   5,408,414/MT  +1.58%
2026-09-20 15:14:30.084 | INFO     | __main__:run_zonal_forecast:408 -   North Central    Kogi         * Soybeans              N     548,130/MT  -3.27%
2026-09-20 15:14:30.086 | INFO     | __main__:run_zonal_forecast:408 -   North Central    Kogi         * Cashew Nuts           N   1,367,880/MT  -2.04%
2026-09-20 15:14:30.086 | INFO     | __main__:run_zonal_forecast:408 -   North Central    Kogi         * Sorghum               N     283,226/MT  -5.28%
2026-09-20 15:14:30.087 | INFO     | __main__:run_zonal_forecast:408 -   North Central    Kogi         * Beans (white)         N     537,555/MT  -5.87%
2026-09-20 15:14:30.094 | INFO     | __main__:run_zonal_forecast:408 -   North Central    Kogi         * Maize (white)         N     290,193/MT  -2.25%
2026-09-20 15:14:30.095 | INFO     | __main__:run_zonal_forecast:408 -   North East       Adamawa      * Sesame                N   1,276,306/MT  -1.39%
2026-09-20 15:14:30.099 | INFO     | __main__:run_zonal_forecast:408 -   North East       Adamawa      * Ginger                N   9,948,371/MT  +0.07%
2026-09-20 15:14:30.102 | INFO     | __main__:run_zonal_forecast:408 -   North East       Adamawa      * Soybeans              N     560,731/MT  -3.27%
2026-09-20 15:14:30.104 | INFO     | __main__:run_zonal_forecast:408 -   North East       Adamawa      * Sorghum               N     270,776/MT  -5.28%
2026-09-20 15:14:30.104 | INFO     | __main__:run_zonal_forecast:408 -   North East       Adamawa      * Beans (white)         N     537,555/MT  -5.87%
2026-09-20 15:14:30.105 | INFO     | __main__:run_zonal_forecast:408 -   North East       Adamawa      * Maize (white)         N     283,744/MT  -2.25%
2026-09-20 15:14:30.107 | INFO     | __main__:run_zonal_forecast:408 -   North East       Borno        * Sesame                N   1,320,828/MT  -1.39%
2026-09-20 15:14:30.108 | INFO     | __main__:run_zonal_forecast:408 -   North East       Borno        * Sorghum               N     286,338/MT  -5.28%
2026-09-20 15:14:30.109 | INFO     | __main__:run_zonal_forecast:408 -   North East       Borno        * Beans (white)         N     619,357/MT  -5.87%
2026-09-20 15:14:30.117 | INFO     | __main__:run_zonal_forecast:408 -   North East       Borno        * Maize (white)         N     348,232/MT  -2.25%
2026-09-20 15:14:30.117 | INFO     | __main__:run_zonal_forecast:408 -   North East       Borno        * Wheat                 N     697,807/MT  -2.00%
2026-09-20 15:14:30.119 | INFO     | __main__:run_zonal_forecast:408 -   South West       Oyo          * Hibiscus              N   2,200,370/MT  -1.25%
2026-09-20 15:14:30.121 | INFO     | __main__:run_zonal_forecast:408 -   South West       Oyo          * Cocoa                 N   5,469,873/MT  +1.58%
2026-09-20 15:14:30.121 | INFO     | __main__:run_zonal_forecast:408 -   South West       Oyo          * Soybeans              N     655,236/MT  -3.27%
2026-09-20 15:14:30.123 | INFO     | __main__:run_zonal_forecast:408 -   South West       Oyo          * Cashew Nuts           N   1,470,471/MT  -2.04%
2026-09-20 15:14:30.123 | INFO     | __main__:run_zonal_forecast:408 -   South West       Oyo          * Beans (white)         N     642,729/MT  -5.87%
2026-09-20 15:14:30.128 | INFO     | __main__:run_zonal_forecast:408 -   South West       Oyo          * Maize (white)         N     348,232/MT  -2.25%
2026-09-20 15:14:30.128 | INFO     | __main__:run_zonal_forecast:408 -   South West       Lagos        * Hibiscus              N   2,456,724/MT  -1.25%
2026-09-20 15:14:30.130 | INFO     | __main__:run_zonal_forecast:408 -   South West       Lagos        * Sesame                N   1,751,210/MT  -1.39%
2026-09-20 15:14:30.130 | INFO     | __main__:run_zonal_forecast:408 -   South West       Lagos        * Cocoa                 N   6,637,599/MT  +1.58%
2026-09-20 15:14:30.132 | INFO     | __main__:run_zonal_forecast:408 -   South West       Lagos        * Soybeans              N     768,642/MT  -3.27%
2026-09-20 15:14:30.135 | INFO     | __main__:run_zonal_forecast:408 -   South West       Lagos        * Beans (white)         N     747,903/MT  -5.87%
2026-09-20 15:14:30.137 | INFO     | __main__:run_zonal_forecast:408 -   South West       Lagos        * Beans (red)           N     854,450/MT  -4.82%
2026-09-20 15:14:30.139 | INFO     | __main__:run_zonal_forecast:408 -   South West       Lagos        * Maize (white)         N     419,168/MT  -2.25%
2026-09-20 15:14:30.139 | INFO     | __main__:run_zonal_forecast:408 -   South West       Lagos        * Maize (yellow)        N     455,614/MT  -2.16%
2026-09-20 15:14:30.141 | INFO     | __main__:run_zonal_forecast:408 -   South East       Anambra      * Cocoa                 N   6,453,221/MT  +1.58%
2026-09-20 15:14:30.142 | INFO     | __main__:run_zonal_forecast:408 -   South East       Anambra      * Cashew Nuts           N   1,880,835/MT  -2.04%
2026-09-20 15:14:30.146 | INFO     | __main__:run_zonal_forecast:408 -   South East       Anambra      * Beans (white)         N     689,473/MT  -5.87%
2026-09-20 15:14:30.207 | INFO     | __main__:run_zonal_forecast:408 -   South East       Anambra      * Beans (red)           N     786,094/MT  -4.82%
2026-09-20 15:14:30.288 | INFO     | __main__:run_zonal_forecast:408 -   South East       Anambra      * Maize (white)         N     386,924/MT  -2.25%
2026-09-20 15:14:30.362 | INFO     | __main__:run_zonal_forecast:408 -   South East       Imo          * Cocoa                 N   5,592,792/MT  +1.58%
2026-09-20 15:14:30.395 | INFO     | __main__:run_zonal_forecast:408 -   South East       Imo          * Cashew Nuts           N   1,812,441/MT  -2.04%
2026-09-20 15:14:30.485 | INFO     | __main__:run_zonal_forecast:408 -   South East       Imo          * Beans (white)         N     671,944/MT  -5.87%
2026-09-20 15:14:30.561 | INFO     | __main__:run_zonal_forecast:408 -   South East       Imo          * Maize (white)         N     377,251/MT  -2.25%
2026-09-20 15:14:30.608 | INFO     | __main__:run_zonal_forecast:408 -   South South      Rivers       * Hibiscus              N   2,392,635/MT  -1.25%
2026-09-20 15:14:30.628 | INFO     | __main__:run_zonal_forecast:408 -   South South      Rivers       * Sesame                N   1,751,210/MT  -1.39%
2026-09-20 15:14:30.649 | INFO     | __main__:run_zonal_forecast:408 -   South South      Rivers       * Cocoa                 N   6,453,221/MT  +1.58%
2026-09-20 15:14:30.664 | INFO     | __main__:run_zonal_forecast:408 -   South South      Rivers       * Beans (white)         N     712,845/MT  -5.87%
2026-09-20 15:14:30.680 | INFO     | __main__:run_zonal_forecast:408 -   South South      Rivers       * Beans (red)           N     820,272/MT  -4.82%
2026-09-20 15:14:30.686 | INFO     | __main__:run_zonal_forecast:408 -   South South      Rivers       * Maize (white)         N     403,046/MT  -2.25%
2026-09-20 15:14:30.702 | INFO     | __main__:run_zonal_forecast:408 -   South South      Delta        * Hibiscus              N   2,307,184/MT  -1.25%
2026-09-20 15:14:30.709 | INFO     | __main__:run_zonal_forecast:408 -   South South      Delta        * Sesame                N   1,721,529/MT  -1.39%
2026-09-20 15:14:30.771 | INFO     | __main__:run_zonal_forecast:408 -   South South      Delta        * Cocoa                 N   5,715,710/MT  +1.58%
2026-09-20 15:14:30.870 | INFO     | __main__:run_zonal_forecast:408 -   South South      Delta        * Soybeans              N     718,239/MT  -3.27%
2026-09-20 15:14:30.894 | INFO     | __main__:run_zonal_forecast:408 -   South South      Delta        * Beans (white)         N     683,630/MT  -5.87%
2026-09-20 15:14:30.937 | INFO     | __main__:run_zonal_forecast:408 -   South South      Delta        * Maize (white)         N     386,924/MT  -2.25%
2026-09-20 15:14:36.241 | SUCCESS  | __main__:run_zonal_forecast:422 -   Zonal JSON  -> C:\Users\USER\Downloads\agrolinking-intel-structure\agrolinking-intel\outputs\forecasts\zonal\zonal_forecast_2026-09-20.json
2026-09-20 15:14:36.259 | SUCCESS  | __main__:run_zonal_forecast:428 -   Zonal alert -> C:\Users\USER\Downloads\agrolinking-intel-structure\agrolinking-intel\outputs\daily_alerts\alert_zonal_2026-09-20.txt
2026-09-20 15:14:36.265 | INFO     | __main__:run_zonal_forecast:430 - 
2026-09-20 15:14:36.367 | INFO     | __main__:run_zonal_forecast:431 - =================================================================
2026-09-20 15:14:36.451 | INFO     | __main__:run_zonal_forecast:433 -   ================================================
2026-09-20 15:14:36.485 | INFO     | __main__:run_zonal_forecast:433 -   AGROLINKING ZONAL COMMODITY INTELLIGENCE
2026-09-20 15:14:36.541 | INFO     | __main__:run_zonal_forecast:433 -   Date: Sunday, 20 September 2026
2026-09-20 15:14:36.566 | INFO     | __main__:run_zonal_forecast:433 -   6 Zones | 12 States | 12 Commodities
2026-09-20 15:14:36.602 | INFO     | __main__:run_zonal_forecast:433 -   ================================================
2026-09-20 15:14:36.615 | INFO     | __main__:run_zonal_forecast:433 -   
2026-09-20 15:14:36.657 | INFO     | __main__:run_zonal_forecast:433 -   NORTH WEST (Kano & Kaduna)
2026-09-20 15:14:36.686 | INFO     | __main__:run_zonal_forecast:433 -   Nigeria's main grain belt. Highest Maize, Sorghum, Sesame, Wheat production.
2026-09-20 15:14:36.701 | INFO     | __main__:run_zonal_forecast:433 -   
2026-09-20 15:14:36.713 | INFO     | __main__:run_zonal_forecast:433 -     Commodity           Kano                Kaduna            
2026-09-20 15:14:36.828 | INFO     | __main__:run_zonal_forecast:433 -     ------------------------------------------------------------
2026-09-20 15:14:36.912 | INFO     | __main__:run_zonal_forecast:433 -     Hibiscus                N2.029M    (-1.25%)     N1.987M    (-1.25%) 
2026-09-20 15:14:36.978 | INFO     | __main__:run_zonal_forecast:433 -     Sesame                * N1.232M    (-1.39%)     N1.261M    (-1.39%) 
2026-09-20 15:14:36.993 | INFO     | __main__:run_zonal_forecast:433 -     Ginger                  N11.746M   (+0.07%)   * N8.630M    (+0.07%) 
2026-09-20 15:14:37.009 | INFO     | __main__:run_zonal_forecast:433 -     Cocoa                   N6.269M    (+1.58%)     N6.453M    (+1.58%) 
2026-09-20 15:14:37.038 | INFO     | __main__:run_zonal_forecast:433 -     Soybeans                N567K      (-3.27%)   * N529K      (-3.27%) 
2026-09-20 15:14:37.043 | INFO     | __main__:run_zonal_forecast:433 -     Cashew Nuts             N1.710M    (-2.04%)     N1.744M    (-2.04%) 
2026-09-20 15:14:37.064 | INFO     | __main__:run_zonal_forecast:433 -     Sorghum               * N243K      (-5.28%)   * N249K      (-5.28%) 
2026-09-20 15:14:37.093 | INFO     | __main__:run_zonal_forecast:433 -     Beans (white)         * N508K      (-5.87%)     N514K      (-5.87%) 
2026-09-20 15:14:37.108 | INFO     | __main__:run_zonal_forecast:433 -     Beans (red)             N615K      (-4.82%)     N622K      (-4.82%) 
2026-09-20 15:14:37.122 | INFO     | __main__:run_zonal_forecast:433 -     Maize (white)         * N258K      (-2.25%)   * N261K      (-2.25%) 
2026-09-20 15:14:37.146 | INFO     | __main__:run_zonal_forecast:433 -     Maize (yellow)        * N280K      (-2.16%)   * N284K      (-2.16%) 
2026-09-20 15:14:37.164 | INFO     | __main__:run_zonal_forecast:433 -     Wheat                 * N555K      (-2.00%)   * N542K      (-2.00%) 
2026-09-20 15:14:37.182 | INFO     | __main__:run_zonal_forecast:433 -     Rice                    N1.311M    (-1.74%)     N1.283M    (-1.74%) 
2026-09-20 15:14:37.187 | INFO     | __main__:run_zonal_forecast:433 -     Meat (beef)             N6.002M    (+1.06%)     N6.002M    (+1.06%) 
2026-09-20 15:14:37.204 | INFO     | __main__:run_zonal_forecast:433 -     Meat (goat)             N5.790M    (+0.40%)     N5.790M    (+0.40%) 
2026-09-20 15:14:37.226 | INFO     | __main__:run_zonal_forecast:433 -     Fish (dried)            N825K      (-4.15%)     N825K      (-4.15%) 
2026-09-20 15:14:37.250 | INFO     | __main__:run_zonal_forecast:433 -     Eggs                    N5K        (-1.04%)     N5K        (-1.04%) 
2026-09-20 15:14:37.270 | INFO     | __main__:run_zonal_forecast:433 -   
2026-09-20 15:14:37.288 | INFO     | __main__:run_zonal_forecast:433 -   NORTH CENTRAL (Plateau & Kogi)
2026-09-20 15:14:37.300 | INFO     | __main__:run_zonal_forecast:433 -   Middle Belt. Ginger heartland (Plateau), Cashew/Cocoa belt (Kogi).
2026-09-20 15:14:37.311 | INFO     | __main__:run_zonal_forecast:433 -   
2026-09-20 15:14:37.315 | INFO     | __main__:run_zonal_forecast:433 -     Commodity           Plateau             Kogi              
2026-09-20 15:14:37.317 | INFO     | __main__:run_zonal_forecast:433 -     ------------------------------------------------------------
2026-09-20 15:14:37.320 | INFO     | __main__:run_zonal_forecast:433 -     Hibiscus                N2.072M    (-1.25%)     N2.051M    (-1.25%) 
2026-09-20 15:14:37.331 | INFO     | __main__:run_zonal_forecast:433 -     Sesame                  N1.425M    (-1.39%)     N1.440M    (-1.39%) 
2026-09-20 15:14:37.332 | INFO     | __main__:run_zonal_forecast:433 -     Ginger                * N8.989M    (+0.07%)     N11.267M   (+0.07%) 
2026-09-20 15:14:37.336 | INFO     | __main__:run_zonal_forecast:433 -     Cocoa                   N6.638M    (+1.58%)   * N5.408M    (+1.58%) 
2026-09-20 15:14:37.362 | INFO     | __main__:run_zonal_forecast:433 -     Soybeans              * N523K      (-3.27%)   * N548K      (-3.27%) 
2026-09-20 15:14:37.364 | INFO     | __main__:run_zonal_forecast:433 -     Cashew Nuts             N1.795M    (-2.04%)   * N1.368M    (-2.04%) 
2026-09-20 15:14:37.442 | INFO     | __main__:run_zonal_forecast:433 -     Sorghum                 N286K      (-5.28%)   * N283K      (-5.28%) 
2026-09-20 15:14:37.572 | INFO     | __main__:run_zonal_forecast:433 -     Beans (white)         * N526K      (-5.87%)   * N538K      (-5.87%) 
2026-09-20 15:14:37.689 | INFO     | __main__:run_zonal_forecast:433 -     Beans (red)             N649K      (-4.82%)     N643K      (-4.82%) 
2026-09-20 15:14:37.786 | INFO     | __main__:run_zonal_forecast:433 -     Maize (white)         * N281K      (-2.25%)   * N290K      (-2.25%) 
2026-09-20 15:14:37.942 | INFO     | __main__:run_zonal_forecast:433 -     Maize (yellow)          N308K      (-2.16%)     N319K      (-2.16%) 
2026-09-20 15:14:38.053 | INFO     | __main__:run_zonal_forecast:433 -     Wheat                 * N567K      (-2.00%)     N604K      (-2.00%) 
2026-09-20 15:14:38.208 | INFO     | __main__:run_zonal_forecast:433 -     Rice                    N1.242M    (-1.74%)     N1.338M    (-1.74%) 
2026-09-20 15:14:38.281 | INFO     | __main__:run_zonal_forecast:433 -     Meat (beef)             N6.553M    (+1.06%)     N6.553M    (+1.06%) 
2026-09-20 15:14:38.395 | INFO     | __main__:run_zonal_forecast:433 -     Meat (goat)             N6.322M    (+0.40%)     N6.322M    (+0.40%) 
2026-09-20 15:14:38.454 | INFO     | __main__:run_zonal_forecast:433 -     Fish (dried)            N900K      (-4.15%)     N900K      (-4.15%) 
2026-09-20 15:14:38.496 | INFO     | __main__:run_zonal_forecast:433 -     Eggs                    N5K        (-1.04%)     N5K        (-1.04%) 
2026-09-20 15:14:38.526 | INFO     | __main__:run_zonal_forecast:433 -   
2026-09-20 15:14:38.584 | INFO     | __main__:run_zonal_forecast:433 -   NORTH EAST (Adamawa & Borno)
2026-09-20 15:14:38.626 | INFO     | __main__:run_zonal_forecast:433 -   Semi-arid. Sorghum, Maize. Conflict premium on imports in Borno.
2026-09-20 15:14:38.704 | INFO     | __main__:run_zonal_forecast:433 -   
2026-09-20 15:14:38.733 | INFO     | __main__:run_zonal_forecast:433 -     Commodity           Adamawa             Borno             
2026-09-20 15:14:38.790 | INFO     | __main__:run_zonal_forecast:433 -     ------------------------------------------------------------
2026-09-20 15:14:38.941 | INFO     | __main__:run_zonal_forecast:433 -     Hibiscus                N2.094M    (-1.25%)     N2.243M    (-1.25%) 
2026-09-20 15:14:39.070 | INFO     | __main__:run_zonal_forecast:433 -     Sesame                * N1.276M    (-1.39%)   * N1.321M    (-1.39%) 
2026-09-20 15:14:39.147 | INFO     | __main__:run_zonal_forecast:433 -     Ginger                * N9.948M    (+0.07%)     N13.784M   (+0.07%) 
2026-09-20 15:14:39.222 | INFO     | __main__:run_zonal_forecast:433 -     Cocoa                   N6.453M    (+1.58%)     N7.252M    (+1.58%) 
2026-09-20 15:14:39.357 | INFO     | __main__:run_zonal_forecast:433 -     Soybeans              * N561K      (-3.27%)     N680K      (-3.27%) 
2026-09-20 15:14:39.457 | INFO     | __main__:run_zonal_forecast:433 -     Cashew Nuts             N1.778M    (-2.04%)     N1.966M    (-2.04%) 
2026-09-20 15:14:39.552 | INFO     | __main__:run_zonal_forecast:433 -     Sorghum               * N271K      (-5.28%)   * N286K      (-5.28%) 
2026-09-20 15:14:39.779 | INFO     | __main__:run_zonal_forecast:433 -     Beans (white)         * N538K      (-5.87%)   * N619K      (-5.87%) 
2026-09-20 15:14:39.972 | INFO     | __main__:run_zonal_forecast:433 -     Beans (red)             N649K      (-4.82%)     N752K      (-4.82%) 
2026-09-20 15:14:40.063 | INFO     | __main__:run_zonal_forecast:433 -     Maize (white)         * N284K      (-2.25%)   * N348K      (-2.25%) 
2026-09-20 15:14:40.133 | INFO     | __main__:run_zonal_forecast:433 -     Maize (yellow)          N312K      (-2.16%)     N379K      (-2.16%) 
2026-09-20 15:14:40.223 | INFO     | __main__:run_zonal_forecast:433 -     Wheat                   N611K      (-2.00%)   * N698K      (-2.00%) 
2026-09-20 15:14:40.277 | INFO     | __main__:run_zonal_forecast:433 -     Rice                    N1.407M    (-1.74%)     N1.518M    (-1.74%) 
2026-09-20 15:14:40.317 | INFO     | __main__:run_zonal_forecast:433 -     Meat (beef)             N7.036M    (+1.06%)     N7.036M    (+1.06%) 
2026-09-20 15:14:40.380 | INFO     | __main__:run_zonal_forecast:433 -     Meat (goat)             N6.788M    (+0.40%)     N6.788M    (+0.40%) 
2026-09-20 15:14:40.412 | INFO     | __main__:run_zonal_forecast:433 -     Fish (dried)            N967K      (-4.15%)     N967K      (-4.15%) 
2026-09-20 15:14:40.450 | INFO     | __main__:run_zonal_forecast:433 -     Eggs                    N6K        (-1.04%)     N6K        (-1.04%) 
2026-09-20 15:14:40.497 | INFO     | __main__:run_zonal_forecast:433 -   
2026-09-20 15:14:40.514 | INFO     | __main__:run_zonal_forecast:433 -   SOUTH WEST (Oyo & Lagos)
2026-09-20 15:14:40.533 | INFO     | __main__:run_zonal_forecast:433 -   Commercial capital. Lagos is the price-setter for consumer markets.
2026-09-20 15:14:40.550 | INFO     | __main__:run_zonal_forecast:433 -   
2026-09-20 15:14:40.566 | INFO     | __main__:run_zonal_forecast:433 -     Commodity           Oyo                 Lagos             
2026-09-20 15:14:40.595 | INFO     | __main__:run_zonal_forecast:433 -     ------------------------------------------------------------
2026-09-20 15:14:40.607 | INFO     | __main__:run_zonal_forecast:433 -     Hibiscus              * N2.200M    (-1.25%)   * N2.457M    (-1.25%) 
2026-09-20 15:14:40.640 | INFO     | __main__:run_zonal_forecast:433 -     Sesame                  N1.573M    (-1.39%)   * N1.751M    (-1.39%) 
2026-09-20 15:14:40.657 | INFO     | __main__:run_zonal_forecast:433 -     Ginger                  N12.945M   (+0.07%)     N14.383M   (+0.07%) 
2026-09-20 15:14:40.721 | INFO     | __main__:run_zonal_forecast:433 -     Cocoa                 * N5.470M    (+1.58%)   * N6.638M    (+1.58%) 
2026-09-20 15:14:40.737 | INFO     | __main__:run_zonal_forecast:433 -     Soybeans              * N655K      (-3.27%)   * N769K      (-3.27%) 
2026-09-20 15:14:40.744 | INFO     | __main__:run_zonal_forecast:433 -     Cashew Nuts           * N1.470M    (-2.04%)     N1.881M    (-2.04%) 
2026-09-20 15:14:40.758 | INFO     | __main__:run_zonal_forecast:433 -     Sorghum                 N327K      (-5.28%)     N367K      (-5.28%) 
2026-09-20 15:14:40.823 | INFO     | __main__:run_zonal_forecast:433 -     Beans (white)         * N643K      (-5.87%)   * N748K      (-5.87%) 
2026-09-20 15:14:40.929 | INFO     | __main__:run_zonal_forecast:433 -     Beans (red)             N766K      (-4.82%)   * N854K      (-4.82%) 
2026-09-20 15:14:41.082 | INFO     | __main__:run_zonal_forecast:433 -     Maize (white)         * N348K      (-2.25%)   * N419K      (-2.25%) 
2026-09-20 15:14:41.127 | INFO     | __main__:run_zonal_forecast:433 -     Maize (yellow)          N379K      (-2.16%)   * N456K      (-2.16%) 
2026-09-20 15:14:41.173 | INFO     | __main__:run_zonal_forecast:433 -     Wheat                   N685K      (-2.00%)     N716K      (-2.00%) 
2026-09-20 15:14:41.216 | INFO     | __main__:run_zonal_forecast:433 -     Rice                    N1.490M    (-1.74%)     N1.628M    (-1.74%) 
2026-09-20 15:14:41.228 | INFO     | __main__:run_zonal_forecast:433 -     Meat (beef)             N8.002M    (+1.06%)     N8.002M    (+1.06%) 
2026-09-20 15:14:41.242 | INFO     | __main__:run_zonal_forecast:433 -     Meat (goat)             N7.720M    (+0.40%)     N7.720M    (+0.40%) 
2026-09-20 15:14:41.248 | INFO     | __main__:run_zonal_forecast:433 -     Fish (dried)            N1.100M    (-4.15%)     N1.100M    (-4.15%) 
2026-09-20 15:14:41.272 | INFO     | __main__:run_zonal_forecast:433 -     Eggs                    N7K        (-1.04%)     N7K        (-1.04%) 
2026-09-20 15:14:41.285 | INFO     | __main__:run_zonal_forecast:433 -   
2026-09-20 15:14:41.293 | INFO     | __main__:run_zonal_forecast:433 -   SOUTH EAST (Anambra & Imo)
2026-09-20 15:14:41.311 | INFO     | __main__:run_zonal_forecast:433 -   High consumption, low production of traded commodities. Import-dependent.
2026-09-20 15:14:41.321 | INFO     | __main__:run_zonal_forecast:433 -   
2026-09-20 15:14:41.325 | INFO     | __main__:run_zonal_forecast:433 -     Commodity           Anambra             Imo               
2026-09-20 15:14:41.329 | INFO     | __main__:run_zonal_forecast:433 -     ------------------------------------------------------------
2026-09-20 15:14:41.336 | INFO     | __main__:run_zonal_forecast:433 -     Hibiscus                N2.393M    (-1.25%)     N2.350M    (-1.25%) 
2026-09-20 15:14:41.349 | INFO     | __main__:run_zonal_forecast:433 -     Sesame                  N1.722M    (-1.39%)     N1.692M    (-1.39%) 
2026-09-20 15:14:41.369 | INFO     | __main__:run_zonal_forecast:433 -     Ginger                  N13.784M   (+0.07%)     N13.424M   (+0.07%) 
2026-09-20 15:14:41.384 | INFO     | __main__:run_zonal_forecast:433 -     Cocoa                 * N6.453M    (+1.58%)   * N5.593M    (+1.58%) 
2026-09-20 15:14:41.387 | INFO     | __main__:run_zonal_forecast:433 -     Soybeans                N718K      (-3.27%)     N706K      (-3.27%) 
2026-09-20 15:14:41.407 | INFO     | __main__:run_zonal_forecast:433 -     Cashew Nuts           * N1.881M    (-2.04%)   * N1.812M    (-2.04%) 
2026-09-20 15:14:41.413 | INFO     | __main__:run_zonal_forecast:433 -     Sorghum                 N355K      (-5.28%)     N349K      (-5.28%) 
2026-09-20 15:14:41.419 | INFO     | __main__:run_zonal_forecast:433 -     Beans (white)         * N689K      (-5.87%)   * N672K      (-5.87%) 
2026-09-20 15:14:41.420 | INFO     | __main__:run_zonal_forecast:433 -     Beans (red)           * N786K      (-4.82%)     N772K      (-4.82%) 
2026-09-20 15:14:41.421 | INFO     | __main__:run_zonal_forecast:433 -     Maize (white)         * N387K      (-2.25%)   * N377K      (-2.25%) 
2026-09-20 15:14:41.424 | INFO     | __main__:run_zonal_forecast:433 -     Maize (yellow)          N421K      (-2.16%)     N410K      (-2.16%) 
2026-09-20 15:14:41.438 | INFO     | __main__:run_zonal_forecast:433 -     Wheat                   N735K      (-2.00%)     N723K      (-2.00%) 
2026-09-20 15:14:41.458 | INFO     | __main__:run_zonal_forecast:433 -     Rice                    N1.545M    (-1.74%)     N1.518M    (-1.74%) 
2026-09-20 15:14:41.462 | INFO     | __main__:run_zonal_forecast:433 -     Meat (beef)             N7.795M    (+1.06%)     N7.795M    (+1.06%) 
2026-09-20 15:14:41.477 | INFO     | __main__:run_zonal_forecast:433 -     Meat (goat)             N7.520M    (+0.40%)     N7.520M    (+0.40%) 
2026-09-20 15:14:41.488 | INFO     | __main__:run_zonal_forecast:433 -     Fish (dried)            N1.071M    (-4.15%)     N1.071M    (-4.15%) 
2026-09-20 15:14:41.496 | INFO     | __main__:run_zonal_forecast:433 -     Eggs                    N7K        (-1.04%)     N7K        (-1.04%) 
2026-09-20 15:14:41.496 | INFO     | __main__:run_zonal_forecast:433 -   
2026-09-20 15:14:41.500 | INFO     | __main__:run_zonal_forecast:433 -   SOUTH SOUTH (Rivers & Delta)
2026-09-20 15:14:41.508 | INFO     | __main__:run_zonal_forecast:433 -   Oil belt. High purchasing power. Cocoa producer (Delta).
2026-09-20 15:14:41.515 | INFO     | __main__:run_zonal_forecast:433 -   
2026-09-20 15:14:41.527 | INFO     | __main__:run_zonal_forecast:433 -     Commodity           Rivers              Delta             
2026-09-20 15:14:41.545 | INFO     | __main__:run_zonal_forecast:433 -     ------------------------------------------------------------
2026-09-20 15:14:41.587 | INFO     | __main__:run_zonal_forecast:433 -     Hibiscus              * N2.393M    (-1.25%)   * N2.307M    (-1.25%) 
2026-09-20 15:14:41.645 | INFO     | __main__:run_zonal_forecast:433 -     Sesame                * N1.751M    (-1.39%)   * N1.722M    (-1.39%) 
2026-09-20 15:14:41.665 | INFO     | __main__:run_zonal_forecast:433 -     Ginger                  N14.383M   (+0.07%)     N13.784M   (+0.07%) 
2026-09-20 15:14:41.689 | INFO     | __main__:run_zonal_forecast:433 -     Cocoa                 * N6.453M    (+1.58%)   * N5.716M    (+1.58%) 
2026-09-20 15:14:41.696 | INFO     | __main__:run_zonal_forecast:433 -     Soybeans                N743K      (-3.27%)   * N718K      (-3.27%) 
2026-09-20 15:14:41.724 | INFO     | __main__:run_zonal_forecast:433 -     Cashew Nuts             N1.966M    (-2.04%)     N1.881M    (-2.04%) 
2026-09-20 15:14:41.731 | INFO     | __main__:run_zonal_forecast:433 -     Sorghum                 N373K      (-5.28%)     N367K      (-5.28%) 
2026-09-20 15:14:41.744 | INFO     | __main__:run_zonal_forecast:433 -     Beans (white)         * N713K      (-5.87%)   * N684K      (-5.87%) 
2026-09-20 15:14:41.779 | INFO     | __main__:run_zonal_forecast:433 -     Beans (red)           * N820K      (-4.82%)     N786K      (-4.82%) 
2026-09-20 15:14:41.832 | INFO     | __main__:run_zonal_forecast:433 -     Maize (white)         * N403K      (-2.25%)   * N387K      (-2.25%) 
2026-09-20 15:14:41.843 | INFO     | __main__:run_zonal_forecast:433 -     Maize (yellow)          N438K      (-2.16%)     N421K      (-2.16%) 
2026-09-20 15:14:41.871 | INFO     | __main__:run_zonal_forecast:433 -     Wheat                   N760K      (-2.00%)     N748K      (-2.00%) 
2026-09-20 15:14:41.874 | INFO     | __main__:run_zonal_forecast:433 -     Rice                    N1.587M    (-1.74%)     N1.545M    (-1.74%) 
2026-09-20 15:14:41.874 | INFO     | __main__:run_zonal_forecast:433 -     Meat (beef)             N7.864M    (+1.06%)     N7.864M    (+1.06%) 
2026-09-20 15:14:41.876 | INFO     | __main__:run_zonal_forecast:433 -     Meat (goat)             N7.587M    (+0.40%)     N7.587M    (+0.40%) 
2026-09-20 15:14:41.876 | INFO     | __main__:run_zonal_forecast:433 -     Fish (dried)            N1.081M    (-4.15%)     N1.081M    (-4.15%) 
2026-09-20 15:14:41.878 | INFO     | __main__:run_zonal_forecast:433 -     Eggs                    N7K        (-1.04%)     N7K        (-1.04%) 
2026-09-20 15:14:41.891 | INFO     | __main__:run_zonal_forecast:433 -   
2026-09-20 15:14:41.899 | INFO     | __main__:run_zonal_forecast:433 -   ==========================================================
2026-09-20 15:14:41.903 | INFO     | __main__:run_zonal_forecast:433 -   * = primary commodity  (+/-%) = day-on-day change
2026-09-20 15:14:41.907 | INFO     | __main__:run_zonal_forecast:433 -   
2026-09-20 15:14:41.980 | INFO     | __main__:run_zonal_forecast:433 -   NATIONAL PRICE CHANGES TODAY:
2026-09-20 15:14:42.085 | INFO     | __main__:run_zonal_forecast:433 -     Commodity                   Price   Day Chg    vs Ref
2026-09-20 15:14:42.147 | INFO     | __main__:run_zonal_forecast:433 -     ------------------------------------------------------
2026-09-20 15:14:42.181 | INFO     | __main__:run_zonal_forecast:433 -     Hibiscus                  N2.136M    -1.25%    -8.12%
2026-09-20 15:14:42.190 | INFO     | __main__:run_zonal_forecast:433 -     Sesame                    N1.484M    -1.39%   -10.06%
2026-09-20 15:14:42.199 | INFO     | __main__:run_zonal_forecast:433 -     Ginger                   N11.986M    +0.07%    -0.12%
2026-09-20 15:14:42.203 | INFO     | __main__:run_zonal_forecast:433 -     Cocoa                     N6.146M    +1.58%    +8.78%
2026-09-20 15:14:42.219 | INFO     | __main__:run_zonal_forecast:433 -     Soybeans                    N630K    -3.27%   -15.43%
2026-09-20 15:14:42.224 | INFO     | __main__:run_zonal_forecast:433 -     Cashew Nuts               N1.710M    -2.04%   -12.32%
2026-09-20 15:14:42.228 | INFO     | __main__:run_zonal_forecast:433 -     Sorghum                     N311K    -5.28%   -25.90%
2026-09-20 15:14:42.228 | INFO     | __main__:run_zonal_forecast:433 -     Beans (white)               N584K    -5.87%   -28.13%
2026-09-20 15:14:42.229 | INFO     | __main__:run_zonal_forecast:433 -     Beans (red)                 N684K    -4.82%   -25.29%
2026-09-20 15:14:42.230 | INFO     | __main__:run_zonal_forecast:433 -     Maize (white)               N322K    -2.25%   -12.85%
2026-09-20 15:14:42.230 | INFO     | __main__:run_zonal_forecast:433 -     Maize (yellow)              N350K    -2.16%   -12.38%
2026-09-20 15:14:42.231 | INFO     | __main__:run_zonal_forecast:433 -     Wheat                       N623K    -2.00%   -11.85%
2026-09-20 15:14:42.231 | INFO     | __main__:run_zonal_forecast:433 -     Rice                      N1.380M    -1.74%   -10.99%
2026-09-20 15:14:42.232 | INFO     | __main__:run_zonal_forecast:433 -     Meat (beef)               N6.898M    +1.06%    +6.13%
2026-09-20 15:14:42.232 | INFO     | __main__:run_zonal_forecast:433 -     Meat (goat)               N6.655M    +0.40%    +2.38%
2026-09-20 15:14:42.238 | INFO     | __main__:run_zonal_forecast:433 -     Fish (dried)                N948K    -4.15%   -21.01%
2026-09-20 15:14:42.240 | INFO     | __main__:run_zonal_forecast:433 -     Eggs                          N6K    -1.04%    -6.71%
2026-09-20 15:14:42.246 | INFO     | __main__:run_zonal_forecast:433 -   
2026-09-20 15:14:42.250 | INFO     | __main__:run_zonal_forecast:433 -   BEST SOURCING NATIONALLY:
2026-09-20 15:14:42.252 | INFO     | __main__:run_zonal_forecast:433 -     Commodity              Best State           Price  Spread
2026-09-20 15:14:42.253 | INFO     | __main__:run_zonal_forecast:433 -     ------------------------------------------------------------
2026-09-20 15:14:42.257 | INFO     | __main__:run_zonal_forecast:433 -     Hibiscus               Kaduna             N1.987M  24% vs Lagos
2026-09-20 15:14:42.261 | INFO     | __main__:run_zonal_forecast:433 -     Sesame                 Kano               N1.232M  42% vs Lagos
2026-09-20 15:14:42.264 | INFO     | __main__:run_zonal_forecast:433 -     Ginger                 Kaduna             N8.630M  67% vs Lagos
2026-09-20 15:14:42.266 | INFO     | __main__:run_zonal_forecast:433 -     Cocoa                  Kogi               N5.408M  34% vs Borno
2026-09-20 15:14:42.270 | INFO     | __main__:run_zonal_forecast:433 -     Soybeans               Plateau              N523K  47% vs Lagos
2026-09-20 15:14:42.271 | INFO     | __main__:run_zonal_forecast:433 -     Cashew Nuts            Kogi               N1.368M  44% vs Borno
2026-09-20 15:14:42.271 | INFO     | __main__:run_zonal_forecast:433 -     Sorghum                Kano                 N243K  54% vs Rivers
2026-09-20 15:14:42.273 | INFO     | __main__:run_zonal_forecast:433 -     Beans (white)          Kano                 N508K  47% vs Lagos
2026-09-20 15:14:42.273 | INFO     | __main__:run_zonal_forecast:433 -     Beans (red)            Kano                 N615K  39% vs Lagos
2026-09-20 15:14:42.275 | INFO     | __main__:run_zonal_forecast:433 -     Maize (white)          Kano                 N258K  62% vs Lagos
2026-09-20 15:14:42.280 | INFO     | __main__:run_zonal_forecast:433 -     Maize (yellow)         Kano                 N280K  62% vs Lagos
2026-09-20 15:14:42.283 | INFO     | __main__:run_zonal_forecast:433 -     Wheat                  Kaduna               N542K  40% vs Rivers
2026-09-20 15:14:42.287 | INFO     | __main__:run_zonal_forecast:433 -     Rice                   Plateau            N1.242M  31% vs Lagos
2026-09-20 15:14:42.291 | INFO     | __main__:run_zonal_forecast:433 -     Meat (beef)            Kano               N6.002M  33% vs Oyo
2026-09-20 15:14:42.293 | INFO     | __main__:run_zonal_forecast:433 -     Meat (goat)            Kano               N5.790M  33% vs Oyo
2026-09-20 15:14:42.294 | INFO     | __main__:run_zonal_forecast:433 -     Fish (dried)           Kano                 N825K  33% vs Oyo
2026-09-20 15:14:42.295 | INFO     | __main__:run_zonal_forecast:433 -     Eggs                   Kano                   N5K  33% vs Oyo
2026-09-20 15:14:42.296 | INFO     | __main__:run_zonal_forecast:433 -   
2026-09-20 15:14:42.297 | INFO     | __main__:run_zonal_forecast:433 -   ==========================================================
2026-09-20 15:14:42.302 | INFO     | __main__:run_zonal_forecast:433 -   Source: Agrolinking Intelligence Platform
2026-09-20 15:14:42.305 | INFO     | __main__:run_zonal_forecast:433 -   Next update: 21 Sep 2026
2026-09-20 15:14:42.311 | INFO     | __main__:run_zonal_forecast:434 - =================================================================
2026-09-20 15:14:42.312 | SUCCESS  | __main__:run_zonal_forecast:435 - ZONAL FORECASTING COMPLETE — 6 zones | 12 states | 17 commodities
